2014-07-10T14:49:02.149+0200: 0.298: [GC2014-07-10T14:49:02.149+0200: 0.298: [ParNew: 34880K->4352K(39232K), 0.0256231 secs] 34880K->33571K(126528K), 0.0259589 secs] [Times: user=0.02 sys=0.01, real=0.03 secs] 
2014-07-10T14:49:02.228+0200: 0.377: [GC2014-07-10T14:49:02.228+0200: 0.377: [ParNew: 39198K->4352K(39232K), 0.0320072 secs] 68417K->66856K(126528K), 0.0322407 secs] [Times: user=0.03 sys=0.02, real=0.03 secs] 
2014-07-10T14:49:02.260+0200: 0.409: [GC [1 CMS-initial-mark: 62504K(87296K)] 66895K(126528K), 0.0004623 secs] [Times: user=0.00 sys=0.00, real=0.00 secs] 
2014-07-10T14:49:02.261+0200: 0.410: [CMS-concurrent-mark-start]
2014-07-10T14:49:02.267+0200: 0.416: [CMS-concurrent-mark: 0.006/0.006 secs] [Times: user=0.00 sys=0.00, real=0.01 secs] 
2014-07-10T14:49:02.267+0200: 0.416: [CMS-concurrent-preclean-start]
2014-07-10T14:49:02.268+0200: 0.417: [CMS-concurrent-preclean: 0.000/0.001 secs] [Times: user=0.00 sys=0.00, real=0.00 secs] 
2014-07-10T14:49:02.268+0200: 0.417: [CMS-concurrent-abortable-preclean-start]
2014-07-10T14:49:02.317+0200: 0.466: [GC2014-07-10T14:49:02.317+0200: 0.466: [ParNew: 38935K->4352K(39232K), 0.0284326 secs] 101439K->101297K(136512K), 0.0286437 secs] [Times: user=0.00 sys=0.03, real=0.03 secs] 
2014-07-10T14:49:02.407+0200: 0.556: [GC2014-07-10T14:49:02.407+0200: 0.556: [ParNew: 39215K->4352K(39232K), 0.0283534 secs] 136161K->135801K(170880K), 0.0285117 secs] [Times: user=0.05 sys=0.02, real=0.03 secs] 
2014-07-10T14:49:02.495+0200: 0.644: [GC2014-07-10T14:49:02.495+0200: 0.644: [ParNew: 39200K->4352K(39232K), 0.0301447 secs] 170649K->170455K(205632K), 0.0302902 secs] [Times: user=0.03 sys=0.01, real=0.03 secs] 
2014-07-10T14:49:02.610+0200: 0.759: [GC2014-07-10T14:49:02.610+0200: 0.759: [ParNew: 39198K->39198K(39232K), 0.0000473 secs]2014-07-10T14:49:02.610+0200: 0.759: [CMS2014-07-10T14:49:02.610+0200: 0.759: [CMS-concurrent-abortable-preclean: 0.024/0.342 secs] [Times: user=0.19 sys=0.09, real=0.34 secs] 
 (concurrent mode failure): 166103K->166387K(166400K), 0.1342370 secs] 205301K->205094K(205632K), [CMS Perm : 2645K->2644K(21248K)], 0.1345281 secs] [Times: user=0.14 sys=0.00, real=0.13 secs] 
2014-07-10T14:49:02.761+0200: 0.910: [Full GC2014-07-10T14:49:02.761+0200: 0.910: [CMS: 174768K->174755K(174784K), 0.0252510 secs] 214000K->213979K(214016K), [CMS Perm : 2644K->2644K(21248K)], 0.0254105 secs] [Times: user=0.03 sys=0.00, real=0.03 secs] 
2014-07-10T14:49:02.786+0200: 0.935: [Full GC2014-07-10T14:49:02.786+0200: 0.935: [CMS: 174755K->976K(174784K), 0.0113368 secs] 213979K->976K(214016K), [CMS Perm : 2644K->2644K(21248K)], 0.0115076 secs] [Times: user=0.00 sys=0.00, real=0.01 secs] 
2014-07-10T14:49:02.910+0200: 1.059: [GC2014-07-10T14:49:02.910+0200: 1.059: [ParNew: 69921K->8704K(78656K), 0.0456090 secs] 70897K->70657K(253440K), 0.0457659 secs] [Times: user=0.08 sys=0.00, real=0.05 secs] 
2014-07-10T14:49:03.072+0200: 1.221: [GC2014-07-10T14:49:03.072+0200: 1.221: [ParNew: 78631K->8704K(78656K), 0.0509987 secs] 140585K->140412K(253440K), 0.0511644 secs] [Times: user=0.09 sys=0.00, real=0.05 secs] 
2014-07-10T14:49:03.125+0200: 1.274: [GC [1 CMS-initial-mark: 131708K(174784K)] 142481K(253440K), 0.0003494 secs] [Times: user=0.00 sys=0.00, real=0.00 secs] 
2014-07-10T14:49:03.126+0200: 1.274: [CMS-concurrent-mark-start]
2014-07-10T14:49:03.132+0200: 1.281: [CMS-concurrent-mark: 0.007/0.007 secs] [Times: user=0.02 sys=0.00, real=0.01 secs] 
2014-07-10T14:49:03.133+0200: 1.281: [CMS-concurrent-preclean-start]
2014-07-10T14:49:03.134+0200: 1.282: [CMS-concurrent-preclean: 0.001/0.001 secs] [Times: user=0.00 sys=0.00, real=0.00 secs] 
2014-07-10T14:49:03.134+0200: 1.282: [CMS-concurrent-abortable-preclean-start]
2014-07-10T14:49:03.235+0200: 1.383: [CMS-concurrent-abortable-preclean: 0.001/0.101 secs] [Times: user=0.03 sys=0.02, real=0.10 secs] 
2014-07-10T14:49:03.235+0200: 1.384: [GC[YG occupancy: 57735 K (78656 K)]2014-07-10T14:49:03.235+0200: 1.384: [Rescan (parallel) , 0.0009092 secs]2014-07-10T14:49:03.236+0200: 1.385: [weak refs processing, 0.0009565 secs]2014-07-10T14:49:03.237+0200: 1.386: [scrub string table, 0.0001705 secs] [1 CMS-remark: 131708K(174784K)] 189443K(253440K), 0.0021902 secs] [Times: user=0.02 sys=0.00, real=0.00 secs] 
2014-07-10T14:49:03.237+0200: 1.386: [CMS-concurrent-sweep-start]
2014-07-10T14:49:03.239+0200: 1.388: [CMS-concurrent-sweep: 0.001/0.001 secs] [Times: user=0.00 sys=0.00, real=0.00 secs] 
2014-07-10T14:49:03.239+0200: 1.388: [CMS-concurrent-reset-start]
2014-07-10T14:49:03.240+0200: 1.389: [CMS-concurrent-reset: 0.001/0.001 secs] [Times: user=0.00 sys=0.00, real=0.00 secs] 
2014-07-10T14:49:03.273+0200: 1.422: [GC2014-07-10T14:49:03.273+0200: 1.422: [ParNew: 78650K->78650K(78656K), 0.0000469 secs]2014-07-10T14:49:03.273+0200: 1.422: [CMS: 131605K->174762K(174784K), 0.1306137 secs] 210255K->209792K(253440K), [CMS Perm : 2647K->2647K(21248K)], 0.1308172 secs] [Times: user=0.13 sys=0.00, real=0.13 secs] 
2014-07-10T14:49:03.404+0200: 1.553: [GC [1 CMS-initial-mark: 174762K(174784K)] 209964K(253440K), 0.0004015 secs] [Times: user=0.00 sys=0.00, real=0.00 secs] 
2014-07-10T14:49:03.404+0200: 1.553: [CMS-concurrent-mark-start]
2014-07-10T14:49:03.412+0200: 1.561: [CMS-concurrent-mark: 0.008/0.008 secs] [Times: user=0.02 sys=0.00, real=0.01 secs] 
2014-07-10T14:49:03.412+0200: 1.561: [CMS-concurrent-preclean-start]
2014-07-10T14:49:03.417+0200: 1.566: [CMS-concurrent-preclean: 0.005/0.005 secs] [Times: user=0.00 sys=0.00, real=0.01 secs] 
2014-07-10T14:49:03.417+0200: 1.566: [CMS-concurrent-abortable-preclean-start]
2014-07-10T14:49:03.417+0200: 1.566: [CMS-concurrent-abortable-preclean: 0.000/0.000 secs] [Times: user=0.00 sys=0.00, real=0.00 secs] 
2014-07-10T14:49:03.418+0200: 1.566: [GC[YG occupancy: 42954 K (78656 K)]2014-07-10T14:49:03.418+0200: 1.566: [Rescan (parallel) , 0.0006104 secs]2014-07-10T14:49:03.418+0200: 1.567: [weak refs processing, 0.0000312 secs]2014-07-10T14:49:03.418+0200: 1.567: [scrub string table, 0.0001492 secs] [1 CMS-remark: 174762K(174784K)] 217717K(253440K), 0.0008682 secs] [Times: user=0.00 sys=0.00, real=0.00 secs] 
2014-07-10T14:49:03.419+0200: 1.567: [CMS-concurrent-sweep-start]
2014-07-10T14:49:03.420+0200: 1.569: [CMS-concurrent-sweep: 0.002/0.002 secs] [Times: user=0.00 sys=0.00, real=0.00 secs] 
2014-07-10T14:49:03.420+0200: 1.569: [CMS-concurrent-reset-start]
2014-07-10T14:49:03.421+0200: 1.570: [CMS-concurrent-reset: 0.001/0.001 secs] [Times: user=0.00 sys=0.00, real=0.00 secs] 
2014-07-10T14:49:03.481+0200: 1.630: [GC2014-07-10T14:49:03.481+0200: 1.630: [ParNew: 78637K->78637K(78656K), 0.0000605 secs]2014-07-10T14:49:03.482+0200: 1.630: [CMS: 174762K->174751K(174784K), 0.1312399 secs] 253399K->253179K(253440K), [CMS Perm : 2648K->2648K(21248K)], 0.1314764 secs] [Times: user=0.14 sys=0.00, real=0.13 secs] 
2014-07-10T14:49:03.613+0200: 1.762: [GC [1 CMS-initial-mark: 174751K(174784K)] 253231K(253440K), 0.0008594 secs] [Times: user=0.00 sys=0.00, real=0.00 secs] 
2014-07-10T14:49:03.614+0200: 1.763: [CMS-concurrent-mark-start]
2014-07-10T14:49:03.622+0200: 1.771: [CMS-concurrent-mark: 0.008/0.008 secs] [Times: user=0.00 sys=0.00, real=0.01 secs] 
2014-07-10T14:49:03.622+0200: 1.771: [CMS-concurrent-preclean-start]
2014-07-10T14:49:03.624+0200: 1.773: [Full GC2014-07-10T14:49:03.624+0200: 1.773: [CMS2014-07-10T14:49:03.627+0200: 1.776: [CMS-concurrent-preclean: 0.005/0.005 secs] [Times: user=0.02 sys=0.00, real=0.01 secs] 
 (concurrent mode failure): 174751K->174751K(174784K), 0.0364932 secs] 253388K->253376K(253440K), [CMS Perm : 2648K->2648K(21248K)], 0.0366406 secs] [Times: user=0.05 sys=0.00, real=0.04 secs] 
2014-07-10T14:49:03.661+0200: 1.809: [Full GC2014-07-10T14:49:03.661+0200: 1.809: [CMS: 174751K->1747K(174784K), 0.0194011 secs] 253376K->1747K(253440K), [CMS Perm : 2648K->2648K(21248K)], 0.0194972 secs] [Times: user=0.02 sys=0.00, real=0.02 secs] 
2014-07-10T14:49:03.815+0200: 1.964: [GC2014-07-10T14:49:03.815+0200: 1.964: [ParNew: 69932K->8704K(78656K), 0.0437656 secs] 71679K->70773K(253440K), 0.0439089 secs] [Times: user=0.06 sys=0.00, real=0.04 secs] 
2014-07-10T14:49:03.861+0200: 2.010: [GC [1 CMS-initial-mark: 62069K(174784K)] 72870K(253440K), 0.0005496 secs] [Times: user=0.00 sys=0.00, real=0.00 secs] 
2014-07-10T14:49:03.862+0200: 2.011: [CMS-concurrent-mark-start]
2014-07-10T14:49:03.869+0200: 2.018: [CMS-concurrent-mark: 0.008/0.008 secs] [Times: user=0.00 sys=0.00, real=0.01 secs] 
2014-07-10T14:49:03.870+0200: 2.018: [CMS-concurrent-preclean-start]
2014-07-10T14:49:03.871+0200: 2.019: [CMS-concurrent-preclean: 0.001/0.001 secs] [Times: user=0.00 sys=0.00, real=0.00 secs] 
2014-07-10T14:49:03.871+0200: 2.020: [CMS-concurrent-abortable-preclean-start]
2014-07-10T14:49:03.973+0200: 2.122: [CMS-concurrent-abortable-preclean: 0.003/0.103 secs] [Times: user=0.02 sys=0.00, real=0.10 secs] 
2014-07-10T14:49:03.974+0200: 2.122: [GC[YG occupancy: 64290 K (78656 K)]2014-07-10T14:49:03.974+0200: 2.122: [Rescan (parallel) , 0.0007212 secs]2014-07-10T14:49:03.974+0200: 2.123: [weak refs processing, 0.0004341 secs]2014-07-10T14:49:03.975+0200: 2.124: [scrub string table, 0.0001708 secs] [1 CMS-remark: 62069K(174784K)] 126360K(253440K), 0.0014071 secs] [Times: user=0.00 sys=0.00, real=0.00 secs] 
2014-07-10T14:49:03.975+0200: 2.124: [CMS-concurrent-sweep-start]
2014-07-10T14:49:03.977+0200: 2.125: [CMS-concurrent-sweep: 0.001/0.001 secs] [Times: user=0.00 sys=0.00, real=0.00 secs] 
2014-07-10T14:49:03.977+0200: 2.125: [CMS-concurrent-reset-start]
2014-07-10T14:49:03.977+0200: 2.126: [CMS-concurrent-reset: 0.001/0.001 secs] [Times: user=0.00 sys=0.00, real=0.00 secs] 
2014-07-10T14:49:03.999+0200: 2.148: [GC2014-07-10T14:49:03.999+0200: 2.148: [ParNew: 78629K->8704K(78656K), 0.0510493 secs] 140539K->140308K(253440K), 0.0512044 secs] [Times: user=0.13 sys=0.00, real=0.05 secs] 
2014-07-10T14:49:04.050+0200: 2.199: [GC [1 CMS-initial-mark: 131604K(174784K)] 140378K(253440K), 0.0002478 secs] [Times: user=0.00 sys=0.00, real=0.00 secs] 
2014-07-10T14:49:04.051+0200: 2.200: [CMS-concurrent-mark-start]
2014-07-10T14:49:04.060+0200: 2.209: [CMS-concurrent-mark: 0.009/0.009 secs] [Times: user=0.00 sys=0.00, real=0.01 secs] 
2014-07-10T14:49:04.060+0200: 2.209: [CMS-concurrent-preclean-start]
2014-07-10T14:49:04.061+0200: 2.210: [CMS-concurrent-preclean: 0.001/0.001 secs] [Times: user=0.00 sys=0.00, real=0.00 secs] 
2014-07-10T14:49:04.061+0200: 2.210: [CMS-concurrent-abortable-preclean-start]
2014-07-10T14:49:04.162+0200: 2.310: [CMS-concurrent-abortable-preclean: 0.001/0.100 secs] [Times: user=0.00 sys=0.00, real=0.10 secs] 
2014-07-10T14:49:04.162+0200: 2.311: [GC[YG occupancy: 73450 K (78656 K)]2014-07-10T14:49:04.162+0200: 2.311: [Rescan (parallel) , 0.0011259 secs]2014-07-10T14:49:04.163+0200: 2.312: [weak refs processing, 0.0000315 secs]2014-07-10T14:49:04.163+0200: 2.312: [scrub string table, 0.0001925 secs] [1 CMS-remark: 131604K(174784K)] 205055K(253440K), 0.0014309 secs] [Times: user=0.00 sys=0.00, real=0.00 secs] 
2014-07-10T14:49:04.164+0200: 2.313: [CMS-concurrent-sweep-start]
2014-07-10T14:49:04.166+0200: 2.315: [CMS-concurrent-sweep: 0.002/0.002 secs] [Times: user=0.00 sys=0.00, real=0.00 secs] 
2014-07-10T14:49:04.166+0200: 2.315: [CMS-concurrent-reset-start]
2014-07-10T14:49:04.167+0200: 2.315: [CMS-concurrent-reset: 0.001/0.001 secs] [Times: user=0.00 sys=0.00, real=0.00 secs] 
2014-07-10T14:49:04.171+0200: 2.320: [GC2014-07-10T14:49:04.171+0200: 2.320: [ParNew: 78643K->78643K(78656K), 0.0000425 secs]2014-07-10T14:49:04.171+0200: 2.320: [CMS: 131556K->174754K(174784K), 0.1406317 secs] 210200K->209867K(253440K), [CMS Perm : 2648K->2648K(21248K)], 0.1408114 secs] [Times: user=0.14 sys=0.00, real=0.14 secs] 
2014-07-10T14:49:04.312+0200: 2.461: [GC [1 CMS-initial-mark: 174754K(174784K)] 209927K(253440K), 0.0003930 secs] [Times: user=0.00 sys=0.00, real=0.00 secs] 
2014-07-10T14:49:04.312+0200: 2.461: [CMS-concurrent-mark-start]
2014-07-10T14:49:04.322+0200: 2.471: [CMS-concurrent-mark: 0.010/0.010 secs] [Times: user=0.03 sys=0.00, real=0.01 secs] 
2014-07-10T14:49:04.322+0200: 2.471: [CMS-concurrent-preclean-start]
2014-07-10T14:49:04.328+0200: 2.477: [CMS-concurrent-preclean: 0.007/0.007 secs] [Times: user=0.02 sys=0.00, real=0.01 secs] 
2014-07-10T14:49:04.329+0200: 2.478: [CMS-concurrent-abortable-preclean-start]
2014-07-10T14:49:04.329+0200: 2.478: [CMS-concurrent-abortable-preclean: 0.000/0.000 secs] [Times: user=0.00 sys=0.00, real=0.00 secs] 
2014-07-10T14:49:04.329+0200: 2.478: [GC[YG occupancy: 45458 K (78656 K)]2014-07-10T14:49:04.329+0200: 2.478: [Rescan (parallel) , 0.0006225 secs]2014-07-10T14:49:04.330+0200: 2.478: [weak refs processing, 0.0000326 secs]2014-07-10T14:49:04.330+0200: 2.478: [scrub string table, 0.0002031 secs] [1 CMS-remark: 174754K(174784K)] 220212K(253440K), 0.0009444 secs] [Times: user=0.00 sys=0.00, real=0.00 secs] 
2014-07-10T14:49:04.330+0200: 2.479: [CMS-concurrent-sweep-start]
2014-07-10T14:49:04.332+0200: 2.481: [CMS-concurrent-sweep: 0.002/0.002 secs] [Times: user=0.00 sys=0.00, real=0.00 secs] 
2014-07-10T14:49:04.332+0200: 2.481: [CMS-concurrent-reset-start]
2014-07-10T14:49:04.333+0200: 2.482: [CMS-concurrent-reset: 0.001/0.001 secs] [Times: user=0.00 sys=0.00, real=0.00 secs] 
2014-07-10T14:49:04.388+0200: 2.537: [GC2014-07-10T14:49:04.388+0200: 2.537: [ParNew: 78642K->78642K(78656K), 0.0000484 secs]2014-07-10T14:49:04.388+0200: 2.537: [CMS: 174752K->174767K(174784K), 0.1482597 secs] 253394K->253236K(253440K), [CMS Perm : 2648K->2648K(21248K)], 0.1484753 secs] [Times: user=0.16 sys=0.00, real=0.15 secs] 
2014-07-10T14:49:04.536+0200: 2.685: [GC [1 CMS-initial-mark: 174767K(174784K)] 253286K(253440K), 0.0010771 secs] [Times: user=0.00 sys=0.00, real=0.00 secs] 
2014-07-10T14:49:04.538+0200: 2.686: [CMS-concurrent-mark-start]
2014-07-10T14:49:04.538+0200: 2.687: [Full GC2014-07-10T14:49:04.538+0200: 2.687: [CMS2014-07-10T14:49:04.547+0200: 2.696: [CMS-concurrent-mark: 0.009/0.009 secs] [Times: user=0.02 sys=0.00, real=0.01 secs] 
 (concurrent mode failure): 174767K->174767K(174784K), 0.1143978 secs] 253404K->253393K(253440K), [CMS Perm : 2648K->2648K(21248K)], 0.1144917 secs] [Times: user=0.11 sys=0.00, real=0.11 secs] 
2014-07-10T14:49:04.652+0200: 2.801: [Full GC2014-07-10T14:49:04.652+0200: 2.801: [CMS: 174767K->2469K(174784K), 0.0182653 secs] 253393K->2469K(253440K), [CMS Perm : 2648K->2648K(21248K)], 0.0183562 secs] [Times: user=0.02 sys=0.00, real=0.02 secs] 
2014-07-10T14:49:04.807+0200: 2.956: [GC2014-07-10T14:49:04.807+0200: 2.956: [ParNew: 69920K->8704K(78656K), 0.0455052 secs] 72390K->72269K(253440K), 0.0456574 secs] [Times: user=0.09 sys=0.00, real=0.05 secs] 
2014-07-10T14:49:04.853+0200: 3.002: [GC [1 CMS-initial-mark: 63565K(174784K)] 72673K(253440K), 0.0002379 secs] [Times: user=0.00 sys=0.00, real=0.00 secs] 
2014-07-10T14:49:04.853+0200: 3.002: [CMS-concurrent-mark-start]
2014-07-10T14:49:04.862+0200: 3.011: [CMS-concurrent-mark: 0.009/0.009 secs] [Times: user=0.02 sys=0.00, real=0.01 secs] 
2014-07-10T14:49:04.862+0200: 3.011: [CMS-concurrent-preclean-start]
2014-07-10T14:49:04.864+0200: 3.013: [CMS-concurrent-preclean: 0.001/0.001 secs] [Times: user=0.00 sys=0.00, real=0.00 secs] 
2014-07-10T14:49:04.864+0200: 3.013: [CMS-concurrent-abortable-preclean-start]
2014-07-10T14:49:04.967+0200: 3.116: [CMS-concurrent-abortable-preclean: 0.003/0.103 secs] [Times: user=0.00 sys=0.00, real=0.10 secs] 
2014-07-10T14:49:04.967+0200: 3.116: [GC[YG occupancy: 78286 K (78656 K)]2014-07-10T14:49:04.967+0200: 3.116: [Rescan (parallel) , 0.0009191 secs]2014-07-10T14:49:04.968+0200: 3.117: [weak refs processing, 0.0005727 secs]2014-07-10T14:49:04.969+0200: 3.118: [scrub string table, 0.0001921 secs] [1 CMS-remark: 63565K(174784K)] 141851K(253440K), 0.0017774 secs] [Times: user=0.03 sys=0.00, real=0.00 secs] 
2014-07-10T14:49:04.969+0200: 3.118: [CMS-concurrent-sweep-start]
2014-07-10T14:49:04.969+0200: 3.118: [GC2014-07-10T14:49:04.969+0200: 3.118: [ParNew: 78645K->8704K(78656K), 0.0502072 secs] 142207K->141990K(253440K), 0.0503084 secs] [Times: user=0.08 sys=0.00, real=0.05 secs] 
2014-07-10T14:49:05.022+0200: 3.171: [CMS-concurrent-sweep: 0.003/0.053 secs] [Times: user=0.08 sys=0.00, real=0.05 secs] 
2014-07-10T14:49:05.022+0200: 3.171: [CMS-concurrent-reset-start]
2014-07-10T14:49:05.023+0200: 3.172: [CMS-concurrent-reset: 0.001/0.001 secs] [Times: user=0.00 sys=0.00, real=0.00 secs] 
2014-07-10T14:49:05.139+0200: 3.288: [GC2014-07-10T14:49:05.139+0200: 3.288: [ParNew: 78617K->78617K(78656K), 0.0000466 secs]2014-07-10T14:49:05.139+0200: 3.288: [CMS: 133227K->174765K(174784K), 0.1335903 secs] 211845K->211455K(253440K), [CMS Perm : 2650K->2650K(21248K)], 0.1338132 secs] [Times: user=0.11 sys=0.00, real=0.13 secs] 
2014-07-10T14:49:05.274+0200: 3.423: [GC [1 CMS-initial-mark: 174765K(174784K)] 212597K(253440K), 0.0007706 secs] [Times: user=0.00 sys=0.00, real=0.00 secs] 
2014-07-10T14:49:05.275+0200: 3.424: [CMS-concurrent-mark-start]
2014-07-10T14:49:05.287+0200: 3.436: [CMS-concurrent-mark: 0.013/0.013 secs] [Times: user=0.02 sys=0.00, real=0.01 secs] 
2014-07-10T14:49:05.288+0200: 3.437: [CMS-concurrent-preclean-start]
2014-07-10T14:49:05.295+0200: 3.444: [CMS-concurrent-preclean: 0.008/0.008 secs] [Times: user=0.00 sys=0.00, real=0.01 secs] 
2014-07-10T14:49:05.295+0200: 3.444: [CMS-concurrent-abortable-preclean-start]
2014-07-10T14:49:05.295+0200: 3.444: [CMS-concurrent-abortable-preclean: 0.000/0.000 secs] [Times: user=0.00 sys=0.00, real=0.00 secs] 
2014-07-10T14:49:05.296+0200: 3.445: [GC[YG occupancy: 38326 K (78656 K)]2014-07-10T14:49:05.296+0200: 3.445: [Rescan (parallel) , 0.0005400 secs]2014-07-10T14:49:05.296+0200: 3.445: [weak refs processing, 0.0000301 secs]2014-07-10T14:49:05.296+0200: 3.445: [scrub string table, 0.0001547 secs] [1 CMS-remark: 174765K(174784K)] 213092K(253440K), 0.0007989 secs] [Times: user=0.00 sys=0.00, real=0.00 secs] 
2014-07-10T14:49:05.297+0200: 3.446: [CMS-concurrent-sweep-start]
2014-07-10T14:49:05.300+0200: 3.449: [CMS-concurrent-sweep: 0.002/0.002 secs] [Times: user=0.00 sys=0.00, real=0.00 secs] 
2014-07-10T14:49:05.300+0200: 3.449: [CMS-concurrent-reset-start]
2014-07-10T14:49:05.301+0200: 3.450: [CMS-concurrent-reset: 0.001/0.001 secs] [Times: user=0.00 sys=0.00, real=0.00 secs] 
2014-07-10T14:49:05.371+0200: 3.520: [GC2014-07-10T14:49:05.371+0200: 3.520: [ParNew: 78641K->78641K(78656K), 0.0000484 secs]2014-07-10T14:49:05.371+0200: 3.520: [CMS: 174763K->174767K(174784K), 0.1451211 secs] 253405K->253242K(253440K), [CMS Perm : 2651K->2651K(21248K)], 0.1453421 secs] [Times: user=0.14 sys=0.00, real=0.14 secs] 
2014-07-10T14:49:05.516+0200: 3.665: [GC [1 CMS-initial-mark: 174767K(174784K)] 253285K(253440K), 0.0008484 secs] [Times: user=0.00 sys=0.00, real=0.00 secs] 
2014-07-10T14:49:05.517+0200: 3.666: [CMS-concurrent-mark-start]
2014-07-10T14:49:05.517+0200: 3.666: [Full GC2014-07-10T14:49:05.517+0200: 3.666: [CMS2014-07-10T14:49:05.527+0200: 3.676: [CMS-concurrent-mark: 0.010/0.010 secs] [Times: user=0.00 sys=0.00, real=0.01 secs] 
 (concurrent mode failure): 174767K->174767K(174784K), 0.1183398 secs] 253404K->253399K(253440K), [CMS Perm : 2651K->2651K(21248K)], 0.1184450 secs] [Times: user=0.11 sys=0.00, real=0.12 secs] 
2014-07-10T14:49:05.636+0200: 3.785: [Full GC2014-07-10T14:49:05.636+0200: 3.785: [CMS: 174767K->3058K(174784K), 0.0193743 secs] 253399K->3058K(253440K), [CMS Perm : 2651K->2651K(21248K)], 0.0194623 secs] [Times: user=0.03 sys=0.00, real=0.02 secs] 
2014-07-10T14:49:05.768+0200: 3.917: [GC2014-07-10T14:49:05.768+0200: 3.917: [ParNew: 69938K->8704K(78656K), 0.0458619 secs] 72997K->72815K(253440K), 0.0460232 secs] [Times: user=0.09 sys=0.00, real=0.05 secs] 
2014-07-10T14:49:05.815+0200: 3.964: [GC [1 CMS-initial-mark: 64111K(174784K)] 72854K(253440K), 0.0004594 secs] [Times: user=0.00 sys=0.00, real=0.00 secs] 
2014-07-10T14:49:05.816+0200: 3.965: [CMS-concurrent-mark-start]
2014-07-10T14:49:05.826+0200: 3.975: [CMS-concurrent-mark: 0.011/0.011 secs] [Times: user=0.01 sys=0.00, real=0.01 secs] 
2014-07-10T14:49:05.826+0200: 3.975: [CMS-concurrent-preclean-start]
2014-07-10T14:49:05.827+0200: 3.976: [CMS-concurrent-preclean: 0.001/0.001 secs] [Times: user=0.00 sys=0.00, real=0.00 secs] 
2014-07-10T14:49:05.835+0200: 3.984: [GC[YG occupancy: 10124 K (78656 K)]2014-07-10T14:49:05.836+0200: 3.985: [Rescan (parallel) , 0.0004663 secs]2014-07-10T14:49:05.836+0200: 3.985: [weak refs processing, 0.0003516 secs]2014-07-10T14:49:05.836+0200: 3.985: [scrub string table, 0.0001917 secs] [1 CMS-remark: 64111K(174784K)] 74236K(253440K), 0.0011794 secs] [Times: user=0.00 sys=0.00, real=0.00 secs] 
2014-07-10T14:49:05.837+0200: 3.986: [CMS-concurrent-sweep-start]
2014-07-10T14:49:05.839+0200: 3.988: [CMS-concurrent-sweep: 0.002/0.002 secs] [Times: user=0.00 sys=0.00, real=0.00 secs] 
2014-07-10T14:49:05.839+0200: 3.988: [CMS-concurrent-reset-start]
2014-07-10T14:49:05.840+0200: 3.989: [CMS-concurrent-reset: 0.001/0.001 secs] [Times: user=0.00 sys=0.00, real=0.00 secs] 
2014-07-10T14:49:05.960+0200: 4.109: [GC2014-07-10T14:49:05.960+0200: 4.109: [ParNew: 78623K->8704K(78656K), 0.0515461 secs] 142662K->142516K(253440K), 0.0517158 secs] [Times: user=0.08 sys=0.00, real=0.05 secs] 
2014-07-10T14:49:06.012+0200: 4.161: [GC [1 CMS-initial-mark: 133812K(174784K)] 142557K(253440K), 0.0002816 secs] [Times: user=0.00 sys=0.00, real=0.00 secs] 
2014-07-10T14:49:06.012+0200: 4.161: [CMS-concurrent-mark-start]
2014-07-10T14:49:06.024+0200: 4.173: [CMS-concurrent-mark: 0.012/0.012 secs] [Times: user=0.03 sys=0.00, real=0.01 secs] 
2014-07-10T14:49:06.024+0200: 4.173: [CMS-concurrent-preclean-start]
2014-07-10T14:49:06.025+0200: 4.175: [CMS-concurrent-preclean: 0.001/0.001 secs] [Times: user=0.00 sys=0.00, real=0.00 secs] 
2014-07-10T14:49:06.026+0200: 4.175: [CMS-concurrent-abortable-preclean-start]
2014-07-10T14:49:06.127+0200: 4.276: [CMS-concurrent-abortable-preclean: 0.002/0.101 secs] [Times: user=0.00 sys=0.00, real=0.10 secs] 
2014-07-10T14:49:06.127+0200: 4.276: [GC[YG occupancy: 77008 K (78656 K)]2014-07-10T14:49:06.127+0200: 4.276: [Rescan (parallel) , 0.0014049 secs]2014-07-10T14:49:06.128+0200: 4.277: [weak refs processing, 0.0000293 secs]2014-07-10T14:49:06.128+0200: 4.278: [scrub string table, 0.0002878 secs] [1 CMS-remark: 133812K(174784K)] 210821K(253440K), 0.0018045 secs] [Times: user=0.00 sys=0.00, real=0.00 secs] 
2014-07-10T14:49:06.129+0200: 4.278: [CMS-concurrent-sweep-start]
2014-07-10T14:49:06.131+0200: 4.280: [GC2014-07-10T14:49:06.131+0200: 4.280: [ParNew: 78622K->78622K(78656K), 0.0000436 secs]2014-07-10T14:49:06.131+0200: 4.280: [CMS2014-07-10T14:49:06.132+0200: 4.281: [CMS-concurrent-sweep: 0.003/0.003 secs] [Times: user=0.00 sys=0.00, real=0.00 secs] 
 (concurrent mode failure): 133712K->174762K(174784K), 0.1436725 secs] 212334K->211849K(253440K), [CMS Perm : 2651K->2651K(21248K)], 0.1438558 secs] [Times: user=0.13 sys=0.00, real=0.14 secs] 
2014-07-10T14:49:06.347+0200: 4.496: [Full GC2014-07-10T14:49:06.347+0200: 4.496: [CMS: 174762K->174759K(174784K), 0.1647909 secs] 253396K->253147K(253440K), [CMS Perm : 2651K->2651K(21248K)], 0.1649441 secs] [Times: user=0.17 sys=0.00, real=0.17 secs] 
2014-07-10T14:49:06.512+0200: 4.661: [GC [1 CMS-initial-mark: 174759K(174784K)] 253188K(253440K), 0.0013697 secs] [Times: user=0.00 sys=0.00, real=0.00 secs] 
2014-07-10T14:49:06.513+0200: 4.662: [CMS-concurrent-mark-start]
2014-07-10T14:49:06.514+0200: 4.663: [Full GC2014-07-10T14:49:06.514+0200: 4.663: [CMS2014-07-10T14:49:06.524+0200: 4.673: [CMS-concurrent-mark: 0.010/0.011 secs] [Times: user=0.00 sys=0.00, real=0.01 secs] 
 (concurrent mode failure): 174759K->174759K(174784K), 0.1440883 secs] 253384K->253383K(253440K), [CMS Perm : 2651K->2651K(21248K)], 0.1441906 secs] [Times: user=0.14 sys=0.00, real=0.14 secs] 
2014-07-10T14:49:06.658+0200: 4.807: [Full GC2014-07-10T14:49:06.658+0200: 4.807: [CMS: 174759K->3758K(174784K), 0.0264018 secs] 253383K->3758K(253440K), [CMS Perm : 2651K->2651K(21248K)], 0.0264938 secs] [Times: user=0.03 sys=0.00, real=0.03 secs] 
2014-07-10T14:49:06.797+0200: 4.946: [GC2014-07-10T14:49:06.797+0200: 4.946: [ParNew: 69921K->8704K(78656K), 0.0550609 secs] 73679K->73577K(253440K), 0.0552083 secs] [Times: user=0.05 sys=0.00, real=0.06 secs] 
2014-07-10T14:49:06.852+0200: 5.001: [GC [1 CMS-initial-mark: 64873K(174784K)] 73616K(253440K), 0.0002929 secs] [Times: user=0.00 sys=0.00, real=0.00 secs] 
2014-07-10T14:49:06.853+0200: 5.002: [CMS-concurrent-mark-start]
2014-07-10T14:49:06.864+0200: 5.013: [CMS-concurrent-mark: 0.011/0.011 secs] [Times: user=0.02 sys=0.00, real=0.01 secs] 
2014-07-10T14:49:06.864+0200: 5.013: [CMS-concurrent-preclean-start]
2014-07-10T14:49:06.865+0200: 5.014: [CMS-concurrent-preclean: 0.001/0.001 secs] [Times: user=0.00 sys=0.00, real=0.00 secs] 
2014-07-10T14:49:06.867+0200: 5.016: [GC[YG occupancy: 10395 K (78656 K)]2014-07-10T14:49:06.867+0200: 5.016: [Rescan (parallel) , 0.0004381 secs]2014-07-10T14:49:06.867+0200: 5.016: [weak refs processing, 0.0003894 secs]2014-07-10T14:49:06.868+0200: 5.017: [scrub string table, 0.0001653 secs] [1 CMS-remark: 64873K(174784K)] 75268K(253440K), 0.0011017 secs] [Times: user=0.00 sys=0.00, real=0.00 secs] 
2014-07-10T14:49:06.868+0200: 5.017: [CMS-concurrent-sweep-start]
2014-07-10T14:49:06.870+0200: 5.019: [CMS-concurrent-sweep: 0.002/0.002 secs] [Times: user=0.00 sys=0.00, real=0.00 secs] 
2014-07-10T14:49:06.870+0200: 5.019: [CMS-concurrent-reset-start]
2014-07-10T14:49:06.871+0200: 5.020: [CMS-concurrent-reset: 0.001/0.001 secs] [Times: user=0.02 sys=0.00, real=0.00 secs] 
2014-07-10T14:49:07.029+0200: 5.178: [GC2014-07-10T14:49:07.029+0200: 5.178: [ParNew: 78632K->8704K(78656K), 0.0534111 secs] 143412K->143243K(253440K), 0.0535625 secs] [Times: user=0.06 sys=0.00, real=0.05 secs] 
2014-07-10T14:49:07.084+0200: 5.233: [GC [1 CMS-initial-mark: 134539K(174784K)] 143282K(253440K), 0.0003329 secs] [Times: user=0.00 sys=0.00, real=0.00 secs] 
2014-07-10T14:49:07.084+0200: 5.233: [CMS-concurrent-mark-start]
2014-07-10T14:49:07.097+0200: 5.246: [CMS-concurrent-mark: 0.013/0.013 secs] [Times: user=0.01 sys=0.00, real=0.01 secs] 
2014-07-10T14:49:07.097+0200: 5.246: [CMS-concurrent-preclean-start]
2014-07-10T14:49:07.098+0200: 5.247: [CMS-concurrent-preclean: 0.001/0.001 secs] [Times: user=0.00 sys=0.00, real=0.00 secs] 
2014-07-10T14:49:07.098+0200: 5.247: [CMS-concurrent-abortable-preclean-start]
2014-07-10T14:49:07.200+0200: 5.349: [CMS-concurrent-abortable-preclean: 0.002/0.101 secs] [Times: user=0.00 sys=0.00, real=0.10 secs] 
2014-07-10T14:49:07.200+0200: 5.349: [GC[YG occupancy: 63887 K (78656 K)]2014-07-10T14:49:07.200+0200: 5.349: [Rescan (parallel) , 0.0012260 secs]2014-07-10T14:49:07.201+0200: 5.350: [weak refs processing, 0.0000319 secs]2014-07-10T14:49:07.201+0200: 5.350: [scrub string table, 0.0001914 secs] [1 CMS-remark: 134539K(174784K)] 198426K(253440K), 0.0015310 secs] [Times: user=0.00 sys=0.00, real=0.00 secs] 
2014-07-10T14:49:07.202+0200: 5.351: [CMS-concurrent-sweep-start]
2014-07-10T14:49:07.205+0200: 5.354: [CMS-concurrent-sweep: 0.003/0.003 secs] [Times: user=0.00 sys=0.00, real=0.00 secs] 
2014-07-10T14:49:07.205+0200: 5.354: [CMS-concurrent-reset-start]
2014-07-10T14:49:07.206+0200: 5.355: [CMS-concurrent-reset: 0.001/0.001 secs] [Times: user=0.00 sys=0.00, real=0.00 secs] 
2014-07-10T14:49:07.225+0200: 5.374: [GC2014-07-10T14:49:07.225+0200: 5.374: [ParNew: 78655K->78655K(78656K), 0.0000447 secs]2014-07-10T14:49:07.225+0200: 5.374: [CMS: 134448K->174768K(174784K), 0.1547325 secs] 213104K->212706K(253440K), [CMS Perm : 2651K->2651K(21248K)], 0.1549338 secs] [Times: user=0.11 sys=0.00, real=0.16 secs] 
2014-07-10T14:49:07.381+0200: 5.530: [GC [1 CMS-initial-mark: 174768K(174784K)] 212747K(253440K), 0.0005807 secs] [Times: user=0.00 sys=0.00, real=0.00 secs] 
2014-07-10T14:49:07.381+0200: 5.530: [CMS-concurrent-mark-start]
2014-07-10T14:49:07.394+0200: 5.543: [CMS-concurrent-mark: 0.013/0.013 secs] [Times: user=0.01 sys=0.00, real=0.01 secs] 
2014-07-10T14:49:07.394+0200: 5.543: [CMS-concurrent-preclean-start]
2014-07-10T14:49:07.404+0200: 5.553: [CMS-concurrent-preclean: 0.010/0.010 secs] [Times: user=0.02 sys=0.00, real=0.01 secs] 
2014-07-10T14:49:07.404+0200: 5.554: [CMS-concurrent-abortable-preclean-start]
2014-07-10T14:49:07.404+0200: 5.554: [CMS-concurrent-abortable-preclean: 0.000/0.000 secs] [Times: user=0.00 sys=0.00, real=0.00 secs] 
2014-07-10T14:49:07.406+0200: 5.555: [GC[YG occupancy: 40575 K (78656 K)]2014-07-10T14:49:07.406+0200: 5.555: [Rescan (parallel) , 0.0006885 secs]2014-07-10T14:49:07.407+0200: 5.556: [weak refs processing, 0.0000326 secs]2014-07-10T14:49:07.407+0200: 5.556: [scrub string table, 0.0002108 secs] [1 CMS-remark: 174768K(174784K)] 215343K(253440K), 0.0010467 secs] [Times: user=0.00 sys=0.00, real=0.00 secs] 
2014-07-10T14:49:07.412+0200: 5.561: [CMS-concurrent-sweep-start]
2014-07-10T14:49:07.415+0200: 5.564: [CMS-concurrent-sweep: 0.003/0.003 secs] [Times: user=0.00 sys=0.00, real=0.00 secs] 
2014-07-10T14:49:07.415+0200: 5.564: [CMS-concurrent-reset-start]
2014-07-10T14:49:07.416+0200: 5.565: [CMS-concurrent-reset: 0.001/0.001 secs] [Times: user=0.00 sys=0.00, real=0.00 secs] 
2014-07-10T14:49:07.548+0200: 5.697: [GC2014-07-10T14:49:07.548+0200: 5.697: [ParNew: 78622K->78622K(78656K), 0.0000451 secs]2014-07-10T14:49:07.548+0200: 5.697: [CMS: 174766K->174757K(174784K), 0.1792271 secs] 253388K->253227K(253440K), [CMS Perm : 2651K->2651K(21248K)], 0.1794273 secs] [Times: user=0.13 sys=0.00, real=0.18 secs] 
2014-07-10T14:49:07.730+0200: 5.878: [Full GC2014-07-10T14:49:07.730+0200: 5.879: [CMS: 174757K->174757K(174784K), 0.1345303 secs] 253388K->253383K(253440K), [CMS Perm : 2651K->2651K(21248K)], 0.1346315 secs] [Times: user=0.12 sys=0.00, real=0.13 secs] 
2014-07-10T14:49:07.865+0200: 6.013: [Full GC2014-07-10T14:49:07.865+0200: 6.013: [CMS: 174757K->4193K(174784K), 0.0329237 secs] 253383K->4193K(253440K), [CMS Perm : 2651K->2651K(21248K)], 0.0330154 secs] [Times: user=0.03 sys=0.00, real=0.03 secs] 
2014-07-10T14:49:07.902+0200: 6.050: [GC [1 CMS-initial-mark: 4193K(174784K)] 6472K(253440K), 0.0002585 secs] [Times: user=0.00 sys=0.00, real=0.00 secs] 
2014-07-10T14:49:07.904+0200: 6.053: [CMS-concurrent-mark-start]
2014-07-10T14:49:07.917+0200: 6.065: [CMS-concurrent-mark: 0.012/0.012 secs] [Times: user=0.01 sys=0.00, real=0.01 secs] 
2014-07-10T14:49:07.917+0200: 6.065: [CMS-concurrent-preclean-start]
2014-07-10T14:49:07.923+0200: 6.071: [CMS-concurrent-preclean: 0.004/0.006 secs] [Times: user=0.00 sys=0.00, real=0.01 secs] 
2014-07-10T14:49:07.923+0200: 6.071: [CMS-concurrent-abortable-preclean-start]
2014-07-10T14:49:08.026+0200: 6.174: [CMS-concurrent-abortable-preclean: 0.002/0.103 secs] [Times: user=0.02 sys=0.00, real=0.10 secs] 
2014-07-10T14:49:08.027+0200: 6.175: [GC[YG occupancy: 55118 K (78656 K)]2014-07-10T14:49:08.027+0200: 6.175: [Rescan (parallel) , 0.0006629 secs]2014-07-10T14:49:08.027+0200: 6.175: [weak refs processing, 0.0000345 secs]2014-07-10T14:49:08.027+0200: 6.176: [scrub string table, 0.0002497 secs] [1 CMS-remark: 4193K(174784K)] 59312K(253440K), 0.0010332 secs] [Times: user=0.00 sys=0.00, real=0.00 secs] 
2014-07-10T14:49:08.029+0200: 6.177: [CMS-concurrent-sweep-start]
2014-07-10T14:49:08.032+0200: 6.180: [CMS-concurrent-sweep: 0.002/0.002 secs] [Times: user=0.00 sys=0.00, real=0.00 secs] 
2014-07-10T14:49:08.032+0200: 6.180: [CMS-concurrent-reset-start]
2014-07-10T14:49:08.032+0200: 6.181: [CMS-concurrent-reset: 0.001/0.001 secs] [Times: user=0.00 sys=0.00, real=0.00 secs] 
2014-07-10T14:49:08.081+0200: 6.229: [GC2014-07-10T14:49:08.081+0200: 6.229: [ParNew: 69951K->8704K(78656K), 0.0476265 secs] 74140K->74041K(253440K), 0.0477772 secs] [Times: user=0.08 sys=0.00, real=0.05 secs] 
2014-07-10T14:49:08.156+0200: 6.304: [GC [1 CMS-initial-mark: 65337K(174784K)] 74084K(253440K), 0.0002783 secs] [Times: user=0.00 sys=0.00, real=0.00 secs] 
2014-07-10T14:49:08.156+0200: 6.305: [CMS-concurrent-mark-start]
2014-07-10T14:49:08.170+0200: 6.318: [CMS-concurrent-mark: 0.013/0.013 secs] [Times: user=0.01 sys=0.00, real=0.01 secs] 
2014-07-10T14:49:08.170+0200: 6.318: [CMS-concurrent-preclean-start]
2014-07-10T14:49:08.171+0200: 6.320: [CMS-concurrent-preclean: 0.001/0.002 secs] [Times: user=0.00 sys=0.00, real=0.00 secs] 
2014-07-10T14:49:08.171+0200: 6.320: [CMS-concurrent-abortable-preclean-start]
2014-07-10T14:49:08.282+0200: 6.430: [GC2014-07-10T14:49:08.282+0200: 6.430: [ParNew: 78617K->8704K(78656K), 0.0508598 secs] 143954K->143783K(253440K), 0.0510226 secs] [Times: user=0.08 sys=0.00, real=0.05 secs] 
2014-07-10T14:49:08.449+0200: 6.597: [CMS-concurrent-abortable-preclean: 0.017/0.277 secs] [Times: user=0.13 sys=0.02, real=0.28 secs] 
2014-07-10T14:49:08.449+0200: 6.597: [GC[YG occupancy: 62240 K (78656 K)]2014-07-10T14:49:08.449+0200: 6.597: [Rescan (parallel) , 0.0034096 secs]2014-07-10T14:49:08.453+0200: 6.601: [weak refs processing, 0.0000389 secs]2014-07-10T14:49:08.453+0200: 6.601: [scrub string table, 0.0002005 secs] [1 CMS-remark: 135079K(174784K)] 197320K(253440K), 0.0037722 secs] [Times: user=0.00 sys=0.00, real=0.00 secs] 
2014-07-10T14:49:08.453+0200: 6.602: [CMS-concurrent-sweep-start]
2014-07-10T14:49:08.457+0200: 6.605: [CMS-concurrent-sweep: 0.003/0.003 secs] [Times: user=0.00 sys=0.00, real=0.00 secs] 
2014-07-10T14:49:08.457+0200: 6.605: [CMS-concurrent-reset-start]
2014-07-10T14:49:08.458+0200: 6.606: [CMS-concurrent-reset: 0.001/0.001 secs] [Times: user=0.00 sys=0.00, real=0.00 secs] 
2014-07-10T14:49:08.483+0200: 6.631: [GC2014-07-10T14:49:08.483+0200: 6.631: [ParNew: 78623K->78623K(78656K), 0.0000466 secs]2014-07-10T14:49:08.483+0200: 6.631: [CMS: 134974K->174779K(174784K), 0.1675069 secs] 213597K->213101K(253440K), [CMS Perm : 2651K->2651K(21248K)], 0.1677257 secs] [Times: user=0.16 sys=0.00, real=0.17 secs] 
2014-07-10T14:49:08.653+0200: 6.802: [GC [1 CMS-initial-mark: 174779K(174784K)] 213811K(253440K), 0.0006603 secs] [Times: user=0.00 sys=0.00, real=0.00 secs] 
2014-07-10T14:49:08.654+0200: 6.802: [CMS-concurrent-mark-start]
2014-07-10T14:49:08.671+0200: 6.819: [CMS-concurrent-mark: 0.017/0.017 secs] [Times: user=0.02 sys=0.00, real=0.02 secs] 
2014-07-10T14:49:08.671+0200: 6.819: [CMS-concurrent-preclean-start]
2014-07-10T14:49:08.682+0200: 6.830: [CMS-concurrent-preclean: 0.011/0.011 secs] [Times: user=0.01 sys=0.00, real=0.01 secs] 
2014-07-10T14:49:08.682+0200: 6.830: [CMS-concurrent-abortable-preclean-start]
2014-07-10T14:49:08.682+0200: 6.830: [CMS-concurrent-abortable-preclean: 0.000/0.000 secs] [Times: user=0.00 sys=0.00, real=0.00 secs] 
2014-07-10T14:49:08.683+0200: 6.831: [GC[YG occupancy: 41432 K (78656 K)]2014-07-10T14:49:08.683+0200: 6.831: [Rescan (parallel) , 0.0007435 secs]2014-07-10T14:49:08.684+0200: 6.832: [weak refs processing, 0.0000326 secs]2014-07-10T14:49:08.684+0200: 6.832: [scrub string table, 0.0002002 secs] [1 CMS-remark: 174779K(174784K)] 216212K(253440K), 0.0010731 secs] [Times: user=0.00 sys=0.00, real=0.00 secs] 
2014-07-10T14:49:08.686+0200: 6.834: [CMS-concurrent-sweep-start]
2014-07-10T14:49:08.689+0200: 6.838: [CMS-concurrent-sweep: 0.003/0.004 secs] [Times: user=0.00 sys=0.00, real=0.00 secs] 
2014-07-10T14:49:08.690+0200: 6.838: [CMS-concurrent-reset-start]
2014-07-10T14:49:08.691+0200: 6.839: [CMS-concurrent-reset: 0.001/0.001 secs] [Times: user=0.00 sys=0.00, real=0.00 secs] 
2014-07-10T14:49:08.751+0200: 6.899: [GC2014-07-10T14:49:08.751+0200: 6.899: [ParNew: 78653K->78653K(78656K), 0.0001716 secs]2014-07-10T14:49:08.751+0200: 6.899: [CMS: 174776K->174761K(174784K), 0.1604119 secs] 253429K->253259K(253440K), [CMS Perm : 2651K->2651K(21248K)], 0.1607437 secs] [Times: user=0.16 sys=0.00, real=0.16 secs] 
2014-07-10T14:49:08.912+0200: 7.060: [GC [1 CMS-initial-mark: 174761K(174784K)] 253300K(253440K), 0.0008733 secs] [Times: user=0.00 sys=0.00, real=0.00 secs] 
2014-07-10T14:49:08.913+0200: 7.061: [CMS-concurrent-mark-start]
2014-07-10T14:49:08.913+0200: 7.061: [Full GC2014-07-10T14:49:08.913+0200: 7.061: [CMS2014-07-10T14:49:08.926+0200: 7.074: [CMS-concurrent-mark: 0.013/0.013 secs] [Times: user=0.02 sys=0.00, real=0.01 secs] 
 (concurrent mode failure): 174761K->174760K(174784K), 0.1400719 secs] 253380K->253376K(253440K), [CMS Perm : 2651K->2651K(21248K)], 0.1401698 secs] [Times: user=0.14 sys=0.00, real=0.14 secs] 
2014-07-10T14:49:09.053+0200: 7.201: [Full GC2014-07-10T14:49:09.053+0200: 7.201: [CMS: 174760K->4667K(174784K), 0.0335360 secs] 253376K->4667K(253440K), [CMS Perm : 2651K->2651K(21248K)], 0.0336284 secs] [Times: user=0.05 sys=0.00, real=0.03 secs] 
2014-07-10T14:49:09.201+0200: 7.349: [GC2014-07-10T14:49:09.202+0200: 7.351: [ParNew: 69947K->8704K(78656K), 0.0464966 secs] 74614K->74515K(253440K), 0.0479524 secs] [Times: user=0.06 sys=0.00, real=0.05 secs] 
2014-07-10T14:49:09.250+0200: 7.399: [GC [1 CMS-initial-mark: 65811K(174784K)] 75774K(253440K), 0.0002959 secs] [Times: user=0.00 sys=0.00, real=0.00 secs] 
2014-07-10T14:49:09.251+0200: 7.399: [CMS-concurrent-mark-start]
2014-07-10T14:49:09.265+0200: 7.414: [CMS-concurrent-mark: 0.015/0.015 secs] [Times: user=0.02 sys=0.00, real=0.01 secs] 
2014-07-10T14:49:09.265+0200: 7.414: [CMS-concurrent-preclean-start]
2014-07-10T14:49:09.267+0200: 7.415: [CMS-concurrent-preclean: 0.001/0.001 secs] [Times: user=0.00 sys=0.00, real=0.00 secs] 
2014-07-10T14:49:09.270+0200: 7.418: [GC[YG occupancy: 11772 K (78656 K)]2014-07-10T14:49:09.270+0200: 7.418: [Rescan (parallel) , 0.0004858 secs]2014-07-10T14:49:09.271+0200: 7.419: [weak refs processing, 0.0004231 secs]2014-07-10T14:49:09.271+0200: 7.419: [scrub string table, 0.0001741 secs] [1 CMS-remark: 65811K(174784K)] 77584K(253440K), 0.0012029 secs] [Times: user=0.00 sys=0.00, real=0.00 secs] 
2014-07-10T14:49:09.272+0200: 7.420: [CMS-concurrent-sweep-start]
2014-07-10T14:49:09.275+0200: 7.423: [CMS-concurrent-sweep: 0.003/0.003 secs] [Times: user=0.01 sys=0.00, real=0.00 secs] 
2014-07-10T14:49:09.275+0200: 7.423: [CMS-concurrent-reset-start]
2014-07-10T14:49:09.276+0200: 7.424: [CMS-concurrent-reset: 0.001/0.001 secs] [Times: user=0.00 sys=0.00, real=0.00 secs] 
2014-07-10T14:49:09.388+0200: 7.536: [GC2014-07-10T14:49:09.388+0200: 7.536: [ParNew: 78637K->8704K(78656K), 0.0559038 secs] 144331K->144170K(253440K), 0.0560549 secs] [Times: user=0.08 sys=0.00, real=0.06 secs] 
2014-07-10T14:49:09.445+0200: 7.593: [GC [1 CMS-initial-mark: 135466K(174784K)] 144878K(253440K), 0.0002852 secs] [Times: user=0.00 sys=0.00, real=0.00 secs] 
2014-07-10T14:49:09.445+0200: 7.593: [CMS-concurrent-mark-start]
2014-07-10T14:49:09.460+0200: 7.609: [CMS-concurrent-mark: 0.015/0.015 secs] [Times: user=0.02 sys=0.00, real=0.02 secs] 
2014-07-10T14:49:09.460+0200: 7.609: [CMS-concurrent-preclean-start]
2014-07-10T14:49:09.462+0200: 7.610: [CMS-concurrent-preclean: 0.001/0.001 secs] [Times: user=0.01 sys=0.00, real=0.00 secs] 
2014-07-10T14:49:09.462+0200: 7.610: [CMS-concurrent-abortable-preclean-start]
2014-07-10T14:49:09.564+0200: 7.712: [CMS-concurrent-abortable-preclean: 0.002/0.102 secs] [Times: user=0.00 sys=0.00, real=0.10 secs] 
2014-07-10T14:49:09.564+0200: 7.712: [GC[YG occupancy: 74710 K (78656 K)]2014-07-10T14:49:09.564+0200: 7.712: [Rescan (parallel) , 0.0017994 secs]2014-07-10T14:49:09.566+0200: 7.714: [weak refs processing, 0.0000337 secs]2014-07-10T14:49:09.566+0200: 7.714: [scrub string table, 0.0001701 secs] [1 CMS-remark: 135466K(174784K)] 210176K(253440K), 0.0020956 secs] [Times: user=0.00 sys=0.00, real=0.00 secs] 
2014-07-10T14:49:09.566+0200: 7.714: [CMS-concurrent-sweep-start]
2014-07-10T14:49:09.570+0200: 7.718: [CMS-concurrent-sweep: 0.004/0.004 secs] [Times: user=0.00 sys=0.00, real=0.00 secs] 
2014-07-10T14:49:09.570+0200: 7.718: [CMS-concurrent-reset-start]
2014-07-10T14:49:09.571+0200: 7.719: [CMS-concurrent-reset: 0.001/0.001 secs] [Times: user=0.02 sys=0.00, real=0.00 secs] 
2014-07-10T14:49:09.572+0200: 7.720: [GC2014-07-10T14:49:09.572+0200: 7.720: [ParNew: 78641K->78641K(78656K), 0.0000429 secs]2014-07-10T14:49:09.572+0200: 7.720: [CMS: 135351K->174754K(174784K), 0.1642923 secs] 213993K->213560K(253440K), [CMS Perm : 2651K->2651K(21248K)], 0.1644477 secs] [Times: user=0.14 sys=0.00, real=0.16 secs] 
2014-07-10T14:49:09.736+0200: 7.885: [GC [1 CMS-initial-mark: 174754K(174784K)] 213601K(253440K), 0.0005411 secs] [Times: user=0.00 sys=0.00, real=0.00 secs] 
2014-07-10T14:49:09.737+0200: 7.885: [CMS-concurrent-mark-start]
2014-07-10T14:49:09.752+0200: 7.901: [CMS-concurrent-mark: 0.015/0.015 secs] [Times: user=0.02 sys=0.00, real=0.02 secs] 
2014-07-10T14:49:09.752+0200: 7.901: [CMS-concurrent-preclean-start]
2014-07-10T14:49:09.764+0200: 7.912: [CMS-concurrent-preclean: 0.011/0.011 secs] [Times: user=0.02 sys=0.00, real=0.01 secs] 
2014-07-10T14:49:09.764+0200: 7.912: [CMS-concurrent-abortable-preclean-start]
2014-07-10T14:49:09.764+0200: 7.912: [CMS-concurrent-abortable-preclean: 0.000/0.000 secs] [Times: user=0.00 sys=0.00, real=0.00 secs] 
2014-07-10T14:49:09.764+0200: 7.912: [GC[YG occupancy: 53561 K (78656 K)]2014-07-10T14:49:09.764+0200: 7.912: [Rescan (parallel) , 0.0007519 secs]2014-07-10T14:49:09.765+0200: 7.913: [weak refs processing, 0.0000301 secs]2014-07-10T14:49:09.765+0200: 7.913: [scrub string table, 0.0001499 secs] [1 CMS-remark: 174754K(174784K)] 228316K(253440K), 0.0010104 secs] [Times: user=0.00 sys=0.00, real=0.00 secs] 
2014-07-10T14:49:09.765+0200: 7.913: [CMS-concurrent-sweep-start]
2014-07-10T14:49:09.769+0200: 7.917: [CMS-concurrent-sweep: 0.004/0.004 secs] [Times: user=0.00 sys=0.00, real=0.00 secs] 
2014-07-10T14:49:09.769+0200: 7.917: [CMS-concurrent-reset-start]
2014-07-10T14:49:09.770+0200: 7.918: [CMS-concurrent-reset: 0.001/0.001 secs] [Times: user=0.00 sys=0.00, real=0.00 secs] 
2014-07-10T14:49:09.808+0200: 7.956: [GC2014-07-10T14:49:09.808+0200: 7.956: [ParNew: 78630K->78630K(78656K), 0.0000462 secs]2014-07-10T14:49:09.808+0200: 7.956: [CMS: 174750K->174772K(174784K), 0.1635315 secs] 253381K->253205K(253440K), [CMS Perm : 2651K->2651K(21248K)], 0.1637398 secs] [Times: user=0.12 sys=0.00, real=0.16 secs] 
2014-07-10T14:49:09.972+0200: 8.120: [GC [1 CMS-initial-mark: 174772K(174784K)] 253246K(253440K), 0.0008326 secs] [Times: user=0.00 sys=0.00, real=0.00 secs] 
2014-07-10T14:49:09.973+0200: 8.121: [CMS-concurrent-mark-start]
2014-07-10T14:49:09.973+0200: 8.121: [Full GC2014-07-10T14:49:09.973+0200: 8.121: [CMS2014-07-10T14:49:09.986+0200: 8.135: [CMS-concurrent-mark: 0.014/0.014 secs] [Times: user=0.02 sys=0.00, real=0.01 secs] 
 (concurrent mode failure): 174772K->174772K(174784K), 0.1289870 secs] 253368K->253361K(253440K), [CMS Perm : 2651K->2651K(21248K)], 0.1290885 secs] [Times: user=0.14 sys=0.00, real=0.13 secs] 
2014-07-10T14:49:10.102+0200: 8.250: [Full GC2014-07-10T14:49:10.102+0200: 8.250: [CMS: 174772K->5015K(174784K), 0.0339437 secs] 253361K->5015K(253440K), [CMS Perm : 2651K->2651K(21248K)], 0.0340445 secs] [Times: user=0.03 sys=0.00, real=0.03 secs] 
2014-07-10T14:49:10.284+0200: 8.432: [GC2014-07-10T14:49:10.284+0200: 8.432: [ParNew: 69934K->8704K(78656K), 0.0561249 secs] 74949K->74837K(253440K), 0.0562770 secs] [Times: user=0.08 sys=0.00, real=0.06 secs] 
2014-07-10T14:49:10.340+0200: 8.489: [GC [1 CMS-initial-mark: 66133K(174784K)] 74876K(253440K), 0.0003571 secs] [Times: user=0.00 sys=0.00, real=0.00 secs] 
2014-07-10T14:49:10.341+0200: 8.489: [CMS-concurrent-mark-start]
2014-07-10T14:49:10.357+0200: 8.506: [CMS-concurrent-mark: 0.017/0.017 secs] [Times: user=0.02 sys=0.00, real=0.02 secs] 
2014-07-10T14:49:10.358+0200: 8.506: [CMS-concurrent-preclean-start]
2014-07-10T14:49:10.358+0200: 8.507: [CMS-concurrent-preclean: 0.001/0.001 secs] [Times: user=0.00 sys=0.00, real=0.00 secs] 
2014-07-10T14:49:10.359+0200: 8.508: [GC[YG occupancy: 8940 K (78656 K)]2014-07-10T14:49:10.359+0200: 8.508: [Rescan (parallel) , 0.0005958 secs]2014-07-10T14:49:10.360+0200: 8.508: [weak refs processing, 0.0003399 secs]2014-07-10T14:49:10.360+0200: 8.509: [scrub string table, 0.0002053 secs] [1 CMS-remark: 66133K(174784K)] 75074K(253440K), 0.0013327 secs] [Times: user=0.00 sys=0.00, real=0.00 secs] 
2014-07-10T14:49:10.361+0200: 8.509: [CMS-concurrent-sweep-start]
2014-07-10T14:49:10.364+0200: 8.513: [CMS-concurrent-sweep: 0.004/0.004 secs] [Times: user=0.00 sys=0.00, real=0.00 secs] 
2014-07-10T14:49:10.364+0200: 8.513: [CMS-concurrent-reset-start]
2014-07-10T14:49:10.366+0200: 8.514: [CMS-concurrent-reset: 0.001/0.001 secs] [Times: user=0.01 sys=0.00, real=0.00 secs] 
2014-07-10T14:49:10.486+0200: 8.634: [GC2014-07-10T14:49:10.486+0200: 8.634: [ParNew: 78650K->8704K(78656K), 0.0523362 secs] 144659K->144517K(253440K), 0.0524880 secs] [Times: user=0.09 sys=0.00, real=0.05 secs] 
2014-07-10T14:49:10.539+0200: 8.687: [GC [1 CMS-initial-mark: 135813K(174784K)] 144556K(253440K), 0.0002988 secs] [Times: user=0.00 sys=0.00, real=0.00 secs] 
2014-07-10T14:49:10.539+0200: 8.687: [CMS-concurrent-mark-start]
2014-07-10T14:49:10.555+0200: 8.704: [CMS-concurrent-mark: 0.016/0.016 secs] [Times: user=0.02 sys=0.00, real=0.02 secs] 
2014-07-10T14:49:10.555+0200: 8.704: [CMS-concurrent-preclean-start]
2014-07-10T14:49:10.557+0200: 8.705: [CMS-concurrent-preclean: 0.001/0.002 secs] [Times: user=0.00 sys=0.00, real=0.00 secs] 
2014-07-10T14:49:10.557+0200: 8.705: [CMS-concurrent-abortable-preclean-start]
2014-07-10T14:49:10.659+0200: 8.807: [CMS-concurrent-abortable-preclean: 0.001/0.101 secs] [Times: user=0.00 sys=0.00, real=0.10 secs] 
2014-07-10T14:49:10.659+0200: 8.807: [GC[YG occupancy: 77717 K (78656 K)]2014-07-10T14:49:10.659+0200: 8.807: [Rescan (parallel) , 0.0014537 secs]2014-07-10T14:49:10.660+0200: 8.809: [weak refs processing, 0.0000315 secs]2014-07-10T14:49:10.660+0200: 8.809: [scrub string table, 0.0001855 secs] [1 CMS-remark: 135813K(174784K)] 213531K(253440K), 0.0017587 secs] [Times: user=0.00 sys=0.00, real=0.00 secs] 
2014-07-10T14:49:10.661+0200: 8.809: [CMS-concurrent-sweep-start]
2014-07-10T14:49:10.662+0200: 8.810: [GC2014-07-10T14:49:10.662+0200: 8.810: [ParNew: 78622K->78622K(78656K), 0.0000418 secs]2014-07-10T14:49:10.662+0200: 8.810: [CMS2014-07-10T14:49:10.665+0200: 8.813: [CMS-concurrent-sweep: 0.004/0.004 secs] [Times: user=0.02 sys=0.00, real=0.00 secs] 
 (concurrent mode failure): 135781K->174771K(174784K), 0.1515190 secs] 214404K->213868K(253440K), [CMS Perm : 2651K->2651K(21248K)], 0.1516804 secs] [Times: user=0.16 sys=0.00, real=0.15 secs] 
2014-07-10T14:49:10.882+0200: 9.030: [Full GC2014-07-10T14:49:10.882+0200: 9.030: [CMS: 174771K->174779K(174784K), 0.1756998 secs] 253398K->253216K(253440K), [CMS Perm : 2651K->2651K(21248K)], 0.1758285 secs] [Times: user=0.17 sys=0.00, real=0.18 secs] 
2014-07-10T14:49:11.058+0200: 9.206: [GC [1 CMS-initial-mark: 174779K(174784K)] 253255K(253440K), 0.0011523 secs] [Times: user=0.00 sys=0.00, real=0.00 secs] 
2014-07-10T14:49:11.059+0200: 9.207: [CMS-concurrent-mark-start]
2014-07-10T14:49:11.060+0200: 9.208: [Full GC2014-07-10T14:49:11.060+0200: 9.208: [CMS2014-07-10T14:49:11.075+0200: 9.224: [CMS-concurrent-mark: 0.016/0.016 secs] [Times: user=0.02 sys=0.00, real=0.02 secs] 
 (concurrent mode failure): 174779K->174779K(174784K), 0.1362271 secs] 253415K->253412K(253440K), [CMS Perm : 2651K->2651K(21248K)], 0.1363327 secs] [Times: user=0.14 sys=0.00, real=0.14 secs] 
2014-07-10T14:49:11.196+0200: 9.344: [Full GC2014-07-10T14:49:11.196+0200: 9.344: [CMS: 174779K->5361K(174784K), 0.0317087 secs] 253412K->5361K(253440K), [CMS Perm : 2651K->2651K(21248K)], 0.0317982 secs] [Times: user=0.03 sys=0.00, real=0.03 secs] 
2014-07-10T14:49:11.340+0200: 9.488: [GC2014-07-10T14:49:11.340+0200: 9.488: [ParNew: 69918K->8704K(78656K), 0.0452900 secs] 75279K->75168K(253440K), 0.0454330 secs] [Times: user=0.09 sys=0.00, real=0.05 secs] 
2014-07-10T14:49:11.385+0200: 9.534: [GC [1 CMS-initial-mark: 66464K(174784K)] 75248K(253440K), 0.0004484 secs] [Times: user=0.00 sys=0.00, real=0.00 secs] 
2014-07-10T14:49:11.386+0200: 9.534: [CMS-concurrent-mark-start]
2014-07-10T14:49:11.402+0200: 9.550: [CMS-concurrent-mark: 0.016/0.016 secs] [Times: user=0.02 sys=0.00, real=0.02 secs] 
2014-07-10T14:49:11.402+0200: 9.550: [CMS-concurrent-preclean-start]
2014-07-10T14:49:11.404+0200: 9.552: [CMS-concurrent-preclean: 0.002/0.002 secs] [Times: user=0.00 sys=0.00, real=0.00 secs] 
2014-07-10T14:49:11.404+0200: 9.552: [CMS-concurrent-abortable-preclean-start]
2014-07-10T14:49:11.501+0200: 9.649: [GC2014-07-10T14:49:11.501+0200: 9.649: [ParNew2014-07-10T14:49:11.535+0200: 9.683: [CMS-concurrent-abortable-preclean: 0.001/0.131 secs] [Times: user=0.06 sys=0.00, real=0.13 secs] 
: 78652K->8704K(78656K), 0.0517261 secs] 145116K->144955K(253440K), 0.0518827 secs] [Times: user=0.09 sys=0.00, real=0.05 secs] 
2014-07-10T14:49:11.553+0200: 9.702: [GC[YG occupancy: 9531 K (78656 K)]2014-07-10T14:49:11.553+0200: 9.702: [Rescan (parallel) , 0.0013796 secs]2014-07-10T14:49:11.555+0200: 9.703: [weak refs processing, 0.0004850 secs]2014-07-10T14:49:11.555+0200: 9.704: [scrub string table, 0.0002288 secs] [1 CMS-remark: 136251K(174784K)] 145783K(253440K), 0.0021987 secs] [Times: user=0.00 sys=0.00, real=0.00 secs] 
2014-07-10T14:49:11.556+0200: 9.704: [CMS-concurrent-sweep-start]
2014-07-10T14:49:11.560+0200: 9.708: [CMS-concurrent-sweep: 0.004/0.004 secs] [Times: user=0.00 sys=0.00, real=0.00 secs] 
2014-07-10T14:49:11.560+0200: 9.708: [CMS-concurrent-reset-start]
2014-07-10T14:49:11.561+0200: 9.709: [CMS-concurrent-reset: 0.001/0.001 secs] [Times: user=0.00 sys=0.00, real=0.00 secs] 
2014-07-10T14:49:11.677+0200: 9.825: [GC2014-07-10T14:49:11.677+0200: 9.825: [ParNew: 78630K->78630K(78656K), 0.0000466 secs]2014-07-10T14:49:11.677+0200: 9.825: [CMS: 136110K->174752K(174784K), 0.1549477 secs] 214741K->214168K(253440K), [CMS Perm : 2651K->2651K(21248K)], 0.1551461 secs] [Times: user=0.14 sys=0.00, real=0.15 secs] 
2014-07-10T14:49:11.832+0200: 9.981: [GC [1 CMS-initial-mark: 174752K(174784K)] 214209K(253440K), 0.0005899 secs] [Times: user=0.02 sys=0.00, real=0.00 secs] 
2014-07-10T14:49:11.833+0200: 9.981: [CMS-concurrent-mark-start]
2014-07-10T14:49:11.850+0200: 9.998: [CMS-concurrent-mark: 0.017/0.017 secs] [Times: user=0.02 sys=0.00, real=0.02 secs] 
2014-07-10T14:49:11.850+0200: 9.998: [CMS-concurrent-preclean-start]
2014-07-10T14:49:11.863+0200: 10.011: [CMS-concurrent-preclean: 0.013/0.013 secs] [Times: user=0.00 sys=0.00, real=0.01 secs] 
2014-07-10T14:49:11.863+0200: 10.011: [CMS-concurrent-abortable-preclean-start]
2014-07-10T14:49:11.863+0200: 10.011: [CMS-concurrent-abortable-preclean: 0.000/0.000 secs] [Times: user=0.00 sys=0.00, real=0.00 secs] 
2014-07-10T14:49:11.863+0200: 10.011: [GC[YG occupancy: 57294 K (78656 K)]2014-07-10T14:49:11.863+0200: 10.011: [Rescan (parallel) , 0.0009125 secs]2014-07-10T14:49:11.864+0200: 10.012: [weak refs processing, 0.0000330 secs]2014-07-10T14:49:11.864+0200: 10.012: [scrub string table, 0.0001899 secs] [1 CMS-remark: 174752K(174784K)] 232047K(253440K), 0.0012176 secs] [Times: user=0.03 sys=0.00, real=0.00 secs] 
2014-07-10T14:49:11.864+0200: 10.013: [CMS-concurrent-sweep-start]
2014-07-10T14:49:11.868+0200: 10.017: [CMS-concurrent-sweep: 0.004/0.004 secs] [Times: user=0.00 sys=0.00, real=0.00 secs] 
2014-07-10T14:49:11.869+0200: 10.017: [CMS-concurrent-reset-start]
2014-07-10T14:49:11.870+0200: 10.018: [CMS-concurrent-reset: 0.001/0.001 secs] [Times: user=0.00 sys=0.00, real=0.00 secs] 
2014-07-10T14:49:11.901+0200: 10.049: [GC2014-07-10T14:49:11.901+0200: 10.049: [ParNew: 78632K->78632K(78656K), 0.0000473 secs]2014-07-10T14:49:11.901+0200: 10.049: [CMS: 174747K->174753K(174784K), 0.1768811 secs] 253379K->253194K(253440K), [CMS Perm : 2651K->2651K(21248K)], 0.1771040 secs] [Times: user=0.14 sys=0.00, real=0.18 secs] 
2014-07-10T14:49:12.078+0200: 10.227: [Full GC2014-07-10T14:49:12.078+0200: 10.227: [CMS: 174753K->174753K(174784K), 0.1201531 secs] 253355K->253351K(253440K), [CMS Perm : 2651K->2651K(21248K)], 0.1202631 secs] [Times: user=0.12 sys=0.00, real=0.12 secs] 
2014-07-10T14:49:12.199+0200: 10.347: [Full GC2014-07-10T14:49:12.199+0200: 10.347: [CMS: 174753K->5673K(174784K), 0.0324673 secs] 253351K->5673K(253440K), [CMS Perm : 2651K->2651K(21248K)], 0.0325604 secs] [Times: user=0.03 sys=0.00, real=0.03 secs] 
2014-07-10T14:49:12.232+0200: 10.380: [GC [1 CMS-initial-mark: 5673K(174784K)] 5715K(253440K), 0.0001672 secs] [Times: user=0.00 sys=0.00, real=0.00 secs] 
2014-07-10T14:49:12.232+0200: 10.380: [CMS-concurrent-mark-start]
2014-07-10T14:49:12.247+0200: 10.396: [CMS-concurrent-mark: 0.016/0.016 secs] [Times: user=0.01 sys=0.00, real=0.01 secs] 
2014-07-10T14:49:12.248+0200: 10.396: [CMS-concurrent-preclean-start]
2014-07-10T14:49:12.250+0200: 10.399: [CMS-concurrent-preclean: 0.002/0.003 secs] [Times: user=0.00 sys=0.00, real=0.00 secs] 
2014-07-10T14:49:12.250+0200: 10.399: [CMS-concurrent-abortable-preclean-start]
2014-07-10T14:49:12.344+0200: 10.493: [GC2014-07-10T14:49:12.344+0200: 10.493: [ParNew2014-07-10T14:49:12.381+0200: 10.529: [CMS-concurrent-abortable-preclean: 0.001/0.130 secs] [Times: user=0.09 sys=0.00, real=0.13 secs] 
: 69915K->8704K(78656K), 0.0468500 secs] 75589K->75491K(253440K), 0.0470106 secs] [Times: user=0.09 sys=0.00, real=0.05 secs] 
2014-07-10T14:49:12.393+0200: 10.541: [GC[YG occupancy: 10631 K (78656 K)]2014-07-10T14:49:12.393+0200: 10.541: [Rescan (parallel) , 0.0018126 secs]2014-07-10T14:49:12.395+0200: 10.543: [weak refs processing, 0.0000348 secs]2014-07-10T14:49:12.395+0200: 10.543: [scrub string table, 0.0001954 secs] [1 CMS-remark: 66787K(174784K)] 77419K(253440K), 0.0021616 secs] [Times: user=0.03 sys=0.00, real=0.00 secs] 
2014-07-10T14:49:12.395+0200: 10.544: [CMS-concurrent-sweep-start]
2014-07-10T14:49:12.399+0200: 10.547: [CMS-concurrent-sweep: 0.004/0.004 secs] [Times: user=0.00 sys=0.00, real=0.00 secs] 
2014-07-10T14:49:12.399+0200: 10.547: [CMS-concurrent-reset-start]
2014-07-10T14:49:12.400+0200: 10.549: [CMS-concurrent-reset: 0.001/0.001 secs] [Times: user=0.00 sys=0.00, real=0.00 secs] 
2014-07-10T14:49:12.513+0200: 10.661: [GC2014-07-10T14:49:12.513+0200: 10.661: [ParNew: 78639K->8704K(78656K), 0.0519439 secs] 145421K->145244K(253440K), 0.0520927 secs] [Times: user=0.09 sys=0.00, real=0.05 secs] 
2014-07-10T14:49:12.565+0200: 10.714: [GC [1 CMS-initial-mark: 136540K(174784K)] 145284K(253440K), 0.0003531 secs] [Times: user=0.00 sys=0.01, real=0.00 secs] 
2014-07-10T14:49:12.566+0200: 10.714: [CMS-concurrent-mark-start]
2014-07-10T14:49:12.586+0200: 10.735: [CMS-concurrent-mark: 0.021/0.021 secs] [Times: user=0.00 sys=0.00, real=0.02 secs] 
2014-07-10T14:49:12.587+0200: 10.735: [CMS-concurrent-preclean-start]
2014-07-10T14:49:12.588+0200: 10.736: [CMS-concurrent-preclean: 0.001/0.001 secs] [Times: user=0.00 sys=0.00, real=0.00 secs] 
2014-07-10T14:49:12.588+0200: 10.737: [CMS-concurrent-abortable-preclean-start]
2014-07-10T14:49:12.690+0200: 10.838: [CMS-concurrent-abortable-preclean: 0.002/0.102 secs] [Times: user=0.00 sys=0.00, real=0.10 secs] 
2014-07-10T14:49:12.690+0200: 10.838: [GC[YG occupancy: 69513 K (78656 K)]2014-07-10T14:49:12.690+0200: 10.838: [Rescan (parallel) , 0.0014665 secs]2014-07-10T14:49:12.691+0200: 10.840: [weak refs processing, 0.0000462 secs]2014-07-10T14:49:12.691+0200: 10.840: [scrub string table, 0.0002412 secs] [1 CMS-remark: 136540K(174784K)] 206054K(253440K), 0.0018456 secs] [Times: user=0.03 sys=0.00, real=0.00 secs] 
2014-07-10T14:49:12.692+0200: 10.840: [CMS-concurrent-sweep-start]
2014-07-10T14:49:12.696+0200: 10.845: [CMS-concurrent-sweep: 0.004/0.004 secs] [Times: user=0.00 sys=0.00, real=0.00 secs] 
2014-07-10T14:49:12.696+0200: 10.845: [CMS-concurrent-reset-start]
2014-07-10T14:49:12.697+0200: 10.846: [CMS-concurrent-reset: 0.001/0.001 secs] [Times: user=0.00 sys=0.00, real=0.00 secs] 
2014-07-10T14:49:12.707+0200: 10.855: [GC2014-07-10T14:49:12.707+0200: 10.856: [ParNew: 78645K->78645K(78656K), 0.0000550 secs]2014-07-10T14:49:12.707+0200: 10.856: [CMS: 136256K->174746K(174784K), 0.1529760 secs] 214901K->214463K(253440K), [CMS Perm : 2651K->2651K(21248K)], 0.1533320 secs] [Times: user=0.14 sys=0.00, real=0.15 secs] 
2014-07-10T14:49:12.861+0200: 11.009: [GC [1 CMS-initial-mark: 174746K(174784K)] 214504K(253440K), 0.0006867 secs] [Times: user=0.00 sys=0.00, real=0.00 secs] 
2014-07-10T14:49:12.861+0200: 11.010: [CMS-concurrent-mark-start]
2014-07-10T14:49:12.879+0200: 11.027: [CMS-concurrent-mark: 0.018/0.018 secs] [Times: user=0.05 sys=0.00, real=0.02 secs] 
2014-07-10T14:49:12.879+0200: 11.027: [CMS-concurrent-preclean-start]
2014-07-10T14:49:12.892+0200: 11.041: [CMS-concurrent-preclean: 0.013/0.013 secs] [Times: user=0.00 sys=0.00, real=0.01 secs] 
2014-07-10T14:49:12.892+0200: 11.041: [CMS-concurrent-abortable-preclean-start]
2014-07-10T14:49:12.892+0200: 11.041: [CMS-concurrent-abortable-preclean: 0.000/0.000 secs] [Times: user=0.00 sys=0.00, real=0.00 secs] 
2014-07-10T14:49:12.893+0200: 11.041: [GC[YG occupancy: 59050 K (78656 K)]2014-07-10T14:49:12.893+0200: 11.041: [Rescan (parallel) , 0.0008660 secs]2014-07-10T14:49:12.894+0200: 11.042: [weak refs processing, 0.0000330 secs]2014-07-10T14:49:12.894+0200: 11.042: [scrub string table, 0.0001492 secs] [1 CMS-remark: 174746K(174784K)] 233796K(253440K), 0.0011677 secs] [Times: user=0.00 sys=0.00, real=0.00 secs] 
2014-07-10T14:49:12.894+0200: 11.043: [CMS-concurrent-sweep-start]
2014-07-10T14:49:12.898+0200: 11.047: [CMS-concurrent-sweep: 0.004/0.004 secs] [Times: user=0.00 sys=0.00, real=0.00 secs] 
2014-07-10T14:49:12.898+0200: 11.047: [CMS-concurrent-reset-start]
2014-07-10T14:49:12.900+0200: 11.048: [CMS-concurrent-reset: 0.001/0.001 secs] [Times: user=0.00 sys=0.00, real=0.00 secs] 
2014-07-10T14:49:12.928+0200: 11.076: [GC2014-07-10T14:49:12.928+0200: 11.076: [ParNew: 78641K->78641K(78656K), 0.0000451 secs]2014-07-10T14:49:12.928+0200: 11.076: [CMS: 174740K->174783K(174784K), 0.1643590 secs] 253382K->253190K(253440K), [CMS Perm : 2651K->2651K(21248K)], 0.1645467 secs] [Times: user=0.16 sys=0.00, real=0.16 secs] 
2014-07-10T14:49:13.093+0200: 11.241: [GC [1 CMS-initial-mark: 174783K(174784K)] 253229K(253440K), 0.0009807 secs] [Times: user=0.00 sys=0.00, real=0.00 secs] 
2014-07-10T14:49:13.094+0200: 11.243: [CMS-concurrent-mark-start]
2014-07-10T14:49:13.114+0200: 11.262: [CMS-concurrent-mark: 0.019/0.019 secs] [Times: user=0.03 sys=0.00, real=0.02 secs] 
2014-07-10T14:49:13.114+0200: 11.262: [CMS-concurrent-preclean-start]
2014-07-10T14:49:13.127+0200: 11.275: [CMS-concurrent-preclean: 0.013/0.013 secs] [Times: user=0.02 sys=0.00, real=0.01 secs] 
2014-07-10T14:49:13.127+0200: 11.275: [CMS-concurrent-abortable-preclean-start]
2014-07-10T14:49:13.127+0200: 11.275: [CMS-concurrent-abortable-preclean: 0.000/0.000 secs] [Times: user=0.00 sys=0.00, real=0.00 secs] 
2014-07-10T14:49:13.127+0200: 11.275: [GC[YG occupancy: 78446 K (78656 K)]2014-07-10T14:49:13.127+0200: 11.275: [Rescan (parallel) , 0.0010760 secs]2014-07-10T14:49:13.128+0200: 11.277: [weak refs processing, 0.0000337 secs]2014-07-10T14:49:13.128+0200: 11.277: [scrub string table, 0.0002552 secs] [1 CMS-remark: 174783K(174784K)] 253229K(253440K), 0.0014559 secs] [Times: user=0.00 sys=0.00, real=0.00 secs] 
2014-07-10T14:49:13.129+0200: 11.277: [CMS-concurrent-sweep-start]
2014-07-10T14:49:13.132+0200: 11.280: [Full GC2014-07-10T14:49:13.132+0200: 11.280: [CMS2014-07-10T14:49:13.133+0200: 11.281: [CMS-concurrent-sweep: 0.004/0.004 secs] [Times: user=0.00 sys=0.00, real=0.00 secs] 
 (concurrent mode failure): 174783K->174782K(174784K), 0.1238799 secs] 253390K->253386K(253440K), [CMS Perm : 2651K->2651K(21248K)], 0.1240196 secs] [Times: user=0.13 sys=0.00, real=0.12 secs] 
2014-07-10T14:49:13.256+0200: 11.405: [Full GC2014-07-10T14:49:13.256+0200: 11.405: [CMS: 174782K->5994K(174784K), 0.0333541 secs] 253386K->5994K(253440K), [CMS Perm : 2651K->2651K(21248K)], 0.0334421 secs] [Times: user=0.03 sys=0.00, real=0.03 secs] 
2014-07-10T14:49:13.402+0200: 11.550: [GC2014-07-10T14:49:13.402+0200: 11.550: [ParNew: 69918K->8704K(78656K), 0.0451943 secs] 75912K->75813K(253440K), 0.0453494 secs] [Times: user=0.09 sys=0.00, real=0.05 secs] 
2014-07-10T14:49:13.448+0200: 11.596: [GC [1 CMS-initial-mark: 67109K(174784K)] 75854K(253440K), 0.0002412 secs] [Times: user=0.00 sys=0.00, real=0.00 secs] 
2014-07-10T14:49:13.448+0200: 11.596: [CMS-concurrent-mark-start]
2014-07-10T14:49:13.466+0200: 11.615: [CMS-concurrent-mark: 0.018/0.018 secs] [Times: user=0.03 sys=0.00, real=0.02 secs] 
2014-07-10T14:49:13.466+0200: 11.615: [CMS-concurrent-preclean-start]
2014-07-10T14:49:13.469+0200: 11.617: [CMS-concurrent-preclean: 0.002/0.002 secs] [Times: user=0.00 sys=0.00, real=0.00 secs] 
2014-07-10T14:49:13.469+0200: 11.617: [CMS-concurrent-abortable-preclean-start]
2014-07-10T14:49:13.564+0200: 11.712: [GC2014-07-10T14:49:13.564+0200: 11.713: [ParNew2014-07-10T14:49:13.590+0200: 11.738: [CMS-concurrent-abortable-preclean: 0.001/0.121 secs] [Times: user=0.03 sys=0.00, real=0.12 secs] 
: 78648K->8704K(78656K), 0.0617852 secs] 145758K->145581K(253440K), 0.0619465 secs] [Times: user=0.06 sys=0.00, real=0.06 secs] 
2014-07-10T14:49:13.631+0200: 11.780: [GC[YG occupancy: 9728 K (78656 K)]2014-07-10T14:49:13.631+0200: 11.780: [Rescan (parallel) , 0.0014812 secs]2014-07-10T14:49:13.633+0200: 11.781: [weak refs processing, 0.0004286 secs]2014-07-10T14:49:13.633+0200: 11.782: [scrub string table, 0.0001862 secs] [1 CMS-remark: 136877K(174784K)] 146605K(253440K), 0.0022313 secs] [Times: user=0.00 sys=0.00, real=0.00 secs] 
2014-07-10T14:49:13.634+0200: 11.783: [CMS-concurrent-sweep-start]
2014-07-10T14:49:13.639+0200: 11.788: [CMS-concurrent-sweep: 0.005/0.005 secs] [Times: user=0.00 sys=0.00, real=0.00 secs] 
2014-07-10T14:49:13.640+0200: 11.789: [CMS-concurrent-reset-start]
2014-07-10T14:49:13.641+0200: 11.790: [CMS-concurrent-reset: 0.001/0.001 secs] [Times: user=0.00 sys=0.00, real=0.00 secs] 
2014-07-10T14:49:13.771+0200: 11.919: [GC2014-07-10T14:49:13.771+0200: 11.919: [ParNew: 78640K->78640K(78656K), 0.0000480 secs]2014-07-10T14:49:13.771+0200: 11.919: [CMS: 136718K->174765K(174784K), 0.1568582 secs] 215359K->214753K(253440K), [CMS Perm : 2651K->2651K(21248K)], 0.1570654 secs] [Times: user=0.16 sys=0.00, real=0.16 secs] 
2014-07-10T14:49:13.928+0200: 12.077: [GC [1 CMS-initial-mark: 174765K(174784K)] 214795K(253440K), 0.0004953 secs] [Times: user=0.00 sys=0.00, real=0.00 secs] 
2014-07-10T14:49:13.929+0200: 12.077: [CMS-concurrent-mark-start]
2014-07-10T14:49:13.947+0200: 12.095: [CMS-concurrent-mark: 0.018/0.018 secs] [Times: user=0.01 sys=0.00, real=0.02 secs] 
2014-07-10T14:49:13.947+0200: 12.095: [CMS-concurrent-preclean-start]
2014-07-10T14:49:13.960+0200: 12.109: [CMS-concurrent-preclean: 0.013/0.013 secs] [Times: user=0.02 sys=0.00, real=0.01 secs] 
2014-07-10T14:49:13.960+0200: 12.109: [CMS-concurrent-abortable-preclean-start]
2014-07-10T14:49:13.960+0200: 12.109: [CMS-concurrent-abortable-preclean: 0.000/0.000 secs] [Times: user=0.00 sys=0.00, real=0.00 secs] 
2014-07-10T14:49:13.960+0200: 12.109: [GC[YG occupancy: 58312 K (78656 K)]2014-07-10T14:49:13.961+0200: 12.109: [Rescan (parallel) , 0.0008018 secs]2014-07-10T14:49:13.961+0200: 12.110: [weak refs processing, 0.0000301 secs]2014-07-10T14:49:13.961+0200: 12.110: [scrub string table, 0.0002812 secs] [1 CMS-remark: 174765K(174784K)] 233077K(253440K), 0.0011989 secs] [Times: user=0.00 sys=0.00, real=0.00 secs] 
2014-07-10T14:49:13.962+0200: 12.110: [CMS-concurrent-sweep-start]
2014-07-10T14:49:13.966+0200: 12.114: [CMS-concurrent-sweep: 0.004/0.004 secs] [Times: user=0.00 sys=0.00, real=0.00 secs] 
2014-07-10T14:49:13.966+0200: 12.114: [CMS-concurrent-reset-start]
2014-07-10T14:49:13.967+0200: 12.115: [CMS-concurrent-reset: 0.001/0.001 secs] [Times: user=0.00 sys=0.00, real=0.00 secs] 
2014-07-10T14:49:13.997+0200: 12.145: [GC2014-07-10T14:49:13.997+0200: 12.145: [ParNew: 78641K->78641K(78656K), 0.0000477 secs]2014-07-10T14:49:13.997+0200: 12.145: [CMS: 174761K->174763K(174784K), 0.1645291 secs] 253402K->253212K(253440K), [CMS Perm : 2651K->2651K(21248K)], 0.1647484 secs] [Times: user=0.17 sys=0.00, real=0.16 secs] 
2014-07-10T14:49:14.162+0200: 12.310: [GC [1 CMS-initial-mark: 174763K(174784K)] 253253K(253440K), 0.0007835 secs] [Times: user=0.00 sys=0.00, real=0.00 secs] 
2014-07-10T14:49:14.163+0200: 12.311: [CMS-concurrent-mark-start]
2014-07-10T14:49:14.163+0200: 12.311: [Full GC2014-07-10T14:49:14.163+0200: 12.311: [CMS2014-07-10T14:49:14.179+0200: 12.328: [CMS-concurrent-mark: 0.016/0.017 secs] [Times: user=0.02 sys=0.00, real=0.02 secs] 
 (concurrent mode failure): 174763K->174763K(174784K), 0.1430658 secs] 253370K->253368K(253440K), [CMS Perm : 2651K->2651K(21248K)], 0.1431633 secs] [Times: user=0.14 sys=0.00, real=0.14 secs] 
2014-07-10T14:49:14.306+0200: 12.454: [Full GC2014-07-10T14:49:14.306+0200: 12.454: [CMS: 174763K->6208K(174784K), 0.0334641 secs] 253368K->6208K(253440K), [CMS Perm : 2651K->2651K(21248K)], 0.0335686 secs] [Times: user=0.03 sys=0.00, real=0.03 secs] 
2014-07-10T14:49:14.455+0200: 12.603: [GC2014-07-10T14:49:14.455+0200: 12.604: [ParNew: 69940K->8704K(78656K), 0.0447987 secs] 76148K->76059K(253440K), 0.0449791 secs] [Times: user=0.08 sys=0.00, real=0.05 secs] 
2014-07-10T14:49:14.500+0200: 12.649: [GC [1 CMS-initial-mark: 67355K(174784K)] 76100K(253440K), 0.0002768 secs] [Times: user=0.00 sys=0.00, real=0.00 secs] 
2014-07-10T14:49:14.501+0200: 12.649: [CMS-concurrent-mark-start]
2014-07-10T14:49:14.520+0200: 12.668: [CMS-concurrent-mark: 0.019/0.019 secs] [Times: user=0.02 sys=0.00, real=0.02 secs] 
2014-07-10T14:49:14.520+0200: 12.668: [CMS-concurrent-preclean-start]
2014-07-10T14:49:14.522+0200: 12.670: [CMS-concurrent-preclean: 0.002/0.002 secs] [Times: user=0.00 sys=0.00, real=0.00 secs] 
2014-07-10T14:49:14.522+0200: 12.670: [CMS-concurrent-abortable-preclean-start]
2014-07-10T14:49:14.638+0200: 12.787: [GC2014-07-10T14:49:14.638+0200: 12.787: [ParNew: 78650K->8704K(78656K), 0.0503656 secs] 146006K->145815K(253440K), 0.0505265 secs] [Times: user=0.12 sys=0.00, real=0.05 secs] 
2014-07-10T14:49:14.806+0200: 12.954: [CMS-concurrent-abortable-preclean: 0.016/0.284 secs] [Times: user=0.12 sys=0.03, real=0.28 secs] 
2014-07-10T14:49:14.806+0200: 12.954: [GC[YG occupancy: 66481 K (78656 K)]2014-07-10T14:49:14.806+0200: 12.954: [Rescan (parallel) , 0.0012572 secs]2014-07-10T14:49:14.807+0200: 12.956: [weak refs processing, 0.0004535 secs]2014-07-10T14:49:14.807+0200: 12.956: [scrub string table, 0.0002185 secs] [1 CMS-remark: 137111K(174784K)] 203592K(253440K), 0.0020197 secs] [Times: user=0.00 sys=0.00, real=0.00 secs] 
2014-07-10T14:49:14.808+0200: 12.956: [CMS-concurrent-sweep-start]
2014-07-10T14:49:14.813+0200: 12.961: [CMS-concurrent-sweep: 0.005/0.005 secs] [Times: user=0.02 sys=0.00, real=0.00 secs] 
2014-07-10T14:49:14.813+0200: 12.961: [CMS-concurrent-reset-start]
2014-07-10T14:49:14.814+0200: 12.962: [CMS-concurrent-reset: 0.001/0.001 secs] [Times: user=0.00 sys=0.00, real=0.00 secs] 
2014-07-10T14:49:14.834+0200: 12.982: [GC2014-07-10T14:49:14.834+0200: 12.982: [ParNew: 78637K->78637K(78656K), 0.0000469 secs]2014-07-10T14:49:14.834+0200: 12.982: [CMS: 136944K->174751K(174784K), 0.1585124 secs] 215581K->214978K(253440K), [CMS Perm : 2651K->2651K(21248K)], 0.1587163 secs] [Times: user=0.16 sys=0.00, real=0.16 secs] 
2014-07-10T14:49:14.993+0200: 13.141: [GC [1 CMS-initial-mark: 174751K(174784K)] 215019K(253440K), 0.0004861 secs] [Times: user=0.00 sys=0.00, real=0.00 secs] 
2014-07-10T14:49:14.993+0200: 13.142: [CMS-concurrent-mark-start]
2014-07-10T14:49:15.013+0200: 13.161: [CMS-concurrent-mark: 0.019/0.019 secs] [Times: user=0.02 sys=0.00, real=0.02 secs] 
2014-07-10T14:49:15.013+0200: 13.161: [CMS-concurrent-preclean-start]
2014-07-10T14:49:15.026+0200: 13.175: [CMS-concurrent-preclean: 0.014/0.014 secs] [Times: user=0.02 sys=0.00, real=0.01 secs] 
2014-07-10T14:49:15.027+0200: 13.175: [CMS-concurrent-abortable-preclean-start]
2014-07-10T14:49:15.027+0200: 13.175: [CMS-concurrent-abortable-preclean: 0.000/0.000 secs] [Times: user=0.00 sys=0.00, real=0.00 secs] 
2014-07-10T14:49:15.027+0200: 13.175: [GC[YG occupancy: 60999 K (78656 K)]2014-07-10T14:49:15.027+0200: 13.175: [Rescan (parallel) , 0.0009243 secs]2014-07-10T14:49:15.028+0200: 13.176: [weak refs processing, 0.0001437 secs]2014-07-10T14:49:15.028+0200: 13.176: [scrub string table, 0.0001844 secs] [1 CMS-remark: 174751K(174784K)] 235751K(253440K), 0.0013470 secs] [Times: user=0.00 sys=0.00, real=0.00 secs] 
2014-07-10T14:49:15.028+0200: 13.177: [CMS-concurrent-sweep-start]
2014-07-10T14:49:15.033+0200: 13.181: [CMS-concurrent-sweep: 0.004/0.004 secs] [Times: user=0.02 sys=0.00, real=0.00 secs] 
2014-07-10T14:49:15.033+0200: 13.181: [CMS-concurrent-reset-start]
2014-07-10T14:49:15.033+0200: 13.182: [CMS-concurrent-reset: 0.001/0.001 secs] [Times: user=0.00 sys=0.00, real=0.00 secs] 
2014-07-10T14:49:15.059+0200: 13.207: [GC2014-07-10T14:49:15.059+0200: 13.207: [ParNew: 78647K->78647K(78656K), 0.0000477 secs]2014-07-10T14:49:15.059+0200: 13.207: [CMS: 174743K->174778K(174784K), 0.1607309 secs] 253391K->253198K(253440K), [CMS Perm : 2651K->2651K(21248K)], 0.1609406 secs] [Times: user=0.16 sys=0.00, real=0.16 secs] 
2014-07-10T14:49:15.220+0200: 13.368: [GC [1 CMS-initial-mark: 174778K(174784K)] 253239K(253440K), 0.0009642 secs] [Times: user=0.00 sys=0.00, real=0.00 secs] 
2014-07-10T14:49:15.221+0200: 13.369: [CMS-concurrent-mark-start]
2014-07-10T14:49:15.221+0200: 13.370: [Full GC2014-07-10T14:49:15.221+0200: 13.370: [CMS2014-07-10T14:49:15.238+0200: 13.387: [CMS-concurrent-mark: 0.017/0.017 secs] [Times: user=0.02 sys=0.00, real=0.02 secs] 
 (concurrent mode failure): 174778K->174777K(174784K), 0.1419589 secs] 253398K->253394K(253440K), [CMS Perm : 2651K->2651K(21248K)], 0.1420858 secs] [Times: user=0.14 sys=0.00, real=0.14 secs] 
2014-07-10T14:49:15.363+0200: 13.512: [Full GC2014-07-10T14:49:15.363+0200: 13.512: [CMS: 174777K->6470K(174784K), 0.0382497 secs] 253394K->6470K(253440K), [CMS Perm : 2651K->2651K(21248K)], 0.0383641 secs] [Times: user=0.03 sys=0.00, real=0.04 secs] 
2014-07-10T14:49:15.514+0200: 13.663: [GC2014-07-10T14:49:15.514+0200: 13.663: [ParNew: 69921K->8704K(78656K), 0.0457010 secs] 76391K->76293K(253440K), 0.0458575 secs] [Times: user=0.06 sys=0.00, real=0.05 secs] 
2014-07-10T14:49:15.560+0200: 13.709: [GC [1 CMS-initial-mark: 67589K(174784K)] 76332K(253440K), 0.0003571 secs] [Times: user=0.00 sys=0.00, real=0.00 secs] 
2014-07-10T14:49:15.560+0200: 13.709: [CMS-concurrent-mark-start]
2014-07-10T14:49:15.579+0200: 13.728: [CMS-concurrent-mark: 0.019/0.019 secs] [Times: user=0.05 sys=0.00, real=0.02 secs] 
2014-07-10T14:49:15.579+0200: 13.728: [CMS-concurrent-preclean-start]
2014-07-10T14:49:15.582+0200: 13.731: [CMS-concurrent-preclean: 0.002/0.003 secs] [Times: user=0.00 sys=0.00, real=0.00 secs] 
2014-07-10T14:49:15.582+0200: 13.731: [CMS-concurrent-abortable-preclean-start]
2014-07-10T14:49:15.679+0200: 13.827: [GC2014-07-10T14:49:15.679+0200: 13.828: [ParNew2014-07-10T14:49:15.713+0200: 13.861: [CMS-concurrent-abortable-preclean: 0.002/0.131 secs] [Times: user=0.06 sys=0.00, real=0.13 secs] 
: 78626K->8704K(78656K), 0.0512913 secs] 146216K->146065K(253440K), 0.0514427 secs] [Times: user=0.09 sys=0.00, real=0.05 secs] 
2014-07-10T14:49:15.731+0200: 13.880: [GC[YG occupancy: 9845 K (78656 K)]2014-07-10T14:49:15.731+0200: 13.880: [Rescan (parallel) , 0.0015615 secs]2014-07-10T14:49:15.733+0200: 13.881: [weak refs processing, 0.0003450 secs]2014-07-10T14:49:15.733+0200: 13.882: [scrub string table, 0.0001595 secs] [1 CMS-remark: 137361K(174784K)] 147207K(253440K), 0.0021613 secs] [Times: user=0.03 sys=0.00, real=0.00 secs] 
2014-07-10T14:49:15.734+0200: 13.882: [CMS-concurrent-sweep-start]
2014-07-10T14:49:15.739+0200: 13.887: [CMS-concurrent-sweep: 0.005/0.005 secs] [Times: user=0.00 sys=0.00, real=0.01 secs] 
2014-07-10T14:49:15.739+0200: 13.887: [CMS-concurrent-reset-start]
2014-07-10T14:49:15.739+0200: 13.888: [CMS-concurrent-reset: 0.001/0.001 secs] [Times: user=0.00 sys=0.00, real=0.00 secs] 
2014-07-10T14:49:15.851+0200: 13.999: [GC2014-07-10T14:49:15.851+0200: 13.999: [ParNew: 78631K->78631K(78656K), 0.0000480 secs]2014-07-10T14:49:15.851+0200: 13.999: [CMS: 137160K->174776K(174784K), 0.1663663 secs] 215791K->215013K(253440K), [CMS Perm : 2651K->2651K(21248K)], 0.1665782 secs] [Times: user=0.16 sys=0.00, real=0.17 secs] 
2014-07-10T14:49:16.017+0200: 14.166: [GC [1 CMS-initial-mark: 174776K(174784K)] 215054K(253440K), 0.0005063 secs] [Times: user=0.00 sys=0.00, real=0.00 secs] 
2014-07-10T14:49:16.018+0200: 14.167: [CMS-concurrent-mark-start]
2014-07-10T14:49:16.037+0200: 14.186: [CMS-concurrent-mark: 0.019/0.019 secs] [Times: user=0.02 sys=0.00, real=0.02 secs] 
2014-07-10T14:49:16.037+0200: 14.186: [CMS-concurrent-preclean-start]
2014-07-10T14:49:16.052+0200: 14.200: [CMS-concurrent-preclean: 0.014/0.014 secs] [Times: user=0.01 sys=0.00, real=0.02 secs] 
2014-07-10T14:49:16.052+0200: 14.201: [CMS-concurrent-abortable-preclean-start]
2014-07-10T14:49:16.052+0200: 14.201: [CMS-concurrent-abortable-preclean: 0.000/0.000 secs] [Times: user=0.00 sys=0.00, real=0.00 secs] 
2014-07-10T14:49:16.052+0200: 14.201: [GC[YG occupancy: 60658 K (78656 K)]2014-07-10T14:49:16.052+0200: 14.201: [Rescan (parallel) , 0.0008810 secs]2014-07-10T14:49:16.053+0200: 14.202: [weak refs processing, 0.0000323 secs]2014-07-10T14:49:16.053+0200: 14.202: [scrub string table, 0.0001752 secs] [1 CMS-remark: 174776K(174784K)] 235435K(253440K), 0.0011714 secs] [Times: user=0.00 sys=0.00, real=0.00 secs] 
2014-07-10T14:49:16.053+0200: 14.202: [CMS-concurrent-sweep-start]
2014-07-10T14:49:16.058+0200: 14.206: [CMS-concurrent-sweep: 0.005/0.005 secs] [Times: user=0.00 sys=0.00, real=0.01 secs] 
2014-07-10T14:49:16.058+0200: 14.207: [CMS-concurrent-reset-start]
2014-07-10T14:49:16.059+0200: 14.207: [CMS-concurrent-reset: 0.001/0.001 secs] [Times: user=0.00 sys=0.00, real=0.00 secs] 
2014-07-10T14:49:16.085+0200: 14.233: [GC2014-07-10T14:49:16.085+0200: 14.233: [ParNew: 78650K->78650K(78656K), 0.0000477 secs]2014-07-10T14:49:16.085+0200: 14.233: [CMS: 174766K->174781K(174784K), 0.1629358 secs] 253416K->253159K(253440K), [CMS Perm : 2651K->2651K(21248K)], 0.1631312 secs] [Times: user=0.16 sys=0.00, real=0.16 secs] 
2014-07-10T14:49:16.248+0200: 14.397: [GC [1 CMS-initial-mark: 174781K(174784K)] 253198K(253440K), 0.0011354 secs] [Times: user=0.00 sys=0.00, real=0.00 secs] 
2014-07-10T14:49:16.249+0200: 14.398: [CMS-concurrent-mark-start]
2014-07-10T14:49:16.255+0200: 14.404: [Full GC2014-07-10T14:49:16.255+0200: 14.404: [CMS2014-07-10T14:49:16.268+0200: 14.417: [CMS-concurrent-mark: 0.018/0.019 secs] [Times: user=0.02 sys=0.00, real=0.02 secs] 
 (concurrent mode failure): 174781K->174781K(174784K), 0.1309458 secs] 253398K->253396K(253440K), [CMS Perm : 2651K->2651K(21248K)], 0.1310738 secs] [Times: user=0.13 sys=0.00, real=0.13 secs] 
2014-07-10T14:49:16.386+0200: 14.535: [Full GC2014-07-10T14:49:16.386+0200: 14.535: [CMS: 174781K->6748K(174784K), 0.0350582 secs] 253396K->6748K(253440K), [CMS Perm : 2651K->2651K(21248K)], 0.0351469 secs] [Times: user=0.05 sys=0.00, real=0.04 secs] 
2014-07-10T14:49:16.534+0200: 14.682: [GC2014-07-10T14:49:16.534+0200: 14.682: [ParNew: 69936K->8704K(78656K), 0.0495916 secs] 76685K->76587K(253440K), 0.0497265 secs] [Times: user=0.09 sys=0.00, real=0.05 secs] 
2014-07-10T14:49:16.584+0200: 14.732: [GC [1 CMS-initial-mark: 67883K(174784K)] 76628K(253440K), 0.0003468 secs] [Times: user=0.00 sys=0.00, real=0.00 secs] 
2014-07-10T14:49:16.584+0200: 14.733: [CMS-concurrent-mark-start]
2014-07-10T14:49:16.603+0200: 14.752: [CMS-concurrent-mark: 0.019/0.019 secs] [Times: user=0.02 sys=0.00, real=0.02 secs] 
2014-07-10T14:49:16.604+0200: 14.752: [CMS-concurrent-preclean-start]
2014-07-10T14:49:16.606+0200: 14.754: [CMS-concurrent-preclean: 0.002/0.002 secs] [Times: user=0.02 sys=0.00, real=0.00 secs] 
2014-07-10T14:49:16.606+0200: 14.754: [CMS-concurrent-abortable-preclean-start]
2014-07-10T14:49:16.707+0200: 14.856: [GC2014-07-10T14:49:16.707+0200: 14.856: [ParNew: 78621K->8704K(78656K), 0.0513320 secs] 146504K->146334K(253440K), 0.0514878 secs] [Times: user=0.09 sys=0.00, real=0.05 secs] 
2014-07-10T14:49:16.876+0200: 15.024: [CMS-concurrent-abortable-preclean: 0.013/0.270 secs] [Times: user=0.09 sys=0.02, real=0.27 secs] 
2014-07-10T14:49:16.876+0200: 15.025: [GC[YG occupancy: 70206 K (78656 K)]2014-07-10T14:49:16.876+0200: 15.025: [Rescan (parallel) , 0.0014716 secs]2014-07-10T14:49:16.877+0200: 15.026: [weak refs processing, 0.0004385 secs]2014-07-10T14:49:16.878+0200: 15.027: [scrub string table, 0.0001675 secs] [1 CMS-remark: 137630K(174784K)] 207837K(253440K), 0.0021649 secs] [Times: user=0.00 sys=0.00, real=0.00 secs] 
2014-07-10T14:49:16.878+0200: 15.027: [CMS-concurrent-sweep-start]
2014-07-10T14:49:16.883+0200: 15.032: [CMS-concurrent-sweep: 0.005/0.005 secs] [Times: user=0.00 sys=0.00, real=0.00 secs] 
2014-07-10T14:49:16.883+0200: 15.032: [CMS-concurrent-reset-start]
2014-07-10T14:49:16.884+0200: 15.033: [CMS-concurrent-reset: 0.001/0.001 secs] [Times: user=0.00 sys=0.00, real=0.00 secs] 
2014-07-10T14:49:16.892+0200: 15.040: [GC2014-07-10T14:49:16.892+0200: 15.040: [ParNew: 78627K->78627K(78656K), 0.0000488 secs]2014-07-10T14:49:16.892+0200: 15.041: [CMS: 137417K->174749K(174784K), 0.1660770 secs] 216045K->215258K(253440K), [CMS Perm : 2651K->2651K(21248K)], 0.1662776 secs] [Times: user=0.17 sys=0.00, real=0.17 secs] 
2014-07-10T14:49:17.059+0200: 15.207: [GC [1 CMS-initial-mark: 174749K(174784K)] 215299K(253440K), 0.0009532 secs] [Times: user=0.00 sys=0.00, real=0.00 secs] 
2014-07-10T14:49:17.060+0200: 15.208: [CMS-concurrent-mark-start]
2014-07-10T14:49:17.080+0200: 15.229: [CMS-concurrent-mark: 0.021/0.021 secs] [Times: user=0.01 sys=0.00, real=0.02 secs] 
2014-07-10T14:49:17.080+0200: 15.229: [CMS-concurrent-preclean-start]
2014-07-10T14:49:17.095+0200: 15.244: [CMS-concurrent-preclean: 0.015/0.015 secs] [Times: user=0.02 sys=0.00, real=0.02 secs] 
2014-07-10T14:49:17.095+0200: 15.244: [CMS-concurrent-abortable-preclean-start]
2014-07-10T14:49:17.095+0200: 15.244: [CMS-concurrent-abortable-preclean: 0.000/0.000 secs] [Times: user=0.00 sys=0.00, real=0.00 secs] 
2014-07-10T14:49:17.095+0200: 15.244: [GC[YG occupancy: 57861 K (78656 K)]2014-07-10T14:49:17.095+0200: 15.244: [Rescan (parallel) , 0.0009969 secs]2014-07-10T14:49:17.096+0200: 15.245: [weak refs processing, 0.0000304 secs]2014-07-10T14:49:17.096+0200: 15.245: [scrub string table, 0.0001496 secs] [1 CMS-remark: 174749K(174784K)] 232611K(253440K), 0.0012601 secs] [Times: user=0.00 sys=0.00, real=0.00 secs] 
2014-07-10T14:49:17.097+0200: 15.245: [CMS-concurrent-sweep-start]
2014-07-10T14:49:17.101+0200: 15.250: [CMS-concurrent-sweep: 0.005/0.005 secs] [Times: user=0.00 sys=0.00, real=0.00 secs] 
2014-07-10T14:49:17.101+0200: 15.250: [CMS-concurrent-reset-start]
2014-07-10T14:49:17.102+0200: 15.251: [CMS-concurrent-reset: 0.001/0.001 secs] [Times: user=0.00 sys=0.00, real=0.00 secs] 
2014-07-10T14:49:17.132+0200: 15.281: [GC2014-07-10T14:49:17.132+0200: 15.281: [ParNew: 78618K->78618K(78656K), 0.0000480 secs]2014-07-10T14:49:17.132+0200: 15.281: [CMS: 174743K->174751K(174784K), 0.1603375 secs] 253361K->253100K(253440K), [CMS Perm : 2651K->2651K(21248K)], 0.1605512 secs] [Times: user=0.16 sys=0.00, real=0.16 secs] 
2014-07-10T14:49:17.293+0200: 15.441: [GC [1 CMS-initial-mark: 174751K(174784K)] 253141K(253440K), 0.0013697 secs] [Times: user=0.00 sys=0.00, real=0.00 secs] 
2014-07-10T14:49:17.294+0200: 15.443: [CMS-concurrent-mark-start]
2014-07-10T14:49:17.294+0200: 15.443: [Full GC2014-07-10T14:49:17.294+0200: 15.443: [CMS2014-07-10T14:49:17.311+0200: 15.460: [CMS-concurrent-mark: 0.017/0.017 secs] [Times: user=0.02 sys=0.00, real=0.02 secs] 
 (concurrent mode failure): 174751K->174750K(174784K), 0.1362216 secs] 253381K->253374K(253440K), [CMS Perm : 2651K->2651K(21248K)], 0.1363554 secs] [Times: user=0.13 sys=0.00, real=0.14 secs] 
2014-07-10T14:49:17.431+0200: 15.579: [Full GC2014-07-10T14:49:17.431+0200: 15.579: [CMS: 174750K->7066K(174784K), 0.0351880 secs] 253374K->7066K(253440K), [CMS Perm : 2651K->2651K(21248K)], 0.0352804 secs] [Times: user=0.05 sys=0.00, real=0.04 secs] 
2014-07-10T14:49:17.584+0200: 15.733: [GC2014-07-10T14:49:17.584+0200: 15.733: [ParNew: 69931K->8704K(78656K), 0.0448116 secs] 76998K->76930K(253440K), 0.0450073 secs] [Times: user=0.09 sys=0.00, real=0.05 secs] 
2014-07-10T14:49:17.630+0200: 15.778: [GC [1 CMS-initial-mark: 68226K(174784K)] 76971K(253440K), 0.0002926 secs] [Times: user=0.00 sys=0.00, real=0.00 secs] 
2014-07-10T14:49:17.631+0200: 15.778: [CMS-concurrent-mark-start]
2014-07-10T14:49:17.651+0200: 15.798: [CMS-concurrent-mark: 0.020/0.020 secs] [Times: user=0.02 sys=0.00, real=0.02 secs] 
2014-07-10T14:49:17.651+0200: 15.798: [CMS-concurrent-preclean-start]
2014-07-10T14:49:17.652+0200: 15.800: [CMS-concurrent-preclean: 0.001/0.001 secs] [Times: user=0.01 sys=0.00, real=0.00 secs] 
2014-07-10T14:49:17.652+0200: 15.800: [CMS-concurrent-abortable-preclean-start]
2014-07-10T14:49:17.757+0200: 15.905: [CMS-concurrent-abortable-preclean: 0.004/0.105 secs] [Times: user=0.00 sys=0.00, real=0.11 secs] 
2014-07-10T14:49:17.757+0200: 15.905: [GC[YG occupancy: 71952 K (78656 K)]2014-07-10T14:49:17.757+0200: 15.905: [Rescan (parallel) , 0.0008440 secs]2014-07-10T14:49:17.758+0200: 15.906: [weak refs processing, 0.0004286 secs]2014-07-10T14:49:17.759+0200: 15.906: [scrub string table, 0.0001664 secs] [1 CMS-remark: 68226K(174784K)] 140178K(253440K), 0.0015248 secs] [Times: user=0.00 sys=0.00, real=0.00 secs] 
2014-07-10T14:49:17.759+0200: 15.907: [CMS-concurrent-sweep-start]
2014-07-10T14:49:17.764+0200: 15.911: [CMS-concurrent-sweep: 0.005/0.005 secs] [Times: user=0.02 sys=0.00, real=0.00 secs] 
2014-07-10T14:49:17.764+0200: 15.911: [CMS-concurrent-reset-start]
2014-07-10T14:49:17.765+0200: 15.912: [CMS-concurrent-reset: 0.001/0.001 secs] [Times: user=0.00 sys=0.00, real=0.00 secs] 
2014-07-10T14:49:17.770+0200: 15.918: [GC2014-07-10T14:49:17.770+0200: 15.918: [ParNew: 78626K->8704K(78656K), 0.0541180 secs] 146643K->146417K(253440K), 0.0542313 secs] [Times: user=0.09 sys=0.00, real=0.05 secs] 
2014-07-10T14:49:17.824+0200: 15.972: [GC [1 CMS-initial-mark: 137713K(174784K)] 146459K(253440K), 0.0002731 secs] [Times: user=0.00 sys=0.00, real=0.00 secs] 
2014-07-10T14:49:17.825+0200: 15.972: [CMS-concurrent-mark-start]
2014-07-10T14:49:17.845+0200: 15.993: [CMS-concurrent-mark: 0.020/0.020 secs] [Times: user=0.01 sys=0.00, real=0.02 secs] 
2014-07-10T14:49:17.845+0200: 15.993: [CMS-concurrent-preclean-start]
2014-07-10T14:49:17.847+0200: 15.995: [CMS-concurrent-preclean: 0.002/0.002 secs] [Times: user=0.00 sys=0.00, real=0.00 secs] 
2014-07-10T14:49:17.847+0200: 15.995: [CMS-concurrent-abortable-preclean-start]
2014-07-10T14:49:17.943+0200: 16.090: [GC2014-07-10T14:49:17.943+0200: 16.090: [ParNew: 78652K->78652K(78656K), 0.0000451 secs]2014-07-10T14:49:17.943+0200: 16.091: [CMS2014-07-10T14:49:17.943+0200: 16.091: [CMS-concurrent-abortable-preclean: 0.001/0.095 secs] [Times: user=0.00 sys=0.00, real=0.10 secs] 
 (concurrent mode failure): 137713K->174760K(174784K), 0.1538427 secs] 216366K->215735K(253440K), [CMS Perm : 2651K->2651K(21248K)], 0.1540363 secs] [Times: user=0.16 sys=0.00, real=0.15 secs] 
2014-07-10T14:49:18.161+0200: 16.309: [Full GC2014-07-10T14:49:18.161+0200: 16.309: [CMS: 174760K->174782K(174784K), 0.1733274 secs] 253415K->253211K(253440K), [CMS Perm : 2651K->2651K(21248K)], 0.1734649 secs] [Times: user=0.17 sys=0.00, real=0.17 secs] 
2014-07-10T14:49:18.335+0200: 16.483: [GC [1 CMS-initial-mark: 174782K(174784K)] 253294K(253440K), 0.0009041 secs] [Times: user=0.00 sys=0.00, real=0.00 secs] 
2014-07-10T14:49:18.336+0200: 16.484: [CMS-concurrent-mark-start]
2014-07-10T14:49:18.336+0200: 16.484: [Full GC2014-07-10T14:49:18.336+0200: 16.484: [CMS2014-07-10T14:49:18.355+0200: 16.503: [CMS-concurrent-mark: 0.019/0.019 secs] [Times: user=0.03 sys=0.00, real=0.02 secs] 
 (concurrent mode failure): 174782K->174782K(174784K), 0.1398911 secs] 253411K->253407K(253440K), [CMS Perm : 2651K->2651K(21248K)], 0.1399982 secs] [Times: user=0.14 sys=0.00, real=0.14 secs] 
2014-07-10T14:49:18.476+0200: 16.624: [Full GC2014-07-10T14:49:18.476+0200: 16.624: [CMS: 174782K->7247K(174784K), 0.0415885 secs] 253407K->7247K(253440K), [CMS Perm : 2651K->2651K(21248K)], 0.0416850 secs] [Times: user=0.05 sys=0.00, real=0.04 secs] 
2014-07-10T14:49:18.630+0200: 16.778: [GC2014-07-10T14:49:18.630+0200: 16.778: [ParNew: 69935K->8704K(78656K), 0.0460368 secs] 77182K->77097K(253440K), 0.0462267 secs] [Times: user=0.09 sys=0.00, real=0.05 secs] 
2014-07-10T14:49:18.677+0200: 16.824: [GC [1 CMS-initial-mark: 68393K(174784K)] 77138K(253440K), 0.0003069 secs] [Times: user=0.00 sys=0.00, real=0.00 secs] 
2014-07-10T14:49:18.677+0200: 16.825: [CMS-concurrent-mark-start]
2014-07-10T14:49:18.697+0200: 16.845: [CMS-concurrent-mark: 0.020/0.020 secs] [Times: user=0.03 sys=0.00, real=0.02 secs] 
2014-07-10T14:49:18.697+0200: 16.845: [CMS-concurrent-preclean-start]
2014-07-10T14:49:18.699+0200: 16.847: [CMS-concurrent-preclean: 0.002/0.002 secs] [Times: user=0.00 sys=0.00, real=0.00 secs] 
2014-07-10T14:49:18.699+0200: 16.847: [CMS-concurrent-abortable-preclean-start]
2014-07-10T14:49:18.796+0200: 16.944: [GC2014-07-10T14:49:18.796+0200: 16.944: [ParNew2014-07-10T14:49:18.831+0200: 16.979: [CMS-concurrent-abortable-preclean: 0.002/0.132 secs] [Times: user=0.05 sys=0.00, real=0.13 secs] 
: 78626K->8704K(78656K), 0.0513008 secs] 147019K->146831K(253440K), 0.0514918 secs] [Times: user=0.08 sys=0.00, real=0.05 secs] 
2014-07-10T14:49:18.848+0200: 16.996: [GC[YG occupancy: 8945 K (78656 K)]2014-07-10T14:49:18.848+0200: 16.996: [Rescan (parallel) , 0.0015332 secs]2014-07-10T14:49:18.849+0200: 16.997: [weak refs processing, 0.0003769 secs]2014-07-10T14:49:18.850+0200: 16.998: [scrub string table, 0.0001694 secs] [1 CMS-remark: 138127K(174784K)] 147072K(253440K), 0.0021671 secs] [Times: user=0.00 sys=0.00, real=0.00 secs] 
2014-07-10T14:49:18.850+0200: 16.998: [CMS-concurrent-sweep-start]
2014-07-10T14:49:18.855+0200: 17.003: [CMS-concurrent-sweep: 0.005/0.005 secs] [Times: user=0.01 sys=0.00, real=0.01 secs] 
2014-07-10T14:49:18.855+0200: 17.003: [CMS-concurrent-reset-start]
2014-07-10T14:49:18.856+0200: 17.004: [CMS-concurrent-reset: 0.001/0.001 secs] [Times: user=0.00 sys=0.00, real=0.00 secs] 
2014-07-10T14:49:18.971+0200: 17.119: [GC2014-07-10T14:49:18.971+0200: 17.119: [ParNew: 78633K->78633K(78656K), 0.0000473 secs]2014-07-10T14:49:18.971+0200: 17.119: [CMS: 137934K->174766K(174784K), 0.1588490 secs] 216567K->215917K(253440K), [CMS Perm : 2651K->2651K(21248K)], 0.1590697 secs] [Times: user=0.16 sys=0.00, real=0.16 secs] 
2014-07-10T14:49:19.130+0200: 17.278: [GC [1 CMS-initial-mark: 174766K(174784K)] 215958K(253440K), 0.0004916 secs] [Times: user=0.00 sys=0.00, real=0.00 secs] 
2014-07-10T14:49:19.131+0200: 17.278: [CMS-concurrent-mark-start]
2014-07-10T14:49:19.151+0200: 17.299: [CMS-concurrent-mark: 0.021/0.021 secs] [Times: user=0.03 sys=0.00, real=0.02 secs] 
2014-07-10T14:49:19.151+0200: 17.299: [CMS-concurrent-preclean-start]
2014-07-10T14:49:19.167+0200: 17.315: [CMS-concurrent-preclean: 0.015/0.015 secs] [Times: user=0.02 sys=0.00, real=0.02 secs] 
2014-07-10T14:49:19.167+0200: 17.315: [CMS-concurrent-abortable-preclean-start]
2014-07-10T14:49:19.167+0200: 17.315: [CMS-concurrent-abortable-preclean: 0.000/0.000 secs] [Times: user=0.00 sys=0.00, real=0.00 secs] 
2014-07-10T14:49:19.167+0200: 17.315: [GC[YG occupancy: 63175 K (78656 K)]2014-07-10T14:49:19.167+0200: 17.315: [Rescan (parallel) , 0.0008425 secs]2014-07-10T14:49:19.168+0200: 17.316: [weak refs processing, 0.0000323 secs]2014-07-10T14:49:19.168+0200: 17.316: [scrub string table, 0.0001510 secs] [1 CMS-remark: 174766K(174784K)] 237941K(253440K), 0.0011035 secs] [Times: user=0.00 sys=0.00, real=0.00 secs] 
2014-07-10T14:49:19.168+0200: 17.316: [CMS-concurrent-sweep-start]
2014-07-10T14:49:19.173+0200: 17.321: [CMS-concurrent-sweep: 0.005/0.005 secs] [Times: user=0.00 sys=0.00, real=0.01 secs] 
2014-07-10T14:49:19.173+0200: 17.321: [CMS-concurrent-reset-start]
2014-07-10T14:49:19.174+0200: 17.322: [CMS-concurrent-reset: 0.001/0.001 secs] [Times: user=0.00 sys=0.00, real=0.00 secs] 
2014-07-10T14:49:19.194+0200: 17.342: [GC2014-07-10T14:49:19.194+0200: 17.342: [ParNew: 78643K->78643K(78656K), 0.0000462 secs]2014-07-10T14:49:19.194+0200: 17.342: [CMS: 174753K->174747K(174784K), 0.1760617 secs] 253397K->253203K(253440K), [CMS Perm : 2651K->2651K(21248K)], 0.1762853 secs] [Times: user=0.19 sys=0.00, real=0.18 secs] 
2014-07-10T14:49:19.370+0200: 17.518: [GC [1 CMS-initial-mark: 174747K(174784K)] 253244K(253440K), 0.0008275 secs] [Times: user=0.00 sys=0.00, real=0.00 secs] 
2014-07-10T14:49:19.371+0200: 17.519: [CMS-concurrent-mark-start]
2014-07-10T14:49:19.371+0200: 17.519: [Full GC2014-07-10T14:49:19.371+0200: 17.519: [CMS2014-07-10T14:49:19.390+0200: 17.538: [CMS-concurrent-mark: 0.018/0.019 secs] [Times: user=0.02 sys=0.00, real=0.02 secs] 
 (concurrent mode failure): 174747K->174747K(174784K), 0.1398526 secs] 253364K->253360K(253440K), [CMS Perm : 2651K->2651K(21248K)], 0.1399553 secs] [Times: user=0.14 sys=0.00, real=0.14 secs] 
2014-07-10T14:49:19.511+0200: 17.659: [Full GC2014-07-10T14:49:19.511+0200: 17.659: [CMS: 174747K->7396K(174784K), 0.0368946 secs] 253360K->7396K(253440K), [CMS Perm : 2651K->2651K(21248K)], 0.0369907 secs] [Times: user=0.03 sys=0.00, real=0.04 secs] 
2014-07-10T14:49:19.661+0200: 17.809: [GC2014-07-10T14:49:19.661+0200: 17.809: [ParNew: 69934K->8704K(78656K), 0.0463781 secs] 77330K->77229K(253440K), 0.0465299 secs] [Times: user=0.09 sys=0.00, real=0.05 secs] 
2014-07-10T14:49:19.709+0200: 17.856: [GC [1 CMS-initial-mark: 68525K(174784K)] 78252K(253440K), 0.0003509 secs] [Times: user=0.00 sys=0.00, real=0.00 secs] 
2014-07-10T14:49:19.709+0200: 17.857: [CMS-concurrent-mark-start]
2014-07-10T14:49:19.729+0200: 17.877: [CMS-concurrent-mark: 0.020/0.020 secs] [Times: user=0.03 sys=0.00, real=0.02 secs] 
2014-07-10T14:49:19.729+0200: 17.877: [CMS-concurrent-preclean-start]
2014-07-10T14:49:19.731+0200: 17.879: [CMS-concurrent-preclean: 0.002/0.002 secs] [Times: user=0.00 sys=0.00, real=0.00 secs] 
2014-07-10T14:49:19.731+0200: 17.879: [CMS-concurrent-abortable-preclean-start]
2014-07-10T14:49:19.826+0200: 17.974: [GC2014-07-10T14:49:19.826+0200: 17.974: [ParNew2014-07-10T14:49:19.860+0200: 18.008: [CMS-concurrent-abortable-preclean: 0.002/0.129 secs] [Times: user=0.06 sys=0.00, real=0.13 secs] 
: 78638K->8704K(78656K), 0.0507296 secs] 147163K->146998K(253440K), 0.0508792 secs] [Times: user=0.09 sys=0.00, real=0.05 secs] 
2014-07-10T14:49:19.877+0200: 18.025: [GC[YG occupancy: 9021 K (78656 K)]2014-07-10T14:49:19.877+0200: 18.025: [Rescan (parallel) , 0.0015046 secs]2014-07-10T14:49:19.879+0200: 18.027: [weak refs processing, 0.0003072 secs]2014-07-10T14:49:19.879+0200: 18.027: [scrub string table, 0.0001474 secs] [1 CMS-remark: 138294K(174784K)] 147316K(253440K), 0.0020483 secs] [Times: user=0.00 sys=0.00, real=0.00 secs] 
2014-07-10T14:49:19.880+0200: 18.027: [CMS-concurrent-sweep-start]
2014-07-10T14:49:19.885+0200: 18.033: [CMS-concurrent-sweep: 0.005/0.005 secs] [Times: user=0.02 sys=0.00, real=0.00 secs] 
2014-07-10T14:49:19.885+0200: 18.033: [CMS-concurrent-reset-start]
2014-07-10T14:49:19.886+0200: 18.034: [CMS-concurrent-reset: 0.001/0.001 secs] [Times: user=0.00 sys=0.00, real=0.00 secs] 
2014-07-10T14:49:19.999+0200: 18.147: [GC2014-07-10T14:49:19.999+0200: 18.147: [ParNew: 78640K->78640K(78656K), 0.0000469 secs]2014-07-10T14:49:19.999+0200: 18.147: [CMS: 138098K->174747K(174784K), 0.1631392 secs] 216739K->216069K(253440K), [CMS Perm : 2651K->2651K(21248K)], 0.1633423 secs] [Times: user=0.16 sys=0.00, real=0.16 secs] 
2014-07-10T14:49:20.162+0200: 18.310: [GC [1 CMS-initial-mark: 174747K(174784K)] 216110K(253440K), 0.0004777 secs] [Times: user=0.00 sys=0.00, real=0.00 secs] 
2014-07-10T14:49:20.163+0200: 18.311: [CMS-concurrent-mark-start]
2014-07-10T14:49:20.184+0200: 18.332: [CMS-concurrent-mark: 0.021/0.021 secs] [Times: user=0.03 sys=0.00, real=0.02 secs] 
2014-07-10T14:49:20.184+0200: 18.332: [CMS-concurrent-preclean-start]
2014-07-10T14:49:20.199+0200: 18.347: [CMS-concurrent-preclean: 0.015/0.015 secs] [Times: user=0.01 sys=0.00, real=0.01 secs] 
2014-07-10T14:49:20.199+0200: 18.347: [CMS-concurrent-abortable-preclean-start]
2014-07-10T14:49:20.199+0200: 18.347: [CMS-concurrent-abortable-preclean: 0.000/0.000 secs] [Times: user=0.00 sys=0.00, real=0.00 secs] 
2014-07-10T14:49:20.200+0200: 18.347: [GC[YG occupancy: 62706 K (78656 K)]2014-07-10T14:49:20.200+0200: 18.347: [Rescan (parallel) , 0.0008821 secs]2014-07-10T14:49:20.200+0200: 18.348: [weak refs processing, 0.0000304 secs]2014-07-10T14:49:20.200+0200: 18.348: [scrub string table, 0.0001664 secs] [1 CMS-remark: 174747K(174784K)] 237454K(253440K), 0.0011692 secs] [Times: user=0.00 sys=0.00, real=0.00 secs] 
2014-07-10T14:49:20.201+0200: 18.349: [CMS-concurrent-sweep-start]
2014-07-10T14:49:20.205+0200: 18.353: [CMS-concurrent-sweep: 0.005/0.005 secs] [Times: user=0.00 sys=0.00, real=0.01 secs] 
2014-07-10T14:49:20.206+0200: 18.353: [CMS-concurrent-reset-start]
2014-07-10T14:49:20.207+0200: 18.354: [CMS-concurrent-reset: 0.001/0.001 secs] [Times: user=0.00 sys=0.00, real=0.00 secs] 
2014-07-10T14:49:20.228+0200: 18.376: [GC2014-07-10T14:49:20.228+0200: 18.376: [ParNew: 78648K->78648K(78656K), 0.0000502 secs]2014-07-10T14:49:20.228+0200: 18.376: [CMS: 174737K->174767K(174784K), 0.1626931 secs] 253386K->253191K(253440K), [CMS Perm : 2651K->2651K(21248K)], 0.1629596 secs] [Times: user=0.16 sys=0.00, real=0.16 secs] 
2014-07-10T14:49:20.391+0200: 18.539: [GC [1 CMS-initial-mark: 174767K(174784K)] 253232K(253440K), 0.0008194 secs] [Times: user=0.00 sys=0.00, real=0.00 secs] 
2014-07-10T14:49:20.392+0200: 18.540: [CMS-concurrent-mark-start]
2014-07-10T14:49:20.392+0200: 18.540: [Full GC2014-07-10T14:49:20.392+0200: 18.540: [CMS2014-07-10T14:49:20.411+0200: 18.559: [CMS-concurrent-mark: 0.018/0.019 secs] [Times: user=0.02 sys=0.00, real=0.02 secs] 
 (concurrent mode failure): 174767K->174766K(174784K), 0.1486913 secs] 253391K->253388K(253440K), [CMS Perm : 2651K->2651K(21248K)], 0.1487847 secs] [Times: user=0.16 sys=0.00, real=0.15 secs] 
2014-07-10T14:49:20.541+0200: 18.689: [Full GC2014-07-10T14:49:20.541+0200: 18.689: [CMS: 174766K->7533K(174784K), 0.0387710 secs] 253388K->7533K(253440K), [CMS Perm : 2651K->2651K(21248K)], 0.0388381 secs] [Times: user=0.03 sys=0.00, real=0.04 secs] 
2014-07-10T14:49:20.693+0200: 18.841: [GC2014-07-10T14:49:20.693+0200: 18.841: [ParNew: 69926K->8704K(78656K), 0.0481893 secs] 77460K->77360K(253440K), 0.0483499 secs] [Times: user=0.12 sys=0.00, real=0.05 secs] 
2014-07-10T14:49:20.742+0200: 18.889: [GC [1 CMS-initial-mark: 68656K(174784K)] 77401K(253440K), 0.0002779 secs] [Times: user=0.00 sys=0.00, real=0.00 secs] 
2014-07-10T14:49:20.742+0200: 18.890: [CMS-concurrent-mark-start]
2014-07-10T14:49:20.762+0200: 18.910: [CMS-concurrent-mark: 0.020/0.020 secs] [Times: user=0.02 sys=0.00, real=0.02 secs] 
2014-07-10T14:49:20.762+0200: 18.910: [CMS-concurrent-preclean-start]
2014-07-10T14:49:20.765+0200: 18.913: [CMS-concurrent-preclean: 0.002/0.003 secs] [Times: user=0.00 sys=0.00, real=0.00 secs] 
2014-07-10T14:49:20.765+0200: 18.913: [CMS-concurrent-abortable-preclean-start]
2014-07-10T14:49:20.857+0200: 19.005: [GC2014-07-10T14:49:20.857+0200: 19.005: [ParNew2014-07-10T14:49:20.890+0200: 19.038: [CMS-concurrent-abortable-preclean: 0.001/0.125 secs] [Times: user=0.06 sys=0.00, real=0.13 secs] 
: 78648K->8704K(78656K), 0.0522709 secs] 147305K->147143K(253440K), 0.0524253 secs] [Times: user=0.08 sys=0.00, real=0.05 secs] 
2014-07-10T14:49:20.910+0200: 19.058: [GC[YG occupancy: 9963 K (78656 K)]2014-07-10T14:49:20.910+0200: 19.058: [Rescan (parallel) , 0.0014984 secs]2014-07-10T14:49:20.911+0200: 19.059: [weak refs processing, 0.0004535 secs]2014-07-10T14:49:20.912+0200: 19.060: [scrub string table, 0.0001657 secs] [1 CMS-remark: 138439K(174784K)] 148403K(253440K), 0.0022067 secs] [Times: user=0.02 sys=0.00, real=0.00 secs] 
2014-07-10T14:49:20.912+0200: 19.060: [CMS-concurrent-sweep-start]
2014-07-10T14:49:20.917+0200: 19.065: [CMS-concurrent-sweep: 0.005/0.005 secs] [Times: user=0.00 sys=0.00, real=0.01 secs] 
2014-07-10T14:49:20.918+0200: 19.065: [CMS-concurrent-reset-start]
2014-07-10T14:49:20.918+0200: 19.066: [CMS-concurrent-reset: 0.001/0.001 secs] [Times: user=0.00 sys=0.00, real=0.00 secs] 
2014-07-10T14:49:21.028+0200: 19.176: [GC2014-07-10T14:49:21.028+0200: 19.176: [ParNew: 78640K->78640K(78656K), 0.0000473 secs]2014-07-10T14:49:21.028+0200: 19.176: [CMS: 138235K->174755K(174784K), 0.1644793 secs] 216876K->216203K(253440K), [CMS Perm : 2651K->2651K(21248K)], 0.1647014 secs] [Times: user=0.16 sys=0.00, real=0.16 secs] 
2014-07-10T14:49:21.194+0200: 19.342: [GC [1 CMS-initial-mark: 174755K(174784K)] 216482K(253440K), 0.0006229 secs] [Times: user=0.00 sys=0.00, real=0.00 secs] 
2014-07-10T14:49:21.195+0200: 19.343: [CMS-concurrent-mark-start]
2014-07-10T14:49:21.216+0200: 19.364: [CMS-concurrent-mark: 0.021/0.021 secs] [Times: user=0.01 sys=0.00, real=0.02 secs] 
2014-07-10T14:49:21.216+0200: 19.364: [CMS-concurrent-preclean-start]
2014-07-10T14:49:21.232+0200: 19.380: [CMS-concurrent-preclean: 0.016/0.016 secs] [Times: user=0.02 sys=0.00, real=0.02 secs] 
2014-07-10T14:49:21.232+0200: 19.380: [CMS-concurrent-abortable-preclean-start]
2014-07-10T14:49:21.232+0200: 19.380: [CMS-concurrent-abortable-preclean: 0.000/0.000 secs] [Times: user=0.00 sys=0.00, real=0.00 secs] 
2014-07-10T14:49:21.233+0200: 19.380: [GC[YG occupancy: 60203 K (78656 K)]2014-07-10T14:49:21.233+0200: 19.380: [Rescan (parallel) , 0.0008564 secs]2014-07-10T14:49:21.233+0200: 19.381: [weak refs processing, 0.0000326 secs]2014-07-10T14:49:21.234+0200: 19.381: [scrub string table, 0.0001646 secs] [1 CMS-remark: 174755K(174784K)] 234959K(253440K), 0.0011384 secs] [Times: user=0.00 sys=0.00, real=0.00 secs] 
2014-07-10T14:49:21.234+0200: 19.382: [CMS-concurrent-sweep-start]
2014-07-10T14:49:21.239+0200: 19.387: [CMS-concurrent-sweep: 0.005/0.005 secs] [Times: user=0.00 sys=0.00, real=0.01 secs] 
2014-07-10T14:49:21.239+0200: 19.387: [CMS-concurrent-reset-start]
2014-07-10T14:49:21.240+0200: 19.388: [CMS-concurrent-reset: 0.001/0.001 secs] [Times: user=0.01 sys=0.00, real=0.00 secs] 
2014-07-10T14:49:21.266+0200: 19.414: [GC2014-07-10T14:49:21.266+0200: 19.414: [ParNew: 78627K->78627K(78656K), 0.0000455 secs]2014-07-10T14:49:21.266+0200: 19.414: [CMS: 174753K->174773K(174784K), 0.1634410 secs] 253380K->253177K(253440K), [CMS Perm : 2651K->2651K(21248K)], 0.1636430 secs] [Times: user=0.17 sys=0.00, real=0.16 secs] 
2014-07-10T14:49:21.430+0200: 19.578: [GC [1 CMS-initial-mark: 174773K(174784K)] 253218K(253440K), 0.0010137 secs] [Times: user=0.00 sys=0.00, real=0.00 secs] 
2014-07-10T14:49:21.431+0200: 19.579: [CMS-concurrent-mark-start]
2014-07-10T14:49:21.431+0200: 19.579: [Full GC2014-07-10T14:49:21.431+0200: 19.579: [CMS2014-07-10T14:49:21.451+0200: 19.599: [CMS-concurrent-mark: 0.020/0.020 secs] [Times: user=0.02 sys=0.00, real=0.02 secs] 
 (concurrent mode failure): 174773K->174773K(174784K), 0.1597245 secs] 253418K->253413K(253440K), [CMS Perm : 2651K->2651K(21248K)], 0.1598180 secs] [Times: user=0.16 sys=0.00, real=0.16 secs] 
2014-07-10T14:49:21.591+0200: 19.739: [Full GC2014-07-10T14:49:21.591+0200: 19.739: [CMS: 174773K->7697K(174784K), 0.0412417 secs] 253413K->7697K(253440K), [CMS Perm : 2651K->2651K(21248K)], 0.0413290 secs] [Times: user=0.05 sys=0.00, real=0.04 secs] 
2014-07-10T14:49:21.742+0200: 19.890: [GC2014-07-10T14:49:21.742+0200: 19.890: [ParNew: 69920K->8704K(78656K), 0.0457263 secs] 77618K->77512K(253440K), 0.0458718 secs] [Times: user=0.09 sys=0.00, real=0.05 secs] 
2014-07-10T14:49:21.788+0200: 19.936: [GC [1 CMS-initial-mark: 68808K(174784K)] 77553K(253440K), 0.0003014 secs] [Times: user=0.00 sys=0.00, real=0.00 secs] 
2014-07-10T14:49:21.788+0200: 19.936: [CMS-concurrent-mark-start]
2014-07-10T14:49:21.809+0200: 19.957: [CMS-concurrent-mark: 0.021/0.021 secs] [Times: user=0.02 sys=0.00, real=0.02 secs] 
2014-07-10T14:49:21.809+0200: 19.957: [CMS-concurrent-preclean-start]
2014-07-10T14:49:21.812+0200: 19.960: [CMS-concurrent-preclean: 0.002/0.003 secs] [Times: user=0.00 sys=0.00, real=0.00 secs] 
2014-07-10T14:49:21.812+0200: 19.960: [CMS-concurrent-abortable-preclean-start]
2014-07-10T14:49:21.904+0200: 20.052: [GC2014-07-10T14:49:21.904+0200: 20.052: [ParNew2014-07-10T14:49:21.938+0200: 20.086: [CMS-concurrent-abortable-preclean: 0.001/0.126 secs] [Times: user=0.06 sys=0.00, real=0.13 secs] 
: 78636K->8704K(78656K), 0.0507714 secs] 147444K->147280K(253440K), 0.0509261 secs] [Times: user=0.09 sys=0.00, real=0.05 secs] 
2014-07-10T14:49:21.955+0200: 20.103: [GC[YG occupancy: 9021 K (78656 K)]2014-07-10T14:49:21.955+0200: 20.103: [Rescan (parallel) , 0.0014636 secs]2014-07-10T14:49:21.957+0200: 20.105: [weak refs processing, 0.0004297 secs]2014-07-10T14:49:21.957+0200: 20.105: [scrub string table, 0.0001870 secs] [1 CMS-remark: 138576K(174784K)] 147597K(253440K), 0.0021789 secs] [Times: user=0.00 sys=0.00, real=0.00 secs] 
2014-07-10T14:49:21.958+0200: 20.106: [CMS-concurrent-sweep-start]
2014-07-10T14:49:21.963+0200: 20.111: [CMS-concurrent-sweep: 0.005/0.005 secs] [Times: user=0.00 sys=0.00, real=0.01 secs] 
2014-07-10T14:49:21.963+0200: 20.111: [CMS-concurrent-reset-start]
2014-07-10T14:49:21.964+0200: 20.112: [CMS-concurrent-reset: 0.001/0.001 secs] [Times: user=0.00 sys=0.00, real=0.00 secs] 
2014-07-10T14:49:22.075+0200: 20.223: [GC2014-07-10T14:49:22.075+0200: 20.223: [ParNew: 78640K->78640K(78656K), 0.0000488 secs]2014-07-10T14:49:22.075+0200: 20.223: [CMS: 138374K->174764K(174784K), 0.1867195 secs] 217014K->216341K(253440K), [CMS Perm : 2651K->2651K(21248K)], 0.1869343 secs] [Times: user=0.19 sys=0.00, real=0.19 secs] 
2014-07-10T14:49:22.262+0200: 20.410: [GC [1 CMS-initial-mark: 174764K(174784K)] 216380K(253440K), 0.0006449 secs] [Times: user=0.00 sys=0.00, real=0.00 secs] 
2014-07-10T14:49:22.263+0200: 20.411: [CMS-concurrent-mark-start]
2014-07-10T14:49:22.285+0200: 20.433: [CMS-concurrent-mark: 0.022/0.022 secs] [Times: user=0.03 sys=0.00, real=0.02 secs] 
2014-07-10T14:49:22.285+0200: 20.433: [CMS-concurrent-preclean-start]
2014-07-10T14:49:22.302+0200: 20.449: [CMS-concurrent-preclean: 0.017/0.017 secs] [Times: user=0.02 sys=0.00, real=0.02 secs] 
2014-07-10T14:49:22.302+0200: 20.450: [CMS-concurrent-abortable-preclean-start]
2014-07-10T14:49:22.302+0200: 20.450: [CMS-concurrent-abortable-preclean: 0.000/0.000 secs] [Times: user=0.00 sys=0.00, real=0.00 secs] 
2014-07-10T14:49:22.302+0200: 20.450: [GC[YG occupancy: 55823 K (78656 K)]2014-07-10T14:49:22.302+0200: 20.450: [Rescan (parallel) , 0.0008634 secs]2014-07-10T14:49:22.303+0200: 20.451: [weak refs processing, 0.0000334 secs]2014-07-10T14:49:22.303+0200: 20.451: [scrub string table, 0.0002060 secs] [1 CMS-remark: 174764K(174784K)] 230588K(253440K), 0.0011860 secs] [Times: user=0.00 sys=0.00, real=0.00 secs] 
2014-07-10T14:49:22.303+0200: 20.451: [CMS-concurrent-sweep-start]
2014-07-10T14:49:22.309+0200: 20.457: [CMS-concurrent-sweep: 0.005/0.005 secs] [Times: user=0.00 sys=0.00, real=0.01 secs] 
2014-07-10T14:49:22.309+0200: 20.457: [CMS-concurrent-reset-start]
2014-07-10T14:49:22.310+0200: 20.458: [CMS-concurrent-reset: 0.001/0.001 secs] [Times: user=0.00 sys=0.00, real=0.00 secs] 
2014-07-10T14:49:22.342+0200: 20.490: [GC2014-07-10T14:49:22.342+0200: 20.490: [ParNew: 78617K->78617K(78656K), 0.0000466 secs]2014-07-10T14:49:22.342+0200: 20.490: [CMS: 174757K->174779K(174784K), 0.1676146 secs] 253375K->253172K(253440K), [CMS Perm : 2651K->2651K(21248K)], 0.1678342 secs] [Times: user=0.17 sys=0.00, real=0.17 secs] 
2014-07-10T14:49:22.510+0200: 20.658: [GC [1 CMS-initial-mark: 174779K(174784K)] 253213K(253440K), 0.0008876 secs] [Times: user=0.00 sys=0.00, real=0.00 secs] 
2014-07-10T14:49:22.511+0200: 20.659: [CMS-concurrent-mark-start]
2014-07-10T14:49:22.511+0200: 20.659: [Full GC2014-07-10T14:49:22.511+0200: 20.659: [CMS2014-07-10T14:49:22.530+0200: 20.678: [CMS-concurrent-mark: 0.019/0.019 secs] [Times: user=0.00 sys=0.00, real=0.02 secs] 
 (concurrent mode failure): 174779K->174778K(174784K), 0.1454902 secs] 253413K->253407K(253440K), [CMS Perm : 2651K->2651K(21248K)], 0.1456116 secs] [Times: user=0.13 sys=0.00, real=0.15 secs] 
2014-07-10T14:49:22.657+0200: 20.805: [Full GC2014-07-10T14:49:22.657+0200: 20.805: [CMS: 174778K->7769K(174784K), 0.0383894 secs] 253407K->7769K(253440K), [CMS Perm : 2651K->2651K(21248K)], 0.0384803 secs] [Times: user=0.05 sys=0.00, real=0.04 secs] 
2014-07-10T14:49:22.807+0200: 20.955: [GC2014-07-10T14:49:22.807+0200: 20.955: [ParNew: 69934K->8704K(78656K), 0.0454264 secs] 77704K->77632K(253440K), 0.0455782 secs] [Times: user=0.09 sys=0.00, real=0.05 secs] 
2014-07-10T14:49:22.853+0200: 21.001: [GC [1 CMS-initial-mark: 68928K(174784K)] 77793K(253440K), 0.0002665 secs] [Times: user=0.00 sys=0.00, real=0.00 secs] 
2014-07-10T14:49:22.853+0200: 21.001: [CMS-concurrent-mark-start]
2014-07-10T14:49:22.874+0200: 21.022: [CMS-concurrent-mark: 0.021/0.021 secs] [Times: user=0.01 sys=0.00, real=0.02 secs] 
2014-07-10T14:49:22.874+0200: 21.022: [CMS-concurrent-preclean-start]
2014-07-10T14:49:22.877+0200: 21.025: [CMS-concurrent-preclean: 0.002/0.003 secs] [Times: user=0.00 sys=0.00, real=0.00 secs] 
2014-07-10T14:49:22.877+0200: 21.025: [CMS-concurrent-abortable-preclean-start]
2014-07-10T14:49:22.967+0200: 21.115: [GC2014-07-10T14:49:22.967+0200: 21.115: [ParNew2014-07-10T14:49:23.001+0200: 21.149: [CMS-concurrent-abortable-preclean: 0.001/0.124 secs] [Times: user=0.06 sys=0.01, real=0.12 secs] 
: 78648K->8704K(78656K), 0.0509184 secs] 147577K->147371K(253440K), 0.0510614 secs] [Times: user=0.09 sys=0.00, real=0.05 secs] 
2014-07-10T14:49:23.019+0200: 21.167: [GC[YG occupancy: 8825 K (78656 K)]2014-07-10T14:49:23.019+0200: 21.167: [Rescan (parallel) , 0.0016857 secs]2014-07-10T14:49:23.021+0200: 21.169: [weak refs processing, 0.0004444 secs]2014-07-10T14:49:23.021+0200: 21.169: [scrub string table, 0.0001712 secs] [1 CMS-remark: 138667K(174784K)] 147493K(253440K), 0.0024406 secs] [Times: user=0.00 sys=0.00, real=0.00 secs] 
2014-07-10T14:49:23.031+0200: 21.179: [CMS-concurrent-sweep-start]
2014-07-10T14:49:23.036+0200: 21.184: [CMS-concurrent-sweep: 0.005/0.005 secs] [Times: user=0.01 sys=0.00, real=0.01 secs] 
2014-07-10T14:49:23.036+0200: 21.184: [CMS-concurrent-reset-start]
2014-07-10T14:49:23.037+0200: 21.185: [CMS-concurrent-reset: 0.001/0.001 secs] [Times: user=0.00 sys=0.00, real=0.00 secs] 
2014-07-10T14:49:23.162+0200: 21.310: [GC2014-07-10T14:49:23.162+0200: 21.310: [ParNew: 78650K->78650K(78656K), 0.0000473 secs]2014-07-10T14:49:23.162+0200: 21.310: [CMS: 138459K->174777K(174784K), 0.1754377 secs] 217110K->216452K(253440K), [CMS Perm : 2651K->2651K(21248K)], 0.1756448 secs] [Times: user=0.17 sys=0.00, real=0.18 secs] 
2014-07-10T14:49:23.338+0200: 21.486: [GC [1 CMS-initial-mark: 174777K(174784K)] 216493K(253440K), 0.0005822 secs] [Times: user=0.00 sys=0.00, real=0.00 secs] 
2014-07-10T14:49:23.338+0200: 21.486: [CMS-concurrent-mark-start]
2014-07-10T14:49:23.361+0200: 21.509: [CMS-concurrent-mark: 0.022/0.022 secs] [Times: user=0.02 sys=0.00, real=0.02 secs] 
2014-07-10T14:49:23.361+0200: 21.509: [CMS-concurrent-preclean-start]
2014-07-10T14:49:23.377+0200: 21.525: [CMS-concurrent-preclean: 0.016/0.016 secs] [Times: user=0.03 sys=0.00, real=0.02 secs] 
2014-07-10T14:49:23.377+0200: 21.525: [CMS-concurrent-abortable-preclean-start]
2014-07-10T14:49:23.377+0200: 21.525: [CMS-concurrent-abortable-preclean: 0.000/0.000 secs] [Times: user=0.00 sys=0.00, real=0.00 secs] 
2014-07-10T14:49:23.377+0200: 21.525: [GC[YG occupancy: 63400 K (78656 K)]2014-07-10T14:49:23.377+0200: 21.525: [Rescan (parallel) , 0.0018346 secs]2014-07-10T14:49:23.379+0200: 21.527: [weak refs processing, 0.0000323 secs]2014-07-10T14:49:23.379+0200: 21.527: [scrub string table, 0.0001598 secs] [1 CMS-remark: 174777K(174784K)] 238178K(253440K), 0.0021206 secs] [Times: user=0.00 sys=0.00, real=0.00 secs] 
2014-07-10T14:49:23.380+0200: 21.528: [CMS-concurrent-sweep-start]
2014-07-10T14:49:23.385+0200: 21.533: [CMS-concurrent-sweep: 0.005/0.005 secs] [Times: user=0.00 sys=0.00, real=0.00 secs] 
2014-07-10T14:49:23.385+0200: 21.533: [CMS-concurrent-reset-start]
2014-07-10T14:49:23.386+0200: 21.534: [CMS-concurrent-reset: 0.001/0.001 secs] [Times: user=0.00 sys=0.00, real=0.00 secs] 
2014-07-10T14:49:23.411+0200: 21.559: [GC2014-07-10T14:49:23.411+0200: 21.559: [ParNew: 78619K->78619K(78656K), 0.0000477 secs]2014-07-10T14:49:23.411+0200: 21.559: [CMS: 174768K->174751K(174784K), 0.1657261 secs] 253387K->253184K(253440K), [CMS Perm : 2651K->2651K(21248K)], 0.1659575 secs] [Times: user=0.16 sys=0.00, real=0.17 secs] 
2014-07-10T14:49:23.577+0200: 21.725: [GC [1 CMS-initial-mark: 174751K(174784K)] 253225K(253440K), 0.0008652 secs] [Times: user=0.00 sys=0.00, real=0.00 secs] 
2014-07-10T14:49:23.578+0200: 21.726: [CMS-concurrent-mark-start]
2014-07-10T14:49:23.578+0200: 21.726: [Full GC2014-07-10T14:49:23.578+0200: 21.726: [CMS2014-07-10T14:49:23.600+0200: 21.748: [CMS-concurrent-mark: 0.022/0.022 secs] [Times: user=0.03 sys=0.00, real=0.02 secs] 
 (concurrent mode failure): 174751K->174750K(174784K), 0.1446855 secs] 253387K->253380K(253440K), [CMS Perm : 2651K->2651K(21248K)], 0.1447944 secs] [Times: user=0.16 sys=0.00, real=0.14 secs] 
2014-07-10T14:49:23.723+0200: 21.871: [Full GC2014-07-10T14:49:23.723+0200: 21.871: [CMS: 174750K->7870K(174784K), 0.0390640 secs] 253380K->7870K(253440K), [CMS Perm : 2651K->2651K(21248K)], 0.0391538 secs] [Times: user=0.03 sys=0.00, real=0.04 secs] 
2014-07-10T14:49:23.879+0200: 22.027: [GC2014-07-10T14:49:23.879+0200: 22.027: [ParNew: 69943K->8704K(78656K), 0.0451701 secs] 77814K->77715K(253440K), 0.0453248 secs] [Times: user=0.09 sys=0.00, real=0.05 secs] 
2014-07-10T14:49:23.924+0200: 22.072: [GC [1 CMS-initial-mark: 69011K(174784K)] 77915K(253440K), 0.0003963 secs] [Times: user=0.00 sys=0.00, real=0.00 secs] 
2014-07-10T14:49:23.925+0200: 22.073: [CMS-concurrent-mark-start]
2014-07-10T14:49:23.946+0200: 22.094: [CMS-concurrent-mark: 0.021/0.021 secs] [Times: user=0.02 sys=0.00, real=0.02 secs] 
2014-07-10T14:49:23.946+0200: 22.094: [CMS-concurrent-preclean-start]
2014-07-10T14:49:23.949+0200: 22.097: [CMS-concurrent-preclean: 0.002/0.003 secs] [Times: user=0.00 sys=0.00, real=0.00 secs] 
2014-07-10T14:49:23.949+0200: 22.097: [CMS-concurrent-abortable-preclean-start]
2014-07-10T14:49:24.039+0200: 22.187: [GC2014-07-10T14:49:24.039+0200: 22.187: [ParNew2014-07-10T14:49:24.073+0200: 22.221: [CMS-concurrent-abortable-preclean: 0.002/0.124 secs] [Times: user=0.06 sys=0.00, real=0.12 secs] 
: 78652K->8704K(78656K), 0.0509720 secs] 147664K->147491K(253440K), 0.0511230 secs] [Times: user=0.09 sys=0.00, real=0.05 secs] 
2014-07-10T14:49:24.090+0200: 22.238: [GC[YG occupancy: 9611 K (78656 K)]2014-07-10T14:49:24.090+0200: 22.239: [Rescan (parallel) , 0.0015666 secs]2014-07-10T14:49:24.092+0200: 22.240: [weak refs processing, 0.0005210 secs]2014-07-10T14:49:24.093+0200: 22.241: [scrub string table, 0.0002123 secs] [1 CMS-remark: 138787K(174784K)] 148399K(253440K), 0.0026118 secs] [Times: user=0.00 sys=0.00, real=0.00 secs] 
2014-07-10T14:49:24.093+0200: 22.241: [CMS-concurrent-sweep-start]
2014-07-10T14:49:24.099+0200: 22.247: [CMS-concurrent-sweep: 0.006/0.006 secs] [Times: user=0.01 sys=0.00, real=0.01 secs] 
2014-07-10T14:49:24.099+0200: 22.247: [CMS-concurrent-reset-start]
2014-07-10T14:49:24.100+0200: 22.248: [CMS-concurrent-reset: 0.001/0.001 secs] [Times: user=0.00 sys=0.00, real=0.00 secs] 
2014-07-10T14:49:24.211+0200: 22.359: [GC2014-07-10T14:49:24.211+0200: 22.359: [ParNew: 78639K->78639K(78656K), 0.0000469 secs]2014-07-10T14:49:24.211+0200: 22.359: [CMS: 138576K->174782K(174784K), 0.1622150 secs] 217215K->216535K(253440K), [CMS Perm : 2651K->2651K(21248K)], 0.1624313 secs] [Times: user=0.16 sys=0.00, real=0.16 secs] 
2014-07-10T14:49:24.373+0200: 22.522: [GC [1 CMS-initial-mark: 174782K(174784K)] 216576K(253440K), 0.0005870 secs] [Times: user=0.00 sys=0.00, real=0.00 secs] 
2014-07-10T14:49:24.374+0200: 22.522: [CMS-concurrent-mark-start]
2014-07-10T14:49:24.397+0200: 22.545: [CMS-concurrent-mark: 0.023/0.023 secs] [Times: user=0.05 sys=0.00, real=0.02 secs] 
2014-07-10T14:49:24.397+0200: 22.545: [CMS-concurrent-preclean-start]
2014-07-10T14:49:24.413+0200: 22.561: [CMS-concurrent-preclean: 0.016/0.016 secs] [Times: user=0.02 sys=0.00, real=0.02 secs] 
2014-07-10T14:49:24.413+0200: 22.562: [CMS-concurrent-abortable-preclean-start]
2014-07-10T14:49:24.413+0200: 22.562: [CMS-concurrent-abortable-preclean: 0.000/0.000 secs] [Times: user=0.00 sys=0.00, real=0.00 secs] 
2014-07-10T14:49:24.414+0200: 22.562: [GC[YG occupancy: 44392 K (78656 K)]2014-07-10T14:49:24.414+0200: 22.562: [Rescan (parallel) , 0.0005411 secs]2014-07-10T14:49:24.414+0200: 22.562: [weak refs processing, 0.0000312 secs]2014-07-10T14:49:24.414+0200: 22.562: [scrub string table, 0.0001580 secs] [1 CMS-remark: 174782K(174784K)] 219174K(253440K), 0.0008058 secs] [Times: user=0.00 sys=0.00, real=0.00 secs] 
2014-07-10T14:49:24.414+0200: 22.563: [CMS-concurrent-sweep-start]
2014-07-10T14:49:24.420+0200: 22.568: [CMS-concurrent-sweep: 0.005/0.005 secs] [Times: user=0.00 sys=0.00, real=0.01 secs] 
2014-07-10T14:49:24.420+0200: 22.568: [CMS-concurrent-reset-start]
2014-07-10T14:49:24.421+0200: 22.569: [CMS-concurrent-reset: 0.001/0.001 secs] [Times: user=0.00 sys=0.00, real=0.00 secs] 
2014-07-10T14:49:24.472+0200: 22.620: [GC2014-07-10T14:49:24.472+0200: 22.620: [ParNew: 78633K->78633K(78656K), 0.0000477 secs]2014-07-10T14:49:24.472+0200: 22.620: [CMS: 174776K->174755K(174784K), 0.1650849 secs] 253409K->253207K(253440K), [CMS Perm : 2651K->2651K(21248K)], 0.1653199 secs] [Times: user=0.16 sys=0.00, real=0.17 secs] 
2014-07-10T14:49:24.637+0200: 22.785: [GC [1 CMS-initial-mark: 174755K(174784K)] 253248K(253440K), 0.0008883 secs] [Times: user=0.00 sys=0.00, real=0.00 secs] 
2014-07-10T14:49:24.638+0200: 22.786: [CMS-concurrent-mark-start]
2014-07-10T14:49:24.639+0200: 22.787: [Full GC2014-07-10T14:49:24.639+0200: 22.787: [CMS2014-07-10T14:49:24.658+0200: 22.806: [CMS-concurrent-mark: 0.020/0.020 secs] [Times: user=0.03 sys=0.00, real=0.02 secs] 
 (concurrent mode failure): 174755K->174754K(174784K), 0.1389808 secs] 253367K->253365K(253440K), [CMS Perm : 2651K->2651K(21248K)], 0.1390897 secs] [Times: user=0.14 sys=0.00, real=0.14 secs] 
2014-07-10T14:49:24.778+0200: 22.926: [Full GC2014-07-10T14:49:24.778+0200: 22.926: [CMS: 174754K->7959K(174784K), 0.0401517 secs] 253365K->7959K(253440K), [CMS Perm : 2651K->2651K(21248K)], 0.0402405 secs] [Times: user=0.05 sys=0.00, real=0.04 secs] 
2014-07-10T14:49:24.929+0200: 23.077: [GC2014-07-10T14:49:24.929+0200: 23.077: [ParNew: 69950K->8704K(78656K), 0.0459067 secs] 77910K->77818K(253440K), 0.0461050 secs] [Times: user=0.09 sys=0.00, real=0.05 secs] 
2014-07-10T14:49:24.977+0200: 23.125: [GC [1 CMS-initial-mark: 69114K(174784K)] 77857K(253440K), 0.0003908 secs] [Times: user=0.00 sys=0.00, real=0.00 secs] 
2014-07-10T14:49:24.977+0200: 23.125: [CMS-concurrent-mark-start]
2014-07-10T14:49:24.999+0200: 23.148: [CMS-concurrent-mark: 0.022/0.022 secs] [Times: user=0.03 sys=0.00, real=0.02 secs] 
2014-07-10T14:49:25.000+0200: 23.148: [CMS-concurrent-preclean-start]
2014-07-10T14:49:25.000+0200: 23.148: [CMS-concurrent-preclean: 0.001/0.001 secs] [Times: user=0.00 sys=0.00, real=0.00 secs] 
2014-07-10T14:49:25.002+0200: 23.150: [GC[YG occupancy: 9964 K (78656 K)]2014-07-10T14:49:25.002+0200: 23.150: [Rescan (parallel) , 0.0005283 secs]2014-07-10T14:49:25.003+0200: 23.151: [weak refs processing, 0.0003237 secs]2014-07-10T14:49:25.003+0200: 23.151: [scrub string table, 0.0001642 secs] [1 CMS-remark: 69114K(174784K)] 79079K(253440K), 0.0011314 secs] [Times: user=0.00 sys=0.00, real=0.00 secs] 
2014-07-10T14:49:25.004+0200: 23.152: [CMS-concurrent-sweep-start]
2014-07-10T14:49:25.009+0200: 23.157: [CMS-concurrent-sweep: 0.005/0.005 secs] [Times: user=0.00 sys=0.00, real=0.01 secs] 
2014-07-10T14:49:25.009+0200: 23.157: [CMS-concurrent-reset-start]
2014-07-10T14:49:25.010+0200: 23.158: [CMS-concurrent-reset: 0.001/0.001 secs] [Times: user=0.00 sys=0.00, real=0.00 secs] 
2014-07-10T14:49:25.124+0200: 23.272: [GC2014-07-10T14:49:25.124+0200: 23.272: [ParNew: 78628K->8704K(78656K), 0.0510464 secs] 147542K->147375K(253440K), 0.0512022 secs] [Times: user=0.06 sys=0.00, real=0.05 secs] 
2014-07-10T14:49:25.176+0200: 23.324: [GC [1 CMS-initial-mark: 138671K(174784K)] 147457K(253440K), 0.0002970 secs] [Times: user=0.00 sys=0.00, real=0.00 secs] 
2014-07-10T14:49:25.176+0200: 23.325: [CMS-concurrent-mark-start]
2014-07-10T14:49:25.199+0200: 23.347: [CMS-concurrent-mark: 0.022/0.022 secs] [Times: user=0.02 sys=0.00, real=0.02 secs] 
2014-07-10T14:49:25.199+0200: 23.347: [CMS-concurrent-preclean-start]
2014-07-10T14:49:25.201+0200: 23.350: [CMS-concurrent-preclean: 0.002/0.003 secs] [Times: user=0.00 sys=0.00, real=0.00 secs] 
2014-07-10T14:49:25.201+0200: 23.350: [CMS-concurrent-abortable-preclean-start]
2014-07-10T14:49:25.294+0200: 23.442: [GC2014-07-10T14:49:25.294+0200: 23.442: [ParNew: 78651K->78651K(78656K), 0.0000484 secs]2014-07-10T14:49:25.294+0200: 23.442: [CMS2014-07-10T14:49:25.294+0200: 23.442: [CMS-concurrent-abortable-preclean: 0.001/0.093 secs] [Times: user=0.02 sys=0.00, real=0.09 secs] 
 (concurrent mode failure): 138671K->174770K(174784K), 0.1566569 secs] 217322K->216616K(253440K), [CMS Perm : 2651K->2651K(21248K)], 0.1568674 secs] [Times: user=0.16 sys=0.00, real=0.16 secs] 
2014-07-10T14:49:25.521+0200: 23.669: [Full GC2014-07-10T14:49:25.521+0200: 23.669: [CMS: 174770K->174782K(174784K), 0.1726829 secs] 253424K->253214K(253440K), [CMS Perm : 2651K->2651K(21248K)], 0.1728435 secs] [Times: user=0.17 sys=0.00, real=0.17 secs] 
2014-07-10T14:49:25.694+0200: 23.842: [GC [1 CMS-initial-mark: 174782K(174784K)] 253255K(253440K), 0.0008627 secs] [Times: user=0.00 sys=0.00, real=0.00 secs] 
2014-07-10T14:49:25.695+0200: 23.843: [CMS-concurrent-mark-start]
2014-07-10T14:49:25.695+0200: 23.843: [Full GC2014-07-10T14:49:25.695+0200: 23.843: [CMS2014-07-10T14:49:25.715+0200: 23.863: [CMS-concurrent-mark: 0.020/0.020 secs] [Times: user=0.02 sys=0.00, real=0.02 secs] 
 (concurrent mode failure): 174782K->174781K(174784K), 0.1445645 secs] 253414K->253410K(253440K), [CMS Perm : 2651K->2651K(21248K)], 0.1446701 secs] [Times: user=0.14 sys=0.00, real=0.14 secs] 
2014-07-10T14:49:25.840+0200: 23.988: [Full GC2014-07-10T14:49:25.840+0200: 23.988: [CMS: 174781K->8037K(174784K), 0.0401008 secs] 253410K->8037K(253440K), [CMS Perm : 2651K->2651K(21248K)], 0.0401932 secs] [Times: user=0.05 sys=0.00, real=0.04 secs] 
2014-07-10T14:49:25.991+0200: 24.139: [GC2014-07-10T14:49:25.991+0200: 24.139: [ParNew: 69934K->8704K(78656K), 0.0454154 secs] 77972K->77886K(253440K), 0.0455719 secs] [Times: user=0.09 sys=0.00, real=0.05 secs] 
2014-07-10T14:49:26.037+0200: 24.186: [GC [1 CMS-initial-mark: 69182K(174784K)] 77927K(253440K), 0.0002731 secs] [Times: user=0.00 sys=0.00, real=0.00 secs] 
2014-07-10T14:49:26.038+0200: 24.186: [CMS-concurrent-mark-start]
2014-07-10T14:49:26.062+0200: 24.210: [CMS-concurrent-mark: 0.024/0.024 secs] [Times: user=0.03 sys=0.00, real=0.02 secs] 
2014-07-10T14:49:26.062+0200: 24.210: [CMS-concurrent-preclean-start]
2014-07-10T14:49:26.063+0200: 24.211: [CMS-concurrent-preclean: 0.001/0.001 secs] [Times: user=0.00 sys=0.00, real=0.00 secs] 
2014-07-10T14:49:26.064+0200: 24.212: [GC[YG occupancy: 10395 K (78656 K)]2014-07-10T14:49:26.064+0200: 24.212: [Rescan (parallel) , 0.0004015 secs]2014-07-10T14:49:26.064+0200: 24.212: [weak refs processing, 0.0003989 secs]2014-07-10T14:49:26.065+0200: 24.213: [scrub string table, 0.0001606 secs] [1 CMS-remark: 69182K(174784K)] 79578K(253440K), 0.0010826 secs] [Times: user=0.00 sys=0.00, real=0.00 secs] 
2014-07-10T14:49:26.067+0200: 24.215: [CMS-concurrent-sweep-start]
2014-07-10T14:49:26.072+0200: 24.220: [CMS-concurrent-sweep: 0.005/0.005 secs] [Times: user=0.00 sys=0.00, real=0.01 secs] 
2014-07-10T14:49:26.072+0200: 24.220: [CMS-concurrent-reset-start]
2014-07-10T14:49:26.073+0200: 24.221: [CMS-concurrent-reset: 0.001/0.001 secs] [Times: user=0.00 sys=0.00, real=0.00 secs] 
2014-07-10T14:49:26.183+0200: 24.331: [GC2014-07-10T14:49:26.183+0200: 24.331: [ParNew: 78652K->8704K(78656K), 0.0510636 secs] 147624K->147449K(253440K), 0.0512136 secs] [Times: user=0.13 sys=0.00, real=0.05 secs] 
2014-07-10T14:49:26.234+0200: 24.382: [GC [1 CMS-initial-mark: 138745K(174784K)] 147490K(253440K), 0.0002482 secs] [Times: user=0.00 sys=0.00, real=0.00 secs] 
2014-07-10T14:49:26.234+0200: 24.383: [CMS-concurrent-mark-start]
2014-07-10T14:49:26.257+0200: 24.405: [CMS-concurrent-mark: 0.023/0.023 secs] [Times: user=0.01 sys=0.00, real=0.02 secs] 
2014-07-10T14:49:26.257+0200: 24.405: [CMS-concurrent-preclean-start]
2014-07-10T14:49:26.260+0200: 24.408: [CMS-concurrent-preclean: 0.002/0.003 secs] [Times: user=0.00 sys=0.00, real=0.00 secs] 
2014-07-10T14:49:26.260+0200: 24.408: [CMS-concurrent-abortable-preclean-start]
2014-07-10T14:49:26.352+0200: 24.500: [GC2014-07-10T14:49:26.352+0200: 24.500: [ParNew: 78625K->78625K(78656K), 0.0000484 secs]2014-07-10T14:49:26.352+0200: 24.500: [CMS2014-07-10T14:49:26.352+0200: 24.500: [CMS-concurrent-abortable-preclean: 0.001/0.092 secs] [Times: user=0.00 sys=0.00, real=0.09 secs] 
 (concurrent mode failure): 138745K->174746K(174784K), 0.1571387 secs] 217370K->216672K(253440K), [CMS Perm : 2651K->2651K(21248K)], 0.1573561 secs] [Times: user=0.16 sys=0.00, real=0.16 secs] 
2014-07-10T14:49:26.572+0200: 24.720: [Full GC2014-07-10T14:49:26.572+0200: 24.720: [CMS: 174746K->174757K(174784K), 0.1886113 secs] 253366K->253154K(253440K), [CMS Perm : 2651K->2651K(21248K)], 0.1887708 secs] [Times: user=0.19 sys=0.00, real=0.19 secs] 
2014-07-10T14:49:26.761+0200: 24.909: [GC [1 CMS-initial-mark: 174757K(174784K)] 253195K(253440K), 0.0008201 secs] [Times: user=0.02 sys=0.00, real=0.00 secs] 
2014-07-10T14:49:26.762+0200: 24.910: [CMS-concurrent-mark-start]
2014-07-10T14:49:26.762+0200: 24.910: [Full GC2014-07-10T14:49:26.762+0200: 24.910: [CMS2014-07-10T14:49:26.783+0200: 24.931: [CMS-concurrent-mark: 0.021/0.021 secs] [Times: user=0.02 sys=0.00, real=0.02 secs] 
 (concurrent mode failure): 174757K->174756K(174784K), 0.1471892 secs] 253393K->253390K(253440K), [CMS Perm : 2651K->2651K(21248K)], 0.1473050 secs] [Times: user=0.14 sys=0.00, real=0.15 secs] 
2014-07-10T14:49:26.909+0200: 25.058: [Full GC2014-07-10T14:49:26.909+0200: 25.058: [CMS: 174756K->8109K(174784K), 0.0401301 secs] 253390K->8109K(253440K), [CMS Perm : 2651K->2651K(21248K)], 0.0402247 secs] [Times: user=0.03 sys=0.00, real=0.04 secs] 
2014-07-10T14:49:27.061+0200: 25.209: [GC2014-07-10T14:49:27.061+0200: 25.209: [ParNew: 69914K->8704K(78656K), 0.0458832 secs] 78023K->77939K(253440K), 0.0460295 secs] [Times: user=0.09 sys=0.00, real=0.05 secs] 
2014-07-10T14:49:27.107+0200: 25.255: [GC [1 CMS-initial-mark: 69235K(174784K)] 77980K(253440K), 0.0002475 secs] [Times: user=0.00 sys=0.00, real=0.00 secs] 
2014-07-10T14:49:27.107+0200: 25.256: [CMS-concurrent-mark-start]
2014-07-10T14:49:27.129+0200: 25.277: [CMS-concurrent-mark: 0.021/0.021 secs] [Times: user=0.02 sys=0.00, real=0.02 secs] 
2014-07-10T14:49:27.129+0200: 25.277: [CMS-concurrent-preclean-start]
2014-07-10T14:49:27.131+0200: 25.279: [CMS-concurrent-preclean: 0.002/0.002 secs] [Times: user=0.00 sys=0.00, real=0.00 secs] 
2014-07-10T14:49:27.131+0200: 25.279: [CMS-concurrent-abortable-preclean-start]
2014-07-10T14:49:27.230+0200: 25.379: [GC2014-07-10T14:49:27.230+0200: 25.379: [ParNew2014-07-10T14:49:27.264+0200: 25.412: [CMS-concurrent-abortable-preclean: 0.001/0.132 secs] [Times: user=0.06 sys=0.00, real=0.13 secs] 
: 78643K->8704K(78656K), 0.0500466 secs] 147879K->147687K(253440K), 0.0502563 secs] [Times: user=0.09 sys=0.00, real=0.05 secs] 
2014-07-10T14:49:27.281+0200: 25.430: [GC[YG occupancy: 9649 K (78656 K)]2014-07-10T14:49:27.281+0200: 25.430: [Rescan (parallel) , 0.0015079 secs]2014-07-10T14:49:27.283+0200: 25.431: [weak refs processing, 0.0004169 secs]2014-07-10T14:49:27.283+0200: 25.432: [scrub string table, 0.0001536 secs] [1 CMS-remark: 138983K(174784K)] 148632K(253440K), 0.0021682 secs] [Times: user=0.00 sys=0.00, real=0.00 secs] 
2014-07-10T14:49:27.284+0200: 25.432: [CMS-concurrent-sweep-start]
2014-07-10T14:49:27.290+0200: 25.438: [CMS-concurrent-sweep: 0.006/0.006 secs] [Times: user=0.00 sys=0.00, real=0.01 secs] 
2014-07-10T14:49:27.290+0200: 25.438: [CMS-concurrent-reset-start]
2014-07-10T14:49:27.291+0200: 25.439: [CMS-concurrent-reset: 0.001/0.001 secs] [Times: user=0.00 sys=0.00, real=0.00 secs] 
2014-07-10T14:49:27.402+0200: 25.550: [GC2014-07-10T14:49:27.402+0200: 25.550: [ParNew: 78640K->78640K(78656K), 0.0000466 secs]2014-07-10T14:49:27.402+0200: 25.550: [CMS: 138771K->174771K(174784K), 0.1634908 secs] 217411K->216721K(253440K), [CMS Perm : 2651K->2651K(21248K)], 0.1636987 secs] [Times: user=0.16 sys=0.00, real=0.16 secs] 
2014-07-10T14:49:27.566+0200: 25.714: [GC [1 CMS-initial-mark: 174771K(174784K)] 216762K(253440K), 0.0004920 secs] [Times: user=0.00 sys=0.00, real=0.00 secs] 
2014-07-10T14:49:27.566+0200: 25.715: [CMS-concurrent-mark-start]
2014-07-10T14:49:27.590+0200: 25.738: [CMS-concurrent-mark: 0.023/0.023 secs] [Times: user=0.03 sys=0.00, real=0.02 secs] 
2014-07-10T14:49:27.590+0200: 25.738: [CMS-concurrent-preclean-start]
2014-07-10T14:49:27.607+0200: 25.756: [CMS-concurrent-preclean: 0.018/0.018 secs] [Times: user=0.02 sys=0.00, real=0.02 secs] 
2014-07-10T14:49:27.607+0200: 25.756: [CMS-concurrent-abortable-preclean-start]
2014-07-10T14:49:27.607+0200: 25.756: [CMS-concurrent-abortable-preclean: 0.000/0.000 secs] [Times: user=0.00 sys=0.00, real=0.00 secs] 
2014-07-10T14:49:27.608+0200: 25.756: [GC[YG occupancy: 54515 K (78656 K)]2014-07-10T14:49:27.608+0200: 25.756: [Rescan (parallel) , 0.0007215 secs]2014-07-10T14:49:27.608+0200: 25.757: [weak refs processing, 0.0000352 secs]2014-07-10T14:49:27.609+0200: 25.757: [scrub string table, 0.0001716 secs] [1 CMS-remark: 174771K(174784K)] 229287K(253440K), 0.0010130 secs] [Times: user=0.00 sys=0.00, real=0.00 secs] 
2014-07-10T14:49:27.609+0200: 25.757: [CMS-concurrent-sweep-start]
2014-07-10T14:49:27.614+0200: 25.763: [CMS-concurrent-sweep: 0.006/0.006 secs] [Times: user=0.00 sys=0.00, real=0.01 secs] 
2014-07-10T14:49:27.614+0200: 25.763: [CMS-concurrent-reset-start]
2014-07-10T14:49:27.615+0200: 25.764: [CMS-concurrent-reset: 0.001/0.001 secs] [Times: user=0.00 sys=0.00, real=0.00 secs] 
2014-07-10T14:49:27.651+0200: 25.798: [GC2014-07-10T14:49:27.651+0200: 25.798: [ParNew: 78649K->78649K(78656K), 0.0000462 secs]2014-07-10T14:49:27.651+0200: 25.798: [CMS: 174762K->174780K(174784K), 0.1922343 secs] 253412K->253208K(253440K), [CMS Perm : 2651K->2651K(21248K)], 0.1924473 secs] [Times: user=0.20 sys=0.00, real=0.19 secs] 
2014-07-10T14:49:27.843+0200: 25.991: [GC [1 CMS-initial-mark: 174780K(174784K)] 253252K(253440K), 0.0010390 secs] [Times: user=0.00 sys=0.00, real=0.00 secs] 
2014-07-10T14:49:27.844+0200: 25.992: [CMS-concurrent-mark-start]
2014-07-10T14:49:27.845+0200: 25.992: [Full GC2014-07-10T14:49:27.845+0200: 25.992: [CMS2014-07-10T14:49:27.866+0200: 26.013: [CMS-concurrent-mark: 0.021/0.021 secs] [Times: user=0.02 sys=0.00, real=0.02 secs] 
 (concurrent mode failure): 174780K->174780K(174784K), 0.1537012 secs] 253410K->253405K(253440K), [CMS Perm : 2651K->2651K(21248K)], 0.1538123 secs] [Times: user=0.16 sys=0.00, real=0.15 secs] 
2014-07-10T14:49:27.998+0200: 26.146: [Full GC2014-07-10T14:49:27.998+0200: 26.146: [CMS: 174780K->8178K(174784K), 0.0427738 secs] 253405K->8178K(253440K), [CMS Perm : 2651K->2651K(21248K)], 0.0428512 secs] [Times: user=0.03 sys=0.00, real=0.04 secs] 
2014-07-10T14:49:28.152+0200: 26.299: [GC2014-07-10T14:49:28.152+0200: 26.299: [ParNew: 69944K->8704K(78656K), 0.0453949 secs] 78122K->78027K(253440K), 0.0455521 secs] [Times: user=0.06 sys=0.00, real=0.05 secs] 
2014-07-10T14:49:28.198+0200: 26.345: [GC [1 CMS-initial-mark: 69323K(174784K)] 78068K(253440K), 0.0003615 secs] [Times: user=0.00 sys=0.00, real=0.00 secs] 
2014-07-10T14:49:28.198+0200: 26.346: [CMS-concurrent-mark-start]
2014-07-10T14:49:28.220+0200: 26.368: [CMS-concurrent-mark: 0.022/0.022 secs] [Times: user=0.01 sys=0.00, real=0.02 secs] 
2014-07-10T14:49:28.220+0200: 26.368: [CMS-concurrent-preclean-start]
2014-07-10T14:49:28.223+0200: 26.370: [CMS-concurrent-preclean: 0.002/0.003 secs] [Times: user=0.00 sys=0.00, real=0.00 secs] 
2014-07-10T14:49:28.223+0200: 26.370: [CMS-concurrent-abortable-preclean-start]
2014-07-10T14:49:28.337+0200: 26.484: [GC2014-07-10T14:49:28.337+0200: 26.484: [ParNew: 78617K->8704K(78656K), 0.0517892 secs] 147941K->147786K(253440K), 0.0519234 secs] [Times: user=0.13 sys=0.00, real=0.05 secs] 
2014-07-10T14:49:28.507+0200: 26.654: [CMS-concurrent-abortable-preclean: 0.020/0.284 secs] [Times: user=0.13 sys=0.01, real=0.28 secs] 
2014-07-10T14:49:28.507+0200: 26.655: [GC2014-07-10T14:49:28.507+0200: 26.655: [ParNew: 78621K->78621K(78656K), 0.0000455 secs]2014-07-10T14:49:28.507+0200: 26.655: [CMS (concurrent mode failure): 139082K->174774K(174784K), 0.1635612 secs] 217703K->216768K(253440K), [CMS Perm : 2651K->2651K(21248K)], 0.1637152 secs] [Times: user=0.16 sys=0.02, real=0.16 secs] 
2014-07-10T14:49:28.734+0200: 26.881: [Full GC2014-07-10T14:49:28.734+0200: 26.881: [CMS: 174774K->174782K(174784K), 0.1839925 secs] 253427K->253212K(253440K), [CMS Perm : 2651K->2651K(21248K)], 0.1841539 secs] [Times: user=0.19 sys=0.00, real=0.18 secs] 
2014-07-10T14:49:28.918+0200: 27.065: [GC [1 CMS-initial-mark: 174782K(174784K)] 253253K(253440K), 0.0009459 secs] [Times: user=0.00 sys=0.00, real=0.00 secs] 
2014-07-10T14:49:28.919+0200: 27.066: [CMS-concurrent-mark-start]
2014-07-10T14:49:28.919+0200: 27.067: [Full GC2014-07-10T14:49:28.919+0200: 27.067: [CMS2014-07-10T14:49:28.939+0200: 27.087: [CMS-concurrent-mark: 0.020/0.020 secs] [Times: user=0.02 sys=0.00, real=0.02 secs] 
 (concurrent mode failure): 174782K->174781K(174784K), 0.1432890 secs] 253412K->253408K(253440K), [CMS Perm : 2651K->2651K(21248K)], 0.1434225 secs] [Times: user=0.14 sys=0.00, real=0.14 secs] 
2014-07-10T14:49:29.063+0200: 27.210: [Full GC2014-07-10T14:49:29.063+0200: 27.210: [CMS: 174781K->8234K(174784K), 0.0415577 secs] 253408K->8234K(253440K), [CMS Perm : 2651K->2651K(21248K)], 0.0416457 secs] [Times: user=0.05 sys=0.00, real=0.04 secs] 
2014-07-10T14:49:29.216+0200: 27.363: [GC2014-07-10T14:49:29.216+0200: 27.364: [ParNew: 69928K->8704K(78656K), 0.0450873 secs] 78162K->78062K(253440K), 0.0452511 secs] [Times: user=0.09 sys=0.00, real=0.04 secs] 
2014-07-10T14:49:29.262+0200: 27.409: [GC [1 CMS-initial-mark: 69358K(174784K)] 78103K(253440K), 0.0002731 secs] [Times: user=0.00 sys=0.00, real=0.00 secs] 
2014-07-10T14:49:29.262+0200: 27.410: [CMS-concurrent-mark-start]
2014-07-10T14:49:29.284+0200: 27.431: [CMS-concurrent-mark: 0.022/0.022 secs] [Times: user=0.02 sys=0.00, real=0.02 secs] 
2014-07-10T14:49:29.284+0200: 27.432: [CMS-concurrent-preclean-start]
2014-07-10T14:49:29.287+0200: 27.434: [CMS-concurrent-preclean: 0.002/0.003 secs] [Times: user=0.00 sys=0.00, real=0.00 secs] 
2014-07-10T14:49:29.287+0200: 27.434: [CMS-concurrent-abortable-preclean-start]
2014-07-10T14:49:29.377+0200: 27.524: [GC2014-07-10T14:49:29.377+0200: 27.524: [ParNew2014-07-10T14:49:29.411+0200: 27.558: [CMS-concurrent-abortable-preclean: 0.001/0.124 secs] [Times: user=0.06 sys=0.00, real=0.12 secs] 
: 78630K->8704K(78656K), 0.0503300 secs] 147988K->147815K(253440K), 0.0504777 secs] [Times: user=0.09 sys=0.00, real=0.05 secs] 
2014-07-10T14:49:29.428+0200: 27.575: [GC[YG occupancy: 8823 K (78656 K)]2014-07-10T14:49:29.428+0200: 27.575: [Rescan (parallel) , 0.0015791 secs]2014-07-10T14:49:29.429+0200: 27.577: [weak refs processing, 0.0004224 secs]2014-07-10T14:49:29.430+0200: 27.577: [scrub string table, 0.0001558 secs] [1 CMS-remark: 139111K(174784K)] 147934K(253440K), 0.0022470 secs] [Times: user=0.00 sys=0.00, real=0.00 secs] 
2014-07-10T14:49:29.430+0200: 27.578: [CMS-concurrent-sweep-start]
2014-07-10T14:49:29.436+0200: 27.583: [CMS-concurrent-sweep: 0.006/0.006 secs] [Times: user=0.02 sys=0.00, real=0.01 secs] 
2014-07-10T14:49:29.436+0200: 27.583: [CMS-concurrent-reset-start]
2014-07-10T14:49:29.437+0200: 27.584: [CMS-concurrent-reset: 0.001/0.001 secs] [Times: user=0.00 sys=0.00, real=0.00 secs] 
2014-07-10T14:49:29.549+0200: 27.696: [GC2014-07-10T14:49:29.549+0200: 27.696: [ParNew: 78633K->78633K(78656K), 0.0000466 secs]2014-07-10T14:49:29.549+0200: 27.696: [CMS: 138893K->174768K(174784K), 0.1699306 secs] 217526K->216825K(253440K), [CMS Perm : 2651K->2651K(21248K)], 0.1701429 secs] [Times: user=0.17 sys=0.00, real=0.17 secs] 
2014-07-10T14:49:29.719+0200: 27.867: [GC [1 CMS-initial-mark: 174768K(174784K)] 216866K(253440K), 0.0006031 secs] [Times: user=0.00 sys=0.00, real=0.00 secs] 
2014-07-10T14:49:29.720+0200: 27.867: [CMS-concurrent-mark-start]
2014-07-10T14:49:29.745+0200: 27.892: [CMS-concurrent-mark: 0.025/0.025 secs] [Times: user=0.03 sys=0.00, real=0.02 secs] 
2014-07-10T14:49:29.745+0200: 27.892: [CMS-concurrent-preclean-start]
2014-07-10T14:49:29.762+0200: 27.909: [CMS-concurrent-preclean: 0.017/0.017 secs] [Times: user=0.02 sys=0.00, real=0.02 secs] 
2014-07-10T14:49:29.762+0200: 27.909: [CMS-concurrent-abortable-preclean-start]
2014-07-10T14:49:29.762+0200: 27.909: [CMS-concurrent-abortable-preclean: 0.000/0.000 secs] [Times: user=0.00 sys=0.00, real=0.00 secs] 
2014-07-10T14:49:29.762+0200: 27.909: [GC[YG occupancy: 63542 K (78656 K)]2014-07-10T14:49:29.762+0200: 27.909: [Rescan (parallel) , 0.0020927 secs]2014-07-10T14:49:29.764+0200: 27.911: [weak refs processing, 0.0000389 secs]2014-07-10T14:49:29.764+0200: 27.911: [scrub string table, 0.0003560 secs] [1 CMS-remark: 174768K(174784K)] 238310K(253440K), 0.0025931 secs] [Times: user=0.00 sys=0.00, real=0.00 secs] 
2014-07-10T14:49:29.765+0200: 27.912: [CMS-concurrent-sweep-start]
2014-07-10T14:49:29.770+0200: 27.917: [CMS-concurrent-sweep: 0.005/0.005 secs] [Times: user=0.00 sys=0.00, real=0.00 secs] 
2014-07-10T14:49:29.770+0200: 27.917: [CMS-concurrent-reset-start]
2014-07-10T14:49:29.771+0200: 27.918: [CMS-concurrent-reset: 0.001/0.001 secs] [Times: user=0.00 sys=0.00, real=0.00 secs] 
2014-07-10T14:49:29.793+0200: 27.940: [GC2014-07-10T14:49:29.793+0200: 27.940: [ParNew: 78637K->78637K(78656K), 0.0000444 secs]2014-07-10T14:49:29.793+0200: 27.940: [CMS: 174761K->174776K(174784K), 0.1893299 secs] 253399K->253190K(253440K), [CMS Perm : 2651K->2651K(21248K)], 0.1895242 secs] [Times: user=0.16 sys=0.00, real=0.19 secs] 
2014-07-10T14:49:29.984+0200: 28.132: [Full GC2014-07-10T14:49:29.984+0200: 28.132: [CMS: 174776K->174776K(174784K), 0.1285767 secs] 253390K->253386K(253440K), [CMS Perm : 2651K->2651K(21248K)], 0.1287054 secs] [Times: user=0.11 sys=0.00, real=0.13 secs] 
2014-07-10T14:49:30.113+0200: 28.261: [Full GC2014-07-10T14:49:30.113+0200: 28.261: [CMS: 174776K->8289K(174784K), 0.0440812 secs] 253386K->8289K(253440K), [CMS Perm : 2651K->2651K(21248K)], 0.0441670 secs] [Times: user=0.05 sys=0.00, real=0.04 secs] 
2014-07-10T14:49:30.158+0200: 28.305: [GC [1 CMS-initial-mark: 8289K(174784K)] 8369K(253440K), 0.0001364 secs] [Times: user=0.00 sys=0.00, real=0.00 secs] 
2014-07-10T14:49:30.158+0200: 28.306: [CMS-concurrent-mark-start]
2014-07-10T14:49:30.180+0200: 28.328: [CMS-concurrent-mark: 0.022/0.022 secs] [Times: user=0.03 sys=0.00, real=0.02 secs] 
2014-07-10T14:49:30.180+0200: 28.328: [CMS-concurrent-preclean-start]
2014-07-10T14:49:30.184+0200: 28.331: [CMS-concurrent-preclean: 0.003/0.004 secs] [Times: user=0.00 sys=0.00, real=0.00 secs] 
2014-07-10T14:49:30.184+0200: 28.331: [CMS-concurrent-abortable-preclean-start]
2014-07-10T14:49:30.272+0200: 28.419: [GC2014-07-10T14:49:30.272+0200: 28.419: [ParNew2014-07-10T14:49:30.306+0200: 28.454: [CMS-concurrent-abortable-preclean: 0.001/0.122 secs] [Times: user=0.09 sys=0.00, real=0.12 secs] 
: 69921K->8704K(78656K), 0.0456647 secs] 78210K->78134K(253440K), 0.0458168 secs] [Times: user=0.09 sys=0.00, real=0.05 secs] 
2014-07-10T14:49:30.319+0200: 28.466: [GC[YG occupancy: 9887 K (78656 K)]2014-07-10T14:49:30.319+0200: 28.466: [Rescan (parallel) , 0.0020051 secs]2014-07-10T14:49:30.321+0200: 28.468: [weak refs processing, 0.0000334 secs]2014-07-10T14:49:30.321+0200: 28.468: [scrub string table, 0.0001980 secs] [1 CMS-remark: 69430K(174784K)] 79317K(253440K), 0.0023442 secs] [Times: user=0.03 sys=0.00, real=0.00 secs] 
2014-07-10T14:49:30.322+0200: 28.470: [CMS-concurrent-sweep-start]
2014-07-10T14:49:30.327+0200: 28.475: [CMS-concurrent-sweep: 0.005/0.005 secs] [Times: user=0.00 sys=0.00, real=0.00 secs] 
2014-07-10T14:49:30.327+0200: 28.475: [CMS-concurrent-reset-start]
2014-07-10T14:49:30.328+0200: 28.476: [CMS-concurrent-reset: 0.001/0.001 secs] [Times: user=0.00 sys=0.00, real=0.00 secs] 
2014-07-10T14:49:30.434+0200: 28.581: [GC2014-07-10T14:49:30.434+0200: 28.581: [ParNew: 78619K->8704K(78656K), 0.0503604 secs] 148040K->147831K(253440K), 0.0505151 secs] [Times: user=0.09 sys=0.00, real=0.05 secs] 
2014-07-10T14:49:30.485+0200: 28.632: [GC [1 CMS-initial-mark: 139127K(174784K)] 147912K(253440K), 0.0002808 secs] [Times: user=0.00 sys=0.00, real=0.00 secs] 
2014-07-10T14:49:30.485+0200: 28.632: [CMS-concurrent-mark-start]
2014-07-10T14:49:30.510+0200: 28.658: [CMS-concurrent-mark: 0.025/0.025 secs] [Times: user=0.03 sys=0.00, real=0.03 secs] 
2014-07-10T14:49:30.510+0200: 28.658: [CMS-concurrent-preclean-start]
2014-07-10T14:49:30.512+0200: 28.659: [CMS-concurrent-preclean: 0.001/0.001 secs] [Times: user=0.00 sys=0.00, real=0.00 secs] 
2014-07-10T14:49:30.512+0200: 28.659: [CMS-concurrent-abortable-preclean-start]
2014-07-10T14:49:30.613+0200: 28.760: [CMS-concurrent-abortable-preclean: 0.001/0.101 secs] [Times: user=0.00 sys=0.00, real=0.10 secs] 
2014-07-10T14:49:30.613+0200: 28.761: [GC[YG occupancy: 73003 K (78656 K)]2014-07-10T14:49:30.613+0200: 28.761: [Rescan (parallel) , 0.0015061 secs]2014-07-10T14:49:30.615+0200: 28.762: [weak refs processing, 0.0000319 secs]2014-07-10T14:49:30.615+0200: 28.762: [scrub string table, 0.0001672 secs] [1 CMS-remark: 139127K(174784K)] 212131K(253440K), 0.0017932 secs] [Times: user=0.00 sys=0.00, real=0.00 secs] 
2014-07-10T14:49:30.615+0200: 28.762: [CMS-concurrent-sweep-start]
2014-07-10T14:49:30.621+0200: 28.768: [CMS-concurrent-sweep: 0.006/0.006 secs] [Times: user=0.02 sys=0.00, real=0.01 secs] 
2014-07-10T14:49:30.621+0200: 28.768: [CMS-concurrent-reset-start]
2014-07-10T14:49:30.622+0200: 28.769: [CMS-concurrent-reset: 0.001/0.001 secs] [Times: user=0.00 sys=0.00, real=0.00 secs] 
2014-07-10T14:49:30.624+0200: 28.771: [GC2014-07-10T14:49:30.624+0200: 28.771: [ParNew: 78627K->78627K(78656K), 0.0000411 secs]2014-07-10T14:49:30.624+0200: 28.771: [CMS: 138714K->174783K(174784K), 0.1618718 secs] 217342K->216847K(253440K), [CMS Perm : 2651K->2651K(21248K)], 0.1620350 secs] [Times: user=0.16 sys=0.00, real=0.16 secs] 
2014-07-10T14:49:30.794+0200: 28.942: [GC [1 CMS-initial-mark: 174783K(174784K)] 216891K(253440K), 0.0005741 secs] [Times: user=0.00 sys=0.00, real=0.00 secs] 
2014-07-10T14:49:30.795+0200: 28.943: [CMS-concurrent-mark-start]
2014-07-10T14:49:30.819+0200: 28.966: [CMS-concurrent-mark: 0.024/0.024 secs] [Times: user=0.03 sys=0.00, real=0.02 secs] 
2014-07-10T14:49:30.819+0200: 28.967: [CMS-concurrent-preclean-start]
2014-07-10T14:49:30.836+0200: 28.984: [CMS-concurrent-preclean: 0.017/0.017 secs] [Times: user=0.01 sys=0.00, real=0.02 secs] 
2014-07-10T14:49:30.836+0200: 28.984: [CMS-concurrent-abortable-preclean-start]
2014-07-10T14:49:30.836+0200: 28.984: [CMS-concurrent-abortable-preclean: 0.000/0.000 secs] [Times: user=0.00 sys=0.00, real=0.00 secs] 
2014-07-10T14:49:30.837+0200: 28.984: [GC[YG occupancy: 66839 K (78656 K)]2014-07-10T14:49:30.837+0200: 28.984: [Rescan (parallel) , 0.0009122 secs]2014-07-10T14:49:30.838+0200: 28.985: [weak refs processing, 0.0000323 secs]2014-07-10T14:49:30.838+0200: 28.985: [scrub string table, 0.0001914 secs] [1 CMS-remark: 174783K(174784K)] 241623K(253440K), 0.0012194 secs] [Times: user=0.00 sys=0.00, real=0.00 secs] 
2014-07-10T14:49:30.838+0200: 28.985: [CMS-concurrent-sweep-start]
2014-07-10T14:49:30.843+0200: 28.991: [CMS-concurrent-sweep: 0.005/0.005 secs] [Times: user=0.00 sys=0.00, real=0.00 secs] 
2014-07-10T14:49:30.843+0200: 28.991: [CMS-concurrent-reset-start]
2014-07-10T14:49:30.844+0200: 28.992: [CMS-concurrent-reset: 0.001/0.001 secs] [Times: user=0.00 sys=0.00, real=0.00 secs] 
2014-07-10T14:49:30.858+0200: 29.005: [GC2014-07-10T14:49:30.858+0200: 29.005: [ParNew: 78631K->78631K(78656K), 0.0000477 secs]2014-07-10T14:49:30.858+0200: 29.005: [CMS: 174773K->174751K(174784K), 0.1815365 secs] 253404K->253202K(253440K), [CMS Perm : 2651K->2651K(21248K)], 0.1817954 secs] [Times: user=0.19 sys=0.00, real=0.18 secs] 
2014-07-10T14:49:31.040+0200: 29.188: [GC [1 CMS-initial-mark: 174751K(174784K)] 253243K(253440K), 0.0010808 secs] [Times: user=0.00 sys=0.00, real=0.00 secs] 
2014-07-10T14:49:31.041+0200: 29.189: [CMS-concurrent-mark-start]
2014-07-10T14:49:31.042+0200: 29.189: [Full GC2014-07-10T14:49:31.042+0200: 29.189: [CMS2014-07-10T14:49:31.065+0200: 29.213: [CMS-concurrent-mark: 0.024/0.024 secs] [Times: user=0.02 sys=0.00, real=0.02 secs] 
 (concurrent mode failure): 174751K->174750K(174784K), 0.1613215 secs] 253401K->253398K(253440K), [CMS Perm : 2651K->2651K(21248K)], 0.1614491 secs] [Times: user=0.14 sys=0.00, real=0.16 secs] 
2014-07-10T14:49:31.203+0200: 29.351: [Full GC2014-07-10T14:49:31.203+0200: 29.351: [CMS: 174750K->8336K(174784K), 0.0411515 secs] 253398K->8336K(253440K), [CMS Perm : 2651K->2651K(21248K)], 0.0412392 secs] [Times: user=0.05 sys=0.00, real=0.04 secs] 
2014-07-10T14:49:31.358+0200: 29.505: [GC2014-07-10T14:49:31.358+0200: 29.505: [ParNew: 69918K->8704K(78656K), 0.0469886 secs] 78255K->78155K(253440K), 0.0471323 secs] [Times: user=0.09 sys=0.00, real=0.05 secs] 
2014-07-10T14:49:31.405+0200: 29.553: [GC [1 CMS-initial-mark: 69451K(174784K)] 78196K(253440K), 0.0003028 secs] [Times: user=0.00 sys=0.00, real=0.00 secs] 
2014-07-10T14:49:31.405+0200: 29.553: [CMS-concurrent-mark-start]
2014-07-10T14:49:31.428+0200: 29.576: [CMS-concurrent-mark: 0.023/0.023 secs] [Times: user=0.03 sys=0.00, real=0.02 secs] 
2014-07-10T14:49:31.428+0200: 29.576: [CMS-concurrent-preclean-start]
2014-07-10T14:49:31.431+0200: 29.579: [CMS-concurrent-preclean: 0.002/0.003 secs] [Times: user=0.00 sys=0.00, real=0.00 secs] 
2014-07-10T14:49:31.431+0200: 29.579: [CMS-concurrent-abortable-preclean-start]
2014-07-10T14:49:31.520+0200: 29.668: [GC2014-07-10T14:49:31.520+0200: 29.668: [ParNew2014-07-10T14:49:31.554+0200: 29.701: [CMS-concurrent-abortable-preclean: 0.002/0.123 secs] [Times: user=0.09 sys=0.00, real=0.12 secs] 
: 78650K->8704K(78656K), 0.0510915 secs] 148102K->147934K(253440K), 0.0512488 secs] [Times: user=0.12 sys=0.00, real=0.05 secs] 
2014-07-10T14:49:31.573+0200: 29.720: [GC[YG occupancy: 10003 K (78656 K)]2014-07-10T14:49:31.573+0200: 29.720: [Rescan (parallel) , 0.0016245 secs]2014-07-10T14:49:31.575+0200: 29.722: [weak refs processing, 0.0003703 secs]2014-07-10T14:49:31.575+0200: 29.722: [scrub string table, 0.0001870 secs] [1 CMS-remark: 139230K(174784K)] 149234K(253440K), 0.0023020 secs] [Times: user=0.00 sys=0.00, real=0.00 secs] 
2014-07-10T14:49:31.576+0200: 29.723: [CMS-concurrent-sweep-start]
2014-07-10T14:49:31.583+0200: 29.730: [CMS-concurrent-sweep: 0.007/0.007 secs] [Times: user=0.02 sys=0.00, real=0.01 secs] 
2014-07-10T14:49:31.583+0200: 29.730: [CMS-concurrent-reset-start]
2014-07-10T14:49:31.584+0200: 29.732: [CMS-concurrent-reset: 0.001/0.001 secs] [Times: user=0.00 sys=0.00, real=0.00 secs] 
2014-07-10T14:49:31.698+0200: 29.845: [GC2014-07-10T14:49:31.698+0200: 29.845: [ParNew: 78642K->78642K(78656K), 0.0000458 secs]2014-07-10T14:49:31.698+0200: 29.845: [CMS: 139007K->174767K(174784K), 0.1713407 secs] 217650K->216933K(253440K), [CMS Perm : 2651K->2651K(21248K)], 0.1715474 secs] [Times: user=0.17 sys=0.00, real=0.17 secs] 
2014-07-10T14:49:31.870+0200: 30.017: [GC [1 CMS-initial-mark: 174767K(174784K)] 216974K(253440K), 0.0004920 secs] [Times: user=0.00 sys=0.00, real=0.00 secs] 
2014-07-10T14:49:31.870+0200: 30.018: [CMS-concurrent-mark-start]
2014-07-10T14:49:31.894+0200: 30.041: [CMS-concurrent-mark: 0.024/0.024 secs] [Times: user=0.01 sys=0.00, real=0.02 secs] 
2014-07-10T14:49:31.894+0200: 30.041: [CMS-concurrent-preclean-start]
2014-07-10T14:49:31.912+0200: 30.059: [CMS-concurrent-preclean: 0.018/0.018 secs] [Times: user=0.03 sys=0.00, real=0.02 secs] 
2014-07-10T14:49:31.912+0200: 30.059: [CMS-concurrent-abortable-preclean-start]
2014-07-10T14:49:31.912+0200: 30.059: [CMS-concurrent-abortable-preclean: 0.000/0.000 secs] [Times: user=0.00 sys=0.00, real=0.00 secs] 
2014-07-10T14:49:31.912+0200: 30.059: [GC[YG occupancy: 67885 K (78656 K)]2014-07-10T14:49:31.912+0200: 30.060: [Rescan (parallel) , 0.0008979 secs]2014-07-10T14:49:31.913+0200: 30.060: [weak refs processing, 0.0000319 secs]2014-07-10T14:49:31.913+0200: 30.060: [scrub string table, 0.0001536 secs] [1 CMS-remark: 174767K(174784K)] 242653K(253440K), 0.0011629 secs] [Times: user=0.00 sys=0.00, real=0.00 secs] 
2014-07-10T14:49:31.913+0200: 30.061: [CMS-concurrent-sweep-start]
2014-07-10T14:49:31.919+0200: 30.066: [CMS-concurrent-sweep: 0.005/0.005 secs] [Times: user=0.00 sys=0.00, real=0.01 secs] 
2014-07-10T14:49:31.919+0200: 30.066: [CMS-concurrent-reset-start]
2014-07-10T14:49:31.919+0200: 30.067: [CMS-concurrent-reset: 0.001/0.001 secs] [Times: user=0.00 sys=0.00, real=0.00 secs] 
2014-07-10T14:49:31.932+0200: 30.079: [GC2014-07-10T14:49:31.932+0200: 30.079: [ParNew: 78652K->78652K(78656K), 0.0000469 secs]2014-07-10T14:49:31.932+0200: 30.079: [CMS: 174756K->174778K(174784K), 0.1736398 secs] 253408K->253205K(253440K), [CMS Perm : 2651K->2651K(21248K)], 0.1738788 secs] [Times: user=0.17 sys=0.00, real=0.17 secs] 
2014-07-10T14:49:32.106+0200: 30.254: [Full GC2014-07-10T14:49:32.106+0200: 30.254: [CMS: 174778K->174777K(174784K), 0.1423915 secs] 253405K->253401K(253440K), [CMS Perm : 2651K->2651K(21248K)], 0.1425129 secs] [Times: user=0.14 sys=0.00, real=0.14 secs] 
2014-07-10T14:49:32.249+0200: 30.396: [Full GC2014-07-10T14:49:32.249+0200: 30.396: [CMS: 174777K->8378K(174784K), 0.0404131 secs] 253401K->8378K(253440K), [CMS Perm : 2651K->2651K(21248K)], 0.0405019 secs] [Times: user=0.05 sys=0.00, real=0.04 secs] 
2014-07-10T14:49:32.290+0200: 30.437: [GC [1 CMS-initial-mark: 8378K(174784K)] 8774K(253440K), 0.0001346 secs] [Times: user=0.00 sys=0.00, real=0.00 secs] 
2014-07-10T14:49:32.290+0200: 30.437: [CMS-concurrent-mark-start]
2014-07-10T14:49:32.312+0200: 30.459: [CMS-concurrent-mark: 0.022/0.022 secs] [Times: user=0.02 sys=0.00, real=0.02 secs] 
2014-07-10T14:49:32.312+0200: 30.459: [CMS-concurrent-preclean-start]
2014-07-10T14:49:32.315+0200: 30.463: [CMS-concurrent-preclean: 0.003/0.004 secs] [Times: user=0.00 sys=0.00, real=0.00 secs] 
2014-07-10T14:49:32.315+0200: 30.463: [CMS-concurrent-abortable-preclean-start]
2014-07-10T14:49:32.401+0200: 30.548: [GC2014-07-10T14:49:32.401+0200: 30.549: [ParNew2014-07-10T14:49:32.435+0200: 30.583: [CMS-concurrent-abortable-preclean: 0.001/0.120 secs] [Times: user=0.06 sys=0.02, real=0.12 secs] 
: 69913K->8704K(78656K), 0.0455613 secs] 78292K->78189K(253440K), 0.0457138 secs] [Times: user=0.09 sys=0.00, real=0.05 secs] 
2014-07-10T14:49:32.447+0200: 30.595: [GC[YG occupancy: 9492 K (78656 K)]2014-07-10T14:49:32.447+0200: 30.595: [Rescan (parallel) , 0.0019072 secs]2014-07-10T14:49:32.449+0200: 30.597: [weak refs processing, 0.0000334 secs]2014-07-10T14:49:32.449+0200: 30.597: [scrub string table, 0.0001895 secs] [1 CMS-remark: 69485K(174784K)] 78977K(253440K), 0.0022236 secs] [Times: user=0.00 sys=0.00, real=0.00 secs] 
2014-07-10T14:49:32.450+0200: 30.597: [CMS-concurrent-sweep-start]
2014-07-10T14:49:32.455+0200: 30.602: [CMS-concurrent-sweep: 0.005/0.005 secs] [Times: user=0.00 sys=0.00, real=0.00 secs] 
2014-07-10T14:49:32.455+0200: 30.602: [CMS-concurrent-reset-start]
2014-07-10T14:49:32.456+0200: 30.603: [CMS-concurrent-reset: 0.001/0.001 secs] [Times: user=0.00 sys=0.00, real=0.00 secs] 
2014-07-10T14:49:32.565+0200: 30.712: [GC2014-07-10T14:49:32.565+0200: 30.712: [ParNew: 78622K->8704K(78656K), 0.0524135 secs] 148096K->147926K(253440K), 0.0525624 secs] [Times: user=0.11 sys=0.00, real=0.05 secs] 
2014-07-10T14:49:32.622+0200: 30.770: [GC [1 CMS-initial-mark: 139222K(174784K)] 147971K(253440K), 0.0002618 secs] [Times: user=0.00 sys=0.00, real=0.00 secs] 
2014-07-10T14:49:32.623+0200: 30.770: [CMS-concurrent-mark-start]
2014-07-10T14:49:32.646+0200: 30.794: [CMS-concurrent-mark: 0.023/0.023 secs] [Times: user=0.03 sys=0.00, real=0.02 secs] 
2014-07-10T14:49:32.646+0200: 30.794: [CMS-concurrent-preclean-start]
2014-07-10T14:49:32.649+0200: 30.797: [CMS-concurrent-preclean: 0.002/0.003 secs] [Times: user=0.00 sys=0.00, real=0.00 secs] 
2014-07-10T14:49:32.649+0200: 30.797: [CMS-concurrent-abortable-preclean-start]
2014-07-10T14:49:32.741+0200: 30.888: [GC2014-07-10T14:49:32.741+0200: 30.888: [ParNew: 78638K->78638K(78656K), 0.0000469 secs]2014-07-10T14:49:32.741+0200: 30.888: [CMS2014-07-10T14:49:32.741+0200: 30.889: [CMS-concurrent-abortable-preclean: 0.001/0.092 secs] [Times: user=0.00 sys=0.00, real=0.09 secs] 
 (concurrent mode failure): 139222K->174749K(174784K), 0.1611936 secs] 217861K->216933K(253440K), [CMS Perm : 2651K->2651K(21248K)], 0.1614066 secs] [Times: user=0.14 sys=0.00, real=0.16 secs] 
2014-07-10T14:49:32.966+0200: 31.113: [Full GC2014-07-10T14:49:32.966+0200: 31.113: [CMS: 174749K->174755K(174784K), 0.1671674 secs] 253380K->253162K(253440K), [CMS Perm : 2651K->2651K(21248K)], 0.1673210 secs] [Times: user=0.17 sys=0.00, real=0.17 secs] 
2014-07-10T14:49:33.133+0200: 31.281: [GC [1 CMS-initial-mark: 174755K(174784K)] 253204K(253440K), 0.0008176 secs] [Times: user=0.00 sys=0.00, real=0.00 secs] 
2014-07-10T14:49:33.134+0200: 31.282: [CMS-concurrent-mark-start]
2014-07-10T14:49:33.134+0200: 31.282: [Full GC2014-07-10T14:49:33.134+0200: 31.282: [CMS2014-07-10T14:49:33.155+0200: 31.303: [CMS-concurrent-mark: 0.021/0.021 secs] [Times: user=0.01 sys=0.00, real=0.02 secs] 
 (concurrent mode failure): 174755K->174754K(174784K), 0.1589824 secs] 253401K->253398K(253440K), [CMS Perm : 2651K->2651K(21248K)], 0.1590961 secs] [Times: user=0.16 sys=0.00, real=0.16 secs] 
2014-07-10T14:49:33.294+0200: 31.441: [Full GC2014-07-10T14:49:33.294+0200: 31.441: [CMS: 174754K->8416K(174784K), 0.0408623 secs] 253398K->8416K(253440K), [CMS Perm : 2651K->2651K(21248K)], 0.0409510 secs] [Times: user=0.05 sys=0.00, real=0.04 secs] 
2014-07-10T14:49:33.446+0200: 31.594: [GC2014-07-10T14:49:33.446+0200: 31.594: [ParNew: 69931K->8704K(78656K), 0.0448779 secs] 78347K->78253K(253440K), 0.0450367 secs] [Times: user=0.09 sys=0.00, real=0.04 secs] 
2014-07-10T14:49:33.491+0200: 31.639: [GC [1 CMS-initial-mark: 69549K(174784K)] 78294K(253440K), 0.0003615 secs] [Times: user=0.00 sys=0.00, real=0.00 secs] 
2014-07-10T14:49:33.492+0200: 31.639: [CMS-concurrent-mark-start]
2014-07-10T14:49:33.514+0200: 31.662: [CMS-concurrent-mark: 0.022/0.022 secs] [Times: user=0.02 sys=0.00, real=0.02 secs] 
2014-07-10T14:49:33.514+0200: 31.662: [CMS-concurrent-preclean-start]
2014-07-10T14:49:33.517+0200: 31.664: [CMS-concurrent-preclean: 0.002/0.003 secs] [Times: user=0.00 sys=0.00, real=0.00 secs] 
2014-07-10T14:49:33.517+0200: 31.664: [CMS-concurrent-abortable-preclean-start]
2014-07-10T14:49:33.610+0200: 31.758: [GC2014-07-10T14:49:33.610+0200: 31.758: [ParNew2014-07-10T14:49:33.644+0200: 31.791: [CMS-concurrent-abortable-preclean: 0.002/0.127 secs] [Times: user=0.11 sys=0.00, real=0.13 secs] 
: 78622K->8704K(78656K), 0.0513390 secs] 148171K->148000K(253440K), 0.0514852 secs] [Times: user=0.13 sys=0.00, real=0.05 secs] 
2014-07-10T14:49:33.662+0200: 31.809: [GC[YG occupancy: 8865 K (78656 K)]2014-07-10T14:49:33.662+0200: 31.809: [Rescan (parallel) , 0.0015721 secs]2014-07-10T14:49:33.663+0200: 31.811: [weak refs processing, 0.0003252 secs]2014-07-10T14:49:33.664+0200: 31.811: [scrub string table, 0.0001474 secs] [1 CMS-remark: 139296K(174784K)] 148161K(253440K), 0.0021290 secs] [Times: user=0.00 sys=0.00, real=0.00 secs] 
2014-07-10T14:49:33.664+0200: 31.812: [CMS-concurrent-sweep-start]
2014-07-10T14:49:33.670+0200: 31.818: [CMS-concurrent-sweep: 0.006/0.006 secs] [Times: user=0.00 sys=0.00, real=0.01 secs] 
2014-07-10T14:49:33.670+0200: 31.818: [CMS-concurrent-reset-start]
2014-07-10T14:49:33.671+0200: 31.819: [CMS-concurrent-reset: 0.001/0.001 secs] [Times: user=0.00 sys=0.00, real=0.00 secs] 
2014-07-10T14:49:33.785+0200: 31.932: [GC2014-07-10T14:49:33.785+0200: 31.932: [ParNew: 78635K->78635K(78656K), 0.0000462 secs]2014-07-10T14:49:33.785+0200: 31.932: [CMS: 139072K->174764K(174784K), 0.1580552 secs] 217707K->216981K(253440K), [CMS Perm : 2651K->2651K(21248K)], 0.1582510 secs] [Times: user=0.16 sys=0.00, real=0.16 secs] 
2014-07-10T14:49:33.943+0200: 32.091: [GC [1 CMS-initial-mark: 174764K(174784K)] 217022K(253440K), 0.0004916 secs] [Times: user=0.00 sys=0.00, real=0.00 secs] 
2014-07-10T14:49:33.944+0200: 32.091: [CMS-concurrent-mark-start]
2014-07-10T14:49:33.966+0200: 32.114: [CMS-concurrent-mark: 0.023/0.023 secs] [Times: user=0.02 sys=0.00, real=0.02 secs] 
2014-07-10T14:49:33.966+0200: 32.114: [CMS-concurrent-preclean-start]
2014-07-10T14:49:33.984+0200: 32.131: [CMS-concurrent-preclean: 0.017/0.017 secs] [Times: user=0.02 sys=0.00, real=0.02 secs] 
2014-07-10T14:49:33.984+0200: 32.131: [CMS-concurrent-abortable-preclean-start]
2014-07-10T14:49:33.984+0200: 32.131: [CMS-concurrent-abortable-preclean: 0.000/0.000 secs] [Times: user=0.00 sys=0.00, real=0.00 secs] 
2014-07-10T14:49:33.984+0200: 32.132: [GC[YG occupancy: 65824 K (78656 K)]2014-07-10T14:49:33.984+0200: 32.132: [Rescan (parallel) , 0.0008920 secs]2014-07-10T14:49:33.985+0200: 32.133: [weak refs processing, 0.0000359 secs]2014-07-10T14:49:33.985+0200: 32.133: [scrub string table, 0.0001532 secs] [1 CMS-remark: 174764K(174784K)] 240588K(253440K), 0.0011637 secs] [Times: user=0.00 sys=0.00, real=0.00 secs] 
2014-07-10T14:49:33.985+0200: 32.133: [CMS-concurrent-sweep-start]
2014-07-10T14:49:33.991+0200: 32.138: [CMS-concurrent-sweep: 0.005/0.005 secs] [Times: user=0.02 sys=0.00, real=0.01 secs] 
2014-07-10T14:49:33.991+0200: 32.138: [CMS-concurrent-reset-start]
2014-07-10T14:49:33.991+0200: 32.139: [CMS-concurrent-reset: 0.001/0.001 secs] [Times: user=0.00 sys=0.00, real=0.00 secs] 
2014-07-10T14:49:34.007+0200: 32.154: [GC2014-07-10T14:49:34.007+0200: 32.155: [ParNew: 78655K->78655K(78656K), 0.0000458 secs]2014-07-10T14:49:34.007+0200: 32.155: [CMS: 174753K->174772K(174784K), 0.1654636 secs] 253409K->253201K(253440K), [CMS Perm : 2651K->2651K(21248K)], 0.1656774 secs] [Times: user=0.14 sys=0.00, real=0.16 secs] 
2014-07-10T14:49:34.173+0200: 32.320: [GC [1 CMS-initial-mark: 174772K(174784K)] 253244K(253440K), 0.0007915 secs] [Times: user=0.00 sys=0.00, real=0.00 secs] 
2014-07-10T14:49:34.174+0200: 32.321: [CMS-concurrent-mark-start]
2014-07-10T14:49:34.174+0200: 32.321: [Full GC2014-07-10T14:49:34.174+0200: 32.321: [CMS2014-07-10T14:49:34.194+0200: 32.342: [CMS-concurrent-mark: 0.021/0.021 secs] [Times: user=0.02 sys=0.00, real=0.02 secs] 
 (concurrent mode failure): 174772K->174771K(174784K), 0.1594558 secs] 253400K->253398K(253440K), [CMS Perm : 2651K->2651K(21248K)], 0.1595536 secs] [Times: user=0.16 sys=0.00, real=0.16 secs] 
2014-07-10T14:49:34.333+0200: 32.481: [Full GC2014-07-10T14:49:34.333+0200: 32.481: [CMS: 174771K->8450K(174784K), 0.0453190 secs] 253398K->8450K(253440K), [CMS Perm : 2651K->2651K(21248K)], 0.0453945 secs] [Times: user=0.05 sys=0.00, real=0.05 secs] 
2014-07-10T14:49:34.490+0200: 32.638: [GC2014-07-10T14:49:34.490+0200: 32.638: [ParNew: 69924K->8704K(78656K), 0.0464247 secs] 78374K->78278K(253440K), 0.0465743 secs] [Times: user=0.09 sys=0.00, real=0.05 secs] 
2014-07-10T14:49:34.537+0200: 32.685: [GC [1 CMS-initial-mark: 69574K(174784K)] 78635K(253440K), 0.0003252 secs] [Times: user=0.00 sys=0.00, real=0.00 secs] 
2014-07-10T14:49:34.538+0200: 32.685: [CMS-concurrent-mark-start]
2014-07-10T14:49:34.560+0200: 32.708: [CMS-concurrent-mark: 0.022/0.022 secs] [Times: user=0.02 sys=0.00, real=0.02 secs] 
2014-07-10T14:49:34.560+0200: 32.708: [CMS-concurrent-preclean-start]
2014-07-10T14:49:34.563+0200: 32.710: [CMS-concurrent-preclean: 0.002/0.003 secs] [Times: user=0.02 sys=0.00, real=0.00 secs] 
2014-07-10T14:49:34.563+0200: 32.710: [CMS-concurrent-abortable-preclean-start]
2014-07-10T14:49:34.653+0200: 32.801: [GC2014-07-10T14:49:34.653+0200: 32.801: [ParNew2014-07-10T14:49:34.686+0200: 32.833: [CMS-concurrent-abortable-preclean: 0.002/0.123 secs] [Times: user=0.06 sys=0.00, real=0.12 secs] 
: 78620K->8704K(78656K), 0.0510332 secs] 148194K->148001K(253440K), 0.0511806 secs] [Times: user=0.12 sys=0.00, real=0.05 secs] 
2014-07-10T14:49:34.705+0200: 32.853: [GC[YG occupancy: 9885 K (78656 K)]2014-07-10T14:49:34.705+0200: 32.853: [Rescan (parallel) , 0.0016997 secs]2014-07-10T14:49:34.707+0200: 32.854: [weak refs processing, 0.0003538 secs]2014-07-10T14:49:34.707+0200: 32.855: [scrub string table, 0.0001602 secs] [1 CMS-remark: 139297K(174784K)] 149183K(253440K), 0.0023200 secs] [Times: user=0.00 sys=0.00, real=0.00 secs] 
2014-07-10T14:49:34.707+0200: 32.855: [CMS-concurrent-sweep-start]
2014-07-10T14:49:34.713+0200: 32.861: [CMS-concurrent-sweep: 0.006/0.006 secs] [Times: user=0.00 sys=0.00, real=0.01 secs] 
2014-07-10T14:49:34.713+0200: 32.861: [CMS-concurrent-reset-start]
2014-07-10T14:49:34.714+0200: 32.862: [CMS-concurrent-reset: 0.001/0.001 secs] [Times: user=0.00 sys=0.00, real=0.00 secs] 
2014-07-10T14:49:34.824+0200: 32.972: [GC2014-07-10T14:49:34.824+0200: 32.972: [ParNew: 78644K->78644K(78656K), 0.0000488 secs]2014-07-10T14:49:34.824+0200: 32.972: [CMS: 139070K->174781K(174784K), 0.1728376 secs] 217715K->217013K(253440K), [CMS Perm : 2651K->2651K(21248K)], 0.1730568 secs] [Times: user=0.17 sys=0.00, real=0.17 secs] 
2014-07-10T14:49:34.997+0200: 33.145: [GC [1 CMS-initial-mark: 174781K(174784K)] 217054K(253440K), 0.0005400 secs] [Times: user=0.00 sys=0.00, real=0.00 secs] 
2014-07-10T14:49:34.998+0200: 33.146: [CMS-concurrent-mark-start]
2014-07-10T14:49:35.021+0200: 33.169: [CMS-concurrent-mark: 0.023/0.023 secs] [Times: user=0.03 sys=0.00, real=0.02 secs] 
2014-07-10T14:49:35.021+0200: 33.169: [CMS-concurrent-preclean-start]
2014-07-10T14:49:35.038+0200: 33.186: [CMS-concurrent-preclean: 0.017/0.017 secs] [Times: user=0.02 sys=0.00, real=0.02 secs] 
2014-07-10T14:49:35.038+0200: 33.186: [CMS-concurrent-abortable-preclean-start]
2014-07-10T14:49:35.038+0200: 33.186: [CMS-concurrent-abortable-preclean: 0.000/0.000 secs] [Times: user=0.00 sys=0.00, real=0.00 secs] 
2014-07-10T14:49:35.039+0200: 33.186: [GC[YG occupancy: 66898 K (78656 K)]2014-07-10T14:49:35.039+0200: 33.186: [Rescan (parallel) , 0.0009210 secs]2014-07-10T14:49:35.040+0200: 33.187: [weak refs processing, 0.0000323 secs]2014-07-10T14:49:35.040+0200: 33.187: [scrub string table, 0.0001525 secs] [1 CMS-remark: 174781K(174784K)] 241680K(253440K), 0.0011864 secs] [Times: user=0.00 sys=0.00, real=0.00 secs] 
2014-07-10T14:49:35.040+0200: 33.188: [CMS-concurrent-sweep-start]
2014-07-10T14:49:35.045+0200: 33.193: [CMS-concurrent-sweep: 0.005/0.005 secs] [Times: user=0.00 sys=0.00, real=0.01 secs] 
2014-07-10T14:49:35.045+0200: 33.193: [CMS-concurrent-reset-start]
2014-07-10T14:49:35.046+0200: 33.194: [CMS-concurrent-reset: 0.001/0.001 secs] [Times: user=0.02 sys=0.00, real=0.00 secs] 
2014-07-10T14:49:35.060+0200: 33.208: [GC2014-07-10T14:49:35.060+0200: 33.208: [ParNew: 78626K->78626K(78656K), 0.0000447 secs]2014-07-10T14:49:35.060+0200: 33.208: [CMS: 174773K->174748K(174784K), 0.1676509 secs] 253400K->253197K(253440K), [CMS Perm : 2651K->2651K(21248K)], 0.1678599 secs] [Times: user=0.17 sys=0.00, real=0.17 secs] 
2014-07-10T14:49:35.228+0200: 33.376: [GC [1 CMS-initial-mark: 174748K(174784K)] 253236K(253440K), 0.0009745 secs] [Times: user=0.00 sys=0.00, real=0.00 secs] 
2014-07-10T14:49:35.229+0200: 33.377: [CMS-concurrent-mark-start]
2014-07-10T14:49:35.229+0200: 33.377: [Full GC2014-07-10T14:49:35.229+0200: 33.377: [CMS2014-07-10T14:49:35.251+0200: 33.399: [CMS-concurrent-mark: 0.022/0.022 secs] [Times: user=0.02 sys=0.00, real=0.02 secs] 
 (concurrent mode failure): 174748K->174747K(174784K), 0.1493614 secs] 253396K->253393K(253440K), [CMS Perm : 2651K->2651K(21248K)], 0.1494894 secs] [Times: user=0.14 sys=0.00, real=0.15 secs] 
2014-07-10T14:49:35.379+0200: 33.526: [Full GC2014-07-10T14:49:35.379+0200: 33.526: [CMS: 174747K->8516K(174784K), 0.0427035 secs] 253393K->8516K(253440K), [CMS Perm : 2651K->2651K(21248K)], 0.0427900 secs] [Times: user=0.05 sys=0.00, real=0.04 secs] 
2014-07-10T14:49:35.534+0200: 33.682: [GC2014-07-10T14:49:35.534+0200: 33.682: [ParNew: 69924K->8704K(78656K), 0.0510141 secs] 78441K->78352K(253440K), 0.0511685 secs] [Times: user=0.09 sys=0.00, real=0.05 secs] 
2014-07-10T14:49:35.585+0200: 33.733: [GC [1 CMS-initial-mark: 69648K(174784K)] 78391K(253440K), 0.0002838 secs] [Times: user=0.00 sys=0.00, real=0.00 secs] 
2014-07-10T14:49:35.585+0200: 33.733: [CMS-concurrent-mark-start]
2014-07-10T14:49:35.608+0200: 33.756: [CMS-concurrent-mark: 0.023/0.023 secs] [Times: user=0.03 sys=0.00, real=0.02 secs] 
2014-07-10T14:49:35.608+0200: 33.756: [CMS-concurrent-preclean-start]
2014-07-10T14:49:35.610+0200: 33.758: [CMS-concurrent-preclean: 0.001/0.002 secs] [Times: user=0.00 sys=0.00, real=0.00 secs] 
2014-07-10T14:49:35.610+0200: 33.758: [CMS-concurrent-abortable-preclean-start]
2014-07-10T14:49:35.713+0200: 33.861: [GC2014-07-10T14:49:35.713+0200: 33.861: [ParNew: 78641K->8704K(78656K), 0.0545290 secs] 148290K->148107K(253440K), 0.0546793 secs] [Times: user=0.11 sys=0.00, real=0.05 secs] 
2014-07-10T14:49:35.886+0200: 34.033: [CMS-concurrent-abortable-preclean: 0.014/0.275 secs] [Times: user=0.11 sys=0.01, real=0.28 secs] 
2014-07-10T14:49:35.886+0200: 34.034: [GC[YG occupancy: 77155 K (78656 K)]2014-07-10T14:49:35.886+0200: 34.034: [Rescan (parallel) , 0.0015523 secs]2014-07-10T14:49:35.887+0200: 34.035: [weak refs processing, 0.0004297 secs]2014-07-10T14:49:35.888+0200: 34.036: [scrub string table, 0.0002108 secs] [1 CMS-remark: 139403K(174784K)] 216559K(253440K), 0.0023024 secs] [Times: user=0.00 sys=0.00, real=0.00 secs] 
2014-07-10T14:49:35.888+0200: 34.036: [CMS-concurrent-sweep-start]
2014-07-10T14:49:35.890+0200: 34.037: [GC2014-07-10T14:49:35.890+0200: 34.038: [ParNew: 78649K->78649K(78656K), 0.0000414 secs]2014-07-10T14:49:35.890+0200: 34.038: [CMS2014-07-10T14:49:35.894+0200: 34.042: [CMS-concurrent-sweep: 0.006/0.006 secs] [Times: user=0.02 sys=0.00, real=0.01 secs] 
 (concurrent mode failure): 139348K->174763K(174784K), 0.1785998 secs] 217998K->217104K(253440K), [CMS Perm : 2651K->2651K(21248K)], 0.1787696 secs] [Times: user=0.17 sys=0.00, real=0.18 secs] 
2014-07-10T14:49:36.132+0200: 34.280: [Full GC2014-07-10T14:49:36.132+0200: 34.280: [CMS: 174763K->174771K(174784K), 0.1650758 secs] 253384K->253167K(253440K), [CMS Perm : 2651K->2651K(21248K)], 0.1652547 secs] [Times: user=0.17 sys=0.00, real=0.16 secs] 
2014-07-10T14:49:36.297+0200: 34.445: [GC [1 CMS-initial-mark: 174771K(174784K)] 253208K(253440K), 0.0008656 secs] [Times: user=0.00 sys=0.00, real=0.00 secs] 
2014-07-10T14:49:36.298+0200: 34.446: [CMS-concurrent-mark-start]
2014-07-10T14:49:36.298+0200: 34.446: [Full GC2014-07-10T14:49:36.298+0200: 34.446: [CMS2014-07-10T14:49:36.319+0200: 34.467: [CMS-concurrent-mark: 0.021/0.021 secs] [Times: user=0.02 sys=0.00, real=0.02 secs] 
 (concurrent mode failure): 174771K->174770K(174784K), 0.1445843 secs] 253405K->253403K(253440K), [CMS Perm : 2651K->2651K(21248K)], 0.1446954 secs] [Times: user=0.14 sys=0.00, real=0.14 secs] 
2014-07-10T14:49:36.443+0200: 34.591: [Full GC2014-07-10T14:49:36.443+0200: 34.591: [CMS: 174770K->8544K(174784K), 0.0442103 secs] 253403K->8544K(253440K), [CMS Perm : 2651K->2651K(21248K)], 0.0443049 secs] [Times: user=0.05 sys=0.00, real=0.04 secs] 
2014-07-10T14:49:36.599+0200: 34.747: [GC2014-07-10T14:49:36.599+0200: 34.747: [ParNew: 69916K->8704K(78656K), 0.0442070 secs] 78460K->78358K(253440K), 0.0443580 secs] [Times: user=0.09 sys=0.00, real=0.04 secs] 
2014-07-10T14:49:36.644+0200: 34.792: [GC [1 CMS-initial-mark: 69654K(174784K)] 78399K(253440K), 0.0003080 secs] [Times: user=0.00 sys=0.00, real=0.00 secs] 
2014-07-10T14:49:36.644+0200: 34.792: [CMS-concurrent-mark-start]
2014-07-10T14:49:36.667+0200: 34.815: [CMS-concurrent-mark: 0.023/0.023 secs] [Times: user=0.01 sys=0.00, real=0.02 secs] 
2014-07-10T14:49:36.667+0200: 34.815: [CMS-concurrent-preclean-start]
2014-07-10T14:49:36.670+0200: 34.818: [CMS-concurrent-preclean: 0.002/0.003 secs] [Times: user=0.00 sys=0.02, real=0.00 secs] 
2014-07-10T14:49:36.670+0200: 34.818: [CMS-concurrent-abortable-preclean-start]
2014-07-10T14:49:36.759+0200: 34.907: [GC2014-07-10T14:49:36.759+0200: 34.907: [ParNew2014-07-10T14:49:36.793+0200: 34.941: [CMS-concurrent-abortable-preclean: 0.002/0.123 secs] [Times: user=0.09 sys=0.00, real=0.12 secs] 
: 78651K->8704K(78656K), 0.0519234 secs] 148305K->148145K(253440K), 0.0520663 secs] [Times: user=0.13 sys=0.00, real=0.05 secs] 
2014-07-10T14:49:36.811+0200: 34.959: [GC[YG occupancy: 8982 K (78656 K)]2014-07-10T14:49:36.811+0200: 34.959: [Rescan (parallel) , 0.0016135 secs]2014-07-10T14:49:36.813+0200: 34.961: [weak refs processing, 0.0004029 secs]2014-07-10T14:49:36.813+0200: 34.961: [scrub string table, 0.0001807 secs] [1 CMS-remark: 139441K(174784K)] 148423K(253440K), 0.0022837 secs] [Times: user=0.00 sys=0.00, real=0.00 secs] 
2014-07-10T14:49:36.814+0200: 34.962: [CMS-concurrent-sweep-start]
2014-07-10T14:49:36.820+0200: 34.968: [CMS-concurrent-sweep: 0.006/0.006 secs] [Times: user=0.00 sys=0.00, real=0.01 secs] 
2014-07-10T14:49:36.820+0200: 34.968: [CMS-concurrent-reset-start]
2014-07-10T14:49:36.821+0200: 34.969: [CMS-concurrent-reset: 0.001/0.001 secs] [Times: user=0.00 sys=0.00, real=0.00 secs] 
2014-07-10T14:49:36.936+0200: 35.084: [GC2014-07-10T14:49:36.936+0200: 35.084: [ParNew: 78641K->78641K(78656K), 0.0000477 secs]2014-07-10T14:49:36.936+0200: 35.084: [CMS: 139215K->174768K(174784K), 0.1964596 secs] 217857K->217128K(253440K), [CMS Perm : 2651K->2651K(21248K)], 0.1967038 secs] [Times: user=0.19 sys=0.00, real=0.20 secs] 
2014-07-10T14:49:37.133+0200: 35.281: [GC [1 CMS-initial-mark: 174768K(174784K)] 217169K(253440K), 0.0006896 secs] [Times: user=0.00 sys=0.00, real=0.00 secs] 
2014-07-10T14:49:37.134+0200: 35.282: [CMS-concurrent-mark-start]
2014-07-10T14:49:37.159+0200: 35.307: [CMS-concurrent-mark: 0.025/0.025 secs] [Times: user=0.03 sys=0.00, real=0.02 secs] 
2014-07-10T14:49:37.159+0200: 35.307: [CMS-concurrent-preclean-start]
2014-07-10T14:49:37.177+0200: 35.325: [CMS-concurrent-preclean: 0.018/0.018 secs] [Times: user=0.01 sys=0.00, real=0.02 secs] 
2014-07-10T14:49:37.177+0200: 35.325: [CMS-concurrent-abortable-preclean-start]
2014-07-10T14:49:37.177+0200: 35.325: [CMS-concurrent-abortable-preclean: 0.000/0.000 secs] [Times: user=0.00 sys=0.00, real=0.00 secs] 
2014-07-10T14:49:37.181+0200: 35.329: [GC[YG occupancy: 63756 K (78656 K)]2014-07-10T14:49:37.181+0200: 35.329: [Rescan (parallel) , 0.0008909 secs]2014-07-10T14:49:37.182+0200: 35.330: [weak refs processing, 0.0000323 secs]2014-07-10T14:49:37.182+0200: 35.330: [scrub string table, 0.0001947 secs] [1 CMS-remark: 174768K(174784K)] 238524K(253440K), 0.0012396 secs] [Times: user=0.00 sys=0.00, real=0.00 secs] 
2014-07-10T14:49:37.183+0200: 35.331: [CMS-concurrent-sweep-start]
2014-07-10T14:49:37.189+0200: 35.337: [CMS-concurrent-sweep: 0.006/0.006 secs] [Times: user=0.00 sys=0.00, real=0.01 secs] 
2014-07-10T14:49:37.189+0200: 35.337: [CMS-concurrent-reset-start]
2014-07-10T14:49:37.190+0200: 35.338: [CMS-concurrent-reset: 0.001/0.001 secs] [Times: user=0.00 sys=0.00, real=0.00 secs] 
2014-07-10T14:49:37.213+0200: 35.361: [GC2014-07-10T14:49:37.213+0200: 35.361: [ParNew: 78623K->78623K(78656K), 0.0000447 secs]2014-07-10T14:49:37.213+0200: 35.361: [CMS: 174757K->174773K(174784K), 0.1735705 secs] 253380K->253176K(253440K), [CMS Perm : 2651K->2651K(21248K)], 0.1737824 secs] [Times: user=0.19 sys=0.00, real=0.17 secs] 
2014-07-10T14:49:37.387+0200: 35.535: [GC [1 CMS-initial-mark: 174773K(174784K)] 253215K(253440K), 0.0009954 secs] [Times: user=0.00 sys=0.00, real=0.00 secs] 
2014-07-10T14:49:37.388+0200: 35.536: [CMS-concurrent-mark-start]
2014-07-10T14:49:37.388+0200: 35.536: [Full GC2014-07-10T14:49:37.388+0200: 35.536: [CMS2014-07-10T14:49:37.410+0200: 35.558: [CMS-concurrent-mark: 0.022/0.022 secs] [Times: user=0.02 sys=0.00, real=0.02 secs] 
 (concurrent mode failure): 174773K->174772K(174784K), 0.1504969 secs] 253376K->253372K(253440K), [CMS Perm : 2651K->2651K(21248K)], 0.1506197 secs] [Times: user=0.13 sys=0.00, real=0.15 secs] 
2014-07-10T14:49:37.539+0200: 35.687: [Full GC2014-07-10T14:49:37.539+0200: 35.687: [CMS: 174772K->8567K(174784K), 0.0453652 secs] 253372K->8567K(253440K), [CMS Perm : 2651K->2651K(21248K)], 0.0454410 secs] [Times: user=0.05 sys=0.00, real=0.05 secs] 
2014-07-10T14:49:37.711+0200: 35.858: [GC2014-07-10T14:49:37.711+0200: 35.858: [ParNew: 69919K->8704K(78656K), 0.0601812 secs] 78486K->78393K(253440K), 0.0603279 secs] [Times: user=0.09 sys=0.00, real=0.06 secs] 
2014-07-10T14:49:37.774+0200: 35.920: [GC [1 CMS-initial-mark: 69689K(174784K)] 79499K(253440K), 0.0002926 secs] [Times: user=0.00 sys=0.00, real=0.00 secs] 
2014-07-10T14:49:37.774+0200: 35.921: [CMS-concurrent-mark-start]
2014-07-10T14:49:37.799+0200: 35.946: [CMS-concurrent-mark: 0.025/0.025 secs] [Times: user=0.03 sys=0.00, real=0.03 secs] 
2014-07-10T14:49:37.799+0200: 35.946: [CMS-concurrent-preclean-start]
2014-07-10T14:49:37.802+0200: 35.949: [CMS-concurrent-preclean: 0.002/0.002 secs] [Times: user=0.00 sys=0.00, real=0.00 secs] 
2014-07-10T14:49:37.802+0200: 35.949: [CMS-concurrent-abortable-preclean-start]
2014-07-10T14:49:37.898+0200: 36.045: [GC2014-07-10T14:49:37.898+0200: 36.045: [ParNew2014-07-10T14:49:37.932+0200: 36.079: [CMS-concurrent-abortable-preclean: 0.001/0.130 secs] [Times: user=0.06 sys=0.00, real=0.13 secs] 
: 78623K->8704K(78656K), 0.0499729 secs] 148313K->148147K(253440K), 0.0501291 secs] [Times: user=0.09 sys=0.00, real=0.05 secs] 
2014-07-10T14:49:37.948+0200: 36.095: [GC[YG occupancy: 9336 K (78656 K)]2014-07-10T14:49:37.948+0200: 36.095: [Rescan (parallel) , 0.0015054 secs]2014-07-10T14:49:37.950+0200: 36.097: [weak refs processing, 0.0006203 secs]2014-07-10T14:49:37.951+0200: 36.097: [scrub string table, 0.0001899 secs] [1 CMS-remark: 139443K(174784K)] 148779K(253440K), 0.0024256 secs] [Times: user=0.03 sys=0.00, real=0.00 secs] 
2014-07-10T14:49:37.951+0200: 36.098: [CMS-concurrent-sweep-start]
2014-07-10T14:49:37.957+0200: 36.104: [CMS-concurrent-sweep: 0.006/0.006 secs] [Times: user=0.00 sys=0.00, real=0.01 secs] 
2014-07-10T14:49:37.957+0200: 36.104: [CMS-concurrent-reset-start]
2014-07-10T14:49:37.958+0200: 36.105: [CMS-concurrent-reset: 0.001/0.001 secs] [Times: user=0.00 sys=0.00, real=0.00 secs] 
2014-07-10T14:49:38.069+0200: 36.216: [GC2014-07-10T14:49:38.069+0200: 36.216: [ParNew: 78628K->78628K(78656K), 0.0000469 secs]2014-07-10T14:49:38.069+0200: 36.216: [CMS: 139217K->174749K(174784K), 0.1804370 secs] 217845K->217113K(253440K), [CMS Perm : 2651K->2651K(21248K)], 0.1806438 secs] [Times: user=0.19 sys=0.00, real=0.18 secs] 
2014-07-10T14:49:38.250+0200: 36.397: [GC [1 CMS-initial-mark: 174749K(174784K)] 217196K(253440K), 0.0007871 secs] [Times: user=0.00 sys=0.00, real=0.00 secs] 
2014-07-10T14:49:38.251+0200: 36.397: [CMS-concurrent-mark-start]
2014-07-10T14:49:38.275+0200: 36.422: [CMS-concurrent-mark: 0.025/0.025 secs] [Times: user=0.02 sys=0.00, real=0.02 secs] 
2014-07-10T14:49:38.275+0200: 36.422: [CMS-concurrent-preclean-start]
2014-07-10T14:49:38.293+0200: 36.440: [CMS-concurrent-preclean: 0.018/0.018 secs] [Times: user=0.03 sys=0.00, real=0.02 secs] 
2014-07-10T14:49:38.293+0200: 36.440: [CMS-concurrent-abortable-preclean-start]
2014-07-10T14:49:38.293+0200: 36.440: [CMS-concurrent-abortable-preclean: 0.000/0.000 secs] [Times: user=0.00 sys=0.00, real=0.00 secs] 
2014-07-10T14:49:38.293+0200: 36.440: [GC[YG occupancy: 67408 K (78656 K)]2014-07-10T14:49:38.293+0200: 36.440: [Rescan (parallel) , 0.0009345 secs]2014-07-10T14:49:38.294+0200: 36.441: [weak refs processing, 0.0000297 secs]2014-07-10T14:49:38.294+0200: 36.441: [scrub string table, 0.0001485 secs] [1 CMS-remark: 174749K(174784K)] 242158K(253440K), 0.0011930 secs] [Times: user=0.00 sys=0.00, real=0.00 secs] 
2014-07-10T14:49:38.294+0200: 36.441: [CMS-concurrent-sweep-start]
2014-07-10T14:49:38.300+0200: 36.447: [CMS-concurrent-sweep: 0.005/0.005 secs] [Times: user=0.00 sys=0.00, real=0.01 secs] 
2014-07-10T14:49:38.300+0200: 36.447: [CMS-concurrent-reset-start]
2014-07-10T14:49:38.301+0200: 36.448: [CMS-concurrent-reset: 0.001/0.001 secs] [Times: user=0.00 sys=0.00, real=0.00 secs] 
2014-07-10T14:49:38.314+0200: 36.461: [GC2014-07-10T14:49:38.314+0200: 36.461: [ParNew: 78645K->78645K(78656K), 0.0000477 secs]2014-07-10T14:49:38.314+0200: 36.461: [CMS: 174740K->174755K(174784K), 0.1778677 secs] 253385K->253176K(253440K), [CMS Perm : 2651K->2651K(21248K)], 0.1780858 secs] [Times: user=0.17 sys=0.00, real=0.18 secs] 
2014-07-10T14:49:38.492+0200: 36.639: [GC [1 CMS-initial-mark: 174755K(174784K)] 253300K(253440K), 0.0010936 secs] [Times: user=0.00 sys=0.00, real=0.00 secs] 
2014-07-10T14:49:38.494+0200: 36.640: [CMS-concurrent-mark-start]
2014-07-10T14:49:38.494+0200: 36.641: [Full GC2014-07-10T14:49:38.494+0200: 36.641: [CMS2014-07-10T14:49:38.516+0200: 36.663: [CMS-concurrent-mark: 0.022/0.023 secs] [Times: user=0.03 sys=0.00, real=0.02 secs] 
 (concurrent mode failure): 174755K->174755K(174784K), 0.1655758 secs] 253378K->253373K(253440K), [CMS Perm : 2651K->2651K(21248K)], 0.1656756 secs] [Times: user=0.16 sys=0.00, real=0.17 secs] 
2014-07-10T14:49:38.660+0200: 36.807: [Full GC2014-07-10T14:49:38.660+0200: 36.807: [CMS: 174755K->8555K(174784K), 0.0468625 secs] 253373K->8555K(253440K), [CMS Perm : 2651K->2651K(21248K)], 0.0469563 secs] [Times: user=0.05 sys=0.00, real=0.05 secs] 
2014-07-10T14:49:38.821+0200: 36.968: [GC2014-07-10T14:49:38.821+0200: 36.968: [ParNew: 69913K->8704K(78656K), 0.0452203 secs] 78468K->78367K(253440K), 0.0453769 secs] [Times: user=0.09 sys=0.00, real=0.04 secs] 
2014-07-10T14:49:38.867+0200: 37.014: [GC [1 CMS-initial-mark: 69663K(174784K)] 78408K(253440K), 0.0003494 secs] [Times: user=0.00 sys=0.00, real=0.00 secs] 
2014-07-10T14:49:38.868+0200: 37.015: [CMS-concurrent-mark-start]
2014-07-10T14:49:38.891+0200: 37.038: [CMS-concurrent-mark: 0.023/0.023 secs] [Times: user=0.03 sys=0.00, real=0.02 secs] 
2014-07-10T14:49:38.891+0200: 37.038: [CMS-concurrent-preclean-start]
2014-07-10T14:49:38.892+0200: 37.039: [CMS-concurrent-preclean: 0.001/0.001 secs] [Times: user=0.00 sys=0.00, real=0.00 secs] 
2014-07-10T14:49:38.893+0200: 37.040: [GC[YG occupancy: 10830 K (78656 K)]2014-07-10T14:49:38.893+0200: 37.040: [Rescan (parallel) , 0.0004854 secs]2014-07-10T14:49:38.894+0200: 37.041: [weak refs processing, 0.0003571 secs]2014-07-10T14:49:38.894+0200: 37.041: [scrub string table, 0.0001815 secs] [1 CMS-remark: 69663K(174784K)] 80494K(253440K), 0.0011142 secs] [Times: user=0.00 sys=0.00, real=0.00 secs] 
2014-07-10T14:49:38.895+0200: 37.042: [CMS-concurrent-sweep-start]
2014-07-10T14:49:38.901+0200: 37.048: [CMS-concurrent-sweep: 0.006/0.006 secs] [Times: user=0.02 sys=0.00, real=0.01 secs] 
2014-07-10T14:49:38.901+0200: 37.048: [CMS-concurrent-reset-start]
2014-07-10T14:49:38.902+0200: 37.049: [CMS-concurrent-reset: 0.001/0.001 secs] [Times: user=0.00 sys=0.00, real=0.00 secs] 
2014-07-10T14:49:39.016+0200: 37.163: [GC2014-07-10T14:49:39.016+0200: 37.163: [ParNew: 78627K->8704K(78656K), 0.0585219 secs] 148071K->147912K(253440K), 0.0586843 secs] [Times: user=0.11 sys=0.00, real=0.06 secs] 
2014-07-10T14:49:39.075+0200: 37.222: [GC [1 CMS-initial-mark: 139208K(174784K)] 148074K(253440K), 0.0003201 secs] [Times: user=0.00 sys=0.00, real=0.00 secs] 
2014-07-10T14:49:39.075+0200: 37.222: [CMS-concurrent-mark-start]
2014-07-10T14:49:39.099+0200: 37.246: [CMS-concurrent-mark: 0.024/0.024 secs] [Times: user=0.02 sys=0.00, real=0.02 secs] 
2014-07-10T14:49:39.099+0200: 37.246: [CMS-concurrent-preclean-start]
2014-07-10T14:49:39.102+0200: 37.249: [CMS-concurrent-preclean: 0.002/0.003 secs] [Times: user=0.00 sys=0.00, real=0.00 secs] 
2014-07-10T14:49:39.102+0200: 37.249: [CMS-concurrent-abortable-preclean-start]
2014-07-10T14:49:39.193+0200: 37.340: [GC2014-07-10T14:49:39.193+0200: 37.340: [ParNew: 78630K->78630K(78656K), 0.0000488 secs]2014-07-10T14:49:39.193+0200: 37.340: [CMS2014-07-10T14:49:39.193+0200: 37.340: [CMS-concurrent-abortable-preclean: 0.002/0.091 secs] [Times: user=0.03 sys=0.00, real=0.09 secs] 
 (concurrent mode failure): 139208K->174781K(174784K), 0.1730301 secs] 217839K->217102K(253440K), [CMS Perm : 2651K->2651K(21248K)], 0.1732420 secs] [Times: user=0.17 sys=0.00, real=0.17 secs] 
2014-07-10T14:49:39.430+0200: 37.577: [Full GC2014-07-10T14:49:39.430+0200: 37.577: [CMS: 174781K->174749K(174784K), 0.1743353 secs] 253413K->253193K(253440K), [CMS Perm : 2651K->2651K(21248K)], 0.1744852 secs] [Times: user=0.19 sys=0.00, real=0.17 secs] 
2014-07-10T14:49:39.615+0200: 37.762: [Full GC2014-07-10T14:49:39.615+0200: 37.762: [CMS: 174749K->174748K(174784K), 0.1343243 secs] 253354K->253350K(253440K), [CMS Perm : 2651K->2651K(21248K)], 0.1344724 secs] [Times: user=0.14 sys=0.00, real=0.13 secs] 
2014-07-10T14:49:39.749+0200: 37.896: [Full GC2014-07-10T14:49:39.750+0200: 37.896: [CMS: 174748K->8577K(174784K), 0.0472159 secs] 253350K->8577K(253440K), [CMS Perm : 2651K->2651K(21248K)], 0.0473229 secs] [Times: user=0.05 sys=0.00, real=0.05 secs] 
2014-07-10T14:49:39.798+0200: 37.945: [GC [1 CMS-initial-mark: 8577K(174784K)] 10150K(253440K), 0.0001837 secs] [Times: user=0.00 sys=0.00, real=0.00 secs] 
2014-07-10T14:49:39.798+0200: 37.945: [CMS-concurrent-mark-start]
2014-07-10T14:49:39.821+0200: 37.968: [CMS-concurrent-mark: 0.023/0.023 secs] [Times: user=0.05 sys=0.00, real=0.02 secs] 
2014-07-10T14:49:39.821+0200: 37.968: [CMS-concurrent-preclean-start]
2014-07-10T14:49:39.830+0200: 37.977: [CMS-concurrent-preclean: 0.006/0.009 secs] [Times: user=0.00 sys=0.00, real=0.01 secs] 
2014-07-10T14:49:39.831+0200: 37.978: [CMS-concurrent-abortable-preclean-start]
2014-07-10T14:49:39.935+0200: 38.082: [CMS-concurrent-abortable-preclean: 0.004/0.105 secs] [Times: user=0.00 sys=0.00, real=0.10 secs] 
2014-07-10T14:49:39.936+0200: 38.083: [GC[YG occupancy: 38991 K (78656 K)]2014-07-10T14:49:39.936+0200: 38.083: [Rescan (parallel) , 0.0041242 secs]2014-07-10T14:49:39.941+0200: 38.088: [weak refs processing, 0.0000352 secs]2014-07-10T14:49:39.941+0200: 38.088: [scrub string table, 0.0001947 secs] [1 CMS-remark: 8577K(174784K)] 47568K(253440K), 0.0044750 secs] [Times: user=0.00 sys=0.00, real=0.00 secs] 
2014-07-10T14:49:39.941+0200: 38.088: [CMS-concurrent-sweep-start]
2014-07-10T14:49:39.946+0200: 38.093: [CMS-concurrent-sweep: 0.005/0.005 secs] [Times: user=0.01 sys=0.00, real=0.01 secs] 
2014-07-10T14:49:39.946+0200: 38.093: [CMS-concurrent-reset-start]
2014-07-10T14:49:39.947+0200: 38.094: [CMS-concurrent-reset: 0.001/0.001 secs] [Times: user=0.00 sys=0.00, real=0.00 secs] 
2014-07-10T14:49:39.992+0200: 38.139: [GC2014-07-10T14:49:39.992+0200: 38.139: [ParNew: 69949K->8704K(78656K), 0.0474069 secs] 78519K->78428K(253440K), 0.0475609 secs] [Times: user=0.09 sys=0.00, real=0.05 secs] 
2014-07-10T14:49:40.040+0200: 38.187: [GC [1 CMS-initial-mark: 69724K(174784K)] 78511K(253440K), 0.0002559 secs] [Times: user=0.00 sys=0.00, real=0.00 secs] 
2014-07-10T14:49:40.040+0200: 38.187: [CMS-concurrent-mark-start]
2014-07-10T14:49:40.064+0200: 38.211: [CMS-concurrent-mark: 0.024/0.024 secs] [Times: user=0.02 sys=0.00, real=0.02 secs] 
2014-07-10T14:49:40.064+0200: 38.211: [CMS-concurrent-preclean-start]
2014-07-10T14:49:40.067+0200: 38.214: [CMS-concurrent-preclean: 0.002/0.003 secs] [Times: user=0.00 sys=0.00, real=0.00 secs] 
2014-07-10T14:49:40.067+0200: 38.214: [CMS-concurrent-abortable-preclean-start]
2014-07-10T14:49:40.157+0200: 38.304: [GC2014-07-10T14:49:40.157+0200: 38.304: [ParNew2014-07-10T14:49:40.192+0200: 38.339: [CMS-concurrent-abortable-preclean: 0.001/0.125 secs] [Times: user=0.06 sys=0.00, real=0.13 secs] 
: 78618K->8704K(78656K), 0.0515831 secs] 148343K->148162K(253440K), 0.0517708 secs] [Times: user=0.09 sys=0.00, real=0.05 secs] 
2014-07-10T14:49:40.210+0200: 38.357: [GC[YG occupancy: 9726 K (78656 K)]2014-07-10T14:49:40.210+0200: 38.357: [Rescan (parallel) , 0.0015813 secs]2014-07-10T14:49:40.211+0200: 38.358: [weak refs processing, 0.0000315 secs]2014-07-10T14:49:40.212+0200: 38.359: [scrub string table, 0.0002005 secs] [1 CMS-remark: 139458K(174784K)] 149184K(253440K), 0.0019175 secs] [Times: user=0.03 sys=0.00, real=0.00 secs] 
2014-07-10T14:49:40.216+0200: 38.363: [CMS-concurrent-sweep-start]
2014-07-10T14:49:40.222+0200: 38.369: [CMS-concurrent-sweep: 0.006/0.006 secs] [Times: user=0.00 sys=0.00, real=0.01 secs] 
2014-07-10T14:49:40.222+0200: 38.369: [CMS-concurrent-reset-start]
2014-07-10T14:49:40.223+0200: 38.370: [CMS-concurrent-reset: 0.001/0.001 secs] [Times: user=0.00 sys=0.00, real=0.00 secs] 
2014-07-10T14:49:40.334+0200: 38.481: [GC2014-07-10T14:49:40.334+0200: 38.481: [ParNew: 78650K->78650K(78656K), 0.0000462 secs]2014-07-10T14:49:40.334+0200: 38.481: [CMS: 139234K->174750K(174784K), 0.1788829 secs] 217885K->217165K(253440K), [CMS Perm : 2651K->2651K(21248K)], 0.1790926 secs] [Times: user=0.17 sys=0.00, real=0.18 secs] 
2014-07-10T14:49:40.513+0200: 38.660: [GC [1 CMS-initial-mark: 174750K(174784K)] 217206K(253440K), 0.0006156 secs] [Times: user=0.00 sys=0.00, real=0.00 secs] 
2014-07-10T14:49:40.514+0200: 38.661: [CMS-concurrent-mark-start]
2014-07-10T14:49:40.537+0200: 38.684: [CMS-concurrent-mark: 0.023/0.023 secs] [Times: user=0.02 sys=0.00, real=0.02 secs] 
2014-07-10T14:49:40.537+0200: 38.684: [CMS-concurrent-preclean-start]
2014-07-10T14:49:40.555+0200: 38.702: [CMS-concurrent-preclean: 0.018/0.018 secs] [Times: user=0.03 sys=0.00, real=0.02 secs] 
2014-07-10T14:49:40.555+0200: 38.702: [CMS-concurrent-abortable-preclean-start]
2014-07-10T14:49:40.555+0200: 38.702: [CMS-concurrent-abortable-preclean: 0.000/0.000 secs] [Times: user=0.00 sys=0.00, real=0.00 secs] 
2014-07-10T14:49:40.555+0200: 38.702: [GC[YG occupancy: 67393 K (78656 K)]2014-07-10T14:49:40.555+0200: 38.702: [Rescan (parallel) , 0.0009595 secs]2014-07-10T14:49:40.556+0200: 38.703: [weak refs processing, 0.0000304 secs]2014-07-10T14:49:40.556+0200: 38.703: [scrub string table, 0.0001496 secs] [1 CMS-remark: 174750K(174784K)] 242143K(253440K), 0.0012198 secs] [Times: user=0.00 sys=0.00, real=0.00 secs] 
2014-07-10T14:49:40.556+0200: 38.703: [CMS-concurrent-sweep-start]
2014-07-10T14:49:40.562+0200: 38.709: [CMS-concurrent-sweep: 0.005/0.005 secs] [Times: user=0.00 sys=0.00, real=0.01 secs] 
2014-07-10T14:49:40.562+0200: 38.709: [CMS-concurrent-reset-start]
2014-07-10T14:49:40.563+0200: 38.710: [CMS-concurrent-reset: 0.001/0.001 secs] [Times: user=0.00 sys=0.00, real=0.00 secs] 
2014-07-10T14:49:40.575+0200: 38.722: [GC2014-07-10T14:49:40.575+0200: 38.722: [ParNew: 78618K->78618K(78656K), 0.0000466 secs]2014-07-10T14:49:40.575+0200: 38.722: [CMS: 174740K->174755K(174784K), 0.1662321 secs] 253358K->253154K(253440K), [CMS Perm : 2651K->2651K(21248K)], 0.1664565 secs] [Times: user=0.17 sys=0.00, real=0.17 secs] 
2014-07-10T14:49:40.741+0200: 38.888: [GC [1 CMS-initial-mark: 174755K(174784K)] 253196K(253440K), 0.0010002 secs] [Times: user=0.00 sys=0.00, real=0.00 secs] 
2014-07-10T14:49:40.743+0200: 38.890: [CMS-concurrent-mark-start]
2014-07-10T14:49:40.744+0200: 38.891: [Full GC2014-07-10T14:49:40.744+0200: 38.891: [CMS2014-07-10T14:49:40.764+0200: 38.911: [CMS-concurrent-mark: 0.021/0.022 secs] [Times: user=0.02 sys=0.00, real=0.02 secs] 
 (concurrent mode failure): 174755K->174755K(174784K), 0.1501592 secs] 253395K->253389K(253440K), [CMS Perm : 2651K->2651K(21248K)], 0.1502692 secs] [Times: user=0.14 sys=0.00, real=0.15 secs] 
2014-07-10T14:49:40.894+0200: 39.041: [Full GC2014-07-10T14:49:40.894+0200: 39.041: [CMS: 174755K->8594K(174784K), 0.0440644 secs] 253389K->8594K(253440K), [CMS Perm : 2651K->2651K(21248K)], 0.0441527 secs] [Times: user=0.05 sys=0.00, real=0.04 secs] 
2014-07-10T14:49:41.050+0200: 39.197: [GC2014-07-10T14:49:41.050+0200: 39.197: [ParNew: 69942K->8704K(78656K), 0.0453259 secs] 78536K->78453K(253440K), 0.0454828 secs] [Times: user=0.09 sys=0.00, real=0.05 secs] 
2014-07-10T14:49:41.096+0200: 39.243: [GC [1 CMS-initial-mark: 69749K(174784K)] 78494K(253440K), 0.0003428 secs] [Times: user=0.00 sys=0.00, real=0.00 secs] 
2014-07-10T14:49:41.096+0200: 39.243: [CMS-concurrent-mark-start]
2014-07-10T14:49:41.121+0200: 39.269: [CMS-concurrent-mark: 0.026/0.026 secs] [Times: user=0.03 sys=0.00, real=0.03 secs] 
2014-07-10T14:49:41.122+0200: 39.269: [CMS-concurrent-preclean-start]
2014-07-10T14:49:41.125+0200: 39.272: [CMS-concurrent-preclean: 0.002/0.003 secs] [Times: user=0.00 sys=0.00, real=0.00 secs] 
2014-07-10T14:49:41.125+0200: 39.272: [CMS-concurrent-abortable-preclean-start]
2014-07-10T14:49:41.210+0200: 39.357: [GC2014-07-10T14:49:41.210+0200: 39.357: [ParNew2014-07-10T14:49:41.243+0200: 39.390: [CMS-concurrent-abortable-preclean: 0.002/0.118 secs] [Times: user=0.06 sys=0.00, real=0.12 secs] 
: 78647K->8704K(78656K), 0.0501694 secs] 148396K->148226K(253440K), 0.0503175 secs] [Times: user=0.09 sys=0.00, real=0.05 secs] 
2014-07-10T14:49:41.261+0200: 39.408: [GC[YG occupancy: 9572 K (78656 K)]2014-07-10T14:49:41.261+0200: 39.408: [Rescan (parallel) , 0.0016278 secs]2014-07-10T14:49:41.262+0200: 39.409: [weak refs processing, 0.0003417 secs]2014-07-10T14:49:41.263+0200: 39.410: [scrub string table, 0.0001650 secs] [1 CMS-remark: 139522K(174784K)] 149094K(253440K), 0.0022273 secs] [Times: user=0.00 sys=0.00, real=0.00 secs] 
2014-07-10T14:49:41.263+0200: 39.410: [CMS-concurrent-sweep-start]
2014-07-10T14:49:41.269+0200: 39.416: [CMS-concurrent-sweep: 0.006/0.006 secs] [Times: user=0.00 sys=0.00, real=0.01 secs] 
2014-07-10T14:49:41.269+0200: 39.416: [CMS-concurrent-reset-start]
2014-07-10T14:49:41.270+0200: 39.417: [CMS-concurrent-reset: 0.001/0.001 secs] [Times: user=0.00 sys=0.00, real=0.00 secs] 
2014-07-10T14:49:41.384+0200: 39.531: [GC2014-07-10T14:49:41.384+0200: 39.531: [ParNew: 78619K->78619K(78656K), 0.0001668 secs]2014-07-10T14:49:41.384+0200: 39.531: [CMS: 139291K->174765K(174784K), 0.1746007 secs] 217911K->217175K(253440K), [CMS Perm : 2651K->2651K(21248K)], 0.1749611 secs] [Times: user=0.17 sys=0.00, real=0.17 secs] 
2014-07-10T14:49:41.559+0200: 39.706: [GC [1 CMS-initial-mark: 174765K(174784K)] 217296K(253440K), 0.0005254 secs] [Times: user=0.00 sys=0.00, real=0.00 secs] 
2014-07-10T14:49:41.559+0200: 39.706: [CMS-concurrent-mark-start]
2014-07-10T14:49:41.586+0200: 39.733: [CMS-concurrent-mark: 0.026/0.026 secs] [Times: user=0.01 sys=0.00, real=0.03 secs] 
2014-07-10T14:49:41.594+0200: 39.741: [CMS-concurrent-preclean-start]
2014-07-10T14:49:41.613+0200: 39.760: [CMS-concurrent-preclean: 0.019/0.019 secs] [Times: user=0.02 sys=0.00, real=0.02 secs] 
2014-07-10T14:49:41.613+0200: 39.760: [CMS-concurrent-abortable-preclean-start]
2014-07-10T14:49:41.613+0200: 39.760: [CMS-concurrent-abortable-preclean: 0.000/0.000 secs] [Times: user=0.00 sys=0.00, real=0.00 secs] 
2014-07-10T14:49:41.613+0200: 39.760: [GC[YG occupancy: 59317 K (78656 K)]2014-07-10T14:49:41.613+0200: 39.760: [Rescan (parallel) , 0.0008297 secs]2014-07-10T14:49:41.614+0200: 39.761: [weak refs processing, 0.0000308 secs]2014-07-10T14:49:41.614+0200: 39.761: [scrub string table, 0.0001562 secs] [1 CMS-remark: 174765K(174784K)] 234083K(253440K), 0.0010936 secs] [Times: user=0.00 sys=0.00, real=0.00 secs] 
2014-07-10T14:49:41.614+0200: 39.761: [CMS-concurrent-sweep-start]
2014-07-10T14:49:41.620+0200: 39.767: [CMS-concurrent-sweep: 0.006/0.006 secs] [Times: user=0.01 sys=0.00, real=0.01 secs] 
2014-07-10T14:49:41.620+0200: 39.767: [CMS-concurrent-reset-start]
2014-07-10T14:49:41.621+0200: 39.768: [CMS-concurrent-reset: 0.001/0.001 secs] [Times: user=0.00 sys=0.00, real=0.00 secs] 
2014-07-10T14:49:41.650+0200: 39.797: [GC2014-07-10T14:49:41.650+0200: 39.797: [ParNew: 78651K->78651K(78656K), 0.0000462 secs]2014-07-10T14:49:41.650+0200: 39.797: [CMS: 174755K->174771K(174784K), 0.1682012 secs] 253407K->253201K(253440K), [CMS Perm : 2651K->2651K(21248K)], 0.1684234 secs] [Times: user=0.17 sys=0.00, real=0.17 secs] 
2014-07-10T14:49:41.818+0200: 39.966: [GC [1 CMS-initial-mark: 174771K(174784K)] 253242K(253440K), 0.0009679 secs] [Times: user=0.00 sys=0.00, real=0.00 secs] 
2014-07-10T14:49:41.819+0200: 39.967: [CMS-concurrent-mark-start]
2014-07-10T14:49:41.820+0200: 39.967: [Full GC2014-07-10T14:49:41.820+0200: 39.967: [CMS2014-07-10T14:49:41.841+0200: 39.988: [CMS-concurrent-mark: 0.021/0.022 secs] [Times: user=0.02 sys=0.00, real=0.02 secs] 
 (concurrent mode failure): 174771K->174771K(174784K), 0.1527839 secs] 253400K->253397K(253440K), [CMS Perm : 2651K->2651K(21248K)], 0.1529316 secs] [Times: user=0.16 sys=0.00, real=0.15 secs] 
2014-07-10T14:49:41.973+0200: 40.120: [Full GC2014-07-10T14:49:41.973+0200: 40.120: [CMS: 174771K->8613K(174784K), 0.0420472 secs] 253397K->8613K(253440K), [CMS Perm : 2651K->2651K(21248K)], 0.0421392 secs] [Times: user=0.03 sys=0.00, real=0.04 secs] 
2014-07-10T14:49:42.126+0200: 40.273: [GC2014-07-10T14:49:42.126+0200: 40.273: [ParNew: 69916K->8704K(78656K), 0.0452889 secs] 78529K->78436K(253440K), 0.0454425 secs] [Times: user=0.09 sys=0.00, real=0.05 secs] 
2014-07-10T14:49:42.173+0200: 40.320: [GC [1 CMS-initial-mark: 69732K(174784K)] 79971K(253440K), 0.0003582 secs] [Times: user=0.00 sys=0.00, real=0.00 secs] 
2014-07-10T14:49:42.174+0200: 40.321: [CMS-concurrent-mark-start]
2014-07-10T14:49:42.197+0200: 40.344: [CMS-concurrent-mark: 0.023/0.023 secs] [Times: user=0.03 sys=0.00, real=0.02 secs] 
2014-07-10T14:49:42.197+0200: 40.344: [CMS-concurrent-preclean-start]
2014-07-10T14:49:42.200+0200: 40.347: [CMS-concurrent-preclean: 0.002/0.003 secs] [Times: user=0.00 sys=0.00, real=0.00 secs] 
2014-07-10T14:49:42.200+0200: 40.347: [CMS-concurrent-abortable-preclean-start]
2014-07-10T14:49:42.292+0200: 40.439: [GC2014-07-10T14:49:42.292+0200: 40.439: [ParNew2014-07-10T14:49:42.325+0200: 40.472: [CMS-concurrent-abortable-preclean: 0.001/0.125 secs] [Times: user=0.06 sys=0.00, real=0.13 secs] 
: 78645K->8704K(78656K), 0.0514398 secs] 148378K->148193K(253440K), 0.0516070 secs] [Times: user=0.09 sys=0.00, real=0.05 secs] 
2014-07-10T14:49:42.344+0200: 40.492: [GC[YG occupancy: 10437 K (78656 K)]2014-07-10T14:49:42.345+0200: 40.492: [Rescan (parallel) , 0.0015670 secs]2014-07-10T14:49:42.346+0200: 40.493: [weak refs processing, 0.0004180 secs]2014-07-10T14:49:42.347+0200: 40.494: [scrub string table, 0.0001697 secs] [1 CMS-remark: 139489K(174784K)] 149927K(253440K), 0.0022815 secs] [Times: user=0.00 sys=0.00, real=0.00 secs] 
2014-07-10T14:49:42.347+0200: 40.494: [CMS-concurrent-sweep-start]
2014-07-10T14:49:42.353+0200: 40.500: [CMS-concurrent-sweep: 0.006/0.006 secs] [Times: user=0.01 sys=0.00, real=0.01 secs] 
2014-07-10T14:49:42.353+0200: 40.500: [CMS-concurrent-reset-start]
2014-07-10T14:49:42.354+0200: 40.501: [CMS-concurrent-reset: 0.001/0.001 secs] [Times: user=0.00 sys=0.00, real=0.00 secs] 
2014-07-10T14:49:42.464+0200: 40.611: [GC2014-07-10T14:49:42.464+0200: 40.611: [ParNew: 78634K->78634K(78656K), 0.0000469 secs]2014-07-10T14:49:42.464+0200: 40.611: [CMS: 139259K->174781K(174784K), 0.1782805 secs] 217893K->217171K(253440K), [CMS Perm : 2651K->2651K(21248K)], 0.1784972 secs] [Times: user=0.16 sys=0.00, real=0.18 secs] 
2014-07-10T14:49:42.643+0200: 40.790: [GC [1 CMS-initial-mark: 174781K(174784K)] 217212K(253440K), 0.0005932 secs] [Times: user=0.00 sys=0.00, real=0.00 secs] 
2014-07-10T14:49:42.644+0200: 40.791: [CMS-concurrent-mark-start]
2014-07-10T14:49:42.670+0200: 40.817: [CMS-concurrent-mark: 0.026/0.026 secs] [Times: user=0.02 sys=0.00, real=0.03 secs] 
2014-07-10T14:49:42.670+0200: 40.817: [CMS-concurrent-preclean-start]
2014-07-10T14:49:42.688+0200: 40.835: [CMS-concurrent-preclean: 0.018/0.018 secs] [Times: user=0.01 sys=0.00, real=0.02 secs] 
2014-07-10T14:49:42.688+0200: 40.835: [CMS-concurrent-abortable-preclean-start]
2014-07-10T14:49:42.688+0200: 40.835: [CMS-concurrent-abortable-preclean: 0.000/0.000 secs] [Times: user=0.00 sys=0.00, real=0.00 secs] 
2014-07-10T14:49:42.688+0200: 40.835: [GC[YG occupancy: 65618 K (78656 K)]2014-07-10T14:49:42.688+0200: 40.835: [Rescan (parallel) , 0.0009232 secs]2014-07-10T14:49:42.689+0200: 40.836: [weak refs processing, 0.0000301 secs]2014-07-10T14:49:42.689+0200: 40.836: [scrub string table, 0.0001489 secs] [1 CMS-remark: 174781K(174784K)] 240400K(253440K), 0.0011820 secs] [Times: user=0.00 sys=0.00, real=0.00 secs] 
2014-07-10T14:49:42.690+0200: 40.837: [CMS-concurrent-sweep-start]
2014-07-10T14:49:42.695+0200: 40.842: [CMS-concurrent-sweep: 0.005/0.005 secs] [Times: user=0.02 sys=0.00, real=0.00 secs] 
2014-07-10T14:49:42.695+0200: 40.842: [CMS-concurrent-reset-start]
2014-07-10T14:49:42.696+0200: 40.843: [CMS-concurrent-reset: 0.001/0.001 secs] [Times: user=0.00 sys=0.00, real=0.00 secs] 
2014-07-10T14:49:42.713+0200: 40.860: [GC2014-07-10T14:49:42.713+0200: 40.860: [ParNew: 78643K->78643K(78656K), 0.0000473 secs]2014-07-10T14:49:42.713+0200: 40.860: [CMS: 174772K->174746K(174784K), 0.1676267 secs] 253415K->253207K(253440K), [CMS Perm : 2651K->2651K(21248K)], 0.1678980 secs] [Times: user=0.17 sys=0.00, real=0.17 secs] 
2014-07-10T14:49:42.881+0200: 41.028: [GC [1 CMS-initial-mark: 174746K(174784K)] 253250K(253440K), 0.0009312 secs] [Times: user=0.00 sys=0.00, real=0.00 secs] 
2014-07-10T14:49:42.882+0200: 41.029: [CMS-concurrent-mark-start]
2014-07-10T14:49:42.882+0200: 41.029: [Full GC2014-07-10T14:49:42.882+0200: 41.029: [CMS2014-07-10T14:49:42.904+0200: 41.051: [CMS-concurrent-mark: 0.022/0.022 secs] [Times: user=0.01 sys=0.00, real=0.02 secs] 
 (concurrent mode failure): 174746K->174746K(174784K), 0.1506226 secs] 253369K->253364K(253440K), [CMS Perm : 2651K->2651K(21248K)], 0.1507290 secs] [Times: user=0.14 sys=0.00, real=0.15 secs] 
2014-07-10T14:49:43.033+0200: 41.180: [Full GC2014-07-10T14:49:43.033+0200: 41.180: [CMS: 174746K->8631K(174784K), 0.0436574 secs] 253364K->8631K(253440K), [CMS Perm : 2651K->2651K(21248K)], 0.0438569 secs] [Times: user=0.05 sys=0.00, real=0.04 secs] 
2014-07-10T14:49:43.189+0200: 41.336: [GC2014-07-10T14:49:43.189+0200: 41.336: [ParNew: 69932K->8704K(78656K), 0.0448984 secs] 78563K->78460K(253440K), 0.0450693 secs] [Times: user=0.09 sys=0.00, real=0.05 secs] 
2014-07-10T14:49:43.235+0200: 41.382: [GC [1 CMS-initial-mark: 69756K(174784K)] 79445K(253440K), 0.0003960 secs] [Times: user=0.00 sys=0.00, real=0.00 secs] 
2014-07-10T14:49:43.235+0200: 41.382: [CMS-concurrent-mark-start]
2014-07-10T14:49:43.260+0200: 41.407: [CMS-concurrent-mark: 0.024/0.024 secs] [Times: user=0.03 sys=0.00, real=0.03 secs] 
2014-07-10T14:49:43.260+0200: 41.407: [CMS-concurrent-preclean-start]
2014-07-10T14:49:43.262+0200: 41.409: [CMS-concurrent-preclean: 0.001/0.002 secs] [Times: user=0.00 sys=0.00, real=0.00 secs] 
2014-07-10T14:49:43.262+0200: 41.409: [CMS-concurrent-abortable-preclean-start]
2014-07-10T14:49:43.364+0200: 41.511: [GC2014-07-10T14:49:43.364+0200: 41.511: [ParNew: 78624K->8704K(78656K), 0.0512125 secs] 148380K->148221K(253440K), 0.0513730 secs] [Times: user=0.09 sys=0.00, real=0.05 secs] 
2014-07-10T14:49:43.432+0200: 41.579: [CMS-concurrent-abortable-preclean: 0.012/0.170 secs] [Times: user=0.09 sys=0.02, real=0.17 secs] 
2014-07-10T14:49:43.432+0200: 41.579: [GC[YG occupancy: 15428 K (78656 K)]2014-07-10T14:49:43.432+0200: 41.579: [Rescan (parallel) , 0.0004627 secs]2014-07-10T14:49:43.432+0200: 41.580: [weak refs processing, 0.0004433 secs]2014-07-10T14:49:43.433+0200: 41.580: [scrub string table, 0.0001855 secs] [1 CMS-remark: 139517K(174784K)] 154946K(253440K), 0.0011776 secs] [Times: user=0.00 sys=0.00, real=0.00 secs] 
2014-07-10T14:49:43.433+0200: 41.580: [CMS-concurrent-sweep-start]
2014-07-10T14:49:43.439+0200: 41.586: [CMS-concurrent-sweep: 0.006/0.006 secs] [Times: user=0.00 sys=0.00, real=0.01 secs] 
2014-07-10T14:49:43.439+0200: 41.587: [CMS-concurrent-reset-start]
2014-07-10T14:49:43.440+0200: 41.588: [CMS-concurrent-reset: 0.001/0.001 secs] [Times: user=0.02 sys=0.00, real=0.00 secs] 
2014-07-10T14:49:43.541+0200: 41.688: [GC2014-07-10T14:49:43.541+0200: 41.688: [ParNew: 78629K->78629K(78656K), 0.0000466 secs]2014-07-10T14:49:43.541+0200: 41.688: [CMS: 139290K->174748K(174784K), 0.1662145 secs] 217919K->217180K(253440K), [CMS Perm : 2651K->2651K(21248K)], 0.1664165 secs] [Times: user=0.17 sys=0.00, real=0.17 secs] 
2014-07-10T14:49:43.707+0200: 41.854: [GC [1 CMS-initial-mark: 174748K(174784K)] 217221K(253440K), 0.0005074 secs] [Times: user=0.00 sys=0.00, real=0.00 secs] 
2014-07-10T14:49:43.708+0200: 41.855: [CMS-concurrent-mark-start]
2014-07-10T14:49:43.731+0200: 41.878: [CMS-concurrent-mark: 0.023/0.023 secs] [Times: user=0.02 sys=0.00, real=0.02 secs] 
2014-07-10T14:49:43.731+0200: 41.879: [CMS-concurrent-preclean-start]
2014-07-10T14:49:43.749+0200: 41.897: [CMS-concurrent-preclean: 0.018/0.018 secs] [Times: user=0.02 sys=0.00, real=0.02 secs] 
2014-07-10T14:49:43.749+0200: 41.897: [CMS-concurrent-abortable-preclean-start]
2014-07-10T14:49:43.749+0200: 41.897: [CMS-concurrent-abortable-preclean: 0.000/0.000 secs] [Times: user=0.00 sys=0.00, real=0.00 secs] 
2014-07-10T14:49:43.750+0200: 41.897: [GC[YG occupancy: 67122 K (78656 K)]2014-07-10T14:49:43.750+0200: 41.897: [Rescan (parallel) , 0.0008898 secs]2014-07-10T14:49:43.750+0200: 41.898: [weak refs processing, 0.0000458 secs]2014-07-10T14:49:43.751+0200: 41.898: [scrub string table, 0.0002038 secs] [1 CMS-remark: 174748K(174784K)] 241871K(253440K), 0.0012238 secs] [Times: user=0.00 sys=0.00, real=0.00 secs] 
2014-07-10T14:49:43.751+0200: 41.898: [CMS-concurrent-sweep-start]
2014-07-10T14:49:43.758+0200: 41.905: [CMS-concurrent-sweep: 0.007/0.007 secs] [Times: user=0.01 sys=0.00, real=0.01 secs] 
2014-07-10T14:49:43.758+0200: 41.905: [CMS-concurrent-reset-start]
2014-07-10T14:49:43.759+0200: 41.907: [CMS-concurrent-reset: 0.001/0.001 secs] [Times: user=0.00 sys=0.00, real=0.00 secs] 
2014-07-10T14:49:43.778+0200: 41.925: [GC2014-07-10T14:49:43.778+0200: 41.925: [ParNew: 78631K->78631K(78656K), 0.0000455 secs]2014-07-10T14:49:43.778+0200: 41.925: [CMS: 174738K->174752K(174784K), 0.1711940 secs] 253370K->253163K(253440K), [CMS Perm : 2651K->2651K(21248K)], 0.1714151 secs] [Times: user=0.16 sys=0.00, real=0.17 secs] 
2014-07-10T14:49:43.949+0200: 42.097: [GC [1 CMS-initial-mark: 174752K(174784K)] 253287K(253440K), 0.0008172 secs] [Times: user=0.00 sys=0.00, real=0.00 secs] 
2014-07-10T14:49:43.950+0200: 42.098: [CMS-concurrent-mark-start]
2014-07-10T14:49:43.950+0200: 42.098: [Full GC2014-07-10T14:49:43.950+0200: 42.098: [CMS2014-07-10T14:49:43.973+0200: 42.120: [CMS-concurrent-mark: 0.022/0.023 secs] [Times: user=0.03 sys=0.00, real=0.02 secs] 
 (concurrent mode failure): 174752K->174752K(174784K), 0.1534006 secs] 253404K->253399K(253440K), [CMS Perm : 2651K->2651K(21248K)], 0.1535018 secs] [Times: user=0.16 sys=0.00, real=0.15 secs] 
2014-07-10T14:49:44.104+0200: 42.251: [Full GC2014-07-10T14:49:44.104+0200: 42.251: [CMS: 174752K->8645K(174784K), 0.0437029 secs] 253399K->8645K(253440K), [CMS Perm : 2651K->2651K(21248K)], 0.0437916 secs] [Times: user=0.05 sys=0.00, real=0.04 secs] 
2014-07-10T14:49:44.259+0200: 42.406: [GC2014-07-10T14:49:44.259+0200: 42.406: [ParNew: 69920K->8704K(78656K), 0.0450099 secs] 78565K->78477K(253440K), 0.0451613 secs] [Times: user=0.09 sys=0.00, real=0.04 secs] 
2014-07-10T14:49:44.304+0200: 42.451: [GC [1 CMS-initial-mark: 69773K(174784K)] 78518K(253440K), 0.0002651 secs] [Times: user=0.00 sys=0.00, real=0.00 secs] 
2014-07-10T14:49:44.304+0200: 42.452: [CMS-concurrent-mark-start]
2014-07-10T14:49:44.329+0200: 42.477: [CMS-concurrent-mark: 0.025/0.025 secs] [Times: user=0.03 sys=0.00, real=0.03 secs] 
2014-07-10T14:49:44.330+0200: 42.477: [CMS-concurrent-preclean-start]
2014-07-10T14:49:44.331+0200: 42.478: [CMS-concurrent-preclean: 0.001/0.001 secs] [Times: user=0.00 sys=0.00, real=0.00 secs] 
2014-07-10T14:49:44.331+0200: 42.478: [CMS-concurrent-abortable-preclean-start]
2014-07-10T14:49:44.437+0200: 42.584: [CMS-concurrent-abortable-preclean: 0.005/0.106 secs] [Times: user=0.00 sys=0.00, real=0.11 secs] 
2014-07-10T14:49:44.437+0200: 42.584: [GC[YG occupancy: 71255 K (78656 K)]2014-07-10T14:49:44.437+0200: 42.584: [Rescan (parallel) , 0.0008737 secs]2014-07-10T14:49:44.438+0200: 42.585: [weak refs processing, 0.0003857 secs]2014-07-10T14:49:44.438+0200: 42.586: [scrub string table, 0.0001499 secs] [1 CMS-remark: 69773K(174784K)] 141028K(253440K), 0.0015109 secs] [Times: user=0.03 sys=0.00, real=0.00 secs] 
2014-07-10T14:49:44.439+0200: 42.586: [CMS-concurrent-sweep-start]
2014-07-10T14:49:44.444+0200: 42.591: [CMS-concurrent-sweep: 0.005/0.005 secs] [Times: user=0.00 sys=0.00, real=0.01 secs] 
2014-07-10T14:49:44.444+0200: 42.591: [CMS-concurrent-reset-start]
2014-07-10T14:49:44.445+0200: 42.592: [CMS-concurrent-reset: 0.001/0.001 secs] [Times: user=0.00 sys=0.00, real=0.00 secs] 
2014-07-10T14:49:44.451+0200: 42.598: [GC2014-07-10T14:49:44.451+0200: 42.598: [ParNew: 78635K->8704K(78656K), 0.0513683 secs] 148182K->148007K(253440K), 0.0514871 secs] [Times: user=0.09 sys=0.00, real=0.05 secs] 
2014-07-10T14:49:44.502+0200: 42.650: [GC [1 CMS-initial-mark: 139303K(174784K)] 148126K(253440K), 0.0002563 secs] [Times: user=0.00 sys=0.00, real=0.00 secs] 
2014-07-10T14:49:44.503+0200: 42.650: [CMS-concurrent-mark-start]
2014-07-10T14:49:44.528+0200: 42.675: [CMS-concurrent-mark: 0.025/0.025 secs] [Times: user=0.01 sys=0.00, real=0.03 secs] 
2014-07-10T14:49:44.528+0200: 42.675: [CMS-concurrent-preclean-start]
2014-07-10T14:49:44.530+0200: 42.678: [CMS-concurrent-preclean: 0.002/0.002 secs] [Times: user=0.00 sys=0.00, real=0.00 secs] 
2014-07-10T14:49:44.530+0200: 42.678: [CMS-concurrent-abortable-preclean-start]
2014-07-10T14:49:44.630+0200: 42.777: [GC2014-07-10T14:49:44.630+0200: 42.777: [ParNew: 78651K->78651K(78656K), 0.0000480 secs]2014-07-10T14:49:44.630+0200: 42.777: [CMS2014-07-10T14:49:44.630+0200: 42.777: [CMS-concurrent-abortable-preclean: 0.001/0.100 secs] [Times: user=0.00 sys=0.00, real=0.10 secs] 
 (concurrent mode failure): 139303K->174773K(174784K), 0.1602491 secs] 217955K->217221K(253440K), [CMS Perm : 2651K->2651K(21248K)], 0.1604713 secs] [Times: user=0.16 sys=0.00, real=0.16 secs] 
2014-07-10T14:49:44.853+0200: 43.000: [Full GC2014-07-10T14:49:44.853+0200: 43.000: [CMS: 174773K->174776K(174784K), 0.1675153 secs] 253391K->253173K(253440K), [CMS Perm : 2651K->2651K(21248K)], 0.1676924 secs] [Times: user=0.17 sys=0.00, real=0.17 secs] 
2014-07-10T14:49:45.021+0200: 43.168: [GC [1 CMS-initial-mark: 174776K(174784K)] 253296K(253440K), 0.0008414 secs] [Times: user=0.00 sys=0.00, real=0.00 secs] 
2014-07-10T14:49:45.022+0200: 43.169: [CMS-concurrent-mark-start]
2014-07-10T14:49:45.022+0200: 43.169: [Full GC2014-07-10T14:49:45.022+0200: 43.169: [CMS2014-07-10T14:49:45.043+0200: 43.190: [CMS-concurrent-mark: 0.021/0.022 secs] [Times: user=0.02 sys=0.00, real=0.02 secs] 
 (concurrent mode failure): 174776K->174776K(174784K), 0.1478315 secs] 253415K->253408K(253440K), [CMS Perm : 2651K->2651K(21248K)], 0.1479455 secs] [Times: user=0.14 sys=0.00, real=0.15 secs] 
2014-07-10T14:49:45.170+0200: 43.317: [Full GC2014-07-10T14:49:45.170+0200: 43.317: [CMS: 174776K->8656K(174784K), 0.0433472 secs] 253408K->8656K(253440K), [CMS Perm : 2651K->2651K(21248K)], 0.0434297 secs] [Times: user=0.03 sys=0.00, real=0.04 secs] 
2014-07-10T14:49:45.324+0200: 43.471: [GC2014-07-10T14:49:45.324+0200: 43.471: [ParNew: 69915K->8704K(78656K), 0.0455565 secs] 78571K->78486K(253440K), 0.0457127 secs] [Times: user=0.09 sys=0.00, real=0.05 secs] 
2014-07-10T14:49:45.370+0200: 43.517: [GC [1 CMS-initial-mark: 69782K(174784K)] 78525K(253440K), 0.0002519 secs] [Times: user=0.00 sys=0.00, real=0.00 secs] 
2014-07-10T14:49:45.370+0200: 43.518: [CMS-concurrent-mark-start]
2014-07-10T14:49:45.396+0200: 43.543: [CMS-concurrent-mark: 0.025/0.025 secs] [Times: user=0.03 sys=0.00, real=0.03 secs] 
2014-07-10T14:49:45.396+0200: 43.543: [CMS-concurrent-preclean-start]
2014-07-10T14:49:45.397+0200: 43.545: [CMS-concurrent-preclean: 0.001/0.002 secs] [Times: user=0.00 sys=0.00, real=0.00 secs] 
2014-07-10T14:49:45.397+0200: 43.545: [CMS-concurrent-abortable-preclean-start]
2014-07-10T14:49:45.504+0200: 43.651: [CMS-concurrent-abortable-preclean: 0.005/0.107 secs] [Times: user=0.00 sys=0.00, real=0.11 secs] 
2014-07-10T14:49:45.504+0200: 43.652: [GC[YG occupancy: 78308 K (78656 K)]2014-07-10T14:49:45.504+0200: 43.652: [Rescan (parallel) , 0.0009089 secs]2014-07-10T14:49:45.505+0200: 43.653: [weak refs processing, 0.0004737 secs]2014-07-10T14:49:45.506+0200: 43.653: [scrub string table, 0.0001653 secs] [1 CMS-remark: 69782K(174784K)] 148091K(253440K), 0.0016395 secs] [Times: user=0.00 sys=0.00, real=0.00 secs] 
2014-07-10T14:49:45.506+0200: 43.653: [CMS-concurrent-sweep-start]
2014-07-10T14:49:45.506+0200: 43.653: [GC2014-07-10T14:49:45.506+0200: 43.654: [ParNew: 78623K->8704K(78656K), 0.0517591 secs] 148405K->148233K(253440K), 0.0518449 secs] [Times: user=0.09 sys=0.00, real=0.05 secs] 
2014-07-10T14:49:45.564+0200: 43.711: [CMS-concurrent-sweep: 0.006/0.058 secs] [Times: user=0.11 sys=0.00, real=0.06 secs] 
2014-07-10T14:49:45.564+0200: 43.711: [CMS-concurrent-reset-start]
2014-07-10T14:49:45.565+0200: 43.712: [CMS-concurrent-reset: 0.001/0.001 secs] [Times: user=0.00 sys=0.00, real=0.00 secs] 
2014-07-10T14:49:45.684+0200: 43.831: [GC2014-07-10T14:49:45.684+0200: 43.831: [ParNew: 78623K->78623K(78656K), 0.0000477 secs]2014-07-10T14:49:45.684+0200: 43.831: [CMS: 139303K->174759K(174784K), 0.1603353 secs] 217926K->217185K(253440K), [CMS Perm : 2651K->2651K(21248K)], 0.1605428 secs] [Times: user=0.17 sys=0.00, real=0.16 secs] 
2014-07-10T14:49:45.844+0200: 43.992: [GC [1 CMS-initial-mark: 174759K(174784K)] 217227K(253440K), 0.0004891 secs] [Times: user=0.00 sys=0.00, real=0.00 secs] 
2014-07-10T14:49:45.845+0200: 43.992: [CMS-concurrent-mark-start]
2014-07-10T14:49:45.868+0200: 44.016: [CMS-concurrent-mark: 0.023/0.023 secs] [Times: user=0.02 sys=0.00, real=0.02 secs] 
2014-07-10T14:49:45.868+0200: 44.016: [CMS-concurrent-preclean-start]
2014-07-10T14:49:45.886+0200: 44.034: [CMS-concurrent-preclean: 0.018/0.018 secs] [Times: user=0.01 sys=0.00, real=0.02 secs] 
2014-07-10T14:49:45.886+0200: 44.034: [CMS-concurrent-abortable-preclean-start]
2014-07-10T14:49:45.886+0200: 44.034: [CMS-concurrent-abortable-preclean: 0.000/0.000 secs] [Times: user=0.00 sys=0.00, real=0.00 secs] 
2014-07-10T14:49:45.887+0200: 44.034: [GC[YG occupancy: 67044 K (78656 K)]2014-07-10T14:49:45.887+0200: 44.034: [Rescan (parallel) , 0.0010013 secs]2014-07-10T14:49:45.888+0200: 44.035: [weak refs processing, 0.0000319 secs]2014-07-10T14:49:45.888+0200: 44.035: [scrub string table, 0.0001983 secs] [1 CMS-remark: 174759K(174784K)] 241803K(253440K), 0.0013195 secs] [Times: user=0.00 sys=0.00, real=0.00 secs] 
2014-07-10T14:49:45.888+0200: 44.035: [CMS-concurrent-sweep-start]
2014-07-10T14:49:45.894+0200: 44.041: [CMS-concurrent-sweep: 0.006/0.006 secs] [Times: user=0.02 sys=0.00, real=0.01 secs] 
2014-07-10T14:49:45.894+0200: 44.041: [CMS-concurrent-reset-start]
2014-07-10T14:49:45.895+0200: 44.042: [CMS-concurrent-reset: 0.001/0.001 secs] [Times: user=0.00 sys=0.00, real=0.00 secs] 
2014-07-10T14:49:45.909+0200: 44.056: [GC2014-07-10T14:49:45.909+0200: 44.056: [ParNew: 78637K->78637K(78656K), 0.0000488 secs]2014-07-10T14:49:45.909+0200: 44.056: [CMS: 174748K->174762K(174784K), 0.1737912 secs] 253385K->253175K(253440K), [CMS Perm : 2651K->2651K(21248K)], 0.1740236 secs] [Times: user=0.17 sys=0.00, real=0.17 secs] 
2014-07-10T14:49:46.086+0200: 44.233: [Full GC2014-07-10T14:49:46.086+0200: 44.233: [CMS: 174762K->174761K(174784K), 0.1303288 secs] 253377K->253371K(253440K), [CMS Perm : 2651K->2651K(21248K)], 0.1304846 secs] [Times: user=0.14 sys=0.00, real=0.13 secs] 
2014-07-10T14:49:46.216+0200: 44.363: [Full GC2014-07-10T14:49:46.216+0200: 44.363: [CMS: 174761K->8667K(174784K), 0.0430752 secs] 253371K->8667K(253440K), [CMS Perm : 2651K->2651K(21248K)], 0.0431665 secs] [Times: user=0.03 sys=0.00, real=0.04 secs] 
2014-07-10T14:49:46.260+0200: 44.407: [GC [1 CMS-initial-mark: 8667K(174784K)] 10082K(253440K), 0.0001489 secs] [Times: user=0.00 sys=0.00, real=0.00 secs] 
2014-07-10T14:49:46.260+0200: 44.407: [CMS-concurrent-mark-start]
2014-07-10T14:49:46.283+0200: 44.430: [CMS-concurrent-mark: 0.023/0.023 secs] [Times: user=0.03 sys=0.00, real=0.02 secs] 
2014-07-10T14:49:46.283+0200: 44.430: [CMS-concurrent-preclean-start]
2014-07-10T14:49:46.287+0200: 44.434: [CMS-concurrent-preclean: 0.003/0.003 secs] [Times: user=0.00 sys=0.00, real=0.00 secs] 
2014-07-10T14:49:46.287+0200: 44.434: [CMS-concurrent-abortable-preclean-start]
2014-07-10T14:49:46.376+0200: 44.523: [GC2014-07-10T14:49:46.376+0200: 44.523: [ParNew2014-07-10T14:49:46.410+0200: 44.557: [CMS-concurrent-abortable-preclean: 0.001/0.123 secs] [Times: user=0.05 sys=0.00, real=0.12 secs] 
: 69921K->8704K(78656K), 0.0448830 secs] 78589K->78512K(253440K), 0.0450473 secs] [Times: user=0.08 sys=0.00, real=0.05 secs] 
2014-07-10T14:49:46.421+0200: 44.569: [GC[YG occupancy: 8940 K (78656 K)]2014-07-10T14:49:46.421+0200: 44.569: [Rescan (parallel) , 0.0018709 secs]2014-07-10T14:49:46.423+0200: 44.571: [weak refs processing, 0.0000312 secs]2014-07-10T14:49:46.423+0200: 44.571: [scrub string table, 0.0001738 secs] [1 CMS-remark: 69808K(174784K)] 78748K(253440K), 0.0021627 secs] [Times: user=0.00 sys=0.00, real=0.00 secs] 
2014-07-10T14:49:46.424+0200: 44.571: [CMS-concurrent-sweep-start]
2014-07-10T14:49:46.429+0200: 44.577: [CMS-concurrent-sweep: 0.006/0.006 secs] [Times: user=0.00 sys=0.00, real=0.00 secs] 
2014-07-10T14:49:46.429+0200: 44.577: [CMS-concurrent-reset-start]
2014-07-10T14:49:46.430+0200: 44.578: [CMS-concurrent-reset: 0.001/0.001 secs] [Times: user=0.00 sys=0.00, real=0.00 secs] 
2014-07-10T14:49:46.543+0200: 44.690: [GC2014-07-10T14:49:46.543+0200: 44.690: [ParNew: 78646K->8704K(78656K), 0.0514046 secs] 148440K->148263K(253440K), 0.0515501 secs] [Times: user=0.13 sys=0.00, real=0.05 secs] 
2014-07-10T14:49:46.595+0200: 44.742: [GC [1 CMS-initial-mark: 139559K(174784K)] 148304K(253440K), 0.0002654 secs] [Times: user=0.00 sys=0.00, real=0.00 secs] 
2014-07-10T14:49:46.595+0200: 44.743: [CMS-concurrent-mark-start]
2014-07-10T14:49:46.620+0200: 44.767: [CMS-concurrent-mark: 0.025/0.025 secs] [Times: user=0.02 sys=0.00, real=0.02 secs] 
2014-07-10T14:49:46.620+0200: 44.767: [CMS-concurrent-preclean-start]
2014-07-10T14:49:46.623+0200: 44.770: [CMS-concurrent-preclean: 0.002/0.003 secs] [Times: user=0.00 sys=0.02, real=0.00 secs] 
2014-07-10T14:49:46.623+0200: 44.770: [CMS-concurrent-abortable-preclean-start]
2014-07-10T14:49:46.733+0200: 44.881: [CMS-concurrent-abortable-preclean: 0.001/0.110 secs] [Times: user=0.00 sys=0.00, real=0.11 secs] 
2014-07-10T14:49:46.737+0200: 44.884: [GC[YG occupancy: 78214 K (78656 K)]2014-07-10T14:49:46.737+0200: 44.884: [Rescan (parallel) , 0.0033425 secs]2014-07-10T14:49:46.740+0200: 44.888: [weak refs processing, 0.0000414 secs]2014-07-10T14:49:46.740+0200: 44.888: [scrub string table, 0.0001998 secs] [1 CMS-remark: 139559K(174784K)] 217773K(253440K), 0.0037777 secs] [Times: user=0.00 sys=0.00, real=0.00 secs] 
2014-07-10T14:49:46.741+0200: 44.888: [CMS-concurrent-sweep-start]
2014-07-10T14:49:46.747+0200: 44.894: [CMS-concurrent-sweep: 0.006/0.006 secs] [Times: user=0.01 sys=0.00, real=0.01 secs] 
2014-07-10T14:49:46.747+0200: 44.894: [CMS-concurrent-reset-start]
2014-07-10T14:49:46.748+0200: 44.895: [CMS-concurrent-reset: 0.001/0.001 secs] [Times: user=0.00 sys=0.00, real=0.00 secs] 
2014-07-10T14:49:46.752+0200: 44.899: [GC2014-07-10T14:49:46.752+0200: 44.899: [ParNew: 78648K->78648K(78656K), 0.0000466 secs]2014-07-10T14:49:46.752+0200: 44.899: [CMS: 139123K->174762K(174784K), 0.1665360 secs] 217772K->217252K(253440K), [CMS Perm : 2651K->2651K(21248K)], 0.1667366 secs] [Times: user=0.17 sys=0.00, real=0.17 secs] 
2014-07-10T14:49:46.919+0200: 45.066: [GC [1 CMS-initial-mark: 174762K(174784K)] 217291K(253440K), 0.0005195 secs] [Times: user=0.00 sys=0.00, real=0.00 secs] 
2014-07-10T14:49:46.919+0200: 45.067: [CMS-concurrent-mark-start]
2014-07-10T14:49:46.943+0200: 45.090: [CMS-concurrent-mark: 0.024/0.024 secs] [Times: user=0.02 sys=0.00, real=0.02 secs] 
2014-07-10T14:49:46.943+0200: 45.090: [CMS-concurrent-preclean-start]
2014-07-10T14:49:46.962+0200: 45.109: [CMS-concurrent-preclean: 0.019/0.019 secs] [Times: user=0.02 sys=0.00, real=0.02 secs] 
2014-07-10T14:49:46.962+0200: 45.109: [CMS-concurrent-abortable-preclean-start]
2014-07-10T14:49:46.962+0200: 45.109: [CMS-concurrent-abortable-preclean: 0.000/0.000 secs] [Times: user=0.00 sys=0.00, real=0.00 secs] 
2014-07-10T14:49:46.963+0200: 45.110: [GC[YG occupancy: 66158 K (78656 K)]2014-07-10T14:49:46.963+0200: 45.110: [Rescan (parallel) , 0.0009397 secs]2014-07-10T14:49:46.964+0200: 45.111: [weak refs processing, 0.0000359 secs]2014-07-10T14:49:46.964+0200: 45.111: [scrub string table, 0.0003223 secs] [1 CMS-remark: 174762K(174784K)] 240920K(253440K), 0.0014152 secs] [Times: user=0.00 sys=0.00, real=0.00 secs] 
2014-07-10T14:49:46.965+0200: 45.113: [CMS-concurrent-sweep-start]
2014-07-10T14:49:46.971+0200: 45.119: [CMS-concurrent-sweep: 0.006/0.006 secs] [Times: user=0.00 sys=0.00, real=0.01 secs] 
2014-07-10T14:49:46.971+0200: 45.119: [CMS-concurrent-reset-start]
2014-07-10T14:49:46.972+0200: 45.120: [CMS-concurrent-reset: 0.001/0.001 secs] [Times: user=0.00 sys=0.00, real=0.00 secs] 
2014-07-10T14:49:46.992+0200: 45.139: [GC2014-07-10T14:49:46.992+0200: 45.139: [ParNew: 78644K->78644K(78656K), 0.0000473 secs]2014-07-10T14:49:46.992+0200: 45.139: [CMS: 174753K->174767K(174784K), 0.1656994 secs] 253397K->253188K(253440K), [CMS Perm : 2651K->2651K(21248K)], 0.1659652 secs] [Times: user=0.17 sys=0.00, real=0.17 secs] 
2014-07-10T14:49:47.158+0200: 45.306: [Full GC2014-07-10T14:49:47.158+0200: 45.306: [CMS: 174767K->174766K(174784K), 0.1293268 secs] 253390K->253384K(253440K), [CMS Perm : 2651K->2651K(21248K)], 0.1295769 secs] [Times: user=0.13 sys=0.00, real=0.13 secs] 
2014-07-10T14:49:47.288+0200: 45.435: [Full GC2014-07-10T14:49:47.288+0200: 45.435: [CMS: 174766K->8674K(174784K), 0.0436189 secs] 253384K->8674K(253440K), [CMS Perm : 2651K->2651K(21248K)], 0.0437109 secs] [Times: user=0.03 sys=0.00, real=0.04 secs] 
2014-07-10T14:49:47.333+0200: 45.480: [GC [1 CMS-initial-mark: 8674K(174784K)] 9778K(253440K), 0.0001569 secs] [Times: user=0.00 sys=0.00, real=0.00 secs] 
2014-07-10T14:49:47.333+0200: 45.480: [CMS-concurrent-mark-start]
2014-07-10T14:49:47.356+0200: 45.503: [CMS-concurrent-mark: 0.023/0.023 secs] [Times: user=0.03 sys=0.00, real=0.02 secs] 
2014-07-10T14:49:47.356+0200: 45.503: [CMS-concurrent-preclean-start]
2014-07-10T14:49:47.360+0200: 45.508: [CMS-concurrent-preclean: 0.003/0.004 secs] [Times: user=0.00 sys=0.00, real=0.00 secs] 
2014-07-10T14:49:47.361+0200: 45.508: [CMS-concurrent-abortable-preclean-start]
2014-07-10T14:49:47.447+0200: 45.594: [GC2014-07-10T14:49:47.447+0200: 45.594: [ParNew2014-07-10T14:49:47.481+0200: 45.628: [CMS-concurrent-abortable-preclean: 0.001/0.120 secs] [Times: user=0.09 sys=0.00, real=0.12 secs] 
: 69937K->8704K(78656K), 0.0454267 secs] 78611K->78507K(253440K), 0.0456192 secs] [Times: user=0.09 sys=0.00, real=0.05 secs] 
2014-07-10T14:49:47.493+0200: 45.640: [GC[YG occupancy: 9767 K (78656 K)]2014-07-10T14:49:47.493+0200: 45.640: [Rescan (parallel) , 0.0019340 secs]2014-07-10T14:49:47.495+0200: 45.642: [weak refs processing, 0.0000334 secs]2014-07-10T14:49:47.495+0200: 45.642: [scrub string table, 0.0001954 secs] [1 CMS-remark: 69803K(174784K)] 79570K(253440K), 0.0022709 secs] [Times: user=0.03 sys=0.00, real=0.00 secs] 
2014-07-10T14:49:47.495+0200: 45.643: [CMS-concurrent-sweep-start]
2014-07-10T14:49:47.501+0200: 45.648: [CMS-concurrent-sweep: 0.006/0.006 secs] [Times: user=0.00 sys=0.00, real=0.01 secs] 
2014-07-10T14:49:47.501+0200: 45.648: [CMS-concurrent-reset-start]
2014-07-10T14:49:47.502+0200: 45.649: [CMS-concurrent-reset: 0.001/0.001 secs] [Times: user=0.00 sys=0.00, real=0.00 secs] 
2014-07-10T14:49:47.611+0200: 45.758: [GC2014-07-10T14:49:47.611+0200: 45.758: [ParNew: 78630K->8704K(78656K), 0.0599462 secs] 148423K->148251K(253440K), 0.0601046 secs] [Times: user=0.11 sys=0.00, real=0.06 secs] 
2014-07-10T14:49:47.683+0200: 45.830: [GC [1 CMS-initial-mark: 139547K(174784K)] 154662K(253440K), 0.0004674 secs] [Times: user=0.01 sys=0.00, real=0.00 secs] 
2014-07-10T14:49:47.684+0200: 45.830: [CMS-concurrent-mark-start]
2014-07-10T14:49:47.710+0200: 45.856: [CMS-concurrent-mark: 0.026/0.026 secs] [Times: user=0.02 sys=0.00, real=0.03 secs] 
2014-07-10T14:49:47.710+0200: 45.856: [CMS-concurrent-preclean-start]
2014-07-10T14:49:47.712+0200: 45.859: [CMS-concurrent-preclean: 0.002/0.002 secs] [Times: user=0.00 sys=0.00, real=0.00 secs] 
2014-07-10T14:49:47.712+0200: 45.859: [CMS-concurrent-abortable-preclean-start]
2014-07-10T14:49:47.808+0200: 45.955: [GC2014-07-10T14:49:47.808+0200: 45.955: [ParNew: 78632K->78632K(78656K), 0.0000473 secs]2014-07-10T14:49:47.808+0200: 45.955: [CMS2014-07-10T14:49:47.808+0200: 45.955: [CMS-concurrent-abortable-preclean: 0.002/0.096 secs] [Times: user=0.00 sys=0.00, real=0.10 secs] 
 (concurrent mode failure): 139547K->174750K(174784K), 0.1614359 secs] 218180K->217231K(253440K), [CMS Perm : 2651K->2651K(21248K)], 0.1616573 secs] [Times: user=0.16 sys=0.00, real=0.16 secs] 
2014-07-10T14:49:48.034+0200: 46.180: [Full GC2014-07-10T14:49:48.034+0200: 46.180: [CMS: 174750K->174754K(174784K), 0.1802057 secs] 253380K->253166K(253440K), [CMS Perm : 2651K->2651K(21248K)], 0.1803461 secs] [Times: user=0.19 sys=0.00, real=0.18 secs] 
2014-07-10T14:49:48.215+0200: 46.361: [GC [1 CMS-initial-mark: 174754K(174784K)] 253207K(253440K), 0.0009239 secs] [Times: user=0.00 sys=0.00, real=0.00 secs] 
2014-07-10T14:49:48.215+0200: 46.362: [CMS-concurrent-mark-start]
2014-07-10T14:49:48.216+0200: 46.362: [Full GC2014-07-10T14:49:48.216+0200: 46.362: [CMS2014-07-10T14:49:48.237+0200: 46.384: [CMS-concurrent-mark: 0.021/0.022 secs] [Times: user=0.02 sys=0.00, real=0.02 secs] 
 (concurrent mode failure): 174754K->174754K(174784K), 0.1461439 secs] 253405K->253401K(253440K), [CMS Perm : 2651K->2651K(21248K)], 0.1462543 secs] [Times: user=0.13 sys=0.00, real=0.15 secs] 
2014-07-10T14:49:48.362+0200: 46.508: [Full GC2014-07-10T14:49:48.362+0200: 46.508: [CMS: 174754K->8683K(174784K), 0.0415222 secs] 253401K->8683K(253440K), [CMS Perm : 2651K->2651K(21248K)], 0.0416212 secs] [Times: user=0.05 sys=0.00, real=0.04 secs] 
2014-07-10T14:49:48.518+0200: 46.664: [GC2014-07-10T14:49:48.518+0200: 46.664: [ParNew: 69924K->8704K(78656K), 0.0465241 secs] 78608K->78528K(253440K), 0.0466740 secs] [Times: user=0.09 sys=0.00, real=0.05 secs] 
2014-07-10T14:49:48.565+0200: 46.711: [GC [1 CMS-initial-mark: 69824K(174784K)] 78569K(253440K), 0.0002555 secs] [Times: user=0.00 sys=0.00, real=0.00 secs] 
2014-07-10T14:49:48.565+0200: 46.712: [CMS-concurrent-mark-start]
2014-07-10T14:49:48.591+0200: 46.738: [CMS-concurrent-mark: 0.026/0.026 secs] [Times: user=0.03 sys=0.00, real=0.03 secs] 
2014-07-10T14:49:48.592+0200: 46.738: [CMS-concurrent-preclean-start]
2014-07-10T14:49:48.593+0200: 46.740: [CMS-concurrent-preclean: 0.001/0.002 secs] [Times: user=0.00 sys=0.00, real=0.00 secs] 
2014-07-10T14:49:48.593+0200: 46.740: [CMS-concurrent-abortable-preclean-start]
2014-07-10T14:49:48.698+0200: 46.845: [CMS-concurrent-abortable-preclean: 0.004/0.105 secs] [Times: user=0.00 sys=0.01, real=0.11 secs] 
2014-07-10T14:49:48.698+0200: 46.845: [GC[YG occupancy: 77017 K (78656 K)]2014-07-10T14:49:48.698+0200: 46.845: [Rescan (parallel) , 0.0016850 secs]2014-07-10T14:49:48.700+0200: 46.847: [weak refs processing, 0.0004095 secs]2014-07-10T14:49:48.701+0200: 46.847: [scrub string table, 0.0001547 secs] [1 CMS-remark: 69824K(174784K)] 146841K(253440K), 0.0023365 secs] [Times: user=0.00 sys=0.00, real=0.00 secs] 
2014-07-10T14:49:48.701+0200: 46.847: [CMS-concurrent-sweep-start]
2014-07-10T14:49:48.703+0200: 46.849: [GC2014-07-10T14:49:48.703+0200: 46.849: [ParNew: 78629K->8704K(78656K), 0.0511663 secs] 148383K->148179K(253440K), 0.0512777 secs] [Times: user=0.09 sys=0.00, real=0.05 secs] 
2014-07-10T14:49:48.759+0200: 46.905: [CMS-concurrent-sweep: 0.006/0.058 secs] [Times: user=0.09 sys=0.00, real=0.06 secs] 
2014-07-10T14:49:48.759+0200: 46.906: [CMS-concurrent-reset-start]
2014-07-10T14:49:48.760+0200: 46.906: [CMS-concurrent-reset: 0.001/0.001 secs] [Times: user=0.02 sys=0.00, real=0.00 secs] 
2014-07-10T14:49:48.873+0200: 47.020: [GC2014-07-10T14:49:48.873+0200: 47.020: [ParNew: 78639K->78639K(78656K), 0.0000484 secs]2014-07-10T14:49:48.873+0200: 47.020: [CMS: 139316K->174769K(174784K), 0.1619609 secs] 217956K->217237K(253440K), [CMS Perm : 2651K->2651K(21248K)], 0.1621750 secs] [Times: user=0.16 sys=0.00, real=0.16 secs] 
2014-07-10T14:49:49.035+0200: 47.182: [GC [1 CMS-initial-mark: 174769K(174784K)] 217359K(253440K), 0.0005250 secs] [Times: user=0.00 sys=0.00, real=0.00 secs] 
2014-07-10T14:49:49.036+0200: 47.182: [CMS-concurrent-mark-start]
2014-07-10T14:49:49.060+0200: 47.207: [CMS-concurrent-mark: 0.024/0.024 secs] [Times: user=0.03 sys=0.00, real=0.02 secs] 
2014-07-10T14:49:49.060+0200: 47.207: [CMS-concurrent-preclean-start]
2014-07-10T14:49:49.078+0200: 47.225: [CMS-concurrent-preclean: 0.018/0.018 secs] [Times: user=0.01 sys=0.00, real=0.02 secs] 
2014-07-10T14:49:49.078+0200: 47.225: [CMS-concurrent-abortable-preclean-start]
2014-07-10T14:49:49.078+0200: 47.225: [CMS-concurrent-abortable-preclean: 0.000/0.000 secs] [Times: user=0.00 sys=0.00, real=0.00 secs] 
2014-07-10T14:49:49.078+0200: 47.225: [GC[YG occupancy: 65668 K (78656 K)]2014-07-10T14:49:49.079+0200: 47.225: [Rescan (parallel) , 0.0008462 secs]2014-07-10T14:49:49.079+0200: 47.226: [weak refs processing, 0.0000308 secs]2014-07-10T14:49:49.079+0200: 47.226: [scrub string table, 0.0001716 secs] [1 CMS-remark: 174769K(174784K)] 240438K(253440K), 0.0011321 secs] [Times: user=0.00 sys=0.00, real=0.00 secs] 
2014-07-10T14:49:49.080+0200: 47.226: [CMS-concurrent-sweep-start]
2014-07-10T14:49:49.085+0200: 47.232: [CMS-concurrent-sweep: 0.005/0.005 secs] [Times: user=0.00 sys=0.00, real=0.01 secs] 
2014-07-10T14:49:49.085+0200: 47.232: [CMS-concurrent-reset-start]
2014-07-10T14:49:49.086+0200: 47.233: [CMS-concurrent-reset: 0.001/0.001 secs] [Times: user=0.00 sys=0.00, real=0.00 secs] 
2014-07-10T14:49:49.104+0200: 47.251: [GC2014-07-10T14:49:49.104+0200: 47.251: [ParNew: 78641K->78641K(78656K), 0.0000550 secs]2014-07-10T14:49:49.104+0200: 47.251: [CMS: 174758K->174773K(174784K), 0.1693627 secs] 253399K->253191K(253440K), [CMS Perm : 2651K->2651K(21248K)], 0.1696186 secs] [Times: user=0.16 sys=0.00, real=0.17 secs] 
2014-07-10T14:49:49.274+0200: 47.421: [GC [1 CMS-initial-mark: 174773K(174784K)] 253315K(253440K), 0.0010233 secs] [Times: user=0.02 sys=0.00, real=0.00 secs] 
2014-07-10T14:49:49.275+0200: 47.422: [CMS-concurrent-mark-start]
2014-07-10T14:49:49.275+0200: 47.422: [Full GC2014-07-10T14:49:49.275+0200: 47.422: [CMS2014-07-10T14:49:49.297+0200: 47.444: [CMS-concurrent-mark: 0.022/0.022 secs] [Times: user=0.02 sys=0.00, real=0.02 secs] 
 (concurrent mode failure): 174773K->174772K(174784K), 0.1475661 secs] 253393K->253387K(253440K), [CMS Perm : 2651K->2651K(21248K)], 0.1476779 secs] [Times: user=0.14 sys=0.00, real=0.15 secs] 
2014-07-10T14:49:49.423+0200: 47.569: [Full GC2014-07-10T14:49:49.423+0200: 47.569: [CMS: 174772K->8693K(174784K), 0.0479513 secs] 253387K->8693K(253440K), [CMS Perm : 2651K->2651K(21248K)], 0.0480595 secs] [Times: user=0.02 sys=0.00, real=0.05 secs] 
2014-07-10T14:49:49.581+0200: 47.727: [GC2014-07-10T14:49:49.581+0200: 47.728: [ParNew: 69913K->8704K(78656K), 0.0473306 secs] 78606K->78511K(253440K), 0.0480859 secs] [Times: user=0.08 sys=0.00, real=0.05 secs] 
2014-07-10T14:49:49.629+0200: 47.776: [GC [1 CMS-initial-mark: 69807K(174784K)] 78593K(253440K), 0.0003190 secs] [Times: user=0.00 sys=0.00, real=0.00 secs] 
2014-07-10T14:49:49.630+0200: 47.776: [CMS-concurrent-mark-start]
2014-07-10T14:49:49.655+0200: 47.801: [CMS-concurrent-mark: 0.025/0.025 secs] [Times: user=0.03 sys=0.00, real=0.02 secs] 
2014-07-10T14:49:49.655+0200: 47.801: [CMS-concurrent-preclean-start]
2014-07-10T14:49:49.656+0200: 47.802: [CMS-concurrent-preclean: 0.001/0.001 secs] [Times: user=0.00 sys=0.00, real=0.00 secs] 
2014-07-10T14:49:49.657+0200: 47.804: [GC[YG occupancy: 10082 K (78656 K)]2014-07-10T14:49:49.657+0200: 47.804: [Rescan (parallel) , 0.0005587 secs]2014-07-10T14:49:49.658+0200: 47.804: [weak refs processing, 0.0002882 secs]2014-07-10T14:49:49.658+0200: 47.805: [scrub string table, 0.0001565 secs] [1 CMS-remark: 69807K(174784K)] 79889K(253440K), 0.0010947 secs] [Times: user=0.00 sys=0.00, real=0.00 secs] 
2014-07-10T14:49:49.658+0200: 47.805: [CMS-concurrent-sweep-start]
2014-07-10T14:49:49.664+0200: 47.810: [CMS-concurrent-sweep: 0.005/0.005 secs] [Times: user=0.00 sys=0.00, real=0.01 secs] 
2014-07-10T14:49:49.664+0200: 47.810: [CMS-concurrent-reset-start]
2014-07-10T14:49:49.665+0200: 47.812: [CMS-concurrent-reset: 0.001/0.001 secs] [Times: user=0.02 sys=0.00, real=0.00 secs] 
2014-07-10T14:49:49.784+0200: 47.930: [GC2014-07-10T14:49:49.784+0200: 47.930: [ParNew: 78648K->8704K(78656K), 0.0509331 secs] 148229K->148059K(253440K), 0.0510801 secs] [Times: user=0.09 sys=0.00, real=0.05 secs] 
2014-07-10T14:49:49.835+0200: 47.982: [GC [1 CMS-initial-mark: 139355K(174784K)] 148100K(253440K), 0.0002665 secs] [Times: user=0.00 sys=0.00, real=0.00 secs] 
2014-07-10T14:49:49.835+0200: 47.982: [CMS-concurrent-mark-start]
2014-07-10T14:49:49.860+0200: 48.006: [CMS-concurrent-mark: 0.024/0.024 secs] [Times: user=0.05 sys=0.00, real=0.02 secs] 
2014-07-10T14:49:49.860+0200: 48.006: [CMS-concurrent-preclean-start]
2014-07-10T14:49:49.863+0200: 48.009: [CMS-concurrent-preclean: 0.002/0.003 secs] [Times: user=0.00 sys=0.00, real=0.00 secs] 
2014-07-10T14:49:49.863+0200: 48.009: [CMS-concurrent-abortable-preclean-start]
2014-07-10T14:49:49.954+0200: 48.100: [GC2014-07-10T14:49:49.954+0200: 48.101: [ParNew: 78646K->78646K(78656K), 0.0000477 secs]2014-07-10T14:49:49.954+0200: 48.101: [CMS2014-07-10T14:49:49.954+0200: 48.101: [CMS-concurrent-abortable-preclean: 0.001/0.091 secs] [Times: user=0.00 sys=0.00, real=0.09 secs] 
 (concurrent mode failure): 139355K->174770K(174784K), 0.1664198 secs] 218002K->217265K(253440K), [CMS Perm : 2651K->2651K(21248K)], 0.1666119 secs] [Times: user=0.17 sys=0.00, real=0.17 secs] 
2014-07-10T14:49:50.183+0200: 48.330: [Full GC2014-07-10T14:49:50.183+0200: 48.330: [CMS: 174770K->174775K(174784K), 0.1716138 secs] 253410K->253193K(253440K), [CMS Perm : 2651K->2651K(21248K)], 0.1718107 secs] [Times: user=0.17 sys=0.00, real=0.17 secs] 
2014-07-10T14:49:50.355+0200: 48.502: [GC [1 CMS-initial-mark: 174775K(174784K)] 253317K(253440K), 0.0008759 secs] [Times: user=0.00 sys=0.00, real=0.00 secs] 
2014-07-10T14:49:50.356+0200: 48.503: [CMS-concurrent-mark-start]
2014-07-10T14:49:50.356+0200: 48.503: [Full GC2014-07-10T14:49:50.356+0200: 48.503: [CMS2014-07-10T14:49:50.378+0200: 48.525: [CMS-concurrent-mark: 0.022/0.022 secs] [Times: user=0.02 sys=0.00, real=0.02 secs] 
 (concurrent mode failure): 174775K->174774K(174784K), 0.1470825 secs] 253397K->253390K(253440K), [CMS Perm : 2651K->2651K(21248K)], 0.1471936 secs] [Times: user=0.14 sys=0.00, real=0.15 secs] 
2014-07-10T14:49:50.503+0200: 48.650: [Full GC2014-07-10T14:49:50.503+0200: 48.650: [CMS: 174774K->8700K(174784K), 0.0434455 secs] 253390K->8700K(253440K), [CMS Perm : 2651K->2651K(21248K)], 0.0435328 secs] [Times: user=0.05 sys=0.00, real=0.04 secs] 
2014-07-10T14:49:50.659+0200: 48.805: [GC2014-07-10T14:49:50.659+0200: 48.805: [ParNew: 69930K->8704K(78656K), 0.0448544 secs] 78630K->78545K(253440K), 0.0449941 secs] [Times: user=0.09 sys=0.00, real=0.05 secs] 
2014-07-10T14:49:50.704+0200: 48.851: [GC [1 CMS-initial-mark: 69841K(174784K)] 78823K(253440K), 0.0003241 secs] [Times: user=0.00 sys=0.00, real=0.00 secs] 
2014-07-10T14:49:50.704+0200: 48.851: [CMS-concurrent-mark-start]
2014-07-10T14:49:50.731+0200: 48.877: [CMS-concurrent-mark: 0.026/0.026 secs] [Times: user=0.03 sys=0.00, real=0.03 secs] 
2014-07-10T14:49:50.731+0200: 48.877: [CMS-concurrent-preclean-start]
2014-07-10T14:49:50.734+0200: 48.880: [CMS-concurrent-preclean: 0.002/0.003 secs] [Times: user=0.00 sys=0.00, real=0.00 secs] 
2014-07-10T14:49:50.734+0200: 48.880: [CMS-concurrent-abortable-preclean-start]
2014-07-10T14:49:50.819+0200: 48.966: [GC2014-07-10T14:49:50.819+0200: 48.966: [ParNew2014-07-10T14:49:50.839+0200: 48.986: [CMS-concurrent-abortable-preclean: 0.002/0.105 secs] [Times: user=0.03 sys=0.00, real=0.11 secs] 
: 78622K->8704K(78656K), 0.0520942 secs] 148463K->148284K(253440K), 0.0522493 secs] [Times: user=0.09 sys=0.00, real=0.05 secs] 
2014-07-10T14:49:50.872+0200: 49.018: [GC[YG occupancy: 9413 K (78656 K)]2014-07-10T14:49:50.872+0200: 49.018: [Rescan (parallel) , 0.0015827 secs]2014-07-10T14:49:50.873+0200: 49.020: [weak refs processing, 0.0005147 secs]2014-07-10T14:49:50.874+0200: 49.020: [scrub string table, 0.0001554 secs] [1 CMS-remark: 139580K(174784K)] 148994K(253440K), 0.0023508 secs] [Times: user=0.00 sys=0.00, real=0.00 secs] 
2014-07-10T14:49:50.874+0200: 49.021: [CMS-concurrent-sweep-start]
2014-07-10T14:49:50.880+0200: 49.027: [CMS-concurrent-sweep: 0.006/0.006 secs] [Times: user=0.00 sys=0.00, real=0.01 secs] 
2014-07-10T14:49:50.880+0200: 49.027: [CMS-concurrent-reset-start]
2014-07-10T14:49:50.881+0200: 49.028: [CMS-concurrent-reset: 0.001/0.001 secs] [Times: user=0.00 sys=0.00, real=0.00 secs] 
2014-07-10T14:49:50.992+0200: 49.139: [GC2014-07-10T14:49:50.992+0200: 49.139: [ParNew: 78630K->78630K(78656K), 0.0000473 secs]2014-07-10T14:49:50.992+0200: 49.139: [CMS: 139348K->174761K(174784K), 0.1604332 secs] 217979K->217253K(253440K), [CMS Perm : 2651K->2651K(21248K)], 0.1606466 secs] [Times: user=0.16 sys=0.00, real=0.16 secs] 
2014-07-10T14:49:51.153+0200: 49.300: [GC [1 CMS-initial-mark: 174761K(174784K)] 217375K(253440K), 0.0005070 secs] [Times: user=0.00 sys=0.00, real=0.00 secs] 
2014-07-10T14:49:51.153+0200: 49.300: [CMS-concurrent-mark-start]
2014-07-10T14:49:51.177+0200: 49.324: [CMS-concurrent-mark: 0.024/0.024 secs] [Times: user=0.02 sys=0.00, real=0.02 secs] 
2014-07-10T14:49:51.177+0200: 49.324: [CMS-concurrent-preclean-start]
2014-07-10T14:49:51.195+0200: 49.342: [CMS-concurrent-preclean: 0.018/0.018 secs] [Times: user=0.03 sys=0.00, real=0.02 secs] 
2014-07-10T14:49:51.195+0200: 49.342: [CMS-concurrent-abortable-preclean-start]
2014-07-10T14:49:51.195+0200: 49.342: [CMS-concurrent-abortable-preclean: 0.000/0.000 secs] [Times: user=0.00 sys=0.00, real=0.00 secs] 
2014-07-10T14:49:51.196+0200: 49.342: [GC[YG occupancy: 67128 K (78656 K)]2014-07-10T14:49:51.196+0200: 49.342: [Rescan (parallel) , 0.0008935 secs]2014-07-10T14:49:51.197+0200: 49.343: [weak refs processing, 0.0000304 secs]2014-07-10T14:49:51.197+0200: 49.343: [scrub string table, 0.0001492 secs] [1 CMS-remark: 174761K(174784K)] 241889K(253440K), 0.0011640 secs] [Times: user=0.00 sys=0.00, real=0.00 secs] 
2014-07-10T14:49:51.197+0200: 49.344: [CMS-concurrent-sweep-start]
2014-07-10T14:49:51.202+0200: 49.349: [CMS-concurrent-sweep: 0.005/0.005 secs] [Times: user=0.00 sys=0.00, real=0.00 secs] 
2014-07-10T14:49:51.203+0200: 49.349: [CMS-concurrent-reset-start]
2014-07-10T14:49:51.203+0200: 49.350: [CMS-concurrent-reset: 0.001/0.001 secs] [Times: user=0.00 sys=0.00, real=0.00 secs] 
2014-07-10T14:49:51.216+0200: 49.362: [GC2014-07-10T14:49:51.216+0200: 49.362: [ParNew: 78618K->78618K(78656K), 0.0000473 secs]2014-07-10T14:49:51.216+0200: 49.362: [CMS: 174752K->174765K(174784K), 0.1777911 secs] 253370K->253163K(253440K), [CMS Perm : 2651K->2651K(21248K)], 0.1779986 secs] [Times: user=0.17 sys=0.00, real=0.18 secs] 
2014-07-10T14:49:51.394+0200: 49.541: [GC [1 CMS-initial-mark: 174765K(174784K)] 253204K(253440K), 0.0009628 secs] [Times: user=0.00 sys=0.00, real=0.00 secs] 
2014-07-10T14:49:51.395+0200: 49.542: [CMS-concurrent-mark-start]
2014-07-10T14:49:51.395+0200: 49.542: [Full GC2014-07-10T14:49:51.395+0200: 49.542: [CMS2014-07-10T14:49:51.417+0200: 49.563: [CMS-concurrent-mark: 0.022/0.022 secs] [Times: user=0.03 sys=0.00, real=0.02 secs] 
 (concurrent mode failure): 174765K->174764K(174784K), 0.1480434 secs] 253406K->253399K(253440K), [CMS Perm : 2651K->2651K(21248K)], 0.1481527 secs] [Times: user=0.16 sys=0.00, real=0.15 secs] 
2014-07-10T14:49:51.543+0200: 49.690: [Full GC2014-07-10T14:49:51.543+0200: 49.690: [CMS: 174764K->8708K(174784K), 0.0435441 secs] 253399K->8708K(253440K), [CMS Perm : 2651K->2651K(21248K)], 0.0439555 secs] [Times: user=0.05 sys=0.00, real=0.04 secs] 
2014-07-10T14:49:51.698+0200: 49.844: [GC2014-07-10T14:49:51.698+0200: 49.844: [ParNew: 69919K->8704K(78656K), 0.0451334 secs] 78627K->78529K(253440K), 0.0452687 secs] [Times: user=0.08 sys=0.00, real=0.05 secs] 
2014-07-10T14:49:51.744+0200: 49.891: [GC [1 CMS-initial-mark: 69825K(174784K)] 79002K(253440K), 0.0003773 secs] [Times: user=0.00 sys=0.00, real=0.00 secs] 
2014-07-10T14:49:51.745+0200: 49.892: [CMS-concurrent-mark-start]
2014-07-10T14:49:51.772+0200: 49.919: [CMS-concurrent-mark: 0.027/0.027 secs] [Times: user=0.05 sys=0.00, real=0.03 secs] 
2014-07-10T14:49:51.772+0200: 49.919: [CMS-concurrent-preclean-start]
2014-07-10T14:49:51.776+0200: 49.923: [CMS-concurrent-preclean: 0.003/0.004 secs] [Times: user=0.00 sys=0.00, real=0.00 secs] 
2014-07-10T14:49:51.776+0200: 49.923: [CMS-concurrent-abortable-preclean-start]
2014-07-10T14:49:51.859+0200: 50.005: [GC2014-07-10T14:49:51.859+0200: 50.005: [ParNew2014-07-10T14:49:51.902+0200: 50.049: [CMS-concurrent-abortable-preclean: 0.004/0.126 secs] [Times: user=0.08 sys=0.00, real=0.13 secs] 
: 78631K->8704K(78656K), 0.0531354 secs] 148456K->148301K(253440K), 0.0532505 secs] [Times: user=0.11 sys=0.00, real=0.05 secs] 
2014-07-10T14:49:51.914+0200: 50.061: [GC[YG occupancy: 10434 K (78656 K)]2014-07-10T14:49:51.914+0200: 50.061: [Rescan (parallel) , 0.0017129 secs]2014-07-10T14:49:51.916+0200: 50.063: [weak refs processing, 0.0003472 secs]2014-07-10T14:49:51.916+0200: 50.063: [scrub string table, 0.0001694 secs] [1 CMS-remark: 139597K(174784K)] 150032K(253440K), 0.0023559 secs] [Times: user=0.00 sys=0.00, real=0.00 secs] 
2014-07-10T14:49:51.918+0200: 50.064: [CMS-concurrent-sweep-start]
2014-07-10T14:49:51.924+0200: 50.071: [CMS-concurrent-sweep: 0.006/0.006 secs] [Times: user=0.00 sys=0.00, real=0.01 secs] 
2014-07-10T14:49:51.924+0200: 50.071: [CMS-concurrent-reset-start]
2014-07-10T14:49:51.925+0200: 50.072: [CMS-concurrent-reset: 0.001/0.001 secs] [Times: user=0.00 sys=0.00, real=0.00 secs] 
2014-07-10T14:49:52.034+0200: 50.181: [GC2014-07-10T14:49:52.034+0200: 50.181: [ParNew: 78634K->78634K(78656K), 0.0000473 secs]2014-07-10T14:49:52.034+0200: 50.181: [CMS: 139361K->174755K(174784K), 0.1678669 secs] 217995K->217256K(253440K), [CMS Perm : 2651K->2651K(21248K)], 0.1680751 secs] [Times: user=0.17 sys=0.00, real=0.17 secs] 
2014-07-10T14:49:52.202+0200: 50.349: [GC [1 CMS-initial-mark: 174755K(174784K)] 217339K(253440K), 0.0005162 secs] [Times: user=0.00 sys=0.00, real=0.00 secs] 
2014-07-10T14:49:52.203+0200: 50.350: [CMS-concurrent-mark-start]
2014-07-10T14:49:52.227+0200: 50.374: [CMS-concurrent-mark: 0.024/0.024 secs] [Times: user=0.03 sys=0.00, real=0.02 secs] 
2014-07-10T14:49:52.227+0200: 50.374: [CMS-concurrent-preclean-start]
2014-07-10T14:49:52.245+0200: 50.392: [CMS-concurrent-preclean: 0.018/0.018 secs] [Times: user=0.02 sys=0.00, real=0.02 secs] 
2014-07-10T14:49:52.245+0200: 50.392: [CMS-concurrent-abortable-preclean-start]
2014-07-10T14:49:52.245+0200: 50.392: [CMS-concurrent-abortable-preclean: 0.000/0.000 secs] [Times: user=0.00 sys=0.00, real=0.00 secs] 
2014-07-10T14:49:52.245+0200: 50.392: [GC[YG occupancy: 67726 K (78656 K)]2014-07-10T14:49:52.245+0200: 50.392: [Rescan (parallel) , 0.0009228 secs]2014-07-10T14:49:52.246+0200: 50.393: [weak refs processing, 0.0000323 secs]2014-07-10T14:49:52.246+0200: 50.393: [scrub string table, 0.0001679 secs] [1 CMS-remark: 174755K(174784K)] 242482K(253440K), 0.0012047 secs] [Times: user=0.00 sys=0.00, real=0.00 secs] 
2014-07-10T14:49:52.247+0200: 50.393: [CMS-concurrent-sweep-start]
2014-07-10T14:49:52.253+0200: 50.399: [CMS-concurrent-sweep: 0.006/0.006 secs] [Times: user=0.00 sys=0.00, real=0.01 secs] 
2014-07-10T14:49:52.253+0200: 50.400: [CMS-concurrent-reset-start]
2014-07-10T14:49:52.254+0200: 50.401: [CMS-concurrent-reset: 0.001/0.001 secs] [Times: user=0.01 sys=0.00, real=0.00 secs] 
2014-07-10T14:49:52.266+0200: 50.413: [GC2014-07-10T14:49:52.266+0200: 50.413: [ParNew: 78624K->78624K(78656K), 0.0000502 secs]2014-07-10T14:49:52.266+0200: 50.413: [CMS: 174745K->174758K(174784K), 0.1824641 secs] 253370K->253162K(253440K), [CMS Perm : 2651K->2651K(21248K)], 0.1827002 secs] [Times: user=0.19 sys=0.00, real=0.18 secs] 
2014-07-10T14:49:52.449+0200: 50.596: [GC [1 CMS-initial-mark: 174758K(174784K)] 253207K(253440K), 0.0008399 secs] [Times: user=0.00 sys=0.00, real=0.00 secs] 
2014-07-10T14:49:52.450+0200: 50.596: [CMS-concurrent-mark-start]
2014-07-10T14:49:52.450+0200: 50.597: [Full GC2014-07-10T14:49:52.450+0200: 50.597: [CMS2014-07-10T14:49:52.472+0200: 50.619: [CMS-concurrent-mark: 0.022/0.022 secs] [Times: user=0.02 sys=0.00, real=0.02 secs] 
 (concurrent mode failure): 174758K->174758K(174784K), 0.1575614 secs] 253405K->253398K(253440K), [CMS Perm : 2651K->2651K(21248K)], 0.1576879 secs] [Times: user=0.14 sys=0.00, real=0.16 secs] 
2014-07-10T14:49:52.608+0200: 50.754: [Full GC2014-07-10T14:49:52.608+0200: 50.754: [CMS: 174758K->8713K(174784K), 0.0436387 secs] 253398K->8713K(253440K), [CMS Perm : 2651K->2651K(21248K)], 0.0437271 secs] [Times: user=0.05 sys=0.00, real=0.04 secs] 
2014-07-10T14:49:52.762+0200: 50.908: [GC2014-07-10T14:49:52.762+0200: 50.909: [ParNew: 69915K->8704K(78656K), 0.0464771 secs] 78629K->78541K(253440K), 0.0466190 secs] [Times: user=0.09 sys=0.00, real=0.05 secs] 
2014-07-10T14:49:52.809+0200: 50.956: [GC [1 CMS-initial-mark: 69837K(174784K)] 78580K(253440K), 0.0002636 secs] [Times: user=0.00 sys=0.00, real=0.00 secs] 
2014-07-10T14:49:52.809+0200: 50.956: [CMS-concurrent-mark-start]
2014-07-10T14:49:52.833+0200: 50.979: [CMS-concurrent-mark: 0.023/0.023 secs] [Times: user=0.03 sys=0.00, real=0.02 secs] 
2014-07-10T14:49:52.833+0200: 50.979: [CMS-concurrent-preclean-start]
2014-07-10T14:49:52.835+0200: 50.982: [CMS-concurrent-preclean: 0.002/0.002 secs] [Times: user=0.00 sys=0.00, real=0.00 secs] 
2014-07-10T14:49:52.835+0200: 50.982: [CMS-concurrent-abortable-preclean-start]
2014-07-10T14:49:52.937+0200: 51.083: [GC2014-07-10T14:49:52.937+0200: 51.083: [ParNew: 78628K->8704K(78656K), 0.0507362 secs] 148465K->148285K(253440K), 0.0508876 secs] [Times: user=0.11 sys=0.00, real=0.05 secs] 
2014-07-10T14:49:53.106+0200: 51.252: [CMS-concurrent-abortable-preclean: 0.014/0.271 secs] [Times: user=0.11 sys=0.02, real=0.27 secs] 
2014-07-10T14:49:53.106+0200: 51.252: [GC[YG occupancy: 75336 K (78656 K)]2014-07-10T14:49:53.106+0200: 51.253: [Rescan (parallel) , 0.0014606 secs]2014-07-10T14:49:53.107+0200: 51.254: [weak refs processing, 0.0004051 secs]2014-07-10T14:49:53.108+0200: 51.254: [scrub string table, 0.0001584 secs] [1 CMS-remark: 139581K(174784K)] 214918K(253440K), 0.0021118 secs] [Times: user=0.00 sys=0.00, real=0.00 secs] 
2014-07-10T14:49:53.108+0200: 51.255: [CMS-concurrent-sweep-start]
2014-07-10T14:49:53.114+0200: 51.261: [CMS-concurrent-sweep: 0.006/0.006 secs] [Times: user=0.01 sys=0.00, real=0.01 secs] 
2014-07-10T14:49:53.114+0200: 51.261: [CMS-concurrent-reset-start]
2014-07-10T14:49:53.115+0200: 51.262: [CMS-concurrent-reset: 0.001/0.001 secs] [Times: user=0.00 sys=0.00, real=0.00 secs] 
2014-07-10T14:49:53.115+0200: 51.262: [GC2014-07-10T14:49:53.115+0200: 51.262: [ParNew: 78639K->78639K(78656K), 0.0000517 secs]2014-07-10T14:49:53.116+0200: 51.262: [CMS: 139353K->174767K(174784K), 0.1613061 secs] 217992K->217259K(253440K), [CMS Perm : 2651K->2651K(21248K)], 0.1614854 secs] [Times: user=0.16 sys=0.00, real=0.16 secs] 
2014-07-10T14:49:53.277+0200: 51.424: [GC [1 CMS-initial-mark: 174767K(174784K)] 217656K(253440K), 0.0004993 secs] [Times: user=0.00 sys=0.00, real=0.00 secs] 
2014-07-10T14:49:53.278+0200: 51.425: [CMS-concurrent-mark-start]
2014-07-10T14:49:53.302+0200: 51.449: [CMS-concurrent-mark: 0.024/0.024 secs] [Times: user=0.03 sys=0.00, real=0.02 secs] 
2014-07-10T14:49:53.302+0200: 51.449: [CMS-concurrent-preclean-start]
2014-07-10T14:49:53.320+0200: 51.467: [CMS-concurrent-preclean: 0.018/0.018 secs] [Times: user=0.02 sys=0.00, real=0.02 secs] 
2014-07-10T14:49:53.320+0200: 51.467: [CMS-concurrent-abortable-preclean-start]
2014-07-10T14:49:53.320+0200: 51.467: [CMS-concurrent-abortable-preclean: 0.000/0.000 secs] [Times: user=0.00 sys=0.00, real=0.00 secs] 
2014-07-10T14:49:53.321+0200: 51.467: [GC[YG occupancy: 68658 K (78656 K)]2014-07-10T14:49:53.321+0200: 51.467: [Rescan (parallel) , 0.0009430 secs]2014-07-10T14:49:53.322+0200: 51.468: [weak refs processing, 0.0000308 secs]2014-07-10T14:49:53.322+0200: 51.468: [scrub string table, 0.0001496 secs] [1 CMS-remark: 174767K(174784K)] 243425K(253440K), 0.0012051 secs] [Times: user=0.00 sys=0.00, real=0.00 secs] 
2014-07-10T14:49:53.322+0200: 51.469: [CMS-concurrent-sweep-start]
2014-07-10T14:49:53.327+0200: 51.474: [CMS-concurrent-sweep: 0.006/0.006 secs] [Times: user=0.00 sys=0.00, real=0.00 secs] 
2014-07-10T14:49:53.328+0200: 51.474: [CMS-concurrent-reset-start]
2014-07-10T14:49:53.328+0200: 51.475: [CMS-concurrent-reset: 0.001/0.001 secs] [Times: user=0.00 sys=0.00, real=0.00 secs] 
2014-07-10T14:49:53.339+0200: 51.486: [GC2014-07-10T14:49:53.339+0200: 51.486: [ParNew: 78640K->78640K(78656K), 0.0000462 secs]2014-07-10T14:49:53.339+0200: 51.486: [CMS: 174756K->174770K(174784K), 0.1801019 secs] 253396K->253188K(253440K), [CMS Perm : 2651K->2651K(21248K)], 0.1803171 secs] [Times: user=0.19 sys=0.00, real=0.18 secs] 
2014-07-10T14:49:53.519+0200: 51.666: [GC [1 CMS-initial-mark: 174770K(174784K)] 253229K(253440K), 0.0008575 secs] [Times: user=0.00 sys=0.00, real=0.00 secs] 
2014-07-10T14:49:53.520+0200: 51.667: [CMS-concurrent-mark-start]
2014-07-10T14:49:53.520+0200: 51.667: [Full GC2014-07-10T14:49:53.520+0200: 51.667: [CMS2014-07-10T14:49:53.543+0200: 51.689: [CMS-concurrent-mark: 0.022/0.022 secs] [Times: user=0.02 sys=0.00, real=0.02 secs] 
 (concurrent mode failure): 174770K->174769K(174784K), 0.1584695 secs] 253388K->253384K(253440K), [CMS Perm : 2651K->2651K(21248K)], 0.1585791 secs] [Times: user=0.16 sys=0.00, real=0.16 secs] 
2014-07-10T14:49:53.679+0200: 51.826: [Full GC2014-07-10T14:49:53.679+0200: 51.826: [CMS: 174769K->8717K(174784K), 0.0431559 secs] 253384K->8717K(253440K), [CMS Perm : 2651K->2651K(21248K)], 0.0432274 secs] [Times: user=0.05 sys=0.00, real=0.04 secs] 
2014-07-10T14:49:53.834+0200: 51.981: [GC2014-07-10T14:49:53.834+0200: 51.981: [ParNew: 69947K->8704K(78656K), 0.0447423 secs] 78665K->78580K(253440K), 0.0448896 secs] [Times: user=0.09 sys=0.00, real=0.04 secs] 
2014-07-10T14:49:53.879+0200: 52.026: [GC [1 CMS-initial-mark: 69876K(174784K)] 78621K(253440K), 0.0002357 secs] [Times: user=0.00 sys=0.00, real=0.00 secs] 
2014-07-10T14:49:53.879+0200: 52.026: [CMS-concurrent-mark-start]
2014-07-10T14:49:53.902+0200: 52.049: [CMS-concurrent-mark: 0.023/0.023 secs] [Times: user=0.01 sys=0.00, real=0.02 secs] 
2014-07-10T14:49:53.902+0200: 52.049: [CMS-concurrent-preclean-start]
2014-07-10T14:49:53.905+0200: 52.052: [CMS-concurrent-preclean: 0.002/0.003 secs] [Times: user=0.00 sys=0.00, real=0.00 secs] 
2014-07-10T14:49:53.905+0200: 52.052: [CMS-concurrent-abortable-preclean-start]
2014-07-10T14:49:53.994+0200: 52.141: [GC2014-07-10T14:49:53.994+0200: 52.141: [ParNew2014-07-10T14:49:54.027+0200: 52.173: [CMS-concurrent-abortable-preclean: 0.001/0.121 secs] [Times: user=0.06 sys=0.00, real=0.12 secs] 
: 78654K->8704K(78656K), 0.0501874 secs] 148530K->148343K(253440K), 0.0503458 secs] [Times: user=0.09 sys=0.00, real=0.05 secs] 
2014-07-10T14:49:54.064+0200: 52.211: [GC[YG occupancy: 9140 K (78656 K)]2014-07-10T14:49:54.064+0200: 52.211: [Rescan (parallel) , 0.0016344 secs]2014-07-10T14:49:54.066+0200: 52.213: [weak refs processing, 0.0004777 secs]2014-07-10T14:49:54.066+0200: 52.213: [scrub string table, 0.0001694 secs] [1 CMS-remark: 139639K(174784K)] 148780K(253440K), 0.0027369 secs] [Times: user=0.00 sys=0.00, real=0.00 secs] 
2014-07-10T14:49:54.071+0200: 52.218: [CMS-concurrent-sweep-start]
2014-07-10T14:49:54.078+0200: 52.225: [CMS-concurrent-sweep: 0.006/0.006 secs] [Times: user=0.00 sys=0.00, real=0.01 secs] 
2014-07-10T14:49:54.078+0200: 52.225: [CMS-concurrent-reset-start]
2014-07-10T14:49:54.079+0200: 52.225: [CMS-concurrent-reset: 0.001/0.001 secs] [Times: user=0.02 sys=0.00, real=0.00 secs] 
2014-07-10T14:49:54.207+0200: 52.354: [GC2014-07-10T14:49:54.207+0200: 52.354: [ParNew: 78642K->78642K(78656K), 0.0000491 secs]2014-07-10T14:49:54.207+0200: 52.354: [CMS: 139408K->174744K(174784K), 0.1595731 secs] 218050K->217320K(253440K), [CMS Perm : 2651K->2651K(21248K)], 0.1598018 secs] [Times: user=0.16 sys=0.00, real=0.16 secs] 
2014-07-10T14:49:54.367+0200: 52.514: [GC [1 CMS-initial-mark: 174744K(174784K)] 217361K(253440K), 0.0005030 secs] [Times: user=0.00 sys=0.00, real=0.00 secs] 
2014-07-10T14:49:54.367+0200: 52.514: [CMS-concurrent-mark-start]
2014-07-10T14:49:54.391+0200: 52.538: [CMS-concurrent-mark: 0.024/0.024 secs] [Times: user=0.03 sys=0.00, real=0.02 secs] 
2014-07-10T14:49:54.391+0200: 52.538: [CMS-concurrent-preclean-start]
2014-07-10T14:49:54.409+0200: 52.556: [CMS-concurrent-preclean: 0.018/0.018 secs] [Times: user=0.01 sys=0.00, real=0.02 secs] 
2014-07-10T14:49:54.409+0200: 52.556: [CMS-concurrent-abortable-preclean-start]
2014-07-10T14:49:54.409+0200: 52.556: [CMS-concurrent-abortable-preclean: 0.000/0.000 secs] [Times: user=0.00 sys=0.00, real=0.00 secs] 
2014-07-10T14:49:54.410+0200: 52.556: [GC[YG occupancy: 67837 K (78656 K)]2014-07-10T14:49:54.410+0200: 52.556: [Rescan (parallel) , 0.0009030 secs]2014-07-10T14:49:54.410+0200: 52.557: [weak refs processing, 0.0000433 secs]2014-07-10T14:49:54.411+0200: 52.557: [scrub string table, 0.0001679 secs] [1 CMS-remark: 174744K(174784K)] 242582K(253440K), 0.0012011 secs] [Times: user=0.00 sys=0.00, real=0.00 secs] 
2014-07-10T14:49:54.411+0200: 52.558: [CMS-concurrent-sweep-start]
2014-07-10T14:49:54.416+0200: 52.563: [CMS-concurrent-sweep: 0.005/0.005 secs] [Times: user=0.00 sys=0.00, real=0.00 secs] 
2014-07-10T14:49:54.416+0200: 52.563: [CMS-concurrent-reset-start]
2014-07-10T14:49:54.417+0200: 52.564: [CMS-concurrent-reset: 0.001/0.001 secs] [Times: user=0.00 sys=0.00, real=0.00 secs] 
2014-07-10T14:49:54.430+0200: 52.577: [GC2014-07-10T14:49:54.430+0200: 52.577: [ParNew: 78647K->78647K(78656K), 0.0000466 secs]2014-07-10T14:49:54.430+0200: 52.577: [CMS: 174734K->174748K(174784K), 0.1699112 secs] 253381K->253175K(253440K), [CMS Perm : 2651K->2651K(21248K)], 0.1701279 secs] [Times: user=0.17 sys=0.00, real=0.17 secs] 
2014-07-10T14:49:54.600+0200: 52.747: [GC [1 CMS-initial-mark: 174748K(174784K)] 253218K(253440K), 0.0008542 secs] [Times: user=0.00 sys=0.00, real=0.00 secs] 
2014-07-10T14:49:54.601+0200: 52.748: [CMS-concurrent-mark-start]
2014-07-10T14:49:54.601+0200: 52.748: [Full GC2014-07-10T14:49:54.601+0200: 52.748: [CMS2014-07-10T14:49:54.626+0200: 52.773: [CMS-concurrent-mark: 0.025/0.025 secs] [Times: user=0.03 sys=0.00, real=0.02 secs] 
 (concurrent mode failure): 174748K->174747K(174784K), 0.1518912 secs] 253377K->253371K(253440K), [CMS Perm : 2651K->2651K(21248K)], 0.1519990 secs] [Times: user=0.16 sys=0.00, real=0.15 secs] 
2014-07-10T14:49:54.753+0200: 52.900: [Full GC2014-07-10T14:49:54.753+0200: 52.900: [CMS: 174747K->8724K(174784K), 0.0429843 secs] 253371K->8724K(253440K), [CMS Perm : 2651K->2651K(21248K)], 0.0430704 secs] [Times: user=0.03 sys=0.00, real=0.04 secs] 
2014-07-10T14:49:54.909+0200: 53.056: [GC2014-07-10T14:49:54.909+0200: 53.056: [ParNew: 69930K->8704K(78656K), 0.0448079 secs] 78654K->78558K(253440K), 0.0449311 secs] [Times: user=0.09 sys=0.00, real=0.05 secs] 
2014-07-10T14:49:54.954+0200: 53.101: [GC [1 CMS-initial-mark: 69854K(174784K)] 78599K(253440K), 0.0002794 secs] [Times: user=0.00 sys=0.00, real=0.00 secs] 
2014-07-10T14:49:54.955+0200: 53.101: [CMS-concurrent-mark-start]
2014-07-10T14:49:54.978+0200: 53.124: [CMS-concurrent-mark: 0.023/0.023 secs] [Times: user=0.02 sys=0.00, real=0.02 secs] 
2014-07-10T14:49:54.978+0200: 53.125: [CMS-concurrent-preclean-start]
2014-07-10T14:49:54.981+0200: 53.127: [CMS-concurrent-preclean: 0.002/0.003 secs] [Times: user=0.00 sys=0.00, real=0.00 secs] 
2014-07-10T14:49:54.981+0200: 53.127: [CMS-concurrent-abortable-preclean-start]
2014-07-10T14:49:55.069+0200: 53.216: [GC2014-07-10T14:49:55.069+0200: 53.216: [ParNew2014-07-10T14:49:55.103+0200: 53.250: [CMS-concurrent-abortable-preclean: 0.001/0.122 secs] [Times: user=0.06 sys=0.00, real=0.12 secs] 
: 78628K->8704K(78656K), 0.0536520 secs] 148483K->148312K(253440K), 0.0538093 secs] [Times: user=0.08 sys=0.00, real=0.05 secs] 
2014-07-10T14:49:55.124+0200: 53.271: [GC[YG occupancy: 9531 K (78656 K)]2014-07-10T14:49:55.124+0200: 53.271: [Rescan (parallel) , 0.0016608 secs]2014-07-10T14:49:55.125+0200: 53.272: [weak refs processing, 0.0006643 secs]2014-07-10T14:49:55.126+0200: 53.273: [scrub string table, 0.0001873 secs] [1 CMS-remark: 139608K(174784K)] 149140K(253440K), 0.0026206 secs] [Times: user=0.00 sys=0.00, real=0.00 secs] 
2014-07-10T14:49:55.127+0200: 53.274: [CMS-concurrent-sweep-start]
2014-07-10T14:49:55.133+0200: 53.280: [CMS-concurrent-sweep: 0.006/0.006 secs] [Times: user=0.00 sys=0.00, real=0.01 secs] 
2014-07-10T14:49:55.133+0200: 53.280: [CMS-concurrent-reset-start]
2014-07-10T14:49:55.134+0200: 53.281: [CMS-concurrent-reset: 0.001/0.001 secs] [Times: user=0.00 sys=0.00, real=0.00 secs] 
2014-07-10T14:49:55.255+0200: 53.402: [GC2014-07-10T14:49:55.255+0200: 53.402: [ParNew: 78628K->78628K(78656K), 0.0000477 secs]2014-07-10T14:49:55.255+0200: 53.402: [CMS: 139375K->174751K(174784K), 0.1620775 secs] 218004K->217263K(253440K), [CMS Perm : 2651K->2651K(21248K)], 0.1622982 secs] [Times: user=0.16 sys=0.00, real=0.16 secs] 
2014-07-10T14:49:55.417+0200: 53.564: [GC [1 CMS-initial-mark: 174751K(174784K)] 217304K(253440K), 0.0006086 secs] [Times: user=0.00 sys=0.00, real=0.00 secs] 
2014-07-10T14:49:55.418+0200: 53.565: [CMS-concurrent-mark-start]
2014-07-10T14:49:55.442+0200: 53.589: [CMS-concurrent-mark: 0.024/0.024 secs] [Times: user=0.03 sys=0.00, real=0.02 secs] 
2014-07-10T14:49:55.442+0200: 53.589: [CMS-concurrent-preclean-start]
2014-07-10T14:49:55.460+0200: 53.607: [CMS-concurrent-preclean: 0.018/0.018 secs] [Times: user=0.02 sys=0.00, real=0.02 secs] 
2014-07-10T14:49:55.460+0200: 53.607: [CMS-concurrent-abortable-preclean-start]
2014-07-10T14:49:55.460+0200: 53.607: [CMS-concurrent-abortable-preclean: 0.000/0.000 secs] [Times: user=0.00 sys=0.00, real=0.00 secs] 
2014-07-10T14:49:55.460+0200: 53.607: [GC[YG occupancy: 67321 K (78656 K)]2014-07-10T14:49:55.461+0200: 53.607: [Rescan (parallel) , 0.0010016 secs]2014-07-10T14:49:55.462+0200: 53.608: [weak refs processing, 0.0000304 secs]2014-07-10T14:49:55.462+0200: 53.608: [scrub string table, 0.0001507 secs] [1 CMS-remark: 174751K(174784K)] 242073K(253440K), 0.0012704 secs] [Times: user=0.00 sys=0.00, real=0.00 secs] 
2014-07-10T14:49:55.462+0200: 53.609: [CMS-concurrent-sweep-start]
2014-07-10T14:49:55.467+0200: 53.614: [CMS-concurrent-sweep: 0.005/0.005 secs] [Times: user=0.00 sys=0.00, real=0.01 secs] 
2014-07-10T14:49:55.467+0200: 53.614: [CMS-concurrent-reset-start]
2014-07-10T14:49:55.468+0200: 53.615: [CMS-concurrent-reset: 0.001/0.001 secs] [Times: user=0.02 sys=0.00, real=0.00 secs] 
2014-07-10T14:49:55.481+0200: 53.628: [GC2014-07-10T14:49:55.481+0200: 53.628: [ParNew: 78638K->78638K(78656K), 0.0000576 secs]2014-07-10T14:49:55.481+0200: 53.628: [CMS: 174741K->174756K(174784K), 0.1717150 secs] 253380K->253172K(253440K), [CMS Perm : 2651K->2651K(21248K)], 0.1719830 secs] [Times: user=0.17 sys=0.00, real=0.17 secs] 
2014-07-10T14:49:55.653+0200: 53.800: [GC [1 CMS-initial-mark: 174756K(174784K)] 253216K(253440K), 0.0009521 secs] [Times: user=0.00 sys=0.00, real=0.00 secs] 
2014-07-10T14:49:55.654+0200: 53.801: [CMS-concurrent-mark-start]
2014-07-10T14:49:55.654+0200: 53.801: [Full GC2014-07-10T14:49:55.654+0200: 53.801: [CMS2014-07-10T14:49:55.677+0200: 53.824: [CMS-concurrent-mark: 0.023/0.023 secs] [Times: user=0.03 sys=0.00, real=0.02 secs] 
 (concurrent mode failure): 174756K->174755K(174784K), 0.1617244 secs] 253372K->253368K(253440K), [CMS Perm : 2651K->2651K(21248K)], 0.1618454 secs] [Times: user=0.17 sys=0.00, real=0.16 secs] 
2014-07-10T14:49:55.816+0200: 53.963: [Full GC2014-07-10T14:49:55.816+0200: 53.963: [CMS: 174755K->8728K(174784K), 0.0437300 secs] 253368K->8728K(253440K), [CMS Perm : 2651K->2651K(21248K)], 0.0438176 secs] [Times: user=0.05 sys=0.00, real=0.04 secs] 
2014-07-10T14:49:55.971+0200: 54.118: [GC2014-07-10T14:49:55.971+0200: 54.118: [ParNew: 69916K->8704K(78656K), 0.0452244 secs] 78645K->78553K(253440K), 0.0453813 secs] [Times: user=0.09 sys=0.00, real=0.05 secs] 
2014-07-10T14:49:56.017+0200: 54.164: [GC [1 CMS-initial-mark: 69849K(174784K)] 78594K(253440K), 0.0002581 secs] [Times: user=0.00 sys=0.00, real=0.00 secs] 
2014-07-10T14:49:56.017+0200: 54.164: [CMS-concurrent-mark-start]
2014-07-10T14:49:56.041+0200: 54.187: [CMS-concurrent-mark: 0.023/0.023 secs] [Times: user=0.02 sys=0.00, real=0.02 secs] 
2014-07-10T14:49:56.041+0200: 54.187: [CMS-concurrent-preclean-start]
2014-07-10T14:49:56.043+0200: 54.190: [CMS-concurrent-preclean: 0.002/0.003 secs] [Times: user=0.00 sys=0.00, real=0.00 secs] 
2014-07-10T14:49:56.044+0200: 54.190: [CMS-concurrent-abortable-preclean-start]
2014-07-10T14:49:56.138+0200: 54.285: [GC2014-07-10T14:49:56.138+0200: 54.285: [ParNew2014-07-10T14:49:56.169+0200: 54.316: [CMS-concurrent-abortable-preclean: 0.001/0.125 secs] [Times: user=0.05 sys=0.00, real=0.13 secs] 
: 78641K->8704K(78656K), 0.0508788 secs] 148490K->148308K(253440K), 0.0510185 secs] [Times: user=0.09 sys=0.00, real=0.05 secs] 
2014-07-10T14:49:56.189+0200: 54.336: [GC[YG occupancy: 9727 K (78656 K)]2014-07-10T14:49:56.189+0200: 54.336: [Rescan (parallel) , 0.0015292 secs]2014-07-10T14:49:56.191+0200: 54.338: [weak refs processing, 0.0003861 secs]2014-07-10T14:49:56.191+0200: 54.338: [scrub string table, 0.0001551 secs] [1 CMS-remark: 139604K(174784K)] 149331K(253440K), 0.0021792 secs] [Times: user=0.00 sys=0.00, real=0.00 secs] 
2014-07-10T14:49:56.192+0200: 54.338: [CMS-concurrent-sweep-start]
2014-07-10T14:49:56.197+0200: 54.344: [CMS-concurrent-sweep: 0.006/0.006 secs] [Times: user=0.00 sys=0.00, real=0.01 secs] 
2014-07-10T14:49:56.198+0200: 54.345: [CMS-concurrent-reset-start]
2014-07-10T14:49:56.199+0200: 54.346: [CMS-concurrent-reset: 0.001/0.001 secs] [Times: user=0.00 sys=0.00, real=0.00 secs] 
2014-07-10T14:49:56.310+0200: 54.457: [GC2014-07-10T14:49:56.310+0200: 54.457: [ParNew: 78630K->78630K(78656K), 0.0000513 secs]2014-07-10T14:49:56.310+0200: 54.457: [CMS: 139375K->174776K(174784K), 0.1650875 secs] 218005K->217269K(253440K), [CMS Perm : 2651K->2651K(21248K)], 0.1653342 secs] [Times: user=0.16 sys=0.00, real=0.16 secs] 
2014-07-10T14:49:56.476+0200: 54.623: [GC [1 CMS-initial-mark: 174776K(174784K)] 217352K(253440K), 0.0006119 secs] [Times: user=0.00 sys=0.00, real=0.00 secs] 
2014-07-10T14:49:56.476+0200: 54.623: [CMS-concurrent-mark-start]
2014-07-10T14:49:56.500+0200: 54.647: [CMS-concurrent-mark: 0.024/0.024 secs] [Times: user=0.03 sys=0.00, real=0.02 secs] 
2014-07-10T14:49:56.500+0200: 54.647: [CMS-concurrent-preclean-start]
2014-07-10T14:49:56.518+0200: 54.665: [CMS-concurrent-preclean: 0.018/0.018 secs] [Times: user=0.02 sys=0.00, real=0.02 secs] 
2014-07-10T14:49:56.518+0200: 54.665: [CMS-concurrent-abortable-preclean-start]
2014-07-10T14:49:56.518+0200: 54.665: [CMS-concurrent-abortable-preclean: 0.000/0.000 secs] [Times: user=0.00 sys=0.00, real=0.00 secs] 
2014-07-10T14:49:56.518+0200: 54.665: [GC[YG occupancy: 67740 K (78656 K)]2014-07-10T14:49:56.518+0200: 54.665: [Rescan (parallel) , 0.0009459 secs]2014-07-10T14:49:56.519+0200: 54.666: [weak refs processing, 0.0000304 secs]2014-07-10T14:49:56.519+0200: 54.666: [scrub string table, 0.0001496 secs] [1 CMS-remark: 174776K(174784K)] 242517K(253440K), 0.0012055 secs] [Times: user=0.00 sys=0.00, real=0.00 secs] 
2014-07-10T14:49:56.519+0200: 54.666: [CMS-concurrent-sweep-start]
2014-07-10T14:49:56.525+0200: 54.672: [CMS-concurrent-sweep: 0.005/0.005 secs] [Times: user=0.00 sys=0.00, real=0.01 secs] 
2014-07-10T14:49:56.525+0200: 54.672: [CMS-concurrent-reset-start]
2014-07-10T14:49:56.526+0200: 54.673: [CMS-concurrent-reset: 0.001/0.001 secs] [Times: user=0.00 sys=0.00, real=0.00 secs] 
2014-07-10T14:49:56.538+0200: 54.685: [GC2014-07-10T14:49:56.538+0200: 54.685: [ParNew: 78623K->78623K(78656K), 0.0000469 secs]2014-07-10T14:49:56.538+0200: 54.685: [CMS: 174767K->174779K(174784K), 0.1694855 secs] 253391K->253184K(253440K), [CMS Perm : 2651K->2651K(21248K)], 0.1696985 secs] [Times: user=0.16 sys=0.00, real=0.17 secs] 
2014-07-10T14:49:56.708+0200: 54.855: [GC [1 CMS-initial-mark: 174779K(174784K)] 253227K(253440K), 0.0008979 secs] [Times: user=0.00 sys=0.00, real=0.00 secs] 
2014-07-10T14:49:56.709+0200: 54.855: [CMS-concurrent-mark-start]
2014-07-10T14:49:56.709+0200: 54.856: [Full GC2014-07-10T14:49:56.709+0200: 54.856: [CMS2014-07-10T14:49:56.730+0200: 54.877: [CMS-concurrent-mark: 0.022/0.022 secs] [Times: user=0.02 sys=0.00, real=0.02 secs] 
 (concurrent mode failure): 174779K->174778K(174784K), 0.1482891 secs] 253425K->253419K(253440K), [CMS Perm : 2651K->2651K(21248K)], 0.1484269 secs] [Times: user=0.16 sys=0.00, real=0.15 secs] 
2014-07-10T14:49:56.857+0200: 55.004: [Full GC2014-07-10T14:49:56.857+0200: 55.004: [CMS: 174778K->8733K(174784K), 0.0489156 secs] 253419K->8733K(253440K), [CMS Perm : 2651K->2651K(21248K)], 0.0490079 secs] [Times: user=0.05 sys=0.00, real=0.05 secs] 
2014-07-10T14:49:57.018+0200: 55.165: [GC2014-07-10T14:49:57.018+0200: 55.165: [ParNew: 69923K->8704K(78656K), 0.0449366 secs] 78656K->78584K(253440K), 0.0450832 secs] [Times: user=0.09 sys=0.00, real=0.05 secs] 
2014-07-10T14:49:57.063+0200: 55.210: [GC [1 CMS-initial-mark: 69880K(174784K)] 78625K(253440K), 0.0002526 secs] [Times: user=0.00 sys=0.00, real=0.00 secs] 
2014-07-10T14:49:57.063+0200: 55.210: [CMS-concurrent-mark-start]
2014-07-10T14:49:57.087+0200: 55.234: [CMS-concurrent-mark: 0.024/0.024 secs] [Times: user=0.02 sys=0.00, real=0.02 secs] 
2014-07-10T14:49:57.087+0200: 55.234: [CMS-concurrent-preclean-start]
2014-07-10T14:49:57.090+0200: 55.237: [CMS-concurrent-preclean: 0.002/0.003 secs] [Times: user=0.02 sys=0.00, real=0.00 secs] 
2014-07-10T14:49:57.090+0200: 55.237: [CMS-concurrent-abortable-preclean-start]
2014-07-10T14:49:57.182+0200: 55.329: [GC2014-07-10T14:49:57.182+0200: 55.329: [ParNew2014-07-10T14:49:57.216+0200: 55.363: [CMS-concurrent-abortable-preclean: 0.001/0.126 secs] [Times: user=0.09 sys=0.00, real=0.13 secs] 
: 78635K->8704K(78656K), 0.0507029 secs] 148516K->148301K(253440K), 0.0508557 secs] [Times: user=0.13 sys=0.00, real=0.05 secs] 
2014-07-10T14:49:57.234+0200: 55.381: [GC[YG occupancy: 10276 K (78656 K)]2014-07-10T14:49:57.234+0200: 55.381: [Rescan (parallel) , 0.0015629 secs]2014-07-10T14:49:57.235+0200: 55.382: [weak refs processing, 0.0004469 secs]2014-07-10T14:49:57.236+0200: 55.383: [scrub string table, 0.0001965 secs] [1 CMS-remark: 139597K(174784K)] 149873K(253440K), 0.0023171 secs] [Times: user=0.00 sys=0.00, real=0.00 secs] 
2014-07-10T14:49:57.237+0200: 55.384: [CMS-concurrent-sweep-start]
2014-07-10T14:49:57.243+0200: 55.390: [CMS-concurrent-sweep: 0.006/0.006 secs] [Times: user=0.00 sys=0.00, real=0.01 secs] 
2014-07-10T14:49:57.243+0200: 55.390: [CMS-concurrent-reset-start]
2014-07-10T14:49:57.244+0200: 55.391: [CMS-concurrent-reset: 0.001/0.001 secs] [Times: user=0.00 sys=0.00, real=0.00 secs] 
2014-07-10T14:49:57.356+0200: 55.503: [GC2014-07-10T14:49:57.356+0200: 55.503: [ParNew: 78620K->78620K(78656K), 0.0000488 secs]2014-07-10T14:49:57.356+0200: 55.503: [CMS: 139367K->174781K(174784K), 0.1714723 secs] 217987K->217265K(253440K), [CMS Perm : 2651K->2651K(21248K)], 0.1716948 secs] [Times: user=0.17 sys=0.00, real=0.17 secs] 
2014-07-10T14:49:57.528+0200: 55.675: [GC [1 CMS-initial-mark: 174781K(174784K)] 217306K(253440K), 0.0005140 secs] [Times: user=0.00 sys=0.00, real=0.00 secs] 
2014-07-10T14:49:57.528+0200: 55.675: [CMS-concurrent-mark-start]
2014-07-10T14:49:57.552+0200: 55.699: [CMS-concurrent-mark: 0.024/0.024 secs] [Times: user=0.01 sys=0.00, real=0.02 secs] 
2014-07-10T14:49:57.552+0200: 55.699: [CMS-concurrent-preclean-start]
2014-07-10T14:49:57.570+0200: 55.717: [CMS-concurrent-preclean: 0.018/0.018 secs] [Times: user=0.02 sys=0.00, real=0.02 secs] 
2014-07-10T14:49:57.570+0200: 55.717: [CMS-concurrent-abortable-preclean-start]
2014-07-10T14:49:57.570+0200: 55.717: [CMS-concurrent-abortable-preclean: 0.000/0.000 secs] [Times: user=0.00 sys=0.00, real=0.00 secs] 
2014-07-10T14:49:57.570+0200: 55.717: [GC[YG occupancy: 67396 K (78656 K)]2014-07-10T14:49:57.570+0200: 55.717: [Rescan (parallel) , 0.0009023 secs]2014-07-10T14:49:57.571+0200: 55.718: [weak refs processing, 0.0000301 secs]2014-07-10T14:49:57.571+0200: 55.718: [scrub string table, 0.0001749 secs] [1 CMS-remark: 174781K(174784K)] 242178K(253440K), 0.0011886 secs] [Times: user=0.00 sys=0.00, real=0.00 secs] 
2014-07-10T14:49:57.572+0200: 55.719: [CMS-concurrent-sweep-start]
2014-07-10T14:49:57.577+0200: 55.724: [CMS-concurrent-sweep: 0.005/0.005 secs] [Times: user=0.01 sys=0.00, real=0.00 secs] 
2014-07-10T14:49:57.577+0200: 55.724: [CMS-concurrent-reset-start]
2014-07-10T14:49:57.578+0200: 55.725: [CMS-concurrent-reset: 0.001/0.001 secs] [Times: user=0.00 sys=0.00, real=0.00 secs] 
2014-07-10T14:49:57.593+0200: 55.740: [GC2014-07-10T14:49:57.593+0200: 55.740: [ParNew: 78637K->78637K(78656K), 0.0000458 secs]2014-07-10T14:49:57.593+0200: 55.740: [CMS: 174774K->174745K(174784K), 0.1683351 secs] 253411K->253196K(253440K), [CMS Perm : 2651K->2651K(21248K)], 0.1685495 secs] [Times: user=0.17 sys=0.00, real=0.17 secs] 
2014-07-10T14:49:57.762+0200: 55.908: [GC [1 CMS-initial-mark: 174745K(174784K)] 253237K(253440K), 0.0009565 secs] [Times: user=0.00 sys=0.00, real=0.00 secs] 
2014-07-10T14:49:57.763+0200: 55.909: [CMS-concurrent-mark-start]
2014-07-10T14:49:57.764+0200: 55.910: [Full GC2014-07-10T14:49:57.764+0200: 55.910: [CMS2014-07-10T14:49:57.786+0200: 55.932: [CMS-concurrent-mark: 0.022/0.022 secs] [Times: user=0.02 sys=0.00, real=0.02 secs] 
 (concurrent mode failure): 174745K->174783K(174784K), 0.1923619 secs] 253356K->253353K(253440K), [CMS Perm : 2651K->2651K(21248K)], 0.1924942 secs] [Times: user=0.19 sys=0.00, real=0.19 secs] 
2014-07-10T14:49:57.958+0200: 56.104: [Full GC2014-07-10T14:49:57.958+0200: 56.104: [CMS: 174783K->174783K(174784K), 0.1313099 secs] 253396K->253392K(253440K), [CMS Perm : 2651K->2651K(21248K)], 0.1314456 secs] [Times: user=0.14 sys=0.00, real=0.13 secs] 
2014-07-10T14:49:58.090+0200: 56.236: [Full GC2014-07-10T14:49:58.090+0200: 56.236: [CMS: 174783K->8737K(174784K), 0.0440809 secs] 253392K->8737K(253440K), [CMS Perm : 2651K->2651K(21248K)], 0.0441659 secs] [Times: user=0.03 sys=0.00, real=0.04 secs] 
2014-07-10T14:49:58.246+0200: 56.392: [GC2014-07-10T14:49:58.246+0200: 56.392: [ParNew: 69917K->8704K(78656K), 0.0448739 secs] 78654K->78555K(253440K), 0.0450308 secs] [Times: user=0.06 sys=0.00, real=0.04 secs] 
2014-07-10T14:49:58.291+0200: 56.437: [GC [1 CMS-initial-mark: 69851K(174784K)] 78595K(253440K), 0.0003259 secs] [Times: user=0.00 sys=0.00, real=0.00 secs] 
2014-07-10T14:49:58.291+0200: 56.437: [CMS-concurrent-mark-start]
2014-07-10T14:49:58.315+0200: 56.461: [CMS-concurrent-mark: 0.024/0.024 secs] [Times: user=0.05 sys=0.00, real=0.02 secs] 
2014-07-10T14:49:58.315+0200: 56.461: [CMS-concurrent-preclean-start]
2014-07-10T14:49:58.318+0200: 56.464: [CMS-concurrent-preclean: 0.002/0.002 secs] [Times: user=0.00 sys=0.00, real=0.00 secs] 
2014-07-10T14:49:58.318+0200: 56.464: [CMS-concurrent-abortable-preclean-start]
2014-07-10T14:49:58.415+0200: 56.561: [GC2014-07-10T14:49:58.415+0200: 56.561: [ParNew2014-07-10T14:49:58.449+0200: 56.595: [CMS-concurrent-abortable-preclean: 0.002/0.131 secs] [Times: user=0.09 sys=0.00, real=0.13 secs] 
: 78635K->8704K(78656K), 0.0512172 secs] 148487K->148304K(253440K), 0.0513676 secs] [Times: user=0.12 sys=0.00, real=0.05 secs] 
2014-07-10T14:49:58.467+0200: 56.613: [GC[YG occupancy: 9768 K (78656 K)]2014-07-10T14:49:58.467+0200: 56.613: [Rescan (parallel) , 0.0016047 secs]2014-07-10T14:49:58.468+0200: 56.614: [weak refs processing, 0.0003571 secs]2014-07-10T14:49:58.469+0200: 56.615: [scrub string table, 0.0001609 secs] [1 CMS-remark: 139600K(174784K)] 149369K(253440K), 0.0022126 secs] [Times: user=0.00 sys=0.00, real=0.00 secs] 
2014-07-10T14:49:58.469+0200: 56.615: [CMS-concurrent-sweep-start]
2014-07-10T14:49:58.475+0200: 56.621: [CMS-concurrent-sweep: 0.006/0.006 secs] [Times: user=0.00 sys=0.00, real=0.01 secs] 
2014-07-10T14:49:58.475+0200: 56.621: [CMS-concurrent-reset-start]
2014-07-10T14:49:58.476+0200: 56.622: [CMS-concurrent-reset: 0.001/0.001 secs] [Times: user=0.00 sys=0.00, real=0.00 secs] 
2014-07-10T14:49:58.588+0200: 56.734: [GC2014-07-10T14:49:58.588+0200: 56.734: [ParNew: 78617K->78617K(78656K), 0.0000502 secs]2014-07-10T14:49:58.588+0200: 56.734: [CMS: 139369K->174745K(174784K), 0.1607848 secs] 217986K->217263K(253440K), [CMS Perm : 2651K->2651K(21248K)], 0.1609728 secs] [Times: user=0.17 sys=0.00, real=0.16 secs] 
2014-07-10T14:49:58.749+0200: 56.895: [GC [1 CMS-initial-mark: 174745K(174784K)] 217304K(253440K), 0.0005034 secs] [Times: user=0.00 sys=0.00, real=0.00 secs] 
2014-07-10T14:49:58.749+0200: 56.896: [CMS-concurrent-mark-start]
2014-07-10T14:49:58.773+0200: 56.919: [CMS-concurrent-mark: 0.024/0.024 secs] [Times: user=0.02 sys=0.00, real=0.02 secs] 
2014-07-10T14:49:58.773+0200: 56.920: [CMS-concurrent-preclean-start]
2014-07-10T14:49:58.791+0200: 56.937: [CMS-concurrent-preclean: 0.018/0.018 secs] [Times: user=0.03 sys=0.00, real=0.02 secs] 
2014-07-10T14:49:58.791+0200: 56.937: [CMS-concurrent-abortable-preclean-start]
2014-07-10T14:49:58.791+0200: 56.938: [CMS-concurrent-abortable-preclean: 0.000/0.000 secs] [Times: user=0.00 sys=0.00, real=0.00 secs] 
2014-07-10T14:49:58.792+0200: 56.938: [GC[YG occupancy: 66572 K (78656 K)]2014-07-10T14:49:58.792+0200: 56.938: [Rescan (parallel) , 0.0008792 secs]2014-07-10T14:49:58.793+0200: 56.939: [weak refs processing, 0.0000359 secs]2014-07-10T14:49:58.793+0200: 56.939: [scrub string table, 0.0002046 secs] [1 CMS-remark: 174745K(174784K)] 241318K(253440K), 0.0012044 secs] [Times: user=0.00 sys=0.00, real=0.00 secs] 
2014-07-10T14:49:58.793+0200: 56.939: [CMS-concurrent-sweep-start]
2014-07-10T14:49:58.798+0200: 56.945: [CMS-concurrent-sweep: 0.006/0.006 secs] [Times: user=0.00 sys=0.00, real=0.01 secs] 
2014-07-10T14:49:58.799+0200: 56.945: [CMS-concurrent-reset-start]
2014-07-10T14:49:58.799+0200: 56.946: [CMS-concurrent-reset: 0.001/0.001 secs] [Times: user=0.00 sys=0.00, real=0.00 secs] 
2014-07-10T14:49:58.814+0200: 56.960: [GC2014-07-10T14:49:58.814+0200: 56.960: [ParNew: 78639K->78639K(78656K), 0.0000466 secs]2014-07-10T14:49:58.814+0200: 56.960: [CMS: 174737K->174749K(174784K), 0.1661914 secs] 253376K->253165K(253440K), [CMS Perm : 2651K->2651K(21248K)], 0.1664092 secs] [Times: user=0.17 sys=0.00, real=0.17 secs] 
2014-07-10T14:49:58.980+0200: 57.126: [GC [1 CMS-initial-mark: 174749K(174784K)] 253208K(253440K), 0.0008509 secs] [Times: user=0.00 sys=0.00, real=0.00 secs] 
2014-07-10T14:49:58.981+0200: 57.127: [CMS-concurrent-mark-start]
2014-07-10T14:49:58.981+0200: 57.127: [Full GC2014-07-10T14:49:58.981+0200: 57.127: [CMS2014-07-10T14:49:59.003+0200: 57.149: [CMS-concurrent-mark: 0.022/0.022 secs] [Times: user=0.02 sys=0.00, real=0.02 secs] 
 (concurrent mode failure): 174749K->174748K(174784K), 0.1518376 secs] 253367K->253362K(253440K), [CMS Perm : 2651K->2651K(21248K)], 0.1519458 secs] [Times: user=0.14 sys=0.00, real=0.15 secs] 
2014-07-10T14:49:59.133+0200: 57.279: [Full GC2014-07-10T14:49:59.133+0200: 57.279: [CMS: 174748K->8741K(174784K), 0.0433044 secs] 253362K->8741K(253440K), [CMS Perm : 2651K->2651K(21248K)], 0.0433689 secs] [Times: user=0.05 sys=0.00, real=0.04 secs] 
2014-07-10T14:49:59.288+0200: 57.434: [GC2014-07-10T14:49:59.288+0200: 57.434: [ParNew: 69936K->8704K(78656K), 0.0448750 secs] 78677K->78592K(253440K), 0.0450616 secs] [Times: user=0.09 sys=0.00, real=0.04 secs] 
2014-07-10T14:49:59.333+0200: 57.479: [GC [1 CMS-initial-mark: 69888K(174784K)] 78631K(253440K), 0.0003197 secs] [Times: user=0.00 sys=0.00, real=0.00 secs] 
2014-07-10T14:49:59.334+0200: 57.480: [CMS-concurrent-mark-start]
2014-07-10T14:49:59.356+0200: 57.503: [CMS-concurrent-mark: 0.023/0.023 secs] [Times: user=0.03 sys=0.00, real=0.02 secs] 
2014-07-10T14:49:59.357+0200: 57.503: [CMS-concurrent-preclean-start]
2014-07-10T14:49:59.359+0200: 57.505: [CMS-concurrent-preclean: 0.002/0.003 secs] [Times: user=0.00 sys=0.00, real=0.00 secs] 
2014-07-10T14:49:59.359+0200: 57.505: [CMS-concurrent-abortable-preclean-start]
2014-07-10T14:49:59.450+0200: 57.596: [GC2014-07-10T14:49:59.450+0200: 57.596: [ParNew2014-07-10T14:49:59.499+0200: 57.645: [CMS-concurrent-abortable-preclean: 0.002/0.139 secs] [Times: user=0.09 sys=0.00, real=0.14 secs] 
: 78625K->8704K(78656K), 0.0509566 secs] 148514K->148322K(253440K), 0.0511039 secs] [Times: user=0.09 sys=0.00, real=0.05 secs] 
2014-07-10T14:49:59.501+0200: 57.647: [GC[YG occupancy: 9644 K (78656 K)]2014-07-10T14:49:59.501+0200: 57.647: [Rescan (parallel) , 0.0016172 secs]2014-07-10T14:49:59.503+0200: 57.649: [weak refs processing, 0.0003927 secs]2014-07-10T14:49:59.503+0200: 57.649: [scrub string table, 0.0001822 secs] [1 CMS-remark: 139618K(174784K)] 149263K(253440K), 0.0022837 secs] [Times: user=0.00 sys=0.00, real=0.00 secs] 
2014-07-10T14:49:59.504+0200: 57.650: [CMS-concurrent-sweep-start]
2014-07-10T14:49:59.510+0200: 57.656: [CMS-concurrent-sweep: 0.006/0.006 secs] [Times: user=0.02 sys=0.02, real=0.01 secs] 
2014-07-10T14:49:59.510+0200: 57.656: [CMS-concurrent-reset-start]
2014-07-10T14:49:59.511+0200: 57.657: [CMS-concurrent-reset: 0.001/0.001 secs] [Times: user=0.00 sys=0.00, real=0.00 secs] 
2014-07-10T14:49:59.622+0200: 57.768: [GC2014-07-10T14:49:59.622+0200: 57.768: [ParNew: 78625K->78625K(78656K), 0.0000477 secs]2014-07-10T14:49:59.622+0200: 57.768: [CMS: 139389K->174753K(174784K), 0.1601710 secs] 218014K->217278K(253440K), [CMS Perm : 2651K->2651K(21248K)], 0.1603983 secs] [Times: user=0.16 sys=0.00, real=0.16 secs] 
2014-07-10T14:49:59.784+0200: 57.930: [GC [1 CMS-initial-mark: 174753K(174784K)] 217556K(253440K), 0.0006178 secs] [Times: user=0.00 sys=0.00, real=0.00 secs] 
2014-07-10T14:49:59.784+0200: 57.930: [CMS-concurrent-mark-start]
2014-07-10T14:49:59.808+0200: 57.955: [CMS-concurrent-mark: 0.024/0.024 secs] [Times: user=0.03 sys=0.00, real=0.02 secs] 
2014-07-10T14:49:59.808+0200: 57.955: [CMS-concurrent-preclean-start]
2014-07-10T14:49:59.826+0200: 57.972: [CMS-concurrent-preclean: 0.018/0.018 secs] [Times: user=0.01 sys=0.00, real=0.02 secs] 
2014-07-10T14:49:59.826+0200: 57.972: [CMS-concurrent-abortable-preclean-start]
2014-07-10T14:49:59.826+0200: 57.972: [CMS-concurrent-abortable-preclean: 0.000/0.000 secs] [Times: user=0.00 sys=0.00, real=0.00 secs] 
2014-07-10T14:49:59.826+0200: 57.973: [GC[YG occupancy: 68237 K (78656 K)]2014-07-10T14:49:59.826+0200: 57.973: [Rescan (parallel) , 0.0009001 secs]2014-07-10T14:49:59.827+0200: 57.973: [weak refs processing, 0.0000293 secs]2014-07-10T14:49:59.827+0200: 57.974: [scrub string table, 0.0001576 secs] [1 CMS-remark: 174753K(174784K)] 242991K(253440K), 0.0011666 secs] [Times: user=0.00 sys=0.00, real=0.00 secs] 
2014-07-10T14:49:59.828+0200: 57.974: [CMS-concurrent-sweep-start]
2014-07-10T14:49:59.833+0200: 57.979: [CMS-concurrent-sweep: 0.006/0.006 secs] [Times: user=0.00 sys=0.00, real=0.00 secs] 
2014-07-10T14:49:59.833+0200: 57.979: [CMS-concurrent-reset-start]
2014-07-10T14:49:59.834+0200: 57.980: [CMS-concurrent-reset: 0.001/0.001 secs] [Times: user=0.00 sys=0.00, real=0.00 secs] 
2014-07-10T14:49:59.847+0200: 57.993: [GC2014-07-10T14:49:59.847+0200: 57.993: [ParNew: 78626K->78626K(78656K), 0.0000466 secs]2014-07-10T14:49:59.847+0200: 57.993: [CMS: 174744K->174756K(174784K), 0.1651223 secs] 253371K->253164K(253440K), [CMS Perm : 2652K->2652K(21248K)], 0.1653093 secs] [Times: user=0.17 sys=0.00, real=0.17 secs] 
2014-07-10T14:50:00.012+0200: 58.158: [GC [1 CMS-initial-mark: 174756K(174784K)] 253205K(253440K), 0.0008297 secs] [Times: user=0.00 sys=0.00, real=0.00 secs] 
2014-07-10T14:50:00.013+0200: 58.159: [CMS-concurrent-mark-start]
2014-07-10T14:50:00.014+0200: 58.160: [Full GC2014-07-10T14:50:00.014+0200: 58.160: [CMS2014-07-10T14:50:00.035+0200: 58.181: [CMS-concurrent-mark: 0.022/0.022 secs] [Times: user=0.02 sys=0.00, real=0.02 secs] 
 (concurrent mode failure): 174756K->174755K(174784K), 0.1512353 secs] 253404K->253399K(253440K), [CMS Perm : 2652K->2652K(21248K)], 0.1513434 secs] [Times: user=0.16 sys=0.00, real=0.15 secs] 
2014-07-10T14:50:00.165+0200: 58.311: [Full GC2014-07-10T14:50:00.165+0200: 58.311: [CMS: 174755K->8745K(174784K), 0.0442169 secs] 253399K->8745K(253440K), [CMS Perm : 2652K->2652K(21248K)], 0.0443067 secs] [Times: user=0.03 sys=0.00, real=0.04 secs] 
2014-07-10T14:50:00.321+0200: 58.467: [GC2014-07-10T14:50:00.321+0200: 58.467: [ParNew: 69918K->8704K(78656K), 0.0452240 secs] 78663K->78570K(253440K), 0.0453725 secs] [Times: user=0.06 sys=0.00, real=0.04 secs] 
2014-07-10T14:50:00.367+0200: 58.513: [GC [1 CMS-initial-mark: 69866K(174784K)] 78611K(253440K), 0.0003190 secs] [Times: user=0.00 sys=0.00, real=0.00 secs] 
2014-07-10T14:50:00.367+0200: 58.514: [CMS-concurrent-mark-start]
2014-07-10T14:50:00.390+0200: 58.537: [CMS-concurrent-mark: 0.023/0.023 secs] [Times: user=0.01 sys=0.00, real=0.02 secs] 
2014-07-10T14:50:00.391+0200: 58.537: [CMS-concurrent-preclean-start]
2014-07-10T14:50:00.393+0200: 58.540: [CMS-concurrent-preclean: 0.002/0.003 secs] [Times: user=0.00 sys=0.00, real=0.00 secs] 
2014-07-10T14:50:00.393+0200: 58.540: [CMS-concurrent-abortable-preclean-start]
2014-07-10T14:50:00.483+0200: 58.630: [GC2014-07-10T14:50:00.484+0200: 58.630: [ParNew2014-07-10T14:50:00.517+0200: 58.663: [CMS-concurrent-abortable-preclean: 0.002/0.123 secs] [Times: user=0.06 sys=0.00, real=0.12 secs] 
: 78655K->8704K(78656K), 0.0499762 secs] 148522K->148361K(253440K), 0.0501379 secs] [Times: user=0.09 sys=0.00, real=0.05 secs] 
2014-07-10T14:50:00.535+0200: 58.681: [GC[YG occupancy: 10056 K (78656 K)]2014-07-10T14:50:00.535+0200: 58.681: [Rescan (parallel) , 0.0016436 secs]2014-07-10T14:50:00.537+0200: 58.683: [weak refs processing, 0.0003714 secs]2014-07-10T14:50:00.537+0200: 58.683: [scrub string table, 0.0002082 secs] [1 CMS-remark: 139657K(174784K)] 149714K(253440K), 0.0023442 secs] [Times: user=0.00 sys=0.00, real=0.00 secs] 
2014-07-10T14:50:00.538+0200: 58.685: [CMS-concurrent-sweep-start]
2014-07-10T14:50:00.544+0200: 58.691: [CMS-concurrent-sweep: 0.006/0.006 secs] [Times: user=0.00 sys=0.00, real=0.01 secs] 
2014-07-10T14:50:00.544+0200: 58.691: [CMS-concurrent-reset-start]
2014-07-10T14:50:00.545+0200: 58.692: [CMS-concurrent-reset: 0.001/0.001 secs] [Times: user=0.00 sys=0.00, real=0.00 secs] 
2014-07-10T14:50:00.657+0200: 58.803: [GC2014-07-10T14:50:00.657+0200: 58.803: [ParNew: 78637K->78637K(78656K), 0.0000473 secs]2014-07-10T14:50:00.657+0200: 58.803: [CMS: 139425K->174749K(174784K), 0.1652151 secs] 218062K->217313K(253440K), [CMS Perm : 2652K->2652K(21248K)], 0.1654054 secs] [Times: user=0.17 sys=0.00, real=0.16 secs] 
2014-07-10T14:50:00.822+0200: 58.968: [GC [1 CMS-initial-mark: 174749K(174784K)] 217354K(253440K), 0.0005118 secs] [Times: user=0.00 sys=0.00, real=0.00 secs] 
2014-07-10T14:50:00.823+0200: 58.969: [CMS-concurrent-mark-start]
2014-07-10T14:50:00.846+0200: 58.993: [CMS-concurrent-mark: 0.023/0.023 secs] [Times: user=0.02 sys=0.00, real=0.02 secs] 
2014-07-10T14:50:00.846+0200: 58.993: [CMS-concurrent-preclean-start]
2014-07-10T14:50:00.864+0200: 59.011: [CMS-concurrent-preclean: 0.018/0.018 secs] [Times: user=0.02 sys=0.00, real=0.02 secs] 
2014-07-10T14:50:00.864+0200: 59.011: [CMS-concurrent-abortable-preclean-start]
2014-07-10T14:50:00.864+0200: 59.011: [CMS-concurrent-abortable-preclean: 0.000/0.000 secs] [Times: user=0.00 sys=0.00, real=0.00 secs] 
2014-07-10T14:50:00.865+0200: 59.011: [GC[YG occupancy: 67468 K (78656 K)]2014-07-10T14:50:00.865+0200: 59.011: [Rescan (parallel) , 0.0009587 secs]2014-07-10T14:50:00.866+0200: 59.012: [weak refs processing, 0.0000326 secs]2014-07-10T14:50:00.866+0200: 59.012: [scrub string table, 0.0001910 secs] [1 CMS-remark: 174749K(174784K)] 242218K(253440K), 0.0012674 secs] [Times: user=0.02 sys=0.00, real=0.00 secs] 
2014-07-10T14:50:00.866+0200: 59.012: [CMS-concurrent-sweep-start]
2014-07-10T14:50:00.871+0200: 59.018: [CMS-concurrent-sweep: 0.006/0.006 secs] [Times: user=0.00 sys=0.00, real=0.01 secs] 
2014-07-10T14:50:00.871+0200: 59.018: [CMS-concurrent-reset-start]
2014-07-10T14:50:00.872+0200: 59.019: [CMS-concurrent-reset: 0.001/0.001 secs] [Times: user=0.00 sys=0.00, real=0.00 secs] 
2014-07-10T14:50:00.885+0200: 59.031: [GC2014-07-10T14:50:00.885+0200: 59.031: [ParNew: 78642K->78642K(78656K), 0.0000458 secs]2014-07-10T14:50:00.885+0200: 59.031: [CMS: 174739K->174752K(174784K), 0.1655029 secs] 253382K->253176K(253440K), [CMS Perm : 2652K->2652K(21248K)], 0.1657357 secs] [Times: user=0.14 sys=0.00, real=0.17 secs] 
2014-07-10T14:50:01.051+0200: 59.197: [GC [1 CMS-initial-mark: 174752K(174784K)] 253219K(253440K), 0.0010416 secs] [Times: user=0.00 sys=0.00, real=0.00 secs] 
2014-07-10T14:50:01.052+0200: 59.198: [CMS-concurrent-mark-start]
2014-07-10T14:50:01.052+0200: 59.198: [Full GC2014-07-10T14:50:01.052+0200: 59.198: [CMS2014-07-10T14:50:01.074+0200: 59.220: [CMS-concurrent-mark: 0.022/0.022 secs] [Times: user=0.03 sys=0.00, real=0.02 secs] 
 (concurrent mode failure): 174752K->174751K(174784K), 0.1669598 secs] 253376K->253373K(253440K), [CMS Perm : 2652K->2652K(21248K)], 0.1670687 secs] [Times: user=0.16 sys=0.00, real=0.17 secs] 
2014-07-10T14:50:01.219+0200: 59.365: [Full GC2014-07-10T14:50:01.219+0200: 59.365: [CMS: 174751K->8748K(174784K), 0.0416710 secs] 253373K->8748K(253440K), [CMS Perm : 2652K->2652K(21248K)], 0.0417598 secs] [Times: user=0.05 sys=0.00, real=0.04 secs] 
2014-07-10T14:50:01.372+0200: 59.518: [GC2014-07-10T14:50:01.372+0200: 59.518: [ParNew: 69938K->8704K(78656K), 0.0463671 secs] 78686K->78596K(253440K), 0.0465263 secs] [Times: user=0.09 sys=0.00, real=0.05 secs] 
2014-07-10T14:50:01.418+0200: 59.565: [GC [1 CMS-initial-mark: 69892K(174784K)] 78637K(253440K), 0.0002896 secs] [Times: user=0.00 sys=0.00, real=0.00 secs] 
2014-07-10T14:50:01.419+0200: 59.565: [CMS-concurrent-mark-start]
2014-07-10T14:50:01.442+0200: 59.588: [CMS-concurrent-mark: 0.023/0.023 secs] [Times: user=0.02 sys=0.00, real=0.02 secs] 
2014-07-10T14:50:01.442+0200: 59.588: [CMS-concurrent-preclean-start]
2014-07-10T14:50:01.444+0200: 59.591: [CMS-concurrent-preclean: 0.002/0.003 secs] [Times: user=0.00 sys=0.02, real=0.00 secs] 
2014-07-10T14:50:01.444+0200: 59.591: [CMS-concurrent-abortable-preclean-start]
2014-07-10T14:50:01.533+0200: 59.679: [GC2014-07-10T14:50:01.533+0200: 59.679: [ParNew2014-07-10T14:50:01.567+0200: 59.713: [CMS-concurrent-abortable-preclean: 0.001/0.122 secs] [Times: user=0.06 sys=0.00, real=0.12 secs] 
: 78617K->8704K(78656K), 0.0516737 secs] 148510K->148327K(253440K), 0.0518005 secs] [Times: user=0.13 sys=0.00, real=0.05 secs] 
2014-07-10T14:50:01.587+0200: 59.733: [GC[YG occupancy: 10124 K (78656 K)]2014-07-10T14:50:01.592+0200: 59.738: [Rescan (parallel) , 0.0016773 secs]2014-07-10T14:50:01.593+0200: 59.740: [weak refs processing, 0.0003930 secs]2014-07-10T14:50:01.594+0200: 59.740: [scrub string table, 0.0001793 secs] [1 CMS-remark: 139623K(174784K)] 149748K(253440K), 0.0071613 secs] [Times: user=0.00 sys=0.00, real=0.01 secs] 
2014-07-10T14:50:01.598+0200: 59.744: [CMS-concurrent-sweep-start]
2014-07-10T14:50:01.604+0200: 59.750: [CMS-concurrent-sweep: 0.006/0.006 secs] [Times: user=0.02 sys=0.00, real=0.01 secs] 
2014-07-10T14:50:01.604+0200: 59.750: [CMS-concurrent-reset-start]
2014-07-10T14:50:01.605+0200: 59.751: [CMS-concurrent-reset: 0.001/0.001 secs] [Times: user=0.00 sys=0.00, real=0.00 secs] 
2014-07-10T14:50:01.717+0200: 59.863: [GC2014-07-10T14:50:01.717+0200: 59.863: [ParNew: 78654K->78654K(78656K), 0.0000517 secs]2014-07-10T14:50:01.717+0200: 59.863: [CMS: 139388K->174782K(174784K), 0.1619437 secs] 218042K->217311K(253440K), [CMS Perm : 2652K->2652K(21248K)], 0.1621625 secs] [Times: user=0.16 sys=0.00, real=0.16 secs] 
2014-07-10T14:50:01.879+0200: 60.025: [GC [1 CMS-initial-mark: 174782K(174784K)] 217352K(253440K), 0.0005338 secs] [Times: user=0.01 sys=0.00, real=0.00 secs] 
2014-07-10T14:50:01.880+0200: 60.026: [CMS-concurrent-mark-start]
2014-07-10T14:50:01.904+0200: 60.050: [CMS-concurrent-mark: 0.024/0.024 secs] [Times: user=0.02 sys=0.00, real=0.02 secs] 
2014-07-10T14:50:01.904+0200: 60.050: [CMS-concurrent-preclean-start]
2014-07-10T14:50:01.922+0200: 60.068: [CMS-concurrent-preclean: 0.018/0.018 secs] [Times: user=0.01 sys=0.00, real=0.02 secs] 
2014-07-10T14:50:01.922+0200: 60.068: [CMS-concurrent-abortable-preclean-start]
2014-07-10T14:50:01.922+0200: 60.068: [CMS-concurrent-abortable-preclean: 0.000/0.000 secs] [Times: user=0.00 sys=0.00, real=0.00 secs] 
2014-07-10T14:50:01.922+0200: 60.068: [GC[YG occupancy: 67590 K (78656 K)]2014-07-10T14:50:01.922+0200: 60.068: [Rescan (parallel) , 0.0009136 secs]2014-07-10T14:50:01.923+0200: 60.069: [weak refs processing, 0.0000304 secs]2014-07-10T14:50:01.923+0200: 60.069: [scrub string table, 0.0001492 secs] [1 CMS-remark: 174782K(174784K)] 242372K(253440K), 0.0011717 secs] [Times: user=0.00 sys=0.00, real=0.00 secs] 
2014-07-10T14:50:01.923+0200: 60.069: [CMS-concurrent-sweep-start]
2014-07-10T14:50:01.929+0200: 60.075: [CMS-concurrent-sweep: 0.005/0.005 secs] [Times: user=0.02 sys=0.00, real=0.01 secs] 
2014-07-10T14:50:01.929+0200: 60.075: [CMS-concurrent-reset-start]
2014-07-10T14:50:01.930+0200: 60.076: [CMS-concurrent-reset: 0.001/0.001 secs] [Times: user=0.00 sys=0.00, real=0.00 secs] 
2014-07-10T14:50:01.941+0200: 60.087: [GC2014-07-10T14:50:01.941+0200: 60.087: [ParNew: 78629K->78629K(78656K), 0.0000469 secs]2014-07-10T14:50:01.941+0200: 60.087: [CMS: 174773K->174745K(174784K), 0.1696212 secs] 253402K->253195K(253440K), [CMS Perm : 2652K->2652K(21248K)], 0.1698423 secs] [Times: user=0.17 sys=0.00, real=0.17 secs] 
2014-07-10T14:50:02.111+0200: 60.257: [GC [1 CMS-initial-mark: 174745K(174784K)] 253236K(253440K), 0.0008198 secs] [Times: user=0.00 sys=0.00, real=0.00 secs] 
2014-07-10T14:50:02.112+0200: 60.258: [CMS-concurrent-mark-start]
2014-07-10T14:50:02.112+0200: 60.258: [Full GC2014-07-10T14:50:02.112+0200: 60.258: [CMS2014-07-10T14:50:02.134+0200: 60.280: [CMS-concurrent-mark: 0.022/0.022 secs] [Times: user=0.03 sys=0.00, real=0.02 secs] 
 (concurrent mode failure): 174745K->174745K(174784K), 0.1567603 secs] 253395K->253391K(253440K), [CMS Perm : 2652K->2652K(21248K)], 0.1568776 secs] [Times: user=0.16 sys=0.00, real=0.16 secs] 
2014-07-10T14:50:02.269+0200: 60.415: [Full GC2014-07-10T14:50:02.269+0200: 60.415: [CMS: 174745K->8749K(174784K), 0.0498219 secs] 253391K->8749K(253440K), [CMS Perm : 2652K->2652K(21248K)], 0.0499084 secs] [Times: user=0.05 sys=0.00, real=0.05 secs] 
2014-07-10T14:50:02.432+0200: 60.578: [GC2014-07-10T14:50:02.432+0200: 60.578: [ParNew: 69940K->8704K(78656K), 0.0450462 secs] 78689K->78597K(253440K), 0.0452365 secs] [Times: user=0.09 sys=0.00, real=0.05 secs] 
2014-07-10T14:50:02.478+0200: 60.624: [GC [1 CMS-initial-mark: 69893K(174784K)] 78639K(253440K), 0.0002673 secs] [Times: user=0.00 sys=0.00, real=0.00 secs] 
2014-07-10T14:50:02.478+0200: 60.624: [CMS-concurrent-mark-start]
2014-07-10T14:50:02.501+0200: 60.647: [CMS-concurrent-mark: 0.023/0.023 secs] [Times: user=0.02 sys=0.00, real=0.02 secs] 
2014-07-10T14:50:02.501+0200: 60.647: [CMS-concurrent-preclean-start]
2014-07-10T14:50:02.504+0200: 60.650: [CMS-concurrent-preclean: 0.002/0.003 secs] [Times: user=0.00 sys=0.00, real=0.00 secs] 
2014-07-10T14:50:02.504+0200: 60.650: [CMS-concurrent-abortable-preclean-start]
2014-07-10T14:50:02.597+0200: 60.743: [GC2014-07-10T14:50:02.597+0200: 60.744: [ParNew2014-07-10T14:50:02.631+0200: 60.777: [CMS-concurrent-abortable-preclean: 0.001/0.127 secs] [Times: user=0.09 sys=0.00, real=0.13 secs] 
: 78649K->8704K(78656K), 0.0525045 secs] 148543K->148371K(253440K), 0.0526379 secs] [Times: user=0.12 sys=0.00, real=0.05 secs] 
2014-07-10T14:50:02.650+0200: 60.797: [GC[YG occupancy: 9492 K (78656 K)]2014-07-10T14:50:02.650+0200: 60.797: [Rescan (parallel) , 0.0016428 secs]2014-07-10T14:50:02.652+0200: 60.798: [weak refs processing, 0.0004081 secs]2014-07-10T14:50:02.653+0200: 60.799: [scrub string table, 0.0001873 secs] [1 CMS-remark: 139667K(174784K)] 149159K(253440K), 0.0023336 secs] [Times: user=0.00 sys=0.00, real=0.00 secs] 
2014-07-10T14:50:02.653+0200: 60.799: [CMS-concurrent-sweep-start]
2014-07-10T14:50:02.659+0200: 60.805: [CMS-concurrent-sweep: 0.006/0.006 secs] [Times: user=0.00 sys=0.00, real=0.01 secs] 
2014-07-10T14:50:02.659+0200: 60.805: [CMS-concurrent-reset-start]
2014-07-10T14:50:02.660+0200: 60.806: [CMS-concurrent-reset: 0.001/0.001 secs] [Times: user=0.02 sys=0.00, real=0.00 secs] 
2014-07-10T14:50:02.771+0200: 60.917: [GC2014-07-10T14:50:02.771+0200: 60.917: [ParNew: 78644K->78644K(78656K), 0.0000506 secs]2014-07-10T14:50:02.771+0200: 60.917: [CMS: 139435K->174766K(174784K), 0.1661423 secs] 218080K->217340K(253440K), [CMS Perm : 2652K->2652K(21248K)], 0.1663560 secs] [Times: user=0.14 sys=0.00, real=0.17 secs] 
2014-07-10T14:50:02.937+0200: 61.084: [GC [1 CMS-initial-mark: 174766K(174784K)] 217381K(253440K), 0.0004953 secs] [Times: user=0.00 sys=0.00, real=0.00 secs] 
2014-07-10T14:50:02.938+0200: 61.084: [CMS-concurrent-mark-start]
2014-07-10T14:50:02.962+0200: 61.108: [CMS-concurrent-mark: 0.024/0.024 secs] [Times: user=0.03 sys=0.00, real=0.02 secs] 
2014-07-10T14:50:02.962+0200: 61.108: [CMS-concurrent-preclean-start]
2014-07-10T14:50:02.980+0200: 61.127: [CMS-concurrent-preclean: 0.018/0.018 secs] [Times: user=0.01 sys=0.00, real=0.02 secs] 
2014-07-10T14:50:02.980+0200: 61.127: [CMS-concurrent-abortable-preclean-start]
2014-07-10T14:50:02.980+0200: 61.127: [CMS-concurrent-abortable-preclean: 0.000/0.000 secs] [Times: user=0.00 sys=0.00, real=0.00 secs] 
2014-07-10T14:50:02.980+0200: 61.127: [GC[YG occupancy: 67775 K (78656 K)]2014-07-10T14:50:02.981+0200: 61.127: [Rescan (parallel) , 0.0009877 secs]2014-07-10T14:50:02.982+0200: 61.128: [weak refs processing, 0.0001170 secs]2014-07-10T14:50:02.982+0200: 61.128: [scrub string table, 0.0001921 secs] [1 CMS-remark: 174766K(174784K)] 242542K(253440K), 0.0014056 secs] [Times: user=0.00 sys=0.00, real=0.00 secs] 
2014-07-10T14:50:02.982+0200: 61.128: [CMS-concurrent-sweep-start]
2014-07-10T14:50:02.988+0200: 61.134: [CMS-concurrent-sweep: 0.006/0.006 secs] [Times: user=0.02 sys=0.00, real=0.01 secs] 
2014-07-10T14:50:02.988+0200: 61.134: [CMS-concurrent-reset-start]
2014-07-10T14:50:02.989+0200: 61.135: [CMS-concurrent-reset: 0.001/0.001 secs] [Times: user=0.00 sys=0.00, real=0.00 secs] 
2014-07-10T14:50:03.001+0200: 61.147: [GC2014-07-10T14:50:03.001+0200: 61.147: [ParNew: 78620K->78620K(78656K), 0.0000466 secs]2014-07-10T14:50:03.001+0200: 61.147: [CMS: 174758K->174769K(174784K), 0.1680110 secs] 253379K->253169K(253440K), [CMS Perm : 2652K->2652K(21248K)], 0.1682339 secs] [Times: user=0.17 sys=0.00, real=0.17 secs] 
2014-07-10T14:50:03.169+0200: 61.316: [GC [1 CMS-initial-mark: 174769K(174784K)] 253210K(253440K), 0.0010383 secs] [Times: user=0.00 sys=0.00, real=0.00 secs] 
2014-07-10T14:50:03.170+0200: 61.317: [CMS-concurrent-mark-start]
2014-07-10T14:50:03.171+0200: 61.317: [Full GC2014-07-10T14:50:03.171+0200: 61.317: [CMS2014-07-10T14:50:03.192+0200: 61.339: [CMS-concurrent-mark: 0.022/0.022 secs] [Times: user=0.03 sys=0.00, real=0.02 secs] 
 (concurrent mode failure): 174769K->174768K(174784K), 0.1583478 secs] 253408K->253404K(253440K), [CMS Perm : 2652K->2652K(21248K)], 0.1584596 secs] [Times: user=0.16 sys=0.00, real=0.16 secs] 
2014-07-10T14:50:03.329+0200: 61.475: [Full GC2014-07-10T14:50:03.329+0200: 61.475: [CMS: 174768K->8751K(174784K), 0.0454946 secs] 253404K->8751K(253440K), [CMS Perm : 2652K->2652K(21248K)], 0.0455848 secs] [Times: user=0.05 sys=0.00, real=0.05 secs] 
2014-07-10T14:50:03.486+0200: 61.632: [GC2014-07-10T14:50:03.486+0200: 61.632: [ParNew: 69933K->8704K(78656K), 0.0449219 secs] 78685K->78585K(253440K), 0.0450715 secs] [Times: user=0.08 sys=0.00, real=0.04 secs] 
2014-07-10T14:50:03.531+0200: 61.678: [GC [1 CMS-initial-mark: 69881K(174784K)] 78626K(253440K), 0.0003586 secs] [Times: user=0.00 sys=0.00, real=0.00 secs] 
2014-07-10T14:50:03.532+0200: 61.678: [CMS-concurrent-mark-start]
2014-07-10T14:50:03.555+0200: 61.701: [CMS-concurrent-mark: 0.023/0.023 secs] [Times: user=0.03 sys=0.00, real=0.02 secs] 
2014-07-10T14:50:03.555+0200: 61.701: [CMS-concurrent-preclean-start]
2014-07-10T14:50:03.558+0200: 61.704: [CMS-concurrent-preclean: 0.002/0.003 secs] [Times: user=0.00 sys=0.00, real=0.00 secs] 
2014-07-10T14:50:03.558+0200: 61.704: [CMS-concurrent-abortable-preclean-start]
2014-07-10T14:50:03.645+0200: 61.792: [GC2014-07-10T14:50:03.645+0200: 61.792: [ParNew2014-07-10T14:50:03.679+0200: 61.825: [CMS-concurrent-abortable-preclean: 0.002/0.121 secs] [Times: user=0.06 sys=0.00, real=0.12 secs] 
: 78626K->8704K(78656K), 0.0508781 secs] 148507K->148346K(253440K), 0.0510251 secs] [Times: user=0.09 sys=0.00, real=0.05 secs] 
2014-07-10T14:50:03.697+0200: 61.843: [GC[YG occupancy: 9099 K (78656 K)]2014-07-10T14:50:03.697+0200: 61.843: [Rescan (parallel) , 0.0016953 secs]2014-07-10T14:50:03.699+0200: 61.845: [weak refs processing, 0.0003509 secs]2014-07-10T14:50:03.699+0200: 61.845: [scrub string table, 0.0001650 secs] [1 CMS-remark: 139642K(174784K)] 148742K(253440K), 0.0023039 secs] [Times: user=0.00 sys=0.00, real=0.00 secs] 
2014-07-10T14:50:03.699+0200: 61.846: [CMS-concurrent-sweep-start]
2014-07-10T14:50:03.705+0200: 61.852: [CMS-concurrent-sweep: 0.006/0.006 secs] [Times: user=0.02 sys=0.00, real=0.01 secs] 
2014-07-10T14:50:03.706+0200: 61.852: [CMS-concurrent-reset-start]
2014-07-10T14:50:03.707+0200: 61.853: [CMS-concurrent-reset: 0.001/0.001 secs] [Times: user=0.00 sys=0.00, real=0.00 secs] 
2014-07-10T14:50:03.817+0200: 61.963: [GC2014-07-10T14:50:03.817+0200: 61.963: [ParNew: 78632K->78632K(78656K), 0.0000462 secs]2014-07-10T14:50:03.817+0200: 61.963: [CMS: 139410K->174765K(174784K), 0.1692157 secs] 218043K->217299K(253440K), [CMS Perm : 2652K->2652K(21248K)], 0.1694144 secs] [Times: user=0.17 sys=0.00, real=0.17 secs] 
2014-07-10T14:50:03.986+0200: 62.133: [GC [1 CMS-initial-mark: 174765K(174784K)] 217340K(253440K), 0.0004854 secs] [Times: user=0.00 sys=0.00, real=0.00 secs] 
2014-07-10T14:50:03.987+0200: 62.133: [CMS-concurrent-mark-start]
2014-07-10T14:50:04.010+0200: 62.157: [CMS-concurrent-mark: 0.023/0.023 secs] [Times: user=0.02 sys=0.00, real=0.02 secs] 
2014-07-10T14:50:04.010+0200: 62.157: [CMS-concurrent-preclean-start]
2014-07-10T14:50:04.028+0200: 62.175: [CMS-concurrent-preclean: 0.018/0.018 secs] [Times: user=0.01 sys=0.00, real=0.02 secs] 
2014-07-10T14:50:04.028+0200: 62.175: [CMS-concurrent-abortable-preclean-start]
2014-07-10T14:50:04.028+0200: 62.175: [CMS-concurrent-abortable-preclean: 0.000/0.000 secs] [Times: user=0.00 sys=0.00, real=0.00 secs] 
2014-07-10T14:50:04.028+0200: 62.175: [GC[YG occupancy: 66713 K (78656 K)]2014-07-10T14:50:04.028+0200: 62.175: [Rescan (parallel) , 0.0008964 secs]2014-07-10T14:50:04.029+0200: 62.176: [weak refs processing, 0.0000301 secs]2014-07-10T14:50:04.029+0200: 62.176: [scrub string table, 0.0001580 secs] [1 CMS-remark: 174765K(174784K)] 241479K(253440K), 0.0011644 secs] [Times: user=0.00 sys=0.00, real=0.00 secs] 
2014-07-10T14:50:04.030+0200: 62.176: [CMS-concurrent-sweep-start]
2014-07-10T14:50:04.035+0200: 62.182: [CMS-concurrent-sweep: 0.006/0.006 secs] [Times: user=0.02 sys=0.00, real=0.01 secs] 
2014-07-10T14:50:04.035+0200: 62.182: [CMS-concurrent-reset-start]
2014-07-10T14:50:04.036+0200: 62.183: [CMS-concurrent-reset: 0.001/0.001 secs] [Times: user=0.00 sys=0.00, real=0.00 secs] 
2014-07-10T14:50:04.050+0200: 62.196: [GC2014-07-10T14:50:04.050+0200: 62.196: [ParNew: 78618K->78618K(78656K), 0.0000477 secs]2014-07-10T14:50:04.050+0200: 62.196: [CMS: 174757K->174768K(174784K), 0.1668920 secs] 253376K->253163K(253440K), [CMS Perm : 2652K->2652K(21248K)], 0.1671116 secs] [Times: user=0.16 sys=0.00, real=0.17 secs] 
2014-07-10T14:50:04.217+0200: 62.364: [GC [1 CMS-initial-mark: 174768K(174784K)] 253204K(253440K), 0.0008176 secs] [Times: user=0.00 sys=0.00, real=0.00 secs] 
2014-07-10T14:50:04.218+0200: 62.364: [CMS-concurrent-mark-start]
2014-07-10T14:50:04.218+0200: 62.365: [Full GC2014-07-10T14:50:04.218+0200: 62.365: [CMS2014-07-10T14:50:04.240+0200: 62.386: [CMS-concurrent-mark: 0.022/0.022 secs] [Times: user=0.03 sys=0.00, real=0.02 secs] 
 (concurrent mode failure): 174768K->174767K(174784K), 0.1453876 secs] 253402K->253398K(253440K), [CMS Perm : 2652K->2652K(21248K)], 0.1454957 secs] [Times: user=0.16 sys=0.00, real=0.15 secs] 
2014-07-10T14:50:04.364+0200: 62.510: [Full GC2014-07-10T14:50:04.364+0200: 62.510: [CMS: 174767K->8753K(174784K), 0.0456233 secs] 253398K->8753K(253440K), [CMS Perm : 2652K->2652K(21248K)], 0.0457241 secs] [Times: user=0.05 sys=0.00, real=0.04 secs] 
2014-07-10T14:50:04.523+0200: 62.669: [GC2014-07-10T14:50:04.523+0200: 62.669: [ParNew: 69915K->8704K(78656K), 0.0453234 secs] 78669K->78584K(253440K), 0.0454792 secs] [Times: user=0.09 sys=0.00, real=0.05 secs] 
2014-07-10T14:50:04.569+0200: 62.715: [GC [1 CMS-initial-mark: 69880K(174784K)] 78623K(253440K), 0.0003831 secs] [Times: user=0.00 sys=0.00, real=0.00 secs] 
2014-07-10T14:50:04.569+0200: 62.715: [CMS-concurrent-mark-start]
2014-07-10T14:50:04.593+0200: 62.740: [CMS-concurrent-mark: 0.024/0.024 secs] [Times: user=0.02 sys=0.00, real=0.02 secs] 
2014-07-10T14:50:04.593+0200: 62.740: [CMS-concurrent-preclean-start]
2014-07-10T14:50:04.596+0200: 62.742: [CMS-concurrent-preclean: 0.002/0.003 secs] [Times: user=0.00 sys=0.02, real=0.00 secs] 
2014-07-10T14:50:04.596+0200: 62.743: [CMS-concurrent-abortable-preclean-start]
2014-07-10T14:50:04.694+0200: 62.840: [GC2014-07-10T14:50:04.694+0200: 62.840: [ParNew2014-07-10T14:50:04.711+0200: 62.858: [CMS-concurrent-abortable-preclean: 0.001/0.115 secs] [Times: user=0.03 sys=0.00, real=0.12 secs] 
: 78636K->8704K(78656K), 0.0512147 secs] 148516K->148338K(253440K), 0.0513591 secs] [Times: user=0.09 sys=0.00, real=0.05 secs] 
2014-07-10T14:50:04.746+0200: 62.892: [GC[YG occupancy: 9963 K (78656 K)]2014-07-10T14:50:04.746+0200: 62.893: [Rescan (parallel) , 0.0016575 secs]2014-07-10T14:50:04.748+0200: 62.894: [weak refs processing, 0.0004000 secs]2014-07-10T14:50:04.748+0200: 62.895: [scrub string table, 0.0001547 secs] [1 CMS-remark: 139634K(174784K)] 149598K(253440K), 0.0023068 secs] [Times: user=0.00 sys=0.00, real=0.00 secs] 
2014-07-10T14:50:04.749+0200: 62.895: [CMS-concurrent-sweep-start]
2014-07-10T14:50:04.755+0200: 62.901: [CMS-concurrent-sweep: 0.006/0.006 secs] [Times: user=0.01 sys=0.00, real=0.01 secs] 
2014-07-10T14:50:04.755+0200: 62.901: [CMS-concurrent-reset-start]
2014-07-10T14:50:04.756+0200: 62.902: [CMS-concurrent-reset: 0.001/0.001 secs] [Times: user=0.00 sys=0.00, real=0.00 secs] 
2014-07-10T14:50:04.864+0200: 63.010: [GC2014-07-10T14:50:04.864+0200: 63.010: [ParNew: 78649K->78649K(78656K), 0.0000473 secs]2014-07-10T14:50:04.864+0200: 63.010: [CMS: 139402K->174779K(174784K), 0.1771465 secs] 218051K->217307K(253440K), [CMS Perm : 2652K->2652K(21248K)], 0.1773467 secs] [Times: user=0.16 sys=0.00, real=0.18 secs] 
2014-07-10T14:50:05.041+0200: 63.188: [GC [1 CMS-initial-mark: 174779K(174784K)] 217348K(253440K), 0.0005048 secs] [Times: user=0.00 sys=0.00, real=0.00 secs] 
2014-07-10T14:50:05.042+0200: 63.188: [CMS-concurrent-mark-start]
2014-07-10T14:50:05.066+0200: 63.212: [CMS-concurrent-mark: 0.024/0.024 secs] [Times: user=0.03 sys=0.00, real=0.02 secs] 
2014-07-10T14:50:05.066+0200: 63.212: [CMS-concurrent-preclean-start]
2014-07-10T14:50:05.084+0200: 63.231: [CMS-concurrent-preclean: 0.018/0.018 secs] [Times: user=0.02 sys=0.00, real=0.02 secs] 
2014-07-10T14:50:05.084+0200: 63.231: [CMS-concurrent-abortable-preclean-start]
2014-07-10T14:50:05.084+0200: 63.231: [CMS-concurrent-abortable-preclean: 0.000/0.000 secs] [Times: user=0.00 sys=0.00, real=0.00 secs] 
2014-07-10T14:50:05.084+0200: 63.231: [GC[YG occupancy: 67746 K (78656 K)]2014-07-10T14:50:05.084+0200: 63.231: [Rescan (parallel) , 0.0009884 secs]2014-07-10T14:50:05.085+0200: 63.232: [weak refs processing, 0.0001060 secs]2014-07-10T14:50:05.086+0200: 63.232: [scrub string table, 0.0001870 secs] [1 CMS-remark: 174779K(174784K)] 242526K(253440K), 0.0013800 secs] [Times: user=0.00 sys=0.00, real=0.00 secs] 
2014-07-10T14:50:05.086+0200: 63.232: [CMS-concurrent-sweep-start]
2014-07-10T14:50:05.091+0200: 63.238: [CMS-concurrent-sweep: 0.006/0.006 secs] [Times: user=0.00 sys=0.00, real=0.01 secs] 
2014-07-10T14:50:05.092+0200: 63.238: [CMS-concurrent-reset-start]
2014-07-10T14:50:05.092+0200: 63.239: [CMS-concurrent-reset: 0.001/0.001 secs] [Times: user=0.00 sys=0.00, real=0.00 secs] 
2014-07-10T14:50:05.104+0200: 63.250: [GC2014-07-10T14:50:05.104+0200: 63.250: [ParNew: 78627K->78627K(78656K), 0.0000488 secs]2014-07-10T14:50:05.104+0200: 63.250: [CMS: 174771K->174782K(174784K), 0.1722239 secs] 253399K->253189K(253440K), [CMS Perm : 2652K->2652K(21248K)], 0.1724812 secs] [Times: user=0.17 sys=0.00, real=0.17 secs] 
2014-07-10T14:50:05.277+0200: 63.423: [GC [1 CMS-initial-mark: 174782K(174784K)] 253230K(253440K), 0.0011981 secs] [Times: user=0.00 sys=0.00, real=0.00 secs] 
2014-07-10T14:50:05.278+0200: 63.424: [CMS-concurrent-mark-start]
2014-07-10T14:50:05.278+0200: 63.424: [Full GC2014-07-10T14:50:05.278+0200: 63.424: [CMS2014-07-10T14:50:05.300+0200: 63.447: [CMS-concurrent-mark: 0.022/0.022 secs] [Times: user=0.03 sys=0.00, real=0.02 secs] 
 (concurrent mode failure): 174782K->174782K(174784K), 0.1523971 secs] 253428K->253424K(253440K), [CMS Perm : 2652K->2652K(21248K)], 0.1525159 secs] [Times: user=0.16 sys=0.00, real=0.15 secs] 
2014-07-10T14:50:05.431+0200: 63.577: [Full GC2014-07-10T14:50:05.431+0200: 63.577: [CMS: 174782K->8756K(174784K), 0.0430638 secs] 253424K->8756K(253440K), [CMS Perm : 2652K->2652K(21248K)], 0.0431584 secs] [Times: user=0.05 sys=0.00, real=0.04 secs] 
2014-07-10T14:50:05.590+0200: 63.736: [GC2014-07-10T14:50:05.590+0200: 63.736: [ParNew: 69916K->8704K(78656K), 0.0445186 secs] 78672K->78570K(253440K), 0.0446642 secs] [Times: user=0.09 sys=0.00, real=0.04 secs] 
2014-07-10T14:50:05.640+0200: 63.786: [GC [1 CMS-initial-mark: 69866K(174784K)] 78772K(253440K), 0.0002904 secs] [Times: user=0.00 sys=0.00, real=0.00 secs] 
2014-07-10T14:50:05.640+0200: 63.787: [CMS-concurrent-mark-start]
2014-07-10T14:50:05.664+0200: 63.810: [CMS-concurrent-mark: 0.023/0.023 secs] [Times: user=0.02 sys=0.00, real=0.02 secs] 
2014-07-10T14:50:05.664+0200: 63.810: [CMS-concurrent-preclean-start]
2014-07-10T14:50:05.666+0200: 63.813: [CMS-concurrent-preclean: 0.002/0.003 secs] [Times: user=0.00 sys=0.00, real=0.00 secs] 
2014-07-10T14:50:05.667+0200: 63.813: [CMS-concurrent-abortable-preclean-start]
2014-07-10T14:50:05.758+0200: 63.904: [GC2014-07-10T14:50:05.758+0200: 63.904: [ParNew2014-07-10T14:50:05.792+0200: 63.939: [CMS-concurrent-abortable-preclean: 0.001/0.126 secs] [Times: user=0.06 sys=0.00, real=0.13 secs] 
: 78655K->8704K(78656K), 0.0520165 secs] 148522K->148362K(253440K), 0.0521690 secs] [Times: user=0.09 sys=0.00, real=0.05 secs] 
2014-07-10T14:50:05.810+0200: 63.957: [GC[YG occupancy: 8904 K (78656 K)]2014-07-10T14:50:05.810+0200: 63.957: [Rescan (parallel) , 0.0015035 secs]2014-07-10T14:50:05.812+0200: 63.958: [weak refs processing, 0.0004114 secs]2014-07-10T14:50:05.812+0200: 63.959: [scrub string table, 0.0001903 secs] [1 CMS-remark: 139658K(174784K)] 148562K(253440K), 0.0021976 secs] [Times: user=0.03 sys=0.00, real=0.00 secs] 
2014-07-10T14:50:05.813+0200: 63.959: [CMS-concurrent-sweep-start]
2014-07-10T14:50:05.819+0200: 63.965: [CMS-concurrent-sweep: 0.006/0.006 secs] [Times: user=0.00 sys=0.00, real=0.01 secs] 
2014-07-10T14:50:05.819+0200: 63.965: [CMS-concurrent-reset-start]
2014-07-10T14:50:05.820+0200: 63.966: [CMS-concurrent-reset: 0.001/0.001 secs] [Times: user=0.00 sys=0.00, real=0.00 secs] 
2014-07-10T14:50:05.932+0200: 64.079: [GC2014-07-10T14:50:05.932+0200: 64.079: [ParNew: 78623K->78623K(78656K), 0.0001738 secs]2014-07-10T14:50:05.933+0200: 64.079: [CMS: 139427K->174746K(174784K), 0.1818104 secs] 218051K->217306K(253440K), [CMS Perm : 2652K->2652K(21248K)], 0.1821645 secs] [Times: user=0.19 sys=0.00, real=0.18 secs] 
2014-07-10T14:50:06.115+0200: 64.261: [GC [1 CMS-initial-mark: 174746K(174784K)] 217347K(253440K), 0.0007186 secs] [Times: user=0.00 sys=0.00, real=0.00 secs] 
2014-07-10T14:50:06.115+0200: 64.262: [CMS-concurrent-mark-start]
2014-07-10T14:50:06.139+0200: 64.286: [CMS-concurrent-mark: 0.024/0.024 secs] [Times: user=0.03 sys=0.00, real=0.02 secs] 
2014-07-10T14:50:06.140+0200: 64.286: [CMS-concurrent-preclean-start]
2014-07-10T14:50:06.158+0200: 64.305: [CMS-concurrent-preclean: 0.018/0.018 secs] [Times: user=0.02 sys=0.00, real=0.02 secs] 
2014-07-10T14:50:06.158+0200: 64.305: [CMS-concurrent-abortable-preclean-start]
2014-07-10T14:50:06.158+0200: 64.305: [CMS-concurrent-abortable-preclean: 0.000/0.000 secs] [Times: user=0.00 sys=0.00, real=0.00 secs] 
2014-07-10T14:50:06.158+0200: 64.305: [GC[YG occupancy: 63647 K (78656 K)]2014-07-10T14:50:06.158+0200: 64.305: [Rescan (parallel) , 0.0009415 secs]2014-07-10T14:50:06.159+0200: 64.306: [weak refs processing, 0.0000297 secs]2014-07-10T14:50:06.159+0200: 64.306: [scrub string table, 0.0001485 secs] [1 CMS-remark: 174746K(174784K)] 238393K(253440K), 0.0011989 secs] [Times: user=0.00 sys=0.00, real=0.00 secs] 
2014-07-10T14:50:06.159+0200: 64.306: [CMS-concurrent-sweep-start]
2014-07-10T14:50:06.165+0200: 64.312: [CMS-concurrent-sweep: 0.006/0.006 secs] [Times: user=0.00 sys=0.00, real=0.01 secs] 
2014-07-10T14:50:06.165+0200: 64.312: [CMS-concurrent-reset-start]
2014-07-10T14:50:06.166+0200: 64.313: [CMS-concurrent-reset: 0.001/0.001 secs] [Times: user=0.00 sys=0.00, real=0.00 secs] 
2014-07-10T14:50:06.185+0200: 64.331: [GC2014-07-10T14:50:06.185+0200: 64.331: [ParNew: 78645K->78645K(78656K), 0.0000473 secs]2014-07-10T14:50:06.185+0200: 64.331: [CMS: 174740K->174749K(174784K), 0.1696868 secs] 253386K->253173K(253440K), [CMS Perm : 2652K->2652K(21248K)], 0.1699016 secs] [Times: user=0.14 sys=0.00, real=0.17 secs] 
2014-07-10T14:50:06.355+0200: 64.502: [GC [1 CMS-initial-mark: 174749K(174784K)] 253217K(253440K), 0.0012865 secs] [Times: user=0.02 sys=0.00, real=0.00 secs] 
2014-07-10T14:50:06.357+0200: 64.503: [CMS-concurrent-mark-start]
2014-07-10T14:50:06.357+0200: 64.503: [Full GC2014-07-10T14:50:06.357+0200: 64.503: [CMS2014-07-10T14:50:06.379+0200: 64.526: [CMS-concurrent-mark: 0.022/0.023 secs] [Times: user=0.02 sys=0.00, real=0.02 secs] 
 (concurrent mode failure): 174749K->174748K(174784K), 0.1628936 secs] 253373K->253369K(253440K), [CMS Perm : 2652K->2652K(21248K)], 0.1630007 secs] [Times: user=0.16 sys=0.00, real=0.16 secs] 
2014-07-10T14:50:06.520+0200: 64.666: [Full GC2014-07-10T14:50:06.520+0200: 64.666: [CMS: 174748K->8758K(174784K), 0.0423955 secs] 253369K->8758K(253440K), [CMS Perm : 2652K->2652K(21248K)], 0.0424820 secs] [Times: user=0.05 sys=0.00, real=0.04 secs] 
2014-07-10T14:50:06.685+0200: 64.831: [GC2014-07-10T14:50:06.685+0200: 64.831: [ParNew: 69945K->8704K(78656K), 0.0454572 secs] 78703K->78630K(253440K), 0.0455884 secs] [Times: user=0.06 sys=0.00, real=0.05 secs] 
2014-07-10T14:50:06.731+0200: 64.877: [GC [1 CMS-initial-mark: 69926K(174784K)] 78669K(253440K), 0.0002728 secs] [Times: user=0.00 sys=0.00, real=0.00 secs] 
2014-07-10T14:50:06.731+0200: 64.877: [CMS-concurrent-mark-start]
2014-07-10T14:50:06.756+0200: 64.902: [CMS-concurrent-mark: 0.025/0.025 secs] [Times: user=0.02 sys=0.00, real=0.03 secs] 
2014-07-10T14:50:06.756+0200: 64.902: [CMS-concurrent-preclean-start]
2014-07-10T14:50:06.759+0200: 64.906: [CMS-concurrent-preclean: 0.002/0.003 secs] [Times: user=0.00 sys=0.00, real=0.00 secs] 
2014-07-10T14:50:06.759+0200: 64.906: [CMS-concurrent-abortable-preclean-start]
2014-07-10T14:50:06.848+0200: 64.994: [GC2014-07-10T14:50:06.848+0200: 64.994: [ParNew2014-07-10T14:50:06.882+0200: 65.028: [CMS-concurrent-abortable-preclean: 0.001/0.123 secs] [Times: user=0.06 sys=0.00, real=0.12 secs] 
: 78633K->8704K(78656K), 0.0517789 secs] 148559K->148366K(253440K), 0.0519347 secs] [Times: user=0.09 sys=0.00, real=0.05 secs] 
2014-07-10T14:50:06.900+0200: 65.046: [GC[YG occupancy: 8825 K (78656 K)]2014-07-10T14:50:06.900+0200: 65.047: [Rescan (parallel) , 0.0018460 secs]2014-07-10T14:50:06.902+0200: 65.048: [weak refs processing, 0.0005107 secs]2014-07-10T14:50:06.902+0200: 65.049: [scrub string table, 0.0001925 secs] [1 CMS-remark: 139662K(174784K)] 148487K(253440K), 0.0026690 secs] [Times: user=0.02 sys=0.00, real=0.00 secs] 
2014-07-10T14:50:06.904+0200: 65.050: [CMS-concurrent-sweep-start]
2014-07-10T14:50:06.910+0200: 65.057: [CMS-concurrent-sweep: 0.006/0.006 secs] [Times: user=0.00 sys=0.00, real=0.01 secs] 
2014-07-10T14:50:06.910+0200: 65.057: [CMS-concurrent-reset-start]
2014-07-10T14:50:06.911+0200: 65.058: [CMS-concurrent-reset: 0.001/0.001 secs] [Times: user=0.00 sys=0.00, real=0.00 secs] 
2014-07-10T14:50:07.022+0200: 65.168: [GC2014-07-10T14:50:07.022+0200: 65.169: [ParNew: 78619K->78619K(78656K), 0.0000466 secs]2014-07-10T14:50:07.022+0200: 65.169: [CMS: 139430K->174780K(174784K), 0.1848897 secs] 218050K->217306K(253440K), [CMS Perm : 2652K->2652K(21248K)], 0.1850840 secs] [Times: user=0.19 sys=0.00, real=0.18 secs] 
2014-07-10T14:50:07.207+0200: 65.354: [GC [1 CMS-initial-mark: 174780K(174784K)] 217428K(253440K), 0.0005397 secs] [Times: user=0.00 sys=0.00, real=0.00 secs] 
2014-07-10T14:50:07.208+0200: 65.354: [CMS-concurrent-mark-start]
2014-07-10T14:50:07.232+0200: 65.379: [CMS-concurrent-mark: 0.025/0.025 secs] [Times: user=0.03 sys=0.00, real=0.02 secs] 
2014-07-10T14:50:07.233+0200: 65.379: [CMS-concurrent-preclean-start]
2014-07-10T14:50:07.251+0200: 65.398: [CMS-concurrent-preclean: 0.019/0.019 secs] [Times: user=0.02 sys=0.00, real=0.02 secs] 
2014-07-10T14:50:07.251+0200: 65.398: [CMS-concurrent-abortable-preclean-start]
2014-07-10T14:50:07.251+0200: 65.398: [CMS-concurrent-abortable-preclean: 0.000/0.000 secs] [Times: user=0.00 sys=0.00, real=0.00 secs] 
2014-07-10T14:50:07.251+0200: 65.398: [GC[YG occupancy: 68397 K (78656 K)]2014-07-10T14:50:07.252+0200: 65.398: [Rescan (parallel) , 0.0009243 secs]2014-07-10T14:50:07.252+0200: 65.399: [weak refs processing, 0.0000304 secs]2014-07-10T14:50:07.252+0200: 65.399: [scrub string table, 0.0001514 secs] [1 CMS-remark: 174780K(174784K)] 243177K(253440K), 0.0011904 secs] [Times: user=0.00 sys=0.00, real=0.00 secs] 
2014-07-10T14:50:07.253+0200: 65.399: [CMS-concurrent-sweep-start]
2014-07-10T14:50:07.258+0200: 65.405: [CMS-concurrent-sweep: 0.006/0.006 secs] [Times: user=0.00 sys=0.00, real=0.00 secs] 
2014-07-10T14:50:07.258+0200: 65.405: [CMS-concurrent-reset-start]
2014-07-10T14:50:07.259+0200: 65.406: [CMS-concurrent-reset: 0.001/0.001 secs] [Times: user=0.00 sys=0.00, real=0.00 secs] 
2014-07-10T14:50:07.271+0200: 65.417: [GC2014-07-10T14:50:07.271+0200: 65.417: [ParNew: 78652K->78652K(78656K), 0.0000462 secs]2014-07-10T14:50:07.271+0200: 65.417: [CMS: 174771K->174782K(174784K), 0.1859690 secs] 253423K->253214K(253440K), [CMS Perm : 2652K->2652K(21248K)], 0.1862466 secs] [Times: user=0.19 sys=0.00, real=0.19 secs] 
2014-07-10T14:50:07.457+0200: 65.604: [GC [1 CMS-initial-mark: 174782K(174784K)] 253255K(253440K), 0.0008630 secs] [Times: user=0.00 sys=0.00, real=0.00 secs] 
2014-07-10T14:50:07.458+0200: 65.605: [CMS-concurrent-mark-start]
2014-07-10T14:50:07.458+0200: 65.605: [Full GC2014-07-10T14:50:07.458+0200: 65.605: [CMS2014-07-10T14:50:07.480+0200: 65.627: [CMS-concurrent-mark: 0.022/0.022 secs] [Times: user=0.03 sys=0.00, real=0.02 secs] 
 (concurrent mode failure): 174782K->174781K(174784K), 0.1547420 secs] 253414K->253410K(253440K), [CMS Perm : 2652K->2652K(21248K)], 0.1548381 secs] [Times: user=0.16 sys=0.00, real=0.15 secs] 
2014-07-10T14:50:07.613+0200: 65.760: [Full GC2014-07-10T14:50:07.613+0200: 65.760: [CMS: 174781K->8760K(174784K), 0.0500283 secs] 253410K->8760K(253440K), [CMS Perm : 2652K->2652K(21248K)], 0.0502746 secs] [Times: user=0.05 sys=0.00, real=0.05 secs] 
2014-07-10T14:50:07.792+0200: 65.937: [GC2014-07-10T14:50:07.792+0200: 65.937: [ParNew: 69927K->8704K(78656K), 0.0453853 secs] 78688K->78588K(253440K), 0.0455316 secs] [Times: user=0.09 sys=0.00, real=0.04 secs] 
2014-07-10T14:50:07.838+0200: 65.984: [GC [1 CMS-initial-mark: 69884K(174784K)] 78826K(253440K), 0.0002907 secs] [Times: user=0.00 sys=0.00, real=0.00 secs] 
2014-07-10T14:50:07.838+0200: 65.984: [CMS-concurrent-mark-start]
2014-07-10T14:50:07.861+0200: 66.007: [CMS-concurrent-mark: 0.023/0.023 secs] [Times: user=0.03 sys=0.00, real=0.02 secs] 
2014-07-10T14:50:07.861+0200: 66.007: [CMS-concurrent-preclean-start]
2014-07-10T14:50:07.864+0200: 66.010: [CMS-concurrent-preclean: 0.002/0.003 secs] [Times: user=0.00 sys=0.00, real=0.00 secs] 
2014-07-10T14:50:07.864+0200: 66.010: [CMS-concurrent-abortable-preclean-start]
2014-07-10T14:50:07.954+0200: 66.099: [GC2014-07-10T14:50:07.954+0200: 66.099: [ParNew2014-07-10T14:50:07.991+0200: 66.137: [CMS-concurrent-abortable-preclean: 0.001/0.127 secs] [Times: user=0.06 sys=0.00, real=0.13 secs] 
: 78654K->8704K(78656K), 0.0509683 secs] 148538K->148367K(253440K), 0.0511138 secs] [Times: user=0.09 sys=0.00, real=0.05 secs] 
2014-07-10T14:50:08.006+0200: 66.152: [GC[YG occupancy: 10398 K (78656 K)]2014-07-10T14:50:08.006+0200: 66.152: [Rescan (parallel) , 0.0015923 secs]2014-07-10T14:50:08.008+0200: 66.153: [weak refs processing, 0.0004220 secs]2014-07-10T14:50:08.008+0200: 66.154: [scrub string table, 0.0001855 secs] [1 CMS-remark: 139663K(174784K)] 150062K(253440K), 0.0024531 secs] [Times: user=0.00 sys=0.00, real=0.00 secs] 
2014-07-10T14:50:08.010+0200: 66.155: [CMS-concurrent-sweep-start]
2014-07-10T14:50:08.016+0200: 66.162: [CMS-concurrent-sweep: 0.006/0.006 secs] [Times: user=0.02 sys=0.00, real=0.01 secs] 
2014-07-10T14:50:08.016+0200: 66.162: [CMS-concurrent-reset-start]
2014-07-10T14:50:08.017+0200: 66.163: [CMS-concurrent-reset: 0.001/0.001 secs] [Times: user=0.00 sys=0.00, real=0.00 secs] 
2014-07-10T14:50:08.128+0200: 66.273: [GC2014-07-10T14:50:08.128+0200: 66.273: [ParNew: 78627K->78627K(78656K), 0.0000469 secs]2014-07-10T14:50:08.128+0200: 66.273: [CMS: 139428K->174782K(174784K), 0.1841568 secs] 218056K->217317K(253440K), [CMS Perm : 2652K->2652K(21248K)], 0.1843548 secs] [Times: user=0.19 sys=0.00, real=0.18 secs] 
2014-07-10T14:50:08.312+0200: 66.458: [GC [1 CMS-initial-mark: 174782K(174784K)] 217438K(253440K), 0.0005811 secs] [Times: user=0.00 sys=0.00, real=0.00 secs] 
2014-07-10T14:50:08.313+0200: 66.459: [CMS-concurrent-mark-start]
2014-07-10T14:50:08.338+0200: 66.483: [CMS-concurrent-mark: 0.025/0.025 secs] [Times: user=0.00 sys=0.00, real=0.03 secs] 
2014-07-10T14:50:08.338+0200: 66.484: [CMS-concurrent-preclean-start]
2014-07-10T14:50:08.357+0200: 66.503: [CMS-concurrent-preclean: 0.019/0.019 secs] [Times: user=0.03 sys=0.00, real=0.02 secs] 
2014-07-10T14:50:08.357+0200: 66.503: [CMS-concurrent-abortable-preclean-start]
2014-07-10T14:50:08.357+0200: 66.503: [CMS-concurrent-abortable-preclean: 0.000/0.000 secs] [Times: user=0.00 sys=0.00, real=0.00 secs] 
2014-07-10T14:50:08.357+0200: 66.503: [GC[YG occupancy: 68164 K (78656 K)]2014-07-10T14:50:08.357+0200: 66.503: [Rescan (parallel) , 0.0010075 secs]2014-07-10T14:50:08.358+0200: 66.504: [weak refs processing, 0.0000612 secs]2014-07-10T14:50:08.358+0200: 66.504: [scrub string table, 0.0001859 secs] [1 CMS-remark: 174782K(174784K)] 242946K(253440K), 0.0013572 secs] [Times: user=0.00 sys=0.00, real=0.00 secs] 
2014-07-10T14:50:08.359+0200: 66.504: [CMS-concurrent-sweep-start]
2014-07-10T14:50:08.364+0200: 66.510: [CMS-concurrent-sweep: 0.005/0.005 secs] [Times: user=0.00 sys=0.00, real=0.01 secs] 
2014-07-10T14:50:08.364+0200: 66.510: [CMS-concurrent-reset-start]
2014-07-10T14:50:08.365+0200: 66.511: [CMS-concurrent-reset: 0.001/0.001 secs] [Times: user=0.00 sys=0.00, real=0.00 secs] 
2014-07-10T14:50:08.377+0200: 66.523: [GC2014-07-10T14:50:08.377+0200: 66.523: [ParNew: 78652K->78652K(78656K), 0.0000469 secs]2014-07-10T14:50:08.377+0200: 66.523: [CMS: 174770K->174745K(174784K), 0.1708893 secs] 253422K->253217K(253440K), [CMS Perm : 2652K->2652K(21248K)], 0.1711038 secs] [Times: user=0.17 sys=0.00, real=0.17 secs] 
2014-07-10T14:50:08.548+0200: 66.694: [GC [1 CMS-initial-mark: 174745K(174784K)] 253260K(253440K), 0.0009078 secs] [Times: user=0.00 sys=0.00, real=0.00 secs] 
2014-07-10T14:50:08.549+0200: 66.695: [CMS-concurrent-mark-start]
2014-07-10T14:50:08.549+0200: 66.695: [Full GC2014-07-10T14:50:08.549+0200: 66.695: [CMS2014-07-10T14:50:08.572+0200: 66.718: [CMS-concurrent-mark: 0.023/0.023 secs] [Times: user=0.02 sys=0.00, real=0.02 secs] 
 (concurrent mode failure): 174745K->174745K(174784K), 0.1576875 secs] 253380K->253374K(253440K), [CMS Perm : 2652K->2652K(21248K)], 0.1577744 secs] [Times: user=0.16 sys=0.00, real=0.16 secs] 
2014-07-10T14:50:08.707+0200: 66.853: [Full GC2014-07-10T14:50:08.707+0200: 66.853: [CMS: 174745K->8761K(174784K), 0.0435298 secs] 253374K->8761K(253440K), [CMS Perm : 2652K->2652K(21248K)], 0.0436219 secs] [Times: user=0.05 sys=0.00, real=0.04 secs] 
2014-07-10T14:50:08.863+0200: 67.008: [GC2014-07-10T14:50:08.863+0200: 67.009: [ParNew: 69944K->8704K(78656K), 0.0455353 secs] 78706K->78613K(253440K), 0.0456933 secs] [Times: user=0.08 sys=0.00, real=0.05 secs] 
2014-07-10T14:50:08.909+0200: 67.054: [GC [1 CMS-initial-mark: 69909K(174784K)] 78654K(253440K), 0.0002647 secs] [Times: user=0.00 sys=0.00, real=0.00 secs] 
2014-07-10T14:50:08.909+0200: 67.055: [CMS-concurrent-mark-start]
2014-07-10T14:50:08.932+0200: 67.078: [CMS-concurrent-mark: 0.023/0.023 secs] [Times: user=0.03 sys=0.00, real=0.02 secs] 
2014-07-10T14:50:08.932+0200: 67.078: [CMS-concurrent-preclean-start]
2014-07-10T14:50:08.936+0200: 67.082: [CMS-concurrent-preclean: 0.003/0.004 secs] [Times: user=0.00 sys=0.00, real=0.00 secs] 
2014-07-10T14:50:08.936+0200: 67.082: [CMS-concurrent-abortable-preclean-start]
2014-07-10T14:50:09.059+0200: 67.204: [GC2014-07-10T14:50:09.059+0200: 67.205: [ParNew: 78634K->8704K(78656K), 0.0541473 secs] 148544K->148347K(253440K), 0.0543383 secs] [Times: user=0.08 sys=0.00, real=0.05 secs] 
2014-07-10T14:50:09.233+0200: 67.378: [CMS-concurrent-abortable-preclean: 0.020/0.297 secs] [Times: user=0.08 sys=0.03, real=0.30 secs] 
2014-07-10T14:50:09.233+0200: 67.379: [GC[YG occupancy: 78520 K (78656 K)]2014-07-10T14:50:09.233+0200: 67.379: [Rescan (parallel) , 0.0114365 secs]2014-07-10T14:50:09.244+0200: 67.390: [weak refs processing, 0.0004894 secs]2014-07-10T14:50:09.245+0200: 67.391: [scrub string table, 0.0001811 secs] [1 CMS-remark: 139643K(174784K)] 218163K(253440K), 0.0122413 secs] [Times: user=0.00 sys=0.00, real=0.01 secs] 
2014-07-10T14:50:09.246+0200: 67.391: [GC2014-07-10T14:50:09.246+0200: 67.391: [ParNew: 78639K->78639K(78656K), 0.0000425 secs]2014-07-10T14:50:09.246+0200: 67.391: [CMS (concurrent mode failure): 139643K->174774K(174784K), 0.1856504 secs] 218283K->217338K(253440K), [CMS Perm : 2652K->2652K(21248K)], 0.1858000 secs] [Times: user=0.17 sys=0.00, real=0.18 secs] 
2014-07-10T14:50:09.493+0200: 67.639: [Full GC2014-07-10T14:50:09.493+0200: 67.639: [CMS: 174774K->174777K(174784K), 0.1767216 secs] 253424K->253205K(253440K), [CMS Perm : 2652K->2652K(21248K)], 0.1768642 secs] [Times: user=0.17 sys=0.00, real=0.18 secs] 
2014-07-10T14:50:09.670+0200: 67.816: [GC [1 CMS-initial-mark: 174777K(174784K)] 253249K(253440K), 0.0009408 secs] [Times: user=0.00 sys=0.00, real=0.00 secs] 
2014-07-10T14:50:09.671+0200: 67.817: [CMS-concurrent-mark-start]
2014-07-10T14:50:09.671+0200: 67.817: [Full GC2014-07-10T14:50:09.671+0200: 67.817: [CMS2014-07-10T14:50:09.693+0200: 67.839: [CMS-concurrent-mark: 0.022/0.022 secs] [Times: user=0.02 sys=0.00, real=0.02 secs] 
 (concurrent mode failure): 174777K->174776K(174784K), 0.1548330 secs] 253409K->253402K(253440K), [CMS Perm : 2652K->2652K(21248K)], 0.1549441 secs] [Times: user=0.14 sys=0.00, real=0.15 secs] 
2014-07-10T14:50:09.826+0200: 67.972: [Full GC2014-07-10T14:50:09.826+0200: 67.972: [CMS: 174776K->8763K(174784K), 0.0428629 secs] 253402K->8763K(253440K), [CMS Perm : 2652K->2652K(21248K)], 0.0429414 secs] [Times: user=0.05 sys=0.00, real=0.04 secs] 
2014-07-10T14:50:09.979+0200: 68.125: [GC2014-07-10T14:50:09.979+0200: 68.125: [ParNew: 69932K->8704K(78656K), 0.0450891 secs] 78695K->78622K(253440K), 0.0452280 secs] [Times: user=0.08 sys=0.00, real=0.04 secs] 
2014-07-10T14:50:10.025+0200: 68.171: [GC [1 CMS-initial-mark: 69918K(174784K)] 78978K(253440K), 0.0003105 secs] [Times: user=0.00 sys=0.00, real=0.00 secs] 
2014-07-10T14:50:10.025+0200: 68.171: [CMS-concurrent-mark-start]
2014-07-10T14:50:10.049+0200: 68.194: [CMS-concurrent-mark: 0.023/0.023 secs] [Times: user=0.02 sys=0.00, real=0.02 secs] 
2014-07-10T14:50:10.049+0200: 68.195: [CMS-concurrent-preclean-start]
2014-07-10T14:50:10.052+0200: 68.197: [CMS-concurrent-preclean: 0.002/0.003 secs] [Times: user=0.00 sys=0.00, real=0.00 secs] 
2014-07-10T14:50:10.052+0200: 68.197: [CMS-concurrent-abortable-preclean-start]
2014-07-10T14:50:10.145+0200: 68.291: [GC2014-07-10T14:50:10.145+0200: 68.291: [ParNew2014-07-10T14:50:10.195+0200: 68.341: [CMS-concurrent-abortable-preclean: 0.002/0.144 secs] [Times: user=0.13 sys=0.00, real=0.14 secs] 
: 78645K->8704K(78656K), 0.0507531 secs] 148563K->148354K(253440K), 0.0508660 secs] [Times: user=0.13 sys=0.00, real=0.05 secs] 
2014-07-10T14:50:10.196+0200: 68.342: [GC[YG occupancy: 9299 K (78656 K)]2014-07-10T14:50:10.196+0200: 68.342: [Rescan (parallel) , 0.0015468 secs]2014-07-10T14:50:10.198+0200: 68.344: [weak refs processing, 0.0003908 secs]2014-07-10T14:50:10.198+0200: 68.344: [scrub string table, 0.0001796 secs] [1 CMS-remark: 139650K(174784K)] 148949K(253440K), 0.0022020 secs] [Times: user=0.00 sys=0.00, real=0.00 secs] 
2014-07-10T14:50:10.199+0200: 68.344: [CMS-concurrent-sweep-start]
2014-07-10T14:50:10.204+0200: 68.350: [CMS-concurrent-sweep: 0.006/0.006 secs] [Times: user=0.00 sys=0.00, real=0.01 secs] 
2014-07-10T14:50:10.204+0200: 68.350: [CMS-concurrent-reset-start]
2014-07-10T14:50:10.206+0200: 68.352: [CMS-concurrent-reset: 0.001/0.001 secs] [Times: user=0.00 sys=0.00, real=0.00 secs] 
2014-07-10T14:50:10.323+0200: 68.468: [GC2014-07-10T14:50:10.323+0200: 68.469: [ParNew: 78622K->78622K(78656K), 0.0000455 secs]2014-07-10T14:50:10.323+0200: 68.469: [CMS: 139417K->174756K(174784K), 0.1806647 secs] 218040K->217317K(253440K), [CMS Perm : 2652K->2652K(21248K)], 0.1808421 secs] [Times: user=0.17 sys=0.00, real=0.18 secs] 
2014-07-10T14:50:10.504+0200: 68.649: [GC [1 CMS-initial-mark: 174756K(174784K)] 217358K(253440K), 0.0005188 secs] [Times: user=0.00 sys=0.00, real=0.00 secs] 
2014-07-10T14:50:10.504+0200: 68.650: [CMS-concurrent-mark-start]
2014-07-10T14:50:10.528+0200: 68.674: [CMS-concurrent-mark: 0.024/0.024 secs] [Times: user=0.03 sys=0.00, real=0.02 secs] 
2014-07-10T14:50:10.528+0200: 68.674: [CMS-concurrent-preclean-start]
2014-07-10T14:50:10.547+0200: 68.692: [CMS-concurrent-preclean: 0.018/0.018 secs] [Times: user=0.01 sys=0.00, real=0.02 secs] 
2014-07-10T14:50:10.547+0200: 68.692: [CMS-concurrent-abortable-preclean-start]
2014-07-10T14:50:10.547+0200: 68.692: [CMS-concurrent-abortable-preclean: 0.000/0.000 secs] [Times: user=0.00 sys=0.00, real=0.00 secs] 
2014-07-10T14:50:10.547+0200: 68.692: [GC[YG occupancy: 66549 K (78656 K)]2014-07-10T14:50:10.547+0200: 68.692: [Rescan (parallel) , 0.0009367 secs]2014-07-10T14:50:10.548+0200: 68.693: [weak refs processing, 0.0000304 secs]2014-07-10T14:50:10.548+0200: 68.693: [scrub string table, 0.0001503 secs] [1 CMS-remark: 174756K(174784K)] 241305K(253440K), 0.0011981 secs] [Times: user=0.00 sys=0.00, real=0.00 secs] 
2014-07-10T14:50:10.548+0200: 68.694: [CMS-concurrent-sweep-start]
2014-07-10T14:50:10.554+0200: 68.699: [CMS-concurrent-sweep: 0.005/0.005 secs] [Times: user=0.02 sys=0.00, real=0.01 secs] 
2014-07-10T14:50:10.554+0200: 68.699: [CMS-concurrent-reset-start]
2014-07-10T14:50:10.555+0200: 68.700: [CMS-concurrent-reset: 0.001/0.001 secs] [Times: user=0.00 sys=0.00, real=0.00 secs] 
2014-07-10T14:50:10.569+0200: 68.714: [GC2014-07-10T14:50:10.569+0200: 68.715: [ParNew: 78648K->78648K(78656K), 0.0000477 secs]2014-07-10T14:50:10.569+0200: 68.715: [CMS: 174746K->174758K(174784K), 0.1820216 secs] 253395K->253185K(253440K), [CMS Perm : 2652K->2652K(21248K)], 0.1822360 secs] [Times: user=0.17 sys=0.00, real=0.18 secs] 
2014-07-10T14:50:10.751+0200: 68.897: [GC [1 CMS-initial-mark: 174758K(174784K)] 253270K(253440K), 0.0008806 secs] [Times: user=0.00 sys=0.00, real=0.00 secs] 
2014-07-10T14:50:10.752+0200: 68.898: [CMS-concurrent-mark-start]
2014-07-10T14:50:10.752+0200: 68.898: [Full GC2014-07-10T14:50:10.752+0200: 68.898: [CMS2014-07-10T14:50:10.775+0200: 68.920: [CMS-concurrent-mark: 0.022/0.022 secs] [Times: user=0.03 sys=0.00, real=0.02 secs] 
 (concurrent mode failure): 174758K->174757K(174784K), 0.1585337 secs] 253389K->253382K(253440K), [CMS Perm : 2652K->2652K(21248K)], 0.1586448 secs] [Times: user=0.16 sys=0.00, real=0.16 secs] 
2014-07-10T14:50:10.911+0200: 69.057: [Full GC2014-07-10T14:50:10.911+0200: 69.057: [CMS: 174757K->8763K(174784K), 0.0431753 secs] 253382K->8763K(253440K), [CMS Perm : 2652K->2652K(21248K)], 0.0432615 secs] [Times: user=0.05 sys=0.00, real=0.04 secs] 
2014-07-10T14:50:11.073+0200: 69.219: [GC2014-07-10T14:50:11.073+0200: 69.219: [ParNew: 69951K->8704K(78656K), 0.0451283 secs] 78715K->78622K(253440K), 0.0453230 secs] [Times: user=0.09 sys=0.00, real=0.05 secs] 
2014-07-10T14:50:11.119+0200: 69.265: [GC [1 CMS-initial-mark: 69918K(174784K)] 78663K(253440K), 0.0003545 secs] [Times: user=0.00 sys=0.00, real=0.00 secs] 
2014-07-10T14:50:11.119+0200: 69.265: [CMS-concurrent-mark-start]
2014-07-10T14:50:11.144+0200: 69.290: [CMS-concurrent-mark: 0.024/0.024 secs] [Times: user=0.02 sys=0.00, real=0.03 secs] 
2014-07-10T14:50:11.144+0200: 69.290: [CMS-concurrent-preclean-start]
2014-07-10T14:50:11.147+0200: 69.293: [CMS-concurrent-preclean: 0.002/0.003 secs] [Times: user=0.02 sys=0.00, real=0.00 secs] 
2014-07-10T14:50:11.147+0200: 69.293: [CMS-concurrent-abortable-preclean-start]
2014-07-10T14:50:11.240+0200: 69.386: [GC2014-07-10T14:50:11.240+0200: 69.386: [ParNew2014-07-10T14:50:11.273+0200: 69.418: [CMS-concurrent-abortable-preclean: 0.002/0.126 secs] [Times: user=0.06 sys=0.00, real=0.13 secs] 
: 78627K->8704K(78656K), 0.0500272 secs] 148545K->148379K(253440K), 0.0501654 secs] [Times: user=0.09 sys=0.00, real=0.05 secs] 
2014-07-10T14:50:11.292+0200: 69.438: [GC[YG occupancy: 10082 K (78656 K)]2014-07-10T14:50:11.292+0200: 69.438: [Rescan (parallel) , 0.0017572 secs]2014-07-10T14:50:11.294+0200: 69.439: [weak refs processing, 0.0003663 secs]2014-07-10T14:50:11.294+0200: 69.440: [scrub string table, 0.0001892 secs] [1 CMS-remark: 139675K(174784K)] 149757K(253440K), 0.0024190 secs] [Times: user=0.00 sys=0.00, real=0.00 secs] 
2014-07-10T14:50:11.301+0200: 69.447: [CMS-concurrent-sweep-start]
2014-07-10T14:50:11.307+0200: 69.453: [CMS-concurrent-sweep: 0.006/0.006 secs] [Times: user=0.02 sys=0.00, real=0.01 secs] 
2014-07-10T14:50:11.307+0200: 69.453: [CMS-concurrent-reset-start]
2014-07-10T14:50:11.309+0200: 69.455: [CMS-concurrent-reset: 0.001/0.001 secs] [Times: user=0.00 sys=0.00, real=0.00 secs] 
2014-07-10T14:50:11.444+0200: 69.590: [GC2014-07-10T14:50:11.444+0200: 69.590: [ParNew: 78621K->78621K(78656K), 0.0000473 secs]2014-07-10T14:50:11.444+0200: 69.590: [CMS: 139440K->174776K(174784K), 0.1947354 secs] 218062K->217326K(253440K), [CMS Perm : 2652K->2652K(21248K)], 0.1949407 secs] [Times: user=0.17 sys=0.00, real=0.19 secs] 
2014-07-10T14:50:11.639+0200: 69.785: [GC [1 CMS-initial-mark: 174776K(174784K)] 217367K(253440K), 0.0005767 secs] [Times: user=0.00 sys=0.00, real=0.00 secs] 
2014-07-10T14:50:11.640+0200: 69.786: [CMS-concurrent-mark-start]
2014-07-10T14:50:11.666+0200: 69.812: [CMS-concurrent-mark: 0.026/0.026 secs] [Times: user=0.05 sys=0.00, real=0.03 secs] 
2014-07-10T14:50:11.666+0200: 69.812: [CMS-concurrent-preclean-start]
2014-07-10T14:50:11.686+0200: 69.832: [CMS-concurrent-preclean: 0.020/0.020 secs] [Times: user=0.01 sys=0.00, real=0.02 secs] 
2014-07-10T14:50:11.686+0200: 69.832: [CMS-concurrent-abortable-preclean-start]
2014-07-10T14:50:11.686+0200: 69.832: [CMS-concurrent-abortable-preclean: 0.000/0.000 secs] [Times: user=0.00 sys=0.00, real=0.00 secs] 
2014-07-10T14:50:11.687+0200: 69.833: [GC[YG occupancy: 55098 K (78656 K)]2014-07-10T14:50:11.687+0200: 69.833: [Rescan (parallel) , 0.0006841 secs]2014-07-10T14:50:11.688+0200: 69.834: [weak refs processing, 0.0000319 secs]2014-07-10T14:50:11.688+0200: 69.834: [scrub string table, 0.0002130 secs] [1 CMS-remark: 174776K(174784K)] 229875K(253440K), 0.0010192 secs] [Times: user=0.00 sys=0.00, real=0.00 secs] 
2014-07-10T14:50:11.689+0200: 69.835: [CMS-concurrent-sweep-start]
2014-07-10T14:50:11.695+0200: 69.841: [CMS-concurrent-sweep: 0.006/0.006 secs] [Times: user=0.02 sys=0.00, real=0.01 secs] 
2014-07-10T14:50:11.695+0200: 69.841: [CMS-concurrent-reset-start]
2014-07-10T14:50:11.696+0200: 69.842: [CMS-concurrent-reset: 0.001/0.001 secs] [Times: user=0.00 sys=0.00, real=0.00 secs] 
2014-07-10T14:50:11.732+0200: 69.878: [GC2014-07-10T14:50:11.732+0200: 69.878: [ParNew: 78655K->78655K(78656K), 0.0000557 secs]2014-07-10T14:50:11.732+0200: 69.878: [CMS: 174766K->174779K(174784K), 0.1725575 secs] 253422K->253214K(253440K), [CMS Perm : 2652K->2652K(21248K)], 0.1728149 secs] [Times: user=0.17 sys=0.00, real=0.17 secs] 
2014-07-10T14:50:11.905+0200: 70.051: [GC [1 CMS-initial-mark: 174779K(174784K)] 253257K(253440K), 0.0008212 secs] [Times: user=0.00 sys=0.00, real=0.00 secs] 
2014-07-10T14:50:11.906+0200: 70.052: [CMS-concurrent-mark-start]
2014-07-10T14:50:11.906+0200: 70.052: [Full GC2014-07-10T14:50:11.906+0200: 70.052: [CMS2014-07-10T14:50:11.928+0200: 70.074: [CMS-concurrent-mark: 0.022/0.022 secs] [Times: user=0.03 sys=0.00, real=0.02 secs] 
 (concurrent mode failure): 174779K->174778K(174784K), 0.1600244 secs] 253416K->253411K(253440K), [CMS Perm : 2652K->2652K(21248K)], 0.1601127 secs] [Times: user=0.16 sys=0.00, real=0.16 secs] 
2014-07-10T14:50:12.066+0200: 70.212: [Full GC2014-07-10T14:50:12.066+0200: 70.212: [CMS: 174778K->8764K(174784K), 0.0558041 secs] 253411K->8764K(253440K), [CMS Perm : 2652K->2652K(21248K)], 0.0558730 secs] [Times: user=0.05 sys=0.00, real=0.06 secs] 
2014-07-10T14:50:12.275+0200: 70.421: [GC2014-07-10T14:50:12.275+0200: 70.421: [ParNew: 69943K->8704K(78656K), 0.0577520 secs] 78708K->78611K(253440K), 0.0578532 secs] [Times: user=0.06 sys=0.00, real=0.06 secs] 
2014-07-10T14:50:12.377+0200: 70.523: [GC [1 CMS-initial-mark: 69907K(174784K)] 79870K(253440K), 0.0003765 secs] [Times: user=0.00 sys=0.00, real=0.00 secs] 
2014-07-10T14:50:12.377+0200: 70.523: [CMS-concurrent-mark-start]
2014-07-10T14:50:12.402+0200: 70.548: [CMS-concurrent-mark: 0.025/0.025 secs] [Times: user=0.03 sys=0.00, real=0.02 secs] 
2014-07-10T14:50:12.402+0200: 70.548: [CMS-concurrent-preclean-start]
2014-07-10T14:50:12.405+0200: 70.551: [CMS-concurrent-preclean: 0.002/0.003 secs] [Times: user=0.00 sys=0.00, real=0.00 secs] 
2014-07-10T14:50:12.405+0200: 70.551: [CMS-concurrent-abortable-preclean-start]
2014-07-10T14:50:12.514+0200: 70.660: [GC2014-07-10T14:50:12.514+0200: 70.660: [ParNew: 78640K->8704K(78656K), 0.0547156 secs] 148548K->148376K(253440K), 0.0551548 secs] [Times: user=0.09 sys=0.00, real=0.06 secs] 
2014-07-10T14:50:12.689+0200: 70.834: [CMS-concurrent-abortable-preclean: 0.018/0.283 secs] [Times: user=0.13 sys=0.00, real=0.28 secs] 
2014-07-10T14:50:12.689+0200: 70.835: [GC[YG occupancy: 62831 K (78656 K)]2014-07-10T14:50:12.689+0200: 70.835: [Rescan (parallel) , 0.0013759 secs]2014-07-10T14:50:12.690+0200: 70.836: [weak refs processing, 0.0002973 secs]2014-07-10T14:50:12.691+0200: 70.836: [scrub string table, 0.0001734 secs] [1 CMS-remark: 139672K(174784K)] 202503K(253440K), 0.0019351 secs] [Times: user=0.00 sys=0.01, real=0.00 secs] 
2014-07-10T14:50:12.691+0200: 70.837: [CMS-concurrent-sweep-start]
2014-07-10T14:50:12.697+0200: 70.843: [CMS-concurrent-sweep: 0.007/0.007 secs] [Times: user=0.00 sys=0.00, real=0.01 secs] 
2014-07-10T14:50:12.697+0200: 70.843: [CMS-concurrent-reset-start]
2014-07-10T14:50:12.699+0200: 70.845: [CMS-concurrent-reset: 0.002/0.002 secs] [Times: user=0.00 sys=0.00, real=0.00 secs] 
2014-07-10T14:50:12.724+0200: 70.870: [GC2014-07-10T14:50:12.724+0200: 70.870: [ParNew: 78631K->78631K(78656K), 0.0000480 secs]2014-07-10T14:50:12.724+0200: 70.870: [CMS: 139436K->174746K(174784K), 0.1807197 secs] 218068K->217348K(253440K), [CMS Perm : 2654K->2654K(21248K)], 0.1809045 secs] [Times: user=0.17 sys=0.00, real=0.18 secs] 
2014-07-10T14:50:12.905+0200: 71.051: [GC [1 CMS-initial-mark: 174746K(174784K)] 218452K(253440K), 0.0005228 secs] [Times: user=0.00 sys=0.00, real=0.00 secs] 
2014-07-10T14:50:12.906+0200: 71.052: [CMS-concurrent-mark-start]
2014-07-10T14:50:12.930+0200: 71.076: [CMS-concurrent-mark: 0.024/0.024 secs] [Times: user=0.03 sys=0.00, real=0.02 secs] 
2014-07-10T14:50:12.930+0200: 71.076: [CMS-concurrent-preclean-start]
2014-07-10T14:50:12.948+0200: 71.094: [CMS-concurrent-preclean: 0.018/0.018 secs] [Times: user=0.02 sys=0.00, real=0.02 secs] 
2014-07-10T14:50:12.948+0200: 71.094: [CMS-concurrent-abortable-preclean-start]
2014-07-10T14:50:12.948+0200: 71.094: [CMS-concurrent-abortable-preclean: 0.000/0.000 secs] [Times: user=0.00 sys=0.00, real=0.00 secs] 
2014-07-10T14:50:12.949+0200: 71.094: [GC[YG occupancy: 56453 K (78656 K)]2014-07-10T14:50:12.949+0200: 71.094: [Rescan (parallel) , 0.0008883 secs]2014-07-10T14:50:12.949+0200: 71.095: [weak refs processing, 0.0000429 secs]2014-07-10T14:50:12.950+0200: 71.095: [scrub string table, 0.0003512 secs] [1 CMS-remark: 174746K(174784K)] 231200K(253440K), 0.0013690 secs] [Times: user=0.00 sys=0.00, real=0.00 secs] 
2014-07-10T14:50:12.950+0200: 71.096: [CMS-concurrent-sweep-start]
2014-07-10T14:50:12.956+0200: 71.101: [CMS-concurrent-sweep: 0.006/0.006 secs] [Times: user=0.02 sys=0.00, real=0.01 secs] 
2014-07-10T14:50:12.956+0200: 71.102: [CMS-concurrent-reset-start]
2014-07-10T14:50:12.957+0200: 71.102: [CMS-concurrent-reset: 0.001/0.001 secs] [Times: user=0.00 sys=0.00, real=0.00 secs] 
2014-07-10T14:50:12.988+0200: 71.134: [GC2014-07-10T14:50:12.988+0200: 71.134: [ParNew: 78647K->78647K(78656K), 0.0000499 secs]2014-07-10T14:50:12.988+0200: 71.134: [CMS: 174742K->174750K(174784K), 0.1737769 secs] 253390K->253175K(253440K), [CMS Perm : 2654K->2654K(21248K)], 0.1739844 secs] [Times: user=0.17 sys=0.00, real=0.17 secs] 
2014-07-10T14:50:13.163+0200: 71.309: [GC [1 CMS-initial-mark: 174750K(174784K)] 253218K(253440K), 0.0008414 secs] [Times: user=0.00 sys=0.00, real=0.00 secs] 
2014-07-10T14:50:13.164+0200: 71.310: [CMS-concurrent-mark-start]
2014-07-10T14:50:13.164+0200: 71.310: [Full GC2014-07-10T14:50:13.164+0200: 71.310: [CMS2014-07-10T14:50:13.188+0200: 71.333: [CMS-concurrent-mark: 0.024/0.024 secs] [Times: user=0.02 sys=0.00, real=0.02 secs] 
 (concurrent mode failure): 174750K->174749K(174784K), 0.1653137 secs] 253379K->253372K(253440K), [CMS Perm : 2654K->2654K(21248K)], 0.1654193 secs] [Times: user=0.16 sys=0.00, real=0.16 secs] 
2014-07-10T14:50:13.329+0200: 71.475: [Full GC2014-07-10T14:50:13.329+0200: 71.475: [CMS: 174749K->8765K(174784K), 0.0427240 secs] 253372K->8765K(253440K), [CMS Perm : 2654K->2654K(21248K)], 0.0428116 secs] [Times: user=0.05 sys=0.00, real=0.04 secs] 
2014-07-10T14:50:13.482+0200: 71.628: [GC2014-07-10T14:50:13.482+0200: 71.628: [ParNew: 69941K->8704K(78656K), 0.0452112 secs] 78706K->78619K(253440K), 0.0454586 secs] [Times: user=0.09 sys=0.00, real=0.05 secs] 
2014-07-10T14:50:13.528+0200: 71.674: [GC [1 CMS-initial-mark: 69915K(174784K)] 79211K(253440K), 0.0003105 secs] [Times: user=0.00 sys=0.00, real=0.00 secs] 
2014-07-10T14:50:13.528+0200: 71.674: [CMS-concurrent-mark-start]
2014-07-10T14:50:13.551+0200: 71.697: [CMS-concurrent-mark: 0.023/0.023 secs] [Times: user=0.03 sys=0.00, real=0.02 secs] 
2014-07-10T14:50:13.551+0200: 71.697: [CMS-concurrent-preclean-start]
2014-07-10T14:50:13.554+0200: 71.700: [CMS-concurrent-preclean: 0.002/0.003 secs] [Times: user=0.00 sys=0.00, real=0.00 secs] 
2014-07-10T14:50:13.554+0200: 71.700: [CMS-concurrent-abortable-preclean-start]
2014-07-10T14:50:13.645+0200: 71.791: [GC2014-07-10T14:50:13.645+0200: 71.791: [ParNew2014-07-10T14:50:13.679+0200: 71.825: [CMS-concurrent-abortable-preclean: 0.002/0.124 secs] [Times: user=0.06 sys=0.00, real=0.13 secs] 
: 78638K->8704K(78656K), 0.0506288 secs] 148554K->148378K(253440K), 0.0507659 secs] [Times: user=0.09 sys=0.00, real=0.05 secs] 
2014-07-10T14:50:13.697+0200: 71.843: [GC[YG occupancy: 8786 K (78656 K)]2014-07-10T14:50:13.697+0200: 71.843: [Rescan (parallel) , 0.0017030 secs]2014-07-10T14:50:13.699+0200: 71.845: [weak refs processing, 0.0003556 secs]2014-07-10T14:50:13.699+0200: 71.845: [scrub string table, 0.0001866 secs] [1 CMS-remark: 139674K(174784K)] 148460K(253440K), 0.0023545 secs] [Times: user=0.00 sys=0.00, real=0.00 secs] 
2014-07-10T14:50:13.700+0200: 71.846: [CMS-concurrent-sweep-start]
2014-07-10T14:50:13.706+0200: 71.852: [CMS-concurrent-sweep: 0.006/0.006 secs] [Times: user=0.02 sys=0.00, real=0.01 secs] 
2014-07-10T14:50:13.706+0200: 71.852: [CMS-concurrent-reset-start]
2014-07-10T14:50:13.707+0200: 71.853: [CMS-concurrent-reset: 0.001/0.001 secs] [Times: user=0.00 sys=0.00, real=0.00 secs] 
2014-07-10T14:50:13.821+0200: 71.967: [GC2014-07-10T14:50:13.821+0200: 71.967: [ParNew: 78632K->78632K(78656K), 0.0000484 secs]2014-07-10T14:50:13.821+0200: 71.967: [CMS: 139440K->174752K(174784K), 0.1588549 secs] 218072K->217338K(253440K), [CMS Perm : 2654K->2654K(21248K)], 0.1590690 secs] [Times: user=0.14 sys=0.00, real=0.16 secs] 
2014-07-10T14:50:13.980+0200: 72.126: [GC [1 CMS-initial-mark: 174752K(174784K)] 217379K(253440K), 0.0005177 secs] [Times: user=0.00 sys=0.00, real=0.00 secs] 
2014-07-10T14:50:13.981+0200: 72.127: [CMS-concurrent-mark-start]
2014-07-10T14:50:14.005+0200: 72.151: [CMS-concurrent-mark: 0.024/0.024 secs] [Times: user=0.05 sys=0.00, real=0.02 secs] 
2014-07-10T14:50:14.005+0200: 72.151: [CMS-concurrent-preclean-start]
2014-07-10T14:50:14.023+0200: 72.169: [CMS-concurrent-preclean: 0.018/0.018 secs] [Times: user=0.02 sys=0.00, real=0.02 secs] 
2014-07-10T14:50:14.023+0200: 72.169: [CMS-concurrent-abortable-preclean-start]
2014-07-10T14:50:14.023+0200: 72.169: [CMS-concurrent-abortable-preclean: 0.000/0.000 secs] [Times: user=0.00 sys=0.00, real=0.00 secs] 
2014-07-10T14:50:14.023+0200: 72.169: [GC[YG occupancy: 67667 K (78656 K)]2014-07-10T14:50:14.023+0200: 72.169: [Rescan (parallel) , 0.0009822 secs]2014-07-10T14:50:14.024+0200: 72.170: [weak refs processing, 0.0000356 secs]2014-07-10T14:50:14.024+0200: 72.170: [scrub string table, 0.0001580 secs] [1 CMS-remark: 174752K(174784K)] 242420K(253440K), 0.0012616 secs] [Times: user=0.00 sys=0.00, real=0.00 secs] 
2014-07-10T14:50:14.025+0200: 72.171: [CMS-concurrent-sweep-start]
2014-07-10T14:50:14.030+0200: 72.176: [CMS-concurrent-sweep: 0.005/0.005 secs] [Times: user=0.00 sys=0.00, real=0.00 secs] 
2014-07-10T14:50:14.030+0200: 72.176: [CMS-concurrent-reset-start]
2014-07-10T14:50:14.031+0200: 72.177: [CMS-concurrent-reset: 0.001/0.001 secs] [Times: user=0.00 sys=0.00, real=0.00 secs] 
2014-07-10T14:50:14.044+0200: 72.190: [GC2014-07-10T14:50:14.044+0200: 72.190: [ParNew: 78628K->78628K(78656K), 0.0000466 secs]2014-07-10T14:50:14.044+0200: 72.190: [CMS: 174745K->174759K(174784K), 0.1673448 secs] 253373K->253166K(253440K), [CMS Perm : 2654K->2654K(21248K)], 0.1675677 secs] [Times: user=0.17 sys=0.00, real=0.17 secs] 
2014-07-10T14:50:14.212+0200: 72.357: [GC [1 CMS-initial-mark: 174759K(174784K)] 253207K(253440K), 0.0008227 secs] [Times: user=0.00 sys=0.00, real=0.00 secs] 
2014-07-10T14:50:14.212+0200: 72.358: [CMS-concurrent-mark-start]
2014-07-10T14:50:14.213+0200: 72.358: [Full GC2014-07-10T14:50:14.213+0200: 72.358: [CMS2014-07-10T14:50:14.234+0200: 72.380: [CMS-concurrent-mark: 0.022/0.022 secs] [Times: user=0.02 sys=0.00, real=0.02 secs] 
 (concurrent mode failure): 174759K->174758K(174784K), 0.1604398 secs] 253405K->253401K(253440K), [CMS Perm : 2654K->2654K(21248K)], 0.1605153 secs] [Times: user=0.16 sys=0.00, real=0.16 secs] 
2014-07-10T14:50:14.373+0200: 72.519: [Full GC2014-07-10T14:50:14.373+0200: 72.519: [CMS: 174758K->8764K(174784K), 0.0556149 secs] 253401K->8764K(253440K), [CMS Perm : 2654K->2654K(21248K)], 0.0556901 secs] [Times: user=0.03 sys=0.00, real=0.06 secs] 
2014-07-10T14:50:14.562+0200: 72.708: [GC2014-07-10T14:50:14.562+0200: 72.708: [ParNew: 69913K->8704K(78656K), 0.0454007 secs] 78678K->78580K(253440K), 0.0455096 secs] [Times: user=0.09 sys=0.00, real=0.05 secs] 
2014-07-10T14:50:14.613+0200: 72.759: [GC [1 CMS-initial-mark: 69876K(174784K)] 78821K(253440K), 0.0003509 secs] [Times: user=0.00 sys=0.00, real=0.00 secs] 
2014-07-10T14:50:14.614+0200: 72.759: [CMS-concurrent-mark-start]
2014-07-10T14:50:14.637+0200: 72.783: [CMS-concurrent-mark: 0.023/0.023 secs] [Times: user=0.02 sys=0.00, real=0.02 secs] 
2014-07-10T14:50:14.637+0200: 72.783: [CMS-concurrent-preclean-start]
2014-07-10T14:50:14.640+0200: 72.786: [CMS-concurrent-preclean: 0.002/0.003 secs] [Times: user=0.00 sys=0.00, real=0.00 secs] 
2014-07-10T14:50:14.640+0200: 72.786: [CMS-concurrent-abortable-preclean-start]
2014-07-10T14:50:14.735+0200: 72.881: [GC2014-07-10T14:50:14.735+0200: 72.881: [ParNew2014-07-10T14:50:14.772+0200: 72.918: [CMS-concurrent-abortable-preclean: 0.001/0.132 secs] [Times: user=0.06 sys=0.02, real=0.13 secs] 
: 78629K->8704K(78656K), 0.0532392 secs] 148505K->148326K(253440K), 0.0533737 secs] [Times: user=0.09 sys=0.00, real=0.05 secs] 
2014-07-10T14:50:14.789+0200: 72.935: [GC[YG occupancy: 9807 K (78656 K)]2014-07-10T14:50:14.789+0200: 72.935: [Rescan (parallel) , 0.0015310 secs]2014-07-10T14:50:14.790+0200: 72.936: [weak refs processing, 0.0004044 secs]2014-07-10T14:50:14.791+0200: 72.937: [scrub string table, 0.0002031 secs] [1 CMS-remark: 139622K(174784K)] 149430K(253440K), 0.0022302 secs] [Times: user=0.00 sys=0.00, real=0.00 secs] 
2014-07-10T14:50:14.791+0200: 72.937: [CMS-concurrent-sweep-start]
2014-07-10T14:50:14.797+0200: 72.943: [CMS-concurrent-sweep: 0.006/0.006 secs] [Times: user=0.02 sys=0.00, real=0.01 secs] 
2014-07-10T14:50:14.797+0200: 72.943: [CMS-concurrent-reset-start]
2014-07-10T14:50:14.798+0200: 72.944: [CMS-concurrent-reset: 0.001/0.001 secs] [Times: user=0.00 sys=0.00, real=0.00 secs] 
2014-07-10T14:50:14.909+0200: 73.055: [GC2014-07-10T14:50:14.909+0200: 73.055: [ParNew: 78649K->78649K(78656K), 0.0000462 secs]2014-07-10T14:50:14.909+0200: 73.055: [CMS: 139392K->174746K(174784K), 0.1867756 secs] 218042K->217300K(253440K), [CMS Perm : 2654K->2654K(21248K)], 0.1869725 secs] [Times: user=0.17 sys=0.00, real=0.19 secs] 
2014-07-10T14:50:15.096+0200: 73.242: [GC [1 CMS-initial-mark: 174746K(174784K)] 217341K(253440K), 0.0004836 secs] [Times: user=0.00 sys=0.00, real=0.00 secs] 
2014-07-10T14:50:15.096+0200: 73.242: [CMS-concurrent-mark-start]
2014-07-10T14:50:15.121+0200: 73.267: [CMS-concurrent-mark: 0.025/0.025 secs] [Times: user=0.01 sys=0.00, real=0.03 secs] 
2014-07-10T14:50:15.121+0200: 73.267: [CMS-concurrent-preclean-start]
2014-07-10T14:50:15.139+0200: 73.285: [CMS-concurrent-preclean: 0.018/0.018 secs] [Times: user=0.02 sys=0.00, real=0.02 secs] 
2014-07-10T14:50:15.139+0200: 73.285: [CMS-concurrent-abortable-preclean-start]
2014-07-10T14:50:15.139+0200: 73.285: [CMS-concurrent-abortable-preclean: 0.000/0.000 secs] [Times: user=0.00 sys=0.00, real=0.00 secs] 
2014-07-10T14:50:15.140+0200: 73.286: [GC[YG occupancy: 68658 K (78656 K)]2014-07-10T14:50:15.140+0200: 73.286: [Rescan (parallel) , 0.0009419 secs]2014-07-10T14:50:15.141+0200: 73.287: [weak refs processing, 0.0000326 secs]2014-07-10T14:50:15.141+0200: 73.287: [scrub string table, 0.0001489 secs] [1 CMS-remark: 174746K(174784K)] 243405K(253440K), 0.0012000 secs] [Times: user=0.00 sys=0.00, real=0.00 secs] 
2014-07-10T14:50:15.141+0200: 73.287: [CMS-concurrent-sweep-start]
2014-07-10T14:50:15.147+0200: 73.293: [CMS-concurrent-sweep: 0.006/0.006 secs] [Times: user=0.00 sys=0.00, real=0.01 secs] 
2014-07-10T14:50:15.147+0200: 73.293: [CMS-concurrent-reset-start]
2014-07-10T14:50:15.149+0200: 73.295: [CMS-concurrent-reset: 0.001/0.001 secs] [Times: user=0.00 sys=0.00, real=0.00 secs] 
2014-07-10T14:50:15.157+0200: 73.303: [GC2014-07-10T14:50:15.157+0200: 73.303: [ParNew: 78648K->78648K(78656K), 0.0000451 secs]2014-07-10T14:50:15.157+0200: 73.303: [CMS: 174736K->174749K(174784K), 0.1727863 secs] 253384K->253174K(253440K), [CMS Perm : 2654K->2654K(21248K)], 0.1729872 secs] [Times: user=0.16 sys=0.00, real=0.17 secs] 
2014-07-10T14:50:15.330+0200: 73.476: [Full GC2014-07-10T14:50:15.330+0200: 73.476: [CMS: 174749K->174748K(174784K), 0.1292605 secs] 253374K->253370K(253440K), [CMS Perm : 2654K->2654K(21248K)], 0.1293749 secs] [Times: user=0.09 sys=0.00, real=0.13 secs] 
2014-07-10T14:50:15.460+0200: 73.606: [Full GC2014-07-10T14:50:15.460+0200: 73.606: [CMS: 174748K->8765K(174784K), 0.0423508 secs] 253370K->8765K(253440K), [CMS Perm : 2654K->2654K(21248K)], 0.0424362 secs] [Times: user=0.05 sys=0.00, real=0.04 secs] 
2014-07-10T14:50:15.503+0200: 73.649: [GC [1 CMS-initial-mark: 8765K(174784K)] 8806K(253440K), 0.0001371 secs] [Times: user=0.00 sys=0.00, real=0.00 secs] 
2014-07-10T14:50:15.503+0200: 73.649: [CMS-concurrent-mark-start]
2014-07-10T14:50:15.527+0200: 73.673: [CMS-concurrent-mark: 0.024/0.024 secs] [Times: user=0.03 sys=0.00, real=0.02 secs] 
2014-07-10T14:50:15.528+0200: 73.674: [CMS-concurrent-preclean-start]
2014-07-10T14:50:15.532+0200: 73.678: [CMS-concurrent-preclean: 0.003/0.004 secs] [Times: user=0.00 sys=0.01, real=0.00 secs] 
2014-07-10T14:50:15.532+0200: 73.678: [CMS-concurrent-abortable-preclean-start]
2014-07-10T14:50:15.614+0200: 73.760: [GC2014-07-10T14:50:15.614+0200: 73.760: [ParNew2014-07-10T14:50:15.654+0200: 73.800: [CMS-concurrent-abortable-preclean: 0.001/0.122 secs] [Times: user=0.08 sys=0.00, real=0.12 secs] 
: 69932K->8704K(78656K), 0.0481394 secs] 78697K->78606K(253440K), 0.0482714 secs] [Times: user=0.09 sys=0.00, real=0.05 secs] 
2014-07-10T14:50:15.663+0200: 73.809: [GC[YG occupancy: 9374 K (78656 K)]2014-07-10T14:50:15.664+0200: 73.810: [Rescan (parallel) , 0.0019017 secs]2014-07-10T14:50:15.665+0200: 73.811: [weak refs processing, 0.0000337 secs]2014-07-10T14:50:15.665+0200: 73.812: [scrub string table, 0.0001939 secs] [1 CMS-remark: 69902K(174784K)] 79277K(253440K), 0.0022382 secs] [Times: user=0.00 sys=0.00, real=0.00 secs] 
2014-07-10T14:50:15.666+0200: 73.812: [CMS-concurrent-sweep-start]
2014-07-10T14:50:15.672+0200: 73.818: [CMS-concurrent-sweep: 0.005/0.005 secs] [Times: user=0.02 sys=0.00, real=0.01 secs] 
2014-07-10T14:50:15.672+0200: 73.818: [CMS-concurrent-reset-start]
2014-07-10T14:50:15.673+0200: 73.819: [CMS-concurrent-reset: 0.001/0.001 secs] [Times: user=0.00 sys=0.00, real=0.00 secs] 
2014-07-10T14:50:15.782+0200: 73.928: [GC2014-07-10T14:50:15.782+0200: 73.928: [ParNew: 78639K->8704K(78656K), 0.0519981 secs] 148531K->148376K(253440K), 0.0521624 secs] [Times: user=0.08 sys=0.00, real=0.05 secs] 
2014-07-10T14:50:15.835+0200: 73.981: [GC [1 CMS-initial-mark: 139672K(174784K)] 149320K(253440K), 0.0002889 secs] [Times: user=0.00 sys=0.00, real=0.00 secs] 
2014-07-10T14:50:15.835+0200: 73.981: [CMS-concurrent-mark-start]
2014-07-10T14:50:15.861+0200: 74.007: [CMS-concurrent-mark: 0.025/0.025 secs] [Times: user=0.03 sys=0.00, real=0.03 secs] 
2014-07-10T14:50:15.861+0200: 74.007: [CMS-concurrent-preclean-start]
2014-07-10T14:50:15.864+0200: 74.010: [CMS-concurrent-preclean: 0.002/0.003 secs] [Times: user=0.00 sys=0.00, real=0.00 secs] 
2014-07-10T14:50:15.864+0200: 74.010: [CMS-concurrent-abortable-preclean-start]
2014-07-10T14:50:15.953+0200: 74.099: [GC2014-07-10T14:50:15.953+0200: 74.099: [ParNew: 78624K->78624K(78656K), 0.0000480 secs]2014-07-10T14:50:15.953+0200: 74.099: [CMS2014-07-10T14:50:15.953+0200: 74.099: [CMS-concurrent-abortable-preclean: 0.001/0.089 secs] [Times: user=0.00 sys=0.00, real=0.09 secs] 
 (concurrent mode failure): 139672K->174747K(174784K), 0.1796865 secs] 218296K->217325K(253440K), [CMS Perm : 2654K->2654K(21248K)], 0.1799080 secs] [Times: user=0.17 sys=0.00, real=0.18 secs] 
2014-07-10T14:50:16.196+0200: 74.342: [Full GC2014-07-10T14:50:16.196+0200: 74.342: [CMS: 174747K->174750K(174784K), 0.1756397 secs] 253367K->253151K(253440K), [CMS Perm : 2654K->2654K(21248K)], 0.1757897 secs] [Times: user=0.17 sys=0.00, real=0.17 secs] 
2014-07-10T14:50:16.372+0200: 74.518: [GC [1 CMS-initial-mark: 174750K(174784K)] 253194K(253440K), 0.0008678 secs] [Times: user=0.02 sys=0.00, real=0.00 secs] 
2014-07-10T14:50:16.373+0200: 74.519: [CMS-concurrent-mark-start]
2014-07-10T14:50:16.373+0200: 74.519: [Full GC2014-07-10T14:50:16.373+0200: 74.519: [CMS2014-07-10T14:50:16.395+0200: 74.541: [CMS-concurrent-mark: 0.022/0.022 secs] [Times: user=0.01 sys=0.00, real=0.02 secs] 
 (concurrent mode failure): 174750K->174749K(174784K), 0.1512551 secs] 253391K->253386K(253440K), [CMS Perm : 2654K->2654K(21248K)], 0.1513343 secs] [Times: user=0.14 sys=0.00, real=0.15 secs] 
2014-07-10T14:50:16.524+0200: 74.671: [Full GC2014-07-10T14:50:16.524+0200: 74.671: [CMS: 174749K->8766K(174784K), 0.0452445 secs] 253386K->8766K(253440K), [CMS Perm : 2654K->2654K(21248K)], 0.0453318 secs] [Times: user=0.05 sys=0.00, real=0.05 secs] 
2014-07-10T14:50:16.681+0200: 74.827: [GC2014-07-10T14:50:16.681+0200: 74.827: [ParNew: 69938K->8704K(78656K), 0.0447214 secs] 78705K->78603K(253440K), 0.0448948 secs] [Times: user=0.09 sys=0.00, real=0.05 secs] 
2014-07-10T14:50:16.726+0200: 74.872: [GC [1 CMS-initial-mark: 69899K(174784K)] 78645K(253440K), 0.0003113 secs] [Times: user=0.00 sys=0.00, real=0.00 secs] 
2014-07-10T14:50:16.727+0200: 74.873: [CMS-concurrent-mark-start]
2014-07-10T14:50:16.752+0200: 74.898: [CMS-concurrent-mark: 0.025/0.025 secs] [Times: user=0.03 sys=0.00, real=0.03 secs] 
2014-07-10T14:50:16.752+0200: 74.898: [CMS-concurrent-preclean-start]
2014-07-10T14:50:16.755+0200: 74.901: [CMS-concurrent-preclean: 0.002/0.003 secs] [Times: user=0.00 sys=0.00, real=0.00 secs] 
2014-07-10T14:50:16.755+0200: 74.901: [CMS-concurrent-abortable-preclean-start]
2014-07-10T14:50:16.849+0200: 74.995: [GC2014-07-10T14:50:16.849+0200: 74.995: [ParNew2014-07-10T14:50:16.902+0200: 75.049: [CMS-concurrent-abortable-preclean: 0.001/0.147 secs] [Times: user=0.08 sys=0.00, real=0.15 secs] 
: 78655K->8704K(78656K), 0.0544076 secs] 148555K->148385K(253440K), 0.0545227 secs] [Times: user=0.08 sys=0.00, real=0.05 secs] 
2014-07-10T14:50:16.905+0200: 75.051: [GC[YG occupancy: 10477 K (78656 K)]2014-07-10T14:50:16.905+0200: 75.051: [Rescan (parallel) , 0.0018115 secs]2014-07-10T14:50:16.907+0200: 75.053: [weak refs processing, 0.0004520 secs]2014-07-10T14:50:16.907+0200: 75.053: [scrub string table, 0.0001921 secs] [1 CMS-remark: 139681K(174784K)] 150159K(253440K), 0.0026529 secs] [Times: user=0.00 sys=0.00, real=0.00 secs] 
2014-07-10T14:50:16.908+0200: 75.054: [CMS-concurrent-sweep-start]
2014-07-10T14:50:16.913+0200: 75.060: [CMS-concurrent-sweep: 0.006/0.006 secs] [Times: user=0.00 sys=0.00, real=0.01 secs] 
2014-07-10T14:50:16.913+0200: 75.060: [CMS-concurrent-reset-start]
2014-07-10T14:50:16.914+0200: 75.061: [CMS-concurrent-reset: 0.001/0.001 secs] [Times: user=0.00 sys=0.00, real=0.00 secs] 
2014-07-10T14:50:17.024+0200: 75.170: [GC2014-07-10T14:50:17.024+0200: 75.170: [ParNew: 78641K->78641K(78656K), 0.0000477 secs]2014-07-10T14:50:17.024+0200: 75.170: [CMS: 139448K->174783K(174784K), 0.1603232 secs] 218090K->217353K(253440K), [CMS Perm : 2654K->2654K(21248K)], 0.1605347 secs] [Times: user=0.17 sys=0.00, real=0.16 secs] 
2014-07-10T14:50:17.185+0200: 75.331: [GC [1 CMS-initial-mark: 174783K(174784K)] 217475K(253440K), 0.0005855 secs] [Times: user=0.00 sys=0.00, real=0.00 secs] 
2014-07-10T14:50:17.185+0200: 75.331: [CMS-concurrent-mark-start]
2014-07-10T14:50:17.208+0200: 75.355: [CMS-concurrent-mark: 0.023/0.023 secs] [Times: user=0.02 sys=0.00, real=0.02 secs] 
2014-07-10T14:50:17.209+0200: 75.355: [CMS-concurrent-preclean-start]
2014-07-10T14:50:17.226+0200: 75.372: [CMS-concurrent-preclean: 0.018/0.018 secs] [Times: user=0.02 sys=0.00, real=0.02 secs] 
2014-07-10T14:50:17.226+0200: 75.372: [CMS-concurrent-abortable-preclean-start]
2014-07-10T14:50:17.226+0200: 75.372: [CMS-concurrent-abortable-preclean: 0.000/0.000 secs] [Times: user=0.00 sys=0.00, real=0.00 secs] 
2014-07-10T14:50:17.226+0200: 75.372: [GC[YG occupancy: 59793 K (78656 K)]2014-07-10T14:50:17.226+0200: 75.372: [Rescan (parallel) , 0.0009019 secs]2014-07-10T14:50:17.227+0200: 75.373: [weak refs processing, 0.0000319 secs]2014-07-10T14:50:17.227+0200: 75.373: [scrub string table, 0.0001994 secs] [1 CMS-remark: 174783K(174784K)] 234577K(253440K), 0.0012139 secs] [Times: user=0.00 sys=0.00, real=0.00 secs] 
2014-07-10T14:50:17.228+0200: 75.374: [CMS-concurrent-sweep-start]
2014-07-10T14:50:17.233+0200: 75.379: [CMS-concurrent-sweep: 0.005/0.006 secs] [Times: user=0.02 sys=0.00, real=0.01 secs] 
2014-07-10T14:50:17.233+0200: 75.379: [CMS-concurrent-reset-start]
2014-07-10T14:50:17.234+0200: 75.380: [CMS-concurrent-reset: 0.001/0.001 secs] [Times: user=0.00 sys=0.00, real=0.00 secs] 
2014-07-10T14:50:17.261+0200: 75.407: [GC2014-07-10T14:50:17.261+0200: 75.407: [ParNew: 78642K->78642K(78656K), 0.0000532 secs]2014-07-10T14:50:17.261+0200: 75.407: [CMS: 174776K->174747K(174784K), 0.1710470 secs] 253418K->253204K(253440K), [CMS Perm : 2654K->2654K(21248K)], 0.1712959 secs] [Times: user=0.17 sys=0.00, real=0.17 secs] 
2014-07-10T14:50:17.432+0200: 75.579: [GC [1 CMS-initial-mark: 174747K(174784K)] 253328K(253440K), 0.0010698 secs] [Times: user=0.02 sys=0.00, real=0.00 secs] 
2014-07-10T14:50:17.434+0200: 75.580: [CMS-concurrent-mark-start]
2014-07-10T14:50:17.434+0200: 75.580: [Full GC2014-07-10T14:50:17.434+0200: 75.580: [CMS2014-07-10T14:50:17.456+0200: 75.602: [CMS-concurrent-mark: 0.022/0.023 secs] [Times: user=0.02 sys=0.00, real=0.02 secs] 
 (concurrent mode failure): 174747K->174746K(174784K), 0.1482293 secs] 253369K->253362K(253440K), [CMS Perm : 2654K->2654K(21248K)], 0.1483356 secs] [Times: user=0.14 sys=0.00, real=0.15 secs] 
2014-07-10T14:50:17.582+0200: 75.728: [Full GC2014-07-10T14:50:17.582+0200: 75.728: [CMS: 174746K->8805K(174784K), 0.0452819 secs] 253362K->8805K(253440K), [CMS Perm : 2654K->2654K(21248K)], 0.0453725 secs] [Times: user=0.05 sys=0.00, real=0.05 secs] 
2014-07-10T14:50:17.740+0200: 75.885: [GC2014-07-10T14:50:17.740+0200: 75.885: [ParNew: 69927K->8704K(78656K), 0.0475829 secs] 78733K->78640K(253440K), 0.0477372 secs] [Times: user=0.09 sys=0.00, real=0.05 secs] 
2014-07-10T14:50:17.788+0200: 75.933: [GC [1 CMS-initial-mark: 69936K(174784K)] 78681K(253440K), 0.0002548 secs] [Times: user=0.00 sys=0.00, real=0.00 secs] 
2014-07-10T14:50:17.788+0200: 75.933: [CMS-concurrent-mark-start]
2014-07-10T14:50:17.813+0200: 75.958: [CMS-concurrent-mark: 0.024/0.024 secs] [Times: user=0.03 sys=0.00, real=0.02 secs] 
2014-07-10T14:50:17.813+0200: 75.958: [CMS-concurrent-preclean-start]
2014-07-10T14:50:17.815+0200: 75.960: [CMS-concurrent-preclean: 0.002/0.002 secs] [Times: user=0.00 sys=0.00, real=0.00 secs] 
2014-07-10T14:50:17.815+0200: 75.960: [CMS-concurrent-abortable-preclean-start]
2014-07-10T14:50:17.922+0200: 76.067: [CMS-concurrent-abortable-preclean: 0.005/0.107 secs] [Times: user=0.00 sys=0.02, real=0.11 secs] 
2014-07-10T14:50:17.922+0200: 76.067: [GC[YG occupancy: 77956 K (78656 K)]2014-07-10T14:50:17.922+0200: 76.067: [Rescan (parallel) , 0.0010489 secs]2014-07-10T14:50:17.923+0200: 76.068: [weak refs processing, 0.0004242 secs]2014-07-10T14:50:17.923+0200: 76.069: [scrub string table, 0.0001877 secs] [1 CMS-remark: 69936K(174784K)] 147893K(253440K), 0.0017451 secs] [Times: user=0.00 sys=0.00, real=0.00 secs] 
2014-07-10T14:50:17.924+0200: 76.069: [CMS-concurrent-sweep-start]
2014-07-10T14:50:17.924+0200: 76.069: [GC2014-07-10T14:50:17.924+0200: 76.069: [ParNew: 78625K->8704K(78656K), 0.0502526 secs] 148562K->148393K(253440K), 0.0505360 secs] [Times: user=0.09 sys=0.00, real=0.05 secs] 
2014-07-10T14:50:17.981+0200: 76.126: [CMS-concurrent-sweep: 0.057/0.057 secs] [Times: user=0.11 sys=0.00, real=0.06 secs] 
2014-07-10T14:50:17.981+0200: 76.126: [CMS-concurrent-reset-start]
2014-07-10T14:50:17.983+0200: 76.128: [CMS-concurrent-reset: 0.001/0.001 secs] [Times: user=0.00 sys=0.00, real=0.00 secs] 
2014-07-10T14:50:18.096+0200: 76.241: [GC2014-07-10T14:50:18.096+0200: 76.241: [ParNew: 78649K->78649K(78656K), 0.0000469 secs]2014-07-10T14:50:18.096+0200: 76.241: [CMS: 139457K->174771K(174784K), 0.1632078 secs] 218107K->217368K(253440K), [CMS Perm : 2654K->2654K(21248K)], 0.1634138 secs] [Times: user=0.16 sys=0.00, real=0.16 secs] 
2014-07-10T14:50:18.259+0200: 76.405: [GC [1 CMS-initial-mark: 174771K(174784K)] 217409K(253440K), 0.0005650 secs] [Times: user=0.00 sys=0.00, real=0.00 secs] 
2014-07-10T14:50:18.260+0200: 76.405: [CMS-concurrent-mark-start]
2014-07-10T14:50:18.284+0200: 76.429: [CMS-concurrent-mark: 0.024/0.024 secs] [Times: user=0.05 sys=0.00, real=0.02 secs] 
2014-07-10T14:50:18.284+0200: 76.429: [CMS-concurrent-preclean-start]
2014-07-10T14:50:18.302+0200: 76.447: [CMS-concurrent-preclean: 0.018/0.018 secs] [Times: user=0.02 sys=0.00, real=0.02 secs] 
2014-07-10T14:50:18.302+0200: 76.447: [CMS-concurrent-abortable-preclean-start]
2014-07-10T14:50:18.302+0200: 76.447: [CMS-concurrent-abortable-preclean: 0.000/0.000 secs] [Times: user=0.00 sys=0.00, real=0.00 secs] 
2014-07-10T14:50:18.302+0200: 76.447: [GC[YG occupancy: 68807 K (78656 K)]2014-07-10T14:50:18.302+0200: 76.447: [Rescan (parallel) , 0.0009499 secs]2014-07-10T14:50:18.303+0200: 76.448: [weak refs processing, 0.0000308 secs]2014-07-10T14:50:18.303+0200: 76.448: [scrub string table, 0.0001503 secs] [1 CMS-remark: 174771K(174784K)] 243578K(253440K), 0.0012106 secs] [Times: user=0.00 sys=0.00, real=0.00 secs] 
2014-07-10T14:50:18.303+0200: 76.449: [CMS-concurrent-sweep-start]
2014-07-10T14:50:18.309+0200: 76.454: [CMS-concurrent-sweep: 0.005/0.005 secs] [Times: user=0.02 sys=0.00, real=0.01 secs] 
2014-07-10T14:50:18.309+0200: 76.454: [CMS-concurrent-reset-start]
2014-07-10T14:50:18.310+0200: 76.455: [CMS-concurrent-reset: 0.001/0.001 secs] [Times: user=0.00 sys=0.00, real=0.00 secs] 
2014-07-10T14:50:18.319+0200: 76.464: [GC2014-07-10T14:50:18.319+0200: 76.464: [ParNew: 78618K->78618K(78656K), 0.0000466 secs]2014-07-10T14:50:18.319+0200: 76.464: [CMS: 174761K->174774K(174784K), 0.1738843 secs] 253379K->253173K(253440K), [CMS Perm : 2654K->2654K(21248K)], 0.1740999 secs] [Times: user=0.17 sys=0.00, real=0.17 secs] 
2014-07-10T14:50:18.493+0200: 76.638: [GC [1 CMS-initial-mark: 174774K(174784K)] 253214K(253440K), 0.0009191 secs] [Times: user=0.00 sys=0.00, real=0.00 secs] 
2014-07-10T14:50:18.494+0200: 76.639: [CMS-concurrent-mark-start]
2014-07-10T14:50:18.495+0200: 76.640: [Full GC2014-07-10T14:50:18.495+0200: 76.640: [CMS2014-07-10T14:50:18.517+0200: 76.662: [CMS-concurrent-mark: 0.022/0.022 secs] [Times: user=0.02 sys=0.00, real=0.02 secs] 
 (concurrent mode failure): 174774K->174773K(174784K), 0.1532081 secs] 253414K->253408K(253440K), [CMS Perm : 2654K->2654K(21248K)], 0.1533349 secs] [Times: user=0.14 sys=0.00, real=0.15 secs] 
2014-07-10T14:50:18.648+0200: 76.793: [Full GC2014-07-10T14:50:18.648+0200: 76.793: [CMS: 174773K->8765K(174784K), 0.0442217 secs] 253408K->8765K(253440K), [CMS Perm : 2654K->2654K(21248K)], 0.0443056 secs] [Times: user=0.05 sys=0.00, real=0.04 secs] 
2014-07-10T14:50:18.804+0200: 76.949: [GC2014-07-10T14:50:18.804+0200: 76.949: [ParNew: 69949K->8704K(78656K), 0.0457853 secs] 78715K->78617K(253440K), 0.0459338 secs] [Times: user=0.08 sys=0.00, real=0.05 secs] 
2014-07-10T14:50:18.850+0200: 76.995: [GC [1 CMS-initial-mark: 69913K(174784K)] 78657K(253440K), 0.0002856 secs] [Times: user=0.00 sys=0.00, real=0.00 secs] 
2014-07-10T14:50:18.850+0200: 76.996: [CMS-concurrent-mark-start]
2014-07-10T14:50:18.875+0200: 77.020: [CMS-concurrent-mark: 0.024/0.024 secs] [Times: user=0.03 sys=0.00, real=0.03 secs] 
2014-07-10T14:50:18.875+0200: 77.020: [CMS-concurrent-preclean-start]
2014-07-10T14:50:18.875+0200: 77.021: [CMS-concurrent-preclean: 0.001/0.001 secs] [Times: user=0.00 sys=0.00, real=0.00 secs] 
2014-07-10T14:50:18.876+0200: 77.021: [GC[YG occupancy: 8743 K (78656 K)]2014-07-10T14:50:18.876+0200: 77.021: [Rescan (parallel) , 0.0004191 secs]2014-07-10T14:50:18.876+0200: 77.022: [weak refs processing, 0.0003912 secs]2014-07-10T14:50:18.877+0200: 77.022: [scrub string table, 0.0001419 secs] [1 CMS-remark: 69913K(174784K)] 78657K(253440K), 0.0012392 secs] [Times: user=0.00 sys=0.00, real=0.00 secs] 
2014-07-10T14:50:18.877+0200: 77.022: [CMS-concurrent-sweep-start]
2014-07-10T14:50:18.882+0200: 77.028: [CMS-concurrent-sweep: 0.005/0.005 secs] [Times: user=0.00 sys=0.00, real=0.01 secs] 
2014-07-10T14:50:18.883+0200: 77.028: [CMS-concurrent-reset-start]
2014-07-10T14:50:18.883+0200: 77.029: [CMS-concurrent-reset: 0.001/0.001 secs] [Times: user=0.00 sys=0.00, real=0.00 secs] 
2014-07-10T14:50:18.999+0200: 77.144: [GC2014-07-10T14:50:18.999+0200: 77.144: [ParNew: 78643K->8704K(78656K), 0.0515806 secs] 148334K->148170K(253440K), 0.0517239 secs] [Times: user=0.09 sys=0.00, real=0.05 secs] 
2014-07-10T14:50:19.051+0200: 77.196: [GC [1 CMS-initial-mark: 139466K(174784K)] 148211K(253440K), 0.0003219 secs] [Times: user=0.00 sys=0.00, real=0.00 secs] 
2014-07-10T14:50:19.051+0200: 77.197: [CMS-concurrent-mark-start]
2014-07-10T14:50:19.077+0200: 77.222: [CMS-concurrent-mark: 0.026/0.026 secs] [Times: user=0.05 sys=0.00, real=0.03 secs] 
2014-07-10T14:50:19.077+0200: 77.222: [CMS-concurrent-preclean-start]
2014-07-10T14:50:19.080+0200: 77.225: [CMS-concurrent-preclean: 0.002/0.002 secs] [Times: user=0.00 sys=0.00, real=0.00 secs] 
2014-07-10T14:50:19.080+0200: 77.225: [CMS-concurrent-abortable-preclean-start]
2014-07-10T14:50:19.181+0200: 77.326: [GC2014-07-10T14:50:19.181+0200: 77.326: [ParNew: 78645K->78645K(78656K), 0.0000480 secs]2014-07-10T14:50:19.181+0200: 77.326: [CMS2014-07-10T14:50:19.181+0200: 77.326: [CMS-concurrent-abortable-preclean: 0.002/0.101 secs] [Times: user=0.00 sys=0.00, real=0.10 secs] 
 (concurrent mode failure): 139466K->174759K(174784K), 0.1658820 secs] 218111K->217360K(253440K), [CMS Perm : 2654K->2654K(21248K)], 0.1660946 secs] [Times: user=0.16 sys=0.00, real=0.17 secs] 
2014-07-10T14:50:19.408+0200: 77.553: [Full GC2014-07-10T14:50:19.408+0200: 77.553: [CMS: 174759K->174762K(174784K), 0.1681928 secs] 253384K->253167K(253440K), [CMS Perm : 2654K->2654K(21248K)], 0.1683578 secs] [Times: user=0.16 sys=0.00, real=0.17 secs] 
2014-07-10T14:50:19.577+0200: 77.722: [GC [1 CMS-initial-mark: 174762K(174784K)] 253211K(253440K), 0.0009107 secs] [Times: user=0.00 sys=0.00, real=0.00 secs] 
2014-07-10T14:50:19.577+0200: 77.723: [CMS-concurrent-mark-start]
2014-07-10T14:50:19.578+0200: 77.723: [Full GC2014-07-10T14:50:19.578+0200: 77.723: [CMS2014-07-10T14:50:19.602+0200: 77.747: [CMS-concurrent-mark: 0.025/0.025 secs] [Times: user=0.02 sys=0.00, real=0.03 secs] 
 (concurrent mode failure): 174762K->174761K(174784K), 0.1596805 secs] 253408K->253402K(253440K), [CMS Perm : 2654K->2654K(21248K)], 0.1597795 secs] [Times: user=0.16 sys=0.00, real=0.16 secs] 
2014-07-10T14:50:19.737+0200: 77.883: [Full GC2014-07-10T14:50:19.737+0200: 77.883: [CMS: 174761K->8766K(174784K), 0.0472353 secs] 253402K->8766K(253440K), [CMS Perm : 2654K->2654K(21248K)], 0.0473314 secs] [Times: user=0.03 sys=0.00, real=0.05 secs] 
2014-07-10T14:50:19.898+0200: 78.043: [GC2014-07-10T14:50:19.898+0200: 78.043: [ParNew: 69947K->8704K(78656K), 0.0452515 secs] 78713K->78618K(253440K), 0.0453949 secs] [Times: user=0.09 sys=0.00, real=0.05 secs] 
2014-07-10T14:50:19.944+0200: 78.090: [GC [1 CMS-initial-mark: 69914K(174784K)] 78818K(253440K), 0.0002742 secs] [Times: user=0.00 sys=0.00, real=0.00 secs] 
2014-07-10T14:50:19.945+0200: 78.090: [CMS-concurrent-mark-start]
2014-07-10T14:50:19.970+0200: 78.115: [CMS-concurrent-mark: 0.025/0.025 secs] [Times: user=0.03 sys=0.00, real=0.03 secs] 
2014-07-10T14:50:19.970+0200: 78.115: [CMS-concurrent-preclean-start]
2014-07-10T14:50:19.971+0200: 78.116: [CMS-concurrent-preclean: 0.001/0.001 secs] [Times: user=0.00 sys=0.00, real=0.00 secs] 
2014-07-10T14:50:19.972+0200: 78.117: [GC[YG occupancy: 10789 K (78656 K)]2014-07-10T14:50:19.972+0200: 78.117: [Rescan (parallel) , 0.0004345 secs]2014-07-10T14:50:19.972+0200: 78.117: [weak refs processing, 0.0003479 secs]2014-07-10T14:50:19.972+0200: 78.118: [scrub string table, 0.0001771 secs] [1 CMS-remark: 69914K(174784K)] 80704K(253440K), 0.0010504 secs] [Times: user=0.00 sys=0.00, real=0.00 secs] 
2014-07-10T14:50:19.973+0200: 78.119: [CMS-concurrent-sweep-start]
2014-07-10T14:50:19.979+0200: 78.124: [CMS-concurrent-sweep: 0.005/0.005 secs] [Times: user=0.02 sys=0.00, real=0.01 secs] 
2014-07-10T14:50:19.979+0200: 78.124: [CMS-concurrent-reset-start]
2014-07-10T14:50:19.980+0200: 78.125: [CMS-concurrent-reset: 0.001/0.001 secs] [Times: user=0.00 sys=0.00, real=0.00 secs] 
2014-07-10T14:50:20.091+0200: 78.236: [GC2014-07-10T14:50:20.091+0200: 78.236: [ParNew: 78628K->8704K(78656K), 0.0509892 secs] 148315K->148136K(253440K), 0.0511230 secs] [Times: user=0.09 sys=0.00, real=0.05 secs] 
2014-07-10T14:50:20.142+0200: 78.288: [GC [1 CMS-initial-mark: 139432K(174784K)] 148177K(253440K), 0.0003417 secs] [Times: user=0.00 sys=0.00, real=0.00 secs] 
2014-07-10T14:50:20.143+0200: 78.288: [CMS-concurrent-mark-start]
2014-07-10T14:50:20.167+0200: 78.312: [CMS-concurrent-mark: 0.024/0.024 secs] [Times: user=0.03 sys=0.00, real=0.02 secs] 
2014-07-10T14:50:20.167+0200: 78.312: [CMS-concurrent-preclean-start]
2014-07-10T14:50:20.169+0200: 78.314: [CMS-concurrent-preclean: 0.001/0.002 secs] [Times: user=0.00 sys=0.00, real=0.00 secs] 
2014-07-10T14:50:20.169+0200: 78.314: [CMS-concurrent-abortable-preclean-start]
2014-07-10T14:50:20.270+0200: 78.415: [CMS-concurrent-abortable-preclean: 0.002/0.101 secs] [Times: user=0.00 sys=0.00, real=0.10 secs] 
2014-07-10T14:50:20.270+0200: 78.415: [GC[YG occupancy: 71830 K (78656 K)]2014-07-10T14:50:20.270+0200: 78.415: [Rescan (parallel) , 0.0017294 secs]2014-07-10T14:50:20.272+0200: 78.417: [weak refs processing, 0.0000341 secs]2014-07-10T14:50:20.272+0200: 78.417: [scrub string table, 0.0002266 secs] [1 CMS-remark: 139432K(174784K)] 211262K(253440K), 0.0020850 secs] [Times: user=0.00 sys=0.00, real=0.00 secs] 
2014-07-10T14:50:20.272+0200: 78.417: [CMS-concurrent-sweep-start]
2014-07-10T14:50:20.278+0200: 78.423: [CMS-concurrent-sweep: 0.006/0.006 secs] [Times: user=0.02 sys=0.00, real=0.01 secs] 
2014-07-10T14:50:20.278+0200: 78.424: [CMS-concurrent-reset-start]
2014-07-10T14:50:20.279+0200: 78.424: [CMS-concurrent-reset: 0.001/0.001 secs] [Times: user=0.00 sys=0.00, real=0.00 secs] 
2014-07-10T14:50:20.284+0200: 78.429: [GC2014-07-10T14:50:20.284+0200: 78.429: [ParNew: 78632K->78632K(78656K), 0.0000528 secs]2014-07-10T14:50:20.284+0200: 78.429: [CMS: 139208K->174745K(174784K), 0.1585846 secs] 217841K->217321K(253440K), [CMS Perm : 2654K->2654K(21248K)], 0.1587837 secs] [Times: user=0.16 sys=0.00, real=0.16 secs] 
2014-07-10T14:50:20.443+0200: 78.588: [GC [1 CMS-initial-mark: 174745K(174784K)] 217404K(253440K), 0.0005921 secs] [Times: user=0.00 sys=0.00, real=0.00 secs] 
2014-07-10T14:50:20.443+0200: 78.589: [CMS-concurrent-mark-start]
2014-07-10T14:50:20.467+0200: 78.613: [CMS-concurrent-mark: 0.024/0.024 secs] [Times: user=0.03 sys=0.00, real=0.02 secs] 
2014-07-10T14:50:20.467+0200: 78.613: [CMS-concurrent-preclean-start]
2014-07-10T14:50:20.486+0200: 78.631: [CMS-concurrent-preclean: 0.019/0.019 secs] [Times: user=0.02 sys=0.00, real=0.02 secs] 
2014-07-10T14:50:20.486+0200: 78.631: [CMS-concurrent-abortable-preclean-start]
2014-07-10T14:50:20.486+0200: 78.631: [CMS-concurrent-abortable-preclean: 0.000/0.000 secs] [Times: user=0.00 sys=0.00, real=0.00 secs] 
2014-07-10T14:50:20.486+0200: 78.632: [GC[YG occupancy: 68326 K (78656 K)]2014-07-10T14:50:20.486+0200: 78.632: [Rescan (parallel) , 0.0009771 secs]2014-07-10T14:50:20.487+0200: 78.633: [weak refs processing, 0.0000304 secs]2014-07-10T14:50:20.487+0200: 78.633: [scrub string table, 0.0001489 secs] [1 CMS-remark: 174745K(174784K)] 243071K(253440K), 0.0012359 secs] [Times: user=0.00 sys=0.00, real=0.00 secs] 
2014-07-10T14:50:20.488+0200: 78.633: [CMS-concurrent-sweep-start]
2014-07-10T14:50:20.494+0200: 78.639: [CMS-concurrent-sweep: 0.006/0.006 secs] [Times: user=0.01 sys=0.00, real=0.01 secs] 
2014-07-10T14:50:20.494+0200: 78.639: [CMS-concurrent-reset-start]
2014-07-10T14:50:20.496+0200: 78.641: [CMS-concurrent-reset: 0.002/0.002 secs] [Times: user=0.00 sys=0.00, real=0.00 secs] 
2014-07-10T14:50:20.512+0200: 78.657: [GC2014-07-10T14:50:20.512+0200: 78.657: [ParNew: 78628K->78628K(78656K), 0.0000495 secs]2014-07-10T14:50:20.512+0200: 78.657: [CMS: 174736K->174749K(174784K), 0.1698269 secs] 253365K->253159K(253440K), [CMS Perm : 2654K->2654K(21248K)], 0.1700659 secs] [Times: user=0.17 sys=0.00, real=0.17 secs] 
2014-07-10T14:50:20.682+0200: 78.828: [GC [1 CMS-initial-mark: 174749K(174784K)] 253200K(253440K), 0.0011365 secs] [Times: user=0.00 sys=0.00, real=0.00 secs] 
2014-07-10T14:50:20.684+0200: 78.829: [CMS-concurrent-mark-start]
2014-07-10T14:50:20.684+0200: 78.829: [Full GC2014-07-10T14:50:20.684+0200: 78.829: [CMS2014-07-10T14:50:20.706+0200: 78.851: [CMS-concurrent-mark: 0.022/0.022 secs] [Times: user=0.02 sys=0.00, real=0.02 secs] 
 (concurrent mode failure): 174749K->174749K(174784K), 0.1483503 secs] 253398K->253394K(253440K), [CMS Perm : 2654K->2654K(21248K)], 0.1484599 secs] [Times: user=0.14 sys=0.00, real=0.15 secs] 
2014-07-10T14:50:20.832+0200: 78.977: [Full GC2014-07-10T14:50:20.832+0200: 78.978: [CMS: 174749K->8766K(174784K), 0.0426334 secs] 253394K->8766K(253440K), [CMS Perm : 2654K->2654K(21248K)], 0.0427181 secs] [Times: user=0.05 sys=0.00, real=0.04 secs] 
2014-07-10T14:50:20.987+0200: 79.132: [GC2014-07-10T14:50:20.987+0200: 79.132: [ParNew: 69924K->8704K(78656K), 0.0451800 secs] 78691K->78600K(253440K), 0.0453182 secs] [Times: user=0.08 sys=0.00, real=0.05 secs] 
2014-07-10T14:50:21.033+0200: 79.178: [GC [1 CMS-initial-mark: 69896K(174784K)] 78956K(253440K), 0.0002614 secs] [Times: user=0.00 sys=0.00, real=0.00 secs] 
2014-07-10T14:50:21.033+0200: 79.178: [CMS-concurrent-mark-start]
2014-07-10T14:50:21.058+0200: 79.203: [CMS-concurrent-mark: 0.025/0.025 secs] [Times: user=0.03 sys=0.00, real=0.03 secs] 
2014-07-10T14:50:21.058+0200: 79.204: [CMS-concurrent-preclean-start]
2014-07-10T14:50:21.059+0200: 79.205: [CMS-concurrent-preclean: 0.001/0.001 secs] [Times: user=0.00 sys=0.00, real=0.00 secs] 
2014-07-10T14:50:21.060+0200: 79.205: [GC[YG occupancy: 10318 K (78656 K)]2014-07-10T14:50:21.060+0200: 79.205: [Rescan (parallel) , 0.0003857 secs]2014-07-10T14:50:21.060+0200: 79.205: [weak refs processing, 0.0002632 secs]2014-07-10T14:50:21.060+0200: 79.206: [scrub string table, 0.0001419 secs] [1 CMS-remark: 69896K(174784K)] 80215K(253440K), 0.0008722 secs] [Times: user=0.00 sys=0.00, real=0.00 secs] 
2014-07-10T14:50:21.062+0200: 79.207: [CMS-concurrent-sweep-start]
2014-07-10T14:50:21.067+0200: 79.212: [CMS-concurrent-sweep: 0.005/0.005 secs] [Times: user=0.00 sys=0.00, real=0.00 secs] 
2014-07-10T14:50:21.067+0200: 79.212: [CMS-concurrent-reset-start]
2014-07-10T14:50:21.068+0200: 79.213: [CMS-concurrent-reset: 0.001/0.001 secs] [Times: user=0.00 sys=0.00, real=0.00 secs] 
2014-07-10T14:50:21.178+0200: 79.323: [GC2014-07-10T14:50:21.178+0200: 79.323: [ParNew: 78625K->8704K(78656K), 0.0512271 secs] 148294K->148119K(253440K), 0.0513822 secs] [Times: user=0.09 sys=0.00, real=0.05 secs] 
2014-07-10T14:50:21.230+0200: 79.376: [GC [1 CMS-initial-mark: 139415K(174784K)] 148160K(253440K), 0.0002442 secs] [Times: user=0.00 sys=0.00, real=0.00 secs] 
2014-07-10T14:50:21.231+0200: 79.376: [CMS-concurrent-mark-start]
2014-07-10T14:50:21.256+0200: 79.401: [CMS-concurrent-mark: 0.025/0.025 secs] [Times: user=0.03 sys=0.00, real=0.03 secs] 
2014-07-10T14:50:21.256+0200: 79.401: [CMS-concurrent-preclean-start]
2014-07-10T14:50:21.259+0200: 79.404: [CMS-concurrent-preclean: 0.002/0.003 secs] [Times: user=0.00 sys=0.00, real=0.00 secs] 
2014-07-10T14:50:21.259+0200: 79.404: [CMS-concurrent-abortable-preclean-start]
2014-07-10T14:50:21.357+0200: 79.502: [GC2014-07-10T14:50:21.357+0200: 79.502: [ParNew: 78654K->78654K(78656K), 0.0000484 secs]2014-07-10T14:50:21.357+0200: 79.503: [CMS2014-07-10T14:50:21.357+0200: 79.503: [CMS-concurrent-abortable-preclean: 0.001/0.099 secs] [Times: user=0.00 sys=0.00, real=0.10 secs] 
 (concurrent mode failure): 139415K->174753K(174784K), 0.1606062 secs] 218070K->217325K(253440K), [CMS Perm : 2654K->2654K(21248K)], 0.1608317 secs] [Times: user=0.16 sys=0.00, real=0.16 secs] 
2014-07-10T14:50:21.580+0200: 79.725: [Full GC2014-07-10T14:50:21.580+0200: 79.725: [CMS: 174753K->174757K(174784K), 0.1721212 secs] 253399K->253180K(253440K), [CMS Perm : 2654K->2654K(21248K)], 0.1723093 secs] [Times: user=0.16 sys=0.00, real=0.17 secs] 
2014-07-10T14:50:21.753+0200: 79.898: [GC [1 CMS-initial-mark: 174757K(174784K)] 253224K(253440K), 0.0008293 secs] [Times: user=0.00 sys=0.00, real=0.00 secs] 
2014-07-10T14:50:21.753+0200: 79.899: [CMS-concurrent-mark-start]
2014-07-10T14:50:21.754+0200: 79.899: [Full GC2014-07-10T14:50:21.754+0200: 79.899: [CMS2014-07-10T14:50:21.776+0200: 79.921: [CMS-concurrent-mark: 0.022/0.023 secs] [Times: user=0.03 sys=0.00, real=0.02 secs] 
 (concurrent mode failure): 174757K->174756K(174784K), 0.1490110 secs] 253377K->253371K(253440K), [CMS Perm : 2654K->2654K(21248K)], 0.1491151 secs] [Times: user=0.16 sys=0.00, real=0.15 secs] 
2014-07-10T14:50:21.903+0200: 80.048: [Full GC2014-07-10T14:50:21.903+0200: 80.048: [CMS: 174756K->8768K(174784K), 0.0428252 secs] 253371K->8768K(253440K), [CMS Perm : 2654K->2654K(21248K)], 0.0429113 secs] [Times: user=0.05 sys=0.00, real=0.04 secs] 
2014-07-10T14:50:22.057+0200: 80.202: [GC2014-07-10T14:50:22.057+0200: 80.202: [ParNew: 69942K->8704K(78656K), 0.0451389 secs] 78710K->78616K(253440K), 0.0452746 secs] [Times: user=0.08 sys=0.00, real=0.05 secs] 
2014-07-10T14:50:22.102+0200: 80.248: [GC [1 CMS-initial-mark: 69912K(174784K)] 78655K(253440K), 0.0002724 secs] [Times: user=0.00 sys=0.00, real=0.00 secs] 
2014-07-10T14:50:22.103+0200: 80.248: [CMS-concurrent-mark-start]
2014-07-10T14:50:22.126+0200: 80.272: [CMS-concurrent-mark: 0.023/0.023 secs] [Times: user=0.02 sys=0.00, real=0.02 secs] 
2014-07-10T14:50:22.126+0200: 80.272: [CMS-concurrent-preclean-start]
2014-07-10T14:50:22.127+0200: 80.272: [CMS-concurrent-preclean: 0.001/0.001 secs] [Times: user=0.00 sys=0.00, real=0.00 secs] 
2014-07-10T14:50:22.128+0200: 80.274: [GC[YG occupancy: 9296 K (78656 K)]2014-07-10T14:50:22.129+0200: 80.274: [Rescan (parallel) , 0.0004326 secs]2014-07-10T14:50:22.129+0200: 80.274: [weak refs processing, 0.0003384 secs]2014-07-10T14:50:22.129+0200: 80.275: [scrub string table, 0.0001771 secs] [1 CMS-remark: 69912K(174784K)] 79208K(253440K), 0.0010577 secs] [Times: user=0.01 sys=0.00, real=0.00 secs] 
2014-07-10T14:50:22.133+0200: 80.278: [CMS-concurrent-sweep-start]
2014-07-10T14:50:22.140+0200: 80.285: [CMS-concurrent-sweep: 0.007/0.007 secs] [Times: user=0.00 sys=0.00, real=0.01 secs] 
2014-07-10T14:50:22.140+0200: 80.285: [CMS-concurrent-reset-start]
2014-07-10T14:50:22.141+0200: 80.286: [CMS-concurrent-reset: 0.001/0.001 secs] [Times: user=0.00 sys=0.00, real=0.00 secs] 
2014-07-10T14:50:22.258+0200: 80.403: [GC2014-07-10T14:50:22.258+0200: 80.403: [ParNew: 78619K->8704K(78656K), 0.0508576 secs] 148307K->148134K(253440K), 0.0509954 secs] [Times: user=0.09 sys=0.00, real=0.05 secs] 
2014-07-10T14:50:22.310+0200: 80.455: [GC [1 CMS-initial-mark: 139430K(174784K)] 148766K(253440K), 0.0003564 secs] [Times: user=0.00 sys=0.00, real=0.00 secs] 
2014-07-10T14:50:22.310+0200: 80.455: [CMS-concurrent-mark-start]
2014-07-10T14:50:22.335+0200: 80.480: [CMS-concurrent-mark: 0.025/0.025 secs] [Times: user=0.03 sys=0.00, real=0.03 secs] 
2014-07-10T14:50:22.335+0200: 80.480: [CMS-concurrent-preclean-start]
2014-07-10T14:50:22.337+0200: 80.482: [CMS-concurrent-preclean: 0.001/0.002 secs] [Times: user=0.00 sys=0.00, real=0.00 secs] 
2014-07-10T14:50:22.337+0200: 80.482: [CMS-concurrent-abortable-preclean-start]
2014-07-10T14:50:22.438+0200: 80.583: [CMS-concurrent-abortable-preclean: 0.001/0.101 secs] [Times: user=0.00 sys=0.00, real=0.10 secs] 
2014-07-10T14:50:22.440+0200: 80.585: [GC[YG occupancy: 76303 K (78656 K)]2014-07-10T14:50:22.440+0200: 80.585: [Rescan (parallel) , 0.0016352 secs]2014-07-10T14:50:22.441+0200: 80.587: [weak refs processing, 0.0000348 secs]2014-07-10T14:50:22.441+0200: 80.587: [scrub string table, 0.0002321 secs] [1 CMS-remark: 139430K(174784K)] 215734K(253440K), 0.0020282 secs] [Times: user=0.02 sys=0.00, real=0.00 secs] 
2014-07-10T14:50:22.443+0200: 80.588: [CMS-concurrent-sweep-start]
2014-07-10T14:50:22.449+0200: 80.594: [CMS-concurrent-sweep: 0.006/0.006 secs] [Times: user=0.00 sys=0.00, real=0.01 secs] 
2014-07-10T14:50:22.449+0200: 80.595: [CMS-concurrent-reset-start]
2014-07-10T14:50:22.451+0200: 80.596: [CMS-concurrent-reset: 0.001/0.001 secs] [Times: user=0.00 sys=0.00, real=0.00 secs] 
2014-07-10T14:50:22.454+0200: 80.600: [GC2014-07-10T14:50:22.454+0200: 80.600: [ParNew: 78623K->78623K(78656K), 0.0000495 secs]2014-07-10T14:50:22.454+0200: 80.600: [CMS: 139201K->174764K(174784K), 0.1642666 secs] 217824K->217308K(253440K), [CMS Perm : 2654K->2654K(21248K)], 0.1645233 secs] [Times: user=0.17 sys=0.00, real=0.16 secs] 
2014-07-10T14:50:22.619+0200: 80.764: [GC [1 CMS-initial-mark: 174764K(174784K)] 217430K(253440K), 0.0005932 secs] [Times: user=0.00 sys=0.00, real=0.00 secs] 
2014-07-10T14:50:22.620+0200: 80.765: [CMS-concurrent-mark-start]
2014-07-10T14:50:22.644+0200: 80.790: [CMS-concurrent-mark: 0.025/0.025 secs] [Times: user=0.03 sys=0.00, real=0.02 secs] 
2014-07-10T14:50:22.644+0200: 80.790: [CMS-concurrent-preclean-start]
2014-07-10T14:50:22.663+0200: 80.808: [CMS-concurrent-preclean: 0.018/0.018 secs] [Times: user=0.02 sys=0.00, real=0.02 secs] 
2014-07-10T14:50:22.663+0200: 80.808: [CMS-concurrent-abortable-preclean-start]
2014-07-10T14:50:22.663+0200: 80.808: [CMS-concurrent-abortable-preclean: 0.000/0.000 secs] [Times: user=0.00 sys=0.00, real=0.00 secs] 
2014-07-10T14:50:22.663+0200: 80.808: [GC[YG occupancy: 68002 K (78656 K)]2014-07-10T14:50:22.663+0200: 80.808: [Rescan (parallel) , 0.0009760 secs]2014-07-10T14:50:22.664+0200: 80.809: [weak refs processing, 0.0000315 secs]2014-07-10T14:50:22.664+0200: 80.810: [scrub string table, 0.0001481 secs] [1 CMS-remark: 174764K(174784K)] 242766K(253440K), 0.0012348 secs] [Times: user=0.00 sys=0.00, real=0.00 secs] 
2014-07-10T14:50:22.664+0200: 80.810: [CMS-concurrent-sweep-start]
2014-07-10T14:50:22.670+0200: 80.815: [CMS-concurrent-sweep: 0.006/0.006 secs] [Times: user=0.00 sys=0.00, real=0.01 secs] 
2014-07-10T14:50:22.670+0200: 80.815: [CMS-concurrent-reset-start]
2014-07-10T14:50:22.671+0200: 80.816: [CMS-concurrent-reset: 0.001/0.001 secs] [Times: user=0.00 sys=0.00, real=0.00 secs] 
2014-07-10T14:50:22.682+0200: 80.827: [GC2014-07-10T14:50:22.682+0200: 80.827: [ParNew: 78651K->78651K(78656K), 0.0000557 secs]2014-07-10T14:50:22.682+0200: 80.827: [CMS: 174754K->174766K(174784K), 0.2111778 secs] 253405K->253194K(253440K), [CMS Perm : 2654K->2654K(21248K)], 0.2114106 secs] [Times: user=0.14 sys=0.00, real=0.21 secs] 
2014-07-10T14:50:22.896+0200: 81.041: [Full GC2014-07-10T14:50:22.896+0200: 81.041: [CMS: 174766K->174766K(174784K), 0.1338645 secs] 253393K->253389K(253440K), [CMS Perm : 2654K->2654K(21248K)], 0.1339896 secs] [Times: user=0.12 sys=0.00, real=0.13 secs] 
2014-07-10T14:50:23.030+0200: 81.175: [Full GC2014-07-10T14:50:23.030+0200: 81.175: [CMS: 174766K->8767K(174784K), 0.0457981 secs] 253389K->8767K(253440K), [CMS Perm : 2654K->2654K(21248K)], 0.0458887 secs] [Times: user=0.05 sys=0.00, real=0.05 secs] 
2014-07-10T14:50:23.076+0200: 81.221: [GC [1 CMS-initial-mark: 8767K(174784K)] 8889K(253440K), 0.0001368 secs] [Times: user=0.00 sys=0.00, real=0.00 secs] 
2014-07-10T14:50:23.076+0200: 81.222: [CMS-concurrent-mark-start]
2014-07-10T14:50:23.101+0200: 81.246: [CMS-concurrent-mark: 0.024/0.024 secs] [Times: user=0.03 sys=0.00, real=0.03 secs] 
2014-07-10T14:50:23.101+0200: 81.246: [CMS-concurrent-preclean-start]
2014-07-10T14:50:23.112+0200: 81.257: [CMS-concurrent-preclean: 0.007/0.011 secs] [Times: user=0.02 sys=0.00, real=0.01 secs] 
2014-07-10T14:50:23.112+0200: 81.257: [CMS-concurrent-abortable-preclean-start]
2014-07-10T14:50:23.188+0200: 81.333: [GC2014-07-10T14:50:23.188+0200: 81.333: [ParNew2014-07-10T14:50:23.243+0200: 81.388: [CMS-concurrent-abortable-preclean: 0.002/0.131 secs] [Times: user=0.08 sys=0.00, real=0.13 secs] 
: 69925K->8704K(78656K), 0.0612807 secs] 78693K->78592K(253440K), 0.0614259 secs] [Times: user=0.08 sys=0.00, real=0.06 secs] 
2014-07-10T14:50:23.250+0200: 81.396: [GC[YG occupancy: 10514 K (78656 K)]2014-07-10T14:50:23.250+0200: 81.396: [Rescan (parallel) , 0.0027031 secs]2014-07-10T14:50:23.253+0200: 81.398: [weak refs processing, 0.0000356 secs]2014-07-10T14:50:23.253+0200: 81.398: [scrub string table, 0.0001892 secs] [1 CMS-remark: 69888K(174784K)] 80403K(253440K), 0.0030529 secs] [Times: user=0.03 sys=0.00, real=0.00 secs] 
2014-07-10T14:50:23.253+0200: 81.399: [CMS-concurrent-sweep-start]
2014-07-10T14:50:23.259+0200: 81.405: [CMS-concurrent-sweep: 0.006/0.006 secs] [Times: user=0.00 sys=0.00, real=0.01 secs] 
2014-07-10T14:50:23.259+0200: 81.405: [CMS-concurrent-reset-start]
2014-07-10T14:50:23.260+0200: 81.406: [CMS-concurrent-reset: 0.001/0.001 secs] [Times: user=0.00 sys=0.00, real=0.00 secs] 
2014-07-10T14:50:23.366+0200: 81.511: [GC2014-07-10T14:50:23.366+0200: 81.511: [ParNew: 78638K->8704K(78656K), 0.0517261 secs] 148515K->148344K(253440K), 0.0518816 secs] [Times: user=0.09 sys=0.00, real=0.05 secs] 
2014-07-10T14:50:23.418+0200: 81.564: [GC [1 CMS-initial-mark: 139640K(174784K)] 148385K(253440K), 0.0003391 secs] [Times: user=0.00 sys=0.00, real=0.00 secs] 
2014-07-10T14:50:23.419+0200: 81.564: [CMS-concurrent-mark-start]
2014-07-10T14:50:23.444+0200: 81.589: [CMS-concurrent-mark: 0.025/0.025 secs] [Times: user=0.03 sys=0.00, real=0.03 secs] 
2014-07-10T14:50:23.444+0200: 81.589: [CMS-concurrent-preclean-start]
2014-07-10T14:50:23.445+0200: 81.591: [CMS-concurrent-preclean: 0.001/0.001 secs] [Times: user=0.00 sys=0.00, real=0.00 secs] 
2014-07-10T14:50:23.445+0200: 81.591: [CMS-concurrent-abortable-preclean-start]
2014-07-10T14:50:23.547+0200: 81.692: [CMS-concurrent-abortable-preclean: 0.002/0.101 secs] [Times: user=0.00 sys=0.00, real=0.10 secs] 
2014-07-10T14:50:23.547+0200: 81.692: [GC[YG occupancy: 71360 K (78656 K)]2014-07-10T14:50:23.547+0200: 81.692: [Rescan (parallel) , 0.0017657 secs]2014-07-10T14:50:23.549+0200: 81.694: [weak refs processing, 0.0000356 secs]2014-07-10T14:50:23.549+0200: 81.694: [scrub string table, 0.0001921 secs] [1 CMS-remark: 139640K(174784K)] 211001K(253440K), 0.0020887 secs] [Times: user=0.03 sys=0.00, real=0.00 secs] 
2014-07-10T14:50:23.549+0200: 81.695: [CMS-concurrent-sweep-start]
2014-07-10T14:50:23.556+0200: 81.701: [CMS-concurrent-sweep: 0.006/0.006 secs] [Times: user=0.00 sys=0.00, real=0.01 secs] 
2014-07-10T14:50:23.556+0200: 81.701: [CMS-concurrent-reset-start]
2014-07-10T14:50:23.557+0200: 81.702: [CMS-concurrent-reset: 0.001/0.001 secs] [Times: user=0.00 sys=0.00, real=0.00 secs] 
2014-07-10T14:50:23.561+0200: 81.706: [GC2014-07-10T14:50:23.561+0200: 81.706: [ParNew: 78636K->78636K(78656K), 0.0000436 secs]2014-07-10T14:50:23.561+0200: 81.706: [CMS: 139200K->174776K(174784K), 0.1707969 secs] 217836K->217307K(253440K), [CMS Perm : 2654K->2654K(21248K)], 0.1709788 secs] [Times: user=0.17 sys=0.00, real=0.17 secs] 
2014-07-10T14:50:23.732+0200: 81.877: [GC [1 CMS-initial-mark: 174776K(174784K)] 217346K(253440K), 0.0007362 secs] [Times: user=0.00 sys=0.00, real=0.00 secs] 
2014-07-10T14:50:23.733+0200: 81.878: [CMS-concurrent-mark-start]
2014-07-10T14:50:23.759+0200: 81.904: [CMS-concurrent-mark: 0.026/0.026 secs] [Times: user=0.03 sys=0.00, real=0.03 secs] 
2014-07-10T14:50:23.759+0200: 81.904: [CMS-concurrent-preclean-start]
2014-07-10T14:50:23.778+0200: 81.924: [CMS-concurrent-preclean: 0.019/0.019 secs] [Times: user=0.02 sys=0.00, real=0.02 secs] 
2014-07-10T14:50:23.778+0200: 81.924: [CMS-concurrent-abortable-preclean-start]
2014-07-10T14:50:23.778+0200: 81.924: [CMS-concurrent-abortable-preclean: 0.000/0.000 secs] [Times: user=0.00 sys=0.00, real=0.00 secs] 
2014-07-10T14:50:23.779+0200: 81.924: [GC[YG occupancy: 51488 K (78656 K)]2014-07-10T14:50:23.779+0200: 81.924: [Rescan (parallel) , 0.0008718 secs]2014-07-10T14:50:23.780+0200: 81.925: [weak refs processing, 0.0000319 secs]2014-07-10T14:50:23.780+0200: 81.925: [scrub string table, 0.0001925 secs] [1 CMS-remark: 174776K(174784K)] 226265K(253440K), 0.0011827 secs] [Times: user=0.00 sys=0.00, real=0.00 secs] 
2014-07-10T14:50:23.780+0200: 81.926: [CMS-concurrent-sweep-start]
2014-07-10T14:50:23.786+0200: 81.932: [CMS-concurrent-sweep: 0.006/0.006 secs] [Times: user=0.00 sys=0.00, real=0.01 secs] 
2014-07-10T14:50:23.786+0200: 81.932: [CMS-concurrent-reset-start]
2014-07-10T14:50:23.787+0200: 81.933: [CMS-concurrent-reset: 0.001/0.001 secs] [Times: user=0.00 sys=0.00, real=0.00 secs] 
2014-07-10T14:50:23.828+0200: 81.973: [GC2014-07-10T14:50:23.828+0200: 81.973: [ParNew: 78622K->78622K(78656K), 0.0000458 secs]2014-07-10T14:50:23.828+0200: 81.974: [CMS: 174774K->174779K(174784K), 0.1817770 secs] 253397K->253182K(253440K), [CMS Perm : 2654K->2654K(21248K)], 0.1819900 secs] [Times: user=0.19 sys=0.00, real=0.18 secs] 
2014-07-10T14:50:24.010+0200: 82.156: [GC [1 CMS-initial-mark: 174779K(174784K)] 253223K(253440K), 0.0009056 secs] [Times: user=0.00 sys=0.00, real=0.00 secs] 
2014-07-10T14:50:24.011+0200: 82.157: [CMS-concurrent-mark-start]
2014-07-10T14:50:24.011+0200: 82.157: [Full GC2014-07-10T14:50:24.011+0200: 82.157: [CMS2014-07-10T14:50:24.034+0200: 82.179: [CMS-concurrent-mark: 0.023/0.023 secs] [Times: user=0.03 sys=0.00, real=0.02 secs] 
 (concurrent mode failure): 174779K->174778K(174784K), 0.1494703 secs] 253421K->253417K(253440K), [CMS Perm : 2654K->2654K(21248K)], 0.1495796 secs] [Times: user=0.16 sys=0.00, real=0.15 secs] 
2014-07-10T14:50:24.161+0200: 82.306: [Full GC2014-07-10T14:50:24.161+0200: 82.306: [CMS: 174778K->8767K(174784K), 0.0457105 secs] 253417K->8767K(253440K), [CMS Perm : 2654K->2654K(21248K)], 0.0458124 secs] [Times: user=0.05 sys=0.00, real=0.05 secs] 
2014-07-10T14:50:24.322+0200: 82.467: [GC2014-07-10T14:50:24.322+0200: 82.467: [ParNew: 69918K->8704K(78656K), 0.0447474 secs] 78686K->78585K(253440K), 0.0448966 secs] [Times: user=0.09 sys=0.00, real=0.05 secs] 
2014-07-10T14:50:24.401+0200: 82.546: [GC [1 CMS-initial-mark: 69881K(174784K)] 90244K(253440K), 0.0004476 secs] [Times: user=0.00 sys=0.00, real=0.00 secs] 
2014-07-10T14:50:24.401+0200: 82.547: [CMS-concurrent-mark-start]
2014-07-10T14:50:24.426+0200: 82.572: [CMS-concurrent-mark: 0.025/0.025 secs] [Times: user=0.03 sys=0.00, real=0.03 secs] 
2014-07-10T14:50:24.426+0200: 82.572: [CMS-concurrent-preclean-start]
2014-07-10T14:50:24.429+0200: 82.575: [CMS-concurrent-preclean: 0.002/0.003 secs] [Times: user=0.00 sys=0.00, real=0.00 secs] 
2014-07-10T14:50:24.430+0200: 82.575: [CMS-concurrent-abortable-preclean-start]
2014-07-10T14:50:24.521+0200: 82.666: [GC2014-07-10T14:50:24.521+0200: 82.667: [ParNew2014-07-10T14:50:24.561+0200: 82.706: [CMS-concurrent-abortable-preclean: 0.001/0.131 secs] [Times: user=0.06 sys=0.00, real=0.13 secs] 
: 78627K->8704K(78656K), 0.0629702 secs] 148509K->148341K(253440K), 0.0631641 secs] [Times: user=0.08 sys=0.00, real=0.06 secs] 
2014-07-10T14:50:24.589+0200: 82.734: [GC[YG occupancy: 8980 K (78656 K)]2014-07-10T14:50:24.589+0200: 82.734: [Rescan (parallel) , 0.0027090 secs]2014-07-10T14:50:24.592+0200: 82.737: [weak refs processing, 0.0019919 secs]2014-07-10T14:50:24.594+0200: 82.739: [scrub string table, 0.0001569 secs] [1 CMS-remark: 139637K(174784K)] 148617K(253440K), 0.0050301 secs] [Times: user=0.02 sys=0.00, real=0.01 secs] 
2014-07-10T14:50:24.594+0200: 82.739: [CMS-concurrent-sweep-start]
2014-07-10T14:50:24.600+0200: 82.746: [CMS-concurrent-sweep: 0.006/0.006 secs] [Times: user=0.00 sys=0.00, real=0.01 secs] 
2014-07-10T14:50:24.601+0200: 82.746: [CMS-concurrent-reset-start]
2014-07-10T14:50:24.601+0200: 82.747: [CMS-concurrent-reset: 0.001/0.001 secs] [Times: user=0.00 sys=0.00, real=0.00 secs] 
2014-07-10T14:50:24.747+0200: 82.892: [GC2014-07-10T14:50:24.747+0200: 82.892: [ParNew: 78619K->78619K(78656K), 0.0000462 secs]2014-07-10T14:50:24.747+0200: 82.892: [CMS: 139375K->174761K(174784K), 0.1731188 secs] 217994K->217282K(253440K), [CMS Perm : 2654K->2654K(21248K)], 0.1733219 secs] [Times: user=0.17 sys=0.00, real=0.17 secs] 
2014-07-10T14:50:24.920+0200: 83.066: [GC [1 CMS-initial-mark: 174761K(174784K)] 217323K(253440K), 0.0006398 secs] [Times: user=0.00 sys=0.00, real=0.00 secs] 
2014-07-10T14:50:24.921+0200: 83.066: [CMS-concurrent-mark-start]
2014-07-10T14:50:24.947+0200: 83.093: [CMS-concurrent-mark: 0.026/0.026 secs] [Times: user=0.03 sys=0.00, real=0.03 secs] 
2014-07-10T14:50:24.947+0200: 83.093: [CMS-concurrent-preclean-start]
2014-07-10T14:50:24.966+0200: 83.111: [CMS-concurrent-preclean: 0.018/0.018 secs] [Times: user=0.02 sys=0.00, real=0.02 secs] 
2014-07-10T14:50:24.966+0200: 83.111: [CMS-concurrent-abortable-preclean-start]
2014-07-10T14:50:24.966+0200: 83.111: [CMS-concurrent-abortable-preclean: 0.000/0.000 secs] [Times: user=0.00 sys=0.00, real=0.00 secs] 
2014-07-10T14:50:24.966+0200: 83.112: [GC[YG occupancy: 43583 K (78656 K)]2014-07-10T14:50:24.967+0200: 83.112: [Rescan (parallel) , 0.0007014 secs]2014-07-10T14:50:24.967+0200: 83.113: [weak refs processing, 0.0000326 secs]2014-07-10T14:50:24.967+0200: 83.113: [scrub string table, 0.0001756 secs] [1 CMS-remark: 174761K(174784K)] 218345K(253440K), 0.0010152 secs] [Times: user=0.00 sys=0.00, real=0.00 secs] 
2014-07-10T14:50:24.968+0200: 83.113: [CMS-concurrent-sweep-start]
2014-07-10T14:50:24.973+0200: 83.119: [CMS-concurrent-sweep: 0.005/0.005 secs] [Times: user=0.01 sys=0.00, real=0.01 secs] 
2014-07-10T14:50:24.973+0200: 83.119: [CMS-concurrent-reset-start]
2014-07-10T14:50:24.974+0200: 83.120: [CMS-concurrent-reset: 0.001/0.001 secs] [Times: user=0.00 sys=0.00, real=0.00 secs] 
2014-07-10T14:50:25.038+0200: 83.183: [GC2014-07-10T14:50:25.038+0200: 83.183: [ParNew: 78624K->78624K(78656K), 0.0000557 secs]2014-07-10T14:50:25.038+0200: 83.184: [CMS: 174761K->174764K(174784K), 0.1836266 secs] 253386K->253168K(253440K), [CMS Perm : 2654K->2654K(21248K)], 0.1838859 secs] [Times: user=0.19 sys=0.00, real=0.18 secs] 
2014-07-10T14:50:25.222+0200: 83.367: [GC [1 CMS-initial-mark: 174764K(174784K)] 253210K(253440K), 0.0015087 secs] [Times: user=0.00 sys=0.00, real=0.00 secs] 
2014-07-10T14:50:25.223+0200: 83.369: [CMS-concurrent-mark-start]
2014-07-10T14:50:25.248+0200: 83.393: [CMS-concurrent-mark: 0.024/0.024 secs] [Times: user=0.02 sys=0.00, real=0.02 secs] 
2014-07-10T14:50:25.248+0200: 83.394: [CMS-concurrent-preclean-start]
2014-07-10T14:50:25.264+0200: 83.410: [Full GC2014-07-10T14:50:25.264+0200: 83.410: [CMS2014-07-10T14:50:25.267+0200: 83.412: [CMS-concurrent-preclean: 0.019/0.019 secs] [Times: user=0.02 sys=0.00, real=0.02 secs] 
 (concurrent mode failure): 174764K->174763K(174784K), 0.1391363 secs] 253409K->253403K(253440K), [CMS Perm : 2654K->2654K(21248K)], 0.1392858 secs] [Times: user=0.11 sys=0.00, real=0.14 secs] 
2014-07-10T14:50:25.403+0200: 83.549: [Full GC2014-07-10T14:50:25.403+0200: 83.549: [CMS: 174763K->8767K(174784K), 0.0454157 secs] 253403K->8767K(253440K), [CMS Perm : 2654K->2654K(21248K)], 0.0455019 secs] [Times: user=0.05 sys=0.00, real=0.05 secs] 
2014-07-10T14:50:25.577+0200: 83.722: [GC2014-07-10T14:50:25.577+0200: 83.723: [ParNew: 69913K->8704K(78656K), 0.0499931 secs] 78681K->78580K(253440K), 0.0501324 secs] [Times: user=0.08 sys=0.00, real=0.05 secs] 
2014-07-10T14:50:25.630+0200: 83.776: [GC [1 CMS-initial-mark: 69876K(174784K)] 79368K(253440K), 0.0002772 secs] [Times: user=0.00 sys=0.00, real=0.00 secs] 
2014-07-10T14:50:25.630+0200: 83.776: [CMS-concurrent-mark-start]
2014-07-10T14:50:25.655+0200: 83.801: [CMS-concurrent-mark: 0.025/0.025 secs] [Times: user=0.03 sys=0.00, real=0.02 secs] 
2014-07-10T14:50:25.655+0200: 83.801: [CMS-concurrent-preclean-start]
2014-07-10T14:50:25.657+0200: 83.802: [CMS-concurrent-preclean: 0.001/0.002 secs] [Times: user=0.00 sys=0.00, real=0.00 secs] 
2014-07-10T14:50:25.657+0200: 83.802: [CMS-concurrent-abortable-preclean-start]
2014-07-10T14:50:25.762+0200: 83.908: [CMS-concurrent-abortable-preclean: 0.004/0.105 secs] [Times: user=0.00 sys=0.00, real=0.11 secs] 
2014-07-10T14:50:25.763+0200: 83.908: [GC[YG occupancy: 52632 K (78656 K)]2014-07-10T14:50:25.763+0200: 83.908: [Rescan (parallel) , 0.0007549 secs]2014-07-10T14:50:25.764+0200: 83.909: [weak refs processing, 0.0010529 secs]2014-07-10T14:50:25.765+0200: 83.910: [scrub string table, 0.0002720 secs] [1 CMS-remark: 69876K(174784K)] 122509K(253440K), 0.0022038 secs] [Times: user=0.00 sys=0.02, real=0.00 secs] 
2014-07-10T14:50:25.765+0200: 83.911: [CMS-concurrent-sweep-start]
2014-07-10T14:50:25.771+0200: 83.917: [CMS-concurrent-sweep: 0.006/0.006 secs] [Times: user=0.00 sys=0.00, real=0.01 secs] 
2014-07-10T14:50:25.771+0200: 83.917: [CMS-concurrent-reset-start]
2014-07-10T14:50:25.772+0200: 83.918: [CMS-concurrent-reset: 0.001/0.001 secs] [Times: user=0.00 sys=0.00, real=0.00 secs] 
2014-07-10T14:50:25.807+0200: 83.952: [GC2014-07-10T14:50:25.807+0200: 83.952: [ParNew: 78624K->8704K(78656K), 0.0501844 secs] 148270K->148114K(253440K), 0.0503285 secs] [Times: user=0.09 sys=0.00, real=0.05 secs] 
2014-07-10T14:50:25.857+0200: 84.003: [GC [1 CMS-initial-mark: 139410K(174784K)] 148155K(253440K), 0.0003017 secs] [Times: user=0.02 sys=0.00, real=0.00 secs] 
2014-07-10T14:50:25.858+0200: 84.003: [CMS-concurrent-mark-start]
2014-07-10T14:50:25.883+0200: 84.028: [CMS-concurrent-mark: 0.025/0.025 secs] [Times: user=0.02 sys=0.00, real=0.02 secs] 
2014-07-10T14:50:25.883+0200: 84.028: [CMS-concurrent-preclean-start]
2014-07-10T14:50:25.885+0200: 84.031: [CMS-concurrent-preclean: 0.002/0.003 secs] [Times: user=0.00 sys=0.00, real=0.00 secs] 
2014-07-10T14:50:25.885+0200: 84.031: [CMS-concurrent-abortable-preclean-start]
2014-07-10T14:50:25.976+0200: 84.121: [GC2014-07-10T14:50:25.976+0200: 84.121: [ParNew: 78652K->78652K(78656K), 0.0000458 secs]2014-07-10T14:50:25.976+0200: 84.122: [CMS2014-07-10T14:50:25.976+0200: 84.122: [CMS-concurrent-abortable-preclean: 0.002/0.091 secs] [Times: user=0.00 sys=0.00, real=0.09 secs] 
 (concurrent mode failure): 139410K->174756K(174784K), 0.1886963 secs] 218063K->217319K(253440K), [CMS Perm : 2654K->2654K(21248K)], 0.1889237 secs] [Times: user=0.19 sys=0.00, real=0.19 secs] 
2014-07-10T14:50:26.226+0200: 84.372: [Full GC2014-07-10T14:50:26.226+0200: 84.372: [CMS: 174756K->174759K(174784K), 0.1976970 secs] 253380K->253161K(253440K), [CMS Perm : 2654K->2654K(21248K)], 0.1978550 secs] [Times: user=0.20 sys=0.00, real=0.20 secs] 
2014-07-10T14:50:26.424+0200: 84.570: [GC [1 CMS-initial-mark: 174759K(174784K)] 253202K(253440K), 0.0009719 secs] [Times: user=0.00 sys=0.00, real=0.00 secs] 
2014-07-10T14:50:26.425+0200: 84.571: [CMS-concurrent-mark-start]
2014-07-10T14:50:26.425+0200: 84.571: [Full GC2014-07-10T14:50:26.425+0200: 84.571: [CMS2014-07-10T14:50:26.448+0200: 84.594: [CMS-concurrent-mark: 0.023/0.023 secs] [Times: user=0.01 sys=0.00, real=0.02 secs] 
 (concurrent mode failure): 174759K->174758K(174784K), 0.1504870 secs] 253400K->253397K(253440K), [CMS Perm : 2654K->2654K(21248K)], 0.1506780 secs] [Times: user=0.16 sys=0.00, real=0.15 secs] 
2014-07-10T14:50:26.576+0200: 84.722: [Full GC2014-07-10T14:50:26.576+0200: 84.722: [CMS: 174758K->8808K(174784K), 0.0493801 secs] 253397K->8808K(253440K), [CMS Perm : 2654K->2654K(21248K)], 0.0494662 secs] [Times: user=0.05 sys=0.00, real=0.05 secs] 
2014-07-10T14:50:26.764+0200: 84.910: [GC2014-07-10T14:50:26.764+0200: 84.910: [ParNew: 69939K->8704K(78656K), 0.0545697 secs] 78748K->78652K(253440K), 0.0547412 secs] [Times: user=0.05 sys=0.00, real=0.06 secs] 
2014-07-10T14:50:26.819+0200: 84.965: [GC [1 CMS-initial-mark: 69948K(174784K)] 78929K(253440K), 0.0002805 secs] [Times: user=0.00 sys=0.00, real=0.00 secs] 
2014-07-10T14:50:26.820+0200: 84.965: [CMS-concurrent-mark-start]
2014-07-10T14:50:26.844+0200: 84.990: [CMS-concurrent-mark: 0.024/0.024 secs] [Times: user=0.03 sys=0.00, real=0.02 secs] 
2014-07-10T14:50:26.844+0200: 84.990: [CMS-concurrent-preclean-start]
2014-07-10T14:50:26.847+0200: 84.992: [CMS-concurrent-preclean: 0.002/0.003 secs] [Times: user=0.00 sys=0.00, real=0.00 secs] 
2014-07-10T14:50:26.847+0200: 84.992: [CMS-concurrent-abortable-preclean-start]
2014-07-10T14:50:26.938+0200: 85.084: [GC2014-07-10T14:50:26.938+0200: 85.084: [ParNew2014-07-10T14:50:26.972+0200: 85.117: [CMS-concurrent-abortable-preclean: 0.001/0.125 secs] [Times: user=0.06 sys=0.00, real=0.13 secs] 
: 78632K->8704K(78656K), 0.0512132 secs] 148580K->148397K(253440K), 0.0514024 secs] [Times: user=0.09 sys=0.00, real=0.05 secs] 
2014-07-10T14:50:26.990+0200: 85.135: [GC[YG occupancy: 9729 K (78656 K)]2014-07-10T14:50:26.990+0200: 85.135: [Rescan (parallel) , 0.0015222 secs]2014-07-10T14:50:26.991+0200: 85.137: [weak refs processing, 0.0004117 secs]2014-07-10T14:50:26.992+0200: 85.137: [scrub string table, 0.0001917 secs] [1 CMS-remark: 139693K(174784K)] 149423K(253440K), 0.0022137 secs] [Times: user=0.00 sys=0.00, real=0.00 secs] 
2014-07-10T14:50:26.992+0200: 85.138: [CMS-concurrent-sweep-start]
2014-07-10T14:50:26.998+0200: 85.144: [CMS-concurrent-sweep: 0.006/0.006 secs] [Times: user=0.02 sys=0.00, real=0.01 secs] 
2014-07-10T14:50:26.998+0200: 85.144: [CMS-concurrent-reset-start]
2014-07-10T14:50:26.999+0200: 85.145: [CMS-concurrent-reset: 0.001/0.001 secs] [Times: user=0.00 sys=0.00, real=0.00 secs] 
2014-07-10T14:50:27.109+0200: 85.254: [GC2014-07-10T14:50:27.109+0200: 85.254: [ParNew: 78639K->78639K(78656K), 0.0000458 secs]2014-07-10T14:50:27.109+0200: 85.255: [CMS: 139461K->174782K(174784K), 0.1795300 secs] 218101K->217367K(253440K), [CMS Perm : 2654K->2654K(21248K)], 0.1797290 secs] [Times: user=0.17 sys=0.00, real=0.18 secs] 
2014-07-10T14:50:27.289+0200: 85.434: [GC [1 CMS-initial-mark: 174782K(174784K)] 217408K(253440K), 0.0005969 secs] [Times: user=0.00 sys=0.00, real=0.00 secs] 
2014-07-10T14:50:27.289+0200: 85.435: [CMS-concurrent-mark-start]
2014-07-10T14:50:27.314+0200: 85.460: [CMS-concurrent-mark: 0.025/0.025 secs] [Times: user=0.03 sys=0.00, real=0.02 secs] 
2014-07-10T14:50:27.314+0200: 85.460: [CMS-concurrent-preclean-start]
2014-07-10T14:50:27.332+0200: 85.478: [CMS-concurrent-preclean: 0.018/0.018 secs] [Times: user=0.02 sys=0.00, real=0.02 secs] 
2014-07-10T14:50:27.332+0200: 85.478: [CMS-concurrent-abortable-preclean-start]
2014-07-10T14:50:27.332+0200: 85.478: [CMS-concurrent-abortable-preclean: 0.000/0.000 secs] [Times: user=0.00 sys=0.00, real=0.00 secs] 
2014-07-10T14:50:27.333+0200: 85.478: [GC[YG occupancy: 68365 K (78656 K)]2014-07-10T14:50:27.333+0200: 85.478: [Rescan (parallel) , 0.0010130 secs]2014-07-10T14:50:27.334+0200: 85.479: [weak refs processing, 0.0000315 secs]2014-07-10T14:50:27.334+0200: 85.479: [scrub string table, 0.0001903 secs] [1 CMS-remark: 174782K(174784K)] 243148K(253440K), 0.0013173 secs] [Times: user=0.00 sys=0.00, real=0.00 secs] 
2014-07-10T14:50:27.334+0200: 85.480: [CMS-concurrent-sweep-start]
2014-07-10T14:50:27.340+0200: 85.486: [CMS-concurrent-sweep: 0.006/0.006 secs] [Times: user=0.02 sys=0.00, real=0.01 secs] 
2014-07-10T14:50:27.340+0200: 85.486: [CMS-concurrent-reset-start]
2014-07-10T14:50:27.341+0200: 85.487: [CMS-concurrent-reset: 0.001/0.001 secs] [Times: user=0.00 sys=0.00, real=0.00 secs] 
2014-07-10T14:50:27.351+0200: 85.497: [GC2014-07-10T14:50:27.351+0200: 85.497: [ParNew: 78618K->78618K(78656K), 0.0000462 secs]2014-07-10T14:50:27.351+0200: 85.497: [CMS: 174773K->174746K(174784K), 0.1677466 secs] 253392K->253181K(253440K), [CMS Perm : 2654K->2654K(21248K)], 0.1679607 secs] [Times: user=0.17 sys=0.00, real=0.17 secs] 
2014-07-10T14:50:27.519+0200: 85.665: [GC [1 CMS-initial-mark: 174746K(174784K)] 253222K(253440K), 0.0009422 secs] [Times: user=0.00 sys=0.00, real=0.00 secs] 
2014-07-10T14:50:27.520+0200: 85.666: [CMS-concurrent-mark-start]
2014-07-10T14:50:27.520+0200: 85.666: [Full GC2014-07-10T14:50:27.520+0200: 85.666: [CMS2014-07-10T14:50:27.542+0200: 85.688: [CMS-concurrent-mark: 0.022/0.022 secs] [Times: user=0.02 sys=0.00, real=0.02 secs] 
 (concurrent mode failure): 174746K->174745K(174784K), 0.1535311 secs] 253381K->253378K(253440K), [CMS Perm : 2654K->2654K(21248K)], 0.1536411 secs] [Times: user=0.13 sys=0.02, real=0.15 secs] 
2014-07-10T14:50:27.674+0200: 85.820: [Full GC2014-07-10T14:50:27.674+0200: 85.820: [CMS: 174745K->8769K(174784K), 0.0440721 secs] 253378K->8769K(253440K), [CMS Perm : 2654K->2654K(21248K)], 0.0441824 secs] [Times: user=0.05 sys=0.00, real=0.04 secs] 
2014-07-10T14:50:27.856+0200: 86.002: [GC2014-07-10T14:50:27.856+0200: 86.002: [ParNew: 69916K->8704K(78656K), 0.0458183 secs] 78685K->78578K(253440K), 0.0459738 secs] [Times: user=0.09 sys=0.00, real=0.05 secs] 
2014-07-10T14:50:27.902+0200: 86.048: [GC [1 CMS-initial-mark: 69874K(174784K)] 78619K(253440K), 0.0002838 secs] [Times: user=0.00 sys=0.00, real=0.00 secs] 
2014-07-10T14:50:27.903+0200: 86.048: [CMS-concurrent-mark-start]
2014-07-10T14:50:27.927+0200: 86.072: [CMS-concurrent-mark: 0.024/0.024 secs] [Times: user=0.02 sys=0.00, real=0.02 secs] 
2014-07-10T14:50:27.927+0200: 86.072: [CMS-concurrent-preclean-start]
2014-07-10T14:50:27.929+0200: 86.075: [CMS-concurrent-preclean: 0.002/0.003 secs] [Times: user=0.00 sys=0.00, real=0.00 secs] 
2014-07-10T14:50:27.929+0200: 86.075: [CMS-concurrent-abortable-preclean-start]
2014-07-10T14:50:28.017+0200: 86.163: [GC2014-07-10T14:50:28.017+0200: 86.163: [ParNew2014-07-10T14:50:28.069+0200: 86.214: [CMS-concurrent-abortable-preclean: 0.001/0.139 secs] [Times: user=0.08 sys=0.00, real=0.14 secs] 
: 78643K->8704K(78656K), 0.0599279 secs] 148518K->148335K(253440K), 0.0600756 secs] [Times: user=0.11 sys=0.00, real=0.06 secs] 
2014-07-10T14:50:28.077+0200: 86.223: [GC[YG occupancy: 9416 K (78656 K)]2014-07-10T14:50:28.077+0200: 86.223: [Rescan (parallel) , 0.0015109 secs]2014-07-10T14:50:28.079+0200: 86.225: [weak refs processing, 0.0004191 secs]2014-07-10T14:50:28.079+0200: 86.225: [scrub string table, 0.0002053 secs] [1 CMS-remark: 139631K(174784K)] 149048K(253440K), 0.0022240 secs] [Times: user=0.00 sys=0.00, real=0.00 secs] 
2014-07-10T14:50:28.080+0200: 86.225: [CMS-concurrent-sweep-start]
2014-07-10T14:50:28.086+0200: 86.231: [CMS-concurrent-sweep: 0.006/0.006 secs] [Times: user=0.00 sys=0.00, real=0.01 secs] 
2014-07-10T14:50:28.086+0200: 86.231: [CMS-concurrent-reset-start]
2014-07-10T14:50:28.087+0200: 86.232: [CMS-concurrent-reset: 0.001/0.001 secs] [Times: user=0.00 sys=0.00, real=0.00 secs] 
2014-07-10T14:50:28.211+0200: 86.356: [GC2014-07-10T14:50:28.211+0200: 86.356: [ParNew: 78630K->78630K(78656K), 0.0000447 secs]2014-07-10T14:50:28.211+0200: 86.357: [CMS: 139397K->174763K(174784K), 0.1803813 secs] 218027K->217305K(253440K), [CMS Perm : 2654K->2654K(21248K)], 0.1805811 secs] [Times: user=0.19 sys=0.00, real=0.18 secs] 
2014-07-10T14:50:28.391+0200: 86.537: [GC [1 CMS-initial-mark: 174763K(174784K)] 217346K(253440K), 0.0005965 secs] [Times: user=0.00 sys=0.00, real=0.00 secs] 
2014-07-10T14:50:28.392+0200: 86.538: [CMS-concurrent-mark-start]
2014-07-10T14:50:28.416+0200: 86.562: [CMS-concurrent-mark: 0.024/0.024 secs] [Times: user=0.03 sys=0.00, real=0.02 secs] 
2014-07-10T14:50:28.417+0200: 86.562: [CMS-concurrent-preclean-start]
2014-07-10T14:50:28.434+0200: 86.580: [CMS-concurrent-preclean: 0.018/0.018 secs] [Times: user=0.01 sys=0.00, real=0.02 secs] 
2014-07-10T14:50:28.434+0200: 86.580: [CMS-concurrent-abortable-preclean-start]
2014-07-10T14:50:28.434+0200: 86.580: [CMS-concurrent-abortable-preclean: 0.000/0.000 secs] [Times: user=0.00 sys=0.00, real=0.00 secs] 
2014-07-10T14:50:28.435+0200: 86.580: [GC[YG occupancy: 68475 K (78656 K)]2014-07-10T14:50:28.435+0200: 86.580: [Rescan (parallel) , 0.0009507 secs]2014-07-10T14:50:28.436+0200: 86.581: [weak refs processing, 0.0000301 secs]2014-07-10T14:50:28.436+0200: 86.581: [scrub string table, 0.0001499 secs] [1 CMS-remark: 174763K(174784K)] 243238K(253440K), 0.0012080 secs] [Times: user=0.00 sys=0.00, real=0.00 secs] 
2014-07-10T14:50:28.436+0200: 86.582: [CMS-concurrent-sweep-start]
2014-07-10T14:50:28.441+0200: 86.587: [CMS-concurrent-sweep: 0.005/0.005 secs] [Times: user=0.00 sys=0.00, real=0.00 secs] 
2014-07-10T14:50:28.441+0200: 86.587: [CMS-concurrent-reset-start]
2014-07-10T14:50:28.442+0200: 86.588: [CMS-concurrent-reset: 0.001/0.001 secs] [Times: user=0.00 sys=0.00, real=0.00 secs] 
2014-07-10T14:50:28.453+0200: 86.599: [GC2014-07-10T14:50:28.453+0200: 86.599: [ParNew: 78638K->78638K(78656K), 0.0000469 secs]2014-07-10T14:50:28.453+0200: 86.599: [CMS: 174753K->174767K(174784K), 0.1788092 secs] 253391K->253186K(253440K), [CMS Perm : 2654K->2654K(21248K)], 0.1790281 secs] [Times: user=0.17 sys=0.00, real=0.18 secs] 
2014-07-10T14:50:28.632+0200: 86.778: [GC [1 CMS-initial-mark: 174767K(174784K)] 253227K(253440K), 0.0009305 secs] [Times: user=0.00 sys=0.00, real=0.00 secs] 
2014-07-10T14:50:28.633+0200: 86.779: [CMS-concurrent-mark-start]
2014-07-10T14:50:28.633+0200: 86.779: [Full GC2014-07-10T14:50:28.633+0200: 86.779: [CMS2014-07-10T14:50:28.655+0200: 86.801: [CMS-concurrent-mark: 0.022/0.022 secs] [Times: user=0.03 sys=0.00, real=0.02 secs] 
 (concurrent mode failure): 174767K->174767K(174784K), 0.1513926 secs] 253386K->253383K(253440K), [CMS Perm : 2654K->2654K(21248K)], 0.1516903 secs] [Times: user=0.14 sys=0.00, real=0.15 secs] 
2014-07-10T14:50:28.785+0200: 86.931: [Full GC2014-07-10T14:50:28.785+0200: 86.931: [CMS: 174767K->8808K(174784K), 0.0474996 secs] 253383K->8808K(253440K), [CMS Perm : 2654K->2654K(21248K)], 0.0475975 secs] [Times: user=0.05 sys=0.00, real=0.05 secs] 
2014-07-10T14:50:28.959+0200: 87.105: [GC2014-07-10T14:50:28.959+0200: 87.105: [ParNew: 69926K->8704K(78656K), 0.0457952 secs] 78735K->78639K(253440K), 0.0459419 secs] [Times: user=0.09 sys=0.00, real=0.05 secs] 
2014-07-10T14:50:29.005+0200: 87.151: [GC [1 CMS-initial-mark: 69935K(174784K)] 78680K(253440K), 0.0003252 secs] [Times: user=0.00 sys=0.00, real=0.00 secs] 
2014-07-10T14:50:29.006+0200: 87.151: [CMS-concurrent-mark-start]
2014-07-10T14:50:29.031+0200: 87.176: [CMS-concurrent-mark: 0.025/0.025 secs] [Times: user=0.03 sys=0.00, real=0.02 secs] 
2014-07-10T14:50:29.031+0200: 87.176: [CMS-concurrent-preclean-start]
2014-07-10T14:50:29.034+0200: 87.179: [CMS-concurrent-preclean: 0.002/0.003 secs] [Times: user=0.00 sys=0.00, real=0.00 secs] 
2014-07-10T14:50:29.034+0200: 87.179: [CMS-concurrent-abortable-preclean-start]
2014-07-10T14:50:29.123+0200: 87.269: [GC2014-07-10T14:50:29.123+0200: 87.269: [ParNew2014-07-10T14:50:29.157+0200: 87.303: [CMS-concurrent-abortable-preclean: 0.002/0.123 secs] [Times: user=0.06 sys=0.00, real=0.12 secs] 
: 78639K->8704K(78656K), 0.0512807 secs] 148575K->148389K(253440K), 0.0514394 secs] [Times: user=0.09 sys=0.00, real=0.05 secs] 
2014-07-10T14:50:29.175+0200: 87.321: [GC[YG occupancy: 9414 K (78656 K)]2014-07-10T14:50:29.175+0200: 87.321: [Rescan (parallel) , 0.0016121 secs]2014-07-10T14:50:29.177+0200: 87.322: [weak refs processing, 0.0005958 secs]2014-07-10T14:50:29.177+0200: 87.323: [scrub string table, 0.0001833 secs] [1 CMS-remark: 139685K(174784K)] 149100K(253440K), 0.0024938 secs] [Times: user=0.00 sys=0.00, real=0.00 secs] 
2014-07-10T14:50:29.178+0200: 87.324: [CMS-concurrent-sweep-start]
2014-07-10T14:50:29.184+0200: 87.330: [CMS-concurrent-sweep: 0.006/0.006 secs] [Times: user=0.01 sys=0.00, real=0.01 secs] 
2014-07-10T14:50:29.184+0200: 87.330: [CMS-concurrent-reset-start]
2014-07-10T14:50:29.185+0200: 87.331: [CMS-concurrent-reset: 0.001/0.001 secs] [Times: user=0.00 sys=0.00, real=0.00 secs] 
2014-07-10T14:50:29.298+0200: 87.444: [GC2014-07-10T14:50:29.298+0200: 87.444: [ParNew: 78629K->78629K(78656K), 0.0000466 secs]2014-07-10T14:50:29.298+0200: 87.444: [CMS: 139455K->174767K(174784K), 0.1813613 secs] 218085K->217343K(253440K), [CMS Perm : 2654K->2654K(21248K)], 0.1815666 secs] [Times: user=0.17 sys=0.00, real=0.18 secs] 
2014-07-10T14:50:29.480+0200: 87.625: [GC [1 CMS-initial-mark: 174767K(174784K)] 217384K(253440K), 0.0005008 secs] [Times: user=0.00 sys=0.00, real=0.00 secs] 
2014-07-10T14:50:29.480+0200: 87.626: [CMS-concurrent-mark-start]
2014-07-10T14:50:29.505+0200: 87.651: [CMS-concurrent-mark: 0.025/0.025 secs] [Times: user=0.01 sys=0.00, real=0.03 secs] 
2014-07-10T14:50:29.505+0200: 87.651: [CMS-concurrent-preclean-start]
2014-07-10T14:50:29.527+0200: 87.673: [CMS-concurrent-preclean: 0.022/0.022 secs] [Times: user=0.02 sys=0.00, real=0.02 secs] 
2014-07-10T14:50:29.527+0200: 87.673: [CMS-concurrent-abortable-preclean-start]
2014-07-10T14:50:29.527+0200: 87.673: [CMS-concurrent-abortable-preclean: 0.000/0.000 secs] [Times: user=0.00 sys=0.00, real=0.00 secs] 
2014-07-10T14:50:29.547+0200: 87.693: [GC[YG occupancy: 57308 K (78656 K)]2014-07-10T14:50:29.547+0200: 87.693: [Rescan (parallel) , 0.0007490 secs]2014-07-10T14:50:29.548+0200: 87.693: [weak refs processing, 0.0000326 secs]2014-07-10T14:50:29.548+0200: 87.693: [scrub string table, 0.0001972 secs] [1 CMS-remark: 174767K(174784K)] 232076K(253440K), 0.0010826 secs] [Times: user=0.00 sys=0.00, real=0.00 secs] 
2014-07-10T14:50:29.548+0200: 87.694: [CMS-concurrent-sweep-start]
2014-07-10T14:50:29.554+0200: 87.700: [CMS-concurrent-sweep: 0.005/0.005 secs] [Times: user=0.00 sys=0.00, real=0.01 secs] 
2014-07-10T14:50:29.554+0200: 87.700: [CMS-concurrent-reset-start]
2014-07-10T14:50:29.555+0200: 87.701: [CMS-concurrent-reset: 0.001/0.001 secs] [Times: user=0.02 sys=0.00, real=0.00 secs] 
2014-07-10T14:50:29.615+0200: 87.761: [GC2014-07-10T14:50:29.615+0200: 87.761: [ParNew: 78624K->78624K(78656K), 0.0000517 secs]2014-07-10T14:50:29.615+0200: 87.761: [CMS: 174757K->174770K(174784K), 0.2031729 secs] 253382K->253174K(253440K), [CMS Perm : 2654K->2654K(21248K)], 0.2034842 secs] [Times: user=0.19 sys=0.00, real=0.20 secs] 
2014-07-10T14:50:29.819+0200: 87.964: [GC [1 CMS-initial-mark: 174770K(174784K)] 253217K(253440K), 0.0008033 secs] [Times: user=0.00 sys=0.00, real=0.00 secs] 
2014-07-10T14:50:29.819+0200: 87.965: [CMS-concurrent-mark-start]
2014-07-10T14:50:29.820+0200: 87.966: [Full GC2014-07-10T14:50:29.820+0200: 87.966: [CMS2014-07-10T14:50:29.843+0200: 87.989: [CMS-concurrent-mark: 0.023/0.024 secs] [Times: user=0.05 sys=0.00, real=0.02 secs] 
 (concurrent mode failure): 174770K->174769K(174784K), 0.1681099 secs] 253415K->253409K(253440K), [CMS Perm : 2654K->2654K(21248K)], 0.1682317 secs] [Times: user=0.16 sys=0.00, real=0.17 secs] 
2014-07-10T14:50:29.988+0200: 88.134: [Full GC2014-07-10T14:50:29.988+0200: 88.134: [CMS: 174769K->8768K(174784K), 0.0483117 secs] 253409K->8768K(253440K), [CMS Perm : 2654K->2654K(21248K)], 0.0483993 secs] [Times: user=0.05 sys=0.00, real=0.05 secs] 
2014-07-10T14:50:30.149+0200: 88.295: [GC2014-07-10T14:50:30.149+0200: 88.295: [ParNew: 69918K->8704K(78656K), 0.0448064 secs] 78687K->78582K(253440K), 0.0449626 secs] [Times: user=0.06 sys=0.00, real=0.05 secs] 
2014-07-10T14:50:30.194+0200: 88.340: [GC [1 CMS-initial-mark: 69878K(174784K)] 78623K(253440K), 0.0003597 secs] [Times: user=0.02 sys=0.00, real=0.00 secs] 
2014-07-10T14:50:30.195+0200: 88.341: [CMS-concurrent-mark-start]
2014-07-10T14:50:30.218+0200: 88.364: [CMS-concurrent-mark: 0.023/0.023 secs] [Times: user=0.01 sys=0.00, real=0.02 secs] 
2014-07-10T14:50:30.218+0200: 88.364: [CMS-concurrent-preclean-start]
2014-07-10T14:50:30.221+0200: 88.367: [CMS-concurrent-preclean: 0.002/0.003 secs] [Times: user=0.00 sys=0.00, real=0.00 secs] 
2014-07-10T14:50:30.221+0200: 88.367: [CMS-concurrent-abortable-preclean-start]
2014-07-10T14:50:30.310+0200: 88.456: [GC2014-07-10T14:50:30.310+0200: 88.456: [ParNew2014-07-10T14:50:30.344+0200: 88.490: [CMS-concurrent-abortable-preclean: 0.002/0.123 secs] [Times: user=0.06 sys=0.00, real=0.12 secs] 
: 78643K->8704K(78656K), 0.0509665 secs] 148522K->148346K(253440K), 0.0513807 secs] [Times: user=0.09 sys=0.00, real=0.05 secs] 
2014-07-10T14:50:30.363+0200: 88.509: [GC[YG occupancy: 10279 K (78656 K)]2014-07-10T14:50:30.363+0200: 88.509: [Rescan (parallel) , 0.0016755 secs]2014-07-10T14:50:30.365+0200: 88.510: [weak refs processing, 0.0003424 secs]2014-07-10T14:50:30.365+0200: 88.511: [scrub string table, 0.0001730 secs] [1 CMS-remark: 139642K(174784K)] 149921K(253440K), 0.0023050 secs] [Times: user=0.00 sys=0.00, real=0.00 secs] 
2014-07-10T14:50:30.365+0200: 88.511: [CMS-concurrent-sweep-start]
2014-07-10T14:50:30.371+0200: 88.517: [CMS-concurrent-sweep: 0.006/0.006 secs] [Times: user=0.03 sys=0.00, real=0.01 secs] 
2014-07-10T14:50:30.371+0200: 88.517: [CMS-concurrent-reset-start]
2014-07-10T14:50:30.372+0200: 88.518: [CMS-concurrent-reset: 0.001/0.001 secs] [Times: user=0.00 sys=0.00, real=0.00 secs] 
2014-07-10T14:50:30.486+0200: 88.632: [GC2014-07-10T14:50:30.486+0200: 88.632: [ParNew: 78639K->78639K(78656K), 0.0002324 secs]2014-07-10T14:50:30.486+0200: 88.632: [CMS: 139410K->174772K(174784K), 0.1764452 secs] 218049K->217331K(253440K), [CMS Perm : 2654K->2654K(21248K)], 0.1768877 secs] [Times: user=0.19 sys=0.00, real=0.18 secs] 
2014-07-10T14:50:30.663+0200: 88.809: [GC [1 CMS-initial-mark: 174772K(174784K)] 217372K(253440K), 0.0005811 secs] [Times: user=0.00 sys=0.00, real=0.00 secs] 
2014-07-10T14:50:30.663+0200: 88.809: [CMS-concurrent-mark-start]
2014-07-10T14:50:30.688+0200: 88.834: [CMS-concurrent-mark: 0.025/0.025 secs] [Times: user=0.02 sys=0.00, real=0.02 secs] 
2014-07-10T14:50:30.688+0200: 88.834: [CMS-concurrent-preclean-start]
2014-07-10T14:50:30.708+0200: 88.854: [CMS-concurrent-preclean: 0.019/0.019 secs] [Times: user=0.02 sys=0.00, real=0.02 secs] 
2014-07-10T14:50:30.708+0200: 88.854: [CMS-concurrent-abortable-preclean-start]
2014-07-10T14:50:30.708+0200: 88.854: [CMS-concurrent-abortable-preclean: 0.000/0.000 secs] [Times: user=0.00 sys=0.00, real=0.00 secs] 
2014-07-10T14:50:30.708+0200: 88.854: [GC[YG occupancy: 68690 K (78656 K)]2014-07-10T14:50:30.708+0200: 88.854: [Rescan (parallel) , 0.0009668 secs]2014-07-10T14:50:30.709+0200: 88.855: [weak refs processing, 0.0000326 secs]2014-07-10T14:50:30.709+0200: 88.855: [scrub string table, 0.0002049 secs] [1 CMS-remark: 174772K(174784K)] 243462K(253440K), 0.0012872 secs] [Times: user=0.03 sys=0.00, real=0.00 secs] 
2014-07-10T14:50:30.709+0200: 88.855: [CMS-concurrent-sweep-start]
2014-07-10T14:50:30.715+0200: 88.861: [CMS-concurrent-sweep: 0.006/0.006 secs] [Times: user=0.00 sys=0.00, real=0.01 secs] 
2014-07-10T14:50:30.715+0200: 88.861: [CMS-concurrent-reset-start]
2014-07-10T14:50:30.716+0200: 88.862: [CMS-concurrent-reset: 0.001/0.001 secs] [Times: user=0.00 sys=0.00, real=0.00 secs] 
2014-07-10T14:50:30.727+0200: 88.873: [GC2014-07-10T14:50:30.727+0200: 88.873: [ParNew: 78621K->78621K(78656K), 0.0000473 secs]2014-07-10T14:50:30.727+0200: 88.873: [CMS: 174763K->174775K(174784K), 0.1735158 secs] 253385K->253179K(253440K), [CMS Perm : 2654K->2654K(21248K)], 0.1737377 secs] [Times: user=0.17 sys=0.00, real=0.17 secs] 
2014-07-10T14:50:30.901+0200: 89.047: [GC [1 CMS-initial-mark: 174775K(174784K)] 253220K(253440K), 0.0010698 secs] [Times: user=0.00 sys=0.00, real=0.00 secs] 
2014-07-10T14:50:30.902+0200: 89.048: [CMS-concurrent-mark-start]
2014-07-10T14:50:30.902+0200: 89.048: [Full GC2014-07-10T14:50:30.902+0200: 89.048: [CMS2014-07-10T14:50:30.925+0200: 89.070: [CMS-concurrent-mark: 0.023/0.023 secs] [Times: user=0.02 sys=0.00, real=0.02 secs] 
 (concurrent mode failure): 174775K->174774K(174784K), 0.1620856 secs] 253418K->253415K(253440K), [CMS Perm : 2654K->2654K(21248K)], 0.1622161 secs] [Times: user=0.14 sys=0.02, real=0.16 secs] 
2014-07-10T14:50:31.065+0200: 89.211: [Full GC2014-07-10T14:50:31.065+0200: 89.211: [CMS: 174774K->8808K(174784K), 0.0485005 secs] 253415K->8808K(253440K), [CMS Perm : 2654K->2654K(21248K)], 0.0485860 secs] [Times: user=0.05 sys=0.00, real=0.05 secs] 
2014-07-10T14:50:31.229+0200: 89.375: [GC2014-07-10T14:50:31.229+0200: 89.375: [ParNew: 69946K->8704K(78656K), 0.0458964 secs] 78755K->78668K(253440K), 0.0460317 secs] [Times: user=0.09 sys=0.00, real=0.05 secs] 
2014-07-10T14:50:31.275+0200: 89.421: [GC [1 CMS-initial-mark: 69964K(174784K)] 78709K(253440K), 0.0002992 secs] [Times: user=0.00 sys=0.00, real=0.00 secs] 
2014-07-10T14:50:31.275+0200: 89.421: [CMS-concurrent-mark-start]
2014-07-10T14:50:31.299+0200: 89.445: [CMS-concurrent-mark: 0.023/0.023 secs] [Times: user=0.01 sys=0.00, real=0.02 secs] 
2014-07-10T14:50:31.299+0200: 89.445: [CMS-concurrent-preclean-start]
2014-07-10T14:50:31.302+0200: 89.447: [CMS-concurrent-preclean: 0.002/0.003 secs] [Times: user=0.02 sys=0.00, real=0.00 secs] 
2014-07-10T14:50:31.302+0200: 89.448: [CMS-concurrent-abortable-preclean-start]
2014-07-10T14:50:31.392+0200: 89.538: [GC2014-07-10T14:50:31.392+0200: 89.538: [ParNew2014-07-10T14:50:31.418+0200: 89.564: [CMS-concurrent-abortable-preclean: 0.002/0.117 secs] [Times: user=0.06 sys=0.00, real=0.12 secs] 
: 78616K->8704K(78656K), 0.0506420 secs] 148581K->148396K(253440K), 0.0507875 secs] [Times: user=0.11 sys=0.00, real=0.05 secs] 
2014-07-10T14:50:31.443+0200: 89.589: [GC[YG occupancy: 8786 K (78656 K)]2014-07-10T14:50:31.443+0200: 89.589: [Rescan (parallel) , 0.0015501 secs]2014-07-10T14:50:31.444+0200: 89.590: [weak refs processing, 0.0004000 secs]2014-07-10T14:50:31.445+0200: 89.591: [scrub string table, 0.0001745 secs] [1 CMS-remark: 139692K(174784K)] 148479K(253440K), 0.0022170 secs] [Times: user=0.00 sys=0.00, real=0.00 secs] 
2014-07-10T14:50:31.445+0200: 89.591: [CMS-concurrent-sweep-start]
2014-07-10T14:50:31.451+0200: 89.597: [CMS-concurrent-sweep: 0.006/0.006 secs] [Times: user=0.00 sys=0.00, real=0.01 secs] 
2014-07-10T14:50:31.452+0200: 89.597: [CMS-concurrent-reset-start]
2014-07-10T14:50:31.452+0200: 89.598: [CMS-concurrent-reset: 0.001/0.001 secs] [Times: user=0.00 sys=0.00, real=0.00 secs] 
2014-07-10T14:50:31.564+0200: 89.710: [GC2014-07-10T14:50:31.564+0200: 89.710: [ParNew: 78629K->78629K(78656K), 0.0000565 secs]2014-07-10T14:50:31.564+0200: 89.710: [CMS: 139457K->174754K(174784K), 0.1720783 secs] 218087K->217343K(253440K), [CMS Perm : 2654K->2654K(21248K)], 0.1722895 secs] [Times: user=0.17 sys=0.00, real=0.17 secs] 
2014-07-10T14:50:31.736+0200: 89.882: [GC [1 CMS-initial-mark: 174754K(174784K)] 217384K(253440K), 0.0005323 secs] [Times: user=0.00 sys=0.00, real=0.00 secs] 
2014-07-10T14:50:31.737+0200: 89.883: [CMS-concurrent-mark-start]
2014-07-10T14:50:31.761+0200: 89.907: [CMS-concurrent-mark: 0.024/0.024 secs] [Times: user=0.03 sys=0.00, real=0.02 secs] 
2014-07-10T14:50:31.761+0200: 89.907: [CMS-concurrent-preclean-start]
2014-07-10T14:50:31.779+0200: 89.925: [CMS-concurrent-preclean: 0.018/0.018 secs] [Times: user=0.02 sys=0.00, real=0.02 secs] 
2014-07-10T14:50:31.779+0200: 89.925: [CMS-concurrent-abortable-preclean-start]
2014-07-10T14:50:31.779+0200: 89.925: [CMS-concurrent-abortable-preclean: 0.000/0.000 secs] [Times: user=0.00 sys=0.00, real=0.00 secs] 
2014-07-10T14:50:31.780+0200: 89.926: [GC[YG occupancy: 68010 K (78656 K)]2014-07-10T14:50:31.780+0200: 89.926: [Rescan (parallel) , 0.0009030 secs]2014-07-10T14:50:31.781+0200: 89.926: [weak refs processing, 0.0000308 secs]2014-07-10T14:50:31.781+0200: 89.927: [scrub string table, 0.0001536 secs] [1 CMS-remark: 174754K(174784K)] 242765K(253440K), 0.0011688 secs] [Times: user=0.00 sys=0.00, real=0.00 secs] 
2014-07-10T14:50:31.781+0200: 89.927: [CMS-concurrent-sweep-start]
2014-07-10T14:50:31.786+0200: 89.932: [CMS-concurrent-sweep: 0.006/0.006 secs] [Times: user=0.03 sys=0.00, real=0.01 secs] 
2014-07-10T14:50:31.786+0200: 89.932: [CMS-concurrent-reset-start]
2014-07-10T14:50:31.787+0200: 89.933: [CMS-concurrent-reset: 0.001/0.001 secs] [Times: user=0.00 sys=0.00, real=0.00 secs] 
2014-07-10T14:50:31.800+0200: 89.946: [GC2014-07-10T14:50:31.800+0200: 89.946: [ParNew: 78618K->78618K(78656K), 0.0000477 secs]2014-07-10T14:50:31.800+0200: 89.946: [CMS: 174745K->174757K(174784K), 0.1711581 secs] 253364K->253153K(253440K), [CMS Perm : 2654K->2654K(21248K)], 0.1713843 secs] [Times: user=0.17 sys=0.00, real=0.17 secs] 
2014-07-10T14:50:31.971+0200: 90.117: [GC [1 CMS-initial-mark: 174757K(174784K)] 253194K(253440K), 0.0008374 secs] [Times: user=0.00 sys=0.00, real=0.00 secs] 
2014-07-10T14:50:31.972+0200: 90.118: [CMS-concurrent-mark-start]
2014-07-10T14:50:31.972+0200: 90.118: [Full GC2014-07-10T14:50:31.972+0200: 90.118: [CMS2014-07-10T14:50:31.995+0200: 90.141: [CMS-concurrent-mark: 0.022/0.022 secs] [Times: user=0.03 sys=0.00, real=0.02 secs] 
 (concurrent mode failure): 174757K->174756K(174784K), 0.1668502 secs] 253392K->253388K(253440K), [CMS Perm : 2654K->2654K(21248K)], 0.1669606 secs] [Times: user=0.16 sys=0.00, real=0.17 secs] 
2014-07-10T14:50:32.139+0200: 90.285: [Full GC2014-07-10T14:50:32.139+0200: 90.285: [CMS: 174756K->8768K(174784K), 0.0506996 secs] 253388K->8768K(253440K), [CMS Perm : 2654K->2654K(21248K)], 0.0507945 secs] [Times: user=0.05 sys=0.00, real=0.05 secs] 
2014-07-10T14:50:32.304+0200: 90.450: [GC2014-07-10T14:50:32.304+0200: 90.450: [ParNew: 69937K->8704K(78656K), 0.0444475 secs] 78706K->78611K(253440K), 0.0446033 secs] [Times: user=0.09 sys=0.00, real=0.04 secs] 
2014-07-10T14:50:32.349+0200: 90.495: [GC [1 CMS-initial-mark: 69907K(174784K)] 78733K(253440K), 0.0005202 secs] [Times: user=0.00 sys=0.00, real=0.00 secs] 
2014-07-10T14:50:32.349+0200: 90.495: [CMS-concurrent-mark-start]
2014-07-10T14:50:32.373+0200: 90.519: [CMS-concurrent-mark: 0.024/0.024 secs] [Times: user=0.01 sys=0.00, real=0.02 secs] 
2014-07-10T14:50:32.373+0200: 90.519: [CMS-concurrent-preclean-start]
2014-07-10T14:50:32.376+0200: 90.522: [CMS-concurrent-preclean: 0.002/0.003 secs] [Times: user=0.00 sys=0.00, real=0.00 secs] 
2014-07-10T14:50:32.376+0200: 90.522: [CMS-concurrent-abortable-preclean-start]
2014-07-10T14:50:32.464+0200: 90.610: [GC2014-07-10T14:50:32.464+0200: 90.610: [ParNew2014-07-10T14:50:32.498+0200: 90.644: [CMS-concurrent-abortable-preclean: 0.002/0.122 secs] [Times: user=0.08 sys=0.00, real=0.12 secs] 
: 78626K->8704K(78656K), 0.0501654 secs] 148533K->148365K(253440K), 0.0503399 secs] [Times: user=0.09 sys=0.00, real=0.05 secs] 
2014-07-10T14:50:32.533+0200: 90.679: [GC[YG occupancy: 10170 K (78656 K)]2014-07-10T14:50:32.533+0200: 90.679: [Rescan (parallel) , 0.0016220 secs]2014-07-10T14:50:32.534+0200: 90.680: [weak refs processing, 0.0003582 secs]2014-07-10T14:50:32.535+0200: 90.681: [scrub string table, 0.0001741 secs] [1 CMS-remark: 139661K(174784K)] 149831K(253440K), 0.0022863 secs] [Times: user=0.03 sys=0.00, real=0.00 secs] 
2014-07-10T14:50:32.550+0200: 90.696: [CMS-concurrent-sweep-start]
2014-07-10T14:50:32.556+0200: 90.702: [CMS-concurrent-sweep: 0.006/0.006 secs] [Times: user=0.00 sys=0.00, real=0.01 secs] 
2014-07-10T14:50:32.556+0200: 90.702: [CMS-concurrent-reset-start]
2014-07-10T14:50:32.557+0200: 90.703: [CMS-concurrent-reset: 0.001/0.001 secs] [Times: user=0.00 sys=0.00, real=0.00 secs] 
2014-07-10T14:50:32.659+0200: 90.805: [GC2014-07-10T14:50:32.659+0200: 90.805: [ParNew: 78637K->78637K(78656K), 0.0000484 secs]2014-07-10T14:50:32.659+0200: 90.805: [CMS: 139427K->174767K(174784K), 0.1881783 secs] 218065K->217326K(253440K), [CMS Perm : 2654K->2654K(21248K)], 0.1883884 secs] [Times: user=0.19 sys=0.00, real=0.19 secs] 
2014-07-10T14:50:32.847+0200: 90.993: [GC [1 CMS-initial-mark: 174767K(174784K)] 217367K(253440K), 0.0005129 secs] [Times: user=0.00 sys=0.00, real=0.00 secs] 
2014-07-10T14:50:32.848+0200: 90.994: [CMS-concurrent-mark-start]
2014-07-10T14:50:32.872+0200: 91.018: [CMS-concurrent-mark: 0.024/0.024 secs] [Times: user=0.02 sys=0.00, real=0.02 secs] 
2014-07-10T14:50:32.872+0200: 91.018: [CMS-concurrent-preclean-start]
2014-07-10T14:50:32.890+0200: 91.036: [CMS-concurrent-preclean: 0.018/0.018 secs] [Times: user=0.01 sys=0.00, real=0.02 secs] 
2014-07-10T14:50:32.890+0200: 91.036: [CMS-concurrent-abortable-preclean-start]
2014-07-10T14:50:32.890+0200: 91.036: [CMS-concurrent-abortable-preclean: 0.000/0.000 secs] [Times: user=0.00 sys=0.00, real=0.00 secs] 
2014-07-10T14:50:32.890+0200: 91.036: [GC[YG occupancy: 67878 K (78656 K)]2014-07-10T14:50:32.890+0200: 91.036: [Rescan (parallel) , 0.0009752 secs]2014-07-10T14:50:32.891+0200: 91.037: [weak refs processing, 0.0000301 secs]2014-07-10T14:50:32.891+0200: 91.037: [scrub string table, 0.0001785 secs] [1 CMS-remark: 174767K(174784K)] 242646K(253440K), 0.0012667 secs] [Times: user=0.00 sys=0.00, real=0.00 secs] 
2014-07-10T14:50:32.892+0200: 91.038: [CMS-concurrent-sweep-start]
2014-07-10T14:50:32.897+0200: 91.043: [CMS-concurrent-sweep: 0.006/0.006 secs] [Times: user=0.02 sys=0.00, real=0.01 secs] 
2014-07-10T14:50:32.897+0200: 91.043: [CMS-concurrent-reset-start]
2014-07-10T14:50:32.898+0200: 91.044: [CMS-concurrent-reset: 0.001/0.001 secs] [Times: user=0.00 sys=0.00, real=0.00 secs] 
2014-07-10T14:50:32.915+0200: 91.061: [GC2014-07-10T14:50:32.915+0200: 91.061: [ParNew: 78649K->78649K(78656K), 0.0000477 secs]2014-07-10T14:50:32.915+0200: 91.061: [CMS: 174757K->174770K(174784K), 0.1724889 secs] 253407K->253196K(253440K), [CMS Perm : 2654K->2654K(21248K)], 0.1727181 secs] [Times: user=0.17 sys=0.00, real=0.17 secs] 
2014-07-10T14:50:33.088+0200: 91.234: [GC [1 CMS-initial-mark: 174770K(174784K)] 253238K(253440K), 0.0009459 secs] [Times: user=0.00 sys=0.00, real=0.00 secs] 
2014-07-10T14:50:33.089+0200: 91.235: [CMS-concurrent-mark-start]
2014-07-10T14:50:33.089+0200: 91.235: [Full GC2014-07-10T14:50:33.089+0200: 91.235: [CMS2014-07-10T14:50:33.113+0200: 91.259: [CMS-concurrent-mark: 0.024/0.024 secs] [Times: user=0.03 sys=0.00, real=0.02 secs] 
 (concurrent mode failure): 174770K->174769K(174784K), 0.1476167 secs] 253396K->253392K(253440K), [CMS Perm : 2654K->2654K(21248K)], 0.1477520 secs] [Times: user=0.16 sys=0.00, real=0.15 secs] 
2014-07-10T14:50:33.237+0200: 91.383: [Full GC2014-07-10T14:50:33.237+0200: 91.383: [CMS: 174769K->8769K(174784K), 0.0525338 secs] 253392K->8769K(253440K), [CMS Perm : 2654K->2654K(21248K)], 0.0526427 secs] [Times: user=0.05 sys=0.00, real=0.05 secs] 
2014-07-10T14:50:33.423+0200: 91.569: [GC2014-07-10T14:50:33.423+0200: 91.569: [ParNew: 69916K->8704K(78656K), 0.0450235 secs] 78685K->78588K(253440K), 0.0451686 secs] [Times: user=0.08 sys=0.00, real=0.04 secs] 
2014-07-10T14:50:33.468+0200: 91.614: [GC [1 CMS-initial-mark: 69884K(174784K)] 78627K(253440K), 0.0003219 secs] [Times: user=0.00 sys=0.00, real=0.00 secs] 
2014-07-10T14:50:33.468+0200: 91.614: [CMS-concurrent-mark-start]
2014-07-10T14:50:33.494+0200: 91.640: [CMS-concurrent-mark: 0.026/0.026 secs] [Times: user=0.03 sys=0.00, real=0.03 secs] 
2014-07-10T14:50:33.494+0200: 91.640: [CMS-concurrent-preclean-start]
2014-07-10T14:50:33.497+0200: 91.643: [CMS-concurrent-preclean: 0.002/0.003 secs] [Times: user=0.00 sys=0.00, real=0.00 secs] 
2014-07-10T14:50:33.497+0200: 91.643: [CMS-concurrent-abortable-preclean-start]
2014-07-10T14:50:33.584+0200: 91.730: [GC2014-07-10T14:50:33.585+0200: 91.731: [ParNew2014-07-10T14:50:33.619+0200: 91.765: [CMS-concurrent-abortable-preclean: 0.004/0.122 secs] [Times: user=0.06 sys=0.00, real=0.12 secs] 
: 78651K->8704K(78656K), 0.0763780 secs] 148536K->148376K(253440K), 0.0773023 secs] [Times: user=0.11 sys=0.00, real=0.08 secs] 
2014-07-10T14:50:33.663+0200: 91.809: [GC[YG occupancy: 9572 K (78656 K)]2014-07-10T14:50:33.663+0200: 91.809: [Rescan (parallel) , 0.0016088 secs]2014-07-10T14:50:33.664+0200: 91.810: [weak refs processing, 0.0003461 secs]2014-07-10T14:50:33.665+0200: 91.811: [scrub string table, 0.0001554 secs] [1 CMS-remark: 139672K(174784K)] 149244K(253440K), 0.0022071 secs] [Times: user=0.00 sys=0.00, real=0.00 secs] 
2014-07-10T14:50:33.665+0200: 91.811: [CMS-concurrent-sweep-start]
2014-07-10T14:50:33.671+0200: 91.817: [CMS-concurrent-sweep: 0.006/0.006 secs] [Times: user=0.00 sys=0.00, real=0.01 secs] 
2014-07-10T14:50:33.671+0200: 91.817: [CMS-concurrent-reset-start]
2014-07-10T14:50:33.672+0200: 91.818: [CMS-concurrent-reset: 0.001/0.001 secs] [Times: user=0.00 sys=0.00, real=0.00 secs] 
2014-07-10T14:50:33.785+0200: 91.931: [GC2014-07-10T14:50:33.785+0200: 91.931: [ParNew: 78649K->78649K(78656K), 0.0000491 secs]2014-07-10T14:50:33.785+0200: 91.931: [CMS: 139440K->174750K(174784K), 0.2109916 secs] 218089K->217347K(253440K), [CMS Perm : 2654K->2654K(21248K)], 0.2112134 secs] [Times: user=0.17 sys=0.00, real=0.21 secs] 
2014-07-10T14:50:33.997+0200: 92.143: [GC [1 CMS-initial-mark: 174750K(174784K)] 217389K(253440K), 0.0009378 secs] [Times: user=0.00 sys=0.00, real=0.00 secs] 
2014-07-10T14:50:33.998+0200: 92.144: [CMS-concurrent-mark-start]
2014-07-10T14:50:34.024+0200: 92.170: [CMS-concurrent-mark: 0.026/0.026 secs] [Times: user=0.03 sys=0.00, real=0.03 secs] 
2014-07-10T14:50:34.024+0200: 92.170: [CMS-concurrent-preclean-start]
2014-07-10T14:50:34.042+0200: 92.188: [CMS-concurrent-preclean: 0.018/0.018 secs] [Times: user=0.02 sys=0.00, real=0.02 secs] 
2014-07-10T14:50:34.042+0200: 92.188: [CMS-concurrent-abortable-preclean-start]
2014-07-10T14:50:34.042+0200: 92.188: [CMS-concurrent-abortable-preclean: 0.000/0.000 secs] [Times: user=0.00 sys=0.00, real=0.00 secs] 
2014-07-10T14:50:34.042+0200: 92.188: [GC[YG occupancy: 66859 K (78656 K)]2014-07-10T14:50:34.042+0200: 92.188: [Rescan (parallel) , 0.0009477 secs]2014-07-10T14:50:34.043+0200: 92.189: [weak refs processing, 0.0000308 secs]2014-07-10T14:50:34.043+0200: 92.189: [scrub string table, 0.0001492 secs] [1 CMS-remark: 174750K(174784K)] 241610K(253440K), 0.0012080 secs] [Times: user=0.00 sys=0.00, real=0.00 secs] 
2014-07-10T14:50:34.043+0200: 92.190: [CMS-concurrent-sweep-start]
2014-07-10T14:50:34.049+0200: 92.195: [CMS-concurrent-sweep: 0.006/0.006 secs] [Times: user=0.02 sys=0.00, real=0.01 secs] 
2014-07-10T14:50:34.049+0200: 92.195: [CMS-concurrent-reset-start]
2014-07-10T14:50:34.050+0200: 92.196: [CMS-concurrent-reset: 0.001/0.001 secs] [Times: user=0.00 sys=0.00, real=0.00 secs] 
2014-07-10T14:50:34.064+0200: 92.210: [GC2014-07-10T14:50:34.064+0200: 92.210: [ParNew: 78635K->78635K(78656K), 0.0000466 secs]2014-07-10T14:50:34.064+0200: 92.210: [CMS: 174740K->174754K(174784K), 0.1724537 secs] 253376K->253168K(253440K), [CMS Perm : 2654K->2654K(21248K)], 0.1726990 secs] [Times: user=0.12 sys=0.00, real=0.17 secs] 
2014-07-10T14:50:34.237+0200: 92.383: [GC [1 CMS-initial-mark: 174754K(174784K)] 253212K(253440K), 0.0011831 secs] [Times: user=0.00 sys=0.00, real=0.00 secs] 
2014-07-10T14:50:34.238+0200: 92.384: [CMS-concurrent-mark-start]
2014-07-10T14:50:34.238+0200: 92.384: [Full GC2014-07-10T14:50:34.238+0200: 92.384: [CMS2014-07-10T14:50:34.261+0200: 92.407: [CMS-concurrent-mark: 0.022/0.023 secs] [Times: user=0.02 sys=0.00, real=0.02 secs] 
 (concurrent mode failure): 174754K->174753K(174784K), 0.1540308 secs] 253368K->253364K(253440K), [CMS Perm : 2654K->2654K(21248K)], 0.1541411 secs] [Times: user=0.16 sys=0.00, real=0.15 secs] 
2014-07-10T14:50:34.392+0200: 92.539: [Full GC2014-07-10T14:50:34.392+0200: 92.539: [CMS: 174753K->8769K(174784K), 0.0436420 secs] 253364K->8769K(253440K), [CMS Perm : 2654K->2654K(21248K)], 0.0437179 secs] [Times: user=0.03 sys=0.00, real=0.04 secs] 
2014-07-10T14:50:34.547+0200: 92.693: [GC2014-07-10T14:50:34.547+0200: 92.693: [ParNew: 69948K->8704K(78656K), 0.0456599 secs] 78717K->78638K(253440K), 0.0458157 secs] [Times: user=0.08 sys=0.00, real=0.05 secs] 
2014-07-10T14:50:34.594+0200: 92.740: [GC [1 CMS-initial-mark: 69934K(174784K)] 79506K(253440K), 0.0002713 secs] [Times: user=0.00 sys=0.00, real=0.00 secs] 
2014-07-10T14:50:34.594+0200: 92.740: [CMS-concurrent-mark-start]
2014-07-10T14:50:34.618+0200: 92.764: [CMS-concurrent-mark: 0.024/0.024 secs] [Times: user=0.01 sys=0.00, real=0.02 secs] 
2014-07-10T14:50:34.618+0200: 92.764: [CMS-concurrent-preclean-start]
2014-07-10T14:50:34.619+0200: 92.766: [CMS-concurrent-preclean: 0.001/0.002 secs] [Times: user=0.00 sys=0.00, real=0.00 secs] 
2014-07-10T14:50:34.620+0200: 92.766: [CMS-concurrent-abortable-preclean-start]
2014-07-10T14:50:34.729+0200: 92.876: [CMS-concurrent-abortable-preclean: 0.007/0.110 secs] [Times: user=0.00 sys=0.00, real=0.11 secs] 
2014-07-10T14:50:34.730+0200: 92.876: [GC[YG occupancy: 78175 K (78656 K)]2014-07-10T14:50:34.730+0200: 92.876: [Rescan (parallel) , 0.0063349 secs]2014-07-10T14:50:34.737+0200: 92.883: [weak refs processing, 0.0004942 secs]2014-07-10T14:50:34.737+0200: 92.883: [scrub string table, 0.0002174 secs] [1 CMS-remark: 69934K(174784K)] 148109K(253440K), 0.0072108 secs] [Times: user=0.02 sys=0.00, real=0.01 secs] 
2014-07-10T14:50:34.737+0200: 92.884: [CMS-concurrent-sweep-start]
2014-07-10T14:50:34.744+0200: 92.890: [CMS-concurrent-sweep: 0.007/0.007 secs] [Times: user=0.00 sys=0.00, real=0.01 secs] 
2014-07-10T14:50:34.744+0200: 92.890: [CMS-concurrent-reset-start]
2014-07-10T14:50:34.745+0200: 92.892: [CMS-concurrent-reset: 0.001/0.001 secs] [Times: user=0.00 sys=0.00, real=0.00 secs] 
2014-07-10T14:50:34.746+0200: 92.892: [GC2014-07-10T14:50:34.746+0200: 92.892: [ParNew: 78649K->8704K(78656K), 0.0531545 secs] 148355K->148146K(253440K), 0.0532505 secs] [Times: user=0.11 sys=0.00, real=0.05 secs] 
2014-07-10T14:50:34.800+0200: 92.946: [GC [1 CMS-initial-mark: 139442K(174784K)] 148187K(253440K), 0.0002449 secs] [Times: user=0.00 sys=0.00, real=0.00 secs] 
2014-07-10T14:50:34.800+0200: 92.946: [CMS-concurrent-mark-start]
2014-07-10T14:50:34.825+0200: 92.972: [CMS-concurrent-mark: 0.026/0.026 secs] [Times: user=0.02 sys=0.00, real=0.03 secs] 
2014-07-10T14:50:34.826+0200: 92.972: [CMS-concurrent-preclean-start]
2014-07-10T14:50:34.828+0200: 92.974: [CMS-concurrent-preclean: 0.002/0.003 secs] [Times: user=0.00 sys=0.02, real=0.00 secs] 
2014-07-10T14:50:34.828+0200: 92.974: [CMS-concurrent-abortable-preclean-start]
2014-07-10T14:50:34.922+0200: 93.068: [GC2014-07-10T14:50:34.922+0200: 93.068: [ParNew: 78647K->78647K(78656K), 0.0000477 secs]2014-07-10T14:50:34.922+0200: 93.068: [CMS2014-07-10T14:50:34.922+0200: 93.068: [CMS-concurrent-abortable-preclean: 0.002/0.094 secs] [Times: user=0.00 sys=0.00, real=0.09 secs] 
 (concurrent mode failure): 139442K->174768K(174784K), 0.1797159 secs] 218089K->217366K(253440K), [CMS Perm : 2654K->2654K(21248K)], 0.1799758 secs] [Times: user=0.16 sys=0.00, real=0.18 secs] 
2014-07-10T14:50:35.170+0200: 93.316: [Full GC2014-07-10T14:50:35.170+0200: 93.316: [CMS: 174768K->174771K(174784K), 0.1832600 secs] 253419K->253198K(253440K), [CMS Perm : 2654K->2654K(21248K)], 0.1834191 secs] [Times: user=0.17 sys=0.00, real=0.18 secs] 
2014-07-10T14:50:35.353+0200: 93.500: [GC [1 CMS-initial-mark: 174771K(174784K)] 253239K(253440K), 0.0008810 secs] [Times: user=0.00 sys=0.00, real=0.00 secs] 
2014-07-10T14:50:35.354+0200: 93.500: [CMS-concurrent-mark-start]
2014-07-10T14:50:35.354+0200: 93.501: [Full GC2014-07-10T14:50:35.354+0200: 93.501: [CMS2014-07-10T14:50:35.378+0200: 93.524: [CMS-concurrent-mark: 0.023/0.023 secs] [Times: user=0.02 sys=0.00, real=0.02 secs] 
 (concurrent mode failure): 174771K->174771K(174784K), 0.1620390 secs] 253397K->253394K(253440K), [CMS Perm : 2654K->2654K(21248K)], 0.1621607 secs] [Times: user=0.16 sys=0.00, real=0.16 secs] 
2014-07-10T14:50:35.517+0200: 93.663: [Full GC2014-07-10T14:50:35.517+0200: 93.663: [CMS: 174771K->8769K(174784K), 0.0430737 secs] 253394K->8769K(253440K), [CMS Perm : 2654K->2654K(21248K)], 0.0431592 secs] [Times: user=0.03 sys=0.00, real=0.04 secs] 
2014-07-10T14:50:35.677+0200: 93.823: [GC2014-07-10T14:50:35.677+0200: 93.823: [ParNew: 69931K->8704K(78656K), 0.0455969 secs] 78700K->78611K(253440K), 0.0457574 secs] [Times: user=0.09 sys=0.00, real=0.05 secs] 
2014-07-10T14:50:35.723+0200: 93.869: [GC [1 CMS-initial-mark: 69907K(174784K)] 78652K(253440K), 0.0003036 secs] [Times: user=0.00 sys=0.00, real=0.00 secs] 
2014-07-10T14:50:35.723+0200: 93.869: [CMS-concurrent-mark-start]
2014-07-10T14:50:35.748+0200: 93.894: [CMS-concurrent-mark: 0.025/0.025 secs] [Times: user=0.03 sys=0.00, real=0.02 secs] 
2014-07-10T14:50:35.748+0200: 93.894: [CMS-concurrent-preclean-start]
2014-07-10T14:50:35.751+0200: 93.897: [CMS-concurrent-preclean: 0.002/0.003 secs] [Times: user=0.00 sys=0.00, real=0.00 secs] 
2014-07-10T14:50:35.751+0200: 93.897: [CMS-concurrent-abortable-preclean-start]
2014-07-10T14:50:35.845+0200: 93.991: [GC2014-07-10T14:50:35.845+0200: 93.991: [ParNew2014-07-10T14:50:35.879+0200: 94.025: [CMS-concurrent-abortable-preclean: 0.002/0.128 secs] [Times: user=0.06 sys=0.00, real=0.13 secs] 
: 78632K->8704K(78656K), 0.0622409 secs] 148539K->148362K(253440K), 0.0624085 secs] [Times: user=0.08 sys=0.00, real=0.06 secs] 
2014-07-10T14:50:35.909+0200: 94.055: [GC[YG occupancy: 10789 K (78656 K)]2014-07-10T14:50:35.909+0200: 94.055: [Rescan (parallel) , 0.0018049 secs]2014-07-10T14:50:35.911+0200: 94.057: [weak refs processing, 0.0003974 secs]2014-07-10T14:50:35.912+0200: 94.058: [scrub string table, 0.0001939 secs] [1 CMS-remark: 139658K(174784K)] 150447K(253440K), 0.0025458 secs] [Times: user=0.00 sys=0.00, real=0.00 secs] 
2014-07-10T14:50:35.912+0200: 94.058: [CMS-concurrent-sweep-start]
2014-07-10T14:50:35.918+0200: 94.064: [CMS-concurrent-sweep: 0.006/0.006 secs] [Times: user=0.00 sys=0.00, real=0.01 secs] 
2014-07-10T14:50:35.918+0200: 94.064: [CMS-concurrent-reset-start]
2014-07-10T14:50:35.919+0200: 94.065: [CMS-concurrent-reset: 0.001/0.001 secs] [Times: user=0.02 sys=0.00, real=0.00 secs] 
2014-07-10T14:50:36.043+0200: 94.189: [GC2014-07-10T14:50:36.043+0200: 94.189: [ParNew: 78633K->78633K(78656K), 0.0000466 secs]2014-07-10T14:50:36.043+0200: 94.189: [CMS: 139426K->174773K(174784K), 0.1608966 secs] 218060K->217321K(253440K), [CMS Perm : 2654K->2654K(21248K)], 0.1610957 secs] [Times: user=0.17 sys=0.00, real=0.16 secs] 
2014-07-10T14:50:36.204+0200: 94.350: [GC [1 CMS-initial-mark: 174773K(174784K)] 217362K(253440K), 0.0005100 secs] [Times: user=0.00 sys=0.00, real=0.00 secs] 
2014-07-10T14:50:36.205+0200: 94.351: [CMS-concurrent-mark-start]
2014-07-10T14:50:36.228+0200: 94.375: [CMS-concurrent-mark: 0.024/0.024 secs] [Times: user=0.02 sys=0.00, real=0.02 secs] 
2014-07-10T14:50:36.228+0200: 94.375: [CMS-concurrent-preclean-start]
2014-07-10T14:50:36.247+0200: 94.394: [CMS-concurrent-preclean: 0.019/0.019 secs] [Times: user=0.03 sys=0.00, real=0.02 secs] 
2014-07-10T14:50:36.247+0200: 94.394: [CMS-concurrent-abortable-preclean-start]
2014-07-10T14:50:36.247+0200: 94.394: [CMS-concurrent-abortable-preclean: 0.000/0.000 secs] [Times: user=0.00 sys=0.00, real=0.00 secs] 
2014-07-10T14:50:36.248+0200: 94.394: [GC[YG occupancy: 60043 K (78656 K)]2014-07-10T14:50:36.248+0200: 94.394: [Rescan (parallel) , 0.0007622 secs]2014-07-10T14:50:36.249+0200: 94.395: [weak refs processing, 0.0000326 secs]2014-07-10T14:50:36.249+0200: 94.395: [scrub string table, 0.0001859 secs] [1 CMS-remark: 174773K(174784K)] 234817K(253440K), 0.0010735 secs] [Times: user=0.00 sys=0.00, real=0.00 secs] 
2014-07-10T14:50:36.249+0200: 94.395: [CMS-concurrent-sweep-start]
2014-07-10T14:50:36.255+0200: 94.401: [CMS-concurrent-sweep: 0.006/0.006 secs] [Times: user=0.00 sys=0.00, real=0.01 secs] 
2014-07-10T14:50:36.255+0200: 94.401: [CMS-concurrent-reset-start]
2014-07-10T14:50:36.256+0200: 94.402: [CMS-concurrent-reset: 0.001/0.001 secs] [Times: user=0.00 sys=0.00, real=0.00 secs] 
2014-07-10T14:50:36.286+0200: 94.432: [GC2014-07-10T14:50:36.286+0200: 94.432: [ParNew: 78636K->78636K(78656K), 0.0000455 secs]2014-07-10T14:50:36.286+0200: 94.432: [CMS: 174765K->174775K(174784K), 0.1704109 secs] 253402K->253193K(253440K), [CMS Perm : 2654K->2654K(21248K)], 0.1706070 secs] [Times: user=0.17 sys=0.00, real=0.17 secs] 
2014-07-10T14:50:36.457+0200: 94.603: [GC [1 CMS-initial-mark: 174775K(174784K)] 253236K(253440K), 0.0008231 secs] [Times: user=0.00 sys=0.00, real=0.00 secs] 
2014-07-10T14:50:36.457+0200: 94.604: [CMS-concurrent-mark-start]
2014-07-10T14:50:36.458+0200: 94.604: [Full GC2014-07-10T14:50:36.458+0200: 94.604: [CMS2014-07-10T14:50:36.480+0200: 94.626: [CMS-concurrent-mark: 0.022/0.023 secs] [Times: user=0.02 sys=0.00, real=0.02 secs] 
 (concurrent mode failure): 174775K->174774K(174784K), 0.1577711 secs] 253392K->253389K(253440K), [CMS Perm : 2654K->2654K(21248K)], 0.1578785 secs] [Times: user=0.16 sys=0.00, real=0.16 secs] 
2014-07-10T14:50:36.616+0200: 94.762: [Full GC2014-07-10T14:50:36.616+0200: 94.762: [CMS: 174774K->8768K(174784K), 0.0447720 secs] 253389K->8768K(253440K), [CMS Perm : 2654K->2654K(21248K)], 0.0448585 secs] [Times: user=0.05 sys=0.00, real=0.05 secs] 
2014-07-10T14:50:36.775+0200: 94.920: [GC2014-07-10T14:50:36.775+0200: 94.920: [ParNew: 69939K->8704K(78656K), 0.0459371 secs] 78708K->78611K(253440K), 0.0461068 secs] [Times: user=0.09 sys=0.00, real=0.05 secs] 
2014-07-10T14:50:36.823+0200: 94.968: [GC [1 CMS-initial-mark: 69907K(174784K)] 79987K(253440K), 0.0005030 secs] [Times: user=0.00 sys=0.00, real=0.00 secs] 
2014-07-10T14:50:36.823+0200: 94.968: [CMS-concurrent-mark-start]
2014-07-10T14:50:36.848+0200: 94.993: [CMS-concurrent-mark: 0.025/0.025 secs] [Times: user=0.03 sys=0.00, real=0.03 secs] 
2014-07-10T14:50:36.848+0200: 94.993: [CMS-concurrent-preclean-start]
2014-07-10T14:50:36.850+0200: 94.996: [CMS-concurrent-preclean: 0.002/0.002 secs] [Times: user=0.00 sys=0.00, real=0.00 secs] 
2014-07-10T14:50:36.850+0200: 94.996: [CMS-concurrent-abortable-preclean-start]
2014-07-10T14:50:36.950+0200: 95.095: [GC2014-07-10T14:50:36.950+0200: 95.095: [ParNew2014-07-10T14:50:36.985+0200: 95.130: [CMS-concurrent-abortable-preclean: 0.002/0.134 secs] [Times: user=0.06 sys=0.00, real=0.13 secs] 
: 78650K->8704K(78656K), 0.0522167 secs] 148558K->148384K(253440K), 0.0523846 secs] [Times: user=0.09 sys=0.00, real=0.05 secs] 
2014-07-10T14:50:37.004+0200: 95.149: [GC[YG occupancy: 9453 K (78656 K)]2014-07-10T14:50:37.004+0200: 95.149: [Rescan (parallel) , 0.0016278 secs]2014-07-10T14:50:37.005+0200: 95.151: [weak refs processing, 0.0003465 secs]2014-07-10T14:50:37.006+0200: 95.151: [scrub string table, 0.0001653 secs] [1 CMS-remark: 139680K(174784K)] 149134K(253440K), 0.0022800 secs] [Times: user=0.00 sys=0.00, real=0.00 secs] 
2014-07-10T14:50:37.006+0200: 95.151: [CMS-concurrent-sweep-start]
2014-07-10T14:50:37.012+0200: 95.158: [CMS-concurrent-sweep: 0.006/0.006 secs] [Times: user=0.02 sys=0.00, real=0.01 secs] 
2014-07-10T14:50:37.012+0200: 95.158: [CMS-concurrent-reset-start]
2014-07-10T14:50:37.014+0200: 95.159: [CMS-concurrent-reset: 0.001/0.001 secs] [Times: user=0.00 sys=0.00, real=0.00 secs] 
2014-07-10T14:50:37.124+0200: 95.269: [GC2014-07-10T14:50:37.124+0200: 95.269: [ParNew: 78656K->78656K(78656K), 0.0000473 secs]2014-07-10T14:50:37.124+0200: 95.269: [CMS: 139449K->174771K(174784K), 0.1665327 secs] 218105K->217367K(253440K), [CMS Perm : 2654K->2654K(21248K)], 0.1667417 secs] [Times: user=0.14 sys=0.00, real=0.17 secs] 
2014-07-10T14:50:37.291+0200: 95.436: [GC [1 CMS-initial-mark: 174771K(174784K)] 217408K(253440K), 0.0004905 secs] [Times: user=0.00 sys=0.00, real=0.00 secs] 
2014-07-10T14:50:37.291+0200: 95.437: [CMS-concurrent-mark-start]
2014-07-10T14:50:37.316+0200: 95.461: [CMS-concurrent-mark: 0.025/0.025 secs] [Times: user=0.03 sys=0.00, real=0.03 secs] 
2014-07-10T14:50:37.316+0200: 95.461: [CMS-concurrent-preclean-start]
2014-07-10T14:50:37.335+0200: 95.480: [CMS-concurrent-preclean: 0.019/0.019 secs] [Times: user=0.01 sys=0.00, real=0.02 secs] 
2014-07-10T14:50:37.335+0200: 95.481: [CMS-concurrent-abortable-preclean-start]
2014-07-10T14:50:37.335+0200: 95.481: [CMS-concurrent-abortable-preclean: 0.000/0.000 secs] [Times: user=0.00 sys=0.00, real=0.00 secs] 
2014-07-10T14:50:37.335+0200: 95.481: [GC[YG occupancy: 68342 K (78656 K)]2014-07-10T14:50:37.335+0200: 95.481: [Rescan (parallel) , 0.0009353 secs]2014-07-10T14:50:37.336+0200: 95.482: [weak refs processing, 0.0000319 secs]2014-07-10T14:50:37.336+0200: 95.482: [scrub string table, 0.0001653 secs] [1 CMS-remark: 174771K(174784K)] 243113K(253440K), 0.0012168 secs] [Times: user=0.00 sys=0.00, real=0.00 secs] 
2014-07-10T14:50:37.337+0200: 95.482: [CMS-concurrent-sweep-start]
2014-07-10T14:50:37.342+0200: 95.488: [CMS-concurrent-sweep: 0.006/0.006 secs] [Times: user=0.02 sys=0.00, real=0.01 secs] 
2014-07-10T14:50:37.343+0200: 95.488: [CMS-concurrent-reset-start]
2014-07-10T14:50:37.344+0200: 95.489: [CMS-concurrent-reset: 0.001/0.001 secs] [Times: user=0.00 sys=0.00, real=0.00 secs] 
2014-07-10T14:50:37.355+0200: 95.500: [GC2014-07-10T14:50:37.355+0200: 95.500: [ParNew: 78640K->78640K(78656K), 0.0000458 secs]2014-07-10T14:50:37.355+0200: 95.500: [CMS: 174763K->174773K(174784K), 0.1771770 secs] 253403K->253189K(253440K), [CMS Perm : 2654K->2654K(21248K)], 0.1773606 secs] [Times: user=0.19 sys=0.00, real=0.18 secs] 
2014-07-10T14:50:37.532+0200: 95.678: [GC [1 CMS-initial-mark: 174773K(174784K)] 253230K(253440K), 0.0008069 secs] [Times: user=0.00 sys=0.00, real=0.00 secs] 
2014-07-10T14:50:37.533+0200: 95.678: [CMS-concurrent-mark-start]
2014-07-10T14:50:37.533+0200: 95.679: [Full GC2014-07-10T14:50:37.533+0200: 95.679: [CMS2014-07-10T14:50:37.556+0200: 95.701: [CMS-concurrent-mark: 0.022/0.022 secs] [Times: user=0.02 sys=0.00, real=0.02 secs] 
 (concurrent mode failure): 174773K->174772K(174784K), 0.1568611 secs] 253390K->253386K(253440K), [CMS Perm : 2654K->2654K(21248K)], 0.1569730 secs] [Times: user=0.16 sys=0.00, real=0.16 secs] 
2014-07-10T14:50:37.690+0200: 95.836: [Full GC2014-07-10T14:50:37.690+0200: 95.836: [CMS: 174772K->8769K(174784K), 0.0431669 secs] 253386K->8769K(253440K), [CMS Perm : 2654K->2654K(21248K)], 0.0432538 secs] [Times: user=0.05 sys=0.00, real=0.04 secs] 
2014-07-10T14:50:37.845+0200: 95.990: [GC2014-07-10T14:50:37.845+0200: 95.990: [ParNew: 69925K->8704K(78656K), 0.0446385 secs] 78695K->78590K(253440K), 0.0447943 secs] [Times: user=0.09 sys=0.00, real=0.05 secs] 
2014-07-10T14:50:37.890+0200: 96.035: [GC [1 CMS-initial-mark: 69886K(174784K)] 78867K(253440K), 0.0003666 secs] [Times: user=0.00 sys=0.00, real=0.00 secs] 
2014-07-10T14:50:37.890+0200: 96.036: [CMS-concurrent-mark-start]
2014-07-10T14:50:37.916+0200: 96.062: [CMS-concurrent-mark: 0.026/0.026 secs] [Times: user=0.02 sys=0.00, real=0.03 secs] 
2014-07-10T14:50:37.916+0200: 96.062: [CMS-concurrent-preclean-start]
2014-07-10T14:50:37.917+0200: 96.062: [CMS-concurrent-preclean: 0.001/0.001 secs] [Times: user=0.00 sys=0.02, real=0.00 secs] 
2014-07-10T14:50:37.918+0200: 96.063: [GC[YG occupancy: 9808 K (78656 K)]2014-07-10T14:50:37.918+0200: 96.063: [Rescan (parallel) , 0.0005573 secs]2014-07-10T14:50:37.918+0200: 96.064: [weak refs processing, 0.0002874 secs]2014-07-10T14:50:37.919+0200: 96.064: [scrub string table, 0.0001723 secs] [1 CMS-remark: 69886K(174784K)] 79694K(253440K), 0.0011043 secs] [Times: user=0.00 sys=0.00, real=0.00 secs] 
2014-07-10T14:50:37.919+0200: 96.064: [CMS-concurrent-sweep-start]
2014-07-10T14:50:37.924+0200: 96.070: [CMS-concurrent-sweep: 0.005/0.005 secs] [Times: user=0.00 sys=0.00, real=0.01 secs] 
2014-07-10T14:50:37.924+0200: 96.070: [CMS-concurrent-reset-start]
2014-07-10T14:50:37.925+0200: 96.071: [CMS-concurrent-reset: 0.001/0.001 secs] [Times: user=0.00 sys=0.00, real=0.00 secs] 
2014-07-10T14:50:38.043+0200: 96.188: [GC2014-07-10T14:50:38.043+0200: 96.188: [ParNew: 78624K->8704K(78656K), 0.0511355 secs] 148286K->148110K(253440K), 0.0512719 secs] [Times: user=0.08 sys=0.00, real=0.05 secs] 
2014-07-10T14:50:38.094+0200: 96.240: [GC [1 CMS-initial-mark: 139406K(174784K)] 148149K(253440K), 0.0002511 secs] [Times: user=0.00 sys=0.00, real=0.00 secs] 
2014-07-10T14:50:38.095+0200: 96.240: [CMS-concurrent-mark-start]
2014-07-10T14:50:38.119+0200: 96.264: [CMS-concurrent-mark: 0.024/0.024 secs] [Times: user=0.02 sys=0.00, real=0.02 secs] 
2014-07-10T14:50:38.119+0200: 96.264: [CMS-concurrent-preclean-start]
2014-07-10T14:50:38.122+0200: 96.267: [CMS-concurrent-preclean: 0.002/0.003 secs] [Times: user=0.02 sys=0.00, real=0.00 secs] 
2014-07-10T14:50:38.122+0200: 96.267: [CMS-concurrent-abortable-preclean-start]
2014-07-10T14:50:38.213+0200: 96.358: [GC2014-07-10T14:50:38.213+0200: 96.358: [ParNew: 78621K->78621K(78656K), 0.0000466 secs]2014-07-10T14:50:38.213+0200: 96.358: [CMS2014-07-10T14:50:38.213+0200: 96.358: [CMS-concurrent-abortable-preclean: 0.001/0.091 secs] [Times: user=0.00 sys=0.00, real=0.09 secs] 
 (concurrent mode failure): 139406K->174770K(174784K), 0.1632382 secs] 218027K->217289K(253440K), [CMS Perm : 2654K->2654K(21248K)], 0.1634501 secs] [Times: user=0.17 sys=0.00, real=0.16 secs] 
2014-07-10T14:50:38.439+0200: 96.584: [Full GC2014-07-10T14:50:38.439+0200: 96.585: [CMS: 174770K->174773K(174784K), 0.1761046 secs] 253417K->253198K(253440K), [CMS Perm : 2654K->2654K(21248K)], 0.1763026 secs] [Times: user=0.17 sys=0.00, real=0.18 secs] 
2014-07-10T14:50:38.616+0200: 96.761: [GC [1 CMS-initial-mark: 174773K(174784K)] 253241K(253440K), 0.0008517 secs] [Times: user=0.00 sys=0.00, real=0.00 secs] 
2014-07-10T14:50:38.617+0200: 96.762: [CMS-concurrent-mark-start]
2014-07-10T14:50:38.617+0200: 96.762: [Full GC2014-07-10T14:50:38.617+0200: 96.762: [CMS2014-07-10T14:50:38.639+0200: 96.784: [CMS-concurrent-mark: 0.022/0.022 secs] [Times: user=0.03 sys=0.00, real=0.02 secs] 
 (concurrent mode failure): 174773K->174772K(174784K), 0.1553308 secs] 253397K->253394K(253440K), [CMS Perm : 2654K->2654K(21248K)], 0.1554379 secs] [Times: user=0.16 sys=0.00, real=0.15 secs] 
2014-07-10T14:50:38.772+0200: 96.918: [Full GC2014-07-10T14:50:38.772+0200: 96.918: [CMS: 174772K->8770K(174784K), 0.0443115 secs] 253394K->8770K(253440K), [CMS Perm : 2654K->2654K(21248K)], 0.0443973 secs] [Times: user=0.05 sys=0.00, real=0.04 secs] 
2014-07-10T14:50:38.929+0200: 97.074: [GC2014-07-10T14:50:38.929+0200: 97.074: [ParNew: 69924K->8704K(78656K), 0.0451976 secs] 78694K->78582K(253440K), 0.0453366 secs] [Times: user=0.09 sys=0.00, real=0.05 secs] 
2014-07-10T14:50:38.974+0200: 97.120: [GC [1 CMS-initial-mark: 69878K(174784K)] 78743K(253440K), 0.0002849 secs] [Times: user=0.00 sys=0.00, real=0.00 secs] 
2014-07-10T14:50:38.975+0200: 97.120: [CMS-concurrent-mark-start]
2014-07-10T14:50:39.000+0200: 97.145: [CMS-concurrent-mark: 0.025/0.025 secs] [Times: user=0.03 sys=0.00, real=0.03 secs] 
2014-07-10T14:50:39.000+0200: 97.145: [CMS-concurrent-preclean-start]
2014-07-10T14:50:39.001+0200: 97.146: [CMS-concurrent-preclean: 0.001/0.001 secs] [Times: user=0.00 sys=0.00, real=0.00 secs] 
2014-07-10T14:50:39.001+0200: 97.147: [GC[YG occupancy: 10434 K (78656 K)]2014-07-10T14:50:39.001+0200: 97.147: [Rescan (parallel) , 0.0004737 secs]2014-07-10T14:50:39.002+0200: 97.147: [weak refs processing, 0.0002434 secs]2014-07-10T14:50:39.002+0200: 97.147: [scrub string table, 0.0001434 secs] [1 CMS-remark: 69878K(174784K)] 80313K(253440K), 0.0009433 secs] [Times: user=0.00 sys=0.00, real=0.00 secs] 
2014-07-10T14:50:39.003+0200: 97.148: [CMS-concurrent-sweep-start]
2014-07-10T14:50:39.008+0200: 97.154: [CMS-concurrent-sweep: 0.005/0.005 secs] [Times: user=0.00 sys=0.00, real=0.00 secs] 
2014-07-10T14:50:39.008+0200: 97.154: [CMS-concurrent-reset-start]
2014-07-10T14:50:39.009+0200: 97.155: [CMS-concurrent-reset: 0.001/0.001 secs] [Times: user=0.02 sys=0.00, real=0.00 secs] 
2014-07-10T14:50:39.119+0200: 97.264: [GC2014-07-10T14:50:39.119+0200: 97.264: [ParNew: 78641K->8704K(78656K), 0.0517393 secs] 148292K->148142K(253440K), 0.0518867 secs] [Times: user=0.09 sys=0.00, real=0.05 secs] 
2014-07-10T14:50:39.171+0200: 97.317: [GC [1 CMS-initial-mark: 139438K(174784K)] 148183K(253440K), 0.0003069 secs] [Times: user=0.00 sys=0.00, real=0.00 secs] 
2014-07-10T14:50:39.172+0200: 97.317: [CMS-concurrent-mark-start]
2014-07-10T14:50:39.196+0200: 97.341: [CMS-concurrent-mark: 0.025/0.025 secs] [Times: user=0.03 sys=0.00, real=0.02 secs] 
2014-07-10T14:50:39.196+0200: 97.342: [CMS-concurrent-preclean-start]
2014-07-10T14:50:39.198+0200: 97.344: [CMS-concurrent-preclean: 0.001/0.002 secs] [Times: user=0.00 sys=0.00, real=0.00 secs] 
2014-07-10T14:50:39.198+0200: 97.344: [CMS-concurrent-abortable-preclean-start]
2014-07-10T14:50:39.300+0200: 97.445: [CMS-concurrent-abortable-preclean: 0.002/0.102 secs] [Times: user=0.00 sys=0.00, real=0.10 secs] 
2014-07-10T14:50:39.300+0200: 97.446: [GC[YG occupancy: 78192 K (78656 K)]2014-07-10T14:50:39.300+0200: 97.446: [Rescan (parallel) , 0.0017088 secs]2014-07-10T14:50:39.302+0200: 97.447: [weak refs processing, 0.0000367 secs]2014-07-10T14:50:39.302+0200: 97.447: [scrub string table, 0.0002057 secs] [1 CMS-remark: 139438K(174784K)] 217631K(253440K), 0.0020436 secs] [Times: user=0.00 sys=0.00, real=0.00 secs] 
2014-07-10T14:50:39.302+0200: 97.448: [CMS-concurrent-sweep-start]
2014-07-10T14:50:39.303+0200: 97.448: [GC2014-07-10T14:50:39.303+0200: 97.448: [ParNew: 78622K->78622K(78656K), 0.0000396 secs]2014-07-10T14:50:39.303+0200: 97.448: [CMS2014-07-10T14:50:39.308+0200: 97.454: [CMS-concurrent-sweep: 0.006/0.006 secs] [Times: user=0.02 sys=0.00, real=0.01 secs] 
 (concurrent mode failure): 139438K->174771K(174784K), 0.1642076 secs] 218060K->217312K(253440K), [CMS Perm : 2654K->2654K(21248K)], 0.1643542 secs] [Times: user=0.17 sys=0.00, real=0.16 secs] 
2014-07-10T14:50:39.529+0200: 97.674: [Full GC2014-07-10T14:50:39.529+0200: 97.674: [CMS: 174771K->174774K(174784K), 0.1706092 secs] 253404K->253185K(253440K), [CMS Perm : 2654K->2654K(21248K)], 0.1707849 secs] [Times: user=0.17 sys=0.00, real=0.17 secs] 
2014-07-10T14:50:39.700+0200: 97.845: [GC [1 CMS-initial-mark: 174774K(174784K)] 253308K(253440K), 0.0009232 secs] [Times: user=0.00 sys=0.00, real=0.00 secs] 
2014-07-10T14:50:39.701+0200: 97.846: [CMS-concurrent-mark-start]
2014-07-10T14:50:39.701+0200: 97.846: [Full GC2014-07-10T14:50:39.701+0200: 97.846: [CMS2014-07-10T14:50:39.724+0200: 97.869: [CMS-concurrent-mark: 0.023/0.023 secs] [Times: user=0.02 sys=0.00, real=0.02 secs] 
 (concurrent mode failure): 174774K->174773K(174784K), 0.1546750 secs] 253389K->253381K(253440K), [CMS Perm : 2654K->2654K(21248K)], 0.1547835 secs] [Times: user=0.16 sys=0.00, real=0.15 secs] 
2014-07-10T14:50:39.856+0200: 98.001: [Full GC2014-07-10T14:50:39.856+0200: 98.001: [CMS: 174773K->8770K(174784K), 0.0436611 secs] 253381K->8770K(253440K), [CMS Perm : 2654K->2654K(21248K)], 0.0437868 secs] [Times: user=0.05 sys=0.00, real=0.04 secs] 
2014-07-10T14:50:40.010+0200: 98.155: [GC2014-07-10T14:50:40.010+0200: 98.155: [ParNew: 69930K->8704K(78656K), 0.0485130 secs] 78700K->78605K(253440K), 0.0486564 secs] [Times: user=0.08 sys=0.00, real=0.05 secs] 
2014-07-10T14:50:40.059+0200: 98.204: [GC [1 CMS-initial-mark: 69901K(174784K)] 78646K(253440K), 0.0002376 secs] [Times: user=0.00 sys=0.00, real=0.00 secs] 
2014-07-10T14:50:40.059+0200: 98.205: [CMS-concurrent-mark-start]
2014-07-10T14:50:40.085+0200: 98.230: [CMS-concurrent-mark: 0.026/0.026 secs] [Times: user=0.05 sys=0.00, real=0.03 secs] 
2014-07-10T14:50:40.085+0200: 98.230: [CMS-concurrent-preclean-start]
2014-07-10T14:50:40.087+0200: 98.232: [CMS-concurrent-preclean: 0.001/0.002 secs] [Times: user=0.00 sys=0.00, real=0.00 secs] 
2014-07-10T14:50:40.087+0200: 98.232: [CMS-concurrent-abortable-preclean-start]
2014-07-10T14:50:40.193+0200: 98.338: [CMS-concurrent-abortable-preclean: 0.005/0.106 secs] [Times: user=0.00 sys=0.00, real=0.11 secs] 
2014-07-10T14:50:40.193+0200: 98.338: [GC[YG occupancy: 78152 K (78656 K)]2014-07-10T14:50:40.193+0200: 98.338: [Rescan (parallel) , 0.0009298 secs]2014-07-10T14:50:40.194+0200: 98.339: [weak refs processing, 0.0004081 secs]2014-07-10T14:50:40.194+0200: 98.340: [scrub string table, 0.0002372 secs] [1 CMS-remark: 69901K(174784K)] 148054K(253440K), 0.0016663 secs] [Times: user=0.02 sys=0.00, real=0.00 secs] 
2014-07-10T14:50:40.195+0200: 98.340: [CMS-concurrent-sweep-start]
2014-07-10T14:50:40.195+0200: 98.341: [GC2014-07-10T14:50:40.195+0200: 98.341: [ParNew: 78623K->8704K(78656K), 0.0497977 secs] 148519K->148347K(253440K), 0.0499872 secs] [Times: user=0.09 sys=0.00, real=0.05 secs] 
2014-07-10T14:50:40.251+0200: 98.397: [CMS-concurrent-sweep: 0.006/0.057 secs] [Times: user=0.09 sys=0.00, real=0.06 secs] 
2014-07-10T14:50:40.251+0200: 98.397: [CMS-concurrent-reset-start]
2014-07-10T14:50:40.252+0200: 98.398: [CMS-concurrent-reset: 0.001/0.001 secs] [Times: user=0.00 sys=0.00, real=0.00 secs] 
2014-07-10T14:50:40.364+0200: 98.510: [GC2014-07-10T14:50:40.364+0200: 98.510: [ParNew: 78620K->78620K(78656K), 0.0000488 secs]2014-07-10T14:50:40.364+0200: 98.510: [CMS: 139420K->174771K(174784K), 0.1611521 secs] 218041K->217297K(253440K), [CMS Perm : 2654K->2654K(21248K)], 0.1613809 secs] [Times: user=0.16 sys=0.00, real=0.16 secs] 
2014-07-10T14:50:40.526+0200: 98.671: [GC [1 CMS-initial-mark: 174771K(174784K)] 217339K(253440K), 0.0005745 secs] [Times: user=0.00 sys=0.00, real=0.00 secs] 
2014-07-10T14:50:40.526+0200: 98.672: [CMS-concurrent-mark-start]
2014-07-10T14:50:40.550+0200: 98.696: [CMS-concurrent-mark: 0.024/0.024 secs] [Times: user=0.02 sys=0.00, real=0.02 secs] 
2014-07-10T14:50:40.551+0200: 98.696: [CMS-concurrent-preclean-start]
2014-07-10T14:50:40.568+0200: 98.714: [CMS-concurrent-preclean: 0.018/0.018 secs] [Times: user=0.02 sys=0.00, real=0.02 secs] 
2014-07-10T14:50:40.568+0200: 98.714: [CMS-concurrent-abortable-preclean-start]
2014-07-10T14:50:40.568+0200: 98.714: [CMS-concurrent-abortable-preclean: 0.000/0.000 secs] [Times: user=0.00 sys=0.00, real=0.00 secs] 
2014-07-10T14:50:40.569+0200: 98.714: [GC[YG occupancy: 67464 K (78656 K)]2014-07-10T14:50:40.569+0200: 98.714: [Rescan (parallel) , 0.0009642 secs]2014-07-10T14:50:40.570+0200: 98.715: [weak refs processing, 0.0000312 secs]2014-07-10T14:50:40.570+0200: 98.715: [scrub string table, 0.0001866 secs] [1 CMS-remark: 174771K(174784K)] 242235K(253440K), 0.0012682 secs] [Times: user=0.00 sys=0.00, real=0.00 secs] 
2014-07-10T14:50:40.570+0200: 98.715: [CMS-concurrent-sweep-start]
2014-07-10T14:50:40.575+0200: 98.721: [CMS-concurrent-sweep: 0.005/0.005 secs] [Times: user=0.00 sys=0.00, real=0.01 secs] 
2014-07-10T14:50:40.575+0200: 98.721: [CMS-concurrent-reset-start]
2014-07-10T14:50:40.576+0200: 98.722: [CMS-concurrent-reset: 0.001/0.001 secs] [Times: user=0.00 sys=0.00, real=0.00 secs] 
2014-07-10T14:50:40.592+0200: 98.737: [GC2014-07-10T14:50:40.592+0200: 98.737: [ParNew: 78617K->78617K(78656K), 0.0000477 secs]2014-07-10T14:50:40.592+0200: 98.737: [CMS: 174764K->174774K(174784K), 0.1692714 secs] 253382K->253169K(253440K), [CMS Perm : 2654K->2654K(21248K)], 0.1694852 secs] [Times: user=0.17 sys=0.00, real=0.17 secs] 
2014-07-10T14:50:40.761+0200: 98.907: [GC [1 CMS-initial-mark: 174774K(174784K)] 253210K(253440K), 0.0009320 secs] [Times: user=0.00 sys=0.00, real=0.00 secs] 
2014-07-10T14:50:40.762+0200: 98.908: [CMS-concurrent-mark-start]
2014-07-10T14:50:40.762+0200: 98.908: [Full GC2014-07-10T14:50:40.762+0200: 98.908: [CMS2014-07-10T14:50:40.785+0200: 98.930: [CMS-concurrent-mark: 0.022/0.023 secs] [Times: user=0.01 sys=0.00, real=0.02 secs] 
 (concurrent mode failure): 174774K->174773K(174784K), 0.1505911 secs] 253407K->253403K(253440K), [CMS Perm : 2654K->2654K(21248K)], 0.1507000 secs] [Times: user=0.16 sys=0.00, real=0.15 secs] 
2014-07-10T14:50:40.913+0200: 99.059: [Full GC2014-07-10T14:50:40.913+0200: 99.059: [CMS: 174773K->8769K(174784K), 0.0449307 secs] 253403K->8769K(253440K), [CMS Perm : 2654K->2654K(21248K)], 0.0450176 secs] [Times: user=0.03 sys=0.00, real=0.04 secs] 
2014-07-10T14:50:41.070+0200: 99.215: [GC2014-07-10T14:50:41.070+0200: 99.215: [ParNew: 69948K->8704K(78656K), 0.0448618 secs] 78718K->78624K(253440K), 0.0450598 secs] [Times: user=0.05 sys=0.00, real=0.05 secs] 
2014-07-10T14:50:41.115+0200: 99.261: [GC [1 CMS-initial-mark: 69920K(174784K)] 78663K(253440K), 0.0002636 secs] [Times: user=0.00 sys=0.00, real=0.00 secs] 
2014-07-10T14:50:41.115+0200: 99.261: [CMS-concurrent-mark-start]
2014-07-10T14:50:41.142+0200: 99.288: [CMS-concurrent-mark: 0.027/0.027 secs] [Times: user=0.02 sys=0.00, real=0.03 secs] 
2014-07-10T14:50:41.142+0200: 99.288: [CMS-concurrent-preclean-start]
2014-07-10T14:50:41.144+0200: 99.290: [CMS-concurrent-preclean: 0.001/0.002 secs] [Times: user=0.00 sys=0.00, real=0.00 secs] 
2014-07-10T14:50:41.144+0200: 99.290: [CMS-concurrent-abortable-preclean-start]
2014-07-10T14:50:41.250+0200: 99.395: [CMS-concurrent-abortable-preclean: 0.005/0.106 secs] [Times: user=0.00 sys=0.00, real=0.11 secs] 
2014-07-10T14:50:41.250+0200: 99.395: [GC[YG occupancy: 78131 K (78656 K)]2014-07-10T14:50:41.250+0200: 99.396: [Rescan (parallel) , 0.0009437 secs]2014-07-10T14:50:41.251+0200: 99.397: [weak refs processing, 0.0004458 secs]2014-07-10T14:50:41.251+0200: 99.397: [scrub string table, 0.0002049 secs] [1 CMS-remark: 69920K(174784K)] 148051K(253440K), 0.0017580 secs] [Times: user=0.00 sys=0.00, real=0.00 secs] 
2014-07-10T14:50:41.252+0200: 99.397: [CMS-concurrent-sweep-start]
2014-07-10T14:50:41.253+0200: 99.398: [GC2014-07-10T14:50:41.253+0200: 99.398: [ParNew: 78643K->8704K(78656K), 0.0510589 secs] 148538K->148357K(253440K), 0.0511523 secs] [Times: user=0.11 sys=0.00, real=0.05 secs] 
2014-07-10T14:50:41.309+0200: 99.455: [CMS-concurrent-sweep: 0.006/0.058 secs] [Times: user=0.11 sys=0.00, real=0.06 secs] 
2014-07-10T14:50:41.310+0200: 99.455: [CMS-concurrent-reset-start]
2014-07-10T14:50:41.311+0200: 99.457: [CMS-concurrent-reset: 0.002/0.002 secs] [Times: user=0.00 sys=0.00, real=0.00 secs] 
2014-07-10T14:50:41.426+0200: 99.571: [GC2014-07-10T14:50:41.426+0200: 99.571: [ParNew: 78650K->78650K(78656K), 0.0000473 secs]2014-07-10T14:50:41.426+0200: 99.571: [CMS: 139449K->174772K(174784K), 0.1669569 secs] 218099K->217357K(253440K), [CMS Perm : 2654K->2654K(21248K)], 0.1671718 secs] [Times: user=0.17 sys=0.00, real=0.17 secs] 
2014-07-10T14:50:41.595+0200: 99.740: [GC [1 CMS-initial-mark: 174772K(174784K)] 217398K(253440K), 0.0007296 secs] [Times: user=0.00 sys=0.00, real=0.00 secs] 
2014-07-10T14:50:41.596+0200: 99.741: [CMS-concurrent-mark-start]
2014-07-10T14:50:41.620+0200: 99.766: [CMS-concurrent-mark: 0.025/0.025 secs] [Times: user=0.03 sys=0.00, real=0.02 secs] 
2014-07-10T14:50:41.620+0200: 99.766: [CMS-concurrent-preclean-start]
2014-07-10T14:50:41.638+0200: 99.784: [CMS-concurrent-preclean: 0.018/0.018 secs] [Times: user=0.02 sys=0.00, real=0.02 secs] 
2014-07-10T14:50:41.638+0200: 99.784: [CMS-concurrent-abortable-preclean-start]
2014-07-10T14:50:41.638+0200: 99.784: [CMS-concurrent-abortable-preclean: 0.000/0.000 secs] [Times: user=0.00 sys=0.00, real=0.00 secs] 
2014-07-10T14:50:41.639+0200: 99.784: [GC[YG occupancy: 65071 K (78656 K)]2014-07-10T14:50:41.639+0200: 99.784: [Rescan (parallel) , 0.0009092 secs]2014-07-10T14:50:41.640+0200: 99.785: [weak refs processing, 0.0000315 secs]2014-07-10T14:50:41.640+0200: 99.785: [scrub string table, 0.0001489 secs] [1 CMS-remark: 174772K(174784K)] 239844K(253440K), 0.0011699 secs] [Times: user=0.00 sys=0.00, real=0.00 secs] 
2014-07-10T14:50:41.640+0200: 99.786: [CMS-concurrent-sweep-start]
2014-07-10T14:50:41.646+0200: 99.791: [CMS-concurrent-sweep: 0.005/0.005 secs] [Times: user=0.02 sys=0.00, real=0.01 secs] 
2014-07-10T14:50:41.646+0200: 99.791: [CMS-concurrent-reset-start]
2014-07-10T14:50:41.647+0200: 99.792: [CMS-concurrent-reset: 0.001/0.001 secs] [Times: user=0.00 sys=0.00, real=0.00 secs] 
2014-07-10T14:50:41.665+0200: 99.810: [GC2014-07-10T14:50:41.665+0200: 99.810: [ParNew: 78648K->78648K(78656K), 0.0000491 secs]2014-07-10T14:50:41.665+0200: 99.810: [CMS: 174762K->174775K(174784K), 0.1700556 secs] 253411K->253201K(253440K), [CMS Perm : 2654K->2654K(21248K)], 0.1702767 secs] [Times: user=0.17 sys=0.00, real=0.17 secs] 
2014-07-10T14:50:41.835+0200: 99.981: [GC [1 CMS-initial-mark: 174775K(174784K)] 253245K(253440K), 0.0009169 secs] [Times: user=0.00 sys=0.00, real=0.00 secs] 
2014-07-10T14:50:41.836+0200: 99.982: [CMS-concurrent-mark-start]
2014-07-10T14:50:41.836+0200: 99.982: [Full GC2014-07-10T14:50:41.836+0200: 99.982: [CMS2014-07-10T14:50:41.859+0200: 100.004: [CMS-concurrent-mark: 0.022/0.022 secs] [Times: user=0.02 sys=0.00, real=0.02 secs] 
 (concurrent mode failure): 174775K->174774K(174784K), 0.1501801 secs] 253403K->253397K(253440K), [CMS Perm : 2654K->2654K(21248K)], 0.1502905 secs] [Times: user=0.14 sys=0.00, real=0.15 secs] 
2014-07-10T14:50:41.987+0200: 100.132: [Full GC2014-07-10T14:50:41.987+0200: 100.132: [CMS: 174774K->8770K(174784K), 0.0446495 secs] 253397K->8770K(253440K), [CMS Perm : 2654K->2654K(21248K)], 0.0447357 secs] [Times: user=0.05 sys=0.00, real=0.04 secs] 
2014-07-10T14:50:42.144+0200: 100.289: [GC2014-07-10T14:50:42.144+0200: 100.289: [ParNew: 69946K->8704K(78656K), 0.0450638 secs] 78716K->78628K(253440K), 0.0452236 secs] [Times: user=0.09 sys=0.00, real=0.04 secs] 
2014-07-10T14:50:42.189+0200: 100.335: [GC [1 CMS-initial-mark: 69924K(174784K)] 78670K(253440K), 0.0003153 secs] [Times: user=0.00 sys=0.00, real=0.00 secs] 
2014-07-10T14:50:42.190+0200: 100.335: [CMS-concurrent-mark-start]
2014-07-10T14:50:42.215+0200: 100.361: [CMS-concurrent-mark: 0.025/0.025 secs] [Times: user=0.05 sys=0.00, real=0.02 secs] 
2014-07-10T14:50:42.215+0200: 100.361: [CMS-concurrent-preclean-start]
2014-07-10T14:50:42.217+0200: 100.362: [CMS-concurrent-preclean: 0.001/0.002 secs] [Times: user=0.00 sys=0.00, real=0.00 secs] 
2014-07-10T14:50:42.217+0200: 100.362: [CMS-concurrent-abortable-preclean-start]
2014-07-10T14:50:42.323+0200: 100.468: [CMS-concurrent-abortable-preclean: 0.005/0.106 secs] [Times: user=0.00 sys=0.00, real=0.11 secs] 
2014-07-10T14:50:42.323+0200: 100.468: [GC[YG occupancy: 78507 K (78656 K)]2014-07-10T14:50:42.323+0200: 100.468: [Rescan (parallel) , 0.0009188 secs]2014-07-10T14:50:42.324+0200: 100.469: [weak refs processing, 0.0004264 secs]2014-07-10T14:50:42.324+0200: 100.470: [scrub string table, 0.0001774 secs] [1 CMS-remark: 69924K(174784K)] 148432K(253440K), 0.0016150 secs] [Times: user=0.00 sys=0.00, real=0.00 secs] 
2014-07-10T14:50:42.325+0200: 100.470: [CMS-concurrent-sweep-start]
2014-07-10T14:50:42.325+0200: 100.470: [GC2014-07-10T14:50:42.325+0200: 100.470: [ParNew: 78627K->8704K(78656K), 0.0504077 secs] 148552K->148382K(253440K), 0.0504972 secs] [Times: user=0.09 sys=0.00, real=0.05 secs] 
2014-07-10T14:50:42.381+0200: 100.527: [CMS-concurrent-sweep: 0.006/0.057 secs] [Times: user=0.13 sys=0.00, real=0.06 secs] 
2014-07-10T14:50:42.382+0200: 100.527: [CMS-concurrent-reset-start]
2014-07-10T14:50:42.383+0200: 100.528: [CMS-concurrent-reset: 0.001/0.001 secs] [Times: user=0.00 sys=0.00, real=0.00 secs] 
2014-07-10T14:50:42.493+0200: 100.639: [GC2014-07-10T14:50:42.493+0200: 100.639: [ParNew: 78631K->78631K(78656K), 0.0000473 secs]2014-07-10T14:50:42.493+0200: 100.639: [CMS: 139445K->174781K(174784K), 0.1705641 secs] 218076K->217328K(253440K), [CMS Perm : 2654K->2654K(21248K)], 0.1707647 secs] [Times: user=0.17 sys=0.00, real=0.17 secs] 
2014-07-10T14:50:42.664+0200: 100.809: [GC [1 CMS-initial-mark: 174781K(174784K)] 217409K(253440K), 0.0004924 secs] [Times: user=0.00 sys=0.00, real=0.00 secs] 
2014-07-10T14:50:42.664+0200: 100.810: [CMS-concurrent-mark-start]
2014-07-10T14:50:42.689+0200: 100.834: [CMS-concurrent-mark: 0.024/0.024 secs] [Times: user=0.02 sys=0.00, real=0.02 secs] 
2014-07-10T14:50:42.689+0200: 100.834: [CMS-concurrent-preclean-start]
2014-07-10T14:50:42.707+0200: 100.853: [CMS-concurrent-preclean: 0.018/0.018 secs] [Times: user=0.03 sys=0.00, real=0.02 secs] 
2014-07-10T14:50:42.707+0200: 100.853: [CMS-concurrent-abortable-preclean-start]
2014-07-10T14:50:42.707+0200: 100.853: [CMS-concurrent-abortable-preclean: 0.000/0.000 secs] [Times: user=0.00 sys=0.00, real=0.00 secs] 
2014-07-10T14:50:42.707+0200: 100.853: [GC[YG occupancy: 68257 K (78656 K)]2014-07-10T14:50:42.707+0200: 100.853: [Rescan (parallel) , 0.0012447 secs]2014-07-10T14:50:42.709+0200: 100.854: [weak refs processing, 0.0000308 secs]2014-07-10T14:50:42.709+0200: 100.854: [scrub string table, 0.0001503 secs] [1 CMS-remark: 174781K(174784K)] 243039K(253440K), 0.0015068 secs] [Times: user=0.00 sys=0.00, real=0.00 secs] 
2014-07-10T14:50:42.709+0200: 100.854: [CMS-concurrent-sweep-start]
2014-07-10T14:50:42.714+0200: 100.860: [CMS-concurrent-sweep: 0.005/0.005 secs] [Times: user=0.00 sys=0.00, real=0.00 secs] 
2014-07-10T14:50:42.714+0200: 100.860: [CMS-concurrent-reset-start]
2014-07-10T14:50:42.715+0200: 100.861: [CMS-concurrent-reset: 0.001/0.001 secs] [Times: user=0.00 sys=0.00, real=0.00 secs] 
2014-07-10T14:50:42.727+0200: 100.872: [GC2014-07-10T14:50:42.727+0200: 100.872: [ParNew: 78620K->78620K(78656K), 0.0000495 secs]2014-07-10T14:50:42.727+0200: 100.872: [CMS: 174773K->174761K(174784K), 0.1700571 secs] 253394K->253186K(253440K), [CMS Perm : 2654K->2654K(21248K)], 0.1702972 secs] [Times: user=0.17 sys=0.00, real=0.17 secs] 
2014-07-10T14:50:42.897+0200: 101.043: [GC [1 CMS-initial-mark: 174761K(174784K)] 253310K(253440K), 0.0009199 secs] [Times: user=0.00 sys=0.00, real=0.00 secs] 
2014-07-10T14:50:42.898+0200: 101.044: [CMS-concurrent-mark-start]
2014-07-10T14:50:42.898+0200: 101.044: [Full GC2014-07-10T14:50:42.898+0200: 101.044: [CMS2014-07-10T14:50:42.921+0200: 101.066: [CMS-concurrent-mark: 0.022/0.022 secs] [Times: user=0.01 sys=0.00, real=0.02 secs] 
 (concurrent mode failure): 174761K->174760K(174784K), 0.1467170 secs] 253390K->253383K(253440K), [CMS Perm : 2654K->2654K(21248K)], 0.1468317 secs] [Times: user=0.12 sys=0.00, real=0.15 secs] 
2014-07-10T14:50:43.045+0200: 101.191: [Full GC2014-07-10T14:50:43.045+0200: 101.191: [CMS: 174760K->8770K(174784K), 0.0457153 secs] 253383K->8770K(253440K), [CMS Perm : 2654K->2654K(21248K)], 0.0458044 secs] [Times: user=0.05 sys=0.00, real=0.05 secs] 
2014-07-10T14:50:43.208+0200: 101.353: [GC2014-07-10T14:50:43.208+0200: 101.354: [ParNew: 69933K->8704K(78656K), 0.0455873 secs] 78704K->78611K(253440K), 0.0457417 secs] [Times: user=0.09 sys=0.00, real=0.05 secs] 
2014-07-10T14:50:43.254+0200: 101.399: [GC [1 CMS-initial-mark: 69907K(174784K)] 78652K(253440K), 0.0002405 secs] [Times: user=0.00 sys=0.00, real=0.00 secs] 
2014-07-10T14:50:43.254+0200: 101.400: [CMS-concurrent-mark-start]
2014-07-10T14:50:43.279+0200: 101.425: [CMS-concurrent-mark: 0.025/0.025 secs] [Times: user=0.01 sys=0.00, real=0.03 secs] 
2014-07-10T14:50:43.279+0200: 101.425: [CMS-concurrent-preclean-start]
2014-07-10T14:50:43.281+0200: 101.427: [CMS-concurrent-preclean: 0.001/0.002 secs] [Times: user=0.00 sys=0.00, real=0.00 secs] 
2014-07-10T14:50:43.281+0200: 101.427: [CMS-concurrent-abortable-preclean-start]
2014-07-10T14:50:43.387+0200: 101.532: [CMS-concurrent-abortable-preclean: 0.005/0.106 secs] [Times: user=0.00 sys=0.00, real=0.11 secs] 
2014-07-10T14:50:43.387+0200: 101.533: [GC[YG occupancy: 78521 K (78656 K)]2014-07-10T14:50:43.387+0200: 101.533: [Rescan (parallel) , 0.0009342 secs]2014-07-10T14:50:43.388+0200: 101.534: [weak refs processing, 0.0005030 secs]2014-07-10T14:50:43.388+0200: 101.534: [scrub string table, 0.0001822 secs] [1 CMS-remark: 69907K(174784K)] 148428K(253440K), 0.0017132 secs] [Times: user=0.00 sys=0.00, real=0.00 secs] 
2014-07-10T14:50:43.389+0200: 101.534: [CMS-concurrent-sweep-start]
2014-07-10T14:50:43.389+0200: 101.534: [GC2014-07-10T14:50:43.389+0200: 101.534: [ParNew: 78638K->8704K(78656K), 0.0497489 secs] 148545K->148391K(253440K), 0.0499326 secs] [Times: user=0.11 sys=0.00, real=0.05 secs] 
2014-07-10T14:50:43.445+0200: 101.591: [CMS-concurrent-sweep: 0.006/0.056 secs] [Times: user=0.11 sys=0.00, real=0.06 secs] 
2014-07-10T14:50:43.445+0200: 101.591: [CMS-concurrent-reset-start]
2014-07-10T14:50:43.446+0200: 101.592: [CMS-concurrent-reset: 0.001/0.001 secs] [Times: user=0.00 sys=0.00, real=0.00 secs] 
2014-07-10T14:50:43.557+0200: 101.703: [GC2014-07-10T14:50:43.557+0200: 101.703: [ParNew: 78648K->78648K(78656K), 0.0000480 secs]2014-07-10T14:50:43.557+0200: 101.703: [CMS: 139458K->174755K(174784K), 0.1642065 secs] 218106K->217348K(253440K), [CMS Perm : 2654K->2654K(21248K)], 0.1644184 secs] [Times: user=0.17 sys=0.00, real=0.16 secs] 
2014-07-10T14:50:43.722+0200: 101.867: [GC [1 CMS-initial-mark: 174755K(174784K)] 217389K(253440K), 0.0004935 secs] [Times: user=0.00 sys=0.00, real=0.00 secs] 
2014-07-10T14:50:43.722+0200: 101.868: [CMS-concurrent-mark-start]
2014-07-10T14:50:43.746+0200: 101.892: [CMS-concurrent-mark: 0.024/0.024 secs] [Times: user=0.02 sys=0.00, real=0.02 secs] 
2014-07-10T14:50:43.746+0200: 101.892: [CMS-concurrent-preclean-start]
2014-07-10T14:50:43.764+0200: 101.910: [CMS-concurrent-preclean: 0.018/0.018 secs] [Times: user=0.01 sys=0.00, real=0.02 secs] 
2014-07-10T14:50:43.764+0200: 101.910: [CMS-concurrent-abortable-preclean-start]
2014-07-10T14:50:43.764+0200: 101.910: [CMS-concurrent-abortable-preclean: 0.000/0.000 secs] [Times: user=0.00 sys=0.00, real=0.00 secs] 
2014-07-10T14:50:43.764+0200: 101.910: [GC[YG occupancy: 67557 K (78656 K)]2014-07-10T14:50:43.764+0200: 101.910: [Rescan (parallel) , 0.0009004 secs]2014-07-10T14:50:43.765+0200: 101.911: [weak refs processing, 0.0000308 secs]2014-07-10T14:50:43.765+0200: 101.911: [scrub string table, 0.0001576 secs] [1 CMS-remark: 174755K(174784K)] 242312K(253440K), 0.0011699 secs] [Times: user=0.00 sys=0.00, real=0.00 secs] 
2014-07-10T14:50:43.766+0200: 101.911: [CMS-concurrent-sweep-start]
2014-07-10T14:50:43.771+0200: 101.917: [CMS-concurrent-sweep: 0.006/0.006 secs] [Times: user=0.02 sys=0.00, real=0.00 secs] 
2014-07-10T14:50:43.771+0200: 101.917: [CMS-concurrent-reset-start]
2014-07-10T14:50:43.772+0200: 101.918: [CMS-concurrent-reset: 0.001/0.001 secs] [Times: user=0.00 sys=0.00, real=0.00 secs] 
2014-07-10T14:50:43.787+0200: 101.933: [GC2014-07-10T14:50:43.787+0200: 101.933: [ParNew: 78639K->78639K(78656K), 0.0000491 secs]2014-07-10T14:50:43.787+0200: 101.933: [CMS: 174745K->174758K(174784K), 0.1714308 secs] 253384K->253176K(253440K), [CMS Perm : 2654K->2654K(21248K)], 0.1716439 secs] [Times: user=0.17 sys=0.00, real=0.17 secs] 
2014-07-10T14:50:43.959+0200: 102.105: [Full GC2014-07-10T14:50:43.959+0200: 102.105: [CMS: 174758K->174757K(174784K), 0.1291721 secs] 253378K->253372K(253440K), [CMS Perm : 2654K->2654K(21248K)], 0.1292865 secs] [Times: user=0.11 sys=0.00, real=0.13 secs] 
2014-07-10T14:50:44.088+0200: 102.234: [Full GC2014-07-10T14:50:44.088+0200: 102.234: [CMS: 174757K->8770K(174784K), 0.0415002 secs] 253372K->8770K(253440K), [CMS Perm : 2654K->2654K(21248K)], 0.0415845 secs] [Times: user=0.05 sys=0.00, real=0.04 secs] 
2014-07-10T14:50:44.131+0200: 102.276: [GC [1 CMS-initial-mark: 8770K(174784K)] 10147K(253440K), 0.0001576 secs] [Times: user=0.00 sys=0.00, real=0.00 secs] 
2014-07-10T14:50:44.131+0200: 102.276: [CMS-concurrent-mark-start]
2014-07-10T14:50:44.154+0200: 102.300: [CMS-concurrent-mark: 0.023/0.023 secs] [Times: user=0.02 sys=0.00, real=0.02 secs] 
2014-07-10T14:50:44.154+0200: 102.300: [CMS-concurrent-preclean-start]
2014-07-10T14:50:44.157+0200: 102.303: [CMS-concurrent-preclean: 0.003/0.003 secs] [Times: user=0.02 sys=0.00, real=0.00 secs] 
2014-07-10T14:50:44.157+0200: 102.303: [CMS-concurrent-abortable-preclean-start]
2014-07-10T14:50:44.242+0200: 102.387: [GC2014-07-10T14:50:44.242+0200: 102.388: [ParNew2014-07-10T14:50:44.276+0200: 102.421: [CMS-concurrent-abortable-preclean: 0.001/0.118 secs] [Times: user=0.06 sys=0.00, real=0.12 secs] 
: 69919K->8704K(78656K), 0.0454465 secs] 78689K->78587K(253440K), 0.0456027 secs] [Times: user=0.09 sys=0.00, real=0.04 secs] 
2014-07-10T14:50:44.288+0200: 102.434: [GC[YG occupancy: 9413 K (78656 K)]2014-07-10T14:50:44.288+0200: 102.434: [Rescan (parallel) , 0.0018815 secs]2014-07-10T14:50:44.290+0200: 102.436: [weak refs processing, 0.0000429 secs]2014-07-10T14:50:44.290+0200: 102.436: [scrub string table, 0.0001906 secs] [1 CMS-remark: 69883K(174784K)] 79296K(253440K), 0.0022141 secs] [Times: user=0.00 sys=0.00, real=0.00 secs] 
2014-07-10T14:50:44.290+0200: 102.436: [CMS-concurrent-sweep-start]
2014-07-10T14:50:44.296+0200: 102.441: [CMS-concurrent-sweep: 0.005/0.005 secs] [Times: user=0.00 sys=0.00, real=0.01 secs] 
2014-07-10T14:50:44.296+0200: 102.442: [CMS-concurrent-reset-start]
2014-07-10T14:50:44.297+0200: 102.442: [CMS-concurrent-reset: 0.001/0.001 secs] [Times: user=0.02 sys=0.00, real=0.00 secs] 
2014-07-10T14:50:44.405+0200: 102.550: [GC2014-07-10T14:50:44.405+0200: 102.551: [ParNew: 78630K->8704K(78656K), 0.0505243 secs] 148503K->148347K(253440K), 0.0506640 secs] [Times: user=0.13 sys=0.00, real=0.05 secs] 
2014-07-10T14:50:44.456+0200: 102.601: [GC [1 CMS-initial-mark: 139643K(174784K)] 148388K(253440K), 0.0003641 secs] [Times: user=0.00 sys=0.00, real=0.00 secs] 
2014-07-10T14:50:44.456+0200: 102.602: [CMS-concurrent-mark-start]
2014-07-10T14:50:44.480+0200: 102.626: [CMS-concurrent-mark: 0.024/0.024 secs] [Times: user=0.01 sys=0.00, real=0.02 secs] 
2014-07-10T14:50:44.481+0200: 102.626: [CMS-concurrent-preclean-start]
2014-07-10T14:50:44.483+0200: 102.629: [CMS-concurrent-preclean: 0.002/0.003 secs] [Times: user=0.00 sys=0.00, real=0.00 secs] 
2014-07-10T14:50:44.483+0200: 102.629: [CMS-concurrent-abortable-preclean-start]
2014-07-10T14:50:44.575+0200: 102.721: [GC2014-07-10T14:50:44.575+0200: 102.721: [ParNew: 78651K->78651K(78656K), 0.0000488 secs]2014-07-10T14:50:44.575+0200: 102.721: [CMS2014-07-10T14:50:44.575+0200: 102.721: [CMS-concurrent-abortable-preclean: 0.002/0.092 secs] [Times: user=0.00 sys=0.02, real=0.09 secs] 
 (concurrent mode failure): 139643K->174764K(174784K), 0.1637475 secs] 218295K->217325K(253440K), [CMS Perm : 2654K->2654K(21248K)], 0.1639634 secs] [Times: user=0.17 sys=0.00, real=0.16 secs] 
2014-07-10T14:50:44.803+0200: 102.949: [Full GC2014-07-10T14:50:44.803+0200: 102.949: [CMS: 174764K->174770K(174784K), 0.1803494 secs] 253414K->253194K(253440K), [CMS Perm : 2654K->2654K(21248K)], 0.1805514 secs] [Times: user=0.17 sys=0.00, real=0.18 secs] 
2014-07-10T14:50:44.985+0200: 103.130: [GC [1 CMS-initial-mark: 174770K(174784K)] 253277K(253440K), 0.0010086 secs] [Times: user=0.00 sys=0.00, real=0.00 secs] 
2014-07-10T14:50:44.986+0200: 103.131: [CMS-concurrent-mark-start]
2014-07-10T14:50:44.986+0200: 103.131: [Full GC2014-07-10T14:50:44.986+0200: 103.131: [CMS2014-07-10T14:50:45.008+0200: 103.154: [CMS-concurrent-mark: 0.022/0.022 secs] [Times: user=0.01 sys=0.00, real=0.02 secs] 
 (concurrent mode failure): 174770K->174769K(174784K), 0.1512063 secs] 253396K->253390K(253440K), [CMS Perm : 2654K->2654K(21248K)], 0.1513027 secs] [Times: user=0.14 sys=0.00, real=0.15 secs] 
2014-07-10T14:50:45.137+0200: 103.283: [Full GC2014-07-10T14:50:45.137+0200: 103.283: [CMS: 174769K->8770K(174784K), 0.0419049 secs] 253390K->8770K(253440K), [CMS Perm : 2654K->2654K(21248K)], 0.0419893 secs] [Times: user=0.05 sys=0.00, real=0.04 secs] 
2014-07-10T14:50:45.290+0200: 103.436: [GC2014-07-10T14:50:45.290+0200: 103.436: [ParNew: 69919K->8704K(78656K), 0.0451558 secs] 78689K->78586K(253440K), 0.0453135 secs] [Times: user=0.09 sys=0.00, real=0.05 secs] 
2014-07-10T14:50:45.336+0200: 103.481: [GC [1 CMS-initial-mark: 69882K(174784K)] 78625K(253440K), 0.0002720 secs] [Times: user=0.00 sys=0.00, real=0.00 secs] 
2014-07-10T14:50:45.336+0200: 103.482: [CMS-concurrent-mark-start]
2014-07-10T14:50:45.359+0200: 103.505: [CMS-concurrent-mark: 0.023/0.023 secs] [Times: user=0.03 sys=0.00, real=0.02 secs] 
2014-07-10T14:50:45.359+0200: 103.505: [CMS-concurrent-preclean-start]
2014-07-10T14:50:45.362+0200: 103.508: [CMS-concurrent-preclean: 0.002/0.003 secs] [Times: user=0.00 sys=0.00, real=0.00 secs] 
2014-07-10T14:50:45.362+0200: 103.508: [CMS-concurrent-abortable-preclean-start]
2014-07-10T14:50:45.452+0200: 103.598: [GC2014-07-10T14:50:45.452+0200: 103.598: [ParNew2014-07-10T14:50:45.486+0200: 103.631: [CMS-concurrent-abortable-preclean: 0.001/0.124 secs] [Times: user=0.06 sys=0.00, real=0.12 secs] 
: 78622K->8704K(78656K), 0.0505745 secs] 148505K->148338K(253440K), 0.0507344 secs] [Times: user=0.09 sys=0.00, real=0.05 secs] 
2014-07-10T14:50:45.503+0200: 103.649: [GC[YG occupancy: 8827 K (78656 K)]2014-07-10T14:50:45.503+0200: 103.649: [Rescan (parallel) , 0.0015545 secs]2014-07-10T14:50:45.505+0200: 103.650: [weak refs processing, 0.0004088 secs]2014-07-10T14:50:45.505+0200: 103.651: [scrub string table, 0.0001745 secs] [1 CMS-remark: 139634K(174784K)] 148461K(253440K), 0.0022236 secs] [Times: user=0.00 sys=0.00, real=0.00 secs] 
2014-07-10T14:50:45.505+0200: 103.651: [CMS-concurrent-sweep-start]
2014-07-10T14:50:45.511+0200: 103.657: [CMS-concurrent-sweep: 0.006/0.006 secs] [Times: user=0.00 sys=0.00, real=0.01 secs] 
2014-07-10T14:50:45.511+0200: 103.657: [CMS-concurrent-reset-start]
2014-07-10T14:50:45.512+0200: 103.658: [CMS-concurrent-reset: 0.001/0.001 secs] [Times: user=0.00 sys=0.00, real=0.00 secs] 
2014-07-10T14:50:45.622+0200: 103.768: [GC2014-07-10T14:50:45.622+0200: 103.768: [ParNew: 78649K->78649K(78656K), 0.0000473 secs]2014-07-10T14:50:45.622+0200: 103.768: [CMS: 139400K->174748K(174784K), 0.1616790 secs] 218050K->217313K(253440K), [CMS Perm : 2654K->2654K(21248K)], 0.1618901 secs] [Times: user=0.16 sys=0.00, real=0.16 secs] 
2014-07-10T14:50:45.784+0200: 103.930: [GC [1 CMS-initial-mark: 174748K(174784K)] 217354K(253440K), 0.0006951 secs] [Times: user=0.00 sys=0.00, real=0.00 secs] 
2014-07-10T14:50:45.785+0200: 103.931: [CMS-concurrent-mark-start]
2014-07-10T14:50:45.809+0200: 103.955: [CMS-concurrent-mark: 0.024/0.024 secs] [Times: user=0.02 sys=0.00, real=0.02 secs] 
2014-07-10T14:50:45.809+0200: 103.955: [CMS-concurrent-preclean-start]
2014-07-10T14:50:45.827+0200: 103.973: [CMS-concurrent-preclean: 0.018/0.018 secs] [Times: user=0.03 sys=0.00, real=0.02 secs] 
2014-07-10T14:50:45.827+0200: 103.973: [CMS-concurrent-abortable-preclean-start]
2014-07-10T14:50:45.827+0200: 103.973: [CMS-concurrent-abortable-preclean: 0.000/0.000 secs] [Times: user=0.00 sys=0.00, real=0.00 secs] 
2014-07-10T14:50:45.827+0200: 103.973: [GC[YG occupancy: 67587 K (78656 K)]2014-07-10T14:50:45.827+0200: 103.973: [Rescan (parallel) , 0.0009558 secs]2014-07-10T14:50:45.828+0200: 103.974: [weak refs processing, 0.0000308 secs]2014-07-10T14:50:45.828+0200: 103.974: [scrub string table, 0.0001492 secs] [1 CMS-remark: 174748K(174784K)] 242335K(253440K), 0.0012154 secs] [Times: user=0.00 sys=0.00, real=0.00 secs] 
2014-07-10T14:50:45.828+0200: 103.974: [CMS-concurrent-sweep-start]
2014-07-10T14:50:45.834+0200: 103.980: [CMS-concurrent-sweep: 0.005/0.005 secs] [Times: user=0.00 sys=0.00, real=0.01 secs] 
2014-07-10T14:50:45.834+0200: 103.980: [CMS-concurrent-reset-start]
2014-07-10T14:50:45.835+0200: 103.981: [CMS-concurrent-reset: 0.001/0.001 secs] [Times: user=0.00 sys=0.00, real=0.00 secs] 
2014-07-10T14:50:45.847+0200: 103.993: [GC2014-07-10T14:50:45.847+0200: 103.993: [ParNew: 78626K->78626K(78656K), 0.0000469 secs]2014-07-10T14:50:45.847+0200: 103.993: [CMS: 174737K->174750K(174784K), 0.1776847 secs] 253363K->253157K(253440K), [CMS Perm : 2654K->2654K(21248K)], 0.1779033 secs] [Times: user=0.16 sys=0.00, real=0.18 secs] 
2014-07-10T14:50:46.025+0200: 104.171: [GC [1 CMS-initial-mark: 174750K(174784K)] 253198K(253440K), 0.0009888 secs] [Times: user=0.00 sys=0.00, real=0.00 secs] 
2014-07-10T14:50:46.026+0200: 104.172: [CMS-concurrent-mark-start]
2014-07-10T14:50:46.026+0200: 104.172: [Full GC2014-07-10T14:50:46.026+0200: 104.172: [CMS2014-07-10T14:50:46.048+0200: 104.194: [CMS-concurrent-mark: 0.022/0.022 secs] [Times: user=0.03 sys=0.00, real=0.02 secs] 
 (concurrent mode failure): 174750K->174749K(174784K), 0.1497156 secs] 253396K->253392K(253440K), [CMS Perm : 2654K->2654K(21248K)], 0.1498263 secs] [Times: user=0.16 sys=0.00, real=0.15 secs] 
2014-07-10T14:50:46.176+0200: 104.322: [Full GC2014-07-10T14:50:46.176+0200: 104.322: [CMS: 174749K->8769K(174784K), 0.0422694 secs] 253392K->8769K(253440K), [CMS Perm : 2654K->2654K(21248K)], 0.0423555 secs] [Times: user=0.05 sys=0.00, real=0.04 secs] 
2014-07-10T14:50:46.330+0200: 104.476: [GC2014-07-10T14:50:46.330+0200: 104.476: [ParNew: 69938K->8704K(78656K), 0.0456042 secs] 78708K->78621K(253440K), 0.0457604 secs] [Times: user=0.09 sys=0.00, real=0.05 secs] 
2014-07-10T14:50:46.377+0200: 104.523: [GC [1 CMS-initial-mark: 69917K(174784K)] 79172K(253440K), 0.0002632 secs] [Times: user=0.00 sys=0.00, real=0.00 secs] 
2014-07-10T14:50:46.377+0200: 104.523: [CMS-concurrent-mark-start]
2014-07-10T14:50:46.401+0200: 104.547: [CMS-concurrent-mark: 0.024/0.024 secs] [Times: user=0.02 sys=0.00, real=0.02 secs] 
2014-07-10T14:50:46.401+0200: 104.547: [CMS-concurrent-preclean-start]
2014-07-10T14:50:46.404+0200: 104.550: [CMS-concurrent-preclean: 0.002/0.003 secs] [Times: user=0.02 sys=0.00, real=0.00 secs] 
2014-07-10T14:50:46.404+0200: 104.550: [CMS-concurrent-abortable-preclean-start]
2014-07-10T14:50:46.500+0200: 104.646: [GC2014-07-10T14:50:46.500+0200: 104.646: [ParNew2014-07-10T14:50:46.534+0200: 104.679: [CMS-concurrent-abortable-preclean: 0.001/0.130 secs] [Times: user=0.06 sys=0.00, real=0.13 secs] 
: 78641K->8704K(78656K), 0.0503377 secs] 148559K->148394K(253440K), 0.0504748 secs] [Times: user=0.09 sys=0.00, real=0.05 secs] 
2014-07-10T14:50:46.551+0200: 104.697: [GC[YG occupancy: 8745 K (78656 K)]2014-07-10T14:50:46.551+0200: 104.697: [Rescan (parallel) , 0.0017015 secs]2014-07-10T14:50:46.553+0200: 104.698: [weak refs processing, 0.0004451 secs]2014-07-10T14:50:46.553+0200: 104.699: [scrub string table, 0.0002112 secs] [1 CMS-remark: 139690K(174784K)] 148436K(253440K), 0.0024659 secs] [Times: user=0.00 sys=0.00, real=0.00 secs] 
2014-07-10T14:50:46.553+0200: 104.699: [CMS-concurrent-sweep-start]
2014-07-10T14:50:46.561+0200: 104.707: [CMS-concurrent-sweep: 0.007/0.007 secs] [Times: user=0.02 sys=0.00, real=0.01 secs] 
2014-07-10T14:50:46.561+0200: 104.707: [CMS-concurrent-reset-start]
2014-07-10T14:50:46.563+0200: 104.708: [CMS-concurrent-reset: 0.002/0.002 secs] [Times: user=0.00 sys=0.00, real=0.00 secs] 
2014-07-10T14:50:46.671+0200: 104.817: [GC2014-07-10T14:50:46.671+0200: 104.817: [ParNew: 78617K->78617K(78656K), 0.0000480 secs]2014-07-10T14:50:46.671+0200: 104.817: [CMS: 139456K->174752K(174784K), 0.1634010 secs] 218073K->217331K(253440K), [CMS Perm : 2654K->2654K(21248K)], 0.1636181 secs] [Times: user=0.16 sys=0.00, real=0.16 secs] 
2014-07-10T14:50:46.835+0200: 104.981: [GC [1 CMS-initial-mark: 174752K(174784K)] 217372K(253440K), 0.0006016 secs] [Times: user=0.00 sys=0.00, real=0.00 secs] 
2014-07-10T14:50:46.835+0200: 104.981: [CMS-concurrent-mark-start]
2014-07-10T14:50:46.859+0200: 105.005: [CMS-concurrent-mark: 0.024/0.024 secs] [Times: user=0.03 sys=0.00, real=0.02 secs] 
2014-07-10T14:50:46.859+0200: 105.005: [CMS-concurrent-preclean-start]
2014-07-10T14:50:46.877+0200: 105.023: [CMS-concurrent-preclean: 0.018/0.018 secs] [Times: user=0.02 sys=0.00, real=0.02 secs] 
2014-07-10T14:50:46.877+0200: 105.023: [CMS-concurrent-abortable-preclean-start]
2014-07-10T14:50:46.877+0200: 105.023: [CMS-concurrent-abortable-preclean: 0.000/0.000 secs] [Times: user=0.00 sys=0.00, real=0.00 secs] 
2014-07-10T14:50:46.877+0200: 105.023: [GC[YG occupancy: 67901 K (78656 K)]2014-07-10T14:50:46.877+0200: 105.023: [Rescan (parallel) , 0.0009210 secs]2014-07-10T14:50:46.878+0200: 105.024: [weak refs processing, 0.0000304 secs]2014-07-10T14:50:46.878+0200: 105.024: [scrub string table, 0.0001507 secs] [1 CMS-remark: 174752K(174784K)] 242653K(253440K), 0.0011846 secs] [Times: user=0.00 sys=0.00, real=0.00 secs] 
2014-07-10T14:50:46.878+0200: 105.024: [CMS-concurrent-sweep-start]
2014-07-10T14:50:46.885+0200: 105.031: [CMS-concurrent-sweep: 0.007/0.007 secs] [Times: user=0.00 sys=0.00, real=0.01 secs] 
2014-07-10T14:50:46.885+0200: 105.031: [CMS-concurrent-reset-start]
2014-07-10T14:50:46.886+0200: 105.032: [CMS-concurrent-reset: 0.001/0.001 secs] [Times: user=0.00 sys=0.00, real=0.00 secs] 
2014-07-10T14:50:46.897+0200: 105.042: [GC2014-07-10T14:50:46.897+0200: 105.043: [ParNew: 78625K->78625K(78656K), 0.0000458 secs]2014-07-10T14:50:46.897+0200: 105.043: [CMS: 174741K->174755K(174784K), 0.1677606 secs] 253366K->253162K(253440K), [CMS Perm : 2654K->2654K(21248K)], 0.1679750 secs] [Times: user=0.17 sys=0.00, real=0.17 secs] 
2014-07-10T14:50:47.065+0200: 105.211: [GC [1 CMS-initial-mark: 174755K(174784K)] 253204K(253440K), 0.0008634 secs] [Times: user=0.00 sys=0.00, real=0.00 secs] 
2014-07-10T14:50:47.066+0200: 105.212: [CMS-concurrent-mark-start]
2014-07-10T14:50:47.066+0200: 105.212: [Full GC2014-07-10T14:50:47.066+0200: 105.212: [CMS2014-07-10T14:50:47.090+0200: 105.236: [CMS-concurrent-mark: 0.024/0.024 secs] [Times: user=0.03 sys=0.00, real=0.02 secs] 
 (concurrent mode failure): 174755K->174754K(174784K), 0.1549815 secs] 253401K->253397K(253440K), [CMS Perm : 2654K->2654K(21248K)], 0.1550977 secs] [Times: user=0.16 sys=0.00, real=0.15 secs] 
2014-07-10T14:50:47.221+0200: 105.367: [Full GC2014-07-10T14:50:47.221+0200: 105.367: [CMS: 174754K->8770K(174784K), 0.0421594 secs] 253397K->8770K(253440K), [CMS Perm : 2654K->2654K(21248K)], 0.0422360 secs] [Times: user=0.05 sys=0.00, real=0.04 secs] 
2014-07-10T14:50:47.375+0200: 105.521: [GC2014-07-10T14:50:47.375+0200: 105.521: [ParNew: 69918K->8704K(78656K), 0.0453468 secs] 78689K->78587K(253440K), 0.0454997 secs] [Times: user=0.08 sys=0.00, real=0.05 secs] 
2014-07-10T14:50:47.421+0200: 105.567: [GC [1 CMS-initial-mark: 69883K(174784K)] 78628K(253440K), 0.0002900 secs] [Times: user=0.00 sys=0.00, real=0.00 secs] 
2014-07-10T14:50:47.421+0200: 105.567: [CMS-concurrent-mark-start]
2014-07-10T14:50:47.445+0200: 105.590: [CMS-concurrent-mark: 0.023/0.023 secs] [Times: user=0.02 sys=0.00, real=0.02 secs] 
2014-07-10T14:50:47.445+0200: 105.590: [CMS-concurrent-preclean-start]
2014-07-10T14:50:47.447+0200: 105.593: [CMS-concurrent-preclean: 0.002/0.002 secs] [Times: user=0.00 sys=0.00, real=0.00 secs] 
2014-07-10T14:50:47.447+0200: 105.593: [CMS-concurrent-abortable-preclean-start]
2014-07-10T14:50:47.544+0200: 105.690: [GC2014-07-10T14:50:47.544+0200: 105.690: [ParNew2014-07-10T14:50:47.577+0200: 105.722: [CMS-concurrent-abortable-preclean: 0.001/0.130 secs] [Times: user=0.08 sys=0.00, real=0.13 secs] 
: 78641K->8704K(78656K), 0.0506460 secs] 148524K->148355K(253440K), 0.0507982 secs] [Times: user=0.09 sys=0.00, real=0.05 secs] 
2014-07-10T14:50:47.595+0200: 105.741: [GC[YG occupancy: 9336 K (78656 K)]2014-07-10T14:50:47.595+0200: 105.741: [Rescan (parallel) , 0.0015233 secs]2014-07-10T14:50:47.597+0200: 105.743: [weak refs processing, 0.0003989 secs]2014-07-10T14:50:47.597+0200: 105.743: [scrub string table, 0.0001635 secs] [1 CMS-remark: 139651K(174784K)] 148988K(253440K), 0.0021679 secs] [Times: user=0.00 sys=0.00, real=0.00 secs] 
2014-07-10T14:50:47.597+0200: 105.743: [CMS-concurrent-sweep-start]
2014-07-10T14:50:47.604+0200: 105.749: [CMS-concurrent-sweep: 0.006/0.006 secs] [Times: user=0.02 sys=0.00, real=0.01 secs] 
2014-07-10T14:50:47.604+0200: 105.750: [CMS-concurrent-reset-start]
2014-07-10T14:50:47.605+0200: 105.750: [CMS-concurrent-reset: 0.001/0.001 secs] [Times: user=0.00 sys=0.00, real=0.00 secs] 
2014-07-10T14:50:47.725+0200: 105.871: [GC2014-07-10T14:50:47.725+0200: 105.871: [ParNew: 78632K->78632K(78656K), 0.0000477 secs]2014-07-10T14:50:47.725+0200: 105.871: [CMS: 139419K->174773K(174784K), 0.1617439 secs] 218051K->217312K(253440K), [CMS Perm : 2654K->2654K(21248K)], 0.1619528 secs] [Times: user=0.17 sys=0.00, real=0.16 secs] 
2014-07-10T14:50:47.887+0200: 106.033: [GC [1 CMS-initial-mark: 174773K(174784K)] 217353K(253440K), 0.0005998 secs] [Times: user=0.00 sys=0.00, real=0.00 secs] 
2014-07-10T14:50:47.888+0200: 106.034: [CMS-concurrent-mark-start]
2014-07-10T14:50:47.911+0200: 106.057: [CMS-concurrent-mark: 0.023/0.024 secs] [Times: user=0.02 sys=0.00, real=0.02 secs] 
2014-07-10T14:50:47.911+0200: 106.057: [CMS-concurrent-preclean-start]
2014-07-10T14:50:47.929+0200: 106.075: [CMS-concurrent-preclean: 0.018/0.018 secs] [Times: user=0.01 sys=0.00, real=0.02 secs] 
2014-07-10T14:50:47.929+0200: 106.075: [CMS-concurrent-abortable-preclean-start]
2014-07-10T14:50:47.929+0200: 106.075: [CMS-concurrent-abortable-preclean: 0.000/0.000 secs] [Times: user=0.00 sys=0.00, real=0.00 secs] 
2014-07-10T14:50:47.929+0200: 106.075: [GC[YG occupancy: 64921 K (78656 K)]2014-07-10T14:50:47.929+0200: 106.075: [Rescan (parallel) , 0.0009001 secs]2014-07-10T14:50:47.930+0200: 106.076: [weak refs processing, 0.0000297 secs]2014-07-10T14:50:47.930+0200: 106.076: [scrub string table, 0.0001701 secs] [1 CMS-remark: 174773K(174784K)] 239695K(253440K), 0.0011809 secs] [Times: user=0.00 sys=0.00, real=0.00 secs] 
2014-07-10T14:50:47.931+0200: 106.076: [CMS-concurrent-sweep-start]
2014-07-10T14:50:47.936+0200: 106.082: [CMS-concurrent-sweep: 0.006/0.006 secs] [Times: user=0.02 sys=0.00, real=0.01 secs] 
2014-07-10T14:50:47.936+0200: 106.082: [CMS-concurrent-reset-start]
2014-07-10T14:50:47.937+0200: 106.083: [CMS-concurrent-reset: 0.001/0.001 secs] [Times: user=0.00 sys=0.00, real=0.00 secs] 
2014-07-10T14:50:47.956+0200: 106.102: [GC2014-07-10T14:50:47.956+0200: 106.102: [ParNew: 78622K->78622K(78656K), 0.0000480 secs]2014-07-10T14:50:47.956+0200: 106.102: [CMS: 174764K->174776K(174784K), 0.1668744 secs] 253386K->253175K(253440K), [CMS Perm : 2654K->2654K(21248K)], 0.1671219 secs] [Times: user=0.17 sys=0.00, real=0.17 secs] 
2014-07-10T14:50:48.123+0200: 106.269: [GC [1 CMS-initial-mark: 174776K(174784K)] 253218K(253440K), 0.0011974 secs] [Times: user=0.00 sys=0.00, real=0.00 secs] 
2014-07-10T14:50:48.125+0200: 106.270: [CMS-concurrent-mark-start]
2014-07-10T14:50:48.126+0200: 106.272: [Full GC2014-07-10T14:50:48.126+0200: 106.272: [CMS2014-07-10T14:50:48.146+0200: 106.292: [CMS-concurrent-mark: 0.022/0.022 secs] [Times: user=0.02 sys=0.00, real=0.02 secs] 
 (concurrent mode failure): 174776K->174775K(174784K), 0.1593964 secs] 253416K->253410K(253440K), [CMS Perm : 2654K->2654K(21248K)], 0.1594781 secs] [Times: user=0.16 sys=0.00, real=0.16 secs] 
2014-07-10T14:50:48.285+0200: 106.431: [Full GC2014-07-10T14:50:48.286+0200: 106.431: [CMS: 174775K->8771K(174784K), 0.0450330 secs] 253410K->8771K(253440K), [CMS Perm : 2654K->2654K(21248K)], 0.0451378 secs] [Times: user=0.05 sys=0.00, real=0.05 secs] 
2014-07-10T14:50:48.446+0200: 106.592: [GC2014-07-10T14:50:48.446+0200: 106.592: [ParNew: 69947K->8704K(78656K), 0.0444130 secs] 78718K->78635K(253440K), 0.0445509 secs] [Times: user=0.09 sys=0.00, real=0.04 secs] 
2014-07-10T14:50:48.491+0200: 106.637: [GC [1 CMS-initial-mark: 69931K(174784K)] 78676K(253440K), 0.0002698 secs] [Times: user=0.00 sys=0.00, real=0.00 secs] 
2014-07-10T14:50:48.491+0200: 106.637: [CMS-concurrent-mark-start]
2014-07-10T14:50:48.514+0200: 106.660: [CMS-concurrent-mark: 0.023/0.023 secs] [Times: user=0.03 sys=0.00, real=0.02 secs] 
2014-07-10T14:50:48.514+0200: 106.660: [CMS-concurrent-preclean-start]
2014-07-10T14:50:48.517+0200: 106.663: [CMS-concurrent-preclean: 0.002/0.003 secs] [Times: user=0.00 sys=0.00, real=0.00 secs] 
2014-07-10T14:50:48.517+0200: 106.663: [CMS-concurrent-abortable-preclean-start]
2014-07-10T14:50:48.609+0200: 106.755: [GC2014-07-10T14:50:48.609+0200: 106.755: [ParNew2014-07-10T14:50:48.643+0200: 106.789: [CMS-concurrent-abortable-preclean: 0.001/0.126 secs] [Times: user=0.06 sys=0.00, real=0.13 secs] 
: 78652K->8704K(78656K), 0.0512348 secs] 148583K->148392K(253440K), 0.0513914 secs] [Times: user=0.09 sys=0.00, real=0.05 secs] 
2014-07-10T14:50:48.661+0200: 106.807: [GC[YG occupancy: 9688 K (78656 K)]2014-07-10T14:50:48.661+0200: 106.807: [Rescan (parallel) , 0.0015633 secs]2014-07-10T14:50:48.662+0200: 106.808: [weak refs processing, 0.0004557 secs]2014-07-10T14:50:48.663+0200: 106.809: [scrub string table, 0.0001818 secs] [1 CMS-remark: 139688K(174784K)] 149376K(253440K), 0.0022881 secs] [Times: user=0.00 sys=0.00, real=0.00 secs] 
2014-07-10T14:50:48.663+0200: 106.809: [CMS-concurrent-sweep-start]
2014-07-10T14:50:48.669+0200: 106.815: [CMS-concurrent-sweep: 0.006/0.006 secs] [Times: user=0.01 sys=0.00, real=0.01 secs] 
2014-07-10T14:50:48.669+0200: 106.815: [CMS-concurrent-reset-start]
2014-07-10T14:50:48.670+0200: 106.816: [CMS-concurrent-reset: 0.001/0.001 secs] [Times: user=0.00 sys=0.00, real=0.00 secs] 
2014-07-10T14:50:48.792+0200: 106.938: [GC2014-07-10T14:50:48.792+0200: 106.938: [ParNew: 78638K->78638K(78656K), 0.0000491 secs]2014-07-10T14:50:48.792+0200: 106.938: [CMS: 139457K->174749K(174784K), 0.1594070 secs] 218096K->217361K(253440K), [CMS Perm : 2654K->2654K(21248K)], 0.1596229 secs] [Times: user=0.16 sys=0.00, real=0.16 secs] 
2014-07-10T14:50:48.952+0200: 107.098: [GC [1 CMS-initial-mark: 174749K(174784K)] 217402K(253440K), 0.0004924 secs] [Times: user=0.00 sys=0.00, real=0.00 secs] 
2014-07-10T14:50:48.952+0200: 107.098: [CMS-concurrent-mark-start]
2014-07-10T14:50:48.976+0200: 107.122: [CMS-concurrent-mark: 0.024/0.024 secs] [Times: user=0.02 sys=0.00, real=0.02 secs] 
2014-07-10T14:50:48.976+0200: 107.122: [CMS-concurrent-preclean-start]
2014-07-10T14:50:48.994+0200: 107.140: [CMS-concurrent-preclean: 0.018/0.018 secs] [Times: user=0.03 sys=0.00, real=0.02 secs] 
2014-07-10T14:50:48.995+0200: 107.140: [CMS-concurrent-abortable-preclean-start]
2014-07-10T14:50:48.995+0200: 107.140: [CMS-concurrent-abortable-preclean: 0.000/0.000 secs] [Times: user=0.00 sys=0.00, real=0.00 secs] 
2014-07-10T14:50:48.995+0200: 107.141: [GC[YG occupancy: 68288 K (78656 K)]2014-07-10T14:50:48.995+0200: 107.141: [Rescan (parallel) , 0.0009122 secs]2014-07-10T14:50:48.996+0200: 107.142: [weak refs processing, 0.0000312 secs]2014-07-10T14:50:48.996+0200: 107.142: [scrub string table, 0.0001503 secs] [1 CMS-remark: 174749K(174784K)] 243038K(253440K), 0.0011721 secs] [Times: user=0.00 sys=0.00, real=0.00 secs] 
2014-07-10T14:50:48.996+0200: 107.142: [CMS-concurrent-sweep-start]
2014-07-10T14:50:49.001+0200: 107.147: [CMS-concurrent-sweep: 0.005/0.005 secs] [Times: user=0.00 sys=0.00, real=0.00 secs] 
2014-07-10T14:50:49.001+0200: 107.147: [CMS-concurrent-reset-start]
2014-07-10T14:50:49.002+0200: 107.148: [CMS-concurrent-reset: 0.001/0.001 secs] [Times: user=0.00 sys=0.00, real=0.00 secs] 
2014-07-10T14:50:49.014+0200: 107.160: [GC2014-07-10T14:50:49.014+0200: 107.160: [ParNew: 78640K->78640K(78656K), 0.0000469 secs]2014-07-10T14:50:49.014+0200: 107.160: [CMS: 174741K->174752K(174784K), 0.1674687 secs] 253382K->253175K(253440K), [CMS Perm : 2654K->2654K(21248K)], 0.1676942 secs] [Times: user=0.17 sys=0.00, real=0.17 secs] 
2014-07-10T14:50:49.182+0200: 107.328: [GC [1 CMS-initial-mark: 174752K(174784K)] 253216K(253440K), 0.0009213 secs] [Times: user=0.00 sys=0.00, real=0.00 secs] 
2014-07-10T14:50:49.183+0200: 107.329: [CMS-concurrent-mark-start]
2014-07-10T14:50:49.183+0200: 107.329: [Full GC2014-07-10T14:50:49.183+0200: 107.329: [CMS2014-07-10T14:50:49.204+0200: 107.350: [CMS-concurrent-mark: 0.022/0.022 secs] [Times: user=0.01 sys=0.00, real=0.02 secs] 
 (concurrent mode failure): 174752K->174751K(174784K), 0.1521603 secs] 253372K->253370K(253440K), [CMS Perm : 2654K->2654K(21248K)], 0.1522582 secs] [Times: user=0.14 sys=0.00, real=0.15 secs] 
2014-07-10T14:50:49.335+0200: 107.481: [Full GC2014-07-10T14:50:49.335+0200: 107.481: [CMS: 174751K->8769K(174784K), 0.0416806 secs] 253370K->8769K(253440K), [CMS Perm : 2654K->2654K(21248K)], 0.0417678 secs] [Times: user=0.05 sys=0.00, real=0.04 secs] 
2014-07-10T14:50:49.490+0200: 107.636: [GC2014-07-10T14:50:49.490+0200: 107.636: [ParNew: 69938K->8704K(78656K), 0.0454828 secs] 78708K->78614K(253440K), 0.0456343 secs] [Times: user=0.09 sys=0.00, real=0.05 secs] 
2014-07-10T14:50:49.536+0200: 107.682: [GC [1 CMS-initial-mark: 69910K(174784K)] 78655K(253440K), 0.0002779 secs] [Times: user=0.00 sys=0.00, real=0.00 secs] 
2014-07-10T14:50:49.536+0200: 107.682: [CMS-concurrent-mark-start]
2014-07-10T14:50:49.559+0200: 107.705: [CMS-concurrent-mark: 0.023/0.023 secs] [Times: user=0.03 sys=0.00, real=0.02 secs] 
2014-07-10T14:50:49.559+0200: 107.705: [CMS-concurrent-preclean-start]
2014-07-10T14:50:49.562+0200: 107.708: [CMS-concurrent-preclean: 0.002/0.003 secs] [Times: user=0.00 sys=0.00, real=0.00 secs] 
2014-07-10T14:50:49.562+0200: 107.708: [CMS-concurrent-abortable-preclean-start]
2014-07-10T14:50:49.655+0200: 107.801: [GC2014-07-10T14:50:49.655+0200: 107.801: [ParNew2014-07-10T14:50:49.689+0200: 107.835: [CMS-concurrent-abortable-preclean: 0.001/0.126 secs] [Times: user=0.06 sys=0.00, real=0.13 secs] 
: 78620K->8704K(78656K), 0.0507604 secs] 148530K->148349K(253440K), 0.0509096 secs] [Times: user=0.09 sys=0.00, real=0.05 secs] 
2014-07-10T14:50:49.706+0200: 107.852: [GC[YG occupancy: 9294 K (78656 K)]2014-07-10T14:50:49.706+0200: 107.852: [Rescan (parallel) , 0.0015358 secs]2014-07-10T14:50:49.708+0200: 107.854: [weak refs processing, 0.0004253 secs]2014-07-10T14:50:49.708+0200: 107.854: [scrub string table, 0.0001980 secs] [1 CMS-remark: 139645K(174784K)] 148940K(253440K), 0.0022522 secs] [Times: user=0.00 sys=0.00, real=0.00 secs] 
2014-07-10T14:50:49.708+0200: 107.854: [CMS-concurrent-sweep-start]
2014-07-10T14:50:49.714+0200: 107.860: [CMS-concurrent-sweep: 0.006/0.006 secs] [Times: user=0.02 sys=0.00, real=0.01 secs] 
2014-07-10T14:50:49.714+0200: 107.860: [CMS-concurrent-reset-start]
2014-07-10T14:50:49.715+0200: 107.861: [CMS-concurrent-reset: 0.001/0.001 secs] [Times: user=0.00 sys=0.00, real=0.00 secs] 
2014-07-10T14:50:49.827+0200: 107.973: [GC2014-07-10T14:50:49.827+0200: 107.973: [ParNew: 78627K->78627K(78656K), 0.0000477 secs]2014-07-10T14:50:49.827+0200: 107.973: [CMS: 139412K->174772K(174784K), 0.1606491 secs] 218040K->217304K(253440K), [CMS Perm : 2654K->2654K(21248K)], 0.1608621 secs] [Times: user=0.16 sys=0.00, real=0.16 secs] 
2014-07-10T14:50:49.988+0200: 108.134: [GC [1 CMS-initial-mark: 174772K(174784K)] 217345K(253440K), 0.0005455 secs] [Times: user=0.00 sys=0.00, real=0.00 secs] 
2014-07-10T14:50:49.988+0200: 108.134: [CMS-concurrent-mark-start]
2014-07-10T14:50:50.012+0200: 108.158: [CMS-concurrent-mark: 0.024/0.024 secs] [Times: user=0.03 sys=0.00, real=0.02 secs] 
2014-07-10T14:50:50.012+0200: 108.158: [CMS-concurrent-preclean-start]
2014-07-10T14:50:50.030+0200: 108.176: [CMS-concurrent-preclean: 0.018/0.018 secs] [Times: user=0.02 sys=0.00, real=0.02 secs] 
2014-07-10T14:50:50.030+0200: 108.176: [CMS-concurrent-abortable-preclean-start]
2014-07-10T14:50:50.030+0200: 108.176: [CMS-concurrent-abortable-preclean: 0.000/0.000 secs] [Times: user=0.00 sys=0.00, real=0.00 secs] 
2014-07-10T14:50:50.030+0200: 108.176: [GC[YG occupancy: 61247 K (78656 K)]2014-07-10T14:50:50.030+0200: 108.176: [Rescan (parallel) , 0.0008726 secs]2014-07-10T14:50:50.031+0200: 108.177: [weak refs processing, 0.0000330 secs]2014-07-10T14:50:50.031+0200: 108.177: [scrub string table, 0.0001851 secs] [1 CMS-remark: 174772K(174784K)] 236020K(253440K), 0.0011721 secs] [Times: user=0.00 sys=0.00, real=0.00 secs] 
2014-07-10T14:50:50.032+0200: 108.178: [CMS-concurrent-sweep-start]
2014-07-10T14:50:50.037+0200: 108.183: [CMS-concurrent-sweep: 0.006/0.006 secs] [Times: user=0.00 sys=0.00, real=0.00 secs] 
2014-07-10T14:50:50.037+0200: 108.183: [CMS-concurrent-reset-start]
2014-07-10T14:50:50.038+0200: 108.184: [CMS-concurrent-reset: 0.001/0.001 secs] [Times: user=0.01 sys=0.00, real=0.00 secs] 
2014-07-10T14:50:50.061+0200: 108.207: [GC2014-07-10T14:50:50.061+0200: 108.207: [ParNew: 78622K->78622K(78656K), 0.0000466 secs]2014-07-10T14:50:50.061+0200: 108.207: [CMS: 174768K->174774K(174784K), 0.1644950 secs] 253391K->253178K(253440K), [CMS Perm : 2654K->2654K(21248K)], 0.1647121 secs] [Times: user=0.17 sys=0.00, real=0.16 secs] 
2014-07-10T14:50:50.226+0200: 108.372: [GC [1 CMS-initial-mark: 174774K(174784K)] 253377K(253440K), 0.0008282 secs] [Times: user=0.00 sys=0.00, real=0.00 secs] 
2014-07-10T14:50:50.227+0200: 108.373: [CMS-concurrent-mark-start]
2014-07-10T14:50:50.227+0200: 108.373: [Full GC2014-07-10T14:50:50.227+0200: 108.373: [CMS2014-07-10T14:50:50.248+0200: 108.394: [CMS-concurrent-mark: 0.021/0.021 secs] [Times: user=0.02 sys=0.00, real=0.02 secs] 
 (concurrent mode failure): 174774K->174773K(174784K), 0.1513588 secs] 253416K->253413K(253440K), [CMS Perm : 2654K->2654K(21248K)], 0.1514644 secs] [Times: user=0.14 sys=0.00, real=0.15 secs] 
2014-07-10T14:50:50.378+0200: 108.524: [Full GC2014-07-10T14:50:50.378+0200: 108.524: [CMS: 174773K->8771K(174784K), 0.0422481 secs] 253413K->8771K(253440K), [CMS Perm : 2654K->2654K(21248K)], 0.0423515 secs] [Times: user=0.05 sys=0.00, real=0.04 secs] 
2014-07-10T14:50:50.533+0200: 108.679: [GC2014-07-10T14:50:50.533+0200: 108.679: [ParNew: 69949K->8704K(78656K), 0.0454531 secs] 78721K->78621K(253440K), 0.0456112 secs] [Times: user=0.09 sys=0.00, real=0.05 secs] 
2014-07-10T14:50:50.579+0200: 108.725: [GC [1 CMS-initial-mark: 69917K(174784K)] 78740K(253440K), 0.0003435 secs] [Times: user=0.00 sys=0.00, real=0.00 secs] 
2014-07-10T14:50:50.579+0200: 108.725: [CMS-concurrent-mark-start]
2014-07-10T14:50:50.603+0200: 108.749: [CMS-concurrent-mark: 0.024/0.024 secs] [Times: user=0.03 sys=0.00, real=0.02 secs] 
2014-07-10T14:50:50.603+0200: 108.749: [CMS-concurrent-preclean-start]
2014-07-10T14:50:50.605+0200: 108.751: [CMS-concurrent-preclean: 0.002/0.002 secs] [Times: user=0.00 sys=0.00, real=0.00 secs] 
2014-07-10T14:50:50.605+0200: 108.751: [CMS-concurrent-abortable-preclean-start]
2014-07-10T14:50:50.715+0200: 108.861: [GC2014-07-10T14:50:50.715+0200: 108.861: [ParNew: 78637K->8704K(78656K), 0.0501339 secs] 148555K->148408K(253440K), 0.0502853 secs] [Times: user=0.06 sys=0.00, real=0.05 secs] 
2014-07-10T14:50:50.885+0200: 109.031: [CMS-concurrent-abortable-preclean: 0.021/0.279 secs] [Times: user=0.13 sys=0.00, real=0.28 secs] 
2014-07-10T14:50:50.885+0200: 109.031: [GC[YG occupancy: 77605 K (78656 K)]2014-07-10T14:50:50.885+0200: 109.031: [Rescan (parallel) , 0.0015615 secs]2014-07-10T14:50:50.887+0200: 109.033: [weak refs processing, 0.0003490 secs]2014-07-10T14:50:50.887+0200: 109.033: [scrub string table, 0.0001705 secs] [1 CMS-remark: 139704K(174784K)] 217310K(253440K), 0.0021701 secs] [Times: user=0.00 sys=0.00, real=0.00 secs] 
2014-07-10T14:50:50.887+0200: 109.033: [CMS-concurrent-sweep-start]
2014-07-10T14:50:50.888+0200: 109.034: [GC2014-07-10T14:50:50.888+0200: 109.034: [ParNew: 78627K->78627K(78656K), 0.0000436 secs]2014-07-10T14:50:50.888+0200: 109.034: [CMS2014-07-10T14:50:50.893+0200: 109.039: [CMS-concurrent-sweep: 0.006/0.006 secs] [Times: user=0.00 sys=0.00, real=0.01 secs] 
 (concurrent mode failure): 139683K->174778K(174784K), 0.1635990 secs] 218311K->217342K(253440K), [CMS Perm : 2654K->2654K(21248K)], 0.1637746 secs] [Times: user=0.17 sys=0.00, real=0.16 secs] 
2014-07-10T14:50:51.115+0200: 109.261: [Full GC2014-07-10T14:50:51.115+0200: 109.261: [CMS: 174778K->174782K(174784K), 0.1660048 secs] 253406K->253186K(253440K), [CMS Perm : 2654K->2654K(21248K)], 0.1661753 secs] [Times: user=0.16 sys=0.00, real=0.17 secs] 
2014-07-10T14:50:51.281+0200: 109.427: [GC [1 CMS-initial-mark: 174782K(174784K)] 253307K(253440K), 0.0011046 secs] [Times: user=0.00 sys=0.00, real=0.00 secs] 
2014-07-10T14:50:51.282+0200: 109.429: [CMS-concurrent-mark-start]
2014-07-10T14:50:51.283+0200: 109.429: [Full GC2014-07-10T14:50:51.283+0200: 109.429: [CMS2014-07-10T14:50:51.304+0200: 109.450: [CMS-concurrent-mark: 0.021/0.022 secs] [Times: user=0.03 sys=0.00, real=0.02 secs] 
 (concurrent mode failure): 174782K->174782K(174784K), 0.1559944 secs] 253427K->253422K(253440K), [CMS Perm : 2654K->2654K(21248K)], 0.1561063 secs] [Times: user=0.16 sys=0.00, real=0.16 secs] 
2014-07-10T14:50:51.439+0200: 109.585: [Full GC2014-07-10T14:50:51.439+0200: 109.585: [CMS: 174782K->8770K(174784K), 0.0419302 secs] 253422K->8770K(253440K), [CMS Perm : 2654K->2654K(21248K)], 0.0420160 secs] [Times: user=0.05 sys=0.00, real=0.04 secs] 
2014-07-10T14:50:51.593+0200: 109.739: [GC2014-07-10T14:50:51.593+0200: 109.739: [ParNew: 69924K->8704K(78656K), 0.0445989 secs] 78695K->78599K(253440K), 0.0447441 secs] [Times: user=0.09 sys=0.00, real=0.04 secs] 
2014-07-10T14:50:51.638+0200: 109.784: [GC [1 CMS-initial-mark: 69895K(174784K)] 78638K(253440K), 0.0002577 secs] [Times: user=0.00 sys=0.00, real=0.00 secs] 
2014-07-10T14:50:51.638+0200: 109.784: [CMS-concurrent-mark-start]
2014-07-10T14:50:51.662+0200: 109.808: [CMS-concurrent-mark: 0.024/0.024 secs] [Times: user=0.03 sys=0.00, real=0.02 secs] 
2014-07-10T14:50:51.662+0200: 109.808: [CMS-concurrent-preclean-start]
2014-07-10T14:50:51.664+0200: 109.810: [CMS-concurrent-preclean: 0.002/0.003 secs] [Times: user=0.00 sys=0.00, real=0.00 secs] 
2014-07-10T14:50:51.664+0200: 109.810: [CMS-concurrent-abortable-preclean-start]
2014-07-10T14:50:51.755+0200: 109.901: [GC2014-07-10T14:50:51.755+0200: 109.901: [ParNew2014-07-10T14:50:51.789+0200: 109.935: [CMS-concurrent-abortable-preclean: 0.001/0.124 secs] [Times: user=0.06 sys=0.00, real=0.13 secs] 
: 78647K->8704K(78656K), 0.0515168 secs] 148543K->148370K(253440K), 0.0516946 secs] [Times: user=0.09 sys=0.00, real=0.05 secs] 
2014-07-10T14:50:51.807+0200: 109.953: [GC[YG occupancy: 9336 K (78656 K)]2014-07-10T14:50:51.807+0200: 109.954: [Rescan (parallel) , 0.0015428 secs]2014-07-10T14:50:51.809+0200: 109.955: [weak refs processing, 0.0004671 secs]2014-07-10T14:50:51.809+0200: 109.956: [scrub string table, 0.0001844 secs] [1 CMS-remark: 139666K(174784K)] 149002K(253440K), 0.0022837 secs] [Times: user=0.00 sys=0.00, real=0.00 secs] 
2014-07-10T14:50:51.810+0200: 109.956: [CMS-concurrent-sweep-start]
2014-07-10T14:50:51.816+0200: 109.962: [CMS-concurrent-sweep: 0.006/0.006 secs] [Times: user=0.01 sys=0.00, real=0.01 secs] 
2014-07-10T14:50:51.816+0200: 109.962: [CMS-concurrent-reset-start]
2014-07-10T14:50:51.817+0200: 109.963: [CMS-concurrent-reset: 0.001/0.001 secs] [Times: user=0.00 sys=0.00, real=0.00 secs] 
2014-07-10T14:50:51.928+0200: 110.074: [GC2014-07-10T14:50:51.928+0200: 110.074: [ParNew: 78625K->78625K(78656K), 0.0000484 secs]2014-07-10T14:50:51.928+0200: 110.074: [CMS: 139433K->174760K(174784K), 0.1639227 secs] 218059K->217324K(253440K), [CMS Perm : 2654K->2654K(21248K)], 0.1641053 secs] [Times: user=0.16 sys=0.00, real=0.16 secs] 
2014-07-10T14:50:52.092+0200: 110.238: [GC [1 CMS-initial-mark: 174760K(174784K)] 217365K(253440K), 0.0005976 secs] [Times: user=0.00 sys=0.00, real=0.00 secs] 
2014-07-10T14:50:52.093+0200: 110.239: [CMS-concurrent-mark-start]
2014-07-10T14:50:52.116+0200: 110.263: [CMS-concurrent-mark: 0.024/0.024 secs] [Times: user=0.03 sys=0.00, real=0.02 secs] 
2014-07-10T14:50:52.116+0200: 110.263: [CMS-concurrent-preclean-start]
2014-07-10T14:50:52.135+0200: 110.281: [CMS-concurrent-preclean: 0.018/0.018 secs] [Times: user=0.02 sys=0.00, real=0.02 secs] 
2014-07-10T14:50:52.135+0200: 110.281: [CMS-concurrent-abortable-preclean-start]
2014-07-10T14:50:52.135+0200: 110.281: [CMS-concurrent-abortable-preclean: 0.000/0.000 secs] [Times: user=0.00 sys=0.00, real=0.00 secs] 
2014-07-10T14:50:52.135+0200: 110.281: [GC[YG occupancy: 65174 K (78656 K)]2014-07-10T14:50:52.135+0200: 110.281: [Rescan (parallel) , 0.0009455 secs]2014-07-10T14:50:52.136+0200: 110.282: [weak refs processing, 0.0000315 secs]2014-07-10T14:50:52.136+0200: 110.282: [scrub string table, 0.0001958 secs] [1 CMS-remark: 174760K(174784K)] 239935K(253440K), 0.0012568 secs] [Times: user=0.00 sys=0.00, real=0.00 secs] 
2014-07-10T14:50:52.136+0200: 110.282: [CMS-concurrent-sweep-start]
2014-07-10T14:50:52.142+0200: 110.288: [CMS-concurrent-sweep: 0.006/0.006 secs] [Times: user=0.00 sys=0.00, real=0.01 secs] 
2014-07-10T14:50:52.142+0200: 110.288: [CMS-concurrent-reset-start]
2014-07-10T14:50:52.143+0200: 110.289: [CMS-concurrent-reset: 0.001/0.001 secs] [Times: user=0.00 sys=0.00, real=0.00 secs] 
2014-07-10T14:50:52.160+0200: 110.306: [GC2014-07-10T14:50:52.160+0200: 110.306: [ParNew: 78623K->78623K(78656K), 0.0000480 secs]2014-07-10T14:50:52.160+0200: 110.306: [CMS: 174750K->174764K(174784K), 0.1647902 secs] 253374K->253166K(253440K), [CMS Perm : 2654K->2654K(21248K)], 0.1650134 secs] [Times: user=0.16 sys=0.00, real=0.16 secs] 
2014-07-10T14:50:52.325+0200: 110.471: [GC [1 CMS-initial-mark: 174764K(174784K)] 253209K(253440K), 0.0009092 secs] [Times: user=0.00 sys=0.00, real=0.00 secs] 
2014-07-10T14:50:52.326+0200: 110.472: [CMS-concurrent-mark-start]
2014-07-10T14:50:52.326+0200: 110.472: [Full GC2014-07-10T14:50:52.326+0200: 110.472: [CMS2014-07-10T14:50:52.348+0200: 110.494: [CMS-concurrent-mark: 0.022/0.022 secs] [Times: user=0.03 sys=0.00, real=0.02 secs] 
 (concurrent mode failure): 174764K->174763K(174784K), 0.1575541 secs] 253407K->253401K(253440K), [CMS Perm : 2654K->2654K(21248K)], 0.1576538 secs] [Times: user=0.16 sys=0.00, real=0.16 secs] 
2014-07-10T14:50:52.484+0200: 110.630: [Full GC2014-07-10T14:50:52.484+0200: 110.630: [CMS: 174763K->8771K(174784K), 0.0416472 secs] 253401K->8771K(253440K), [CMS Perm : 2654K->2654K(21248K)], 0.0417337 secs] [Times: user=0.05 sys=0.00, real=0.04 secs] 
2014-07-10T14:50:52.638+0200: 110.784: [GC2014-07-10T14:50:52.638+0200: 110.784: [ParNew: 69922K->8704K(78656K), 0.0457123 secs] 78693K->78611K(253440K), 0.0459023 secs] [Times: user=0.09 sys=0.00, real=0.05 secs] 
2014-07-10T14:50:52.684+0200: 110.830: [GC [1 CMS-initial-mark: 69907K(174784K)] 78691K(253440K), 0.0002346 secs] [Times: user=0.00 sys=0.00, real=0.00 secs] 
2014-07-10T14:50:52.684+0200: 110.831: [CMS-concurrent-mark-start]
2014-07-10T14:50:52.708+0200: 110.854: [CMS-concurrent-mark: 0.024/0.024 secs] [Times: user=0.03 sys=0.00, real=0.02 secs] 
2014-07-10T14:50:52.708+0200: 110.854: [CMS-concurrent-preclean-start]
2014-07-10T14:50:52.711+0200: 110.857: [CMS-concurrent-preclean: 0.002/0.003 secs] [Times: user=0.00 sys=0.00, real=0.00 secs] 
2014-07-10T14:50:52.711+0200: 110.857: [CMS-concurrent-abortable-preclean-start]
2014-07-10T14:50:52.800+0200: 110.946: [GC2014-07-10T14:50:52.800+0200: 110.946: [ParNew2014-07-10T14:50:52.834+0200: 110.980: [CMS-concurrent-abortable-preclean: 0.001/0.123 secs] [Times: user=0.06 sys=0.00, real=0.12 secs] 
: 78630K->8704K(78656K), 0.0529308 secs] 148538K->148337K(253440K), 0.0530713 secs] [Times: user=0.08 sys=0.00, real=0.05 secs] 
2014-07-10T14:50:52.854+0200: 111.000: [GC[YG occupancy: 9644 K (78656 K)]2014-07-10T14:50:52.854+0200: 111.000: [Rescan (parallel) , 0.0017162 secs]2014-07-10T14:50:52.855+0200: 111.002: [weak refs processing, 0.0004414 secs]2014-07-10T14:50:52.856+0200: 111.002: [scrub string table, 0.0001789 secs] [1 CMS-remark: 139633K(174784K)] 149277K(253440K), 0.0024348 secs] [Times: user=0.00 sys=0.00, real=0.00 secs] 
2014-07-10T14:50:52.856+0200: 111.003: [CMS-concurrent-sweep-start]
2014-07-10T14:50:52.862+0200: 111.009: [CMS-concurrent-sweep: 0.006/0.006 secs] [Times: user=0.01 sys=0.00, real=0.01 secs] 
2014-07-10T14:50:52.862+0200: 111.009: [CMS-concurrent-reset-start]
2014-07-10T14:50:52.863+0200: 111.010: [CMS-concurrent-reset: 0.001/0.001 secs] [Times: user=0.00 sys=0.00, real=0.00 secs] 
2014-07-10T14:50:52.975+0200: 111.121: [GC2014-07-10T14:50:52.975+0200: 111.121: [ParNew: 78638K->78638K(78656K), 0.0000491 secs]2014-07-10T14:50:52.975+0200: 111.121: [CMS: 139398K->174760K(174784K), 0.1648591 secs] 218037K->217313K(253440K), [CMS Perm : 2654K->2654K(21248K)], 0.1650772 secs] [Times: user=0.16 sys=0.00, real=0.17 secs] 
2014-07-10T14:50:53.140+0200: 111.286: [GC [1 CMS-initial-mark: 174760K(174784K)] 217354K(253440K), 0.0006284 secs] [Times: user=0.00 sys=0.00, real=0.00 secs] 
2014-07-10T14:50:53.141+0200: 111.287: [CMS-concurrent-mark-start]
2014-07-10T14:50:53.164+0200: 111.310: [CMS-concurrent-mark: 0.024/0.024 secs] [Times: user=0.03 sys=0.00, real=0.02 secs] 
2014-07-10T14:50:53.164+0200: 111.311: [CMS-concurrent-preclean-start]
2014-07-10T14:50:53.182+0200: 111.328: [CMS-concurrent-preclean: 0.018/0.018 secs] [Times: user=0.02 sys=0.00, real=0.02 secs] 
2014-07-10T14:50:53.182+0200: 111.329: [CMS-concurrent-abortable-preclean-start]
2014-07-10T14:50:53.182+0200: 111.329: [CMS-concurrent-abortable-preclean: 0.000/0.000 secs] [Times: user=0.00 sys=0.00, real=0.00 secs] 
2014-07-10T14:50:53.182+0200: 111.329: [GC[YG occupancy: 67638 K (78656 K)]2014-07-10T14:50:53.183+0200: 111.329: [Rescan (parallel) , 0.0009118 secs]2014-07-10T14:50:53.183+0200: 111.330: [weak refs processing, 0.0000308 secs]2014-07-10T14:50:53.184+0200: 111.330: [scrub string table, 0.0001503 secs] [1 CMS-remark: 174760K(174784K)] 242398K(253440K), 0.0011912 secs] [Times: user=0.00 sys=0.00, real=0.00 secs] 
2014-07-10T14:50:53.184+0200: 111.330: [CMS-concurrent-sweep-start]
2014-07-10T14:50:53.189+0200: 111.335: [CMS-concurrent-sweep: 0.005/0.005 secs] [Times: user=0.02 sys=0.00, real=0.00 secs] 
2014-07-10T14:50:53.189+0200: 111.335: [CMS-concurrent-reset-start]
2014-07-10T14:50:53.190+0200: 111.336: [CMS-concurrent-reset: 0.001/0.001 secs] [Times: user=0.00 sys=0.00, real=0.00 secs] 
2014-07-10T14:50:53.203+0200: 111.349: [GC2014-07-10T14:50:53.203+0200: 111.349: [ParNew: 78640K->78640K(78656K), 0.0000473 secs]2014-07-10T14:50:53.203+0200: 111.349: [CMS: 174750K->174762K(174784K), 0.1657474 secs] 253390K->253182K(253440K), [CMS Perm : 2654K->2654K(21248K)], 0.1659769 secs] [Times: user=0.17 sys=0.00, real=0.17 secs] 
2014-07-10T14:50:53.369+0200: 111.515: [GC [1 CMS-initial-mark: 174762K(174784K)] 253221K(253440K), 0.0008931 secs] [Times: user=0.00 sys=0.00, real=0.00 secs] 
2014-07-10T14:50:53.370+0200: 111.516: [CMS-concurrent-mark-start]
2014-07-10T14:50:53.371+0200: 111.517: [Full GC2014-07-10T14:50:53.371+0200: 111.517: [CMS2014-07-10T14:50:53.393+0200: 111.539: [CMS-concurrent-mark: 0.023/0.023 secs] [Times: user=0.03 sys=0.00, real=0.02 secs] 
 (concurrent mode failure): 174762K->174762K(174784K), 0.1571497 secs] 253382K->253378K(253440K), [CMS Perm : 2654K->2654K(21248K)], 0.1572762 secs] [Times: user=0.16 sys=0.00, real=0.16 secs] 
2014-07-10T14:50:53.528+0200: 111.674: [Full GC2014-07-10T14:50:53.528+0200: 111.674: [CMS: 174762K->8769K(174784K), 0.0443661 secs] 253378K->8769K(253440K), [CMS Perm : 2654K->2654K(21248K)], 0.0444563 secs] [Times: user=0.05 sys=0.00, real=0.04 secs] 
2014-07-10T14:50:53.687+0200: 111.833: [GC2014-07-10T14:50:53.687+0200: 111.833: [ParNew: 69916K->8704K(78656K), 0.0450561 secs] 78685K->78601K(253440K), 0.0452020 secs] [Times: user=0.09 sys=0.00, real=0.05 secs] 
2014-07-10T14:50:53.733+0200: 111.879: [GC [1 CMS-initial-mark: 69897K(174784K)] 78642K(253440K), 0.0003454 secs] [Times: user=0.00 sys=0.00, real=0.00 secs] 
2014-07-10T14:50:53.733+0200: 111.879: [CMS-concurrent-mark-start]
2014-07-10T14:50:53.756+0200: 111.902: [CMS-concurrent-mark: 0.023/0.023 secs] [Times: user=0.03 sys=0.00, real=0.02 secs] 
2014-07-10T14:50:53.756+0200: 111.903: [CMS-concurrent-preclean-start]
2014-07-10T14:50:53.759+0200: 111.905: [CMS-concurrent-preclean: 0.002/0.003 secs] [Times: user=0.00 sys=0.00, real=0.00 secs] 
2014-07-10T14:50:53.759+0200: 111.905: [CMS-concurrent-abortable-preclean-start]
2014-07-10T14:50:53.848+0200: 111.994: [GC2014-07-10T14:50:53.848+0200: 111.994: [ParNew2014-07-10T14:50:53.870+0200: 112.016: [CMS-concurrent-abortable-preclean: 0.002/0.111 secs] [Times: user=0.03 sys=0.00, real=0.11 secs] 
: 78632K->8704K(78656K), 0.0514097 secs] 148529K->148344K(253440K), 0.0515435 secs] [Times: user=0.09 sys=0.00, real=0.05 secs] 
2014-07-10T14:50:53.900+0200: 112.046: [GC[YG occupancy: 9648 K (78656 K)]2014-07-10T14:50:53.900+0200: 112.046: [Rescan (parallel) , 0.0015695 secs]2014-07-10T14:50:53.901+0200: 112.048: [weak refs processing, 0.0003681 secs]2014-07-10T14:50:53.902+0200: 112.048: [scrub string table, 0.0001617 secs] [1 CMS-remark: 139640K(174784K)] 149289K(253440K), 0.0021829 secs] [Times: user=0.00 sys=0.00, real=0.00 secs] 
2014-07-10T14:50:53.902+0200: 112.048: [CMS-concurrent-sweep-start]
2014-07-10T14:50:53.908+0200: 112.054: [CMS-concurrent-sweep: 0.006/0.006 secs] [Times: user=0.02 sys=0.00, real=0.01 secs] 
2014-07-10T14:50:53.908+0200: 112.054: [CMS-concurrent-reset-start]
2014-07-10T14:50:53.909+0200: 112.055: [CMS-concurrent-reset: 0.001/0.001 secs] [Times: user=0.00 sys=0.00, real=0.00 secs] 
2014-07-10T14:50:54.020+0200: 112.166: [GC2014-07-10T14:50:54.020+0200: 112.166: [ParNew: 78628K->78628K(78656K), 0.0000521 secs]2014-07-10T14:50:54.020+0200: 112.166: [CMS: 139408K->174754K(174784K), 0.1710056 secs] 218036K->217303K(253440K), [CMS Perm : 2654K->2654K(21248K)], 0.1712153 secs] [Times: user=0.17 sys=0.00, real=0.17 secs] 
2014-07-10T14:50:54.191+0200: 112.337: [GC [1 CMS-initial-mark: 174754K(174784K)] 217344K(253440K), 0.0005191 secs] [Times: user=0.00 sys=0.00, real=0.00 secs] 
2014-07-10T14:50:54.192+0200: 112.338: [CMS-concurrent-mark-start]
2014-07-10T14:50:54.216+0200: 112.362: [CMS-concurrent-mark: 0.024/0.024 secs] [Times: user=0.01 sys=0.00, real=0.02 secs] 
2014-07-10T14:50:54.216+0200: 112.362: [CMS-concurrent-preclean-start]
2014-07-10T14:50:54.234+0200: 112.380: [CMS-concurrent-preclean: 0.018/0.018 secs] [Times: user=0.03 sys=0.00, real=0.02 secs] 
2014-07-10T14:50:54.234+0200: 112.380: [CMS-concurrent-abortable-preclean-start]
2014-07-10T14:50:54.234+0200: 112.380: [CMS-concurrent-abortable-preclean: 0.000/0.000 secs] [Times: user=0.00 sys=0.00, real=0.00 secs] 
2014-07-10T14:50:54.234+0200: 112.380: [GC[YG occupancy: 67919 K (78656 K)]2014-07-10T14:50:54.234+0200: 112.381: [Rescan (parallel) , 0.0009375 secs]2014-07-10T14:50:54.235+0200: 112.381: [weak refs processing, 0.0000308 secs]2014-07-10T14:50:54.235+0200: 112.382: [scrub string table, 0.0001917 secs] [1 CMS-remark: 174754K(174784K)] 242674K(253440K), 0.0012443 secs] [Times: user=0.00 sys=0.00, real=0.00 secs] 
2014-07-10T14:50:54.236+0200: 112.382: [CMS-concurrent-sweep-start]
2014-07-10T14:50:54.241+0200: 112.387: [CMS-concurrent-sweep: 0.006/0.006 secs] [Times: user=0.00 sys=0.00, real=0.00 secs] 
2014-07-10T14:50:54.241+0200: 112.387: [CMS-concurrent-reset-start]
2014-07-10T14:50:54.242+0200: 112.388: [CMS-concurrent-reset: 0.001/0.001 secs] [Times: user=0.00 sys=0.00, real=0.00 secs] 
2014-07-10T14:50:54.254+0200: 112.400: [GC2014-07-10T14:50:54.254+0200: 112.400: [ParNew: 78645K->78645K(78656K), 0.0000532 secs]2014-07-10T14:50:54.254+0200: 112.400: [CMS: 174744K->174757K(174784K), 0.1643902 secs] 253390K->253178K(253440K), [CMS Perm : 2654K->2654K(21248K)], 0.1646483 secs] [Times: user=0.16 sys=0.00, real=0.16 secs] 
2014-07-10T14:50:54.419+0200: 112.565: [GC [1 CMS-initial-mark: 174757K(174784K)] 253222K(253440K), 0.0008531 secs] [Times: user=0.00 sys=0.00, real=0.00 secs] 
2014-07-10T14:50:54.420+0200: 112.566: [CMS-concurrent-mark-start]
2014-07-10T14:50:54.420+0200: 112.566: [Full GC2014-07-10T14:50:54.420+0200: 112.566: [CMS2014-07-10T14:50:54.442+0200: 112.588: [CMS-concurrent-mark: 0.022/0.022 secs] [Times: user=0.03 sys=0.00, real=0.02 secs] 
 (concurrent mode failure): 174757K->174756K(174784K), 0.1461810 secs] 253378K->253375K(253440K), [CMS Perm : 2654K->2654K(21248K)], 0.1462888 secs] [Times: user=0.16 sys=0.00, real=0.15 secs] 
2014-07-10T14:50:54.566+0200: 112.712: [Full GC2014-07-10T14:50:54.566+0200: 112.712: [CMS: 174756K->8770K(174784K), 0.0421854 secs] 253375K->8770K(253440K), [CMS Perm : 2654K->2654K(21248K)], 0.0422705 secs] [Times: user=0.05 sys=0.00, real=0.04 secs] 
2014-07-10T14:50:54.721+0200: 112.866: [GC2014-07-10T14:50:54.721+0200: 112.866: [ParNew: 69917K->8704K(78656K), 0.0455950 secs] 78688K->78584K(253440K), 0.0457519 secs] [Times: user=0.06 sys=0.00, real=0.05 secs] 
2014-07-10T14:50:54.767+0200: 112.912: [GC [1 CMS-initial-mark: 69880K(174784K)] 78625K(253440K), 0.0003065 secs] [Times: user=0.00 sys=0.00, real=0.00 secs] 
2014-07-10T14:50:54.767+0200: 112.913: [CMS-concurrent-mark-start]
2014-07-10T14:50:54.791+0200: 112.936: [CMS-concurrent-mark: 0.023/0.023 secs] [Times: user=0.02 sys=0.00, real=0.02 secs] 
2014-07-10T14:50:54.791+0200: 112.936: [CMS-concurrent-preclean-start]
2014-07-10T14:50:54.793+0200: 112.939: [CMS-concurrent-preclean: 0.002/0.002 secs] [Times: user=0.00 sys=0.00, real=0.00 secs] 
2014-07-10T14:50:54.793+0200: 112.939: [CMS-concurrent-abortable-preclean-start]
2014-07-10T14:50:54.888+0200: 113.033: [GC2014-07-10T14:50:54.888+0200: 113.033: [ParNew2014-07-10T14:50:54.921+0200: 113.066: [CMS-concurrent-abortable-preclean: 0.002/0.127 secs] [Times: user=0.09 sys=0.00, real=0.13 secs] 
: 78628K->8704K(78656K), 0.0507703 secs] 148508K->148336K(253440K), 0.0509258 secs] [Times: user=0.13 sys=0.00, real=0.05 secs] 
2014-07-10T14:50:54.939+0200: 113.084: [GC[YG occupancy: 9649 K (78656 K)]2014-07-10T14:50:54.939+0200: 113.084: [Rescan (parallel) , 0.0017110 secs]2014-07-10T14:50:54.941+0200: 113.086: [weak refs processing, 0.0003505 secs]2014-07-10T14:50:54.941+0200: 113.087: [scrub string table, 0.0002112 secs] [1 CMS-remark: 139632K(174784K)] 149281K(253440K), 0.0023728 secs] [Times: user=0.00 sys=0.00, real=0.00 secs] 
2014-07-10T14:50:54.942+0200: 113.087: [CMS-concurrent-sweep-start]
2014-07-10T14:50:54.948+0200: 113.093: [CMS-concurrent-sweep: 0.006/0.006 secs] [Times: user=0.00 sys=0.00, real=0.01 secs] 
2014-07-10T14:50:54.948+0200: 113.093: [CMS-concurrent-reset-start]
2014-07-10T14:50:54.949+0200: 113.094: [CMS-concurrent-reset: 0.001/0.001 secs] [Times: user=0.00 sys=0.00, real=0.00 secs] 
2014-07-10T14:50:55.060+0200: 113.205: [GC2014-07-10T14:50:55.060+0200: 113.205: [ParNew: 78629K->78629K(78656K), 0.0000480 secs]2014-07-10T14:50:55.060+0200: 113.205: [CMS: 139398K->174745K(174784K), 0.1814782 secs] 218028K->217291K(253440K), [CMS Perm : 2654K->2654K(21248K)], 0.1816912 secs] [Times: user=0.19 sys=0.00, real=0.18 secs] 
2014-07-10T14:50:55.242+0200: 113.387: [GC [1 CMS-initial-mark: 174745K(174784K)] 217527K(253440K), 0.0006200 secs] [Times: user=0.00 sys=0.00, real=0.00 secs] 
2014-07-10T14:50:55.243+0200: 113.388: [CMS-concurrent-mark-start]
2014-07-10T14:50:55.267+0200: 113.413: [CMS-concurrent-mark: 0.025/0.025 secs] [Times: user=0.03 sys=0.00, real=0.02 secs] 
2014-07-10T14:50:55.267+0200: 113.413: [CMS-concurrent-preclean-start]
2014-07-10T14:50:55.286+0200: 113.431: [CMS-concurrent-preclean: 0.018/0.018 secs] [Times: user=0.02 sys=0.00, real=0.02 secs] 
2014-07-10T14:50:55.286+0200: 113.431: [CMS-concurrent-abortable-preclean-start]
2014-07-10T14:50:55.286+0200: 113.431: [CMS-concurrent-abortable-preclean: 0.000/0.000 secs] [Times: user=0.00 sys=0.00, real=0.00 secs] 
2014-07-10T14:50:55.286+0200: 113.431: [GC[YG occupancy: 63384 K (78656 K)]2014-07-10T14:50:55.286+0200: 113.431: [Rescan (parallel) , 0.0008931 secs]2014-07-10T14:50:55.287+0200: 113.432: [weak refs processing, 0.0000312 secs]2014-07-10T14:50:55.287+0200: 113.432: [scrub string table, 0.0001804 secs] [1 CMS-remark: 174745K(174784K)] 238129K(253440K), 0.0011842 secs] [Times: user=0.00 sys=0.00, real=0.00 secs] 
2014-07-10T14:50:55.288+0200: 113.433: [CMS-concurrent-sweep-start]
2014-07-10T14:50:55.293+0200: 113.439: [CMS-concurrent-sweep: 0.006/0.006 secs] [Times: user=0.00 sys=0.00, real=0.00 secs] 
2014-07-10T14:50:55.293+0200: 113.439: [CMS-concurrent-reset-start]
2014-07-10T14:50:55.294+0200: 113.440: [CMS-concurrent-reset: 0.001/0.001 secs] [Times: user=0.00 sys=0.00, real=0.00 secs] 
2014-07-10T14:50:55.314+0200: 113.459: [GC2014-07-10T14:50:55.314+0200: 113.459: [ParNew: 78652K->78652K(78656K), 0.0000469 secs]2014-07-10T14:50:55.314+0200: 113.459: [CMS: 174741K->174747K(174784K), 0.1650101 secs] 253393K->253176K(253440K), [CMS Perm : 2654K->2654K(21248K)], 0.1652327 secs] [Times: user=0.16 sys=0.00, real=0.17 secs] 
2014-07-10T14:50:55.479+0200: 113.625: [GC [1 CMS-initial-mark: 174747K(174784K)] 253217K(253440K), 0.0008484 secs] [Times: user=0.00 sys=0.00, real=0.00 secs] 
2014-07-10T14:50:55.480+0200: 113.625: [CMS-concurrent-mark-start]
2014-07-10T14:50:55.480+0200: 113.626: [Full GC2014-07-10T14:50:55.480+0200: 113.626: [CMS2014-07-10T14:50:55.502+0200: 113.647: [CMS-concurrent-mark: 0.022/0.022 secs] [Times: user=0.03 sys=0.00, real=0.02 secs] 
 (concurrent mode failure): 174747K->174746K(174784K), 0.1477765 secs] 253376K->253372K(253440K), [CMS Perm : 2654K->2654K(21248K)], 0.1478883 secs] [Times: user=0.14 sys=0.00, real=0.15 secs] 
2014-07-10T14:50:55.628+0200: 113.774: [Full GC2014-07-10T14:50:55.628+0200: 113.774: [CMS: 174746K->8769K(174784K), 0.0442726 secs] 253372K->8769K(253440K), [CMS Perm : 2654K->2654K(21248K)], 0.0443624 secs] [Times: user=0.05 sys=0.00, real=0.05 secs] 
2014-07-10T14:50:55.804+0200: 113.949: [GC2014-07-10T14:50:55.804+0200: 113.949: [ParNew: 69951K->8704K(78656K), 0.0453413 secs] 78721K->78620K(253440K), 0.0455063 secs] [Times: user=0.09 sys=0.00, real=0.05 secs] 
2014-07-10T14:50:55.850+0200: 113.995: [GC [1 CMS-initial-mark: 69916K(174784K)] 78700K(253440K), 0.0003380 secs] [Times: user=0.00 sys=0.00, real=0.00 secs] 
2014-07-10T14:50:55.850+0200: 113.995: [CMS-concurrent-mark-start]
2014-07-10T14:50:55.873+0200: 114.018: [CMS-concurrent-mark: 0.023/0.023 secs] [Times: user=0.03 sys=0.00, real=0.02 secs] 
2014-07-10T14:50:55.873+0200: 114.018: [CMS-concurrent-preclean-start]
2014-07-10T14:50:55.876+0200: 114.021: [CMS-concurrent-preclean: 0.002/0.003 secs] [Times: user=0.00 sys=0.00, real=0.00 secs] 
2014-07-10T14:50:55.876+0200: 114.021: [CMS-concurrent-abortable-preclean-start]
2014-07-10T14:50:55.964+0200: 114.109: [GC2014-07-10T14:50:55.964+0200: 114.109: [ParNew2014-07-10T14:50:55.997+0200: 114.142: [CMS-concurrent-abortable-preclean: 0.002/0.121 secs] [Times: user=0.06 sys=0.00, real=0.12 secs] 
: 78628K->8704K(78656K), 0.0506369 secs] 148545K->148369K(253440K), 0.0507872 secs] [Times: user=0.13 sys=0.00, real=0.05 secs] 
2014-07-10T14:50:56.015+0200: 114.160: [GC[YG occupancy: 9375 K (78656 K)]2014-07-10T14:50:56.015+0200: 114.160: [Rescan (parallel) , 0.0016212 secs]2014-07-10T14:50:56.017+0200: 114.162: [weak refs processing, 0.0003773 secs]2014-07-10T14:50:56.017+0200: 114.162: [scrub string table, 0.0002086 secs] [1 CMS-remark: 139665K(174784K)] 149041K(253440K), 0.0022965 secs] [Times: user=0.00 sys=0.00, real=0.00 secs] 
2014-07-10T14:50:56.017+0200: 114.163: [CMS-concurrent-sweep-start]
2014-07-10T14:50:56.024+0200: 114.169: [CMS-concurrent-sweep: 0.006/0.006 secs] [Times: user=0.00 sys=0.00, real=0.01 secs] 
2014-07-10T14:50:56.024+0200: 114.169: [CMS-concurrent-reset-start]
2014-07-10T14:50:56.025+0200: 114.170: [CMS-concurrent-reset: 0.001/0.001 secs] [Times: user=0.00 sys=0.00, real=0.00 secs] 
2014-07-10T14:50:56.140+0200: 114.285: [GC2014-07-10T14:50:56.140+0200: 114.285: [ParNew: 78623K->78623K(78656K), 0.0000488 secs]2014-07-10T14:50:56.140+0200: 114.285: [CMS: 139433K->174769K(174784K), 0.1769031 secs] 218057K->217331K(253440K), [CMS Perm : 2654K->2654K(21248K)], 0.1771161 secs] [Times: user=0.17 sys=0.00, real=0.18 secs] 
2014-07-10T14:50:56.317+0200: 114.463: [GC [1 CMS-initial-mark: 174769K(174784K)] 217372K(253440K), 0.0005580 secs] [Times: user=0.00 sys=0.00, real=0.00 secs] 
2014-07-10T14:50:56.318+0200: 114.463: [CMS-concurrent-mark-start]
2014-07-10T14:50:56.342+0200: 114.487: [CMS-concurrent-mark: 0.024/0.024 secs] [Times: user=0.02 sys=0.00, real=0.02 secs] 
2014-07-10T14:50:56.342+0200: 114.487: [CMS-concurrent-preclean-start]
2014-07-10T14:50:56.360+0200: 114.505: [CMS-concurrent-preclean: 0.018/0.018 secs] [Times: user=0.02 sys=0.00, real=0.02 secs] 
2014-07-10T14:50:56.360+0200: 114.505: [CMS-concurrent-abortable-preclean-start]
2014-07-10T14:50:56.360+0200: 114.505: [CMS-concurrent-abortable-preclean: 0.000/0.000 secs] [Times: user=0.00 sys=0.00, real=0.00 secs] 
2014-07-10T14:50:56.360+0200: 114.506: [GC[YG occupancy: 58305 K (78656 K)]2014-07-10T14:50:56.360+0200: 114.506: [Rescan (parallel) , 0.0008583 secs]2014-07-10T14:50:56.361+0200: 114.506: [weak refs processing, 0.0000301 secs]2014-07-10T14:50:56.361+0200: 114.506: [scrub string table, 0.0001496 secs] [1 CMS-remark: 174769K(174784K)] 233074K(253440K), 0.0011182 secs] [Times: user=0.00 sys=0.00, real=0.00 secs] 
2014-07-10T14:50:56.361+0200: 114.507: [CMS-concurrent-sweep-start]
2014-07-10T14:50:56.367+0200: 114.512: [CMS-concurrent-sweep: 0.005/0.005 secs] [Times: user=0.00 sys=0.00, real=0.01 secs] 
2014-07-10T14:50:56.367+0200: 114.512: [CMS-concurrent-reset-start]
2014-07-10T14:50:56.368+0200: 114.513: [CMS-concurrent-reset: 0.001/0.001 secs] [Times: user=0.00 sys=0.00, real=0.00 secs] 
2014-07-10T14:50:56.396+0200: 114.541: [GC2014-07-10T14:50:56.396+0200: 114.541: [ParNew: 78636K->78636K(78656K), 0.0000477 secs]2014-07-10T14:50:56.396+0200: 114.541: [CMS: 174763K->174773K(174784K), 0.1627913 secs] 253399K->253184K(253440K), [CMS Perm : 2654K->2654K(21248K)], 0.1630076 secs] [Times: user=0.17 sys=0.00, real=0.16 secs] 
2014-07-10T14:50:56.559+0200: 114.704: [GC [1 CMS-initial-mark: 174773K(174784K)] 253225K(253440K), 0.0008469 secs] [Times: user=0.00 sys=0.00, real=0.00 secs] 
2014-07-10T14:50:56.560+0200: 114.705: [CMS-concurrent-mark-start]
2014-07-10T14:50:56.560+0200: 114.705: [Full GC2014-07-10T14:50:56.560+0200: 114.705: [CMS2014-07-10T14:50:56.582+0200: 114.727: [CMS-concurrent-mark: 0.022/0.022 secs] [Times: user=0.02 sys=0.00, real=0.02 secs] 
 (concurrent mode failure): 174773K->174773K(174784K), 0.1536180 secs] 253383K->253380K(253440K), [CMS Perm : 2654K->2654K(21248K)], 0.1537287 secs] [Times: user=0.14 sys=0.00, real=0.15 secs] 
2014-07-10T14:50:56.714+0200: 114.859: [Full GC2014-07-10T14:50:56.714+0200: 114.859: [CMS: 174773K->8771K(174784K), 0.0418870 secs] 253380K->8771K(253440K), [CMS Perm : 2654K->2654K(21248K)], 0.0419746 secs] [Times: user=0.05 sys=0.00, real=0.04 secs] 
2014-07-10T14:50:56.867+0200: 115.012: [GC2014-07-10T14:50:56.867+0200: 115.012: [ParNew: 69915K->8704K(78656K), 0.0455052 secs] 78687K->78599K(253440K), 0.0456570 secs] [Times: user=0.09 sys=0.00, real=0.04 secs] 
2014-07-10T14:50:56.913+0200: 115.058: [GC [1 CMS-initial-mark: 69895K(174784K)] 78640K(253440K), 0.0002977 secs] [Times: user=0.00 sys=0.00, real=0.00 secs] 
2014-07-10T14:50:56.913+0200: 115.058: [CMS-concurrent-mark-start]
2014-07-10T14:50:56.936+0200: 115.082: [CMS-concurrent-mark: 0.023/0.023 secs] [Times: user=0.03 sys=0.00, real=0.02 secs] 
2014-07-10T14:50:56.936+0200: 115.082: [CMS-concurrent-preclean-start]
2014-07-10T14:50:56.939+0200: 115.085: [CMS-concurrent-preclean: 0.002/0.003 secs] [Times: user=0.00 sys=0.00, real=0.00 secs] 
2014-07-10T14:50:56.939+0200: 115.085: [CMS-concurrent-abortable-preclean-start]
2014-07-10T14:50:57.028+0200: 115.173: [GC2014-07-10T14:50:57.028+0200: 115.173: [ParNew2014-07-10T14:50:57.062+0200: 115.207: [CMS-concurrent-abortable-preclean: 0.002/0.122 secs] [Times: user=0.06 sys=0.00, real=0.12 secs] 
: 78631K->8704K(78656K), 0.0531277 secs] 148527K->148342K(253440K), 0.0532758 secs] [Times: user=0.09 sys=0.00, real=0.05 secs] 
2014-07-10T14:50:57.082+0200: 115.228: [GC[YG occupancy: 9375 K (78656 K)]2014-07-10T14:50:57.082+0200: 115.228: [Rescan (parallel) , 0.0016861 secs]2014-07-10T14:50:57.084+0200: 115.229: [weak refs processing, 0.0003754 secs]2014-07-10T14:50:57.084+0200: 115.230: [scrub string table, 0.0001892 secs] [1 CMS-remark: 139638K(174784K)] 149014K(253440K), 0.0023592 secs] [Times: user=0.00 sys=0.00, real=0.00 secs] 
2014-07-10T14:50:57.085+0200: 115.230: [CMS-concurrent-sweep-start]
2014-07-10T14:50:57.091+0200: 115.236: [CMS-concurrent-sweep: 0.006/0.006 secs] [Times: user=0.01 sys=0.00, real=0.01 secs] 
2014-07-10T14:50:57.091+0200: 115.236: [CMS-concurrent-reset-start]
2014-07-10T14:50:57.092+0200: 115.237: [CMS-concurrent-reset: 0.001/0.001 secs] [Times: user=0.00 sys=0.00, real=0.00 secs] 
2014-07-10T14:50:57.203+0200: 115.348: [GC2014-07-10T14:50:57.203+0200: 115.348: [ParNew: 78631K->78631K(78656K), 0.0000451 secs]2014-07-10T14:50:57.203+0200: 115.349: [CMS: 139405K->174776K(174784K), 0.1697623 secs] 218036K->217300K(253440K), [CMS Perm : 2654K->2654K(21248K)], 0.1700047 secs] [Times: user=0.16 sys=0.00, real=0.17 secs] 
2014-07-10T14:50:57.374+0200: 115.519: [GC [1 CMS-initial-mark: 174776K(174784K)] 217341K(253440K), 0.0008124 secs] [Times: user=0.00 sys=0.00, real=0.00 secs] 
2014-07-10T14:50:57.375+0200: 115.520: [CMS-concurrent-mark-start]
2014-07-10T14:50:57.399+0200: 115.544: [CMS-concurrent-mark: 0.024/0.024 secs] [Times: user=0.02 sys=0.00, real=0.02 secs] 
2014-07-10T14:50:57.399+0200: 115.545: [CMS-concurrent-preclean-start]
2014-07-10T14:50:57.418+0200: 115.563: [CMS-concurrent-preclean: 0.019/0.019 secs] [Times: user=0.03 sys=0.00, real=0.02 secs] 
2014-07-10T14:50:57.418+0200: 115.563: [CMS-concurrent-abortable-preclean-start]
2014-07-10T14:50:57.418+0200: 115.563: [CMS-concurrent-abortable-preclean: 0.000/0.000 secs] [Times: user=0.00 sys=0.00, real=0.00 secs] 
2014-07-10T14:50:57.418+0200: 115.563: [GC[YG occupancy: 56502 K (78656 K)]2014-07-10T14:50:57.418+0200: 115.563: [Rescan (parallel) , 0.0009023 secs]2014-07-10T14:50:57.419+0200: 115.564: [weak refs processing, 0.0000330 secs]2014-07-10T14:50:57.419+0200: 115.564: [scrub string table, 0.0001782 secs] [1 CMS-remark: 174776K(174784K)] 231278K(253440K), 0.0011978 secs] [Times: user=0.00 sys=0.00, real=0.00 secs] 
2014-07-10T14:50:57.419+0200: 115.565: [CMS-concurrent-sweep-start]
2014-07-10T14:50:57.425+0200: 115.570: [CMS-concurrent-sweep: 0.006/0.006 secs] [Times: user=0.00 sys=0.00, real=0.01 secs] 
2014-07-10T14:50:57.425+0200: 115.570: [CMS-concurrent-reset-start]
2014-07-10T14:50:57.426+0200: 115.571: [CMS-concurrent-reset: 0.001/0.001 secs] [Times: user=0.00 sys=0.00, real=0.00 secs] 
2014-07-10T14:50:57.459+0200: 115.604: [GC2014-07-10T14:50:57.459+0200: 115.604: [ParNew: 78650K->78650K(78656K), 0.0000469 secs]2014-07-10T14:50:57.459+0200: 115.604: [CMS: 174773K->174778K(174784K), 0.1673191 secs] 253424K->253211K(253440K), [CMS Perm : 2654K->2654K(21248K)], 0.1675453 secs] [Times: user=0.17 sys=0.00, real=0.17 secs] 
2014-07-10T14:50:57.627+0200: 115.772: [GC [1 CMS-initial-mark: 174778K(174784K)] 253252K(253440K), 0.0009158 secs] [Times: user=0.00 sys=0.00, real=0.00 secs] 
2014-07-10T14:50:57.628+0200: 115.773: [CMS-concurrent-mark-start]
2014-07-10T14:50:57.628+0200: 115.773: [Full GC2014-07-10T14:50:57.628+0200: 115.773: [CMS2014-07-10T14:50:57.649+0200: 115.795: [CMS-concurrent-mark: 0.022/0.022 secs] [Times: user=0.01 sys=0.00, real=0.02 secs] 
 (concurrent mode failure): 174778K->174777K(174784K), 0.1487243 secs] 253411K->253407K(253440K), [CMS Perm : 2654K->2654K(21248K)], 0.1488342 secs] [Times: user=0.16 sys=0.00, real=0.15 secs] 
2014-07-10T14:50:57.777+0200: 115.922: [Full GC2014-07-10T14:50:57.777+0200: 115.922: [CMS: 174777K->8770K(174784K), 0.0428607 secs] 253407K->8770K(253440K), [CMS Perm : 2654K->2654K(21248K)], 0.0429520 secs] [Times: user=0.03 sys=0.00, real=0.04 secs] 
2014-07-10T14:50:57.933+0200: 116.078: [GC2014-07-10T14:50:57.933+0200: 116.078: [ParNew: 69937K->8704K(78656K), 0.0444273 secs] 78707K->78625K(253440K), 0.0445879 secs] [Times: user=0.06 sys=0.00, real=0.04 secs] 
2014-07-10T14:50:57.978+0200: 116.123: [GC [1 CMS-initial-mark: 69921K(174784K)] 78664K(253440K), 0.0003113 secs] [Times: user=0.00 sys=0.00, real=0.00 secs] 
2014-07-10T14:50:57.978+0200: 116.123: [CMS-concurrent-mark-start]
2014-07-10T14:50:58.002+0200: 116.148: [CMS-concurrent-mark: 0.024/0.024 secs] [Times: user=0.03 sys=0.00, real=0.02 secs] 
2014-07-10T14:50:58.002+0200: 116.148: [CMS-concurrent-preclean-start]
2014-07-10T14:50:58.005+0200: 116.150: [CMS-concurrent-preclean: 0.002/0.003 secs] [Times: user=0.00 sys=0.00, real=0.00 secs] 
2014-07-10T14:50:58.005+0200: 116.150: [CMS-concurrent-abortable-preclean-start]
2014-07-10T14:50:58.097+0200: 116.242: [GC2014-07-10T14:50:58.097+0200: 116.242: [ParNew2014-07-10T14:50:58.131+0200: 116.276: [CMS-concurrent-abortable-preclean: 0.001/0.126 secs] [Times: user=0.06 sys=0.00, real=0.13 secs] 
: 78638K->8704K(78656K), 0.0504521 secs] 148560K->148357K(253440K), 0.0505984 secs] [Times: user=0.09 sys=0.00, real=0.05 secs] 
2014-07-10T14:50:58.148+0200: 116.293: [GC[YG occupancy: 8903 K (78656 K)]2014-07-10T14:50:58.148+0200: 116.293: [Rescan (parallel) , 0.0015131 secs]2014-07-10T14:50:58.149+0200: 116.295: [weak refs processing, 0.0004238 secs]2014-07-10T14:50:58.150+0200: 116.295: [scrub string table, 0.0001741 secs] [1 CMS-remark: 139653K(174784K)] 148556K(253440K), 0.0022016 secs] [Times: user=0.02 sys=0.00, real=0.00 secs] 
2014-07-10T14:50:58.150+0200: 116.296: [CMS-concurrent-sweep-start]
2014-07-10T14:50:58.156+0200: 116.302: [CMS-concurrent-sweep: 0.006/0.006 secs] [Times: user=0.00 sys=0.00, real=0.01 secs] 
2014-07-10T14:50:58.156+0200: 116.302: [CMS-concurrent-reset-start]
2014-07-10T14:50:58.157+0200: 116.303: [CMS-concurrent-reset: 0.001/0.001 secs] [Times: user=0.00 sys=0.00, real=0.00 secs] 
2014-07-10T14:50:58.267+0200: 116.412: [GC2014-07-10T14:50:58.267+0200: 116.413: [ParNew: 78636K->78636K(78656K), 0.0000473 secs]2014-07-10T14:50:58.267+0200: 116.413: [CMS: 139424K->174755K(174784K), 0.1711724 secs] 218060K->217337K(253440K), [CMS Perm : 2654K->2654K(21248K)], 0.1713803 secs] [Times: user=0.17 sys=0.00, real=0.17 secs] 
2014-07-10T14:50:58.439+0200: 116.584: [GC [1 CMS-initial-mark: 174755K(174784K)] 217378K(253440K), 0.0005250 secs] [Times: user=0.00 sys=0.00, real=0.00 secs] 
2014-07-10T14:50:58.439+0200: 116.585: [CMS-concurrent-mark-start]
2014-07-10T14:50:58.463+0200: 116.609: [CMS-concurrent-mark: 0.024/0.024 secs] [Times: user=0.03 sys=0.00, real=0.02 secs] 
2014-07-10T14:50:58.463+0200: 116.609: [CMS-concurrent-preclean-start]
2014-07-10T14:50:58.481+0200: 116.627: [CMS-concurrent-preclean: 0.018/0.018 secs] [Times: user=0.01 sys=0.00, real=0.02 secs] 
2014-07-10T14:50:58.481+0200: 116.627: [CMS-concurrent-abortable-preclean-start]
2014-07-10T14:50:58.481+0200: 116.627: [CMS-concurrent-abortable-preclean: 0.000/0.000 secs] [Times: user=0.00 sys=0.00, real=0.00 secs] 
2014-07-10T14:50:58.481+0200: 116.627: [GC[YG occupancy: 68130 K (78656 K)]2014-07-10T14:50:58.482+0200: 116.627: [Rescan (parallel) , 0.0009675 secs]2014-07-10T14:50:58.482+0200: 116.628: [weak refs processing, 0.0000469 secs]2014-07-10T14:50:58.483+0200: 116.628: [scrub string table, 0.0001859 secs] [1 CMS-remark: 174755K(174784K)] 242886K(253440K), 0.0012839 secs] [Times: user=0.00 sys=0.00, real=0.00 secs] 
2014-07-10T14:50:58.483+0200: 116.628: [CMS-concurrent-sweep-start]
2014-07-10T14:50:58.488+0200: 116.634: [CMS-concurrent-sweep: 0.005/0.005 secs] [Times: user=0.00 sys=0.00, real=0.00 secs] 
2014-07-10T14:50:58.488+0200: 116.634: [CMS-concurrent-reset-start]
2014-07-10T14:50:58.489+0200: 116.635: [CMS-concurrent-reset: 0.001/0.001 secs] [Times: user=0.00 sys=0.00, real=0.00 secs] 
2014-07-10T14:50:58.501+0200: 116.646: [GC2014-07-10T14:50:58.501+0200: 116.646: [ParNew: 78643K->78643K(78656K), 0.0000480 secs]2014-07-10T14:50:58.501+0200: 116.646: [CMS: 174744K->174758K(174784K), 0.1742894 secs] 253388K->253182K(253440K), [CMS Perm : 2654K->2654K(21248K)], 0.1745252 secs] [Times: user=0.17 sys=0.00, real=0.17 secs] 
2014-07-10T14:50:58.676+0200: 116.821: [GC [1 CMS-initial-mark: 174758K(174784K)] 253305K(253440K), 0.0008869 secs] [Times: user=0.00 sys=0.00, real=0.00 secs] 
2014-07-10T14:50:58.677+0200: 116.822: [CMS-concurrent-mark-start]
2014-07-10T14:50:58.677+0200: 116.822: [Full GC2014-07-10T14:50:58.677+0200: 116.822: [CMS2014-07-10T14:50:58.699+0200: 116.844: [CMS-concurrent-mark: 0.022/0.022 secs] [Times: user=0.03 sys=0.00, real=0.02 secs] 
 (concurrent mode failure): 174758K->174757K(174784K), 0.1500569 secs] 253386K->253379K(253440K), [CMS Perm : 2654K->2654K(21248K)], 0.1501644 secs] [Times: user=0.16 sys=0.00, real=0.15 secs] 
2014-07-10T14:50:58.827+0200: 116.972: [Full GC2014-07-10T14:50:58.827+0200: 116.972: [CMS: 174757K->8771K(174784K), 0.0420164 secs] 253379K->8771K(253440K), [CMS Perm : 2654K->2654K(21248K)], 0.0421007 secs] [Times: user=0.05 sys=0.00, real=0.04 secs] 
2014-07-10T14:50:58.980+0200: 117.125: [GC2014-07-10T14:50:58.980+0200: 117.125: [ParNew: 69919K->8704K(78656K), 0.0475854 secs] 78690K->78599K(253440K), 0.0477204 secs] [Times: user=0.06 sys=0.00, real=0.05 secs] 
2014-07-10T14:50:59.028+0200: 117.174: [GC [1 CMS-initial-mark: 69895K(174784K)] 78638K(253440K), 0.0003402 secs] [Times: user=0.00 sys=0.00, real=0.00 secs] 
2014-07-10T14:50:59.029+0200: 117.174: [CMS-concurrent-mark-start]
2014-07-10T14:50:59.054+0200: 117.200: [CMS-concurrent-mark: 0.026/0.026 secs] [Times: user=0.02 sys=0.00, real=0.02 secs] 
2014-07-10T14:50:59.054+0200: 117.200: [CMS-concurrent-preclean-start]
2014-07-10T14:50:59.056+0200: 117.202: [CMS-concurrent-preclean: 0.001/0.002 secs] [Times: user=0.02 sys=0.00, real=0.00 secs] 
2014-07-10T14:50:59.056+0200: 117.202: [CMS-concurrent-abortable-preclean-start]
2014-07-10T14:50:59.170+0200: 117.315: [GC2014-07-10T14:50:59.170+0200: 117.315: [ParNew: 78650K->8704K(78656K), 0.0503883 secs] 148545K->148372K(253440K), 0.0505353 secs] [Times: user=0.09 sys=0.00, real=0.05 secs] 
2014-07-10T14:50:59.339+0200: 117.484: [CMS-concurrent-abortable-preclean: 0.019/0.282 secs] [Times: user=0.11 sys=0.01, real=0.28 secs] 
2014-07-10T14:50:59.339+0200: 117.484: [GC2014-07-10T14:50:59.339+0200: 117.484: [ParNew: 78646K->78646K(78656K), 0.0000458 secs]2014-07-10T14:50:59.339+0200: 117.485: [CMS (concurrent mode failure): 139668K->174766K(174784K), 0.1645159 secs] 218315K->217337K(253440K), [CMS Perm : 2654K->2654K(21248K)], 0.1647011 secs] [Times: user=0.16 sys=0.00, real=0.16 secs] 
2014-07-10T14:50:59.566+0200: 117.711: [Full GC2014-07-10T14:50:59.566+0200: 117.711: [CMS: 174766K->174769K(174784K), 0.1790237 secs] 253393K->253174K(253440K), [CMS Perm : 2654K->2654K(21248K)], 0.1791868 secs] [Times: user=0.19 sys=0.00, real=0.18 secs] 
2014-07-10T14:50:59.745+0200: 117.891: [GC [1 CMS-initial-mark: 174769K(174784K)] 253215K(253440K), 0.0009789 secs] [Times: user=0.00 sys=0.00, real=0.00 secs] 
2014-07-10T14:50:59.746+0200: 117.892: [CMS-concurrent-mark-start]
2014-07-10T14:50:59.747+0200: 117.892: [Full GC2014-07-10T14:50:59.747+0200: 117.892: [CMS2014-07-10T14:50:59.769+0200: 117.914: [CMS-concurrent-mark: 0.022/0.022 secs] [Times: user=0.02 sys=0.00, real=0.02 secs] 
 (concurrent mode failure): 174769K->174768K(174784K), 0.1474851 secs] 253415K->253410K(253440K), [CMS Perm : 2654K->2654K(21248K)], 0.1475936 secs] [Times: user=0.14 sys=0.00, real=0.15 secs] 
2014-07-10T14:50:59.894+0200: 118.040: [Full GC2014-07-10T14:50:59.894+0200: 118.040: [CMS: 174768K->8771K(174784K), 0.0414298 secs] 253410K->8771K(253440K), [CMS Perm : 2654K->2654K(21248K)], 0.0415152 secs] [Times: user=0.05 sys=0.00, real=0.04 secs] 
2014-07-10T14:51:00.047+0200: 118.192: [GC2014-07-10T14:51:00.047+0200: 118.192: [ParNew: 69939K->8704K(78656K), 0.0457860 secs] 78711K->78613K(253440K), 0.0459345 secs] [Times: user=0.09 sys=0.00, real=0.05 secs] 
2014-07-10T14:51:00.093+0200: 118.239: [GC [1 CMS-initial-mark: 69909K(174784K)] 79104K(253440K), 0.0004257 secs] [Times: user=0.00 sys=0.00, real=0.00 secs] 
2014-07-10T14:51:00.094+0200: 118.239: [CMS-concurrent-mark-start]
2014-07-10T14:51:00.119+0200: 118.265: [CMS-concurrent-mark: 0.025/0.025 secs] [Times: user=0.05 sys=0.00, real=0.02 secs] 
2014-07-10T14:51:00.119+0200: 118.265: [CMS-concurrent-preclean-start]
2014-07-10T14:51:00.121+0200: 118.266: [CMS-concurrent-preclean: 0.001/0.002 secs] [Times: user=0.00 sys=0.00, real=0.00 secs] 
2014-07-10T14:51:00.121+0200: 118.266: [CMS-concurrent-abortable-preclean-start]
2014-07-10T14:51:00.227+0200: 118.373: [CMS-concurrent-abortable-preclean: 0.006/0.106 secs] [Times: user=0.02 sys=0.00, real=0.11 secs] 
2014-07-10T14:51:00.227+0200: 118.373: [GC[YG occupancy: 76640 K (78656 K)]2014-07-10T14:51:00.227+0200: 118.373: [Rescan (parallel) , 0.0009360 secs]2014-07-10T14:51:00.228+0200: 118.374: [weak refs processing, 0.0003230 secs]2014-07-10T14:51:00.229+0200: 118.374: [scrub string table, 0.0001727 secs] [1 CMS-remark: 69909K(174784K)] 146550K(253440K), 0.0015131 secs] [Times: user=0.00 sys=0.00, real=0.00 secs] 
2014-07-10T14:51:00.229+0200: 118.375: [CMS-concurrent-sweep-start]
2014-07-10T14:51:00.232+0200: 118.377: [GC2014-07-10T14:51:00.232+0200: 118.377: [ParNew: 78645K->8704K(78656K), 0.0502651 secs] 148435K->148274K(253440K), 0.0505228 secs] [Times: user=0.09 sys=0.00, real=0.05 secs] 
2014-07-10T14:51:00.286+0200: 118.432: [CMS-concurrent-sweep: 0.006/0.057 secs] [Times: user=0.09 sys=0.00, real=0.06 secs] 
2014-07-10T14:51:00.286+0200: 118.432: [CMS-concurrent-reset-start]
2014-07-10T14:51:00.287+0200: 118.433: [CMS-concurrent-reset: 0.001/0.001 secs] [Times: user=0.02 sys=0.00, real=0.00 secs] 
2014-07-10T14:51:00.402+0200: 118.548: [GC2014-07-10T14:51:00.402+0200: 118.548: [ParNew: 78618K->78618K(78656K), 0.0000480 secs]2014-07-10T14:51:00.402+0200: 118.548: [CMS: 139456K->174746K(174784K), 0.1656506 secs] 218075K->217330K(253440K), [CMS Perm : 2654K->2654K(21248K)], 0.1658614 secs] [Times: user=0.17 sys=0.00, real=0.17 secs] 
2014-07-10T14:51:00.568+0200: 118.714: [GC [1 CMS-initial-mark: 174746K(174784K)] 218275K(253440K), 0.0005353 secs] [Times: user=0.00 sys=0.00, real=0.00 secs] 
2014-07-10T14:51:00.569+0200: 118.715: [CMS-concurrent-mark-start]
2014-07-10T14:51:00.594+0200: 118.739: [CMS-concurrent-mark: 0.025/0.025 secs] [Times: user=0.01 sys=0.00, real=0.03 secs] 
2014-07-10T14:51:00.594+0200: 118.739: [CMS-concurrent-preclean-start]
2014-07-10T14:51:00.612+0200: 118.758: [CMS-concurrent-preclean: 0.019/0.019 secs] [Times: user=0.02 sys=0.00, real=0.02 secs] 
2014-07-10T14:51:00.613+0200: 118.758: [CMS-concurrent-abortable-preclean-start]
2014-07-10T14:51:00.613+0200: 118.758: [CMS-concurrent-abortable-preclean: 0.000/0.000 secs] [Times: user=0.00 sys=0.00, real=0.00 secs] 
2014-07-10T14:51:00.613+0200: 118.758: [GC[YG occupancy: 62074 K (78656 K)]2014-07-10T14:51:00.613+0200: 118.758: [Rescan (parallel) , 0.0008909 secs]2014-07-10T14:51:00.614+0200: 118.759: [weak refs processing, 0.0000301 secs]2014-07-10T14:51:00.614+0200: 118.759: [scrub string table, 0.0001503 secs] [1 CMS-remark: 174746K(174784K)] 236821K(253440K), 0.0011494 secs] [Times: user=0.00 sys=0.00, real=0.00 secs] 
2014-07-10T14:51:00.614+0200: 118.760: [CMS-concurrent-sweep-start]
2014-07-10T14:51:00.619+0200: 118.765: [CMS-concurrent-sweep: 0.005/0.005 secs] [Times: user=0.01 sys=0.00, real=0.00 secs] 
2014-07-10T14:51:00.620+0200: 118.765: [CMS-concurrent-reset-start]
2014-07-10T14:51:00.620+0200: 118.766: [CMS-concurrent-reset: 0.001/0.001 secs] [Times: user=0.00 sys=0.00, real=0.00 secs] 
2014-07-10T14:51:00.642+0200: 118.787: [GC2014-07-10T14:51:00.642+0200: 118.787: [ParNew: 78618K->78618K(78656K), 0.0000462 secs]2014-07-10T14:51:00.642+0200: 118.788: [CMS: 174740K->174749K(174784K), 0.1744900 secs] 253359K->253148K(253440K), [CMS Perm : 2654K->2654K(21248K)], 0.1747162 secs] [Times: user=0.17 sys=0.00, real=0.17 secs] 
2014-07-10T14:51:00.817+0200: 118.962: [GC [1 CMS-initial-mark: 174749K(174784K)] 253191K(253440K), 0.0008491 secs] [Times: user=0.02 sys=0.00, real=0.00 secs] 
2014-07-10T14:51:00.818+0200: 118.963: [CMS-concurrent-mark-start]
2014-07-10T14:51:00.818+0200: 118.963: [Full GC2014-07-10T14:51:00.818+0200: 118.963: [CMS2014-07-10T14:51:00.840+0200: 118.986: [CMS-concurrent-mark: 0.022/0.022 secs] [Times: user=0.02 sys=0.00, real=0.02 secs] 
 (concurrent mode failure): 174749K->174748K(174784K), 0.1471698 secs] 253388K->253384K(253440K), [CMS Perm : 2654K->2654K(21248K)], 0.1472717 secs] [Times: user=0.12 sys=0.00, real=0.15 secs] 
2014-07-10T14:51:00.965+0200: 119.111: [Full GC2014-07-10T14:51:00.965+0200: 119.111: [CMS: 174748K->8771K(174784K), 0.0419643 secs] 253384K->8771K(253440K), [CMS Perm : 2654K->2654K(21248K)], 0.0420479 secs] [Times: user=0.05 sys=0.00, real=0.04 secs] 
2014-07-10T14:51:01.118+0200: 119.263: [GC2014-07-10T14:51:01.118+0200: 119.263: [ParNew: 69935K->8704K(78656K), 0.0454352 secs] 78706K->78604K(253440K), 0.0455782 secs] [Times: user=0.08 sys=0.00, real=0.05 secs] 
2014-07-10T14:51:01.163+0200: 119.309: [GC [1 CMS-initial-mark: 69900K(174784K)] 78645K(253440K), 0.0003468 secs] [Times: user=0.00 sys=0.00, real=0.00 secs] 
2014-07-10T14:51:01.164+0200: 119.310: [CMS-concurrent-mark-start]
2014-07-10T14:51:01.188+0200: 119.334: [CMS-concurrent-mark: 0.024/0.024 secs] [Times: user=0.02 sys=0.00, real=0.02 secs] 
2014-07-10T14:51:01.188+0200: 119.334: [CMS-concurrent-preclean-start]
2014-07-10T14:51:01.190+0200: 119.336: [CMS-concurrent-preclean: 0.001/0.002 secs] [Times: user=0.00 sys=0.00, real=0.00 secs] 
2014-07-10T14:51:01.190+0200: 119.336: [CMS-concurrent-abortable-preclean-start]
2014-07-10T14:51:01.294+0200: 119.439: [GC2014-07-10T14:51:01.294+0200: 119.439: [ParNew: 78642K->8704K(78656K), 0.0504191 secs] 148542K->148372K(253440K), 0.0505672 secs] [Times: user=0.09 sys=0.00, real=0.05 secs] 
2014-07-10T14:51:01.464+0200: 119.609: [CMS-concurrent-abortable-preclean: 0.016/0.273 secs] [Times: user=0.11 sys=0.03, real=0.27 secs] 
2014-07-10T14:51:01.464+0200: 119.610: [GC2014-07-10T14:51:01.464+0200: 119.610: [ParNew: 78654K->78654K(78656K), 0.0000473 secs]2014-07-10T14:51:01.464+0200: 119.610: [CMS (concurrent mode failure): 139668K->174746K(174784K), 0.1620452 secs] 218323K->217352K(253440K), [CMS Perm : 2654K->2654K(21248K)], 0.1622076 secs] [Times: user=0.16 sys=0.00, real=0.16 secs] 
2014-07-10T14:51:01.688+0200: 119.833: [Full GC2014-07-10T14:51:01.688+0200: 119.834: [CMS: 174746K->174752K(174784K), 0.1738616 secs] 253389K->253166K(253440K), [CMS Perm : 2654K->2654K(21248K)], 0.1740233 secs] [Times: user=0.17 sys=0.00, real=0.17 secs] 
2014-07-10T14:51:01.862+0200: 120.008: [GC [1 CMS-initial-mark: 174752K(174784K)] 253208K(253440K), 0.0009151 secs] [Times: user=0.01 sys=0.00, real=0.00 secs] 
2014-07-10T14:51:01.863+0200: 120.009: [CMS-concurrent-mark-start]
2014-07-10T14:51:01.863+0200: 120.009: [Full GC2014-07-10T14:51:01.863+0200: 120.009: [CMS2014-07-10T14:51:01.885+0200: 120.031: [CMS-concurrent-mark: 0.022/0.022 secs] [Times: user=0.02 sys=0.00, real=0.02 secs] 
 (concurrent mode failure): 174752K->174751K(174784K), 0.1491140 secs] 253368K->253363K(253440K), [CMS Perm : 2654K->2654K(21248K)], 0.1492287 secs] [Times: user=0.14 sys=0.00, real=0.15 secs] 
2014-07-10T14:51:02.012+0200: 120.158: [Full GC2014-07-10T14:51:02.012+0200: 120.158: [CMS: 174751K->8771K(174784K), 0.0419533 secs] 253363K->8771K(253440K), [CMS Perm : 2654K->2654K(21248K)], 0.0420395 secs] [Times: user=0.05 sys=0.00, real=0.04 secs] 
Heap
 par new generation   total 78656K, used 24832K [0x00000000eae00000, 0x00000000f0350000, 0x00000000f0350000)
  eden space 69952K,  35% used [0x00000000eae00000, 0x00000000ec6402d8, 0x00000000ef250000)
  from space 8704K,   0% used [0x00000000ef250000, 0x00000000ef250000, 0x00000000efad0000)
  to   space 8704K,   0% used [0x00000000efad0000, 0x00000000efad0000, 0x00000000f0350000)
 concurrent mark-sweep generation total 174784K, used 8771K [0x00000000f0350000, 0x00000000fae00000, 0x00000000fae00000)
 concurrent-mark-sweep perm gen total 21248K, used 2719K [0x00000000fae00000, 0x00000000fc2c0000, 0x0000000100000000)
