2014-07-10T16:12:29.199+0200: 0.186: [GC pause (young), 0.0072218 secs]
   [Parallel Time: 6.9 ms, GC Workers: 2]
      [GC Worker Start (ms): Min: 186.0, Avg: 186.0, Max: 186.0, Diff: 0.0]
      [Ext Root Scanning (ms): Min: 1.1, Avg: 1.1, Max: 1.1, Diff: 0.0, Sum: 2.2]
      [Update RS (ms): Min: 0.0, Avg: 0.0, Max: 0.0, Diff: 0.0, Sum: 0.0]
         [Processed Buffers: Min: 5, Avg: 5.5, Max: 6, Diff: 1, Sum: 11]
      [Scan RS (ms): Min: 0.0, Avg: 0.0, Max: 0.0, Diff: 0.0, Sum: 0.0]
      [Code Root Scanning (ms): Min: 0.0, Avg: 0.0, Max: 0.0, Diff: 0.0, Sum: 0.0]
      [Object Copy (ms): Min: 5.6, Avg: 5.6, Max: 5.6, Diff: 0.0, Sum: 11.3]
      [Termination (ms): Min: 0.0, Avg: 0.0, Max: 0.1, Diff: 0.1, Sum: 0.1]
      [GC Worker Other (ms): Min: 0.0, Avg: 0.0, Max: 0.0, Diff: 0.0, Sum: 0.1]
      [GC Worker Total (ms): Min: 6.8, Avg: 6.8, Max: 6.8, Diff: 0.0, Sum: 13.7]
      [GC Worker End (ms): Min: 192.8, Avg: 192.8, Max: 192.9, Diff: 0.0]
   [Code Root Fixup: 0.0 ms]
   [Code Root Migration: 0.0 ms]
   [Clear CT: 0.0 ms]
   [Other: 0.3 ms]
      [Choose CSet: 0.0 ms]
      [Ref Proc: 0.1 ms]
      [Ref Enq: 0.0 ms]
      [Free CSet: 0.0 ms]
   [Eden: 7168.0K(7168.0K)->0.0B(5120.0K) Survivors: 0.0B->1024.0K Heap: 7168.0K(128.0M)->6840.3K(128.0M)]
 [Times: user=0.00 sys=0.00, real=0.01 secs] 
2014-07-10T16:12:29.230+0200: 0.217: [GC pause (young), 0.0056303 secs]
   [Parallel Time: 5.3 ms, GC Workers: 2]
      [GC Worker Start (ms): Min: 216.8, Avg: 216.8, Max: 216.9, Diff: 0.0]
      [Ext Root Scanning (ms): Min: 1.1, Avg: 1.2, Max: 1.2, Diff: 0.1, Sum: 2.3]
      [Update RS (ms): Min: 0.0, Avg: 0.0, Max: 0.0, Diff: 0.0, Sum: 0.0]
         [Processed Buffers: Min: 0, Avg: 4.5, Max: 9, Diff: 9, Sum: 9]
      [Scan RS (ms): Min: 0.0, Avg: 0.1, Max: 0.1, Diff: 0.0, Sum: 0.1]
      [Code Root Scanning (ms): Min: 0.0, Avg: 0.0, Max: 0.0, Diff: 0.0, Sum: 0.0]
      [Object Copy (ms): Min: 4.0, Avg: 4.0, Max: 4.0, Diff: 0.0, Sum: 8.0]
      [Termination (ms): Min: 0.0, Avg: 0.0, Max: 0.0, Diff: 0.0, Sum: 0.0]
      [GC Worker Other (ms): Min: 0.0, Avg: 0.0, Max: 0.0, Diff: 0.0, Sum: 0.1]
      [GC Worker Total (ms): Min: 5.3, Avg: 5.3, Max: 5.3, Diff: 0.0, Sum: 10.6]
      [GC Worker End (ms): Min: 222.1, Avg: 222.1, Max: 222.1, Diff: 0.0]
   [Code Root Fixup: 0.0 ms]
   [Code Root Migration: 0.0 ms]
   [Clear CT: 0.0 ms]
   [Other: 0.3 ms]
      [Choose CSet: 0.0 ms]
      [Ref Proc: 0.2 ms]
      [Ref Enq: 0.0 ms]
      [Free CSet: 0.0 ms]
   [Eden: 5120.0K(5120.0K)->0.0B(6144.0K) Survivors: 1024.0K->1024.0K Heap: 11.7M(128.0M)->11.5M(128.0M)]
 [Times: user=0.00 sys=0.00, real=0.00 secs] 
2014-07-10T16:12:29.247+0200: 0.234: [GC pause (young), 0.0057652 secs]
   [Parallel Time: 5.6 ms, GC Workers: 2]
      [GC Worker Start (ms): Min: 234.5, Avg: 234.5, Max: 234.5, Diff: 0.0]
      [Ext Root Scanning (ms): Min: 0.9, Avg: 1.0, Max: 1.1, Diff: 0.2, Sum: 1.9]
      [Update RS (ms): Min: 0.3, Avg: 0.3, Max: 0.4, Diff: 0.1, Sum: 0.7]
         [Processed Buffers: Min: 1, Avg: 3.0, Max: 5, Diff: 4, Sum: 6]
      [Scan RS (ms): Min: 0.0, Avg: 0.0, Max: 0.0, Diff: 0.0, Sum: 0.0]
      [Code Root Scanning (ms): Min: 0.0, Avg: 0.0, Max: 0.0, Diff: 0.0, Sum: 0.0]
      [Object Copy (ms): Min: 4.1, Avg: 4.2, Max: 4.3, Diff: 0.1, Sum: 8.4]
      [Termination (ms): Min: 0.0, Avg: 0.0, Max: 0.0, Diff: 0.0, Sum: 0.0]
      [GC Worker Other (ms): Min: 0.0, Avg: 0.0, Max: 0.0, Diff: 0.0, Sum: 0.0]
      [GC Worker Total (ms): Min: 5.5, Avg: 5.5, Max: 5.5, Diff: 0.0, Sum: 11.1]
      [GC Worker End (ms): Min: 240.0, Avg: 240.0, Max: 240.0, Diff: 0.0]
   [Code Root Fixup: 0.0 ms]
   [Code Root Migration: 0.0 ms]
   [Clear CT: 0.0 ms]
   [Other: 0.2 ms]
      [Choose CSet: 0.0 ms]
      [Ref Proc: 0.0 ms]
      [Ref Enq: 0.0 ms]
      [Free CSet: 0.0 ms]
   [Eden: 6144.0K(6144.0K)->0.0B(9216.0K) Survivors: 1024.0K->1024.0K Heap: 17.5M(128.0M)->17.5M(128.0M)]
 [Times: user=0.00 sys=0.00, real=0.01 secs] 
2014-07-10T16:12:29.268+0200: 0.255: [GC pause (young), 0.0084683 secs]
   [Parallel Time: 8.2 ms, GC Workers: 2]
      [GC Worker Start (ms): Min: 255.1, Avg: 255.1, Max: 255.1, Diff: 0.0]
      [Ext Root Scanning (ms): Min: 0.9, Avg: 1.0, Max: 1.0, Diff: 0.1, Sum: 1.9]
      [Update RS (ms): Min: 0.2, Avg: 0.2, Max: 0.2, Diff: 0.0, Sum: 0.4]
         [Processed Buffers: Min: 1, Avg: 2.5, Max: 4, Diff: 3, Sum: 5]
      [Scan RS (ms): Min: 0.0, Avg: 0.0, Max: 0.0, Diff: 0.0, Sum: 0.0]
      [Code Root Scanning (ms): Min: 0.0, Avg: 0.0, Max: 0.0, Diff: 0.0, Sum: 0.0]
      [Object Copy (ms): Min: 6.9, Avg: 6.9, Max: 6.9, Diff: 0.0, Sum: 13.8]
      [Termination (ms): Min: 0.0, Avg: 0.0, Max: 0.0, Diff: 0.0, Sum: 0.0]
      [GC Worker Other (ms): Min: 0.0, Avg: 0.0, Max: 0.0, Diff: 0.0, Sum: 0.1]
      [GC Worker Total (ms): Min: 8.1, Avg: 8.1, Max: 8.1, Diff: 0.0, Sum: 16.2]
      [GC Worker End (ms): Min: 263.2, Avg: 263.2, Max: 263.2, Diff: 0.0]
   [Code Root Fixup: 0.0 ms]
   [Code Root Migration: 0.0 ms]
   [Clear CT: 0.1 ms]
   [Other: 0.2 ms]
      [Choose CSet: 0.0 ms]
      [Ref Proc: 0.1 ms]
      [Ref Enq: 0.0 ms]
      [Free CSet: 0.0 ms]
   [Eden: 9216.0K(9216.0K)->0.0B(12.0M) Survivors: 1024.0K->2048.0K Heap: 26.5M(128.0M)->27.0M(128.0M)]
 [Times: user=0.02 sys=0.02, real=0.01 secs] 
2014-07-10T16:12:29.295+0200: 0.283: [GC pause (young), 0.0117474 secs]
   [Parallel Time: 11.2 ms, GC Workers: 2]
      [GC Worker Start (ms): Min: 282.8, Avg: 283.3, Max: 283.8, Diff: 1.0]
      [Ext Root Scanning (ms): Min: 0.4, Avg: 1.0, Max: 1.6, Diff: 1.2, Sum: 2.0]
      [Update RS (ms): Min: 0.0, Avg: 0.2, Max: 0.4, Diff: 0.4, Sum: 0.5]
         [Processed Buffers: Min: 2, Avg: 3.0, Max: 4, Diff: 2, Sum: 6]
      [Scan RS (ms): Min: 0.0, Avg: 0.0, Max: 0.0, Diff: 0.0, Sum: 0.0]
      [Code Root Scanning (ms): Min: 0.0, Avg: 0.0, Max: 0.0, Diff: 0.0, Sum: 0.0]
      [Object Copy (ms): Min: 9.3, Avg: 9.4, Max: 9.5, Diff: 0.2, Sum: 18.8]
      [Termination (ms): Min: 0.0, Avg: 0.0, Max: 0.0, Diff: 0.0, Sum: 0.0]
      [GC Worker Other (ms): Min: 0.0, Avg: 0.0, Max: 0.0, Diff: 0.0, Sum: 0.1]
      [GC Worker Total (ms): Min: 10.2, Avg: 10.7, Max: 11.2, Diff: 1.0, Sum: 21.4]
      [GC Worker End (ms): Min: 294.0, Avg: 294.0, Max: 294.0, Diff: 0.0]
   [Code Root Fixup: 0.0 ms]
   [Code Root Migration: 0.0 ms]
   [Clear CT: 0.0 ms]
   [Other: 0.5 ms]
      [Choose CSet: 0.0 ms]
      [Ref Proc: 0.1 ms]
      [Ref Enq: 0.0 ms]
      [Free CSet: 0.0 ms]
   [Eden: 12.0M(12.0M)->0.0B(16.0M) Survivors: 2048.0K->2048.0K Heap: 39.0M(128.0M)->41.5M(154.0M)]
 [Times: user=0.03 sys=0.00, real=0.01 secs] 
2014-07-10T16:12:29.342+0200: 0.329: [GC pause (young), 0.0153719 secs]
   [Parallel Time: 14.9 ms, GC Workers: 2]
      [GC Worker Start (ms): Min: 329.1, Avg: 330.6, Max: 332.1, Diff: 3.0]
      [Ext Root Scanning (ms): Min: 0.0, Avg: 0.8, Max: 1.6, Diff: 1.6, Sum: 1.6]
      [Update RS (ms): Min: 0.0, Avg: 0.3, Max: 0.6, Diff: 0.6, Sum: 0.6]
         [Processed Buffers: Min: 0, Avg: 3.5, Max: 7, Diff: 7, Sum: 7]
      [Scan RS (ms): Min: 0.0, Avg: 0.0, Max: 0.0, Diff: 0.0, Sum: 0.0]
      [Code Root Scanning (ms): Min: 0.0, Avg: 0.0, Max: 0.0, Diff: 0.0, Sum: 0.0]
      [Object Copy (ms): Min: 11.8, Avg: 12.1, Max: 12.5, Diff: 0.7, Sum: 24.3]
      [Termination (ms): Min: 0.0, Avg: 0.0, Max: 0.1, Diff: 0.1, Sum: 0.1]
      [GC Worker Other (ms): Min: 0.0, Avg: 0.0, Max: 0.0, Diff: 0.0, Sum: 0.1]
      [GC Worker Total (ms): Min: 11.8, Avg: 13.3, Max: 14.9, Diff: 3.1, Sum: 26.7]
      [GC Worker End (ms): Min: 344.0, Avg: 344.0, Max: 344.0, Diff: 0.0]
   [Code Root Fixup: 0.0 ms]
   [Code Root Migration: 0.0 ms]
   [Clear CT: 0.0 ms]
   [Other: 0.4 ms]
      [Choose CSet: 0.0 ms]
      [Ref Proc: 0.0 ms]
      [Ref Enq: 0.0 ms]
      [Free CSet: 0.0 ms]
   [Eden: 16.0M(16.0M)->0.0B(20.0M) Survivors: 2048.0K->3072.0K Heap: 57.5M(154.0M)->61.5M(175.0M)]
 [Times: user=0.03 sys=0.00, real=0.02 secs] 
2014-07-10T16:12:29.393+0200: 0.380: [GC pause (young), 0.0169256 secs]
   [Parallel Time: 16.5 ms, GC Workers: 2]
      [GC Worker Start (ms): Min: 380.3, Avg: 380.3, Max: 380.3, Diff: 0.0]
      [Ext Root Scanning (ms): Min: 1.0, Avg: 1.0, Max: 1.0, Diff: 0.1, Sum: 2.0]
      [Update RS (ms): Min: 0.3, Avg: 0.3, Max: 0.4, Diff: 0.0, Sum: 0.7]
         [Processed Buffers: Min: 2, Avg: 3.5, Max: 5, Diff: 3, Sum: 7]
      [Scan RS (ms): Min: 0.0, Avg: 0.0, Max: 0.0, Diff: 0.0, Sum: 0.1]
      [Code Root Scanning (ms): Min: 0.0, Avg: 0.0, Max: 0.0, Diff: 0.0, Sum: 0.0]
      [Object Copy (ms): Min: 15.0, Avg: 15.0, Max: 15.0, Diff: 0.0, Sum: 30.1]
      [Termination (ms): Min: 0.0, Avg: 0.0, Max: 0.0, Diff: 0.0, Sum: 0.0]
      [GC Worker Other (ms): Min: 0.0, Avg: 0.0, Max: 0.0, Diff: 0.0, Sum: 0.1]
      [GC Worker Total (ms): Min: 16.4, Avg: 16.4, Max: 16.4, Diff: 0.0, Sum: 32.9]
      [GC Worker End (ms): Min: 396.7, Avg: 396.7, Max: 396.7, Diff: 0.0]
   [Code Root Fixup: 0.0 ms]
   [Code Root Migration: 0.0 ms]
   [Clear CT: 0.0 ms]
   [Other: 0.4 ms]
      [Choose CSet: 0.0 ms]
      [Ref Proc: 0.1 ms]
      [Ref Enq: 0.0 ms]
      [Free CSet: 0.1 ms]
   [Eden: 20.0M(20.0M)->0.0B(26.0M) Survivors: 3072.0K->3072.0K Heap: 81.5M(175.0M)->84.0M(192.0M)]
 [Times: user=0.00 sys=0.03, real=0.02 secs] 
2014-07-10T16:12:29.453+0200: 0.440: [GC pause (young), 0.0228910 secs]
   [Parallel Time: 22.3 ms, GC Workers: 2]
      [GC Worker Start (ms): Min: 440.1, Avg: 440.1, Max: 440.2, Diff: 0.0]
      [Ext Root Scanning (ms): Min: 1.4, Avg: 1.6, Max: 1.9, Diff: 0.5, Sum: 3.3]
      [Update RS (ms): Min: 0.3, Avg: 0.6, Max: 0.8, Diff: 0.5, Sum: 1.1]
         [Processed Buffers: Min: 1, Avg: 4.0, Max: 7, Diff: 6, Sum: 8]
      [Scan RS (ms): Min: 0.0, Avg: 0.0, Max: 0.1, Diff: 0.0, Sum: 0.1]
      [Code Root Scanning (ms): Min: 0.0, Avg: 0.0, Max: 0.0, Diff: 0.0, Sum: 0.0]
      [Object Copy (ms): Min: 19.9, Avg: 19.9, Max: 19.9, Diff: 0.0, Sum: 39.9]
      [Termination (ms): Min: 0.0, Avg: 0.0, Max: 0.0, Diff: 0.0, Sum: 0.0]
      [GC Worker Other (ms): Min: 0.0, Avg: 0.0, Max: 0.0, Diff: 0.0, Sum: 0.1]
      [GC Worker Total (ms): Min: 22.2, Avg: 22.2, Max: 22.2, Diff: 0.0, Sum: 44.5]
      [GC Worker End (ms): Min: 462.4, Avg: 462.4, Max: 462.4, Diff: 0.0]
   [Code Root Fixup: 0.0 ms]
   [Code Root Migration: 0.0 ms]
   [Clear CT: 0.0 ms]
   [Other: 0.6 ms]
      [Choose CSet: 0.0 ms]
      [Ref Proc: 0.2 ms]
      [Ref Enq: 0.0 ms]
      [Free CSet: 0.1 ms]
   [Eden: 26.0M(26.0M)->0.0B(33.0M) Survivors: 3072.0K->4096.0K Heap: 110.0M(192.0M)->112.0M(205.0M)]
 [Times: user=0.05 sys=0.00, real=0.02 secs] 
2014-07-10T16:12:29.530+0200: 0.517: [GC pause (young) (initial-mark), 0.0275739 secs]
   [Parallel Time: 27.0 ms, GC Workers: 2]
      [GC Worker Start (ms): Min: 517.4, Avg: 518.8, Max: 520.1, Diff: 2.7]
      [Ext Root Scanning (ms): Min: 0.0, Avg: 0.8, Max: 1.6, Diff: 1.6, Sum: 1.7]
      [Code Root Marking (ms): Min: 0.0, Avg: 0.0, Max: 0.0, Diff: 0.0, Sum: 0.0]
      [Update RS (ms): Min: 0.1, Avg: 0.5, Max: 0.9, Diff: 0.8, Sum: 1.0]
         [Processed Buffers: Min: 3, Avg: 4.5, Max: 6, Diff: 3, Sum: 9]
      [Scan RS (ms): Min: 0.0, Avg: 0.0, Max: 0.1, Diff: 0.0, Sum: 0.1]
      [Code Root Scanning (ms): Min: 0.0, Avg: 0.0, Max: 0.0, Diff: 0.0, Sum: 0.0]
      [Object Copy (ms): Min: 24.0, Avg: 24.1, Max: 24.3, Diff: 0.3, Sum: 48.3]
      [Termination (ms): Min: 0.0, Avg: 0.0, Max: 0.0, Diff: 0.0, Sum: 0.0]
      [GC Worker Other (ms): Min: 0.0, Avg: 0.0, Max: 0.0, Diff: 0.0, Sum: 0.1]
      [GC Worker Total (ms): Min: 24.2, Avg: 25.6, Max: 27.0, Diff: 2.7, Sum: 51.2]
      [GC Worker End (ms): Min: 544.4, Avg: 544.4, Max: 544.4, Diff: 0.0]
   [Code Root Fixup: 0.0 ms]
   [Code Root Migration: 0.0 ms]
   [Clear CT: 0.0 ms]
   [Other: 0.5 ms]
      [Choose CSet: 0.0 ms]
      [Ref Proc: 0.2 ms]
      [Ref Enq: 0.0 ms]
      [Free CSet: 0.1 ms]
   [Eden: 33.0M(33.0M)->0.0B(26.0M) Survivors: 4096.0K->5120.0K Heap: 145.0M(205.0M)->141.0M(216.0M)]
 [Times: user=0.03 sys=0.00, real=0.03 secs] 
2014-07-10T16:12:29.558+0200: 0.545: [GC concurrent-root-region-scan-start]
2014-07-10T16:12:29.558+0200: 0.545: [GC concurrent-root-region-scan-end, 0.0001811 secs]
2014-07-10T16:12:29.558+0200: 0.545: [GC concurrent-mark-start]
2014-07-10T16:12:29.562+0200: 0.550: [GC concurrent-mark-end, 0.0038316 secs]
2014-07-10T16:12:29.563+0200: 0.550: [GC remark 2014-07-10T16:12:29.563+0200: 0.550: [GC ref-proc, 0.0000708 secs], 0.0010398 secs]
 [Times: user=0.00 sys=0.00, real=0.00 secs] 
2014-07-10T16:12:29.564+0200: 0.551: [GC cleanup 143M->106M(216M), 0.0006200 secs]
 [Times: user=0.00 sys=0.00, real=0.00 secs] 
2014-07-10T16:12:29.564+0200: 0.552: [GC concurrent-cleanup-start]
2014-07-10T16:12:29.565+0200: 0.552: [GC concurrent-cleanup-end, 0.0000851 secs]
2014-07-10T16:12:29.607+0200: 0.594: [GC pause (young), 0.0174144 secs]
   [Parallel Time: 17.0 ms, GC Workers: 2]
      [GC Worker Start (ms): Min: 594.0, Avg: 594.0, Max: 594.0, Diff: 0.0]
      [Ext Root Scanning (ms): Min: 1.0, Avg: 1.0, Max: 1.0, Diff: 0.0, Sum: 2.0]
      [Update RS (ms): Min: 0.5, Avg: 0.5, Max: 0.6, Diff: 0.1, Sum: 1.1]
         [Processed Buffers: Min: 2, Avg: 4.5, Max: 7, Diff: 5, Sum: 9]
      [Scan RS (ms): Min: 0.0, Avg: 0.0, Max: 0.1, Diff: 0.1, Sum: 0.1]
      [Code Root Scanning (ms): Min: 0.0, Avg: 0.0, Max: 0.0, Diff: 0.0, Sum: 0.0]
      [Object Copy (ms): Min: 15.4, Avg: 15.4, Max: 15.4, Diff: 0.0, Sum: 30.8]
      [Termination (ms): Min: 0.0, Avg: 0.0, Max: 0.0, Diff: 0.0, Sum: 0.0]
      [GC Worker Other (ms): Min: 0.0, Avg: 0.0, Max: 0.0, Diff: 0.0, Sum: 0.1]
      [GC Worker Total (ms): Min: 17.0, Avg: 17.0, Max: 17.0, Diff: 0.0, Sum: 34.0]
      [GC Worker End (ms): Min: 611.0, Avg: 611.0, Max: 611.0, Diff: 0.0]
   [Code Root Fixup: 0.0 ms]
   [Code Root Migration: 0.0 ms]
   [Clear CT: 0.0 ms]
   [Other: 0.3 ms]
      [Choose CSet: 0.0 ms]
      [Ref Proc: 0.0 ms]
      [Ref Enq: 0.0 ms]
      [Free CSet: 0.1 ms]
   [Eden: 26.0M(26.0M)->0.0B(7168.0K) Survivors: 5120.0K->4096.0K Heap: 130.0M(216.0M)->125.5M(224.0M)]
 [Times: user=0.03 sys=0.00, real=0.02 secs] 
2014-07-10T16:12:29.639+0200: 0.626: [GC pause (mixed), 0.0065168 secs]
   [Parallel Time: 5.8 ms, GC Workers: 2]
      [GC Worker Start (ms): Min: 626.2, Avg: 626.2, Max: 626.2, Diff: 0.0]
      [Ext Root Scanning (ms): Min: 1.1, Avg: 1.1, Max: 1.1, Diff: 0.0, Sum: 2.2]
      [Update RS (ms): Min: 0.4, Avg: 0.4, Max: 0.4, Diff: 0.0, Sum: 0.7]
         [Processed Buffers: Min: 4, Avg: 4.5, Max: 5, Diff: 1, Sum: 9]
      [Scan RS (ms): Min: 0.2, Avg: 0.2, Max: 0.2, Diff: 0.0, Sum: 0.3]
      [Code Root Scanning (ms): Min: 0.0, Avg: 0.0, Max: 0.0, Diff: 0.0, Sum: 0.0]
      [Object Copy (ms): Min: 4.1, Avg: 4.1, Max: 4.1, Diff: 0.0, Sum: 8.2]
      [Termination (ms): Min: 0.0, Avg: 0.0, Max: 0.0, Diff: 0.0, Sum: 0.0]
      [GC Worker Other (ms): Min: 0.0, Avg: 0.0, Max: 0.0, Diff: 0.0, Sum: 0.1]
      [GC Worker Total (ms): Min: 5.8, Avg: 5.8, Max: 5.8, Diff: 0.0, Sum: 11.6]
      [GC Worker End (ms): Min: 632.0, Avg: 632.0, Max: 632.0, Diff: 0.0]
   [Code Root Fixup: 0.0 ms]
   [Code Root Migration: 0.0 ms]
   [Clear CT: 0.1 ms]
   [Other: 0.6 ms]
      [Choose CSet: 0.0 ms]
      [Ref Proc: 0.2 ms]
      [Ref Enq: 0.0 ms]
      [Free CSet: 0.2 ms]
   [Eden: 7168.0K(7168.0K)->0.0B(9216.0K) Survivors: 4096.0K->2048.0K Heap: 132.5M(224.0M)->107.5M(231.0M)]
 [Times: user=0.03 sys=0.00, real=0.01 secs] 
2014-07-10T16:12:29.660+0200: 0.647: [GC pause (mixed), 0.0087195 secs]
   [Parallel Time: 8.3 ms, GC Workers: 2]
      [GC Worker Start (ms): Min: 647.1, Avg: 647.1, Max: 647.1, Diff: 0.0]
      [Ext Root Scanning (ms): Min: 1.0, Avg: 1.0, Max: 1.0, Diff: 0.0, Sum: 2.0]
      [Update RS (ms): Min: 0.2, Avg: 0.2, Max: 0.3, Diff: 0.0, Sum: 0.5]
         [Processed Buffers: Min: 2, Avg: 3.0, Max: 4, Diff: 2, Sum: 6]
      [Scan RS (ms): Min: 0.1, Avg: 0.1, Max: 0.1, Diff: 0.0, Sum: 0.2]
      [Code Root Scanning (ms): Min: 0.0, Avg: 0.0, Max: 0.0, Diff: 0.0, Sum: 0.0]
      [Object Copy (ms): Min: 6.9, Avg: 6.9, Max: 6.9, Diff: 0.0, Sum: 13.9]
      [Termination (ms): Min: 0.0, Avg: 0.0, Max: 0.0, Diff: 0.0, Sum: 0.0]
      [GC Worker Other (ms): Min: 0.0, Avg: 0.0, Max: 0.0, Diff: 0.0, Sum: 0.1]
      [GC Worker Total (ms): Min: 8.3, Avg: 8.3, Max: 8.3, Diff: 0.0, Sum: 16.6]
      [GC Worker End (ms): Min: 655.4, Avg: 655.4, Max: 655.4, Diff: 0.0]
   [Code Root Fixup: 0.0 ms]
   [Code Root Migration: 0.0 ms]
   [Clear CT: 0.0 ms]
   [Other: 0.3 ms]
      [Choose CSet: 0.0 ms]
      [Ref Proc: 0.0 ms]
      [Ref Enq: 0.0 ms]
      [Free CSet: 0.1 ms]
   [Eden: 9216.0K(9216.0K)->0.0B(54.0M) Survivors: 2048.0K->2048.0K Heap: 116.5M(231.0M)->117.0M(236.0M)]
 [Times: user=0.00 sys=0.00, real=0.01 secs] 
2014-07-10T16:12:29.765+0200: 0.752: [GC pause (young), 0.0560541 secs]
   [Parallel Time: 55.5 ms, GC Workers: 2]
      [GC Worker Start (ms): Min: 752.4, Avg: 752.4, Max: 752.4, Diff: 0.0]
      [Ext Root Scanning (ms): Min: 0.9, Avg: 0.9, Max: 1.0, Diff: 0.1, Sum: 1.9]
      [Update RS (ms): Min: 0.4, Avg: 0.4, Max: 0.4, Diff: 0.0, Sum: 0.7]
         [Processed Buffers: Min: 1, Avg: 3.5, Max: 6, Diff: 5, Sum: 7]
      [Scan RS (ms): Min: 0.0, Avg: 0.1, Max: 0.1, Diff: 0.1, Sum: 0.1]
      [Code Root Scanning (ms): Min: 0.0, Avg: 0.0, Max: 0.0, Diff: 0.0, Sum: 0.1]
      [Object Copy (ms): Min: 40.5, Avg: 47.2, Max: 54.0, Diff: 13.5, Sum: 94.5]
      [Termination (ms): Min: 0.0, Avg: 6.8, Max: 13.6, Diff: 13.6, Sum: 13.6]
      [GC Worker Other (ms): Min: 0.0, Avg: 0.0, Max: 0.0, Diff: 0.0, Sum: 0.0]
      [GC Worker Total (ms): Min: 55.4, Avg: 55.5, Max: 55.5, Diff: 0.0, Sum: 110.9]
      [GC Worker End (ms): Min: 807.8, Avg: 807.8, Max: 807.8, Diff: 0.0]
   [Code Root Fixup: 0.0 ms]
   [Code Root Migration: 0.0 ms]
   [Clear CT: 0.0 ms]
   [Other: 0.5 ms]
      [Choose CSet: 0.0 ms]
      [Ref Proc: 0.1 ms]
      [Ref Enq: 0.0 ms]
      [Free CSet: 0.1 ms]
   [Eden: 54.0M(54.0M)->0.0B(18.0M) Survivors: 2048.0K->7168.0K Heap: 171.0M(236.0M)->178.5M(240.0M)]
 [Times: user=0.09 sys=0.00, real=0.06 secs] 
2014-07-10T16:12:29.880+0200: 0.867: [GC pause (young) (initial-mark), 0.0142280 secs]
   [Parallel Time: 13.9 ms, GC Workers: 2]
      [GC Worker Start (ms): Min: 867.4, Avg: 867.4, Max: 867.4, Diff: 0.0]
      [Ext Root Scanning (ms): Min: 1.0, Avg: 1.0, Max: 1.1, Diff: 0.0, Sum: 2.1]
      [Code Root Marking (ms): Min: 0.0, Avg: 0.0, Max: 0.0, Diff: 0.0, Sum: 0.1]
      [Update RS (ms): Min: 0.9, Avg: 0.9, Max: 0.9, Diff: 0.0, Sum: 1.7]
         [Processed Buffers: Min: 4, Avg: 5.5, Max: 7, Diff: 3, Sum: 11]
      [Scan RS (ms): Min: 0.0, Avg: 0.0, Max: 0.0, Diff: 0.0, Sum: 0.1]
      [Code Root Scanning (ms): Min: 0.0, Avg: 0.0, Max: 0.0, Diff: 0.0, Sum: 0.0]
      [Object Copy (ms): Min: 11.8, Avg: 11.8, Max: 11.9, Diff: 0.0, Sum: 23.7]
      [Termination (ms): Min: 0.0, Avg: 0.0, Max: 0.0, Diff: 0.0, Sum: 0.0]
      [GC Worker Other (ms): Min: 0.0, Avg: 0.0, Max: 0.0, Diff: 0.0, Sum: 0.1]
      [GC Worker Total (ms): Min: 13.8, Avg: 13.8, Max: 13.9, Diff: 0.0, Sum: 27.7]
      [GC Worker End (ms): Min: 881.3, Avg: 881.3, Max: 881.3, Diff: 0.0]
   [Code Root Fixup: 0.0 ms]
   [Code Root Migration: 0.0 ms]
   [Clear CT: 0.0 ms]
   [Other: 0.3 ms]
      [Choose CSet: 0.0 ms]
      [Ref Proc: 0.0 ms]
      [Ref Enq: 0.0 ms]
      [Free CSet: 0.1 ms]
   [Eden: 18.0M(18.0M)->0.0B(13.0M) Survivors: 7168.0K->4096.0K Heap: 196.5M(240.0M)->193.0M(244.0M)]
 [Times: user=0.03 sys=0.00, real=0.01 secs] 
2014-07-10T16:12:29.895+0200: 0.882: [GC concurrent-root-region-scan-start]
2014-07-10T16:12:29.895+0200: 0.882: [GC concurrent-root-region-scan-end, 0.0000950 secs]
2014-07-10T16:12:29.895+0200: 0.882: [GC concurrent-mark-start]
2014-07-10T16:12:29.898+0200: 0.885: [GC concurrent-mark-end, 0.0030969 secs]
2014-07-10T16:12:29.898+0200: 0.886: [GC remark 2014-07-10T16:12:29.898+0200: 0.886: [GC ref-proc, 0.0002137 secs], 0.0012388 secs]
 [Times: user=0.00 sys=0.00, real=0.00 secs] 
2014-07-10T16:12:29.901+0200: 0.889: [GC cleanup 195M->98M(244M), 0.0008641 secs]
 [Times: user=0.00 sys=0.00, real=0.00 secs] 
2014-07-10T16:12:29.902+0200: 0.889: [GC concurrent-cleanup-start]
2014-07-10T16:12:29.902+0200: 0.890: [GC concurrent-cleanup-end, 0.0001514 secs]
2014-07-10T16:12:29.925+0200: 0.912: [GC pause (young), 0.0093303 secs]
   [Parallel Time: 9.0 ms, GC Workers: 2]
      [GC Worker Start (ms): Min: 912.0, Avg: 912.0, Max: 912.0, Diff: 0.0]
      [Ext Root Scanning (ms): Min: 1.0, Avg: 1.0, Max: 1.0, Diff: 0.0, Sum: 2.0]
      [Update RS (ms): Min: 0.3, Avg: 0.3, Max: 0.4, Diff: 0.1, Sum: 0.7]
         [Processed Buffers: Min: 1, Avg: 4.0, Max: 7, Diff: 6, Sum: 8]
      [Scan RS (ms): Min: 0.0, Avg: 0.0, Max: 0.0, Diff: 0.0, Sum: 0.0]
      [Code Root Scanning (ms): Min: 0.0, Avg: 0.0, Max: 0.0, Diff: 0.0, Sum: 0.0]
      [Object Copy (ms): Min: 7.5, Avg: 7.5, Max: 7.5, Diff: 0.0, Sum: 15.0]
      [Termination (ms): Min: 0.0, Avg: 0.0, Max: 0.0, Diff: 0.0, Sum: 0.0]
      [GC Worker Other (ms): Min: 0.0, Avg: 0.0, Max: 0.0, Diff: 0.0, Sum: 0.1]
      [GC Worker Total (ms): Min: 8.9, Avg: 9.0, Max: 9.0, Diff: 0.0, Sum: 17.9]
      [GC Worker End (ms): Min: 921.0, Avg: 921.0, Max: 921.0, Diff: 0.0]
   [Code Root Fixup: 0.0 ms]
   [Code Root Migration: 0.0 ms]
   [Clear CT: 0.0 ms]
   [Other: 0.3 ms]
      [Choose CSet: 0.0 ms]
      [Ref Proc: 0.1 ms]
      [Ref Enq: 0.0 ms]
      [Free CSet: 0.1 ms]
   [Eden: 13.0M(13.0M)->0.0B(9216.0K) Survivors: 4096.0K->3072.0K Heap: 109.0M(244.0M)->106.5M(247.0M)]
 [Times: user=0.03 sys=0.00, real=0.01 secs] 
2014-07-10T16:12:29.950+0200: 0.938: [GC pause (mixed), 0.0098886 secs]
   [Parallel Time: 9.3 ms, GC Workers: 2]
      [GC Worker Start (ms): Min: 938.0, Avg: 938.0, Max: 938.0, Diff: 0.0]
      [Ext Root Scanning (ms): Min: 1.0, Avg: 1.0, Max: 1.0, Diff: 0.0, Sum: 2.0]
      [Update RS (ms): Min: 0.3, Avg: 0.3, Max: 0.3, Diff: 0.1, Sum: 0.6]
         [Processed Buffers: Min: 1, Avg: 3.0, Max: 5, Diff: 4, Sum: 6]
      [Scan RS (ms): Min: 0.1, Avg: 0.1, Max: 0.2, Diff: 0.1, Sum: 0.2]
      [Code Root Scanning (ms): Min: 0.0, Avg: 0.0, Max: 0.0, Diff: 0.0, Sum: 0.0]
      [Object Copy (ms): Min: 7.8, Avg: 7.8, Max: 7.8, Diff: 0.0, Sum: 15.5]
      [Termination (ms): Min: 0.0, Avg: 0.0, Max: 0.0, Diff: 0.0, Sum: 0.0]
      [GC Worker Other (ms): Min: 0.0, Avg: 0.0, Max: 0.0, Diff: 0.0, Sum: 0.1]
      [GC Worker Total (ms): Min: 9.2, Avg: 9.2, Max: 9.3, Diff: 0.1, Sum: 18.5]
      [GC Worker End (ms): Min: 947.2, Avg: 947.2, Max: 947.2, Diff: 0.0]
   [Code Root Fixup: 0.0 ms]
   [Code Root Migration: 0.0 ms]
   [Clear CT: 0.1 ms]
   [Other: 0.5 ms]
      [Choose CSet: 0.0 ms]
      [Ref Proc: 0.0 ms]
      [Ref Enq: 0.0 ms]
      [Free CSet: 0.2 ms]
   [Eden: 9216.0K(9216.0K)->0.0B(10.0M) Survivors: 3072.0K->2048.0K Heap: 115.5M(247.0M)->92.2M(249.0M)]
 [Times: user=0.03 sys=0.00, real=0.01 secs] 
2014-07-10T16:12:29.999+0200: 0.986: [GC pause (mixed), 0.0099125 secs]
   [Parallel Time: 9.4 ms, GC Workers: 2]
      [GC Worker Start (ms): Min: 986.2, Avg: 986.2, Max: 986.2, Diff: 0.0]
      [Ext Root Scanning (ms): Min: 1.0, Avg: 1.0, Max: 1.0, Diff: 0.0, Sum: 2.0]
      [Update RS (ms): Min: 0.2, Avg: 0.3, Max: 0.4, Diff: 0.2, Sum: 0.6]
         [Processed Buffers: Min: 1, Avg: 3.0, Max: 5, Diff: 4, Sum: 6]
      [Scan RS (ms): Min: 0.0, Avg: 0.1, Max: 0.2, Diff: 0.2, Sum: 0.2]
      [Code Root Scanning (ms): Min: 0.0, Avg: 0.0, Max: 0.0, Diff: 0.0, Sum: 0.0]
      [Object Copy (ms): Min: 7.9, Avg: 7.9, Max: 7.9, Diff: 0.0, Sum: 15.8]
      [Termination (ms): Min: 0.0, Avg: 0.0, Max: 0.0, Diff: 0.0, Sum: 0.0]
      [GC Worker Other (ms): Min: 0.0, Avg: 0.0, Max: 0.0, Diff: 0.0, Sum: 0.1]
      [GC Worker Total (ms): Min: 9.3, Avg: 9.3, Max: 9.3, Diff: 0.0, Sum: 18.7]
      [GC Worker End (ms): Min: 995.5, Avg: 995.5, Max: 995.5, Diff: 0.0]
   [Code Root Fixup: 0.0 ms]
   [Code Root Migration: 0.0 ms]
   [Clear CT: 0.1 ms]
   [Other: 0.4 ms]
      [Choose CSet: 0.0 ms]
      [Ref Proc: 0.1 ms]
      [Ref Enq: 0.0 ms]
      [Free CSet: 0.2 ms]
   [Eden: 10.0M(10.0M)->0.0B(68.0M) Survivors: 2048.0K->2048.0K Heap: 102.2M(249.0M)->93.2M(251.0M)]
 [Times: user=0.03 sys=0.00, real=0.01 secs] 
2014-07-10T16:12:30.165+0200: 1.152: [GC pause (young), 0.0503278 secs]
   [Parallel Time: 49.7 ms, GC Workers: 2]
      [GC Worker Start (ms): Min: 1152.4, Avg: 1164.6, Max: 1176.8, Diff: 24.4]
      [Ext Root Scanning (ms): Min: 0.0, Avg: 0.9, Max: 1.8, Diff: 1.7, Sum: 1.8]
      [Update RS (ms): Min: 0.0, Avg: 0.5, Max: 0.9, Diff: 0.9, Sum: 0.9]
         [Processed Buffers: Min: 0, Avg: 3.0, Max: 6, Diff: 6, Sum: 6]
      [Scan RS (ms): Min: 0.0, Avg: 0.1, Max: 0.2, Diff: 0.1, Sum: 0.2]
      [Code Root Scanning (ms): Min: 0.0, Avg: 0.0, Max: 0.1, Diff: 0.1, Sum: 0.1]
      [Object Copy (ms): Min: 25.0, Avg: 35.8, Max: 46.6, Diff: 21.6, Sum: 71.6]
      [Termination (ms): Min: 0.0, Avg: 0.0, Max: 0.0, Diff: 0.0, Sum: 0.0]
      [GC Worker Other (ms): Min: 0.0, Avg: 0.0, Max: 0.0, Diff: 0.0, Sum: 0.1]
      [GC Worker Total (ms): Min: 25.1, Avg: 37.4, Max: 49.6, Diff: 24.4, Sum: 74.7]
      [GC Worker End (ms): Min: 1202.0, Avg: 1202.0, Max: 1202.0, Diff: 0.0]
   [Code Root Fixup: 0.0 ms]
   [Code Root Migration: 0.0 ms]
   [Clear CT: 0.1 ms]
   [Other: 0.6 ms]
      [Choose CSet: 0.0 ms]
      [Ref Proc: 0.2 ms]
      [Ref Enq: 0.0 ms]
      [Free CSet: 0.1 ms]
   [Eden: 68.0M(68.0M)->0.0B(31.0M) Survivors: 2048.0K->9216.0K Heap: 161.2M(251.0M)->166.0M(252.0M)]
 [Times: user=0.08 sys=0.00, real=0.05 secs] 
2014-07-10T16:12:30.267+0200: 1.254: [GC pause (young) (initial-mark), 0.0239513 secs]
   [Parallel Time: 23.5 ms, GC Workers: 2]
      [GC Worker Start (ms): Min: 1254.2, Avg: 1254.2, Max: 1254.2, Diff: 0.0]
      [Ext Root Scanning (ms): Min: 1.0, Avg: 1.0, Max: 1.1, Diff: 0.0, Sum: 2.1]
      [Code Root Marking (ms): Min: 0.0, Avg: 0.0, Max: 0.0, Diff: 0.0, Sum: 0.1]
      [Update RS (ms): Min: 1.2, Avg: 1.2, Max: 1.2, Diff: 0.0, Sum: 2.4]
         [Processed Buffers: Min: 5, Avg: 6.0, Max: 7, Diff: 2, Sum: 12]
      [Scan RS (ms): Min: 0.0, Avg: 0.1, Max: 0.1, Diff: 0.0, Sum: 0.1]
      [Code Root Scanning (ms): Min: 0.0, Avg: 0.0, Max: 0.0, Diff: 0.0, Sum: 0.1]
      [Object Copy (ms): Min: 21.1, Avg: 21.1, Max: 21.1, Diff: 0.0, Sum: 42.2]
      [Termination (ms): Min: 0.0, Avg: 0.0, Max: 0.0, Diff: 0.0, Sum: 0.0]
      [GC Worker Other (ms): Min: 0.0, Avg: 0.0, Max: 0.0, Diff: 0.0, Sum: 0.1]
      [GC Worker Total (ms): Min: 23.5, Avg: 23.5, Max: 23.5, Diff: 0.0, Sum: 46.9]
      [GC Worker End (ms): Min: 1277.7, Avg: 1277.7, Max: 1277.7, Diff: 0.0]
   [Code Root Fixup: 0.0 ms]
   [Code Root Migration: 0.0 ms]
   [Clear CT: 0.0 ms]
   [Other: 0.4 ms]
      [Choose CSet: 0.0 ms]
      [Ref Proc: 0.0 ms]
      [Ref Enq: 0.0 ms]
      [Free CSet: 0.1 ms]
   [Eden: 31.0M(31.0M)->0.0B(16.0M) Survivors: 9216.0K->5120.0K Heap: 197.0M(252.0M)->194.0M(253.0M)]
 [Times: user=0.06 sys=0.00, real=0.02 secs] 
2014-07-10T16:12:30.291+0200: 1.278: [GC concurrent-root-region-scan-start]
2014-07-10T16:12:30.291+0200: 1.278: [GC concurrent-root-region-scan-end, 0.0000865 secs]
2014-07-10T16:12:30.291+0200: 1.278: [GC concurrent-mark-start]
2014-07-10T16:12:30.294+0200: 1.282: [GC concurrent-mark-end, 0.0033161 secs]
2014-07-10T16:12:30.297+0200: 1.284: [GC remark 2014-07-10T16:12:30.297+0200: 1.284: [GC ref-proc, 0.0000645 secs], 0.0013437 secs]
 [Times: user=0.00 sys=0.00, real=0.00 secs] 
2014-07-10T16:12:30.298+0200: 1.286: [GC cleanup 194M->103M(253M), 0.0008396 secs]
 [Times: user=0.00 sys=0.00, real=0.00 secs] 
2014-07-10T16:12:30.299+0200: 1.287: [GC concurrent-cleanup-start]
2014-07-10T16:12:30.299+0200: 1.287: [GC concurrent-cleanup-end, 0.0001423 secs]
2014-07-10T16:12:30.371+0200: 1.358: [GC pause (young), 0.0116187 secs]
   [Parallel Time: 11.1 ms, GC Workers: 2]
      [GC Worker Start (ms): Min: 1358.4, Avg: 1358.4, Max: 1358.4, Diff: 0.0]
      [Ext Root Scanning (ms): Min: 1.0, Avg: 1.0, Max: 1.0, Diff: 0.0, Sum: 2.0]
      [Update RS (ms): Min: 0.5, Avg: 0.5, Max: 0.6, Diff: 0.0, Sum: 1.1]
         [Processed Buffers: Min: 2, Avg: 4.5, Max: 7, Diff: 5, Sum: 9]
      [Scan RS (ms): Min: 0.0, Avg: 0.0, Max: 0.0, Diff: 0.0, Sum: 0.1]
      [Code Root Scanning (ms): Min: 0.0, Avg: 0.0, Max: 0.0, Diff: 0.0, Sum: 0.0]
      [Object Copy (ms): Min: 9.5, Avg: 9.5, Max: 9.5, Diff: 0.0, Sum: 19.0]
      [Termination (ms): Min: 0.0, Avg: 0.0, Max: 0.0, Diff: 0.0, Sum: 0.0]
      [GC Worker Other (ms): Min: 0.0, Avg: 0.0, Max: 0.0, Diff: 0.0, Sum: 0.1]
      [GC Worker Total (ms): Min: 11.1, Avg: 11.1, Max: 11.1, Diff: 0.0, Sum: 22.2]
      [GC Worker End (ms): Min: 1369.5, Avg: 1369.5, Max: 1369.5, Diff: 0.0]
   [Code Root Fixup: 0.0 ms]
   [Code Root Migration: 0.0 ms]
   [Clear CT: 0.0 ms]
   [Other: 0.4 ms]
      [Choose CSet: 0.0 ms]
      [Ref Proc: 0.2 ms]
      [Ref Enq: 0.0 ms]
      [Free CSet: 0.1 ms]
   [Eden: 16.0M(16.0M)->0.0B(9216.0K) Survivors: 5120.0K->3072.0K Heap: 119.0M(253.0M)->114.5M(254.0M)]
 [Times: user=0.03 sys=0.00, real=0.01 secs] 
2014-07-10T16:12:30.399+0200: 1.386: [GC pause (mixed), 0.0101790 secs]
   [Parallel Time: 9.5 ms, GC Workers: 2]
      [GC Worker Start (ms): Min: 1386.2, Avg: 1386.2, Max: 1386.2, Diff: 0.0]
      [Ext Root Scanning (ms): Min: 1.0, Avg: 1.0, Max: 1.0, Diff: 0.0, Sum: 1.9]
      [Update RS (ms): Min: 0.2, Avg: 0.3, Max: 0.3, Diff: 0.1, Sum: 0.5]
         [Processed Buffers: Min: 1, Avg: 2.5, Max: 4, Diff: 3, Sum: 5]
      [Scan RS (ms): Min: 0.2, Avg: 0.2, Max: 0.2, Diff: 0.0, Sum: 0.4]
      [Code Root Scanning (ms): Min: 0.0, Avg: 0.0, Max: 0.0, Diff: 0.0, Sum: 0.0]
      [Object Copy (ms): Min: 8.0, Avg: 8.0, Max: 8.0, Diff: 0.0, Sum: 16.0]
      [Termination (ms): Min: 0.0, Avg: 0.0, Max: 0.0, Diff: 0.0, Sum: 0.0]
      [GC Worker Other (ms): Min: 0.0, Avg: 0.0, Max: 0.0, Diff: 0.0, Sum: 0.1]
      [GC Worker Total (ms): Min: 9.4, Avg: 9.4, Max: 9.5, Diff: 0.0, Sum: 18.9]
      [GC Worker End (ms): Min: 1395.6, Avg: 1395.6, Max: 1395.6, Diff: 0.0]
   [Code Root Fixup: 0.0 ms]
   [Code Root Migration: 0.0 ms]
   [Clear CT: 0.2 ms]
   [Other: 0.4 ms]
      [Choose CSet: 0.0 ms]
      [Ref Proc: 0.0 ms]
      [Ref Enq: 0.0 ms]
      [Free CSet: 0.2 ms]
   [Eden: 9216.0K(9216.0K)->0.0B(10.0M) Survivors: 3072.0K->2048.0K Heap: 123.5M(254.0M)->101.5M(255.0M)]
 [Times: user=0.02 sys=0.00, real=0.01 secs] 
2014-07-10T16:12:30.441+0200: 1.428: [GC pause (mixed), 0.0087737 secs]
   [Parallel Time: 8.5 ms, GC Workers: 2]
      [GC Worker Start (ms): Min: 1428.2, Avg: 1428.2, Max: 1428.2, Diff: 0.0]
      [Ext Root Scanning (ms): Min: 1.0, Avg: 1.0, Max: 1.0, Diff: 0.0, Sum: 2.0]
      [Update RS (ms): Min: 0.3, Avg: 0.4, Max: 0.4, Diff: 0.1, Sum: 0.7]
         [Processed Buffers: Min: 1, Avg: 3.0, Max: 5, Diff: 4, Sum: 6]
      [Scan RS (ms): Min: 0.0, Avg: 0.0, Max: 0.1, Diff: 0.1, Sum: 0.1]
      [Code Root Scanning (ms): Min: 0.0, Avg: 0.0, Max: 0.0, Diff: 0.0, Sum: 0.0]
      [Object Copy (ms): Min: 7.0, Avg: 7.0, Max: 7.0, Diff: 0.0, Sum: 14.0]
      [Termination (ms): Min: 0.0, Avg: 0.0, Max: 0.0, Diff: 0.0, Sum: 0.0]
      [GC Worker Other (ms): Min: 0.0, Avg: 0.0, Max: 0.0, Diff: 0.0, Sum: 0.1]
      [GC Worker Total (ms): Min: 8.5, Avg: 8.5, Max: 8.5, Diff: 0.0, Sum: 16.9]
      [GC Worker End (ms): Min: 1436.7, Avg: 1436.7, Max: 1436.7, Diff: 0.0]
   [Code Root Fixup: 0.0 ms]
   [Code Root Migration: 0.0 ms]
   [Clear CT: 0.0 ms]
   [Other: 0.2 ms]
      [Choose CSet: 0.0 ms]
      [Ref Proc: 0.0 ms]
      [Ref Enq: 0.0 ms]
      [Free CSet: 0.0 ms]
   [Eden: 10.0M(10.0M)->0.0B(61.0M) Survivors: 2048.0K->2048.0K Heap: 111.5M(255.0M)->112.0M(256.0M)]
 [Times: user=0.00 sys=0.00, real=0.01 secs] 
2014-07-10T16:12:30.561+0200: 1.548: [GC pause (young), 0.0496587 secs]
   [Parallel Time: 49.2 ms, GC Workers: 2]
      [GC Worker Start (ms): Min: 1548.2, Avg: 1564.5, Max: 1580.9, Diff: 32.7]
      [Ext Root Scanning (ms): Min: 0.0, Avg: 0.8, Max: 1.5, Diff: 1.5, Sum: 1.6]
      [Update RS (ms): Min: 0.0, Avg: 0.4, Max: 0.7, Diff: 0.7, Sum: 0.7]
         [Processed Buffers: Min: 0, Avg: 3.0, Max: 6, Diff: 6, Sum: 6]
      [Scan RS (ms): Min: 0.0, Avg: 0.1, Max: 0.1, Diff: 0.1, Sum: 0.1]
      [Code Root Scanning (ms): Min: 0.0, Avg: 0.0, Max: 0.1, Diff: 0.1, Sum: 0.1]
      [Object Copy (ms): Min: 16.1, Avg: 31.4, Max: 46.6, Diff: 30.5, Sum: 62.7]
      [Termination (ms): Min: 0.0, Avg: 0.2, Max: 0.4, Diff: 0.4, Sum: 0.4]
      [GC Worker Other (ms): Min: 0.0, Avg: 0.0, Max: 0.0, Diff: 0.0, Sum: 0.1]
      [GC Worker Total (ms): Min: 16.5, Avg: 32.8, Max: 49.1, Diff: 32.6, Sum: 65.7]
      [GC Worker End (ms): Min: 1597.3, Avg: 1597.4, Max: 1597.4, Diff: 0.1]
   [Code Root Fixup: 0.0 ms]
   [Code Root Migration: 0.0 ms]
   [Clear CT: 0.1 ms]
   [Other: 0.3 ms]
      [Choose CSet: 0.0 ms]
      [Ref Proc: 0.1 ms]
      [Ref Enq: 0.0 ms]
      [Free CSet: 0.1 ms]
   [Eden: 61.0M(61.0M)->0.0B(25.0M) Survivors: 2048.0K->8192.0K Heap: 173.0M(256.0M)->178.5M(256.0M)]
 [Times: user=0.05 sys=0.00, real=0.05 secs] 
2014-07-10T16:12:30.695+0200: 1.682: [GC pause (young) (initial-mark), 0.0173836 secs]
   [Parallel Time: 17.0 ms, GC Workers: 2]
      [GC Worker Start (ms): Min: 1682.1, Avg: 1682.1, Max: 1682.1, Diff: 0.0]
      [Ext Root Scanning (ms): Min: 1.0, Avg: 1.0, Max: 1.0, Diff: 0.0, Sum: 2.0]
      [Code Root Marking (ms): Min: 0.0, Avg: 0.0, Max: 0.0, Diff: 0.0, Sum: 0.1]
      [Update RS (ms): Min: 0.8, Avg: 0.8, Max: 0.9, Diff: 0.1, Sum: 1.7]
         [Processed Buffers: Min: 4, Avg: 6.5, Max: 9, Diff: 5, Sum: 13]
      [Scan RS (ms): Min: 0.0, Avg: 0.0, Max: 0.1, Diff: 0.1, Sum: 0.1]
      [Code Root Scanning (ms): Min: 0.0, Avg: 0.0, Max: 0.0, Diff: 0.0, Sum: 0.0]
      [Object Copy (ms): Min: 14.9, Avg: 15.0, Max: 15.0, Diff: 0.0, Sum: 29.9]
      [Termination (ms): Min: 0.0, Avg: 0.0, Max: 0.0, Diff: 0.0, Sum: 0.0]
      [GC Worker Other (ms): Min: 0.0, Avg: 0.0, Max: 0.0, Diff: 0.0, Sum: 0.1]
      [GC Worker Total (ms): Min: 17.0, Avg: 17.0, Max: 17.0, Diff: 0.0, Sum: 33.9]
      [GC Worker End (ms): Min: 1699.1, Avg: 1699.1, Max: 1699.1, Diff: 0.0]
   [Code Root Fixup: 0.0 ms]
   [Code Root Migration: 0.0 ms]
   [Clear CT: 0.0 ms]
   [Other: 0.3 ms]
      [Choose CSet: 0.0 ms]
      [Ref Proc: 0.1 ms]
      [Ref Enq: 0.0 ms]
      [Free CSet: 0.1 ms]
   [Eden: 25.0M(25.0M)->0.0B(17.0M) Survivors: 8192.0K->5120.0K Heap: 203.5M(256.0M)->195.0M(256.0M)]
 [Times: user=0.03 sys=0.00, real=0.02 secs] 
2014-07-10T16:12:30.712+0200: 1.700: [GC concurrent-root-region-scan-start]
2014-07-10T16:12:30.712+0200: 1.700: [GC concurrent-root-region-scan-end, 0.0000876 secs]
2014-07-10T16:12:30.712+0200: 1.700: [GC concurrent-mark-start]
2014-07-10T16:12:30.716+0200: 1.703: [GC concurrent-mark-end, 0.0033986 secs]
2014-07-10T16:12:30.716+0200: 1.703: [GC remark 2014-07-10T16:12:30.716+0200: 1.704: [GC ref-proc, 0.0000642 secs], 0.0012726 secs]
 [Times: user=0.00 sys=0.00, real=0.00 secs] 
2014-07-10T16:12:30.718+0200: 1.705: [GC cleanup 196M->95M(256M), 0.0008832 secs]
 [Times: user=0.00 sys=0.00, real=0.00 secs] 
2014-07-10T16:12:30.719+0200: 1.706: [GC concurrent-cleanup-start]
2014-07-10T16:12:30.719+0200: 1.706: [GC concurrent-cleanup-end, 0.0001543 secs]
2014-07-10T16:12:30.762+0200: 1.749: [GC pause (young), 0.0121679 secs]
   [Parallel Time: 11.8 ms, GC Workers: 2]
      [GC Worker Start (ms): Min: 1749.2, Avg: 1749.2, Max: 1749.2, Diff: 0.0]
      [Ext Root Scanning (ms): Min: 1.0, Avg: 1.0, Max: 1.0, Diff: 0.0, Sum: 2.0]
      [Update RS (ms): Min: 0.4, Avg: 0.4, Max: 0.4, Diff: 0.0, Sum: 0.8]
         [Processed Buffers: Min: 3, Avg: 4.5, Max: 6, Diff: 3, Sum: 9]
      [Scan RS (ms): Min: 0.0, Avg: 0.0, Max: 0.0, Diff: 0.0, Sum: 0.1]
      [Code Root Scanning (ms): Min: 0.0, Avg: 0.0, Max: 0.0, Diff: 0.0, Sum: 0.0]
      [Object Copy (ms): Min: 10.3, Avg: 10.3, Max: 10.3, Diff: 0.0, Sum: 20.6]
      [Termination (ms): Min: 0.0, Avg: 0.0, Max: 0.0, Diff: 0.0, Sum: 0.0]
      [GC Worker Other (ms): Min: 0.0, Avg: 0.0, Max: 0.0, Diff: 0.0, Sum: 0.1]
      [GC Worker Total (ms): Min: 11.8, Avg: 11.8, Max: 11.8, Diff: 0.0, Sum: 23.6]
      [GC Worker End (ms): Min: 1761.0, Avg: 1761.0, Max: 1761.0, Diff: 0.0]
   [Code Root Fixup: 0.0 ms]
   [Code Root Migration: 0.0 ms]
   [Clear CT: 0.0 ms]
   [Other: 0.3 ms]
      [Choose CSet: 0.0 ms]
      [Ref Proc: 0.1 ms]
      [Ref Enq: 0.0 ms]
      [Free CSet: 0.1 ms]
   [Eden: 17.0M(17.0M)->0.0B(9216.0K) Survivors: 5120.0K->3072.0K Heap: 111.0M(256.0M)->107.5M(256.0M)]
 [Times: user=0.03 sys=0.00, real=0.01 secs] 
2014-07-10T16:12:30.789+0200: 1.776: [GC pause (mixed), 0.0091205 secs]
   [Parallel Time: 8.6 ms, GC Workers: 2]
      [GC Worker Start (ms): Min: 1776.2, Avg: 1776.2, Max: 1776.2, Diff: 0.0]
      [Ext Root Scanning (ms): Min: 1.0, Avg: 1.0, Max: 1.1, Diff: 0.0, Sum: 2.1]
      [Update RS (ms): Min: 0.2, Avg: 0.3, Max: 0.3, Diff: 0.1, Sum: 0.6]
         [Processed Buffers: Min: 3, Avg: 3.5, Max: 4, Diff: 1, Sum: 7]
      [Scan RS (ms): Min: 0.1, Avg: 0.1, Max: 0.1, Diff: 0.0, Sum: 0.3]
      [Code Root Scanning (ms): Min: 0.0, Avg: 0.0, Max: 0.0, Diff: 0.0, Sum: 0.0]
      [Object Copy (ms): Min: 7.1, Avg: 7.1, Max: 7.1, Diff: 0.0, Sum: 14.2]
      [Termination (ms): Min: 0.0, Avg: 0.0, Max: 0.0, Diff: 0.0, Sum: 0.0]
      [GC Worker Other (ms): Min: 0.0, Avg: 0.0, Max: 0.0, Diff: 0.0, Sum: 0.1]
      [GC Worker Total (ms): Min: 8.6, Avg: 8.6, Max: 8.6, Diff: 0.0, Sum: 17.2]
      [GC Worker End (ms): Min: 1784.8, Avg: 1784.8, Max: 1784.8, Diff: 0.0]
   [Code Root Fixup: 0.0 ms]
   [Code Root Migration: 0.0 ms]
   [Clear CT: 0.1 ms]
   [Other: 0.4 ms]
      [Choose CSet: 0.0 ms]
      [Ref Proc: 0.1 ms]
      [Ref Enq: 0.0 ms]
      [Free CSet: 0.2 ms]
   [Eden: 9216.0K(9216.0K)->0.0B(73.0M) Survivors: 3072.0K->2048.0K Heap: 116.5M(256.0M)->96.5M(256.0M)]
 [Times: user=0.00 sys=0.00, real=0.01 secs] 
2014-07-10T16:12:30.951+0200: 1.938: [GC pause (young), 0.0511377 secs]
   [Parallel Time: 50.6 ms, GC Workers: 2]
      [GC Worker Start (ms): Min: 1938.1, Avg: 1942.4, Max: 1946.7, Diff: 8.6]
      [Ext Root Scanning (ms): Min: 0.0, Avg: 0.8, Max: 1.6, Diff: 1.6, Sum: 1.6]
      [Update RS (ms): Min: 0.0, Avg: 0.4, Max: 0.9, Diff: 0.9, Sum: 0.9]
         [Processed Buffers: Min: 0, Avg: 3.0, Max: 6, Diff: 6, Sum: 6]
      [Scan RS (ms): Min: 0.0, Avg: 0.1, Max: 0.2, Diff: 0.2, Sum: 0.2]
      [Code Root Scanning (ms): Min: 0.0, Avg: 0.0, Max: 0.1, Diff: 0.1, Sum: 0.1]
      [Object Copy (ms): Min: 41.9, Avg: 44.9, Max: 47.8, Diff: 5.9, Sum: 89.7]
      [Termination (ms): Min: 0.0, Avg: 0.0, Max: 0.0, Diff: 0.0, Sum: 0.0]
      [GC Worker Other (ms): Min: 0.0, Avg: 0.0, Max: 0.0, Diff: 0.0, Sum: 0.1]
      [GC Worker Total (ms): Min: 42.0, Avg: 46.3, Max: 50.6, Diff: 8.6, Sum: 92.6]
      [GC Worker End (ms): Min: 1988.7, Avg: 1988.7, Max: 1988.7, Diff: 0.0]
   [Code Root Fixup: 0.0 ms]
   [Code Root Migration: 0.0 ms]
   [Clear CT: 0.1 ms]
   [Other: 0.4 ms]
      [Choose CSet: 0.0 ms]
      [Ref Proc: 0.0 ms]
      [Ref Enq: 0.0 ms]
      [Free CSet: 0.1 ms]
   [Eden: 73.0M(73.0M)->0.0B(24.0M) Survivors: 2048.0K->10.0M Heap: 169.5M(256.0M)->180.5M(256.0M)]
 [Times: user=0.09 sys=0.00, real=0.05 secs] 
2014-07-10T16:12:31.050+0200: 2.037: [GC pause (young) (initial-mark), 0.0176248 secs]
   [Parallel Time: 17.3 ms, GC Workers: 2]
      [GC Worker Start (ms): Min: 2037.1, Avg: 2037.2, Max: 2037.2, Diff: 0.0]
      [Ext Root Scanning (ms): Min: 1.0, Avg: 1.0, Max: 1.0, Diff: 0.0, Sum: 2.0]
      [Code Root Marking (ms): Min: 0.0, Avg: 0.0, Max: 0.0, Diff: 0.0, Sum: 0.1]
      [Update RS (ms): Min: 1.0, Avg: 1.0, Max: 1.0, Diff: 0.0, Sum: 2.0]
         [Processed Buffers: Min: 6, Avg: 6.5, Max: 7, Diff: 1, Sum: 13]
      [Scan RS (ms): Min: 0.0, Avg: 0.0, Max: 0.1, Diff: 0.0, Sum: 0.1]
      [Code Root Scanning (ms): Min: 0.0, Avg: 0.0, Max: 0.0, Diff: 0.0, Sum: 0.0]
      [Object Copy (ms): Min: 15.0, Avg: 15.0, Max: 15.0, Diff: 0.0, Sum: 30.0]
      [Termination (ms): Min: 0.0, Avg: 0.0, Max: 0.0, Diff: 0.0, Sum: 0.0]
      [GC Worker Other (ms): Min: 0.0, Avg: 0.0, Max: 0.0, Diff: 0.0, Sum: 0.1]
      [GC Worker Total (ms): Min: 17.2, Avg: 17.2, Max: 17.2, Diff: 0.0, Sum: 34.3]
      [GC Worker End (ms): Min: 2054.3, Avg: 2054.3, Max: 2054.3, Diff: 0.0]
   [Code Root Fixup: 0.0 ms]
   [Code Root Migration: 0.0 ms]
   [Clear CT: 0.0 ms]
   [Other: 0.3 ms]
      [Choose CSet: 0.0 ms]
      [Ref Proc: 0.0 ms]
      [Ref Enq: 0.0 ms]
      [Free CSet: 0.1 ms]
   [Eden: 24.0M(24.0M)->0.0B(16.0M) Survivors: 10.0M->5120.0K Heap: 204.5M(256.0M)->196.5M(256.0M)]
 [Times: user=0.03 sys=0.00, real=0.02 secs] 
2014-07-10T16:12:31.068+0200: 2.055: [GC concurrent-root-region-scan-start]
2014-07-10T16:12:31.069+0200: 2.057: [GC concurrent-root-region-scan-end, 0.0016872 secs]
2014-07-10T16:12:31.069+0200: 2.057: [GC concurrent-mark-start]
2014-07-10T16:12:31.074+0200: 2.061: [GC concurrent-mark-end, 0.0042100 secs]
2014-07-10T16:12:31.074+0200: 2.061: [GC remark 2014-07-10T16:12:31.074+0200: 2.061: [GC ref-proc, 0.0000653 secs], 0.0009507 secs]
 [Times: user=0.00 sys=0.00, real=0.00 secs] 
2014-07-10T16:12:31.075+0200: 2.062: [GC cleanup 197M->101M(256M), 0.0008660 secs]
 [Times: user=0.00 sys=0.00, real=0.00 secs] 
2014-07-10T16:12:31.076+0200: 2.063: [GC concurrent-cleanup-start]
2014-07-10T16:12:31.076+0200: 2.063: [GC concurrent-cleanup-end, 0.0001393 secs]
2014-07-10T16:12:31.116+0200: 2.103: [GC pause (young), 0.0123886 secs]
   [Parallel Time: 12.1 ms, GC Workers: 2]
      [GC Worker Start (ms): Min: 2103.1, Avg: 2103.1, Max: 2103.1, Diff: 0.0]
      [Ext Root Scanning (ms): Min: 1.0, Avg: 1.0, Max: 1.0, Diff: 0.1, Sum: 2.0]
      [Update RS (ms): Min: 0.4, Avg: 0.4, Max: 0.5, Diff: 0.1, Sum: 0.8]
         [Processed Buffers: Min: 3, Avg: 4.5, Max: 6, Diff: 3, Sum: 9]
      [Scan RS (ms): Min: 0.0, Avg: 0.0, Max: 0.0, Diff: 0.0, Sum: 0.1]
      [Code Root Scanning (ms): Min: 0.0, Avg: 0.0, Max: 0.0, Diff: 0.0, Sum: 0.0]
      [Object Copy (ms): Min: 10.5, Avg: 10.5, Max: 10.5, Diff: 0.0, Sum: 21.0]
      [Termination (ms): Min: 0.0, Avg: 0.0, Max: 0.0, Diff: 0.0, Sum: 0.0]
      [GC Worker Other (ms): Min: 0.0, Avg: 0.0, Max: 0.0, Diff: 0.0, Sum: 0.1]
      [GC Worker Total (ms): Min: 12.0, Avg: 12.0, Max: 12.0, Diff: 0.0, Sum: 24.0]
      [GC Worker End (ms): Min: 2115.1, Avg: 2115.1, Max: 2115.1, Diff: 0.0]
   [Code Root Fixup: 0.0 ms]
   [Code Root Migration: 0.0 ms]
   [Clear CT: 0.0 ms]
   [Other: 0.3 ms]
      [Choose CSet: 0.0 ms]
      [Ref Proc: 0.1 ms]
      [Ref Enq: 0.0 ms]
      [Free CSet: 0.1 ms]
   [Eden: 16.0M(16.0M)->0.0B(9216.0K) Survivors: 5120.0K->3072.0K Heap: 116.5M(256.0M)->114.5M(256.0M)]
 [Times: user=0.03 sys=0.00, real=0.01 secs] 
2014-07-10T16:12:31.144+0200: 2.131: [GC pause (mixed), 0.0104492 secs]
   [Parallel Time: 10.0 ms, GC Workers: 2]
      [GC Worker Start (ms): Min: 2131.3, Avg: 2131.3, Max: 2131.3, Diff: 0.0]
      [Ext Root Scanning (ms): Min: 1.0, Avg: 1.1, Max: 1.1, Diff: 0.0, Sum: 2.1]
      [Update RS (ms): Min: 0.3, Avg: 0.3, Max: 0.3, Diff: 0.0, Sum: 0.6]
         [Processed Buffers: Min: 1, Avg: 4.0, Max: 7, Diff: 6, Sum: 8]
      [Scan RS (ms): Min: 0.2, Avg: 0.2, Max: 0.2, Diff: 0.0, Sum: 0.3]
      [Code Root Scanning (ms): Min: 0.0, Avg: 0.0, Max: 0.0, Diff: 0.0, Sum: 0.0]
      [Object Copy (ms): Min: 8.3, Avg: 8.4, Max: 8.4, Diff: 0.1, Sum: 16.7]
      [Termination (ms): Min: 0.0, Avg: 0.0, Max: 0.0, Diff: 0.0, Sum: 0.0]
      [GC Worker Other (ms): Min: 0.0, Avg: 0.0, Max: 0.0, Diff: 0.0, Sum: 0.1]
      [GC Worker Total (ms): Min: 9.9, Avg: 9.9, Max: 9.9, Diff: 0.0, Sum: 19.9]
      [GC Worker End (ms): Min: 2141.2, Avg: 2141.2, Max: 2141.2, Diff: 0.0]
   [Code Root Fixup: 0.0 ms]
   [Code Root Migration: 0.0 ms]
   [Clear CT: 0.1 ms]
   [Other: 0.4 ms]
      [Choose CSet: 0.0 ms]
      [Ref Proc: 0.0 ms]
      [Ref Enq: 0.0 ms]
      [Free CSet: 0.2 ms]
   [Eden: 9216.0K(9216.0K)->0.0B(10.0M) Survivors: 3072.0K->2048.0K Heap: 123.5M(256.0M)->101.5M(256.0M)]
 [Times: user=0.00 sys=0.00, real=0.01 secs] 
2014-07-10T16:12:31.171+0200: 2.158: [GC pause (mixed), 0.0094197 secs]
   [Parallel Time: 8.9 ms, GC Workers: 2]
      [GC Worker Start (ms): Min: 2158.3, Avg: 2158.3, Max: 2158.3, Diff: 0.0]
      [Ext Root Scanning (ms): Min: 1.2, Avg: 1.2, Max: 1.3, Diff: 0.1, Sum: 2.5]
      [Update RS (ms): Min: 0.3, Avg: 0.3, Max: 0.3, Diff: 0.0, Sum: 0.7]
         [Processed Buffers: Min: 1, Avg: 3.5, Max: 6, Diff: 5, Sum: 7]
      [Scan RS (ms): Min: 0.1, Avg: 0.1, Max: 0.1, Diff: 0.0, Sum: 0.2]
      [Code Root Scanning (ms): Min: 0.0, Avg: 0.0, Max: 0.0, Diff: 0.0, Sum: 0.0]
      [Object Copy (ms): Min: 7.2, Avg: 7.2, Max: 7.2, Diff: 0.0, Sum: 14.4]
      [Termination (ms): Min: 0.0, Avg: 0.0, Max: 0.0, Diff: 0.0, Sum: 0.0]
      [GC Worker Other (ms): Min: 0.0, Avg: 0.0, Max: 0.0, Diff: 0.0, Sum: 0.1]
      [GC Worker Total (ms): Min: 8.9, Avg: 8.9, Max: 8.9, Diff: 0.0, Sum: 17.8]
      [GC Worker End (ms): Min: 2167.3, Avg: 2167.3, Max: 2167.3, Diff: 0.0]
   [Code Root Fixup: 0.0 ms]
   [Code Root Migration: 0.0 ms]
   [Clear CT: 0.1 ms]
   [Other: 0.4 ms]
      [Choose CSet: 0.0 ms]
      [Ref Proc: 0.2 ms]
      [Ref Enq: 0.0 ms]
      [Free CSet: 0.1 ms]
   [Eden: 10.0M(10.0M)->0.0B(61.0M) Survivors: 2048.0K->2048.0K Heap: 111.5M(256.0M)->108.5M(256.0M)]
 [Times: user=0.03 sys=0.00, real=0.01 secs] 
2014-07-10T16:12:31.305+0200: 2.292: [GC pause (young), 0.0743788 secs]
   [Parallel Time: 73.9 ms, GC Workers: 2]
      [GC Worker Start (ms): Min: 2292.3, Avg: 2292.3, Max: 2292.3, Diff: 0.0]
      [Ext Root Scanning (ms): Min: 1.1, Avg: 1.1, Max: 1.1, Diff: 0.1, Sum: 2.2]
      [Update RS (ms): Min: 0.4, Avg: 0.4, Max: 0.5, Diff: 0.1, Sum: 0.9]
         [Processed Buffers: Min: 1, Avg: 3.0, Max: 5, Diff: 4, Sum: 6]
      [Scan RS (ms): Min: 0.1, Avg: 0.1, Max: 0.1, Diff: 0.0, Sum: 0.2]
      [Code Root Scanning (ms): Min: 0.0, Avg: 0.0, Max: 0.0, Diff: 0.0, Sum: 0.1]
      [Object Copy (ms): Min: 40.5, Avg: 56.3, Max: 72.1, Diff: 31.6, Sum: 112.6]
      [Termination (ms): Min: 0.0, Avg: 15.8, Max: 31.7, Diff: 31.7, Sum: 31.7]
      [GC Worker Other (ms): Min: 0.0, Avg: 0.0, Max: 0.0, Diff: 0.0, Sum: 0.0]
      [GC Worker Total (ms): Min: 73.8, Avg: 73.9, Max: 73.9, Diff: 0.0, Sum: 147.7]
      [GC Worker End (ms): Min: 2366.1, Avg: 2366.1, Max: 2366.1, Diff: 0.0]
   [Code Root Fixup: 0.0 ms]
   [Code Root Migration: 0.0 ms]
   [Clear CT: 0.1 ms]
   [Other: 0.4 ms]
      [Choose CSet: 0.0 ms]
      [Ref Proc: 0.0 ms]
      [Ref Enq: 0.0 ms]
      [Free CSet: 0.1 ms]
   [Eden: 61.0M(61.0M)->0.0B(26.0M) Survivors: 2048.0K->8192.0K Heap: 169.5M(256.0M)->177.5M(256.0M)]
 [Times: user=0.08 sys=0.00, real=0.07 secs] 
2014-07-10T16:12:31.422+0200: 2.409: [GC pause (young) (initial-mark), 0.0237874 secs]
   [Parallel Time: 21.4 ms, GC Workers: 2]
      [GC Worker Start (ms): Min: 2409.3, Avg: 2419.8, Max: 2430.3, Diff: 21.0]
      [Ext Root Scanning (ms): Min: 0.0, Avg: 0.9, Max: 1.8, Diff: 1.8, Sum: 1.8]
      [Code Root Marking (ms): Min: 0.0, Avg: 0.0, Max: 0.1, Diff: 0.1, Sum: 0.1]
      [Update RS (ms): Min: 0.0, Avg: 0.8, Max: 1.5, Diff: 1.5, Sum: 1.5]
         [Processed Buffers: Min: 0, Avg: 6.0, Max: 12, Diff: 12, Sum: 12]
      [Scan RS (ms): Min: 0.0, Avg: 0.0, Max: 0.1, Diff: 0.1, Sum: 0.1]
      [Code Root Scanning (ms): Min: 0.0, Avg: 0.0, Max: 0.0, Diff: 0.0, Sum: 0.0]
      [Object Copy (ms): Min: 0.0, Avg: 8.7, Max: 17.4, Diff: 17.4, Sum: 17.4]
      [Termination (ms): Min: 0.0, Avg: 0.2, Max: 0.4, Diff: 0.4, Sum: 0.4]
      [GC Worker Other (ms): Min: 0.0, Avg: 0.0, Max: 0.0, Diff: 0.0, Sum: 0.0]
      [GC Worker Total (ms): Min: 0.1, Avg: 10.7, Max: 21.4, Diff: 21.3, Sum: 21.4]
      [GC Worker End (ms): Min: 2430.3, Avg: 2430.5, Max: 2430.7, Diff: 0.4]
   [Code Root Fixup: 0.0 ms]
   [Code Root Migration: 0.0 ms]
   [Clear CT: 2.0 ms]
   [Other: 0.3 ms]
      [Choose CSet: 0.0 ms]
      [Ref Proc: 0.1 ms]
      [Ref Enq: 0.0 ms]
      [Free CSet: 0.1 ms]
   [Eden: 26.0M(26.0M)->0.0B(17.0M) Survivors: 8192.0K->5120.0K Heap: 203.5M(256.0M)->195.0M(256.0M)]
 [Times: user=0.03 sys=0.00, real=0.02 secs] 
2014-07-10T16:12:31.446+0200: 2.433: [GC concurrent-root-region-scan-start]
2014-07-10T16:12:31.448+0200: 2.435: [GC concurrent-root-region-scan-end, 0.0022016 secs]
2014-07-10T16:12:31.448+0200: 2.435: [GC concurrent-mark-start]
2014-07-10T16:12:31.460+0200: 2.447: [GC concurrent-mark-end, 0.0112099 secs]
2014-07-10T16:12:31.460+0200: 2.448: [GC remark 2014-07-10T16:12:31.461+0200: 2.448: [GC ref-proc, 0.0000704 secs], 0.0015860 secs]
 [Times: user=0.00 sys=0.00, real=0.00 secs] 
2014-07-10T16:12:31.462+0200: 2.450: [GC cleanup 197M->102M(256M), 0.0013272 secs]
 [Times: user=0.00 sys=0.00, real=0.00 secs] 
2014-07-10T16:12:31.464+0200: 2.451: [GC concurrent-cleanup-start]
2014-07-10T16:12:31.464+0200: 2.451: [GC concurrent-cleanup-end, 0.0001965 secs]
2014-07-10T16:12:31.521+0200: 2.508: [GC pause (young), 0.0127960 secs]
   [Parallel Time: 12.5 ms, GC Workers: 2]
      [GC Worker Start (ms): Min: 2508.1, Avg: 2508.1, Max: 2508.1, Diff: 0.0]
      [Ext Root Scanning (ms): Min: 1.2, Avg: 1.2, Max: 1.3, Diff: 0.1, Sum: 2.5]
      [Update RS (ms): Min: 0.5, Avg: 0.5, Max: 0.5, Diff: 0.0, Sum: 1.0]
         [Processed Buffers: Min: 2, Avg: 4.0, Max: 6, Diff: 4, Sum: 8]
      [Scan RS (ms): Min: 0.0, Avg: 0.0, Max: 0.1, Diff: 0.0, Sum: 0.1]
      [Code Root Scanning (ms): Min: 0.0, Avg: 0.0, Max: 0.0, Diff: 0.0, Sum: 0.0]
      [Object Copy (ms): Min: 10.6, Avg: 10.6, Max: 10.6, Diff: 0.0, Sum: 21.2]
      [Termination (ms): Min: 0.0, Avg: 0.0, Max: 0.0, Diff: 0.0, Sum: 0.0]
      [GC Worker Other (ms): Min: 0.0, Avg: 0.0, Max: 0.1, Diff: 0.0, Sum: 0.1]
      [GC Worker Total (ms): Min: 12.4, Avg: 12.4, Max: 12.4, Diff: 0.0, Sum: 24.9]
      [GC Worker End (ms): Min: 2520.6, Avg: 2520.6, Max: 2520.6, Diff: 0.0]
   [Code Root Fixup: 0.0 ms]
   [Code Root Migration: 0.0 ms]
   [Clear CT: 0.0 ms]
   [Other: 0.2 ms]
      [Choose CSet: 0.0 ms]
      [Ref Proc: 0.0 ms]
      [Ref Enq: 0.0 ms]
      [Free CSet: 0.1 ms]
   [Eden: 17.0M(17.0M)->0.0B(9216.0K) Survivors: 5120.0K->3072.0K Heap: 117.0M(256.0M)->115.5M(256.0M)]
 [Times: user=0.03 sys=0.00, real=0.01 secs] 
2014-07-10T16:12:31.548+0200: 2.535: [GC pause (mixed), 0.0093816 secs]
   [Parallel Time: 8.9 ms, GC Workers: 2]
      [GC Worker Start (ms): Min: 2535.6, Avg: 2535.6, Max: 2535.6, Diff: 0.0]
      [Ext Root Scanning (ms): Min: 1.0, Avg: 1.1, Max: 1.1, Diff: 0.0, Sum: 2.1]
      [Update RS (ms): Min: 0.5, Avg: 0.5, Max: 0.5, Diff: 0.0, Sum: 0.9]
         [Processed Buffers: Min: 4, Avg: 4.0, Max: 4, Diff: 0, Sum: 8]
      [Scan RS (ms): Min: 0.1, Avg: 0.1, Max: 0.1, Diff: 0.0, Sum: 0.3]
      [Code Root Scanning (ms): Min: 0.0, Avg: 0.0, Max: 0.0, Diff: 0.0, Sum: 0.0]
      [Object Copy (ms): Min: 7.2, Avg: 7.2, Max: 7.2, Diff: 0.0, Sum: 14.4]
      [Termination (ms): Min: 0.0, Avg: 0.0, Max: 0.0, Diff: 0.0, Sum: 0.0]
      [GC Worker Other (ms): Min: 0.0, Avg: 0.0, Max: 0.0, Diff: 0.0, Sum: 0.1]
      [GC Worker Total (ms): Min: 8.9, Avg: 8.9, Max: 8.9, Diff: 0.0, Sum: 17.8]
      [GC Worker End (ms): Min: 2544.5, Avg: 2544.5, Max: 2544.5, Diff: 0.0]
   [Code Root Fixup: 0.0 ms]
   [Code Root Migration: 0.0 ms]
   [Clear CT: 0.1 ms]
   [Other: 0.4 ms]
      [Choose CSet: 0.0 ms]
      [Ref Proc: 0.0 ms]
      [Ref Enq: 0.0 ms]
      [Free CSet: 0.2 ms]
   [Eden: 9216.0K(9216.0K)->0.0B(10.0M) Survivors: 3072.0K->2048.0K Heap: 124.5M(256.0M)->101.0M(256.0M)]
 [Times: user=0.00 sys=0.00, real=0.01 secs] 
2014-07-10T16:12:31.575+0200: 2.562: [GC pause (mixed), 0.0101951 secs]
   [Parallel Time: 9.7 ms, GC Workers: 2]
      [GC Worker Start (ms): Min: 2562.1, Avg: 2562.1, Max: 2562.1, Diff: 0.0]
      [Ext Root Scanning (ms): Min: 1.0, Avg: 1.0, Max: 1.1, Diff: 0.1, Sum: 2.1]
      [Update RS (ms): Min: 0.2, Avg: 0.3, Max: 0.3, Diff: 0.0, Sum: 0.5]
         [Processed Buffers: Min: 1, Avg: 3.0, Max: 5, Diff: 4, Sum: 6]
      [Scan RS (ms): Min: 0.1, Avg: 0.1, Max: 0.1, Diff: 0.0, Sum: 0.2]
      [Code Root Scanning (ms): Min: 0.0, Avg: 0.0, Max: 0.0, Diff: 0.0, Sum: 0.0]
      [Object Copy (ms): Min: 8.2, Avg: 8.2, Max: 8.3, Diff: 0.0, Sum: 16.5]
      [Termination (ms): Min: 0.0, Avg: 0.0, Max: 0.0, Diff: 0.0, Sum: 0.0]
      [GC Worker Other (ms): Min: 0.0, Avg: 0.0, Max: 0.0, Diff: 0.0, Sum: 0.1]
      [GC Worker Total (ms): Min: 9.7, Avg: 9.7, Max: 9.7, Diff: 0.0, Sum: 19.5]
      [GC Worker End (ms): Min: 2571.9, Avg: 2571.9, Max: 2571.9, Diff: 0.0]
   [Code Root Fixup: 0.1 ms]
   [Code Root Migration: 0.0 ms]
   [Clear CT: 0.1 ms]
   [Other: 0.3 ms]
      [Choose CSet: 0.0 ms]
      [Ref Proc: 0.1 ms]
      [Ref Enq: 0.0 ms]
      [Free CSet: 0.1 ms]
   [Eden: 10.0M(10.0M)->0.0B(65.0M) Survivors: 2048.0K->2048.0K Heap: 111.0M(256.0M)->104.5M(256.0M)]
 [Times: user=0.03 sys=0.00, real=0.01 secs] 
2014-07-10T16:12:31.694+0200: 2.682: [GC pause (young), 0.0423046 secs]
   [Parallel Time: 41.9 ms, GC Workers: 2]
      [GC Worker Start (ms): Min: 2681.9, Avg: 2681.9, Max: 2681.9, Diff: 0.0]
      [Ext Root Scanning (ms): Min: 1.0, Avg: 1.0, Max: 1.0, Diff: 0.0, Sum: 1.9]
      [Update RS (ms): Min: 0.4, Avg: 0.4, Max: 0.4, Diff: 0.0, Sum: 0.9]
         [Processed Buffers: Min: 1, Avg: 3.0, Max: 5, Diff: 4, Sum: 6]
      [Scan RS (ms): Min: 0.1, Avg: 0.1, Max: 0.1, Diff: 0.0, Sum: 0.2]
      [Code Root Scanning (ms): Min: 0.0, Avg: 0.0, Max: 0.0, Diff: 0.0, Sum: 0.1]
      [Object Copy (ms): Min: 40.3, Avg: 40.3, Max: 40.3, Diff: 0.0, Sum: 80.5]
      [Termination (ms): Min: 0.0, Avg: 0.0, Max: 0.0, Diff: 0.0, Sum: 0.0]
      [GC Worker Other (ms): Min: 0.0, Avg: 0.0, Max: 0.0, Diff: 0.0, Sum: 0.1]
      [GC Worker Total (ms): Min: 41.8, Avg: 41.8, Max: 41.8, Diff: 0.0, Sum: 83.7]
      [GC Worker End (ms): Min: 2723.7, Avg: 2723.7, Max: 2723.7, Diff: 0.0]
   [Code Root Fixup: 0.0 ms]
   [Code Root Migration: 0.0 ms]
   [Clear CT: 0.1 ms]
   [Other: 0.4 ms]
      [Choose CSet: 0.0 ms]
      [Ref Proc: 0.0 ms]
      [Ref Enq: 0.0 ms]
      [Free CSet: 0.1 ms]
   [Eden: 65.0M(65.0M)->0.0B(29.0M) Survivors: 2048.0K->9216.0K Heap: 169.5M(256.0M)->171.5M(256.0M)]
 [Times: user=0.09 sys=0.00, real=0.04 secs] 
2014-07-10T16:12:31.802+0200: 2.789: [GC pause (young) (initial-mark), 0.0238725 secs]
   [Parallel Time: 23.3 ms, GC Workers: 2]
      [GC Worker Start (ms): Min: 2789.3, Avg: 2792.6, Max: 2795.9, Diff: 6.6]
      [Ext Root Scanning (ms): Min: 0.0, Avg: 0.9, Max: 1.9, Diff: 1.8, Sum: 1.9]
      [Code Root Marking (ms): Min: 0.0, Avg: 0.0, Max: 0.1, Diff: 0.1, Sum: 0.1]
      [Update RS (ms): Min: 0.0, Avg: 0.9, Max: 1.9, Diff: 1.8, Sum: 1.9]
         [Processed Buffers: Min: 0, Avg: 6.5, Max: 13, Diff: 13, Sum: 13]
      [Scan RS (ms): Min: 0.0, Avg: 0.0, Max: 0.1, Diff: 0.1, Sum: 0.1]
      [Code Root Scanning (ms): Min: 0.0, Avg: 0.0, Max: 0.0, Diff: 0.0, Sum: 0.0]
      [Object Copy (ms): Min: 16.5, Avg: 17.9, Max: 19.3, Diff: 2.7, Sum: 35.8]
      [Termination (ms): Min: 0.0, Avg: 0.0, Max: 0.0, Diff: 0.0, Sum: 0.0]
      [GC Worker Other (ms): Min: 0.0, Avg: 0.0, Max: 0.0, Diff: 0.0, Sum: 0.1]
      [GC Worker Total (ms): Min: 16.6, Avg: 19.9, Max: 23.2, Diff: 6.6, Sum: 39.9]
      [GC Worker End (ms): Min: 2812.6, Avg: 2812.6, Max: 2812.6, Diff: 0.0]
   [Code Root Fixup: 0.0 ms]
   [Code Root Migration: 0.0 ms]
   [Clear CT: 0.0 ms]
   [Other: 0.6 ms]
      [Choose CSet: 0.0 ms]
      [Ref Proc: 0.2 ms]
      [Ref Enq: 0.0 ms]
      [Free CSet: 0.1 ms]
   [Eden: 29.0M(29.0M)->0.0B(17.0M) Survivors: 9216.0K->5120.0K Heap: 200.5M(256.0M)->194.5M(256.0M)]
 [Times: user=0.03 sys=0.00, real=0.02 secs] 
2014-07-10T16:12:31.826+0200: 2.813: [GC concurrent-root-region-scan-start]
2014-07-10T16:12:31.826+0200: 2.813: [GC concurrent-root-region-scan-end, 0.0000880 secs]
2014-07-10T16:12:31.826+0200: 2.813: [GC concurrent-mark-start]
2014-07-10T16:12:31.832+0200: 2.819: [GC concurrent-mark-end, 0.0055742 secs]
2014-07-10T16:12:31.832+0200: 2.819: [GC remark 2014-07-10T16:12:31.832+0200: 2.820: [GC ref-proc, 0.0000675 secs], 0.0015087 secs]
 [Times: user=0.00 sys=0.00, real=0.00 secs] 
2014-07-10T16:12:31.834+0200: 2.821: [GC cleanup 199M->120M(256M), 0.0011941 secs]
 [Times: user=0.00 sys=0.00, real=0.00 secs] 
2014-07-10T16:12:31.835+0200: 2.822: [GC concurrent-cleanup-start]
2014-07-10T16:12:31.835+0200: 2.823: [GC concurrent-cleanup-end, 0.0001536 secs]
2014-07-10T16:12:31.861+0200: 2.849: [GC pause (young), 0.0115821 secs]
   [Parallel Time: 11.2 ms, GC Workers: 2]
      [GC Worker Start (ms): Min: 2848.8, Avg: 2848.8, Max: 2848.8, Diff: 0.0]
      [Ext Root Scanning (ms): Min: 1.0, Avg: 1.0, Max: 1.1, Diff: 0.1, Sum: 2.1]
      [Update RS (ms): Min: 0.5, Avg: 0.5, Max: 0.5, Diff: 0.0, Sum: 1.0]
         [Processed Buffers: Min: 2, Avg: 4.0, Max: 6, Diff: 4, Sum: 8]
      [Scan RS (ms): Min: 0.0, Avg: 0.0, Max: 0.0, Diff: 0.0, Sum: 0.1]
      [Code Root Scanning (ms): Min: 0.0, Avg: 0.0, Max: 0.0, Diff: 0.0, Sum: 0.0]
      [Object Copy (ms): Min: 9.6, Avg: 9.6, Max: 9.6, Diff: 0.0, Sum: 19.2]
      [Termination (ms): Min: 0.0, Avg: 0.0, Max: 0.0, Diff: 0.0, Sum: 0.0]
      [GC Worker Other (ms): Min: 0.0, Avg: 0.0, Max: 0.0, Diff: 0.0, Sum: 0.1]
      [GC Worker Total (ms): Min: 11.2, Avg: 11.2, Max: 11.2, Diff: 0.0, Sum: 22.4]
      [GC Worker End (ms): Min: 2860.1, Avg: 2860.1, Max: 2860.1, Diff: 0.0]
   [Code Root Fixup: 0.0 ms]
   [Code Root Migration: 0.0 ms]
   [Clear CT: 0.0 ms]
   [Other: 0.3 ms]
      [Choose CSet: 0.0 ms]
      [Ref Proc: 0.1 ms]
      [Ref Enq: 0.0 ms]
      [Free CSet: 0.1 ms]
   [Eden: 17.0M(17.0M)->0.0B(9216.0K) Survivors: 5120.0K->3072.0K Heap: 132.5M(256.0M)->127.5M(256.0M)]
 [Times: user=0.00 sys=0.00, real=0.01 secs] 
2014-07-10T16:12:31.887+0200: 2.874: [GC pause (mixed), 0.0094344 secs]
   [Parallel Time: 8.9 ms, GC Workers: 2]
      [GC Worker Start (ms): Min: 2874.2, Avg: 2874.2, Max: 2874.2, Diff: 0.0]
      [Ext Root Scanning (ms): Min: 0.9, Avg: 0.9, Max: 1.0, Diff: 0.0, Sum: 1.9]
      [Update RS (ms): Min: 0.3, Avg: 0.3, Max: 0.4, Diff: 0.1, Sum: 0.7]
         [Processed Buffers: Min: 1, Avg: 3.5, Max: 6, Diff: 5, Sum: 7]
      [Scan RS (ms): Min: 0.1, Avg: 0.2, Max: 0.2, Diff: 0.1, Sum: 0.3]
      [Code Root Scanning (ms): Min: 0.0, Avg: 0.0, Max: 0.0, Diff: 0.0, Sum: 0.1]
      [Object Copy (ms): Min: 7.4, Avg: 7.4, Max: 7.4, Diff: 0.0, Sum: 14.8]
      [Termination (ms): Min: 0.0, Avg: 0.0, Max: 0.0, Diff: 0.0, Sum: 0.0]
      [GC Worker Other (ms): Min: 0.0, Avg: 0.0, Max: 0.0, Diff: 0.0, Sum: 0.1]
      [GC Worker Total (ms): Min: 8.9, Avg: 8.9, Max: 8.9, Diff: 0.0, Sum: 17.9]
      [GC Worker End (ms): Min: 2883.1, Avg: 2883.1, Max: 2883.1, Diff: 0.0]
   [Code Root Fixup: 0.0 ms]
   [Code Root Migration: 0.0 ms]
   [Clear CT: 0.1 ms]
   [Other: 0.4 ms]
      [Choose CSet: 0.0 ms]
      [Ref Proc: 0.1 ms]
      [Ref Enq: 0.0 ms]
      [Free CSet: 0.2 ms]
   [Eden: 9216.0K(9216.0K)->0.0B(10.0M) Survivors: 3072.0K->2048.0K Heap: 136.5M(256.0M)->114.8M(256.0M)]
 [Times: user=0.03 sys=0.00, real=0.01 secs] 
2014-07-10T16:12:31.912+0200: 2.899: [GC pause (mixed), 0.0115373 secs]
   [Parallel Time: 11.0 ms, GC Workers: 2]
      [GC Worker Start (ms): Min: 2899.5, Avg: 2899.5, Max: 2899.5, Diff: 0.0]
      [Ext Root Scanning (ms): Min: 1.0, Avg: 1.1, Max: 1.1, Diff: 0.0, Sum: 2.1]
      [Update RS (ms): Min: 0.3, Avg: 0.3, Max: 0.4, Diff: 0.1, Sum: 0.7]
         [Processed Buffers: Min: 3, Avg: 3.0, Max: 3, Diff: 0, Sum: 6]
      [Scan RS (ms): Min: 0.1, Avg: 0.1, Max: 0.1, Diff: 0.0, Sum: 0.3]
      [Code Root Scanning (ms): Min: 0.0, Avg: 0.0, Max: 0.0, Diff: 0.0, Sum: 0.0]
      [Object Copy (ms): Min: 9.4, Avg: 9.4, Max: 9.4, Diff: 0.0, Sum: 18.7]
      [Termination (ms): Min: 0.0, Avg: 0.0, Max: 0.0, Diff: 0.0, Sum: 0.0]
      [GC Worker Other (ms): Min: 0.0, Avg: 0.0, Max: 0.0, Diff: 0.0, Sum: 0.0]
      [GC Worker Total (ms): Min: 10.9, Avg: 11.0, Max: 11.0, Diff: 0.0, Sum: 21.9]
      [GC Worker End (ms): Min: 2910.5, Avg: 2910.5, Max: 2910.5, Diff: 0.0]
   [Code Root Fixup: 0.0 ms]
   [Code Root Migration: 0.0 ms]
   [Clear CT: 0.1 ms]
   [Other: 0.5 ms]
      [Choose CSet: 0.0 ms]
      [Ref Proc: 0.2 ms]
      [Ref Enq: 0.0 ms]
      [Free CSet: 0.1 ms]
   [Eden: 10.0M(10.0M)->0.0B(64.0M) Survivors: 2048.0K->2048.0K Heap: 124.8M(256.0M)->115.5M(256.0M)]
 [Times: user=0.02 sys=0.00, real=0.01 secs] 
2014-07-10T16:12:32.123+0200: 3.109: [GC pause (young), 0.0423951 secs]
   [Parallel Time: 42.0 ms, GC Workers: 2]
      [GC Worker Start (ms): Min: 3109.3, Avg: 3109.3, Max: 3109.3, Diff: 0.0]
      [Ext Root Scanning (ms): Min: 1.0, Avg: 1.0, Max: 1.0, Diff: 0.0, Sum: 1.9]
      [Update RS (ms): Min: 0.5, Avg: 0.5, Max: 0.5, Diff: 0.0, Sum: 1.0]
         [Processed Buffers: Min: 3, Avg: 3.5, Max: 4, Diff: 1, Sum: 7]
      [Scan RS (ms): Min: 0.1, Avg: 0.1, Max: 0.1, Diff: 0.0, Sum: 0.2]
      [Code Root Scanning (ms): Min: 0.1, Avg: 0.1, Max: 0.1, Diff: 0.0, Sum: 0.1]
      [Object Copy (ms): Min: 40.3, Avg: 40.3, Max: 40.3, Diff: 0.0, Sum: 80.5]
      [Termination (ms): Min: 0.0, Avg: 0.0, Max: 0.0, Diff: 0.0, Sum: 0.0]
      [GC Worker Other (ms): Min: 0.0, Avg: 0.0, Max: 0.0, Diff: 0.0, Sum: 0.1]
      [GC Worker Total (ms): Min: 41.9, Avg: 41.9, Max: 41.9, Diff: 0.0, Sum: 83.8]
      [GC Worker End (ms): Min: 3151.2, Avg: 3151.2, Max: 3151.2, Diff: 0.0]
   [Code Root Fixup: 0.0 ms]
   [Code Root Migration: 0.0 ms]
   [Clear CT: 0.1 ms]
   [Other: 0.3 ms]
      [Choose CSet: 0.0 ms]
      [Ref Proc: 0.1 ms]
      [Ref Enq: 0.0 ms]
      [Free CSet: 0.1 ms]
   [Eden: 64.0M(64.0M)->0.0B(25.0M) Survivors: 2048.0K->9216.0K Heap: 179.5M(256.0M)->180.0M(256.0M)]
 [Times: user=0.06 sys=0.00, real=0.04 secs] 
2014-07-10T16:12:32.206+0200: 3.192: [GC pause (young) (initial-mark), 0.0190264 secs]
   [Parallel Time: 16.6 ms, GC Workers: 2]
      [GC Worker Start (ms): Min: 3192.2, Avg: 3192.2, Max: 3192.2, Diff: 0.0]
      [Ext Root Scanning (ms): Min: 1.1, Avg: 1.1, Max: 1.2, Diff: 0.1, Sum: 2.3]
      [Code Root Marking (ms): Min: 0.0, Avg: 0.1, Max: 0.1, Diff: 0.0, Sum: 0.1]
      [Update RS (ms): Min: 0.9, Avg: 0.9, Max: 0.9, Diff: 0.0, Sum: 1.8]
         [Processed Buffers: Min: 6, Avg: 6.5, Max: 7, Diff: 1, Sum: 13]
      [Scan RS (ms): Min: 0.0, Avg: 0.0, Max: 0.0, Diff: 0.0, Sum: 0.1]
      [Code Root Scanning (ms): Min: 0.0, Avg: 0.0, Max: 0.0, Diff: 0.0, Sum: 0.0]
      [Object Copy (ms): Min: 14.1, Avg: 14.2, Max: 14.2, Diff: 0.1, Sum: 28.3]
      [Termination (ms): Min: 0.0, Avg: 0.0, Max: 0.0, Diff: 0.0, Sum: 0.0]
      [GC Worker Other (ms): Min: 0.0, Avg: 0.0, Max: 0.0, Diff: 0.0, Sum: 0.1]
      [GC Worker Total (ms): Min: 16.3, Avg: 16.3, Max: 16.3, Diff: 0.0, Sum: 32.7]
      [GC Worker End (ms): Min: 3208.5, Avg: 3208.5, Max: 3208.5, Diff: 0.0]
   [Code Root Fixup: 0.0 ms]
   [Code Root Migration: 0.0 ms]
   [Clear CT: 1.6 ms]
   [Other: 0.8 ms]
      [Choose CSet: 0.0 ms]
      [Ref Proc: 0.6 ms]
      [Ref Enq: 0.0 ms]
      [Free CSet: 0.1 ms]
   [Eden: 25.0M(25.0M)->0.0B(17.0M) Survivors: 9216.0K->5120.0K Heap: 205.0M(256.0M)->195.5M(256.0M)]
 [Times: user=0.03 sys=0.00, real=0.02 secs] 
2014-07-10T16:12:32.225+0200: 3.211: [GC concurrent-root-region-scan-start]
2014-07-10T16:12:32.225+0200: 3.211: [GC concurrent-root-region-scan-end, 0.0000873 secs]
2014-07-10T16:12:32.225+0200: 3.212: [GC concurrent-mark-start]
2014-07-10T16:12:32.228+0200: 3.215: [GC concurrent-mark-end, 0.0031544 secs]
2014-07-10T16:12:32.233+0200: 3.219: [GC remark 2014-07-10T16:12:32.233+0200: 3.219: [GC ref-proc, 0.0000693 secs], 0.0014284 secs]
 [Times: user=0.00 sys=0.00, real=0.00 secs] 
2014-07-10T16:12:32.235+0200: 3.221: [GC cleanup 200M->112M(256M), 0.0008102 secs]
 [Times: user=0.00 sys=0.00, real=0.00 secs] 
2014-07-10T16:12:32.236+0200: 3.222: [GC concurrent-cleanup-start]
2014-07-10T16:12:32.236+0200: 3.222: [GC concurrent-cleanup-end, 0.0001584 secs]
2014-07-10T16:12:32.256+0200: 3.243: [GC pause (young), 0.0150393 secs]
   [Parallel Time: 14.7 ms, GC Workers: 2]
      [GC Worker Start (ms): Min: 3242.8, Avg: 3250.1, Max: 3257.3, Diff: 14.5]
      [Ext Root Scanning (ms): Min: 0.0, Avg: 0.9, Max: 1.8, Diff: 1.8, Sum: 1.9]
      [Update RS (ms): Min: 0.0, Avg: 0.4, Max: 0.8, Diff: 0.7, Sum: 0.8]
         [Processed Buffers: Min: 0, Avg: 4.5, Max: 9, Diff: 9, Sum: 9]
      [Scan RS (ms): Min: 0.0, Avg: 0.0, Max: 0.1, Diff: 0.0, Sum: 0.1]
      [Code Root Scanning (ms): Min: 0.0, Avg: 0.0, Max: 0.0, Diff: 0.0, Sum: 0.0]
      [Object Copy (ms): Min: 0.0, Avg: 5.9, Max: 11.8, Diff: 11.8, Sum: 11.8]
      [Termination (ms): Min: 0.0, Avg: 0.1, Max: 0.2, Diff: 0.2, Sum: 0.2]
      [GC Worker Other (ms): Min: 0.0, Avg: 0.0, Max: 0.0, Diff: 0.0, Sum: 0.0]
      [GC Worker Total (ms): Min: 0.0, Avg: 7.4, Max: 14.7, Diff: 14.6, Sum: 14.7]
      [GC Worker End (ms): Min: 3257.4, Avg: 3257.4, Max: 3257.5, Diff: 0.1]
   [Code Root Fixup: 0.0 ms]
   [Code Root Migration: 0.0 ms]
   [Clear CT: 0.0 ms]
   [Other: 0.3 ms]
      [Choose CSet: 0.0 ms]
      [Ref Proc: 0.1 ms]
      [Ref Enq: 0.0 ms]
      [Free CSet: 0.1 ms]
   [Eden: 17.0M(17.0M)->0.0B(9216.0K) Survivors: 5120.0K->3072.0K Heap: 124.5M(256.0M)->120.0M(256.0M)]
 [Times: user=0.02 sys=0.00, real=0.02 secs] 
2014-07-10T16:12:32.286+0200: 3.272: [GC pause (mixed), 0.0087330 secs]
   [Parallel Time: 8.3 ms, GC Workers: 2]
      [GC Worker Start (ms): Min: 3272.2, Avg: 3272.2, Max: 3272.2, Diff: 0.0]
      [Ext Root Scanning (ms): Min: 1.1, Avg: 1.1, Max: 1.1, Diff: 0.0, Sum: 2.2]
      [Update RS (ms): Min: 0.2, Avg: 0.3, Max: 0.3, Diff: 0.1, Sum: 0.6]
         [Processed Buffers: Min: 1, Avg: 3.5, Max: 6, Diff: 5, Sum: 7]
      [Scan RS (ms): Min: 0.1, Avg: 0.1, Max: 0.2, Diff: 0.0, Sum: 0.3]
      [Code Root Scanning (ms): Min: 0.0, Avg: 0.0, Max: 0.0, Diff: 0.0, Sum: 0.1]
      [Object Copy (ms): Min: 6.6, Avg: 6.7, Max: 6.7, Diff: 0.0, Sum: 13.3]
      [Termination (ms): Min: 0.0, Avg: 0.0, Max: 0.0, Diff: 0.0, Sum: 0.0]
      [GC Worker Other (ms): Min: 0.0, Avg: 0.0, Max: 0.0, Diff: 0.0, Sum: 0.1]
      [GC Worker Total (ms): Min: 8.2, Avg: 8.2, Max: 8.2, Diff: 0.0, Sum: 16.5]
      [GC Worker End (ms): Min: 3280.5, Avg: 3280.5, Max: 3280.5, Diff: 0.0]
   [Code Root Fixup: 0.0 ms]
   [Code Root Migration: 0.0 ms]
   [Clear CT: 0.1 ms]
   [Other: 0.3 ms]
      [Choose CSet: 0.0 ms]
      [Ref Proc: 0.0 ms]
      [Ref Enq: 0.0 ms]
      [Free CSet: 0.2 ms]
   [Eden: 9216.0K(9216.0K)->0.0B(10.0M) Survivors: 3072.0K->2048.0K Heap: 129.0M(256.0M)->105.0M(256.0M)]
 [Times: user=0.00 sys=0.00, real=0.01 secs] 
2014-07-10T16:12:32.310+0200: 3.296: [GC pause (mixed), 0.0115586 secs]
   [Parallel Time: 11.1 ms, GC Workers: 2]
      [GC Worker Start (ms): Min: 3296.2, Avg: 3296.2, Max: 3296.2, Diff: 0.0]
      [Ext Root Scanning (ms): Min: 1.1, Avg: 1.1, Max: 1.1, Diff: 0.1, Sum: 2.2]
      [Update RS (ms): Min: 0.3, Avg: 0.3, Max: 0.4, Diff: 0.1, Sum: 0.7]
         [Processed Buffers: Min: 1, Avg: 3.0, Max: 5, Diff: 4, Sum: 6]
      [Scan RS (ms): Min: 0.1, Avg: 0.1, Max: 0.1, Diff: 0.0, Sum: 0.2]
      [Code Root Scanning (ms): Min: 0.0, Avg: 0.0, Max: 0.0, Diff: 0.0, Sum: 0.0]
      [Object Copy (ms): Min: 9.4, Avg: 9.5, Max: 9.5, Diff: 0.0, Sum: 18.9]
      [Termination (ms): Min: 0.0, Avg: 0.0, Max: 0.0, Diff: 0.0, Sum: 0.0]
      [GC Worker Other (ms): Min: 0.0, Avg: 0.0, Max: 0.0, Diff: 0.0, Sum: 0.0]
      [GC Worker Total (ms): Min: 11.0, Avg: 11.0, Max: 11.0, Diff: 0.0, Sum: 22.1]
      [GC Worker End (ms): Min: 3307.3, Avg: 3307.3, Max: 3307.3, Diff: 0.0]
   [Code Root Fixup: 0.0 ms]
   [Code Root Migration: 0.0 ms]
   [Clear CT: 0.1 ms]
   [Other: 0.3 ms]
      [Choose CSet: 0.0 ms]
      [Ref Proc: 0.1 ms]
      [Ref Enq: 0.0 ms]
      [Free CSet: 0.1 ms]
   [Eden: 10.0M(10.0M)->0.0B(65.0M) Survivors: 2048.0K->2048.0K Heap: 115.0M(256.0M)->109.0M(256.0M)]
 [Times: user=0.03 sys=0.00, real=0.01 secs] 
2014-07-10T16:12:32.438+0200: 3.424: [GC pause (young), 0.0440398 secs]
   [Parallel Time: 43.4 ms, GC Workers: 2]
      [GC Worker Start (ms): Min: 3424.5, Avg: 3424.5, Max: 3424.5, Diff: 0.0]
      [Ext Root Scanning (ms): Min: 1.1, Avg: 1.2, Max: 1.2, Diff: 0.1, Sum: 2.4]
      [Update RS (ms): Min: 0.5, Avg: 0.6, Max: 0.7, Diff: 0.2, Sum: 1.2]
         [Processed Buffers: Min: 1, Avg: 3.5, Max: 6, Diff: 5, Sum: 7]
      [Scan RS (ms): Min: 0.1, Avg: 0.1, Max: 0.1, Diff: 0.0, Sum: 0.2]
      [Code Root Scanning (ms): Min: 0.0, Avg: 0.0, Max: 0.1, Diff: 0.0, Sum: 0.1]
      [Object Copy (ms): Min: 41.4, Avg: 41.4, Max: 41.5, Diff: 0.0, Sum: 82.9]
      [Termination (ms): Min: 0.0, Avg: 0.0, Max: 0.0, Diff: 0.0, Sum: 0.0]
      [GC Worker Other (ms): Min: 0.0, Avg: 0.0, Max: 0.0, Diff: 0.0, Sum: 0.1]
      [GC Worker Total (ms): Min: 43.4, Avg: 43.4, Max: 43.4, Diff: 0.0, Sum: 86.9]
      [GC Worker End (ms): Min: 3467.9, Avg: 3467.9, Max: 3467.9, Diff: 0.0]
   [Code Root Fixup: 0.0 ms]
   [Code Root Migration: 0.0 ms]
   [Clear CT: 0.1 ms]
   [Other: 0.4 ms]
      [Choose CSet: 0.0 ms]
      [Ref Proc: 0.1 ms]
      [Ref Enq: 0.0 ms]
      [Free CSet: 0.1 ms]
   [Eden: 65.0M(65.0M)->0.0B(23.0M) Survivors: 2048.0K->9216.0K Heap: 174.0M(256.0M)->182.5M(256.0M)]
 [Times: user=0.06 sys=0.00, real=0.04 secs] 
2014-07-10T16:12:32.521+0200: 3.507: [GC pause (young) (initial-mark), 0.0171995 secs]
   [Parallel Time: 16.7 ms, GC Workers: 2]
      [GC Worker Start (ms): Min: 3507.4, Avg: 3507.4, Max: 3507.4, Diff: 0.0]
      [Ext Root Scanning (ms): Min: 1.1, Avg: 1.1, Max: 1.1, Diff: 0.0, Sum: 2.2]
      [Code Root Marking (ms): Min: 0.0, Avg: 0.1, Max: 0.1, Diff: 0.0, Sum: 0.1]
      [Update RS (ms): Min: 1.0, Avg: 1.0, Max: 1.0, Diff: 0.0, Sum: 2.0]
         [Processed Buffers: Min: 6, Avg: 6.5, Max: 7, Diff: 1, Sum: 13]
      [Scan RS (ms): Min: 0.0, Avg: 0.0, Max: 0.0, Diff: 0.0, Sum: 0.1]
      [Code Root Scanning (ms): Min: 0.0, Avg: 0.0, Max: 0.0, Diff: 0.0, Sum: 0.0]
      [Object Copy (ms): Min: 14.3, Avg: 14.3, Max: 14.3, Diff: 0.0, Sum: 28.6]
      [Termination (ms): Min: 0.0, Avg: 0.0, Max: 0.0, Diff: 0.0, Sum: 0.0]
      [GC Worker Other (ms): Min: 0.0, Avg: 0.0, Max: 0.0, Diff: 0.0, Sum: 0.1]
      [GC Worker Total (ms): Min: 16.5, Avg: 16.5, Max: 16.5, Diff: 0.0, Sum: 33.1]
      [GC Worker End (ms): Min: 3523.9, Avg: 3523.9, Max: 3523.9, Diff: 0.0]
   [Code Root Fixup: 0.0 ms]
   [Code Root Migration: 0.0 ms]
   [Clear CT: 0.0 ms]
   [Other: 0.4 ms]
      [Choose CSet: 0.0 ms]
      [Ref Proc: 0.1 ms]
      [Ref Enq: 0.0 ms]
      [Free CSet: 0.1 ms]
   [Eden: 23.0M(23.0M)->0.0B(15.0M) Survivors: 9216.0K->4096.0K Heap: 205.5M(256.0M)->199.0M(256.0M)]
 [Times: user=0.03 sys=0.00, real=0.02 secs] 
2014-07-10T16:12:32.538+0200: 3.525: [GC concurrent-root-region-scan-start]
2014-07-10T16:12:32.540+0200: 3.527: [GC concurrent-root-region-scan-end, 0.0020348 secs]
2014-07-10T16:12:32.540+0200: 3.527: [GC concurrent-mark-start]
2014-07-10T16:12:32.543+0200: 3.530: [GC concurrent-mark-end, 0.0027900 secs]
2014-07-10T16:12:32.544+0200: 3.530: [GC remark 2014-07-10T16:12:32.545+0200: 3.531: [GC ref-proc, 0.0000697 secs], 0.0020164 secs]
 [Times: user=0.00 sys=0.00, real=0.00 secs] 
2014-07-10T16:12:32.546+0200: 3.533: [GC cleanup 200M->100M(256M), 0.0012689 secs]
 [Times: user=0.00 sys=0.02, real=0.00 secs] 
2014-07-10T16:12:32.547+0200: 3.534: [GC concurrent-cleanup-start]
2014-07-10T16:12:32.548+0200: 3.534: [GC concurrent-cleanup-end, 0.0001617 secs]
2014-07-10T16:12:32.571+0200: 3.557: [GC pause (young), 0.0112319 secs]
   [Parallel Time: 11.0 ms, GC Workers: 2]
      [GC Worker Start (ms): Min: 3557.2, Avg: 3557.2, Max: 3557.2, Diff: 0.0]
      [Ext Root Scanning (ms): Min: 1.0, Avg: 1.1, Max: 1.1, Diff: 0.0, Sum: 2.1]
      [Update RS (ms): Min: 0.4, Avg: 0.4, Max: 0.4, Diff: 0.0, Sum: 0.9]
         [Processed Buffers: Min: 3, Avg: 4.5, Max: 6, Diff: 3, Sum: 9]
      [Scan RS (ms): Min: 0.0, Avg: 0.0, Max: 0.0, Diff: 0.0, Sum: 0.1]
      [Code Root Scanning (ms): Min: 0.0, Avg: 0.0, Max: 0.0, Diff: 0.0, Sum: 0.0]
      [Object Copy (ms): Min: 9.3, Avg: 9.3, Max: 9.3, Diff: 0.0, Sum: 18.6]
      [Termination (ms): Min: 0.0, Avg: 0.0, Max: 0.0, Diff: 0.0, Sum: 0.0]
      [GC Worker Other (ms): Min: 0.0, Avg: 0.0, Max: 0.0, Diff: 0.0, Sum: 0.1]
      [GC Worker Total (ms): Min: 10.9, Avg: 10.9, Max: 10.9, Diff: 0.0, Sum: 21.8]
      [GC Worker End (ms): Min: 3568.1, Avg: 3568.1, Max: 3568.1, Diff: 0.0]
   [Code Root Fixup: 0.0 ms]
   [Code Root Migration: 0.0 ms]
   [Clear CT: 0.0 ms]
   [Other: 0.2 ms]
      [Choose CSet: 0.0 ms]
      [Ref Proc: 0.0 ms]
      [Ref Enq: 0.0 ms]
      [Free CSet: 0.1 ms]
   [Eden: 15.0M(15.0M)->0.0B(9216.0K) Survivors: 4096.0K->3072.0K Heap: 114.0M(256.0M)->111.0M(256.0M)]
 [Times: user=0.03 sys=0.00, real=0.01 secs] 
2014-07-10T16:12:32.596+0200: 3.582: [GC pause (mixed), 0.0099942 secs]
   [Parallel Time: 9.5 ms, GC Workers: 2]
      [GC Worker Start (ms): Min: 3582.4, Avg: 3582.4, Max: 3582.4, Diff: 0.0]
      [Ext Root Scanning (ms): Min: 1.1, Avg: 1.1, Max: 1.1, Diff: 0.0, Sum: 2.2]
      [Update RS (ms): Min: 0.3, Avg: 0.3, Max: 0.3, Diff: 0.0, Sum: 0.6]
         [Processed Buffers: Min: 3, Avg: 3.0, Max: 3, Diff: 0, Sum: 6]
      [Scan RS (ms): Min: 0.1, Avg: 0.1, Max: 0.1, Diff: 0.0, Sum: 0.2]
      [Code Root Scanning (ms): Min: 0.0, Avg: 0.0, Max: 0.0, Diff: 0.0, Sum: 0.0]
      [Object Copy (ms): Min: 7.9, Avg: 7.9, Max: 8.0, Diff: 0.0, Sum: 15.9]
      [Termination (ms): Min: 0.0, Avg: 0.0, Max: 0.0, Diff: 0.0, Sum: 0.0]
      [GC Worker Other (ms): Min: 0.0, Avg: 0.0, Max: 0.0, Diff: 0.0, Sum: 0.1]
      [GC Worker Total (ms): Min: 9.5, Avg: 9.5, Max: 9.5, Diff: 0.0, Sum: 19.0]
      [GC Worker End (ms): Min: 3591.9, Avg: 3591.9, Max: 3591.9, Diff: 0.0]
   [Code Root Fixup: 0.0 ms]
   [Code Root Migration: 0.0 ms]
   [Clear CT: 0.1 ms]
   [Other: 0.4 ms]
      [Choose CSet: 0.0 ms]
      [Ref Proc: 0.1 ms]
      [Ref Enq: 0.0 ms]
      [Free CSet: 0.2 ms]
   [Eden: 9216.0K(9216.0K)->0.0B(10.0M) Survivors: 3072.0K->2048.0K Heap: 120.0M(256.0M)->98.0M(256.0M)]
 [Times: user=0.00 sys=0.00, real=0.01 secs] 
2014-07-10T16:12:32.645+0200: 3.631: [GC pause (mixed), 0.0083327 secs]
   [Parallel Time: 8.0 ms, GC Workers: 2]
      [GC Worker Start (ms): Min: 3631.3, Avg: 3631.3, Max: 3631.3, Diff: 0.0]
      [Ext Root Scanning (ms): Min: 0.9, Avg: 0.9, Max: 0.9, Diff: 0.0, Sum: 1.7]
      [Update RS (ms): Min: 0.3, Avg: 0.3, Max: 0.3, Diff: 0.0, Sum: 0.5]
         [Processed Buffers: Min: 3, Avg: 3.5, Max: 4, Diff: 1, Sum: 7]
      [Scan RS (ms): Min: 0.0, Avg: 0.0, Max: 0.1, Diff: 0.0, Sum: 0.1]
      [Code Root Scanning (ms): Min: 0.0, Avg: 0.0, Max: 0.0, Diff: 0.0, Sum: 0.0]
      [Object Copy (ms): Min: 6.7, Avg: 6.8, Max: 6.8, Diff: 0.0, Sum: 13.5]
      [Termination (ms): Min: 0.0, Avg: 0.0, Max: 0.0, Diff: 0.0, Sum: 0.0]
      [GC Worker Other (ms): Min: 0.0, Avg: 0.0, Max: 0.0, Diff: 0.0, Sum: 0.1]
      [GC Worker Total (ms): Min: 8.0, Avg: 8.0, Max: 8.0, Diff: 0.0, Sum: 16.0]
      [GC Worker End (ms): Min: 3639.3, Avg: 3639.3, Max: 3639.3, Diff: 0.0]
   [Code Root Fixup: 0.0 ms]
   [Code Root Migration: 0.0 ms]
   [Clear CT: 0.1 ms]
   [Other: 0.2 ms]
      [Choose CSet: 0.0 ms]
      [Ref Proc: 0.0 ms]
      [Ref Enq: 0.0 ms]
      [Free CSet: 0.1 ms]
   [Eden: 10.0M(10.0M)->0.0B(62.0M) Survivors: 2048.0K->2048.0K Heap: 108.0M(256.0M)->107.5M(256.0M)]
 [Times: user=0.00 sys=0.00, real=0.01 secs] 
2014-07-10T16:12:32.755+0200: 3.741: [GC pause (young), 0.0412916 secs]
   [Parallel Time: 40.8 ms, GC Workers: 2]
      [GC Worker Start (ms): Min: 3741.2, Avg: 3741.2, Max: 3741.2, Diff: 0.0]
      [Ext Root Scanning (ms): Min: 1.0, Avg: 1.0, Max: 1.0, Diff: 0.0, Sum: 1.9]
      [Update RS (ms): Min: 0.4, Avg: 0.5, Max: 0.6, Diff: 0.2, Sum: 1.0]
         [Processed Buffers: Min: 1, Avg: 3.0, Max: 5, Diff: 4, Sum: 6]
      [Scan RS (ms): Min: 0.0, Avg: 0.1, Max: 0.1, Diff: 0.1, Sum: 0.2]
      [Code Root Scanning (ms): Min: 0.0, Avg: 0.0, Max: 0.1, Diff: 0.1, Sum: 0.1]
      [Object Copy (ms): Min: 39.1, Avg: 39.2, Max: 39.2, Diff: 0.0, Sum: 78.3]
      [Termination (ms): Min: 0.0, Avg: 0.0, Max: 0.0, Diff: 0.0, Sum: 0.0]
      [GC Worker Other (ms): Min: 0.0, Avg: 0.0, Max: 0.0, Diff: 0.0, Sum: 0.1]
      [GC Worker Total (ms): Min: 40.8, Avg: 40.8, Max: 40.8, Diff: 0.0, Sum: 81.6]
      [GC Worker End (ms): Min: 3782.0, Avg: 3782.0, Max: 3782.0, Diff: 0.0]
   [Code Root Fixup: 0.0 ms]
   [Code Root Migration: 0.0 ms]
   [Clear CT: 0.1 ms]
   [Other: 0.3 ms]
      [Choose CSet: 0.0 ms]
      [Ref Proc: 0.1 ms]
      [Ref Enq: 0.0 ms]
      [Free CSet: 0.1 ms]
   [Eden: 62.0M(62.0M)->0.0B(26.0M) Survivors: 2048.0K->8192.0K Heap: 169.5M(256.0M)->178.0M(256.0M)]
 [Times: user=0.06 sys=0.00, real=0.04 secs] 
2014-07-10T16:12:32.846+0200: 3.833: [GC pause (young) (initial-mark), 0.0194744 secs]
   [Parallel Time: 18.3 ms, GC Workers: 2]
      [GC Worker Start (ms): Min: 3833.0, Avg: 3833.8, Max: 3834.5, Diff: 1.5]
      [Ext Root Scanning (ms): Min: 0.3, Avg: 0.9, Max: 1.5, Diff: 1.2, Sum: 1.8]
      [Code Root Marking (ms): Min: 0.1, Avg: 0.1, Max: 0.1, Diff: 0.0, Sum: 0.1]
      [Update RS (ms): Min: 1.3, Avg: 1.3, Max: 1.4, Diff: 0.1, Sum: 2.6]
         [Processed Buffers: Min: 4, Avg: 6.5, Max: 9, Diff: 5, Sum: 13]
      [Scan RS (ms): Min: 0.0, Avg: 0.0, Max: 0.1, Diff: 0.1, Sum: 0.1]
      [Code Root Scanning (ms): Min: 0.0, Avg: 0.0, Max: 0.0, Diff: 0.0, Sum: 0.0]
      [Object Copy (ms): Min: 15.1, Avg: 15.2, Max: 15.3, Diff: 0.2, Sum: 30.4]
      [Termination (ms): Min: 0.0, Avg: 0.0, Max: 0.0, Diff: 0.0, Sum: 0.0]
      [GC Worker Other (ms): Min: 0.0, Avg: 0.0, Max: 0.0, Diff: 0.0, Sum: 0.1]
      [GC Worker Total (ms): Min: 16.9, Avg: 17.6, Max: 18.3, Diff: 1.5, Sum: 35.2]
      [GC Worker End (ms): Min: 3851.3, Avg: 3851.3, Max: 3851.4, Diff: 0.0]
   [Code Root Fixup: 0.0 ms]
   [Code Root Migration: 0.0 ms]
   [Clear CT: 0.5 ms]
   [Other: 0.6 ms]
      [Choose CSet: 0.0 ms]
      [Ref Proc: 0.4 ms]
      [Ref Enq: 0.0 ms]
      [Free CSet: 0.1 ms]
   [Eden: 26.0M(26.0M)->0.0B(17.0M) Survivors: 8192.0K->5120.0K Heap: 204.0M(256.0M)->196.0M(256.0M)]
 [Times: user=0.03 sys=0.00, real=0.02 secs] 
2014-07-10T16:12:32.866+0200: 3.853: [GC concurrent-root-region-scan-start]
2014-07-10T16:12:32.867+0200: 3.854: [GC concurrent-root-region-scan-end, 0.0009569 secs]
2014-07-10T16:12:32.867+0200: 3.854: [GC concurrent-mark-start]
2014-07-10T16:12:32.871+0200: 3.858: [GC concurrent-mark-end, 0.0037242 secs]
2014-07-10T16:12:32.871+0200: 3.858: [GC remark 2014-07-10T16:12:32.871+0200: 3.858: [GC ref-proc, 0.0001192 secs], 0.0011050 secs]
 [Times: user=0.00 sys=0.00, real=0.00 secs] 
2014-07-10T16:12:32.873+0200: 3.859: [GC cleanup 201M->110M(256M), 0.0021209 secs]
 [Times: user=0.00 sys=0.02, real=0.00 secs] 
2014-07-10T16:12:32.875+0200: 3.862: [GC concurrent-cleanup-start]
2014-07-10T16:12:32.875+0200: 3.862: [GC concurrent-cleanup-end, 0.0001925 secs]
2014-07-10T16:12:32.893+0200: 3.879: [GC pause (young), 0.0119260 secs]
   [Parallel Time: 11.1 ms, GC Workers: 2]
      [GC Worker Start (ms): Min: 3879.3, Avg: 3879.3, Max: 3879.3, Diff: 0.0]
      [Ext Root Scanning (ms): Min: 1.0, Avg: 1.1, Max: 1.2, Diff: 0.2, Sum: 2.2]
      [Update RS (ms): Min: 0.4, Avg: 0.4, Max: 0.5, Diff: 0.2, Sum: 0.9]
         [Processed Buffers: Min: 2, Avg: 4.5, Max: 7, Diff: 5, Sum: 9]
      [Scan RS (ms): Min: 0.0, Avg: 0.0, Max: 0.1, Diff: 0.0, Sum: 0.1]
      [Code Root Scanning (ms): Min: 0.0, Avg: 0.0, Max: 0.0, Diff: 0.0, Sum: 0.0]
      [Object Copy (ms): Min: 9.4, Avg: 9.4, Max: 9.4, Diff: 0.0, Sum: 18.8]
      [Termination (ms): Min: 0.0, Avg: 0.0, Max: 0.0, Diff: 0.0, Sum: 0.0]
      [GC Worker Other (ms): Min: 0.0, Avg: 0.0, Max: 0.0, Diff: 0.0, Sum: 0.1]
      [GC Worker Total (ms): Min: 11.0, Avg: 11.0, Max: 11.0, Diff: 0.0, Sum: 22.1]
      [GC Worker End (ms): Min: 3890.4, Avg: 3890.4, Max: 3890.4, Diff: 0.0]
   [Code Root Fixup: 0.0 ms]
   [Code Root Migration: 0.0 ms]
   [Clear CT: 0.0 ms]
   [Other: 0.8 ms]
      [Choose CSet: 0.0 ms]
      [Ref Proc: 0.7 ms]
      [Ref Enq: 0.0 ms]
      [Free CSet: 0.1 ms]
   [Eden: 17.0M(17.0M)->0.0B(9216.0K) Survivors: 5120.0K->3072.0K Heap: 122.0M(256.0M)->116.5M(256.0M)]
 [Times: user=0.00 sys=0.00, real=0.01 secs] 
2014-07-10T16:12:32.919+0200: 3.905: [GC pause (mixed), 0.0093369 secs]
   [Parallel Time: 8.9 ms, GC Workers: 2]
      [GC Worker Start (ms): Min: 3905.3, Avg: 3905.3, Max: 3905.3, Diff: 0.0]
      [Ext Root Scanning (ms): Min: 1.0, Avg: 1.0, Max: 1.0, Diff: 0.0, Sum: 2.0]
      [Update RS (ms): Min: 0.2, Avg: 0.2, Max: 0.3, Diff: 0.0, Sum: 0.5]
         [Processed Buffers: Min: 1, Avg: 3.0, Max: 5, Diff: 4, Sum: 6]
      [Scan RS (ms): Min: 0.1, Avg: 0.1, Max: 0.1, Diff: 0.0, Sum: 0.3]
      [Code Root Scanning (ms): Min: 0.0, Avg: 0.0, Max: 0.0, Diff: 0.0, Sum: 0.0]
      [Object Copy (ms): Min: 7.4, Avg: 7.4, Max: 7.4, Diff: 0.0, Sum: 14.7]
      [Termination (ms): Min: 0.0, Avg: 0.0, Max: 0.0, Diff: 0.0, Sum: 0.0]
      [GC Worker Other (ms): Min: 0.0, Avg: 0.0, Max: 0.0, Diff: 0.0, Sum: 0.1]
      [GC Worker Total (ms): Min: 8.8, Avg: 8.8, Max: 8.8, Diff: 0.0, Sum: 17.6]
      [GC Worker End (ms): Min: 3914.1, Avg: 3914.1, Max: 3914.1, Diff: 0.0]
   [Code Root Fixup: 0.0 ms]
   [Code Root Migration: 0.0 ms]
   [Clear CT: 0.1 ms]
   [Other: 0.4 ms]
      [Choose CSet: 0.0 ms]
      [Ref Proc: 0.0 ms]
      [Ref Enq: 0.0 ms]
      [Free CSet: 0.2 ms]
   [Eden: 9216.0K(9216.0K)->0.0B(10.0M) Survivors: 3072.0K->2048.0K Heap: 125.5M(256.0M)->102.5M(256.0M)]
 [Times: user=0.03 sys=0.00, real=0.01 secs] 
2014-07-10T16:12:32.943+0200: 3.929: [GC pause (mixed), 0.0109397 secs]
   [Parallel Time: 10.6 ms, GC Workers: 2]
      [GC Worker Start (ms): Min: 3929.3, Avg: 3929.3, Max: 3929.3, Diff: 0.0]
      [Ext Root Scanning (ms): Min: 1.1, Avg: 1.1, Max: 1.1, Diff: 0.1, Sum: 2.2]
      [Update RS (ms): Min: 0.3, Avg: 0.4, Max: 0.4, Diff: 0.1, Sum: 0.7]
         [Processed Buffers: Min: 2, Avg: 3.0, Max: 4, Diff: 2, Sum: 6]
      [Scan RS (ms): Min: 0.1, Avg: 0.1, Max: 0.1, Diff: 0.0, Sum: 0.2]
      [Code Root Scanning (ms): Min: 0.0, Avg: 0.0, Max: 0.0, Diff: 0.0, Sum: 0.0]
      [Object Copy (ms): Min: 9.0, Avg: 9.0, Max: 9.0, Diff: 0.0, Sum: 17.9]
      [Termination (ms): Min: 0.0, Avg: 0.0, Max: 0.0, Diff: 0.0, Sum: 0.0]
      [GC Worker Other (ms): Min: 0.0, Avg: 0.0, Max: 0.0, Diff: 0.0, Sum: 0.1]
      [GC Worker Total (ms): Min: 10.5, Avg: 10.6, Max: 10.6, Diff: 0.0, Sum: 21.1]
      [GC Worker End (ms): Min: 3939.9, Avg: 3939.9, Max: 3939.9, Diff: 0.0]
   [Code Root Fixup: 0.0 ms]
   [Code Root Migration: 0.0 ms]
   [Clear CT: 0.1 ms]
   [Other: 0.3 ms]
      [Choose CSet: 0.0 ms]
      [Ref Proc: 0.1 ms]
      [Ref Enq: 0.0 ms]
      [Free CSet: 0.1 ms]
   [Eden: 10.0M(10.0M)->0.0B(68.0M) Survivors: 2048.0K->2048.0K Heap: 112.5M(256.0M)->109.5M(256.0M)]
 [Times: user=0.03 sys=0.00, real=0.01 secs] 
2014-07-10T16:12:33.067+0200: 4.053: [GC pause (young), 0.0445604 secs]
   [Parallel Time: 43.9 ms, GC Workers: 2]
      [GC Worker Start (ms): Min: 4053.2, Avg: 4053.2, Max: 4053.2, Diff: 0.0]
      [Ext Root Scanning (ms): Min: 1.1, Avg: 1.1, Max: 1.1, Diff: 0.0, Sum: 2.1]
      [Update RS (ms): Min: 0.5, Avg: 0.6, Max: 0.6, Diff: 0.1, Sum: 1.1]
         [Processed Buffers: Min: 1, Avg: 3.0, Max: 5, Diff: 4, Sum: 6]
      [Scan RS (ms): Min: 0.1, Avg: 0.1, Max: 0.1, Diff: 0.1, Sum: 0.2]
      [Code Root Scanning (ms): Min: 0.0, Avg: 0.1, Max: 0.1, Diff: 0.1, Sum: 0.1]
      [Object Copy (ms): Min: 42.1, Avg: 42.1, Max: 42.1, Diff: 0.0, Sum: 84.2]
      [Termination (ms): Min: 0.0, Avg: 0.0, Max: 0.0, Diff: 0.0, Sum: 0.0]
      [GC Worker Other (ms): Min: 0.0, Avg: 0.0, Max: 0.0, Diff: 0.0, Sum: 0.1]
      [GC Worker Total (ms): Min: 43.9, Avg: 43.9, Max: 43.9, Diff: 0.0, Sum: 87.8]
      [GC Worker End (ms): Min: 4097.1, Avg: 4097.1, Max: 4097.1, Diff: 0.0]
   [Code Root Fixup: 0.0 ms]
   [Code Root Migration: 0.0 ms]
   [Clear CT: 0.1 ms]
   [Other: 0.5 ms]
      [Choose CSet: 0.0 ms]
      [Ref Proc: 0.2 ms]
      [Ref Enq: 0.0 ms]
      [Free CSet: 0.1 ms]
   [Eden: 68.0M(68.0M)->0.0B(26.0M) Survivors: 2048.0K->9216.0K Heap: 177.5M(256.0M)->179.0M(256.0M)]
 [Times: user=0.09 sys=0.00, real=0.04 secs] 
2014-07-10T16:12:33.153+0200: 4.139: [GC pause (young) (initial-mark), 0.0188534 secs]
   [Parallel Time: 18.4 ms, GC Workers: 2]
      [GC Worker Start (ms): Min: 4139.3, Avg: 4139.3, Max: 4139.3, Diff: 0.0]
      [Ext Root Scanning (ms): Min: 0.9, Avg: 0.9, Max: 0.9, Diff: 0.0, Sum: 1.9]
      [Code Root Marking (ms): Min: 0.1, Avg: 0.1, Max: 0.1, Diff: 0.0, Sum: 0.1]
      [Update RS (ms): Min: 0.9, Avg: 0.9, Max: 0.9, Diff: 0.0, Sum: 1.8]
         [Processed Buffers: Min: 6, Avg: 6.5, Max: 7, Diff: 1, Sum: 13]
      [Scan RS (ms): Min: 0.0, Avg: 0.0, Max: 0.0, Diff: 0.0, Sum: 0.1]
      [Code Root Scanning (ms): Min: 0.0, Avg: 0.0, Max: 0.0, Diff: 0.0, Sum: 0.0]
      [Object Copy (ms): Min: 16.3, Avg: 16.3, Max: 16.3, Diff: 0.0, Sum: 32.5]
      [Termination (ms): Min: 0.0, Avg: 0.0, Max: 0.0, Diff: 0.0, Sum: 0.0]
      [GC Worker Other (ms): Min: 0.0, Avg: 0.0, Max: 0.0, Diff: 0.0, Sum: 0.1]
      [GC Worker Total (ms): Min: 18.3, Avg: 18.3, Max: 18.3, Diff: 0.0, Sum: 36.5]
      [GC Worker End (ms): Min: 4157.6, Avg: 4157.6, Max: 4157.6, Diff: 0.0]
   [Code Root Fixup: 0.0 ms]
   [Code Root Migration: 0.0 ms]
   [Clear CT: 0.1 ms]
   [Other: 0.4 ms]
      [Choose CSet: 0.0 ms]
      [Ref Proc: 0.1 ms]
      [Ref Enq: 0.0 ms]
      [Free CSet: 0.1 ms]
   [Eden: 26.0M(26.0M)->0.0B(14.0M) Survivors: 9216.0K->5120.0K Heap: 205.0M(256.0M)->200.5M(256.0M)]
 [Times: user=0.06 sys=0.00, real=0.02 secs] 
2014-07-10T16:12:33.172+0200: 4.158: [GC concurrent-root-region-scan-start]
2014-07-10T16:12:33.172+0200: 4.158: [GC concurrent-root-region-scan-end, 0.0000858 secs]
2014-07-10T16:12:33.172+0200: 4.158: [GC concurrent-mark-start]
2014-07-10T16:12:33.176+0200: 4.162: [GC concurrent-mark-end, 0.0037234 secs]
2014-07-10T16:12:33.176+0200: 4.162: [GC remark 2014-07-10T16:12:33.176+0200: 4.162: [GC ref-proc, 0.0000686 secs], 0.0014214 secs]
 [Times: user=0.00 sys=0.00, real=0.00 secs] 
2014-07-10T16:12:33.189+0200: 4.176: [GC cleanup 211M->110M(256M), 0.0017129 secs]
 [Times: user=0.00 sys=0.00, real=0.00 secs] 
2014-07-10T16:12:33.191+0200: 4.178: [GC concurrent-cleanup-start]
2014-07-10T16:12:33.191+0200: 4.178: [GC concurrent-cleanup-end, 0.0002269 secs]
2014-07-10T16:12:33.196+0200: 4.182: [GC pause (young), 0.0097104 secs]
   [Parallel Time: 9.3 ms, GC Workers: 2]
      [GC Worker Start (ms): Min: 4182.3, Avg: 4182.3, Max: 4182.3, Diff: 0.0]
      [Ext Root Scanning (ms): Min: 1.0, Avg: 1.0, Max: 1.1, Diff: 0.1, Sum: 2.1]
      [Update RS (ms): Min: 0.4, Avg: 0.5, Max: 0.5, Diff: 0.1, Sum: 0.9]
         [Processed Buffers: Min: 3, Avg: 4.5, Max: 6, Diff: 3, Sum: 9]
      [Scan RS (ms): Min: 0.0, Avg: 0.0, Max: 0.1, Diff: 0.0, Sum: 0.1]
      [Code Root Scanning (ms): Min: 0.0, Avg: 0.0, Max: 0.0, Diff: 0.0, Sum: 0.0]
      [Object Copy (ms): Min: 7.7, Avg: 7.7, Max: 7.7, Diff: 0.0, Sum: 15.4]
      [Termination (ms): Min: 0.0, Avg: 0.0, Max: 0.0, Diff: 0.0, Sum: 0.0]
      [GC Worker Other (ms): Min: 0.0, Avg: 0.0, Max: 0.0, Diff: 0.0, Sum: 0.1]
      [GC Worker Total (ms): Min: 9.3, Avg: 9.3, Max: 9.3, Diff: 0.0, Sum: 18.6]
      [GC Worker End (ms): Min: 4191.6, Avg: 4191.6, Max: 4191.6, Diff: 0.0]
   [Code Root Fixup: 0.0 ms]
   [Code Root Migration: 0.0 ms]
   [Clear CT: 0.0 ms]
   [Other: 0.3 ms]
      [Choose CSet: 0.0 ms]
      [Ref Proc: 0.1 ms]
      [Ref Enq: 0.0 ms]
      [Free CSet: 0.1 ms]
   [Eden: 14.0M(14.0M)->0.0B(9216.0K) Survivors: 5120.0K->3072.0K Heap: 113.5M(256.0M)->109.0M(256.0M)]
 [Times: user=0.03 sys=0.00, real=0.01 secs] 
2014-07-10T16:12:33.225+0200: 4.211: [GC pause (mixed), 0.0166455 secs]
   [Parallel Time: 16.1 ms, GC Workers: 2]
      [GC Worker Start (ms): Min: 4211.4, Avg: 4217.8, Max: 4224.1, Diff: 12.7]
      [Ext Root Scanning (ms): Min: 0.0, Avg: 0.9, Max: 1.7, Diff: 1.7, Sum: 1.7]
      [Update RS (ms): Min: 0.0, Avg: 0.2, Max: 0.5, Diff: 0.5, Sum: 0.5]
         [Processed Buffers: Min: 0, Avg: 2.5, Max: 5, Diff: 5, Sum: 5]
      [Scan RS (ms): Min: 0.0, Avg: 0.2, Max: 0.4, Diff: 0.4, Sum: 0.4]
      [Code Root Scanning (ms): Min: 0.0, Avg: 0.0, Max: 0.0, Diff: 0.0, Sum: 0.0]
      [Object Copy (ms): Min: 1.4, Avg: 6.4, Max: 11.5, Diff: 10.2, Sum: 12.9]
      [Termination (ms): Min: 0.0, Avg: 0.0, Max: 0.0, Diff: 0.0, Sum: 0.0]
      [GC Worker Other (ms): Min: 0.0, Avg: 0.0, Max: 0.0, Diff: 0.0, Sum: 0.1]
      [GC Worker Total (ms): Min: 1.4, Avg: 7.8, Max: 14.1, Diff: 12.7, Sum: 15.6]
      [GC Worker End (ms): Min: 4225.5, Avg: 4225.5, Max: 4225.5, Diff: 0.0]
   [Code Root Fixup: 0.0 ms]
   [Code Root Migration: 0.0 ms]
   [Clear CT: 0.1 ms]
   [Other: 0.4 ms]
      [Choose CSet: 0.0 ms]
      [Ref Proc: 0.0 ms]
      [Ref Enq: 0.0 ms]
      [Free CSet: 0.2 ms]
   [Eden: 9216.0K(9216.0K)->0.0B(10.0M) Survivors: 3072.0K->2048.0K Heap: 118.0M(256.0M)->99.2M(256.0M)]
 [Times: user=0.03 sys=0.00, real=0.02 secs] 
2014-07-10T16:12:33.257+0200: 4.243: [GC pause (mixed), 0.0078711 secs]
   [Parallel Time: 7.5 ms, GC Workers: 2]
      [GC Worker Start (ms): Min: 4243.3, Avg: 4243.3, Max: 4243.3, Diff: 0.0]
      [Ext Root Scanning (ms): Min: 1.1, Avg: 1.1, Max: 1.1, Diff: 0.0, Sum: 2.1]
      [Update RS (ms): Min: 0.4, Avg: 0.5, Max: 0.5, Diff: 0.1, Sum: 0.9]
         [Processed Buffers: Min: 1, Avg: 3.5, Max: 6, Diff: 5, Sum: 7]
      [Scan RS (ms): Min: 0.0, Avg: 0.1, Max: 0.1, Diff: 0.1, Sum: 0.1]
      [Code Root Scanning (ms): Min: 0.0, Avg: 0.0, Max: 0.0, Diff: 0.0, Sum: 0.0]
      [Object Copy (ms): Min: 5.9, Avg: 5.9, Max: 5.9, Diff: 0.0, Sum: 11.8]
      [Termination (ms): Min: 0.0, Avg: 0.0, Max: 0.0, Diff: 0.0, Sum: 0.0]
      [GC Worker Other (ms): Min: 0.0, Avg: 0.0, Max: 0.0, Diff: 0.0, Sum: 0.1]
      [GC Worker Total (ms): Min: 7.5, Avg: 7.5, Max: 7.5, Diff: 0.0, Sum: 15.0]
      [GC Worker End (ms): Min: 4250.8, Avg: 4250.8, Max: 4250.8, Diff: 0.0]
   [Code Root Fixup: 0.0 ms]
   [Code Root Migration: 0.0 ms]
   [Clear CT: 0.0 ms]
   [Other: 0.3 ms]
      [Choose CSet: 0.0 ms]
      [Ref Proc: 0.1 ms]
      [Ref Enq: 0.0 ms]
      [Free CSet: 0.1 ms]
   [Eden: 10.0M(10.0M)->0.0B(74.0M) Survivors: 2048.0K->2048.0K Heap: 109.2M(256.0M)->105.5M(256.0M)]
 [Times: user=0.02 sys=0.00, real=0.01 secs] 
2014-07-10T16:12:33.386+0200: 4.372: [GC pause (young) (to-space exhausted), 0.0477497 secs]
   [Parallel Time: 46.3 ms, GC Workers: 2]
      [GC Worker Start (ms): Min: 4372.4, Avg: 4372.4, Max: 4372.4, Diff: 0.0]
      [Ext Root Scanning (ms): Min: 1.2, Avg: 1.2, Max: 1.2, Diff: 0.0, Sum: 2.3]
      [Update RS (ms): Min: 0.4, Avg: 0.5, Max: 0.5, Diff: 0.0, Sum: 0.9]
         [Processed Buffers: Min: 1, Avg: 3.0, Max: 5, Diff: 4, Sum: 6]
      [Scan RS (ms): Min: 0.1, Avg: 0.1, Max: 0.1, Diff: 0.0, Sum: 0.2]
      [Code Root Scanning (ms): Min: 0.0, Avg: 0.0, Max: 0.1, Diff: 0.0, Sum: 0.1]
      [Object Copy (ms): Min: 44.5, Avg: 44.5, Max: 44.5, Diff: 0.0, Sum: 89.0]
      [Termination (ms): Min: 0.0, Avg: 0.0, Max: 0.0, Diff: 0.0, Sum: 0.0]
      [GC Worker Other (ms): Min: 0.0, Avg: 0.0, Max: 0.0, Diff: 0.0, Sum: 0.1]
      [GC Worker Total (ms): Min: 46.3, Avg: 46.3, Max: 46.3, Diff: 0.0, Sum: 92.6]
      [GC Worker End (ms): Min: 4418.8, Avg: 4418.8, Max: 4418.8, Diff: 0.0]
   [Code Root Fixup: 0.0 ms]
   [Code Root Migration: 0.0 ms]
   [Clear CT: 0.1 ms]
   [Other: 1.3 ms]
      [Choose CSet: 0.0 ms]
      [Ref Proc: 0.0 ms]
      [Ref Enq: 0.0 ms]
      [Free CSet: 0.1 ms]
   [Eden: 74.0M(74.0M)->0.0B(2048.0K) Survivors: 2048.0K->10.0M Heap: 179.5M(256.0M)->239.0M(256.0M)]
 [Times: user=0.09 sys=0.00, real=0.05 secs] 
2014-07-10T16:12:33.437+0200: 4.423: [GC pause (young) (initial-mark), 0.0034943 secs]
   [Parallel Time: 3.3 ms, GC Workers: 2]
      [GC Worker Start (ms): Min: 4423.4, Avg: 4423.6, Max: 4423.8, Diff: 0.4]
      [Ext Root Scanning (ms): Min: 0.7, Avg: 0.9, Max: 1.0, Diff: 0.3, Sum: 1.8]
      [Code Root Marking (ms): Min: 0.0, Avg: 0.1, Max: 0.1, Diff: 0.0, Sum: 0.1]
      [Update RS (ms): Min: 0.9, Avg: 0.9, Max: 1.0, Diff: 0.0, Sum: 1.9]
         [Processed Buffers: Min: 6, Avg: 8.0, Max: 10, Diff: 4, Sum: 16]
      [Scan RS (ms): Min: 0.0, Avg: 0.0, Max: 0.0, Diff: 0.0, Sum: 0.0]
      [Code Root Scanning (ms): Min: 0.0, Avg: 0.0, Max: 0.0, Diff: 0.0, Sum: 0.0]
      [Object Copy (ms): Min: 1.0, Avg: 1.1, Max: 1.1, Diff: 0.1, Sum: 2.2]
      [Termination (ms): Min: 0.0, Avg: 0.0, Max: 0.0, Diff: 0.0, Sum: 0.0]
      [GC Worker Other (ms): Min: 0.0, Avg: 0.0, Max: 0.0, Diff: 0.0, Sum: 0.1]
      [GC Worker Total (ms): Min: 2.8, Avg: 3.0, Max: 3.2, Diff: 0.4, Sum: 6.1]
      [GC Worker End (ms): Min: 4426.7, Avg: 4426.7, Max: 4426.7, Diff: 0.0]
   [Code Root Fixup: 0.0 ms]
   [Code Root Migration: 0.0 ms]
   [Clear CT: 0.0 ms]
   [Other: 0.2 ms]
      [Choose CSet: 0.0 ms]
      [Ref Proc: 0.0 ms]
      [Ref Enq: 0.0 ms]
      [Free CSet: 0.0 ms]
   [Eden: 2048.0K(2048.0K)->0.0B(10.0M) Survivors: 10.0M->2048.0K Heap: 241.0M(256.0M)->231.6M(256.0M)]
 [Times: user=0.00 sys=0.00, real=0.00 secs] 
2014-07-10T16:12:33.441+0200: 4.427: [GC concurrent-root-region-scan-start]
2014-07-10T16:12:33.441+0200: 4.427: [GC concurrent-root-region-scan-end, 0.0000400 secs]
2014-07-10T16:12:33.441+0200: 4.427: [GC concurrent-mark-start]
2014-07-10T16:12:33.444+0200: 4.431: [GC concurrent-mark-end, 0.0033983 secs]
2014-07-10T16:12:33.444+0200: 4.431: [GC remark 2014-07-10T16:12:33.444+0200: 4.431: [GC ref-proc, 0.0000623 secs], 0.0008608 secs]
 [Times: user=0.00 sys=0.00, real=0.00 secs] 
2014-07-10T16:12:33.445+0200: 4.432: [GC cleanup 234M->83M(256M), 0.0008583 secs]
 [Times: user=0.00 sys=0.00, real=0.00 secs] 
2014-07-10T16:12:33.446+0200: 4.433: [GC concurrent-cleanup-start]
2014-07-10T16:12:33.446+0200: 4.433: [GC concurrent-cleanup-end, 0.0002621 secs]
2014-07-10T16:12:33.456+0200: 4.442: [GC pause (young), 0.0084628 secs]
   [Parallel Time: 8.2 ms, GC Workers: 2]
      [GC Worker Start (ms): Min: 4442.3, Avg: 4442.3, Max: 4442.3, Diff: 0.0]
      [Ext Root Scanning (ms): Min: 1.7, Avg: 1.8, Max: 1.8, Diff: 0.0, Sum: 3.5]
      [Update RS (ms): Min: 0.2, Avg: 0.2, Max: 0.2, Diff: 0.0, Sum: 0.4]
         [Processed Buffers: Min: 3, Avg: 3.0, Max: 3, Diff: 0, Sum: 6]
      [Scan RS (ms): Min: 0.0, Avg: 0.0, Max: 0.0, Diff: 0.0, Sum: 0.0]
      [Code Root Scanning (ms): Min: 0.0, Avg: 0.0, Max: 0.0, Diff: 0.0, Sum: 0.0]
      [Object Copy (ms): Min: 6.2, Avg: 6.2, Max: 6.2, Diff: 0.0, Sum: 12.4]
      [Termination (ms): Min: 0.0, Avg: 0.0, Max: 0.0, Diff: 0.0, Sum: 0.0]
      [GC Worker Other (ms): Min: 0.0, Avg: 0.0, Max: 0.0, Diff: 0.0, Sum: 0.1]
      [GC Worker Total (ms): Min: 8.2, Avg: 8.2, Max: 8.2, Diff: 0.0, Sum: 16.4]
      [GC Worker End (ms): Min: 4450.5, Avg: 4450.5, Max: 4450.5, Diff: 0.0]
   [Code Root Fixup: 0.0 ms]
   [Code Root Migration: 0.0 ms]
   [Clear CT: 0.0 ms]
   [Other: 0.2 ms]
      [Choose CSet: 0.0 ms]
      [Ref Proc: 0.0 ms]
      [Ref Enq: 0.0 ms]
      [Free CSet: 0.0 ms]
   [Eden: 10.0M(10.0M)->0.0B(10.0M) Survivors: 2048.0K->2048.0K Heap: 90.6M(256.0M)->90.5M(256.0M)]
 [Times: user=0.00 sys=0.00, real=0.01 secs] 
2014-07-10T16:12:33.480+0200: 4.466: [GC pause (mixed), 0.0124319 secs]
   [Parallel Time: 12.0 ms, GC Workers: 2]
      [GC Worker Start (ms): Min: 4466.4, Avg: 4466.4, Max: 4466.4, Diff: 0.0]
      [Ext Root Scanning (ms): Min: 1.1, Avg: 1.1, Max: 1.2, Diff: 0.1, Sum: 2.3]
      [Update RS (ms): Min: 0.2, Avg: 0.3, Max: 0.3, Diff: 0.1, Sum: 0.5]
         [Processed Buffers: Min: 2, Avg: 2.5, Max: 3, Diff: 1, Sum: 5]
      [Scan RS (ms): Min: 0.1, Avg: 0.1, Max: 0.1, Diff: 0.0, Sum: 0.2]
      [Code Root Scanning (ms): Min: 0.0, Avg: 0.0, Max: 0.0, Diff: 0.0, Sum: 0.1]
      [Object Copy (ms): Min: 10.4, Avg: 10.4, Max: 10.4, Diff: 0.0, Sum: 20.7]
      [Termination (ms): Min: 0.0, Avg: 0.0, Max: 0.0, Diff: 0.0, Sum: 0.0]
      [GC Worker Other (ms): Min: 0.0, Avg: 0.0, Max: 0.0, Diff: 0.0, Sum: 0.1]
      [GC Worker Total (ms): Min: 11.9, Avg: 12.0, Max: 12.0, Diff: 0.0, Sum: 23.9]
      [GC Worker End (ms): Min: 4478.4, Avg: 4478.4, Max: 4478.4, Diff: 0.0]
   [Code Root Fixup: 0.0 ms]
   [Code Root Migration: 0.0 ms]
   [Clear CT: 0.1 ms]
   [Other: 0.4 ms]
      [Choose CSet: 0.0 ms]
      [Ref Proc: 0.1 ms]
      [Ref Enq: 0.0 ms]
      [Free CSet: 0.2 ms]
   [Eden: 10.0M(10.0M)->0.0B(10.0M) Survivors: 2048.0K->2048.0K Heap: 100.5M(256.0M)->79.2M(256.0M)]
 [Times: user=0.03 sys=0.00, real=0.01 secs] 
2014-07-10T16:12:33.509+0200: 4.495: [GC pause (mixed), 0.0110054 secs]
   [Parallel Time: 10.6 ms, GC Workers: 2]
      [GC Worker Start (ms): Min: 4495.3, Avg: 4495.3, Max: 4495.3, Diff: 0.0]
      [Ext Root Scanning (ms): Min: 1.0, Avg: 1.1, Max: 1.1, Diff: 0.0, Sum: 2.1]
      [Update RS (ms): Min: 0.3, Avg: 0.3, Max: 0.4, Diff: 0.0, Sum: 0.7]
         [Processed Buffers: Min: 1, Avg: 3.5, Max: 6, Diff: 5, Sum: 7]
      [Scan RS (ms): Min: 0.1, Avg: 0.1, Max: 0.2, Diff: 0.1, Sum: 0.2]
      [Code Root Scanning (ms): Min: 0.0, Avg: 0.0, Max: 0.0, Diff: 0.0, Sum: 0.0]
      [Object Copy (ms): Min: 8.9, Avg: 8.9, Max: 9.0, Diff: 0.0, Sum: 17.9]
      [Termination (ms): Min: 0.0, Avg: 0.0, Max: 0.0, Diff: 0.0, Sum: 0.0]
      [GC Worker Other (ms): Min: 0.0, Avg: 0.0, Max: 0.0, Diff: 0.0, Sum: 0.0]
      [GC Worker Total (ms): Min: 10.5, Avg: 10.5, Max: 10.5, Diff: 0.0, Sum: 21.0]
      [GC Worker End (ms): Min: 4505.8, Avg: 4505.8, Max: 4505.8, Diff: 0.0]
   [Code Root Fixup: 0.0 ms]
   [Code Root Migration: 0.0 ms]
   [Clear CT: 0.1 ms]
   [Other: 0.3 ms]
      [Choose CSet: 0.0 ms]
      [Ref Proc: 0.1 ms]
      [Ref Enq: 0.0 ms]
      [Free CSet: 0.1 ms]
   [Eden: 10.0M(10.0M)->0.0B(80.0M) Survivors: 2048.0K->2048.0K Heap: 89.2M(256.0M)->83.5M(256.0M)]
 [Times: user=0.03 sys=0.00, real=0.01 secs] 
2014-07-10T16:12:33.652+0200: 4.638: [GC pause (young), 0.0723136 secs]
   [Parallel Time: 71.8 ms, GC Workers: 2]
      [GC Worker Start (ms): Min: 4638.3, Avg: 4638.3, Max: 4638.3, Diff: 0.0]
      [Ext Root Scanning (ms): Min: 1.1, Avg: 1.1, Max: 1.2, Diff: 0.1, Sum: 2.3]
      [Update RS (ms): Min: 0.5, Avg: 0.5, Max: 0.6, Diff: 0.1, Sum: 1.1]
         [Processed Buffers: Min: 1, Avg: 2.5, Max: 4, Diff: 3, Sum: 5]
      [Scan RS (ms): Min: 0.1, Avg: 0.1, Max: 0.1, Diff: 0.0, Sum: 0.2]
      [Code Root Scanning (ms): Min: 0.0, Avg: 0.1, Max: 0.1, Diff: 0.0, Sum: 0.1]
      [Object Copy (ms): Min: 54.0, Avg: 60.6, Max: 67.1, Diff: 13.0, Sum: 121.1]
      [Termination (ms): Min: 0.0, Avg: 7.9, Max: 15.9, Diff: 15.9, Sum: 15.9]
      [GC Worker Other (ms): Min: 0.0, Avg: 0.0, Max: 0.0, Diff: 0.0, Sum: 0.1]
      [GC Worker Total (ms): Min: 68.9, Avg: 70.4, Max: 71.8, Diff: 2.9, Sum: 140.7]
      [GC Worker End (ms): Min: 4707.2, Avg: 4708.6, Max: 4710.1, Diff: 2.9]
   [Code Root Fixup: 0.0 ms]
   [Code Root Migration: 0.0 ms]
   [Clear CT: 0.1 ms]
   [Other: 0.4 ms]
      [Choose CSet: 0.0 ms]
      [Ref Proc: 0.1 ms]
      [Ref Enq: 0.0 ms]
      [Free CSet: 0.1 ms]
   [Eden: 80.0M(80.0M)->0.0B(31.0M) Survivors: 2048.0K->11.0M Heap: 163.5M(256.0M)->169.5M(256.0M)]
 [Times: user=0.09 sys=0.00, real=0.07 secs] 
2014-07-10T16:12:33.812+0200: 4.798: [GC pause (young) (initial-mark), 0.0236184 secs]
   [Parallel Time: 20.6 ms, GC Workers: 2]
      [GC Worker Start (ms): Min: 4798.4, Avg: 4798.4, Max: 4798.4, Diff: 0.0]
      [Ext Root Scanning (ms): Min: 1.1, Avg: 1.1, Max: 1.1, Diff: 0.0, Sum: 2.2]
      [Code Root Marking (ms): Min: 0.1, Avg: 0.1, Max: 0.1, Diff: 0.0, Sum: 0.1]
      [Update RS (ms): Min: 1.0, Avg: 1.1, Max: 1.1, Diff: 0.0, Sum: 2.1]
         [Processed Buffers: Min: 5, Avg: 7.5, Max: 10, Diff: 5, Sum: 15]
      [Scan RS (ms): Min: 0.0, Avg: 0.1, Max: 0.1, Diff: 0.0, Sum: 0.1]
      [Code Root Scanning (ms): Min: 0.0, Avg: 0.0, Max: 0.0, Diff: 0.0, Sum: 0.1]
      [Object Copy (ms): Min: 18.2, Avg: 18.2, Max: 18.3, Diff: 0.1, Sum: 36.4]
      [Termination (ms): Min: 0.0, Avg: 0.0, Max: 0.0, Diff: 0.0, Sum: 0.0]
      [GC Worker Other (ms): Min: 0.0, Avg: 0.0, Max: 0.0, Diff: 0.0, Sum: 0.1]
      [GC Worker Total (ms): Min: 20.5, Avg: 20.5, Max: 20.6, Diff: 0.0, Sum: 41.1]
      [GC Worker End (ms): Min: 4819.0, Avg: 4819.0, Max: 4819.0, Diff: 0.0]
   [Code Root Fixup: 0.0 ms]
   [Code Root Migration: 0.0 ms]
   [Clear CT: 0.0 ms]
   [Other: 3.0 ms]
      [Choose CSet: 0.0 ms]
      [Ref Proc: 2.7 ms]
      [Ref Enq: 0.0 ms]
      [Free CSet: 0.1 ms]
   [Eden: 31.0M(31.0M)->0.0B(20.0M) Survivors: 11.0M->6144.0K Heap: 200.5M(256.0M)->189.5M(256.0M)]
 [Times: user=0.03 sys=0.00, real=0.02 secs] 
2014-07-10T16:12:33.836+0200: 4.822: [GC concurrent-root-region-scan-start]
2014-07-10T16:12:33.836+0200: 4.822: [GC concurrent-root-region-scan-end, 0.0000920 secs]
2014-07-10T16:12:33.836+0200: 4.822: [GC concurrent-mark-start]
2014-07-10T16:12:33.839+0200: 4.826: [GC concurrent-mark-end, 0.0034096 secs]
2014-07-10T16:12:33.840+0200: 4.826: [GC remark 2014-07-10T16:12:33.840+0200: 4.826: [GC ref-proc, 0.0000708 secs], 0.0015567 secs]
 [Times: user=0.00 sys=0.00, real=0.00 secs] 
2014-07-10T16:12:33.842+0200: 4.828: [GC cleanup 191M->93M(256M), 0.0008982 secs]
 [Times: user=0.00 sys=0.00, real=0.00 secs] 
2014-07-10T16:12:33.843+0200: 4.829: [GC concurrent-cleanup-start]
2014-07-10T16:12:33.843+0200: 4.829: [GC concurrent-cleanup-end, 0.0001430 secs]
2014-07-10T16:12:33.875+0200: 4.862: [GC pause (young), 0.0134236 secs]
   [Parallel Time: 13.1 ms, GC Workers: 2]
      [GC Worker Start (ms): Min: 4861.7, Avg: 4861.7, Max: 4861.7, Diff: 0.0]
      [Ext Root Scanning (ms): Min: 1.0, Avg: 1.0, Max: 1.0, Diff: 0.0, Sum: 2.0]
      [Update RS (ms): Min: 0.5, Avg: 0.5, Max: 0.5, Diff: 0.0, Sum: 1.0]
         [Processed Buffers: Min: 4, Avg: 4.5, Max: 5, Diff: 1, Sum: 9]
      [Scan RS (ms): Min: 0.0, Avg: 0.0, Max: 0.0, Diff: 0.0, Sum: 0.1]
      [Code Root Scanning (ms): Min: 0.0, Avg: 0.0, Max: 0.0, Diff: 0.0, Sum: 0.0]
      [Object Copy (ms): Min: 11.3, Avg: 11.4, Max: 11.4, Diff: 0.0, Sum: 22.7]
      [Termination (ms): Min: 0.0, Avg: 0.0, Max: 0.0, Diff: 0.0, Sum: 0.0]
      [GC Worker Other (ms): Min: 0.0, Avg: 0.0, Max: 0.0, Diff: 0.0, Sum: 0.1]
      [GC Worker Total (ms): Min: 13.0, Avg: 13.0, Max: 13.0, Diff: 0.0, Sum: 25.9]
      [GC Worker End (ms): Min: 4874.7, Avg: 4874.7, Max: 4874.7, Diff: 0.0]
   [Code Root Fixup: 0.0 ms]
   [Code Root Migration: 0.0 ms]
   [Clear CT: 0.0 ms]
   [Other: 0.3 ms]
      [Choose CSet: 0.0 ms]
      [Ref Proc: 0.0 ms]
      [Ref Enq: 0.0 ms]
      [Free CSet: 0.1 ms]
   [Eden: 20.0M(20.0M)->0.0B(8192.0K) Survivors: 6144.0K->4096.0K Heap: 111.5M(256.0M)->106.0M(256.0M)]
 [Times: user=0.01 sys=0.00, real=0.01 secs] 
2014-07-10T16:12:33.919+0200: 4.905: [GC pause (mixed), 0.0110024 secs]
   [Parallel Time: 10.5 ms, GC Workers: 2]
      [GC Worker Start (ms): Min: 4905.3, Avg: 4905.3, Max: 4905.3, Diff: 0.0]
      [Ext Root Scanning (ms): Min: 1.0, Avg: 1.1, Max: 1.1, Diff: 0.1, Sum: 2.1]
      [Update RS (ms): Min: 0.3, Avg: 0.3, Max: 0.3, Diff: 0.1, Sum: 0.6]
         [Processed Buffers: Min: 4, Avg: 4.5, Max: 5, Diff: 1, Sum: 9]
      [Scan RS (ms): Min: 0.1, Avg: 0.1, Max: 0.1, Diff: 0.0, Sum: 0.3]
      [Code Root Scanning (ms): Min: 0.0, Avg: 0.0, Max: 0.0, Diff: 0.0, Sum: 0.0]
      [Object Copy (ms): Min: 8.9, Avg: 8.9, Max: 8.9, Diff: 0.0, Sum: 17.9]
      [Termination (ms): Min: 0.0, Avg: 0.0, Max: 0.0, Diff: 0.0, Sum: 0.0]
      [GC Worker Other (ms): Min: 0.0, Avg: 0.0, Max: 0.0, Diff: 0.0, Sum: 0.1]
      [GC Worker Total (ms): Min: 10.5, Avg: 10.5, Max: 10.5, Diff: 0.0, Sum: 21.0]
      [GC Worker End (ms): Min: 4915.8, Avg: 4915.8, Max: 4915.8, Diff: 0.0]
   [Code Root Fixup: 0.0 ms]
   [Code Root Migration: 0.0 ms]
   [Clear CT: 0.1 ms]
   [Other: 0.4 ms]
      [Choose CSet: 0.0 ms]
      [Ref Proc: 0.0 ms]
      [Ref Enq: 0.0 ms]
      [Free CSet: 0.2 ms]
   [Eden: 8192.0K(8192.0K)->0.0B(78.0M) Survivors: 4096.0K->2048.0K Heap: 114.0M(256.0M)->94.5M(256.0M)]
 [Times: user=0.03 sys=0.00, real=0.01 secs] 
2014-07-10T16:12:34.059+0200: 5.045: [GC pause (young), 0.0501408 secs]
   [Parallel Time: 49.6 ms, GC Workers: 2]
      [GC Worker Start (ms): Min: 5045.3, Avg: 5045.3, Max: 5045.3, Diff: 0.0]
      [Ext Root Scanning (ms): Min: 1.1, Avg: 1.1, Max: 1.2, Diff: 0.0, Sum: 2.3]
      [Update RS (ms): Min: 0.5, Avg: 0.5, Max: 0.5, Diff: 0.0, Sum: 1.0]
         [Processed Buffers: Min: 3, Avg: 3.0, Max: 3, Diff: 0, Sum: 6]
      [Scan RS (ms): Min: 0.1, Avg: 0.1, Max: 0.1, Diff: 0.0, Sum: 0.3]
      [Code Root Scanning (ms): Min: 0.0, Avg: 0.1, Max: 0.1, Diff: 0.0, Sum: 0.1]
      [Object Copy (ms): Min: 47.7, Avg: 47.7, Max: 47.7, Diff: 0.0, Sum: 95.5]
      [Termination (ms): Min: 0.0, Avg: 0.0, Max: 0.0, Diff: 0.0, Sum: 0.0]
      [GC Worker Other (ms): Min: 0.0, Avg: 0.0, Max: 0.0, Diff: 0.0, Sum: 0.1]
      [GC Worker Total (ms): Min: 49.6, Avg: 49.6, Max: 49.6, Diff: 0.0, Sum: 99.2]
      [GC Worker End (ms): Min: 5094.9, Avg: 5094.9, Max: 5094.9, Diff: 0.0]
   [Code Root Fixup: 0.0 ms]
   [Code Root Migration: 0.0 ms]
   [Clear CT: 0.1 ms]
   [Other: 0.4 ms]
      [Choose CSet: 0.0 ms]
      [Ref Proc: 0.1 ms]
      [Ref Enq: 0.0 ms]
      [Free CSet: 0.1 ms]
   [Eden: 78.0M(78.0M)->0.0B(29.0M) Survivors: 2048.0K->10.0M Heap: 172.5M(256.0M)->172.0M(256.0M)]
 [Times: user=0.13 sys=0.00, real=0.05 secs] 
2014-07-10T16:12:34.156+0200: 5.142: [GC pause (young) (initial-mark), 0.0215473 secs]
   [Parallel Time: 19.5 ms, GC Workers: 2]
      [GC Worker Start (ms): Min: 5142.5, Avg: 5142.5, Max: 5142.5, Diff: 0.0]
      [Ext Root Scanning (ms): Min: 1.1, Avg: 1.2, Max: 1.3, Diff: 0.1, Sum: 2.4]
      [Code Root Marking (ms): Min: 0.0, Avg: 0.1, Max: 0.1, Diff: 0.1, Sum: 0.1]
      [Update RS (ms): Min: 1.0, Avg: 1.0, Max: 1.0, Diff: 0.0, Sum: 2.1]
         [Processed Buffers: Min: 6, Avg: 7.5, Max: 9, Diff: 3, Sum: 15]
      [Scan RS (ms): Min: 0.0, Avg: 0.1, Max: 0.1, Diff: 0.0, Sum: 0.1]
      [Code Root Scanning (ms): Min: 0.0, Avg: 0.0, Max: 0.0, Diff: 0.0, Sum: 0.1]
      [Object Copy (ms): Min: 17.0, Avg: 17.0, Max: 17.0, Diff: 0.0, Sum: 34.0]
      [Termination (ms): Min: 0.0, Avg: 0.0, Max: 0.0, Diff: 0.0, Sum: 0.0]
      [GC Worker Other (ms): Min: 0.0, Avg: 0.0, Max: 0.0, Diff: 0.0, Sum: 0.1]
      [GC Worker Total (ms): Min: 19.4, Avg: 19.4, Max: 19.4, Diff: 0.0, Sum: 38.9]
      [GC Worker End (ms): Min: 5161.9, Avg: 5161.9, Max: 5161.9, Diff: 0.0]
   [Code Root Fixup: 0.0 ms]
   [Code Root Migration: 0.0 ms]
   [Clear CT: 0.0 ms]
   [Other: 2.0 ms]
      [Choose CSet: 0.0 ms]
      [Ref Proc: 1.7 ms]
      [Ref Enq: 0.0 ms]
      [Free CSet: 0.1 ms]
   [Eden: 29.0M(29.0M)->0.0B(19.0M) Survivors: 10.0M->5120.0K Heap: 201.0M(256.0M)->191.5M(256.0M)]
 [Times: user=0.03 sys=0.00, real=0.02 secs] 
2014-07-10T16:12:34.178+0200: 5.164: [GC concurrent-root-region-scan-start]
2014-07-10T16:12:34.178+0200: 5.164: [GC concurrent-root-region-scan-end, 0.0000858 secs]
2014-07-10T16:12:34.178+0200: 5.164: [GC concurrent-mark-start]
2014-07-10T16:12:34.181+0200: 5.168: [GC concurrent-mark-end, 0.0034027 secs]
2014-07-10T16:12:34.181+0200: 5.168: [GC remark 2014-07-10T16:12:34.182+0200: 5.168: [GC ref-proc, 0.0000682 secs], 0.0010881 secs]
 [Times: user=0.00 sys=0.00, real=0.00 secs] 
2014-07-10T16:12:34.183+0200: 5.170: [GC cleanup 194M->94M(256M), 0.0012264 secs]
 [Times: user=0.00 sys=0.02, real=0.00 secs] 
2014-07-10T16:12:34.185+0200: 5.171: [GC concurrent-cleanup-start]
2014-07-10T16:12:34.185+0200: 5.171: [GC concurrent-cleanup-end, 0.0001489 secs]
2014-07-10T16:12:34.214+0200: 5.200: [GC pause (young), 0.0178770 secs]
   [Parallel Time: 17.5 ms, GC Workers: 2]
      [GC Worker Start (ms): Min: 5200.4, Avg: 5201.4, Max: 5202.4, Diff: 2.0]
      [Ext Root Scanning (ms): Min: 0.0, Avg: 1.1, Max: 2.1, Diff: 2.1, Sum: 2.1]
      [Update RS (ms): Min: 0.3, Avg: 0.5, Max: 0.6, Diff: 0.3, Sum: 0.9]
         [Processed Buffers: Min: 3, Avg: 4.0, Max: 5, Diff: 2, Sum: 8]
      [Scan RS (ms): Min: 0.0, Avg: 0.0, Max: 0.1, Diff: 0.1, Sum: 0.1]
      [Code Root Scanning (ms): Min: 0.0, Avg: 0.0, Max: 0.0, Diff: 0.0, Sum: 0.0]
      [Object Copy (ms): Min: 11.6, Avg: 11.7, Max: 11.8, Diff: 0.1, Sum: 23.4]
      [Termination (ms): Min: 0.0, Avg: 0.0, Max: 0.0, Diff: 0.0, Sum: 0.0]
      [GC Worker Other (ms): Min: 0.0, Avg: 0.0, Max: 0.0, Diff: 0.0, Sum: 0.0]
      [GC Worker Total (ms): Min: 12.4, Avg: 13.4, Max: 14.4, Diff: 2.0, Sum: 26.7]
      [GC Worker End (ms): Min: 5214.8, Avg: 5214.8, Max: 5214.8, Diff: 0.0]
   [Code Root Fixup: 0.0 ms]
   [Code Root Migration: 0.0 ms]
   [Clear CT: 0.1 ms]
   [Other: 0.3 ms]
      [Choose CSet: 0.0 ms]
      [Ref Proc: 0.1 ms]
      [Ref Enq: 0.0 ms]
      [Free CSet: 0.1 ms]
   [Eden: 19.0M(19.0M)->0.0B(9216.0K) Survivors: 5120.0K->3072.0K Heap: 110.5M(256.0M)->106.0M(256.0M)]
 [Times: user=0.03 sys=0.00, real=0.02 secs] 
2014-07-10T16:12:34.250+0200: 5.237: [GC pause (mixed), 0.0109720 secs]
   [Parallel Time: 10.5 ms, GC Workers: 2]
      [GC Worker Start (ms): Min: 5236.7, Avg: 5238.9, Max: 5241.1, Diff: 4.3]
      [Ext Root Scanning (ms): Min: 0.0, Avg: 0.9, Max: 1.7, Diff: 1.7, Sum: 1.7]
      [Update RS (ms): Min: 0.0, Avg: 0.3, Max: 0.5, Diff: 0.5, Sum: 0.5]
         [Processed Buffers: Min: 0, Avg: 4.5, Max: 9, Diff: 9, Sum: 9]
      [Scan RS (ms): Min: 0.0, Avg: 0.2, Max: 0.3, Diff: 0.3, Sum: 0.3]
      [Code Root Scanning (ms): Min: 0.0, Avg: 0.0, Max: 0.0, Diff: 0.0, Sum: 0.0]
      [Object Copy (ms): Min: 6.1, Avg: 7.0, Max: 7.9, Diff: 1.8, Sum: 14.0]
      [Termination (ms): Min: 0.0, Avg: 0.0, Max: 0.0, Diff: 0.0, Sum: 0.0]
      [GC Worker Other (ms): Min: 0.0, Avg: 0.0, Max: 0.0, Diff: 0.0, Sum: 0.1]
      [GC Worker Total (ms): Min: 6.2, Avg: 8.3, Max: 10.5, Diff: 4.3, Sum: 16.6]
      [GC Worker End (ms): Min: 5247.2, Avg: 5247.2, Max: 5247.2, Diff: 0.0]
   [Code Root Fixup: 0.0 ms]
   [Code Root Migration: 0.0 ms]
   [Clear CT: 0.1 ms]
   [Other: 0.4 ms]
      [Choose CSet: 0.0 ms]
      [Ref Proc: 0.0 ms]
      [Ref Enq: 0.0 ms]
      [Free CSet: 0.2 ms]
   [Eden: 9216.0K(9216.0K)->0.0B(72.0M) Survivors: 3072.0K->2048.0K Heap: 115.0M(256.0M)->96.0M(256.0M)]
 [Times: user=0.00 sys=0.00, real=0.01 secs] 
2014-07-10T16:12:34.380+0200: 5.366: [GC pause (young), 0.0485907 secs]
   [Parallel Time: 48.1 ms, GC Workers: 2]
      [GC Worker Start (ms): Min: 5366.3, Avg: 5366.3, Max: 5366.3, Diff: 0.0]
      [Ext Root Scanning (ms): Min: 1.1, Avg: 1.2, Max: 1.2, Diff: 0.1, Sum: 2.3]
      [Update RS (ms): Min: 0.3, Avg: 0.5, Max: 0.7, Diff: 0.3, Sum: 1.0]
         [Processed Buffers: Min: 1, Avg: 3.0, Max: 5, Diff: 4, Sum: 6]
      [Scan RS (ms): Min: 0.0, Avg: 0.1, Max: 0.2, Diff: 0.1, Sum: 0.2]
      [Code Root Scanning (ms): Min: 0.0, Avg: 0.0, Max: 0.1, Diff: 0.1, Sum: 0.1]
      [Object Copy (ms): Min: 46.1, Avg: 46.3, Max: 46.4, Diff: 0.3, Sum: 92.6]
      [Termination (ms): Min: 0.0, Avg: 0.0, Max: 0.0, Diff: 0.0, Sum: 0.0]
      [GC Worker Other (ms): Min: 0.0, Avg: 0.0, Max: 0.0, Diff: 0.0, Sum: 0.1]
      [GC Worker Total (ms): Min: 48.1, Avg: 48.1, Max: 48.1, Diff: 0.0, Sum: 96.2]
      [GC Worker End (ms): Min: 5414.4, Avg: 5414.4, Max: 5414.4, Diff: 0.0]
   [Code Root Fixup: 0.0 ms]
   [Code Root Migration: 0.0 ms]
   [Clear CT: 0.1 ms]
   [Other: 0.4 ms]
      [Choose CSet: 0.0 ms]
      [Ref Proc: 0.1 ms]
      [Ref Enq: 0.0 ms]
      [Free CSet: 0.1 ms]
   [Eden: 72.0M(72.0M)->0.0B(28.0M) Survivors: 2048.0K->10.0M Heap: 168.0M(256.0M)->173.0M(256.0M)]
 [Times: user=0.09 sys=0.00, real=0.05 secs] 
2014-07-10T16:12:34.476+0200: 5.462: [GC pause (young) (initial-mark), 0.0194931 secs]
   [Parallel Time: 19.0 ms, GC Workers: 2]
      [GC Worker Start (ms): Min: 5462.5, Avg: 5462.5, Max: 5462.5, Diff: 0.0]
      [Ext Root Scanning (ms): Min: 1.1, Avg: 1.1, Max: 1.1, Diff: 0.0, Sum: 2.1]
      [Code Root Marking (ms): Min: 0.0, Avg: 0.1, Max: 0.1, Diff: 0.0, Sum: 0.1]
      [Update RS (ms): Min: 1.0, Avg: 1.0, Max: 1.0, Diff: 0.0, Sum: 2.0]
         [Processed Buffers: Min: 5, Avg: 6.5, Max: 8, Diff: 3, Sum: 13]
      [Scan RS (ms): Min: 0.1, Avg: 0.1, Max: 0.1, Diff: 0.0, Sum: 0.1]
      [Code Root Scanning (ms): Min: 0.0, Avg: 0.0, Max: 0.0, Diff: 0.0, Sum: 0.0]
      [Object Copy (ms): Min: 16.8, Avg: 16.8, Max: 16.8, Diff: 0.0, Sum: 33.6]
      [Termination (ms): Min: 0.0, Avg: 0.0, Max: 0.0, Diff: 0.0, Sum: 0.0]
      [GC Worker Other (ms): Min: 0.0, Avg: 0.0, Max: 0.0, Diff: 0.0, Sum: 0.1]
      [GC Worker Total (ms): Min: 19.0, Avg: 19.0, Max: 19.0, Diff: 0.0, Sum: 38.0]
      [GC Worker End (ms): Min: 5481.5, Avg: 5481.5, Max: 5481.5, Diff: 0.0]
   [Code Root Fixup: 0.0 ms]
   [Code Root Migration: 0.0 ms]
   [Clear CT: 0.1 ms]
   [Other: 0.4 ms]
      [Choose CSet: 0.0 ms]
      [Ref Proc: 0.1 ms]
      [Ref Enq: 0.0 ms]
      [Free CSet: 0.1 ms]
   [Eden: 28.0M(28.0M)->0.0B(19.0M) Survivors: 10.0M->5120.0K Heap: 201.0M(256.0M)->191.5M(256.0M)]
 [Times: user=0.03 sys=0.00, real=0.02 secs] 
2014-07-10T16:12:34.496+0200: 5.482: [GC concurrent-root-region-scan-start]
2014-07-10T16:12:34.497+0200: 5.484: [GC concurrent-root-region-scan-end, 0.0016538 secs]
2014-07-10T16:12:34.497+0200: 5.484: [GC concurrent-mark-start]
2014-07-10T16:12:34.501+0200: 5.487: [GC concurrent-mark-end, 0.0034422 secs]
2014-07-10T16:12:34.501+0200: 5.487: [GC remark 2014-07-10T16:12:34.501+0200: 5.488: [GC ref-proc, 0.0000697 secs], 0.0010702 secs]
 [Times: user=0.00 sys=0.00, real=0.00 secs] 
2014-07-10T16:12:34.502+0200: 5.489: [GC cleanup 193M->85M(256M), 0.0008979 secs]
 [Times: user=0.00 sys=0.00, real=0.00 secs] 
2014-07-10T16:12:34.503+0200: 5.490: [GC concurrent-cleanup-start]
2014-07-10T16:12:34.503+0200: 5.490: [GC concurrent-cleanup-end, 0.0001771 secs]
2014-07-10T16:12:34.530+0200: 5.516: [GC pause (young), 0.0153920 secs]
   [Parallel Time: 14.8 ms, GC Workers: 2]
      [GC Worker Start (ms): Min: 5516.5, Avg: 5516.5, Max: 5516.5, Diff: 0.0]
      [Ext Root Scanning (ms): Min: 1.0, Avg: 1.0, Max: 1.0, Diff: 0.0, Sum: 2.0]
      [Update RS (ms): Min: 0.4, Avg: 0.5, Max: 0.5, Diff: 0.1, Sum: 0.9]
         [Processed Buffers: Min: 4, Avg: 4.5, Max: 5, Diff: 1, Sum: 9]
      [Scan RS (ms): Min: 0.0, Avg: 0.0, Max: 0.0, Diff: 0.0, Sum: 0.1]
      [Code Root Scanning (ms): Min: 0.0, Avg: 0.0, Max: 0.0, Diff: 0.0, Sum: 0.0]
      [Object Copy (ms): Min: 13.2, Avg: 13.2, Max: 13.2, Diff: 0.0, Sum: 26.4]
      [Termination (ms): Min: 0.0, Avg: 0.0, Max: 0.0, Diff: 0.0, Sum: 0.0]
      [GC Worker Other (ms): Min: 0.0, Avg: 0.0, Max: 0.0, Diff: 0.0, Sum: 0.1]
      [GC Worker Total (ms): Min: 14.8, Avg: 14.8, Max: 14.8, Diff: 0.0, Sum: 29.5]
      [GC Worker End (ms): Min: 5531.3, Avg: 5531.3, Max: 5531.3, Diff: 0.0]
   [Code Root Fixup: 0.0 ms]
   [Code Root Migration: 0.0 ms]
   [Clear CT: 0.0 ms]
   [Other: 0.6 ms]
      [Choose CSet: 0.0 ms]
      [Ref Proc: 0.4 ms]
      [Ref Enq: 0.0 ms]
      [Free CSet: 0.1 ms]
   [Eden: 19.0M(19.0M)->0.0B(9216.0K) Survivors: 5120.0K->3072.0K Heap: 102.5M(256.0M)->101.0M(256.0M)]
 [Times: user=0.03 sys=0.00, real=0.02 secs] 
2014-07-10T16:12:34.560+0200: 5.546: [GC pause (mixed), 0.0080617 secs]
   [Parallel Time: 7.7 ms, GC Workers: 2]
      [GC Worker Start (ms): Min: 5546.4, Avg: 5546.4, Max: 5546.4, Diff: 0.0]
      [Ext Root Scanning (ms): Min: 1.1, Avg: 1.1, Max: 1.1, Diff: 0.0, Sum: 2.2]
      [Update RS (ms): Min: 0.3, Avg: 0.4, Max: 0.4, Diff: 0.1, Sum: 0.7]
         [Processed Buffers: Min: 2, Avg: 4.5, Max: 7, Diff: 5, Sum: 9]
      [Scan RS (ms): Min: 0.1, Avg: 0.1, Max: 0.1, Diff: 0.0, Sum: 0.1]
      [Code Root Scanning (ms): Min: 0.0, Avg: 0.0, Max: 0.0, Diff: 0.0, Sum: 0.0]
      [Object Copy (ms): Min: 6.1, Avg: 6.1, Max: 6.1, Diff: 0.0, Sum: 12.2]
      [Termination (ms): Min: 0.0, Avg: 0.0, Max: 0.0, Diff: 0.0, Sum: 0.0]
      [GC Worker Other (ms): Min: 0.0, Avg: 0.0, Max: 0.0, Diff: 0.0, Sum: 0.1]
      [GC Worker Total (ms): Min: 7.7, Avg: 7.7, Max: 7.7, Diff: 0.0, Sum: 15.4]
      [GC Worker End (ms): Min: 5554.1, Avg: 5554.1, Max: 5554.1, Diff: 0.0]
   [Code Root Fixup: 0.0 ms]
   [Code Root Migration: 0.0 ms]
   [Clear CT: 0.0 ms]
   [Other: 0.3 ms]
      [Choose CSet: 0.0 ms]
      [Ref Proc: 0.0 ms]
      [Ref Enq: 0.0 ms]
      [Free CSet: 0.1 ms]
   [Eden: 9216.0K(9216.0K)->0.0B(68.0M) Survivors: 3072.0K->2048.0K Heap: 110.0M(256.0M)->99.0M(256.0M)]
 [Times: user=0.00 sys=0.00, real=0.01 secs] 
2014-07-10T16:12:34.680+0200: 5.666: [GC pause (young), 0.0452519 secs]
   [Parallel Time: 44.8 ms, GC Workers: 2]
      [GC Worker Start (ms): Min: 5666.4, Avg: 5666.4, Max: 5666.4, Diff: 0.0]
      [Ext Root Scanning (ms): Min: 1.1, Avg: 1.1, Max: 1.1, Diff: 0.0, Sum: 2.2]
      [Update RS (ms): Min: 0.4, Avg: 0.4, Max: 0.4, Diff: 0.0, Sum: 0.8]
         [Processed Buffers: Min: 2, Avg: 3.0, Max: 4, Diff: 2, Sum: 6]
      [Scan RS (ms): Min: 0.1, Avg: 0.1, Max: 0.1, Diff: 0.0, Sum: 0.2]
      [Code Root Scanning (ms): Min: 0.0, Avg: 0.0, Max: 0.0, Diff: 0.0, Sum: 0.1]
      [Object Copy (ms): Min: 43.1, Avg: 43.1, Max: 43.1, Diff: 0.0, Sum: 86.2]
      [Termination (ms): Min: 0.0, Avg: 0.0, Max: 0.0, Diff: 0.0, Sum: 0.0]
      [GC Worker Other (ms): Min: 0.0, Avg: 0.0, Max: 0.0, Diff: 0.0, Sum: 0.1]
      [GC Worker Total (ms): Min: 44.8, Avg: 44.8, Max: 44.8, Diff: 0.0, Sum: 89.5]
      [GC Worker End (ms): Min: 5711.1, Avg: 5711.1, Max: 5711.1, Diff: 0.0]
   [Code Root Fixup: 0.0 ms]
   [Code Root Migration: 0.0 ms]
   [Clear CT: 0.1 ms]
   [Other: 0.4 ms]
      [Choose CSet: 0.0 ms]
      [Ref Proc: 0.0 ms]
      [Ref Enq: 0.0 ms]
      [Free CSet: 0.1 ms]
   [Eden: 68.0M(68.0M)->0.0B(27.0M) Survivors: 2048.0K->9216.0K Heap: 167.0M(256.0M)->175.5M(256.0M)]
 [Times: user=0.09 sys=0.00, real=0.04 secs] 
2014-07-10T16:12:34.770+0200: 5.756: [GC pause (young) (initial-mark), 0.0213405 secs]
   [Parallel Time: 18.8 ms, GC Workers: 2]
      [GC Worker Start (ms): Min: 5756.4, Avg: 5756.4, Max: 5756.4, Diff: 0.0]
      [Ext Root Scanning (ms): Min: 1.1, Avg: 1.1, Max: 1.1, Diff: 0.0, Sum: 2.1]
      [Code Root Marking (ms): Min: 0.0, Avg: 0.1, Max: 0.1, Diff: 0.0, Sum: 0.1]
      [Update RS (ms): Min: 1.0, Avg: 1.0, Max: 1.0, Diff: 0.0, Sum: 2.0]
         [Processed Buffers: Min: 5, Avg: 6.5, Max: 8, Diff: 3, Sum: 13]
      [Scan RS (ms): Min: 0.0, Avg: 0.0, Max: 0.0, Diff: 0.0, Sum: 0.1]
      [Code Root Scanning (ms): Min: 0.0, Avg: 0.0, Max: 0.0, Diff: 0.0, Sum: 0.1]
      [Object Copy (ms): Min: 16.4, Avg: 16.5, Max: 16.5, Diff: 0.0, Sum: 32.9]
      [Termination (ms): Min: 0.0, Avg: 0.0, Max: 0.0, Diff: 0.0, Sum: 0.0]
      [GC Worker Other (ms): Min: 0.0, Avg: 0.0, Max: 0.0, Diff: 0.0, Sum: 0.1]
      [GC Worker Total (ms): Min: 18.7, Avg: 18.7, Max: 18.7, Diff: 0.0, Sum: 37.3]
      [GC Worker End (ms): Min: 5775.1, Avg: 5775.1, Max: 5775.1, Diff: 0.0]
   [Code Root Fixup: 0.0 ms]
   [Code Root Migration: 0.0 ms]
   [Clear CT: 0.0 ms]
   [Other: 2.5 ms]
      [Choose CSet: 0.0 ms]
      [Ref Proc: 2.2 ms]
      [Ref Enq: 0.0 ms]
      [Free CSet: 0.1 ms]
   [Eden: 27.0M(27.0M)->0.0B(17.0M) Survivors: 9216.0K->5120.0K Heap: 202.5M(256.0M)->194.5M(256.0M)]
 [Times: user=0.03 sys=0.00, real=0.02 secs] 
2014-07-10T16:12:34.791+0200: 5.778: [GC concurrent-root-region-scan-start]
2014-07-10T16:12:34.791+0200: 5.778: [GC concurrent-root-region-scan-end, 0.0000895 secs]
2014-07-10T16:12:34.791+0200: 5.778: [GC concurrent-mark-start]
2014-07-10T16:12:34.795+0200: 5.781: [GC concurrent-mark-end, 0.0032318 secs]
2014-07-10T16:12:34.795+0200: 5.782: [GC remark 2014-07-10T16:12:34.795+0200: 5.782: [GC ref-proc, 0.0000671 secs], 0.0010845 secs]
 [Times: user=0.00 sys=0.00, real=0.00 secs] 
2014-07-10T16:12:34.796+0200: 5.783: [GC cleanup 196M->88M(256M), 0.0007967 secs]
 [Times: user=0.00 sys=0.00, real=0.00 secs] 
2014-07-10T16:12:34.797+0200: 5.784: [GC concurrent-cleanup-start]
2014-07-10T16:12:34.797+0200: 5.784: [GC concurrent-cleanup-end, 0.0002057 secs]
2014-07-10T16:12:34.821+0200: 5.807: [GC pause (young), 0.0124187 secs]
   [Parallel Time: 12.0 ms, GC Workers: 2]
      [GC Worker Start (ms): Min: 5807.4, Avg: 5807.5, Max: 5807.5, Diff: 0.0]
      [Ext Root Scanning (ms): Min: 1.0, Avg: 1.0, Max: 1.0, Diff: 0.0, Sum: 2.0]
      [Update RS (ms): Min: 0.4, Avg: 0.5, Max: 0.5, Diff: 0.0, Sum: 0.9]
         [Processed Buffers: Min: 2, Avg: 4.0, Max: 6, Diff: 4, Sum: 8]
      [Scan RS (ms): Min: 0.0, Avg: 0.0, Max: 0.0, Diff: 0.0, Sum: 0.1]
      [Code Root Scanning (ms): Min: 0.0, Avg: 0.0, Max: 0.0, Diff: 0.0, Sum: 0.0]
      [Object Copy (ms): Min: 10.4, Avg: 10.4, Max: 10.4, Diff: 0.0, Sum: 20.8]
      [Termination (ms): Min: 0.0, Avg: 0.0, Max: 0.0, Diff: 0.0, Sum: 0.0]
      [GC Worker Other (ms): Min: 0.0, Avg: 0.0, Max: 0.0, Diff: 0.0, Sum: 0.1]
      [GC Worker Total (ms): Min: 11.9, Avg: 11.9, Max: 11.9, Diff: 0.0, Sum: 23.9]
      [GC Worker End (ms): Min: 5819.4, Avg: 5819.4, Max: 5819.4, Diff: 0.0]
   [Code Root Fixup: 0.0 ms]
   [Code Root Migration: 0.0 ms]
   [Clear CT: 0.0 ms]
   [Other: 0.4 ms]
      [Choose CSet: 0.0 ms]
      [Ref Proc: 0.1 ms]
      [Ref Enq: 0.0 ms]
      [Free CSet: 0.1 ms]
   [Eden: 17.0M(17.0M)->0.0B(9216.0K) Survivors: 5120.0K->3072.0K Heap: 103.5M(256.0M)->100.0M(256.0M)]
 [Times: user=0.01 sys=0.00, real=0.01 secs] 
2014-07-10T16:12:34.848+0200: 5.834: [GC pause (mixed), 0.0082172 secs]
   [Parallel Time: 7.8 ms, GC Workers: 2]
      [GC Worker Start (ms): Min: 5834.5, Avg: 5834.5, Max: 5834.5, Diff: 0.0]
      [Ext Root Scanning (ms): Min: 0.9, Avg: 0.9, Max: 0.9, Diff: 0.0, Sum: 1.9]
      [Update RS (ms): Min: 0.3, Avg: 0.3, Max: 0.3, Diff: 0.1, Sum: 0.6]
         [Processed Buffers: Min: 1, Avg: 3.0, Max: 5, Diff: 4, Sum: 6]
      [Scan RS (ms): Min: 0.0, Avg: 0.1, Max: 0.1, Diff: 0.0, Sum: 0.1]
      [Code Root Scanning (ms): Min: 0.0, Avg: 0.0, Max: 0.0, Diff: 0.0, Sum: 0.0]
      [Object Copy (ms): Min: 6.3, Avg: 6.3, Max: 6.3, Diff: 0.1, Sum: 12.6]
      [Termination (ms): Min: 0.0, Avg: 0.1, Max: 0.2, Diff: 0.2, Sum: 0.2]
      [GC Worker Other (ms): Min: 0.0, Avg: 0.0, Max: 0.0, Diff: 0.0, Sum: 0.0]
      [GC Worker Total (ms): Min: 7.7, Avg: 7.7, Max: 7.8, Diff: 0.1, Sum: 15.5]
      [GC Worker End (ms): Min: 5842.1, Avg: 5842.2, Max: 5842.3, Diff: 0.1]
   [Code Root Fixup: 0.0 ms]
   [Code Root Migration: 0.0 ms]
   [Clear CT: 0.1 ms]
   [Other: 0.3 ms]
      [Choose CSet: 0.0 ms]
      [Ref Proc: 0.1 ms]
      [Ref Enq: 0.0 ms]
      [Free CSet: 0.1 ms]
   [Eden: 9216.0K(9216.0K)->0.0B(71.0M) Survivors: 3072.0K->2048.0K Heap: 109.0M(256.0M)->98.0M(256.0M)]
 [Times: user=0.03 sys=0.00, real=0.01 secs] 
2014-07-10T16:12:34.979+0200: 5.965: [GC pause (young), 0.0474718 secs]
   [Parallel Time: 46.8 ms, GC Workers: 2]
      [GC Worker Start (ms): Min: 5965.3, Avg: 5965.3, Max: 5965.3, Diff: 0.0]
      [Ext Root Scanning (ms): Min: 1.1, Avg: 1.1, Max: 1.1, Diff: 0.0, Sum: 2.2]
      [Update RS (ms): Min: 0.4, Avg: 0.4, Max: 0.4, Diff: 0.0, Sum: 0.9]
         [Processed Buffers: Min: 3, Avg: 3.0, Max: 3, Diff: 0, Sum: 6]
      [Scan RS (ms): Min: 0.1, Avg: 0.1, Max: 0.2, Diff: 0.0, Sum: 0.3]
      [Code Root Scanning (ms): Min: 0.1, Avg: 0.1, Max: 0.1, Diff: 0.0, Sum: 0.2]
      [Object Copy (ms): Min: 45.0, Avg: 45.0, Max: 45.0, Diff: 0.0, Sum: 90.0]
      [Termination (ms): Min: 0.0, Avg: 0.0, Max: 0.0, Diff: 0.0, Sum: 0.0]
      [GC Worker Other (ms): Min: 0.0, Avg: 0.0, Max: 0.0, Diff: 0.0, Sum: 0.1]
      [GC Worker Total (ms): Min: 46.8, Avg: 46.8, Max: 46.8, Diff: 0.0, Sum: 93.6]
      [GC Worker End (ms): Min: 6012.1, Avg: 6012.1, Max: 6012.1, Diff: 0.0]
   [Code Root Fixup: 0.0 ms]
   [Code Root Migration: 0.0 ms]
   [Clear CT: 0.1 ms]
   [Other: 0.5 ms]
      [Choose CSet: 0.0 ms]
      [Ref Proc: 0.2 ms]
      [Ref Enq: 0.0 ms]
      [Free CSet: 0.1 ms]
   [Eden: 71.0M(71.0M)->0.0B(29.0M) Survivors: 2048.0K->10.0M Heap: 169.0M(256.0M)->172.5M(256.0M)]
 [Times: user=0.06 sys=0.03, real=0.05 secs] 
2014-07-10T16:12:35.076+0200: 6.062: [GC pause (young) (initial-mark), 0.0222978 secs]
   [Parallel Time: 20.2 ms, GC Workers: 2]
      [GC Worker Start (ms): Min: 6062.5, Avg: 6062.5, Max: 6062.5, Diff: 0.0]
      [Ext Root Scanning (ms): Min: 1.0, Avg: 1.0, Max: 1.0, Diff: 0.0, Sum: 2.0]
      [Code Root Marking (ms): Min: 0.1, Avg: 0.1, Max: 0.1, Diff: 0.0, Sum: 0.1]
      [Update RS (ms): Min: 1.0, Avg: 1.0, Max: 1.0, Diff: 0.0, Sum: 1.9]
         [Processed Buffers: Min: 4, Avg: 6.0, Max: 8, Diff: 4, Sum: 12]
      [Scan RS (ms): Min: 0.0, Avg: 0.1, Max: 0.1, Diff: 0.0, Sum: 0.1]
      [Code Root Scanning (ms): Min: 0.0, Avg: 0.0, Max: 0.0, Diff: 0.0, Sum: 0.0]
      [Object Copy (ms): Min: 17.7, Avg: 17.7, Max: 17.7, Diff: 0.1, Sum: 35.4]
      [Termination (ms): Min: 0.0, Avg: 0.2, Max: 0.3, Diff: 0.3, Sum: 0.3]
      [GC Worker Other (ms): Min: 0.0, Avg: 0.0, Max: 0.0, Diff: 0.0, Sum: 0.1]
      [GC Worker Total (ms): Min: 19.9, Avg: 20.0, Max: 20.1, Diff: 0.2, Sum: 40.0]
      [GC Worker End (ms): Min: 6082.5, Avg: 6082.6, Max: 6082.7, Diff: 0.2]
   [Code Root Fixup: 0.0 ms]
   [Code Root Migration: 0.0 ms]
   [Clear CT: 0.0 ms]
   [Other: 2.1 ms]
      [Choose CSet: 0.0 ms]
      [Ref Proc: 1.8 ms]
      [Ref Enq: 0.0 ms]
      [Free CSet: 0.1 ms]
   [Eden: 29.0M(29.0M)->0.0B(18.0M) Survivors: 10.0M->5120.0K Heap: 201.5M(256.0M)->192.5M(256.0M)]
 [Times: user=0.03 sys=0.00, real=0.02 secs] 
2014-07-10T16:12:35.098+0200: 6.085: [GC concurrent-root-region-scan-start]
2014-07-10T16:12:35.099+0200: 6.085: [GC concurrent-root-region-scan-end, 0.0000887 secs]
2014-07-10T16:12:35.099+0200: 6.085: [GC concurrent-mark-start]
2014-07-10T16:12:35.102+0200: 6.089: [GC concurrent-mark-end, 0.0035845 secs]
2014-07-10T16:12:35.102+0200: 6.089: [GC remark 2014-07-10T16:12:35.102+0200: 6.089: [GC ref-proc, 0.0000693 secs], 0.0011116 secs]
 [Times: user=0.00 sys=0.00, real=0.00 secs] 
2014-07-10T16:12:35.103+0200: 6.090: [GC cleanup 195M->96M(256M), 0.0007787 secs]
 [Times: user=0.00 sys=0.00, real=0.00 secs] 
2014-07-10T16:12:35.104+0200: 6.091: [GC concurrent-cleanup-start]
2014-07-10T16:12:35.104+0200: 6.091: [GC concurrent-cleanup-end, 0.0002049 secs]
2014-07-10T16:12:35.127+0200: 6.114: [GC pause (young), 0.0120334 secs]
   [Parallel Time: 11.7 ms, GC Workers: 2]
      [GC Worker Start (ms): Min: 6113.7, Avg: 6113.7, Max: 6113.7, Diff: 0.0]
      [Ext Root Scanning (ms): Min: 1.0, Avg: 1.0, Max: 1.0, Diff: 0.0, Sum: 2.1]
      [Update RS (ms): Min: 0.5, Avg: 0.5, Max: 0.5, Diff: 0.0, Sum: 1.0]
         [Processed Buffers: Min: 2, Avg: 4.5, Max: 7, Diff: 5, Sum: 9]
      [Scan RS (ms): Min: 0.0, Avg: 0.0, Max: 0.0, Diff: 0.0, Sum: 0.1]
      [Code Root Scanning (ms): Min: 0.0, Avg: 0.0, Max: 0.0, Diff: 0.0, Sum: 0.0]
      [Object Copy (ms): Min: 10.1, Avg: 10.1, Max: 10.1, Diff: 0.0, Sum: 20.1]
      [Termination (ms): Min: 0.0, Avg: 0.0, Max: 0.0, Diff: 0.0, Sum: 0.0]
      [GC Worker Other (ms): Min: 0.0, Avg: 0.0, Max: 0.0, Diff: 0.0, Sum: 0.1]
      [GC Worker Total (ms): Min: 11.6, Avg: 11.7, Max: 11.7, Diff: 0.0, Sum: 23.3]
      [GC Worker End (ms): Min: 6125.4, Avg: 6125.4, Max: 6125.4, Diff: 0.0]
   [Code Root Fixup: 0.0 ms]
   [Code Root Migration: 0.0 ms]
   [Clear CT: 0.0 ms]
   [Other: 0.2 ms]
      [Choose CSet: 0.0 ms]
      [Ref Proc: 0.0 ms]
      [Ref Enq: 0.0 ms]
      [Free CSet: 0.1 ms]
   [Eden: 18.0M(18.0M)->0.0B(9216.0K) Survivors: 5120.0K->3072.0K Heap: 111.5M(256.0M)->107.0M(256.0M)]
 [Times: user=0.01 sys=0.00, real=0.01 secs] 
2014-07-10T16:12:35.153+0200: 6.139: [GC pause (mixed), 0.0112591 secs]
   [Parallel Time: 10.8 ms, GC Workers: 2]
      [GC Worker Start (ms): Min: 6139.4, Avg: 6139.4, Max: 6139.4, Diff: 0.0]
      [Ext Root Scanning (ms): Min: 1.1, Avg: 1.1, Max: 1.2, Diff: 0.1, Sum: 2.2]
      [Update RS (ms): Min: 0.3, Avg: 0.3, Max: 0.4, Diff: 0.1, Sum: 0.7]
         [Processed Buffers: Min: 3, Avg: 3.0, Max: 3, Diff: 0, Sum: 6]
      [Scan RS (ms): Min: 0.1, Avg: 0.1, Max: 0.1, Diff: 0.0, Sum: 0.2]
      [Code Root Scanning (ms): Min: 0.0, Avg: 0.0, Max: 0.0, Diff: 0.0, Sum: 0.0]
      [Object Copy (ms): Min: 9.2, Avg: 9.2, Max: 9.2, Diff: 0.0, Sum: 18.5]
      [Termination (ms): Min: 0.0, Avg: 0.0, Max: 0.0, Diff: 0.0, Sum: 0.0]
      [GC Worker Other (ms): Min: 0.0, Avg: 0.0, Max: 0.0, Diff: 0.0, Sum: 0.1]
      [GC Worker Total (ms): Min: 10.8, Avg: 10.8, Max: 10.8, Diff: 0.0, Sum: 21.7]
      [GC Worker End (ms): Min: 6150.2, Avg: 6150.2, Max: 6150.2, Diff: 0.0]
   [Code Root Fixup: 0.0 ms]
   [Code Root Migration: 0.0 ms]
   [Clear CT: 0.1 ms]
   [Other: 0.3 ms]
      [Choose CSet: 0.0 ms]
      [Ref Proc: 0.0 ms]
      [Ref Enq: 0.0 ms]
      [Free CSet: 0.1 ms]
   [Eden: 9216.0K(9216.0K)->0.0B(72.0M) Survivors: 3072.0K->2048.0K Heap: 116.0M(256.0M)->103.0M(256.0M)]
 [Times: user=0.00 sys=0.00, real=0.01 secs] 
2014-07-10T16:12:35.282+0200: 6.268: [GC pause (young), 0.0484591 secs]
   [Parallel Time: 47.9 ms, GC Workers: 2]
      [GC Worker Start (ms): Min: 6268.4, Avg: 6269.0, Max: 6269.5, Diff: 1.1]
      [Ext Root Scanning (ms): Min: 0.3, Avg: 0.9, Max: 1.5, Diff: 1.2, Sum: 1.8]
      [Update RS (ms): Min: 0.4, Avg: 0.5, Max: 0.6, Diff: 0.2, Sum: 0.9]
         [Processed Buffers: Min: 1, Avg: 3.0, Max: 5, Diff: 4, Sum: 6]
      [Scan RS (ms): Min: 0.1, Avg: 0.1, Max: 0.1, Diff: 0.0, Sum: 0.2]
      [Code Root Scanning (ms): Min: 0.0, Avg: 0.1, Max: 0.1, Diff: 0.0, Sum: 0.1]
      [Object Copy (ms): Min: 45.8, Avg: 45.8, Max: 45.9, Diff: 0.1, Sum: 91.7]
      [Termination (ms): Min: 0.0, Avg: 0.0, Max: 0.0, Diff: 0.0, Sum: 0.0]
      [GC Worker Other (ms): Min: 0.0, Avg: 0.0, Max: 0.0, Diff: 0.0, Sum: 0.0]
      [GC Worker Total (ms): Min: 46.8, Avg: 47.4, Max: 47.9, Diff: 1.1, Sum: 94.8]
      [GC Worker End (ms): Min: 6316.3, Avg: 6316.3, Max: 6316.3, Diff: 0.0]
   [Code Root Fixup: 0.0 ms]
   [Code Root Migration: 0.0 ms]
   [Clear CT: 0.1 ms]
   [Other: 0.4 ms]
      [Choose CSet: 0.0 ms]
      [Ref Proc: 0.1 ms]
      [Ref Enq: 0.0 ms]
      [Free CSet: 0.1 ms]
   [Eden: 72.0M(72.0M)->0.0B(24.0M) Survivors: 2048.0K->10.0M Heap: 175.0M(256.0M)->181.5M(256.0M)]
 [Times: user=0.08 sys=0.00, real=0.05 secs] 
2014-07-10T16:12:35.369+0200: 6.355: [GC pause (young) (initial-mark), 0.0160490 secs]
   [Parallel Time: 15.7 ms, GC Workers: 2]
      [GC Worker Start (ms): Min: 6355.5, Avg: 6355.5, Max: 6355.5, Diff: 0.0]
      [Ext Root Scanning (ms): Min: 1.0, Avg: 1.1, Max: 1.1, Diff: 0.1, Sum: 2.1]
      [Code Root Marking (ms): Min: 0.0, Avg: 0.1, Max: 0.1, Diff: 0.1, Sum: 0.1]
      [Update RS (ms): Min: 0.9, Avg: 0.9, Max: 0.9, Diff: 0.0, Sum: 1.9]
         [Processed Buffers: Min: 6, Avg: 6.5, Max: 7, Diff: 1, Sum: 13]
      [Scan RS (ms): Min: 0.0, Avg: 0.0, Max: 0.0, Diff: 0.0, Sum: 0.1]
      [Code Root Scanning (ms): Min: 0.0, Avg: 0.0, Max: 0.0, Diff: 0.0, Sum: 0.0]
      [Object Copy (ms): Min: 13.4, Avg: 13.4, Max: 13.4, Diff: 0.0, Sum: 26.7]
      [Termination (ms): Min: 0.0, Avg: 0.0, Max: 0.0, Diff: 0.0, Sum: 0.0]
      [GC Worker Other (ms): Min: 0.0, Avg: 0.0, Max: 0.0, Diff: 0.0, Sum: 0.1]
      [GC Worker Total (ms): Min: 15.5, Avg: 15.5, Max: 15.5, Diff: 0.0, Sum: 31.1]
      [GC Worker End (ms): Min: 6371.1, Avg: 6371.1, Max: 6371.1, Diff: 0.0]
   [Code Root Fixup: 0.0 ms]
   [Code Root Migration: 0.0 ms]
   [Clear CT: 0.0 ms]
   [Other: 0.3 ms]
      [Choose CSet: 0.0 ms]
      [Ref Proc: 0.0 ms]
      [Ref Enq: 0.0 ms]
      [Free CSet: 0.1 ms]
   [Eden: 24.0M(24.0M)->0.0B(17.0M) Survivors: 10.0M->5120.0K Heap: 205.5M(256.0M)->194.5M(256.0M)]
 [Times: user=0.03 sys=0.00, real=0.02 secs] 
2014-07-10T16:12:35.385+0200: 6.372: [GC concurrent-root-region-scan-start]
2014-07-10T16:12:35.390+0200: 6.377: [GC concurrent-root-region-scan-end, 0.0052358 secs]
2014-07-10T16:12:35.390+0200: 6.377: [GC concurrent-mark-start]
2014-07-10T16:12:35.395+0200: 6.382: [GC concurrent-mark-end, 0.0042679 secs]
2014-07-10T16:12:35.398+0200: 6.384: [GC remark 2014-07-10T16:12:35.398+0200: 6.385: [GC ref-proc, 0.0000693 secs], 0.0009936 secs]
 [Times: user=0.00 sys=0.00, real=0.00 secs] 
2014-07-10T16:12:35.399+0200: 6.386: [GC cleanup 197M->89M(256M), 0.0013422 secs]
 [Times: user=0.00 sys=0.00, real=0.00 secs] 
2014-07-10T16:12:35.401+0200: 6.387: [GC concurrent-cleanup-start]
2014-07-10T16:12:35.401+0200: 6.387: [GC concurrent-cleanup-end, 0.0001763 secs]
2014-07-10T16:12:35.426+0200: 6.412: [GC pause (young), 0.0116389 secs]
   [Parallel Time: 11.3 ms, GC Workers: 2]
      [GC Worker Start (ms): Min: 6412.4, Avg: 6412.4, Max: 6412.4, Diff: 0.0]
      [Ext Root Scanning (ms): Min: 1.0, Avg: 1.0, Max: 1.1, Diff: 0.1, Sum: 2.1]
      [Update RS (ms): Min: 0.4, Avg: 0.4, Max: 0.4, Diff: 0.1, Sum: 0.8]
         [Processed Buffers: Min: 4, Avg: 4.5, Max: 5, Diff: 1, Sum: 9]
      [Scan RS (ms): Min: 0.0, Avg: 0.0, Max: 0.0, Diff: 0.0, Sum: 0.1]
      [Code Root Scanning (ms): Min: 0.0, Avg: 0.0, Max: 0.0, Diff: 0.0, Sum: 0.0]
      [Object Copy (ms): Min: 9.7, Avg: 9.7, Max: 9.7, Diff: 0.0, Sum: 19.4]
      [Termination (ms): Min: 0.0, Avg: 0.0, Max: 0.0, Diff: 0.0, Sum: 0.0]
      [GC Worker Other (ms): Min: 0.0, Avg: 0.0, Max: 0.0, Diff: 0.0, Sum: 0.1]
      [GC Worker Total (ms): Min: 11.2, Avg: 11.2, Max: 11.2, Diff: 0.0, Sum: 22.5]
      [GC Worker End (ms): Min: 6423.6, Avg: 6423.6, Max: 6423.6, Diff: 0.0]
   [Code Root Fixup: 0.0 ms]
   [Code Root Migration: 0.0 ms]
   [Clear CT: 0.0 ms]
   [Other: 0.3 ms]
      [Choose CSet: 0.0 ms]
      [Ref Proc: 0.1 ms]
      [Ref Enq: 0.0 ms]
      [Free CSet: 0.1 ms]
   [Eden: 17.0M(17.0M)->0.0B(9216.0K) Survivors: 5120.0K->3072.0K Heap: 103.5M(256.0M)->98.0M(256.0M)]
 [Times: user=0.03 sys=0.00, real=0.01 secs] 
2014-07-10T16:12:35.452+0200: 6.438: [GC pause (mixed), 0.0118160 secs]
   [Parallel Time: 11.4 ms, GC Workers: 2]
      [GC Worker Start (ms): Min: 6438.4, Avg: 6438.4, Max: 6438.4, Diff: 0.0]
      [Ext Root Scanning (ms): Min: 1.1, Avg: 1.1, Max: 1.1, Diff: 0.0, Sum: 2.1]
      [Update RS (ms): Min: 0.3, Avg: 0.3, Max: 0.3, Diff: 0.0, Sum: 0.6]
         [Processed Buffers: Min: 1, Avg: 3.5, Max: 6, Diff: 5, Sum: 7]
      [Scan RS (ms): Min: 0.1, Avg: 0.1, Max: 0.2, Diff: 0.1, Sum: 0.3]
      [Code Root Scanning (ms): Min: 0.0, Avg: 0.1, Max: 0.2, Diff: 0.1, Sum: 0.2]
      [Object Copy (ms): Min: 9.7, Avg: 9.7, Max: 9.7, Diff: 0.0, Sum: 19.4]
      [Termination (ms): Min: 0.0, Avg: 0.0, Max: 0.0, Diff: 0.0, Sum: 0.0]
      [GC Worker Other (ms): Min: 0.0, Avg: 0.0, Max: 0.0, Diff: 0.0, Sum: 0.1]
      [GC Worker Total (ms): Min: 11.3, Avg: 11.3, Max: 11.3, Diff: 0.0, Sum: 22.7]
      [GC Worker End (ms): Min: 6449.7, Avg: 6449.7, Max: 6449.7, Diff: 0.0]
   [Code Root Fixup: 0.0 ms]
   [Code Root Migration: 0.0 ms]
   [Clear CT: 0.1 ms]
   [Other: 0.3 ms]
      [Choose CSet: 0.0 ms]
      [Ref Proc: 0.0 ms]
      [Ref Enq: 0.0 ms]
      [Free CSet: 0.2 ms]
   [Eden: 9216.0K(9216.0K)->0.0B(84.0M) Survivors: 3072.0K->2048.0K Heap: 107.0M(256.0M)->94.0M(256.0M)]
 [Times: user=0.00 sys=0.02, real=0.01 secs] 
2014-07-10T16:12:35.605+0200: 6.591: [GC pause (young) (to-space exhausted), 0.0499040 secs]
   [Parallel Time: 48.3 ms, GC Workers: 2]
      [GC Worker Start (ms): Min: 6591.6, Avg: 6591.6, Max: 6591.6, Diff: 0.0]
      [Ext Root Scanning (ms): Min: 1.1, Avg: 1.1, Max: 1.1, Diff: 0.0, Sum: 2.2]
      [Update RS (ms): Min: 0.7, Avg: 0.7, Max: 0.7, Diff: 0.0, Sum: 1.3]
         [Processed Buffers: Min: 2, Avg: 3.5, Max: 5, Diff: 3, Sum: 7]
      [Scan RS (ms): Min: 0.1, Avg: 0.1, Max: 0.1, Diff: 0.0, Sum: 0.2]
      [Code Root Scanning (ms): Min: 0.1, Avg: 0.1, Max: 0.1, Diff: 0.0, Sum: 0.1]
      [Object Copy (ms): Min: 46.2, Avg: 46.3, Max: 46.3, Diff: 0.1, Sum: 92.6]
      [Termination (ms): Min: 0.0, Avg: 0.1, Max: 0.1, Diff: 0.1, Sum: 0.1]
      [GC Worker Other (ms): Min: 0.0, Avg: 0.0, Max: 0.0, Diff: 0.0, Sum: 0.0]
      [GC Worker Total (ms): Min: 48.3, Avg: 48.3, Max: 48.3, Diff: 0.0, Sum: 96.6]
      [GC Worker End (ms): Min: 6639.9, Avg: 6639.9, Max: 6639.9, Diff: 0.0]
   [Code Root Fixup: 0.0 ms]
   [Code Root Migration: 0.0 ms]
   [Clear CT: 0.1 ms]
   [Other: 1.5 ms]
      [Choose CSet: 0.0 ms]
      [Ref Proc: 0.3 ms]
      [Ref Enq: 0.0 ms]
      [Free CSet: 0.1 ms]
   [Eden: 84.0M(84.0M)->0.0B(1024.0K) Survivors: 2048.0K->11.0M Heap: 178.0M(256.0M)->253.0M(256.0M)]
 [Times: user=0.09 sys=0.00, real=0.05 secs] 
2014-07-10T16:12:35.657+0200: 6.643: [GC pause (young) (initial-mark) (to-space exhausted), 0.0043936 secs]
   [Parallel Time: 4.0 ms, GC Workers: 2]
      [GC Worker Start (ms): Min: 6643.4, Avg: 6643.4, Max: 6643.4, Diff: 0.0]
      [Ext Root Scanning (ms): Min: 1.0, Avg: 1.1, Max: 1.1, Diff: 0.0, Sum: 2.1]
      [Code Root Marking (ms): Min: 0.0, Avg: 0.1, Max: 0.1, Diff: 0.0, Sum: 0.1]
      [Update RS (ms): Min: 1.1, Avg: 1.1, Max: 1.2, Diff: 0.0, Sum: 2.3]
         [Processed Buffers: Min: 5, Avg: 8.5, Max: 12, Diff: 7, Sum: 17]
      [Scan RS (ms): Min: 0.0, Avg: 0.0, Max: 0.0, Diff: 0.0, Sum: 0.0]
      [Code Root Scanning (ms): Min: 0.0, Avg: 0.0, Max: 0.0, Diff: 0.0, Sum: 0.0]
      [Object Copy (ms): Min: 1.7, Avg: 1.7, Max: 1.7, Diff: 0.0, Sum: 3.4]
      [Termination (ms): Min: 0.0, Avg: 0.0, Max: 0.0, Diff: 0.0, Sum: 0.0]
      [GC Worker Other (ms): Min: 0.0, Avg: 0.0, Max: 0.0, Diff: 0.0, Sum: 0.0]
      [GC Worker Total (ms): Min: 4.0, Avg: 4.0, Max: 4.0, Diff: 0.0, Sum: 8.0]
      [GC Worker End (ms): Min: 6647.4, Avg: 6647.4, Max: 6647.4, Diff: 0.0]
   [Code Root Fixup: 0.0 ms]
   [Code Root Migration: 0.0 ms]
   [Clear CT: 0.0 ms]
   [Other: 0.4 ms]
      [Choose CSet: 0.0 ms]
      [Ref Proc: 0.0 ms]
      [Ref Enq: 0.0 ms]
      [Free CSet: 0.0 ms]
   [Eden: 1024.0K(1024.0K)->0.0B(11.0M) Survivors: 11.0M->1024.0K Heap: 254.0M(256.0M)->256.0M(256.0M)]
 [Times: user=0.00 sys=0.00, real=0.00 secs] 
2014-07-10T16:12:35.661+0200: 6.648: [GC concurrent-root-region-scan-start]
2014-07-10T16:12:35.661+0200: 6.648: [GC concurrent-root-region-scan-end, 0.0000301 secs]
2014-07-10T16:12:35.661+0200: 6.648: [GC concurrent-mark-start]
2014-07-10T16:12:35.662+0200: 6.649: [Full GC 256M->482K(7168K), 0.0407160 secs]
   [Eden: 0.0B(11.0M)->0.0B(2048.0K) Survivors: 1024.0K->0.0B Heap: 256.0M(256.0M)->482.7K(7168.0K)]
 [Times: user=0.01 sys=0.03, real=0.04 secs] 
2014-07-10T16:12:35.703+0200: 6.690: [GC concurrent-mark-abort]
2014-07-10T16:12:35.711+0200: 6.697: [GC pause (young), 0.0025407 secs]
   [Parallel Time: 2.3 ms, GC Workers: 2]
      [GC Worker Start (ms): Min: 6697.4, Avg: 6697.4, Max: 6697.4, Diff: 0.0]
      [Ext Root Scanning (ms): Min: 1.5, Avg: 1.5, Max: 1.6, Diff: 0.2, Sum: 3.1]
      [Update RS (ms): Min: 0.0, Avg: 0.0, Max: 0.1, Diff: 0.0, Sum: 0.1]
         [Processed Buffers: Min: 0, Avg: 2.0, Max: 4, Diff: 4, Sum: 4]
      [Scan RS (ms): Min: 0.0, Avg: 0.0, Max: 0.0, Diff: 0.0, Sum: 0.0]
      [Code Root Scanning (ms): Min: 0.0, Avg: 0.0, Max: 0.0, Diff: 0.0, Sum: 0.0]
      [Object Copy (ms): Min: 0.6, Avg: 0.6, Max: 0.7, Diff: 0.1, Sum: 1.3]
      [Termination (ms): Min: 0.0, Avg: 0.0, Max: 0.0, Diff: 0.0, Sum: 0.0]
      [GC Worker Other (ms): Min: 0.0, Avg: 0.0, Max: 0.0, Diff: 0.0, Sum: 0.0]
      [GC Worker Total (ms): Min: 2.2, Avg: 2.2, Max: 2.2, Diff: 0.0, Sum: 4.5]
      [GC Worker End (ms): Min: 6699.6, Avg: 6699.6, Max: 6699.6, Diff: 0.0]
   [Code Root Fixup: 0.0 ms]
   [Code Root Migration: 0.0 ms]
   [Clear CT: 0.0 ms]
   [Other: 0.2 ms]
      [Choose CSet: 0.0 ms]
      [Ref Proc: 0.1 ms]
      [Ref Enq: 0.0 ms]
      [Free CSet: 0.0 ms]
   [Eden: 2048.0K(2048.0K)->0.0B(5120.0K) Survivors: 0.0B->1024.0K Heap: 2530.7K(7168.0K)->2530.7K(14.0M)]
 [Times: user=0.00 sys=0.00, real=0.00 secs] 
2014-07-10T16:12:35.721+0200: 6.707: [GC pause (young), 0.0054114 secs]
   [Parallel Time: 5.1 ms, GC Workers: 2]
      [GC Worker Start (ms): Min: 6707.4, Avg: 6707.4, Max: 6707.4, Diff: 0.0]
      [Ext Root Scanning (ms): Min: 1.1, Avg: 1.2, Max: 1.2, Diff: 0.2, Sum: 2.3]
      [Update RS (ms): Min: 0.0, Avg: 0.1, Max: 0.1, Diff: 0.1, Sum: 0.1]
         [Processed Buffers: Min: 0, Avg: 2.5, Max: 5, Diff: 5, Sum: 5]
      [Scan RS (ms): Min: 0.0, Avg: 0.0, Max: 0.0, Diff: 0.0, Sum: 0.0]
      [Code Root Scanning (ms): Min: 0.0, Avg: 0.0, Max: 0.0, Diff: 0.0, Sum: 0.0]
      [Object Copy (ms): Min: 3.8, Avg: 3.8, Max: 3.9, Diff: 0.0, Sum: 7.7]
      [Termination (ms): Min: 0.0, Avg: 0.0, Max: 0.0, Diff: 0.0, Sum: 0.0]
      [GC Worker Other (ms): Min: 0.0, Avg: 0.0, Max: 0.0, Diff: 0.0, Sum: 0.1]
      [GC Worker Total (ms): Min: 5.1, Avg: 5.1, Max: 5.1, Diff: 0.0, Sum: 10.2]
      [GC Worker End (ms): Min: 6712.5, Avg: 6712.5, Max: 6712.5, Diff: 0.0]
   [Code Root Fixup: 0.0 ms]
   [Code Root Migration: 0.0 ms]
   [Clear CT: 0.0 ms]
   [Other: 0.2 ms]
      [Choose CSet: 0.0 ms]
      [Ref Proc: 0.0 ms]
      [Ref Enq: 0.0 ms]
      [Free CSet: 0.0 ms]
   [Eden: 5120.0K(5120.0K)->0.0B(10.0M) Survivors: 1024.0K->1024.0K Heap: 7650.7K(14.0M)->11.0M(36.0M)]
 [Times: user=0.00 sys=0.00, real=0.01 secs] 
2014-07-10T16:12:35.742+0200: 6.728: [GC pause (young), 0.0094483 secs]
   [Parallel Time: 9.1 ms, GC Workers: 2]
      [GC Worker Start (ms): Min: 6728.4, Avg: 6728.4, Max: 6728.4, Diff: 0.0]
      [Ext Root Scanning (ms): Min: 1.1, Avg: 1.1, Max: 1.1, Diff: 0.0, Sum: 2.2]
      [Update RS (ms): Min: 0.1, Avg: 0.2, Max: 0.2, Diff: 0.0, Sum: 0.3]
         [Processed Buffers: Min: 1, Avg: 2.5, Max: 4, Diff: 3, Sum: 5]
      [Scan RS (ms): Min: 0.0, Avg: 0.0, Max: 0.0, Diff: 0.0, Sum: 0.0]
      [Code Root Scanning (ms): Min: 0.0, Avg: 0.0, Max: 0.0, Diff: 0.0, Sum: 0.0]
      [Object Copy (ms): Min: 7.8, Avg: 7.8, Max: 7.8, Diff: 0.0, Sum: 15.5]
      [Termination (ms): Min: 0.0, Avg: 0.0, Max: 0.0, Diff: 0.0, Sum: 0.0]
      [GC Worker Other (ms): Min: 0.0, Avg: 0.0, Max: 0.0, Diff: 0.0, Sum: 0.1]
      [GC Worker Total (ms): Min: 9.1, Avg: 9.1, Max: 9.1, Diff: 0.0, Sum: 18.2]
      [GC Worker End (ms): Min: 6737.5, Avg: 6737.5, Max: 6737.5, Diff: 0.0]
   [Code Root Fixup: 0.0 ms]
   [Code Root Migration: 0.0 ms]
   [Clear CT: 0.0 ms]
   [Other: 0.3 ms]
      [Choose CSet: 0.0 ms]
      [Ref Proc: 0.0 ms]
      [Ref Enq: 0.0 ms]
      [Free CSet: 0.0 ms]
   [Eden: 10.0M(10.0M)->0.0B(21.0M) Survivors: 1024.0K->2048.0K Heap: 21.0M(36.0M)->22.5M(72.0M)]
 [Times: user=0.02 sys=0.02, real=0.01 secs] 
2014-07-10T16:12:35.788+0200: 6.774: [GC pause (young), 0.0177887 secs]
   [Parallel Time: 17.1 ms, GC Workers: 2]
      [GC Worker Start (ms): Min: 6774.5, Avg: 6774.5, Max: 6774.5, Diff: 0.0]
      [Ext Root Scanning (ms): Min: 1.1, Avg: 1.1, Max: 1.1, Diff: 0.0, Sum: 2.1]
      [Update RS (ms): Min: 0.2, Avg: 0.2, Max: 0.3, Diff: 0.0, Sum: 0.5]
         [Processed Buffers: Min: 2, Avg: 2.5, Max: 3, Diff: 1, Sum: 5]
      [Scan RS (ms): Min: 0.0, Avg: 0.0, Max: 0.0, Diff: 0.0, Sum: 0.1]
      [Code Root Scanning (ms): Min: 0.0, Avg: 0.0, Max: 0.0, Diff: 0.0, Sum: 0.0]
      [Object Copy (ms): Min: 15.7, Avg: 15.7, Max: 15.7, Diff: 0.0, Sum: 31.3]
      [Termination (ms): Min: 0.0, Avg: 0.0, Max: 0.0, Diff: 0.0, Sum: 0.0]
      [GC Worker Other (ms): Min: 0.0, Avg: 0.0, Max: 0.0, Diff: 0.0, Sum: 0.1]
      [GC Worker Total (ms): Min: 17.1, Avg: 17.1, Max: 17.1, Diff: 0.0, Sum: 34.1]
      [GC Worker End (ms): Min: 6791.5, Avg: 6791.5, Max: 6791.5, Diff: 0.0]
   [Code Root Fixup: 0.1 ms]
   [Code Root Migration: 0.0 ms]
   [Clear CT: 0.0 ms]
   [Other: 0.5 ms]
      [Choose CSet: 0.0 ms]
      [Ref Proc: 0.2 ms]
      [Ref Enq: 0.0 ms]
      [Free CSet: 0.1 ms]
   [Eden: 21.0M(21.0M)->0.0B(26.0M) Survivors: 2048.0K->3072.0K Heap: 43.5M(72.0M)->45.5M(109.0M)]
 [Times: user=0.02 sys=0.01, real=0.02 secs] 
2014-07-10T16:12:35.849+0200: 6.835: [GC pause (young), 0.0211796 secs]
   [Parallel Time: 20.3 ms, GC Workers: 2]
      [GC Worker Start (ms): Min: 6835.4, Avg: 6835.4, Max: 6835.4, Diff: 0.0]
      [Ext Root Scanning (ms): Min: 1.0, Avg: 1.0, Max: 1.0, Diff: 0.0, Sum: 2.0]
      [Update RS (ms): Min: 0.4, Avg: 0.4, Max: 0.4, Diff: 0.0, Sum: 0.8]
         [Processed Buffers: Min: 2, Avg: 3.5, Max: 5, Diff: 3, Sum: 7]
      [Scan RS (ms): Min: 0.0, Avg: 0.0, Max: 0.0, Diff: 0.0, Sum: 0.1]
      [Code Root Scanning (ms): Min: 0.0, Avg: 0.0, Max: 0.0, Diff: 0.0, Sum: 0.0]
      [Object Copy (ms): Min: 18.8, Avg: 18.8, Max: 18.8, Diff: 0.0, Sum: 37.7]
      [Termination (ms): Min: 0.0, Avg: 0.0, Max: 0.0, Diff: 0.0, Sum: 0.0]
      [GC Worker Other (ms): Min: 0.0, Avg: 0.0, Max: 0.0, Diff: 0.0, Sum: 0.1]
      [GC Worker Total (ms): Min: 20.3, Avg: 20.3, Max: 20.3, Diff: 0.0, Sum: 40.6]
      [GC Worker End (ms): Min: 6855.7, Avg: 6855.7, Max: 6855.7, Diff: 0.0]
   [Code Root Fixup: 0.0 ms]
   [Code Root Migration: 0.0 ms]
   [Clear CT: 0.1 ms]
   [Other: 0.7 ms]
      [Choose CSet: 0.0 ms]
      [Ref Proc: 0.5 ms]
      [Ref Enq: 0.0 ms]
      [Free CSet: 0.1 ms]
   [Eden: 26.0M(26.0M)->0.0B(26.0M) Survivors: 3072.0K->4096.0K Heap: 71.5M(109.0M)->72.5M(139.0M)]
 [Times: user=0.00 sys=0.03, real=0.02 secs] 
2014-07-10T16:12:35.914+0200: 6.900: [GC pause (young) (initial-mark), 0.0344045 secs]
   [Parallel Time: 31.8 ms, GC Workers: 2]
      [GC Worker Start (ms): Min: 6900.4, Avg: 6900.4, Max: 6900.4, Diff: 0.0]
      [Ext Root Scanning (ms): Min: 1.0, Avg: 1.0, Max: 1.1, Diff: 0.1, Sum: 2.1]
      [Code Root Marking (ms): Min: 0.0, Avg: 0.0, Max: 0.1, Diff: 0.0, Sum: 0.1]
      [Update RS (ms): Min: 0.4, Avg: 0.4, Max: 0.4, Diff: 0.0, Sum: 0.8]
         [Processed Buffers: Min: 2, Avg: 3.5, Max: 5, Diff: 3, Sum: 7]
      [Scan RS (ms): Min: 0.0, Avg: 0.0, Max: 0.1, Diff: 0.0, Sum: 0.1]
      [Code Root Scanning (ms): Min: 0.0, Avg: 0.0, Max: 0.0, Diff: 0.0, Sum: 0.1]
      [Object Copy (ms): Min: 29.8, Avg: 29.8, Max: 29.8, Diff: 0.0, Sum: 59.6]
      [Termination (ms): Min: 0.0, Avg: 0.2, Max: 0.3, Diff: 0.3, Sum: 0.3]
      [GC Worker Other (ms): Min: 0.0, Avg: 0.0, Max: 0.0, Diff: 0.0, Sum: 0.1]
      [GC Worker Total (ms): Min: 31.5, Avg: 31.6, Max: 31.7, Diff: 0.3, Sum: 63.2]
      [GC Worker End (ms): Min: 6931.9, Avg: 6932.0, Max: 6932.1, Diff: 0.3]
   [Code Root Fixup: 0.0 ms]
   [Code Root Migration: 0.0 ms]
   [Clear CT: 2.2 ms]
   [Other: 0.4 ms]
      [Choose CSet: 0.0 ms]
      [Ref Proc: 0.1 ms]
      [Ref Enq: 0.0 ms]
      [Free CSet: 0.1 ms]
   [Eden: 26.0M(26.0M)->0.0B(23.0M) Survivors: 4096.0K->4096.0K Heap: 98.5M(139.0M)->99.0M(163.0M)]
 [Times: user=0.03 sys=0.01, real=0.03 secs] 
2014-07-10T16:12:35.948+0200: 6.935: [GC concurrent-root-region-scan-start]
2014-07-10T16:12:35.948+0200: 6.935: [GC concurrent-root-region-scan-end, 0.0000730 secs]
2014-07-10T16:12:35.948+0200: 6.935: [GC concurrent-mark-start]
2014-07-10T16:12:35.951+0200: 6.938: [GC concurrent-mark-end, 0.0028938 secs]
2014-07-10T16:12:35.956+0200: 6.943: [GC remark 2014-07-10T16:12:35.957+0200: 6.943: [GC ref-proc, 0.0000653 secs], 0.0018038 secs]
 [Times: user=0.00 sys=0.00, real=0.00 secs] 
2014-07-10T16:12:35.958+0200: 6.945: [GC cleanup 101M->79M(163M), 0.0007028 secs]
 [Times: user=0.00 sys=0.00, real=0.00 secs] 
2014-07-10T16:12:35.959+0200: 6.946: [GC concurrent-cleanup-start]
2014-07-10T16:12:35.959+0200: 6.946: [GC concurrent-cleanup-end, 0.0000499 secs]
2014-07-10T16:12:35.993+0200: 6.979: [GC pause (young), 0.0166356 secs]
   [Parallel Time: 15.9 ms, GC Workers: 2]
      [GC Worker Start (ms): Min: 6979.5, Avg: 6979.5, Max: 6979.5, Diff: 0.0]
      [Ext Root Scanning (ms): Min: 1.0, Avg: 1.0, Max: 1.1, Diff: 0.1, Sum: 2.1]
      [Update RS (ms): Min: 0.4, Avg: 0.5, Max: 0.5, Diff: 0.2, Sum: 0.9]
         [Processed Buffers: Min: 2, Avg: 4.0, Max: 6, Diff: 4, Sum: 8]
      [Scan RS (ms): Min: 0.0, Avg: 0.1, Max: 0.1, Diff: 0.0, Sum: 0.1]
      [Code Root Scanning (ms): Min: 0.0, Avg: 0.0, Max: 0.0, Diff: 0.0, Sum: 0.0]
      [Object Copy (ms): Min: 14.1, Avg: 14.2, Max: 14.3, Diff: 0.2, Sum: 28.4]
      [Termination (ms): Min: 0.0, Avg: 0.0, Max: 0.0, Diff: 0.0, Sum: 0.0]
      [GC Worker Other (ms): Min: 0.0, Avg: 0.0, Max: 0.0, Diff: 0.0, Sum: 0.1]
      [GC Worker Total (ms): Min: 15.8, Avg: 15.8, Max: 15.8, Diff: 0.0, Sum: 31.6]
      [GC Worker End (ms): Min: 6995.3, Avg: 6995.3, Max: 6995.3, Diff: 0.0]
   [Code Root Fixup: 0.0 ms]
   [Code Root Migration: 0.0 ms]
   [Clear CT: 0.3 ms]
   [Other: 0.3 ms]
      [Choose CSet: 0.0 ms]
      [Ref Proc: 0.1 ms]
      [Ref Enq: 0.0 ms]
      [Free CSet: 0.1 ms]
   [Eden: 23.0M(23.0M)->0.0B(5120.0K) Survivors: 4096.0K->4096.0K Heap: 100.0M(163.0M)->97.0M(182.0M)]
 [Times: user=0.03 sys=0.02, real=0.02 secs] 
2014-07-10T16:12:36.018+0200: 7.004: [GC pause (mixed), 0.0052185 secs]
   [Parallel Time: 4.8 ms, GC Workers: 2]
      [GC Worker Start (ms): Min: 7004.4, Avg: 7004.4, Max: 7004.4, Diff: 0.0]
      [Ext Root Scanning (ms): Min: 0.9, Avg: 0.9, Max: 0.9, Diff: 0.0, Sum: 1.9]
      [Update RS (ms): Min: 0.3, Avg: 0.3, Max: 0.3, Diff: 0.0, Sum: 0.7]
         [Processed Buffers: Min: 2, Avg: 3.0, Max: 4, Diff: 2, Sum: 6]
      [Scan RS (ms): Min: 0.1, Avg: 0.1, Max: 0.1, Diff: 0.0, Sum: 0.2]
      [Code Root Scanning (ms): Min: 0.0, Avg: 0.0, Max: 0.0, Diff: 0.0, Sum: 0.0]
      [Object Copy (ms): Min: 3.4, Avg: 3.4, Max: 3.4, Diff: 0.0, Sum: 6.8]
      [Termination (ms): Min: 0.0, Avg: 0.0, Max: 0.0, Diff: 0.0, Sum: 0.0]
      [GC Worker Other (ms): Min: 0.0, Avg: 0.0, Max: 0.0, Diff: 0.0, Sum: 0.1]
      [GC Worker Total (ms): Min: 4.8, Avg: 4.8, Max: 4.8, Diff: 0.0, Sum: 9.6]
      [GC Worker End (ms): Min: 7009.2, Avg: 7009.2, Max: 7009.2, Diff: 0.0]
   [Code Root Fixup: 0.0 ms]
   [Code Root Migration: 0.0 ms]
   [Clear CT: 0.1 ms]
   [Other: 0.3 ms]
      [Choose CSet: 0.0 ms]
      [Ref Proc: 0.1 ms]
      [Ref Enq: 0.0 ms]
      [Free CSet: 0.1 ms]
   [Eden: 5120.0K(5120.0K)->0.0B(46.0M) Survivors: 4096.0K->2048.0K Heap: 102.0M(182.0M)->83.7M(197.0M)]
 [Times: user=0.00 sys=0.00, real=0.01 secs] 
2014-07-10T16:12:36.098+0200: 7.085: [GC pause (young), 0.0383861 secs]
   [Parallel Time: 37.5 ms, GC Workers: 2]
      [GC Worker Start (ms): Min: 7084.7, Avg: 7085.0, Max: 7085.2, Diff: 0.5]
      [Ext Root Scanning (ms): Min: 0.8, Avg: 1.0, Max: 1.2, Diff: 0.5, Sum: 2.0]
      [Update RS (ms): Min: 0.3, Avg: 0.3, Max: 0.3, Diff: 0.0, Sum: 0.5]
         [Processed Buffers: Min: 1, Avg: 3.0, Max: 5, Diff: 4, Sum: 6]
      [Scan RS (ms): Min: 0.1, Avg: 0.1, Max: 0.1, Diff: 0.0, Sum: 0.1]
      [Code Root Scanning (ms): Min: 0.0, Avg: 0.0, Max: 0.0, Diff: 0.0, Sum: 0.1]
      [Object Copy (ms): Min: 35.8, Avg: 35.9, Max: 35.9, Diff: 0.1, Sum: 71.7]
      [Termination (ms): Min: 0.0, Avg: 0.0, Max: 0.0, Diff: 0.0, Sum: 0.0]
      [GC Worker Other (ms): Min: 0.0, Avg: 0.0, Max: 0.0, Diff: 0.0, Sum: 0.1]
      [GC Worker Total (ms): Min: 37.0, Avg: 37.3, Max: 37.5, Diff: 0.5, Sum: 74.5]
      [GC Worker End (ms): Min: 7122.2, Avg: 7122.2, Max: 7122.2, Diff: 0.0]
   [Code Root Fixup: 0.0 ms]
   [Code Root Migration: 0.0 ms]
   [Clear CT: 0.0 ms]
   [Other: 0.8 ms]
      [Choose CSet: 0.0 ms]
      [Ref Proc: 0.4 ms]
      [Ref Enq: 0.0 ms]
      [Free CSet: 0.1 ms]
   [Eden: 46.0M(46.0M)->0.0B(23.0M) Survivors: 2048.0K->6144.0K Heap: 129.7M(197.0M)->141.0M(209.0M)]
 [Times: user=0.05 sys=0.03, real=0.04 secs] 
2014-07-10T16:12:36.174+0200: 7.160: [GC pause (young) (initial-mark), 0.0164985 secs]
   [Parallel Time: 15.6 ms, GC Workers: 2]
      [GC Worker Start (ms): Min: 7160.4, Avg: 7160.4, Max: 7160.4, Diff: 0.0]
      [Ext Root Scanning (ms): Min: 1.2, Avg: 1.2, Max: 1.2, Diff: 0.0, Sum: 2.3]
      [Code Root Marking (ms): Min: 0.0, Avg: 0.0, Max: 0.1, Diff: 0.0, Sum: 0.1]
      [Update RS (ms): Min: 0.9, Avg: 0.9, Max: 0.9, Diff: 0.0, Sum: 1.8]
         [Processed Buffers: Min: 4, Avg: 4.5, Max: 5, Diff: 1, Sum: 9]
      [Scan RS (ms): Min: 0.0, Avg: 0.0, Max: 0.1, Diff: 0.0, Sum: 0.1]
      [Code Root Scanning (ms): Min: 0.0, Avg: 0.0, Max: 0.0, Diff: 0.0, Sum: 0.0]
      [Object Copy (ms): Min: 13.3, Avg: 13.3, Max: 13.4, Diff: 0.0, Sum: 26.7]
      [Termination (ms): Min: 0.0, Avg: 0.0, Max: 0.0, Diff: 0.0, Sum: 0.0]
      [GC Worker Other (ms): Min: 0.0, Avg: 0.0, Max: 0.0, Diff: 0.0, Sum: 0.1]
      [GC Worker Total (ms): Min: 15.6, Avg: 15.6, Max: 15.6, Diff: 0.0, Sum: 31.1]
      [GC Worker End (ms): Min: 7176.0, Avg: 7176.0, Max: 7176.0, Diff: 0.0]
   [Code Root Fixup: 0.0 ms]
   [Code Root Migration: 0.0 ms]
   [Clear CT: 0.0 ms]
   [Other: 0.8 ms]
      [Choose CSet: 0.0 ms]
      [Ref Proc: 0.5 ms]
      [Ref Enq: 0.0 ms]
      [Free CSet: 0.1 ms]
   [Eden: 23.0M(23.0M)->0.0B(19.0M) Survivors: 6144.0K->4096.0K Heap: 164.0M(209.0M)->158.0M(219.0M)]
 [Times: user=0.03 sys=0.00, real=0.02 secs] 
2014-07-10T16:12:36.190+0200: 7.177: [GC concurrent-root-region-scan-start]
2014-07-10T16:12:36.192+0200: 7.179: [GC concurrent-root-region-scan-end, 0.0017627 secs]
2014-07-10T16:12:36.192+0200: 7.179: [GC concurrent-mark-start]
2014-07-10T16:12:36.195+0200: 7.181: [GC concurrent-mark-end, 0.0023941 secs]
2014-07-10T16:12:36.195+0200: 7.181: [GC remark 2014-07-10T16:12:36.195+0200: 7.182: [GC ref-proc, 0.0000697 secs], 0.0010130 secs]
 [Times: user=0.00 sys=0.00, real=0.00 secs] 
2014-07-10T16:12:36.196+0200: 7.183: [GC cleanup 159M->76M(219M), 0.0007846 secs]
 [Times: user=0.00 sys=0.00, real=0.00 secs] 
2014-07-10T16:12:36.197+0200: 7.183: [GC concurrent-cleanup-start]
2014-07-10T16:12:36.197+0200: 7.184: [GC concurrent-cleanup-end, 0.0001595 secs]
2014-07-10T16:12:36.224+0200: 7.211: [GC pause (young), 0.0144865 secs]
   [Parallel Time: 14.0 ms, GC Workers: 2]
      [GC Worker Start (ms): Min: 7210.6, Avg: 7210.6, Max: 7210.6, Diff: 0.0]
      [Ext Root Scanning (ms): Min: 1.5, Avg: 1.5, Max: 1.5, Diff: 0.0, Sum: 3.0]
      [Update RS (ms): Min: 0.4, Avg: 0.4, Max: 0.4, Diff: 0.0, Sum: 0.8]
         [Processed Buffers: Min: 2, Avg: 4.0, Max: 6, Diff: 4, Sum: 8]
      [Scan RS (ms): Min: 0.0, Avg: 0.0, Max: 0.0, Diff: 0.0, Sum: 0.1]
      [Code Root Scanning (ms): Min: 0.0, Avg: 0.0, Max: 0.0, Diff: 0.0, Sum: 0.0]
      [Object Copy (ms): Min: 11.9, Avg: 12.0, Max: 12.0, Diff: 0.1, Sum: 23.9]
      [Termination (ms): Min: 0.0, Avg: 0.0, Max: 0.0, Diff: 0.0, Sum: 0.0]
      [GC Worker Other (ms): Min: 0.0, Avg: 0.0, Max: 0.0, Diff: 0.0, Sum: 0.1]
      [GC Worker Total (ms): Min: 13.9, Avg: 13.9, Max: 13.9, Diff: 0.0, Sum: 27.8]
      [GC Worker End (ms): Min: 7224.5, Avg: 7224.5, Max: 7224.5, Diff: 0.0]
   [Code Root Fixup: 0.0 ms]
   [Code Root Migration: 0.0 ms]
   [Clear CT: 0.0 ms]
   [Other: 0.4 ms]
      [Choose CSet: 0.0 ms]
      [Ref Proc: 0.2 ms]
      [Ref Enq: 0.0 ms]
      [Free CSet: 0.1 ms]
   [Eden: 19.0M(19.0M)->0.0B(8192.0K) Survivors: 4096.0K->3072.0K Heap: 94.0M(219.0M)->91.0M(227.0M)]
 [Times: user=0.02 sys=0.02, real=0.02 secs] 
2014-07-10T16:12:36.251+0200: 7.237: [GC pause (mixed), 0.0084951 secs]
   [Parallel Time: 8.0 ms, GC Workers: 2]
      [GC Worker Start (ms): Min: 7237.5, Avg: 7237.5, Max: 7237.5, Diff: 0.0]
      [Ext Root Scanning (ms): Min: 1.0, Avg: 1.0, Max: 1.0, Diff: 0.1, Sum: 2.0]
      [Update RS (ms): Min: 0.3, Avg: 0.3, Max: 0.3, Diff: 0.0, Sum: 0.6]
         [Processed Buffers: Min: 1, Avg: 3.0, Max: 5, Diff: 4, Sum: 6]
      [Scan RS (ms): Min: 0.1, Avg: 0.1, Max: 0.1, Diff: 0.0, Sum: 0.2]
      [Code Root Scanning (ms): Min: 0.0, Avg: 0.0, Max: 0.0, Diff: 0.0, Sum: 0.0]
      [Object Copy (ms): Min: 6.4, Avg: 6.4, Max: 6.5, Diff: 0.2, Sum: 12.9]
      [Termination (ms): Min: 0.0, Avg: 0.1, Max: 0.2, Diff: 0.2, Sum: 0.2]
      [GC Worker Other (ms): Min: 0.0, Avg: 0.0, Max: 0.1, Diff: 0.0, Sum: 0.1]
      [GC Worker Total (ms): Min: 8.0, Avg: 8.0, Max: 8.0, Diff: 0.0, Sum: 16.0]
      [GC Worker End (ms): Min: 7245.5, Avg: 7245.5, Max: 7245.5, Diff: 0.0]
   [Code Root Fixup: 0.0 ms]
   [Code Root Migration: 0.0 ms]
   [Clear CT: 0.1 ms]
   [Other: 0.4 ms]
      [Choose CSet: 0.0 ms]
      [Ref Proc: 0.1 ms]
      [Ref Enq: 0.0 ms]
      [Free CSet: 0.1 ms]
   [Eden: 8192.0K(8192.0K)->0.0B(65.0M) Survivors: 3072.0K->2048.0K Heap: 99.0M(227.0M)->82.2M(233.0M)]
 [Times: user=0.00 sys=0.00, real=0.01 secs] 
2014-07-10T16:12:36.369+0200: 7.355: [GC pause (young), 0.0458143 secs]
   [Parallel Time: 45.2 ms, GC Workers: 2]
      [GC Worker Start (ms): Min: 7355.3, Avg: 7355.3, Max: 7355.3, Diff: 0.0]
      [Ext Root Scanning (ms): Min: 0.8, Avg: 0.9, Max: 0.9, Diff: 0.1, Sum: 1.8]
      [Update RS (ms): Min: 0.3, Avg: 0.4, Max: 0.4, Diff: 0.1, Sum: 0.7]
         [Processed Buffers: Min: 2, Avg: 3.0, Max: 4, Diff: 2, Sum: 6]
      [Scan RS (ms): Min: 0.1, Avg: 0.1, Max: 0.1, Diff: 0.0, Sum: 0.2]
      [Code Root Scanning (ms): Min: 0.0, Avg: 0.0, Max: 0.0, Diff: 0.0, Sum: 0.1]
      [Object Copy (ms): Min: 43.8, Avg: 43.8, Max: 43.8, Diff: 0.0, Sum: 87.6]
      [Termination (ms): Min: 0.0, Avg: 0.0, Max: 0.0, Diff: 0.0, Sum: 0.0]
      [GC Worker Other (ms): Min: 0.0, Avg: 0.0, Max: 0.0, Diff: 0.0, Sum: 0.0]
      [GC Worker Total (ms): Min: 45.2, Avg: 45.2, Max: 45.2, Diff: 0.0, Sum: 90.4]
      [GC Worker End (ms): Min: 7400.5, Avg: 7400.5, Max: 7400.5, Diff: 0.0]
   [Code Root Fixup: 0.0 ms]
   [Code Root Migration: 0.0 ms]
   [Clear CT: 0.1 ms]
   [Other: 0.4 ms]
      [Choose CSet: 0.0 ms]
      [Ref Proc: 0.0 ms]
      [Ref Enq: 0.0 ms]
      [Free CSet: 0.1 ms]
   [Eden: 65.0M(65.0M)->0.0B(29.0M) Survivors: 2048.0K->9216.0K Heap: 147.2M(233.0M)->154.0M(238.0M)]
 [Times: user=0.03 sys=0.03, real=0.05 secs] 
2014-07-10T16:12:36.463+0200: 7.450: [GC pause (young) (initial-mark), 0.0316776 secs]
   [Parallel Time: 31.0 ms, GC Workers: 2]
      [GC Worker Start (ms): Min: 7449.9, Avg: 7465.2, Max: 7480.4, Diff: 30.5]
      [Ext Root Scanning (ms): Min: 0.0, Avg: 1.1, Max: 2.2, Diff: 2.1, Sum: 2.2]
      [Code Root Marking (ms): Min: 0.0, Avg: 0.1, Max: 0.1, Diff: 0.1, Sum: 0.1]
      [Update RS (ms): Min: 0.0, Avg: 0.9, Max: 1.8, Diff: 1.8, Sum: 1.8]
         [Processed Buffers: Min: 0, Avg: 6.0, Max: 12, Diff: 12, Sum: 12]
      [Scan RS (ms): Min: 0.0, Avg: 0.0, Max: 0.1, Diff: 0.1, Sum: 0.1]
      [Code Root Scanning (ms): Min: 0.0, Avg: 0.0, Max: 0.0, Diff: 0.0, Sum: 0.0]
      [Object Copy (ms): Min: 0.0, Avg: 13.1, Max: 26.2, Diff: 26.2, Sum: 26.2]
      [Termination (ms): Min: 0.0, Avg: 0.2, Max: 0.5, Diff: 0.5, Sum: 0.5]
      [GC Worker Other (ms): Min: 0.0, Avg: 0.0, Max: 0.0, Diff: 0.0, Sum: 0.1]
      [GC Worker Total (ms): Min: 0.1, Avg: 15.5, Max: 30.9, Diff: 30.8, Sum: 31.0]
      [GC Worker End (ms): Min: 7480.5, Avg: 7480.6, Max: 7480.8, Diff: 0.3]
   [Code Root Fixup: 0.0 ms]
   [Code Root Migration: 0.0 ms]
   [Clear CT: 0.3 ms]
   [Other: 0.4 ms]
      [Choose CSet: 0.0 ms]
      [Ref Proc: 0.1 ms]
      [Ref Enq: 0.0 ms]
      [Free CSet: 0.1 ms]
   [Eden: 29.0M(29.0M)->0.0B(19.0M) Survivors: 9216.0K->5120.0K Heap: 183.0M(238.0M)->178.0M(242.0M)]
 [Times: user=0.03 sys=0.00, real=0.03 secs] 
2014-07-10T16:12:36.495+0200: 7.482: [GC concurrent-root-region-scan-start]
2014-07-10T16:12:36.496+0200: 7.483: [GC concurrent-root-region-scan-end, 0.0011549 secs]
2014-07-10T16:12:36.496+0200: 7.483: [GC concurrent-mark-start]
2014-07-10T16:12:36.500+0200: 7.487: [GC concurrent-mark-end, 0.0033348 secs]
2014-07-10T16:12:36.500+0200: 7.487: [GC remark 2014-07-10T16:12:36.500+0200: 7.487: [GC ref-proc, 0.0000664 secs], 0.0013221 secs]
 [Times: user=0.00 sys=0.00, real=0.00 secs] 
2014-07-10T16:12:36.502+0200: 7.488: [GC cleanup 179M->83M(242M), 0.0007102 secs]
 [Times: user=0.00 sys=0.00, real=0.00 secs] 
2014-07-10T16:12:36.502+0200: 7.489: [GC concurrent-cleanup-start]
2014-07-10T16:12:36.503+0200: 7.489: [GC concurrent-cleanup-end, 0.0001778 secs]
2014-07-10T16:12:36.533+0200: 7.519: [GC pause (young), 0.0137327 secs]
   [Parallel Time: 13.3 ms, GC Workers: 2]
      [GC Worker Start (ms): Min: 7519.4, Avg: 7519.5, Max: 7519.5, Diff: 0.0]
      [Ext Root Scanning (ms): Min: 0.9, Avg: 1.0, Max: 1.0, Diff: 0.0, Sum: 1.9]
      [Update RS (ms): Min: 0.4, Avg: 0.5, Max: 0.7, Diff: 0.3, Sum: 1.0]
         [Processed Buffers: Min: 2, Avg: 3.0, Max: 4, Diff: 2, Sum: 6]
      [Scan RS (ms): Min: 0.0, Avg: 0.0, Max: 0.1, Diff: 0.1, Sum: 0.1]
      [Code Root Scanning (ms): Min: 0.0, Avg: 0.0, Max: 0.0, Diff: 0.0, Sum: 0.0]
      [Object Copy (ms): Min: 11.5, Avg: 11.6, Max: 11.7, Diff: 0.2, Sum: 23.2]
      [Termination (ms): Min: 0.0, Avg: 0.0, Max: 0.0, Diff: 0.0, Sum: 0.0]
      [GC Worker Other (ms): Min: 0.0, Avg: 0.0, Max: 0.0, Diff: 0.0, Sum: 0.1]
      [GC Worker Total (ms): Min: 13.2, Avg: 13.2, Max: 13.2, Diff: 0.0, Sum: 26.3]
      [GC Worker End (ms): Min: 7532.6, Avg: 7532.6, Max: 7532.6, Diff: 0.0]
   [Code Root Fixup: 0.0 ms]
   [Code Root Migration: 0.0 ms]
   [Clear CT: 0.0 ms]
   [Other: 0.3 ms]
      [Choose CSet: 0.0 ms]
      [Ref Proc: 0.1 ms]
      [Ref Enq: 0.0 ms]
      [Free CSet: 0.1 ms]
   [Eden: 19.0M(19.0M)->0.0B(9216.0K) Survivors: 5120.0K->3072.0K Heap: 101.0M(242.0M)->97.0M(245.0M)]
 [Times: user=0.03 sys=0.00, real=0.01 secs] 
2014-07-10T16:12:36.597+0200: 7.583: [GC pause (mixed), 0.0088731 secs]
   [Parallel Time: 8.2 ms, GC Workers: 2]
      [GC Worker Start (ms): Min: 7583.4, Avg: 7583.4, Max: 7583.4, Diff: 0.0]
      [Ext Root Scanning (ms): Min: 1.0, Avg: 1.0, Max: 1.0, Diff: 0.0, Sum: 2.0]
      [Update RS (ms): Min: 0.3, Avg: 0.3, Max: 0.3, Diff: 0.0, Sum: 0.6]
         [Processed Buffers: Min: 1, Avg: 4.5, Max: 8, Diff: 7, Sum: 9]
      [Scan RS (ms): Min: 0.1, Avg: 0.1, Max: 0.1, Diff: 0.0, Sum: 0.2]
      [Code Root Scanning (ms): Min: 0.0, Avg: 0.0, Max: 0.0, Diff: 0.0, Sum: 0.0]
      [Object Copy (ms): Min: 6.7, Avg: 6.7, Max: 6.7, Diff: 0.0, Sum: 13.5]
      [Termination (ms): Min: 0.0, Avg: 0.0, Max: 0.0, Diff: 0.0, Sum: 0.0]
      [GC Worker Other (ms): Min: 0.0, Avg: 0.0, Max: 0.0, Diff: 0.0, Sum: 0.1]
      [GC Worker Total (ms): Min: 8.2, Avg: 8.2, Max: 8.2, Diff: 0.0, Sum: 16.3]
      [GC Worker End (ms): Min: 7591.6, Avg: 7591.6, Max: 7591.6, Diff: 0.0]
   [Code Root Fixup: 0.0 ms]
   [Code Root Migration: 0.0 ms]
   [Clear CT: 0.1 ms]
   [Other: 0.6 ms]
      [Choose CSet: 0.0 ms]
      [Ref Proc: 0.3 ms]
      [Ref Enq: 0.0 ms]
      [Free CSet: 0.1 ms]
   [Eden: 9216.0K(9216.0K)->0.0B(65.0M) Survivors: 3072.0K->2048.0K Heap: 106.0M(245.0M)->93.5M(248.0M)]
 [Times: user=0.03 sys=0.00, real=0.01 secs] 
2014-07-10T16:12:36.717+0200: 7.704: [GC pause (young), 0.0477112 secs]
   [Parallel Time: 47.1 ms, GC Workers: 2]
      [GC Worker Start (ms): Min: 7703.6, Avg: 7703.6, Max: 7703.6, Diff: 0.0]
      [Ext Root Scanning (ms): Min: 1.0, Avg: 1.1, Max: 1.1, Diff: 0.1, Sum: 2.1]
      [Update RS (ms): Min: 0.4, Avg: 0.4, Max: 0.4, Diff: 0.0, Sum: 0.8]
         [Processed Buffers: Min: 2, Avg: 2.5, Max: 3, Diff: 1, Sum: 5]
      [Scan RS (ms): Min: 0.1, Avg: 0.1, Max: 0.1, Diff: 0.0, Sum: 0.2]
      [Code Root Scanning (ms): Min: 0.0, Avg: 0.0, Max: 0.1, Diff: 0.0, Sum: 0.1]
      [Object Copy (ms): Min: 45.2, Avg: 45.2, Max: 45.3, Diff: 0.1, Sum: 90.5]
      [Termination (ms): Min: 0.0, Avg: 0.1, Max: 0.3, Diff: 0.3, Sum: 0.3]
      [GC Worker Other (ms): Min: 0.0, Avg: 0.0, Max: 0.0, Diff: 0.0, Sum: 0.0]
      [GC Worker Total (ms): Min: 46.9, Avg: 47.0, Max: 47.1, Diff: 0.2, Sum: 94.0]
      [GC Worker End (ms): Min: 7750.5, Avg: 7750.6, Max: 7750.6, Diff: 0.2]
   [Code Root Fixup: 0.0 ms]
   [Code Root Migration: 0.0 ms]
   [Clear CT: 0.1 ms]
   [Other: 0.5 ms]
      [Choose CSet: 0.0 ms]
      [Ref Proc: 0.2 ms]
      [Ref Enq: 0.0 ms]
      [Free CSet: 0.1 ms]
   [Eden: 65.0M(65.0M)->0.0B(30.0M) Survivors: 2048.0K->9216.0K Heap: 158.5M(248.0M)->164.0M(250.0M)]
 [Times: user=0.08 sys=0.00, real=0.05 secs] 
2014-07-10T16:12:36.814+0200: 7.801: [GC pause (young) (initial-mark), 0.0214839 secs]
   [Parallel Time: 20.8 ms, GC Workers: 2]
      [GC Worker Start (ms): Min: 7800.6, Avg: 7800.6, Max: 7800.6, Diff: 0.0]
      [Ext Root Scanning (ms): Min: 1.0, Avg: 1.0, Max: 1.1, Diff: 0.1, Sum: 2.1]
      [Code Root Marking (ms): Min: 0.0, Avg: 0.1, Max: 0.1, Diff: 0.0, Sum: 0.1]
      [Update RS (ms): Min: 0.9, Avg: 0.9, Max: 0.9, Diff: 0.0, Sum: 1.8]
         [Processed Buffers: Min: 4, Avg: 5.0, Max: 6, Diff: 2, Sum: 10]
      [Scan RS (ms): Min: 0.0, Avg: 0.0, Max: 0.1, Diff: 0.0, Sum: 0.1]
      [Code Root Scanning (ms): Min: 0.0, Avg: 0.0, Max: 0.0, Diff: 0.0, Sum: 0.1]
      [Object Copy (ms): Min: 18.5, Avg: 18.5, Max: 18.6, Diff: 0.0, Sum: 37.1]
      [Termination (ms): Min: 0.0, Avg: 0.0, Max: 0.0, Diff: 0.0, Sum: 0.0]
      [GC Worker Other (ms): Min: 0.0, Avg: 0.0, Max: 0.0, Diff: 0.0, Sum: 0.1]
      [GC Worker Total (ms): Min: 20.6, Avg: 20.6, Max: 20.6, Diff: 0.0, Sum: 41.2]
      [GC Worker End (ms): Min: 7821.2, Avg: 7821.2, Max: 7821.2, Diff: 0.0]
   [Code Root Fixup: 0.0 ms]
   [Code Root Migration: 0.0 ms]
   [Clear CT: 0.2 ms]
   [Other: 0.4 ms]
      [Choose CSet: 0.0 ms]
      [Ref Proc: 0.1 ms]
      [Ref Enq: 0.0 ms]
      [Free CSet: 0.1 ms]
   [Eden: 30.0M(30.0M)->0.0B(19.0M) Survivors: 9216.0K->5120.0K Heap: 194.0M(250.0M)->186.5M(252.0M)]
 [Times: user=0.03 sys=0.00, real=0.02 secs] 
2014-07-10T16:12:36.836+0200: 7.822: [GC concurrent-root-region-scan-start]
2014-07-10T16:12:36.837+0200: 7.824: [GC concurrent-root-region-scan-end, 0.0017037 secs]
2014-07-10T16:12:36.837+0200: 7.824: [GC concurrent-mark-start]
2014-07-10T16:12:36.841+0200: 7.827: [GC concurrent-mark-end, 0.0031761 secs]
2014-07-10T16:12:36.841+0200: 7.828: [GC remark 2014-07-10T16:12:36.846+0200: 7.833: [GC ref-proc, 0.0000807 secs], 0.0062990 secs]
 [Times: user=0.00 sys=0.00, real=0.01 secs] 
2014-07-10T16:12:36.848+0200: 7.834: [GC cleanup 188M->94M(252M), 0.0008671 secs]
 [Times: user=0.00 sys=0.00, real=0.00 secs] 
2014-07-10T16:12:36.848+0200: 7.835: [GC concurrent-cleanup-start]
2014-07-10T16:12:36.849+0200: 7.835: [GC concurrent-cleanup-end, 0.0001991 secs]
2014-07-10T16:12:36.878+0200: 7.864: [GC pause (young), 0.0165806 secs]
   [Parallel Time: 13.6 ms, GC Workers: 2]
      [GC Worker Start (ms): Min: 7864.5, Avg: 7864.5, Max: 7864.5, Diff: 0.0]
      [Ext Root Scanning (ms): Min: 1.1, Avg: 1.1, Max: 1.1, Diff: 0.0, Sum: 2.2]
      [Update RS (ms): Min: 0.6, Avg: 0.6, Max: 0.7, Diff: 0.1, Sum: 1.2]
         [Processed Buffers: Min: 3, Avg: 3.0, Max: 3, Diff: 0, Sum: 6]
      [Scan RS (ms): Min: 0.0, Avg: 0.0, Max: 0.1, Diff: 0.0, Sum: 0.1]
      [Code Root Scanning (ms): Min: 0.0, Avg: 0.0, Max: 0.0, Diff: 0.0, Sum: 0.0]
      [Object Copy (ms): Min: 11.4, Avg: 11.4, Max: 11.4, Diff: 0.0, Sum: 22.9]
      [Termination (ms): Min: 0.0, Avg: 0.0, Max: 0.0, Diff: 0.0, Sum: 0.0]
      [GC Worker Other (ms): Min: 0.0, Avg: 0.0, Max: 0.0, Diff: 0.0, Sum: 0.1]
      [GC Worker Total (ms): Min: 13.2, Avg: 13.2, Max: 13.2, Diff: 0.0, Sum: 26.5]
      [GC Worker End (ms): Min: 7877.7, Avg: 7877.7, Max: 7877.7, Diff: 0.0]
   [Code Root Fixup: 0.0 ms]
   [Code Root Migration: 0.0 ms]
   [Clear CT: 0.0 ms]
   [Other: 2.9 ms]
      [Choose CSet: 0.0 ms]
      [Ref Proc: 2.7 ms]
      [Ref Enq: 0.0 ms]
      [Free CSet: 0.1 ms]
   [Eden: 19.0M(19.0M)->0.0B(9216.0K) Survivors: 5120.0K->3072.0K Heap: 111.5M(252.0M)->107.0M(253.0M)]
 [Times: user=0.03 sys=0.00, real=0.02 secs] 
2014-07-10T16:12:36.908+0200: 7.895: [GC pause (mixed), 0.0088423 secs]
   [Parallel Time: 8.1 ms, GC Workers: 2]
      [GC Worker Start (ms): Min: 7894.6, Avg: 7894.7, Max: 7894.7, Diff: 0.1]
      [Ext Root Scanning (ms): Min: 1.2, Avg: 1.3, Max: 1.3, Diff: 0.0, Sum: 2.5]
      [Update RS (ms): Min: 0.3, Avg: 0.3, Max: 0.4, Diff: 0.1, Sum: 0.7]
         [Processed Buffers: Min: 1, Avg: 3.5, Max: 6, Diff: 5, Sum: 7]
      [Scan RS (ms): Min: 0.1, Avg: 0.1, Max: 0.2, Diff: 0.0, Sum: 0.3]
      [Code Root Scanning (ms): Min: 0.0, Avg: 0.0, Max: 0.0, Diff: 0.0, Sum: 0.0]
      [Object Copy (ms): Min: 6.2, Avg: 6.2, Max: 6.3, Diff: 0.0, Sum: 12.5]
      [Termination (ms): Min: 0.0, Avg: 0.0, Max: 0.0, Diff: 0.0, Sum: 0.0]
      [GC Worker Other (ms): Min: 0.0, Avg: 0.0, Max: 0.0, Diff: 0.0, Sum: 0.1]
      [GC Worker Total (ms): Min: 8.0, Avg: 8.0, Max: 8.1, Diff: 0.1, Sum: 16.1]
      [GC Worker End (ms): Min: 7902.7, Avg: 7902.7, Max: 7902.7, Diff: 0.0]
   [Code Root Fixup: 0.0 ms]
   [Code Root Migration: 0.0 ms]
   [Clear CT: 0.2 ms]
   [Other: 0.5 ms]
      [Choose CSet: 0.0 ms]
      [Ref Proc: 0.1 ms]
      [Ref Enq: 0.0 ms]
      [Free CSet: 0.2 ms]
   [Eden: 9216.0K(9216.0K)->0.0B(68.0M) Survivors: 3072.0K->2048.0K Heap: 116.0M(253.0M)->92.0M(254.0M)]
 [Times: user=0.03 sys=0.00, real=0.01 secs] 
2014-07-10T16:12:37.029+0200: 8.016: [GC pause (young), 0.0461475 secs]
   [Parallel Time: 45.5 ms, GC Workers: 2]
      [GC Worker Start (ms): Min: 8015.6, Avg: 8015.6, Max: 8015.6, Diff: 0.0]
      [Ext Root Scanning (ms): Min: 1.0, Avg: 1.0, Max: 1.1, Diff: 0.1, Sum: 2.1]
      [Update RS (ms): Min: 0.4, Avg: 0.4, Max: 0.4, Diff: 0.1, Sum: 0.8]
         [Processed Buffers: Min: 3, Avg: 3.0, Max: 3, Diff: 0, Sum: 6]
      [Scan RS (ms): Min: 0.1, Avg: 0.1, Max: 0.1, Diff: 0.0, Sum: 0.2]
      [Code Root Scanning (ms): Min: 0.0, Avg: 0.0, Max: 0.0, Diff: 0.0, Sum: 0.1]
      [Object Copy (ms): Min: 43.9, Avg: 43.9, Max: 43.9, Diff: 0.0, Sum: 87.8]
      [Termination (ms): Min: 0.0, Avg: 0.0, Max: 0.0, Diff: 0.0, Sum: 0.0]
      [GC Worker Other (ms): Min: 0.0, Avg: 0.0, Max: 0.0, Diff: 0.0, Sum: 0.1]
      [GC Worker Total (ms): Min: 45.5, Avg: 45.5, Max: 45.5, Diff: 0.0, Sum: 91.0]
      [GC Worker End (ms): Min: 8061.1, Avg: 8061.1, Max: 8061.1, Diff: 0.0]
   [Code Root Fixup: 0.0 ms]
   [Code Root Migration: 0.0 ms]
   [Clear CT: 0.1 ms]
   [Other: 0.5 ms]
      [Choose CSet: 0.0 ms]
      [Ref Proc: 0.0 ms]
      [Ref Enq: 0.0 ms]
      [Free CSet: 0.1 ms]
   [Eden: 68.0M(68.0M)->0.0B(29.0M) Survivors: 2048.0K->9216.0K Heap: 160.0M(254.0M)->169.5M(255.0M)]
 [Times: user=0.08 sys=0.01, real=0.05 secs] 
2014-07-10T16:12:37.123+0200: 8.110: [GC pause (young) (initial-mark), 0.0214582 secs]
   [Parallel Time: 19.3 ms, GC Workers: 2]
      [GC Worker Start (ms): Min: 8109.7, Avg: 8109.7, Max: 8109.7, Diff: 0.0]
      [Ext Root Scanning (ms): Min: 1.1, Avg: 1.1, Max: 1.1, Diff: 0.1, Sum: 2.2]
      [Code Root Marking (ms): Min: 0.0, Avg: 0.1, Max: 0.1, Diff: 0.0, Sum: 0.1]
      [Update RS (ms): Min: 1.1, Avg: 1.1, Max: 1.1, Diff: 0.1, Sum: 2.2]
         [Processed Buffers: Min: 4, Avg: 5.0, Max: 6, Diff: 2, Sum: 10]
      [Scan RS (ms): Min: 0.0, Avg: 0.0, Max: 0.1, Diff: 0.0, Sum: 0.1]
      [Code Root Scanning (ms): Min: 0.0, Avg: 0.0, Max: 0.1, Diff: 0.0, Sum: 0.1]
      [Object Copy (ms): Min: 16.7, Avg: 16.7, Max: 16.8, Diff: 0.0, Sum: 33.5]
      [Termination (ms): Min: 0.0, Avg: 0.0, Max: 0.0, Diff: 0.0, Sum: 0.0]
      [GC Worker Other (ms): Min: 0.0, Avg: 0.0, Max: 0.0, Diff: 0.0, Sum: 0.1]
      [GC Worker Total (ms): Min: 19.1, Avg: 19.1, Max: 19.1, Diff: 0.0, Sum: 38.2]
      [GC Worker End (ms): Min: 8128.8, Avg: 8128.8, Max: 8128.8, Diff: 0.0]
   [Code Root Fixup: 0.0 ms]
   [Code Root Migration: 0.0 ms]
   [Clear CT: 0.0 ms]
   [Other: 2.1 ms]
      [Choose CSet: 0.0 ms]
      [Ref Proc: 1.9 ms]
      [Ref Enq: 0.0 ms]
      [Free CSet: 0.1 ms]
   [Eden: 29.0M(29.0M)->0.0B(20.0M) Survivors: 9216.0K->5120.0K Heap: 198.5M(255.0M)->189.0M(256.0M)]
 [Times: user=0.03 sys=0.00, real=0.02 secs] 
2014-07-10T16:12:37.145+0200: 8.131: [GC concurrent-root-region-scan-start]
2014-07-10T16:12:37.145+0200: 8.131: [GC concurrent-root-region-scan-end, 0.0001027 secs]
2014-07-10T16:12:37.145+0200: 8.131: [GC concurrent-mark-start]
2014-07-10T16:12:37.148+0200: 8.135: [GC concurrent-mark-end, 0.0031233 secs]
2014-07-10T16:12:37.148+0200: 8.135: [GC remark 2014-07-10T16:12:37.148+0200: 8.135: [GC ref-proc, 0.0000638 secs], 0.0010324 secs]
 [Times: user=0.03 sys=0.00, real=0.00 secs] 
2014-07-10T16:12:37.149+0200: 8.136: [GC cleanup 191M->85M(256M), 0.0007758 secs]
 [Times: user=0.00 sys=0.00, real=0.00 secs] 
2014-07-10T16:12:37.150+0200: 8.137: [GC concurrent-cleanup-start]
2014-07-10T16:12:37.150+0200: 8.137: [GC concurrent-cleanup-end, 0.0002167 secs]
2014-07-10T16:12:37.180+0200: 8.167: [GC pause (young), 0.0183551 secs]
   [Parallel Time: 17.5 ms, GC Workers: 2]
      [GC Worker Start (ms): Min: 8166.7, Avg: 8170.5, Max: 8174.2, Diff: 7.6]
      [Ext Root Scanning (ms): Min: 0.0, Avg: 0.8, Max: 1.7, Diff: 1.7, Sum: 1.7]
      [Update RS (ms): Min: 0.0, Avg: 0.4, Max: 0.8, Diff: 0.8, Sum: 0.8]
         [Processed Buffers: Min: 0, Avg: 3.5, Max: 7, Diff: 7, Sum: 7]
      [Scan RS (ms): Min: 0.0, Avg: 0.0, Max: 0.1, Diff: 0.1, Sum: 0.1]
      [Code Root Scanning (ms): Min: 0.0, Avg: 0.0, Max: 0.0, Diff: 0.0, Sum: 0.0]
      [Object Copy (ms): Min: 9.8, Avg: 12.3, Max: 14.8, Diff: 5.0, Sum: 24.6]
      [Termination (ms): Min: 0.0, Avg: 0.0, Max: 0.0, Diff: 0.0, Sum: 0.0]
      [GC Worker Other (ms): Min: 0.0, Avg: 0.0, Max: 0.0, Diff: 0.0, Sum: 0.1]
      [GC Worker Total (ms): Min: 9.9, Avg: 13.7, Max: 17.4, Diff: 7.6, Sum: 27.3]
      [GC Worker End (ms): Min: 8184.1, Avg: 8184.1, Max: 8184.1, Diff: 0.0]
   [Code Root Fixup: 0.1 ms]
   [Code Root Migration: 0.0 ms]
   [Clear CT: 0.1 ms]
   [Other: 0.6 ms]
      [Choose CSet: 0.0 ms]
      [Ref Proc: 0.4 ms]
      [Ref Enq: 0.0 ms]
      [Free CSet: 0.1 ms]
   [Eden: 20.0M(20.0M)->0.0B(8192.0K) Survivors: 5120.0K->4096.0K Heap: 103.0M(256.0M)->100.0M(256.0M)]
 [Times: user=0.03 sys=0.00, real=0.02 secs] 
2014-07-10T16:12:37.212+0200: 8.199: [GC pause (mixed), 0.0081087 secs]
   [Parallel Time: 7.7 ms, GC Workers: 2]
      [GC Worker Start (ms): Min: 8198.6, Avg: 8198.6, Max: 8198.6, Diff: 0.0]
      [Ext Root Scanning (ms): Min: 1.0, Avg: 1.0, Max: 1.0, Diff: 0.0, Sum: 1.9]
      [Update RS (ms): Min: 0.3, Avg: 0.3, Max: 0.3, Diff: 0.0, Sum: 0.6]
         [Processed Buffers: Min: 1, Avg: 3.0, Max: 5, Diff: 4, Sum: 6]
      [Scan RS (ms): Min: 0.1, Avg: 0.1, Max: 0.1, Diff: 0.0, Sum: 0.2]
      [Code Root Scanning (ms): Min: 0.0, Avg: 0.0, Max: 0.0, Diff: 0.0, Sum: 0.0]
      [Object Copy (ms): Min: 6.2, Avg: 6.2, Max: 6.2, Diff: 0.0, Sum: 12.4]
      [Termination (ms): Min: 0.0, Avg: 0.0, Max: 0.1, Diff: 0.1, Sum: 0.1]
      [GC Worker Other (ms): Min: 0.0, Avg: 0.0, Max: 0.0, Diff: 0.0, Sum: 0.0]
      [GC Worker Total (ms): Min: 7.7, Avg: 7.7, Max: 7.7, Diff: 0.0, Sum: 15.4]
      [GC Worker End (ms): Min: 8206.3, Avg: 8206.3, Max: 8206.3, Diff: 0.0]
   [Code Root Fixup: 0.0 ms]
   [Code Root Migration: 0.0 ms]
   [Clear CT: 0.1 ms]
   [Other: 0.3 ms]
      [Choose CSet: 0.0 ms]
      [Ref Proc: 0.0 ms]
      [Ref Enq: 0.0 ms]
      [Free CSet: 0.1 ms]
   [Eden: 8192.0K(8192.0K)->0.0B(70.0M) Survivors: 4096.0K->2048.0K Heap: 108.0M(256.0M)->93.0M(256.0M)]
 [Times: user=0.00 sys=0.00, real=0.01 secs] 
2014-07-10T16:12:37.339+0200: 8.326: [GC pause (young), 0.0476008 secs]
   [Parallel Time: 47.1 ms, GC Workers: 2]
      [GC Worker Start (ms): Min: 8325.6, Avg: 8325.6, Max: 8325.6, Diff: 0.0]
      [Ext Root Scanning (ms): Min: 1.1, Avg: 1.1, Max: 1.2, Diff: 0.0, Sum: 2.3]
      [Update RS (ms): Min: 0.4, Avg: 0.4, Max: 0.4, Diff: 0.0, Sum: 0.8]
         [Processed Buffers: Min: 2, Avg: 3.0, Max: 4, Diff: 2, Sum: 6]
      [Scan RS (ms): Min: 0.1, Avg: 0.1, Max: 0.1, Diff: 0.0, Sum: 0.2]
      [Code Root Scanning (ms): Min: 0.0, Avg: 0.0, Max: 0.1, Diff: 0.0, Sum: 0.1]
      [Object Copy (ms): Min: 45.3, Avg: 45.3, Max: 45.3, Diff: 0.0, Sum: 90.6]
      [Termination (ms): Min: 0.0, Avg: 0.0, Max: 0.0, Diff: 0.0, Sum: 0.0]
      [GC Worker Other (ms): Min: 0.0, Avg: 0.0, Max: 0.0, Diff: 0.0, Sum: 0.1]
      [GC Worker Total (ms): Min: 47.1, Avg: 47.1, Max: 47.1, Diff: 0.0, Sum: 94.1]
      [GC Worker End (ms): Min: 8372.7, Avg: 8372.7, Max: 8372.7, Diff: 0.0]
   [Code Root Fixup: 0.0 ms]
   [Code Root Migration: 0.0 ms]
   [Clear CT: 0.1 ms]
   [Other: 0.4 ms]
      [Choose CSet: 0.0 ms]
      [Ref Proc: 0.0 ms]
      [Ref Enq: 0.0 ms]
      [Free CSet: 0.1 ms]
   [Eden: 70.0M(70.0M)->0.0B(28.0M) Survivors: 2048.0K->9216.0K Heap: 163.0M(256.0M)->172.5M(256.0M)]
 [Times: user=0.09 sys=0.00, real=0.05 secs] 
2014-07-10T16:12:37.432+0200: 8.418: [GC pause (young) (initial-mark), 0.0197868 secs]
   [Parallel Time: 19.4 ms, GC Workers: 2]
      [GC Worker Start (ms): Min: 8418.6, Avg: 8418.6, Max: 8418.6, Diff: 0.0]
      [Ext Root Scanning (ms): Min: 1.1, Avg: 1.1, Max: 1.1, Diff: 0.1, Sum: 2.2]
      [Code Root Marking (ms): Min: 0.0, Avg: 0.1, Max: 0.1, Diff: 0.0, Sum: 0.1]
      [Update RS (ms): Min: 1.0, Avg: 1.0, Max: 1.0, Diff: 0.0, Sum: 1.9]
         [Processed Buffers: Min: 4, Avg: 5.0, Max: 6, Diff: 2, Sum: 10]
      [Scan RS (ms): Min: 0.0, Avg: 0.0, Max: 0.1, Diff: 0.0, Sum: 0.1]
      [Code Root Scanning (ms): Min: 0.0, Avg: 0.0, Max: 0.0, Diff: 0.0, Sum: 0.0]
      [Object Copy (ms): Min: 17.1, Avg: 17.1, Max: 17.1, Diff: 0.0, Sum: 34.2]
      [Termination (ms): Min: 0.0, Avg: 0.0, Max: 0.0, Diff: 0.0, Sum: 0.0]
      [GC Worker Other (ms): Min: 0.0, Avg: 0.0, Max: 0.0, Diff: 0.0, Sum: 0.1]
      [GC Worker Total (ms): Min: 19.3, Avg: 19.3, Max: 19.3, Diff: 0.0, Sum: 38.7]
      [GC Worker End (ms): Min: 8437.9, Avg: 8437.9, Max: 8437.9, Diff: 0.0]
   [Code Root Fixup: 0.0 ms]
   [Code Root Migration: 0.0 ms]
   [Clear CT: 0.0 ms]
   [Other: 0.3 ms]
      [Choose CSet: 0.0 ms]
      [Ref Proc: 0.0 ms]
      [Ref Enq: 0.0 ms]
      [Free CSet: 0.1 ms]
   [Eden: 28.0M(28.0M)->0.0B(17.0M) Survivors: 9216.0K->5120.0K Heap: 200.5M(256.0M)->195.0M(256.0M)]
 [Times: user=0.03 sys=0.00, real=0.02 secs] 
2014-07-10T16:12:37.452+0200: 8.439: [GC concurrent-root-region-scan-start]
2014-07-10T16:12:37.454+0200: 8.440: [GC concurrent-root-region-scan-end, 0.0016421 secs]
2014-07-10T16:12:37.454+0200: 8.440: [GC concurrent-mark-start]
2014-07-10T16:12:37.457+0200: 8.444: [GC concurrent-mark-end, 0.0033546 secs]
2014-07-10T16:12:37.457+0200: 8.444: [GC remark 2014-07-10T16:12:37.457+0200: 8.444: [GC ref-proc, 0.0000689 secs], 0.0010430 secs]
 [Times: user=0.00 sys=0.00, real=0.00 secs] 
2014-07-10T16:12:37.458+0200: 8.445: [GC cleanup 197M->82M(256M), 0.0010324 secs]
 [Times: user=0.00 sys=0.00, real=0.00 secs] 
2014-07-10T16:12:37.459+0200: 8.446: [GC concurrent-cleanup-start]
2014-07-10T16:12:37.459+0200: 8.446: [GC concurrent-cleanup-end, 0.0002328 secs]
2014-07-10T16:12:37.481+0200: 8.467: [GC pause (young), 0.0121650 secs]
   [Parallel Time: 11.8 ms, GC Workers: 2]
      [GC Worker Start (ms): Min: 8467.4, Avg: 8467.4, Max: 8467.4, Diff: 0.0]
      [Ext Root Scanning (ms): Min: 1.0, Avg: 1.0, Max: 1.0, Diff: 0.1, Sum: 2.0]
      [Update RS (ms): Min: 0.4, Avg: 0.4, Max: 0.5, Diff: 0.0, Sum: 0.9]
         [Processed Buffers: Min: 2, Avg: 3.5, Max: 5, Diff: 3, Sum: 7]
      [Scan RS (ms): Min: 0.0, Avg: 0.0, Max: 0.0, Diff: 0.0, Sum: 0.1]
      [Code Root Scanning (ms): Min: 0.0, Avg: 0.0, Max: 0.0, Diff: 0.0, Sum: 0.0]
      [Object Copy (ms): Min: 10.2, Avg: 10.2, Max: 10.3, Diff: 0.0, Sum: 20.5]
      [Termination (ms): Min: 0.0, Avg: 0.0, Max: 0.0, Diff: 0.0, Sum: 0.0]
      [GC Worker Other (ms): Min: 0.0, Avg: 0.0, Max: 0.0, Diff: 0.0, Sum: 0.1]
      [GC Worker Total (ms): Min: 11.8, Avg: 11.8, Max: 11.8, Diff: 0.0, Sum: 23.6]
      [GC Worker End (ms): Min: 8479.2, Avg: 8479.2, Max: 8479.2, Diff: 0.0]
   [Code Root Fixup: 0.0 ms]
   [Code Root Migration: 0.0 ms]
   [Clear CT: 0.0 ms]
   [Other: 0.3 ms]
      [Choose CSet: 0.0 ms]
      [Ref Proc: 0.1 ms]
      [Ref Enq: 0.0 ms]
      [Free CSet: 0.1 ms]
   [Eden: 17.0M(17.0M)->0.0B(9216.0K) Survivors: 5120.0K->3072.0K Heap: 97.0M(256.0M)->93.0M(256.0M)]
 [Times: user=0.03 sys=0.00, real=0.01 secs] 
2014-07-10T16:12:37.511+0200: 8.498: [GC pause (mixed), 0.0082443 secs]
   [Parallel Time: 7.9 ms, GC Workers: 2]
      [GC Worker Start (ms): Min: 8497.6, Avg: 8497.6, Max: 8497.6, Diff: 0.0]
      [Ext Root Scanning (ms): Min: 1.1, Avg: 1.1, Max: 1.2, Diff: 0.1, Sum: 2.2]
      [Update RS (ms): Min: 0.3, Avg: 0.3, Max: 0.3, Diff: 0.1, Sum: 0.6]
         [Processed Buffers: Min: 1, Avg: 2.0, Max: 3, Diff: 2, Sum: 4]
      [Scan RS (ms): Min: 0.1, Avg: 0.1, Max: 0.1, Diff: 0.0, Sum: 0.2]
      [Code Root Scanning (ms): Min: 0.0, Avg: 0.0, Max: 0.0, Diff: 0.0, Sum: 0.0]
      [Object Copy (ms): Min: 6.2, Avg: 6.2, Max: 6.2, Diff: 0.0, Sum: 12.4]
      [Termination (ms): Min: 0.0, Avg: 0.0, Max: 0.0, Diff: 0.0, Sum: 0.0]
      [GC Worker Other (ms): Min: 0.0, Avg: 0.0, Max: 0.0, Diff: 0.0, Sum: 0.1]
      [GC Worker Total (ms): Min: 7.8, Avg: 7.8, Max: 7.8, Diff: 0.0, Sum: 15.6]
      [GC Worker End (ms): Min: 8505.4, Avg: 8505.4, Max: 8505.4, Diff: 0.0]
   [Code Root Fixup: 0.0 ms]
   [Code Root Migration: 0.0 ms]
   [Clear CT: 0.1 ms]
   [Other: 0.3 ms]
      [Choose CSet: 0.0 ms]
      [Ref Proc: 0.0 ms]
      [Ref Enq: 0.0 ms]
      [Free CSet: 0.1 ms]
   [Eden: 9216.0K(9216.0K)->0.0B(73.0M) Survivors: 3072.0K->2048.0K Heap: 102.0M(256.0M)->89.5M(256.0M)]
 [Times: user=0.00 sys=0.00, real=0.01 secs] 
2014-07-10T16:12:37.639+0200: 8.625: [GC pause (young), 0.0494512 secs]
   [Parallel Time: 49.0 ms, GC Workers: 2]
      [GC Worker Start (ms): Min: 8625.5, Avg: 8625.5, Max: 8625.5, Diff: 0.0]
      [Ext Root Scanning (ms): Min: 1.1, Avg: 1.1, Max: 1.2, Diff: 0.0, Sum: 2.3]
      [Update RS (ms): Min: 0.4, Avg: 0.4, Max: 0.4, Diff: 0.1, Sum: 0.8]
         [Processed Buffers: Min: 3, Avg: 3.0, Max: 3, Diff: 0, Sum: 6]
      [Scan RS (ms): Min: 0.1, Avg: 0.1, Max: 0.1, Diff: 0.0, Sum: 0.2]
      [Code Root Scanning (ms): Min: 0.1, Avg: 0.1, Max: 0.1, Diff: 0.0, Sum: 0.1]
      [Object Copy (ms): Min: 47.2, Avg: 47.2, Max: 47.2, Diff: 0.0, Sum: 94.4]
      [Termination (ms): Min: 0.0, Avg: 0.0, Max: 0.0, Diff: 0.0, Sum: 0.0]
      [GC Worker Other (ms): Min: 0.0, Avg: 0.0, Max: 0.0, Diff: 0.0, Sum: 0.1]
      [GC Worker Total (ms): Min: 49.0, Avg: 49.0, Max: 49.0, Diff: 0.0, Sum: 97.9]
      [GC Worker End (ms): Min: 8674.5, Avg: 8674.5, Max: 8674.5, Diff: 0.0]
   [Code Root Fixup: 0.0 ms]
   [Code Root Migration: 0.0 ms]
   [Clear CT: 0.1 ms]
   [Other: 0.4 ms]
      [Choose CSet: 0.0 ms]
      [Ref Proc: 0.0 ms]
      [Ref Enq: 0.0 ms]
      [Free CSet: 0.1 ms]
   [Eden: 73.0M(73.0M)->0.0B(29.0M) Survivors: 2048.0K->10.0M Heap: 162.5M(256.0M)->171.5M(256.0M)]
 [Times: user=0.09 sys=0.00, real=0.05 secs] 
2014-07-10T16:12:37.735+0200: 8.722: [GC pause (young) (initial-mark), 0.0227986 secs]
   [Parallel Time: 19.7 ms, GC Workers: 2]
      [GC Worker Start (ms): Min: 8721.7, Avg: 8721.7, Max: 8721.7, Diff: 0.0]
      [Ext Root Scanning (ms): Min: 1.0, Avg: 1.0, Max: 1.0, Diff: 0.0, Sum: 2.1]
      [Code Root Marking (ms): Min: 0.0, Avg: 0.0, Max: 0.1, Diff: 0.0, Sum: 0.1]
      [Update RS (ms): Min: 1.0, Avg: 1.0, Max: 1.0, Diff: 0.0, Sum: 1.9]
         [Processed Buffers: Min: 5, Avg: 5.0, Max: 5, Diff: 0, Sum: 10]
      [Scan RS (ms): Min: 0.0, Avg: 0.0, Max: 0.1, Diff: 0.0, Sum: 0.1]
      [Code Root Scanning (ms): Min: 0.0, Avg: 0.0, Max: 0.0, Diff: 0.0, Sum: 0.1]
      [Object Copy (ms): Min: 17.2, Avg: 17.2, Max: 17.2, Diff: 0.0, Sum: 34.4]
      [Termination (ms): Min: 0.0, Avg: 0.0, Max: 0.0, Diff: 0.0, Sum: 0.0]
      [GC Worker Other (ms): Min: 0.0, Avg: 0.0, Max: 0.0, Diff: 0.0, Sum: 0.1]
      [GC Worker Total (ms): Min: 19.4, Avg: 19.4, Max: 19.4, Diff: 0.0, Sum: 38.7]
      [GC Worker End (ms): Min: 8741.1, Avg: 8741.1, Max: 8741.1, Diff: 0.0]
   [Code Root Fixup: 0.0 ms]
   [Code Root Migration: 0.0 ms]
   [Clear CT: 0.0 ms]
   [Other: 3.0 ms]
      [Choose CSet: 0.0 ms]
      [Ref Proc: 2.7 ms]
      [Ref Enq: 0.0 ms]
      [Free CSet: 0.1 ms]
   [Eden: 29.0M(29.0M)->0.0B(20.0M) Survivors: 10.0M->5120.0K Heap: 200.5M(256.0M)->189.5M(256.0M)]
 [Times: user=0.03 sys=0.00, real=0.07 secs] 
2014-07-10T16:12:37.809+0200: 8.796: [GC concurrent-root-region-scan-start]
2014-07-10T16:12:37.809+0200: 8.796: [GC concurrent-root-region-scan-end, 0.0001353 secs]
2014-07-10T16:12:37.809+0200: 8.796: [GC concurrent-mark-start]
2014-07-10T16:12:37.812+0200: 8.799: [GC concurrent-mark-end, 0.0029033 secs]
2014-07-10T16:12:37.814+0200: 8.801: [GC remark 2014-07-10T16:12:37.814+0200: 8.801: [GC ref-proc, 0.0000645 secs], 0.0009496 secs]
 [Times: user=0.00 sys=0.00, real=0.00 secs] 
2014-07-10T16:12:37.818+0200: 8.805: [GC cleanup 192M->87M(256M), 0.0013166 secs]
 [Times: user=0.00 sys=0.00, real=0.00 secs] 
2014-07-10T16:12:37.819+0200: 8.806: [GC concurrent-cleanup-start]
2014-07-10T16:12:37.819+0200: 8.806: [GC concurrent-cleanup-end, 0.0001591 secs]
2014-07-10T16:12:37.863+0200: 8.850: [GC pause (young), 0.0139057 secs]
   [Parallel Time: 13.5 ms, GC Workers: 2]
      [GC Worker Start (ms): Min: 8849.7, Avg: 8849.7, Max: 8849.7, Diff: 0.0]
      [Ext Root Scanning (ms): Min: 1.0, Avg: 1.0, Max: 1.0, Diff: 0.0, Sum: 1.9]
      [Update RS (ms): Min: 0.4, Avg: 0.4, Max: 0.4, Diff: 0.0, Sum: 0.8]
         [Processed Buffers: Min: 2, Avg: 4.5, Max: 7, Diff: 5, Sum: 9]
      [Scan RS (ms): Min: 0.0, Avg: 0.0, Max: 0.0, Diff: 0.0, Sum: 0.1]
      [Code Root Scanning (ms): Min: 0.0, Avg: 0.0, Max: 0.0, Diff: 0.0, Sum: 0.0]
      [Object Copy (ms): Min: 12.0, Avg: 12.0, Max: 12.0, Diff: 0.0, Sum: 23.9]
      [Termination (ms): Min: 0.0, Avg: 0.0, Max: 0.0, Diff: 0.0, Sum: 0.0]
      [GC Worker Other (ms): Min: 0.0, Avg: 0.0, Max: 0.0, Diff: 0.0, Sum: 0.0]
      [GC Worker Total (ms): Min: 13.4, Avg: 13.4, Max: 13.4, Diff: 0.0, Sum: 26.9]
      [GC Worker End (ms): Min: 8863.1, Avg: 8863.1, Max: 8863.1, Diff: 0.0]
   [Code Root Fixup: 0.0 ms]
   [Code Root Migration: 0.0 ms]
   [Clear CT: 0.1 ms]
   [Other: 0.2 ms]
      [Choose CSet: 0.0 ms]
      [Ref Proc: 0.0 ms]
      [Ref Enq: 0.0 ms]
      [Free CSet: 0.1 ms]
   [Eden: 20.0M(20.0M)->0.0B(8192.0K) Survivors: 5120.0K->4096.0K Heap: 104.5M(256.0M)->100.0M(256.0M)]
 [Times: user=0.03 sys=0.00, real=0.01 secs] 
2014-07-10T16:12:37.896+0200: 8.883: [GC pause (mixed), 0.0084507 secs]
   [Parallel Time: 8.0 ms, GC Workers: 2]
      [GC Worker Start (ms): Min: 8882.6, Avg: 8882.6, Max: 8882.6, Diff: 0.0]
      [Ext Root Scanning (ms): Min: 0.9, Avg: 0.9, Max: 1.0, Diff: 0.1, Sum: 1.8]
      [Update RS (ms): Min: 0.2, Avg: 0.3, Max: 0.3, Diff: 0.1, Sum: 0.6]
         [Processed Buffers: Min: 2, Avg: 4.0, Max: 6, Diff: 4, Sum: 8]
      [Scan RS (ms): Min: 0.1, Avg: 0.1, Max: 0.1, Diff: 0.0, Sum: 0.2]
      [Code Root Scanning (ms): Min: 0.0, Avg: 0.0, Max: 0.0, Diff: 0.0, Sum: 0.0]
      [Object Copy (ms): Min: 6.7, Avg: 6.7, Max: 6.7, Diff: 0.0, Sum: 13.3]
      [Termination (ms): Min: 0.0, Avg: 0.0, Max: 0.0, Diff: 0.0, Sum: 0.0]
      [GC Worker Other (ms): Min: 0.0, Avg: 0.0, Max: 0.0, Diff: 0.0, Sum: 0.0]
      [GC Worker Total (ms): Min: 8.0, Avg: 8.0, Max: 8.0, Diff: 0.0, Sum: 16.0]
      [GC Worker End (ms): Min: 8890.7, Avg: 8890.7, Max: 8890.7, Diff: 0.0]
   [Code Root Fixup: 0.0 ms]
   [Code Root Migration: 0.0 ms]
   [Clear CT: 0.1 ms]
   [Other: 0.3 ms]
      [Choose CSet: 0.0 ms]
      [Ref Proc: 0.0 ms]
      [Ref Enq: 0.0 ms]
      [Free CSet: 0.1 ms]
   [Eden: 8192.0K(8192.0K)->0.0B(69.0M) Survivors: 4096.0K->2048.0K Heap: 108.0M(256.0M)->97.0M(256.0M)]
 [Times: user=0.03 sys=0.00, real=0.01 secs] 
2014-07-10T16:12:38.031+0200: 9.018: [GC pause (young), 0.0465061 secs]
   [Parallel Time: 46.0 ms, GC Workers: 2]
      [GC Worker Start (ms): Min: 9017.7, Avg: 9017.7, Max: 9017.7, Diff: 0.0]
      [Ext Root Scanning (ms): Min: 1.1, Avg: 1.1, Max: 1.1, Diff: 0.0, Sum: 2.2]
      [Update RS (ms): Min: 0.3, Avg: 0.4, Max: 0.5, Diff: 0.1, Sum: 0.8]
         [Processed Buffers: Min: 1, Avg: 3.0, Max: 5, Diff: 4, Sum: 6]
      [Scan RS (ms): Min: 0.1, Avg: 0.1, Max: 0.1, Diff: 0.1, Sum: 0.2]
      [Code Root Scanning (ms): Min: 0.0, Avg: 0.0, Max: 0.1, Diff: 0.0, Sum: 0.1]
      [Object Copy (ms): Min: 44.1, Avg: 44.1, Max: 44.1, Diff: 0.0, Sum: 88.2]
      [Termination (ms): Min: 0.0, Avg: 0.1, Max: 0.2, Diff: 0.2, Sum: 0.2]
      [GC Worker Other (ms): Min: 0.0, Avg: 0.0, Max: 0.0, Diff: 0.0, Sum: 0.0]
      [GC Worker Total (ms): Min: 45.8, Avg: 45.9, Max: 46.0, Diff: 0.2, Sum: 91.8]
      [GC Worker End (ms): Min: 9063.5, Avg: 9063.6, Max: 9063.7, Diff: 0.2]
   [Code Root Fixup: 0.0 ms]
   [Code Root Migration: 0.0 ms]
   [Clear CT: 0.0 ms]
   [Other: 0.4 ms]
      [Choose CSet: 0.0 ms]
      [Ref Proc: 0.1 ms]
      [Ref Enq: 0.0 ms]
      [Free CSet: 0.1 ms]
   [Eden: 69.0M(69.0M)->0.0B(26.0M) Survivors: 2048.0K->9216.0K Heap: 166.0M(256.0M)->176.5M(256.0M)]
 [Times: user=0.09 sys=0.00, real=0.05 secs] 
2014-07-10T16:12:38.120+0200: 9.107: [GC pause (young) (initial-mark), 0.0219330 secs]
   [Parallel Time: 19.0 ms, GC Workers: 2]
      [GC Worker Start (ms): Min: 9106.8, Avg: 9106.8, Max: 9106.8, Diff: 0.0]
      [Ext Root Scanning (ms): Min: 0.9, Avg: 1.0, Max: 1.0, Diff: 0.0, Sum: 1.9]
      [Code Root Marking (ms): Min: 0.0, Avg: 0.1, Max: 0.1, Diff: 0.0, Sum: 0.1]
      [Update RS (ms): Min: 1.0, Avg: 1.0, Max: 1.1, Diff: 0.1, Sum: 2.0]
         [Processed Buffers: Min: 4, Avg: 5.5, Max: 7, Diff: 3, Sum: 11]
      [Scan RS (ms): Min: 0.0, Avg: 0.0, Max: 0.1, Diff: 0.1, Sum: 0.1]
      [Code Root Scanning (ms): Min: 0.0, Avg: 0.0, Max: 0.0, Diff: 0.0, Sum: 0.0]
      [Object Copy (ms): Min: 16.6, Avg: 16.6, Max: 16.6, Diff: 0.0, Sum: 33.3]
      [Termination (ms): Min: 0.0, Avg: 0.0, Max: 0.0, Diff: 0.0, Sum: 0.0]
      [GC Worker Other (ms): Min: 0.0, Avg: 0.0, Max: 0.0, Diff: 0.0, Sum: 0.1]
      [GC Worker Total (ms): Min: 18.8, Avg: 18.8, Max: 18.8, Diff: 0.0, Sum: 37.5]
      [GC Worker End (ms): Min: 9125.5, Avg: 9125.5, Max: 9125.5, Diff: 0.0]
   [Code Root Fixup: 0.0 ms]
   [Code Root Migration: 0.0 ms]
   [Clear CT: 0.0 ms]
   [Other: 2.9 ms]
      [Choose CSet: 0.0 ms]
      [Ref Proc: 2.6 ms]
      [Ref Enq: 0.0 ms]
      [Free CSet: 0.1 ms]
   [Eden: 26.0M(26.0M)->0.0B(16.0M) Survivors: 9216.0K->5120.0K Heap: 202.5M(256.0M)->197.0M(256.0M)]
 [Times: user=0.03 sys=0.00, real=0.02 secs] 
2014-07-10T16:12:38.142+0200: 9.129: [GC concurrent-root-region-scan-start]
2014-07-10T16:12:38.142+0200: 9.129: [GC concurrent-root-region-scan-end, 0.0001063 secs]
2014-07-10T16:12:38.142+0200: 9.129: [GC concurrent-mark-start]
2014-07-10T16:12:38.147+0200: 9.133: [GC concurrent-mark-end, 0.0034415 secs]
2014-07-10T16:12:38.166+0200: 9.153: [GC remark 2014-07-10T16:12:38.166+0200: 9.153: [GC ref-proc, 0.0000759 secs], 0.0010038 secs]
 [Times: user=0.00 sys=0.00, real=0.00 secs] 
2014-07-10T16:12:38.168+0200: 9.155: [GC cleanup 201M->92M(256M), 0.0013814 secs]
 [Times: user=0.00 sys=0.00, real=0.00 secs] 
2014-07-10T16:12:38.170+0200: 9.157: [GC concurrent-cleanup-start]
2014-07-10T16:12:38.170+0200: 9.157: [GC concurrent-cleanup-end, 0.0002163 secs]
2014-07-10T16:12:38.191+0200: 9.177: [GC pause (young), 0.0120521 secs]
   [Parallel Time: 11.8 ms, GC Workers: 2]
      [GC Worker Start (ms): Min: 9177.5, Avg: 9177.5, Max: 9177.5, Diff: 0.0]
      [Ext Root Scanning (ms): Min: 0.9, Avg: 0.9, Max: 1.0, Diff: 0.0, Sum: 1.9]
      [Update RS (ms): Min: 0.5, Avg: 0.5, Max: 0.5, Diff: 0.0, Sum: 1.0]
         [Processed Buffers: Min: 2, Avg: 3.5, Max: 5, Diff: 3, Sum: 7]
      [Scan RS (ms): Min: 0.0, Avg: 0.0, Max: 0.0, Diff: 0.0, Sum: 0.1]
      [Code Root Scanning (ms): Min: 0.0, Avg: 0.0, Max: 0.0, Diff: 0.0, Sum: 0.0]
      [Object Copy (ms): Min: 10.1, Avg: 10.2, Max: 10.2, Diff: 0.0, Sum: 20.3]
      [Termination (ms): Min: 0.0, Avg: 0.0, Max: 0.0, Diff: 0.0, Sum: 0.0]
      [GC Worker Other (ms): Min: 0.0, Avg: 0.0, Max: 0.0, Diff: 0.0, Sum: 0.1]
      [GC Worker Total (ms): Min: 11.7, Avg: 11.7, Max: 11.7, Diff: 0.0, Sum: 23.4]
      [GC Worker End (ms): Min: 9189.2, Avg: 9189.2, Max: 9189.2, Diff: 0.0]
   [Code Root Fixup: 0.0 ms]
   [Code Root Migration: 0.0 ms]
   [Clear CT: 0.0 ms]
   [Other: 0.2 ms]
      [Choose CSet: 0.0 ms]
      [Ref Proc: 0.0 ms]
      [Ref Enq: 0.0 ms]
      [Free CSet: 0.1 ms]
   [Eden: 16.0M(16.0M)->0.0B(9216.0K) Survivors: 5120.0K->3072.0K Heap: 104.0M(256.0M)->101.5M(256.0M)]
 [Times: user=0.03 sys=0.00, real=0.01 secs] 
2014-07-10T16:12:38.216+0200: 9.203: [GC pause (mixed), 0.0086938 secs]
   [Parallel Time: 8.2 ms, GC Workers: 2]
      [GC Worker Start (ms): Min: 9203.0, Avg: 9203.0, Max: 9203.0, Diff: 0.0]
      [Ext Root Scanning (ms): Min: 0.9, Avg: 0.9, Max: 1.0, Diff: 0.1, Sum: 1.9]
      [Update RS (ms): Min: 0.2, Avg: 0.3, Max: 0.3, Diff: 0.1, Sum: 0.6]
         [Processed Buffers: Min: 1, Avg: 1.5, Max: 2, Diff: 1, Sum: 3]
      [Scan RS (ms): Min: 0.1, Avg: 0.1, Max: 0.2, Diff: 0.2, Sum: 0.3]
      [Code Root Scanning (ms): Min: 0.0, Avg: 0.0, Max: 0.0, Diff: 0.0, Sum: 0.0]
      [Object Copy (ms): Min: 6.7, Avg: 6.7, Max: 6.8, Diff: 0.0, Sum: 13.5]
      [Termination (ms): Min: 0.0, Avg: 0.0, Max: 0.0, Diff: 0.0, Sum: 0.0]
      [GC Worker Other (ms): Min: 0.0, Avg: 0.0, Max: 0.0, Diff: 0.0, Sum: 0.1]
      [GC Worker Total (ms): Min: 8.2, Avg: 8.2, Max: 8.2, Diff: 0.0, Sum: 16.3]
      [GC Worker End (ms): Min: 9211.1, Avg: 9211.1, Max: 9211.1, Diff: 0.0]
   [Code Root Fixup: 0.0 ms]
   [Code Root Migration: 0.0 ms]
   [Clear CT: 0.2 ms]
   [Other: 0.3 ms]
      [Choose CSet: 0.0 ms]
      [Ref Proc: 0.0 ms]
      [Ref Enq: 0.0 ms]
      [Free CSet: 0.2 ms]
   [Eden: 9216.0K(9216.0K)->0.0B(72.0M) Survivors: 3072.0K->2048.0K Heap: 110.5M(256.0M)->89.7M(256.0M)]
 [Times: user=0.00 sys=0.02, real=0.01 secs] 
2014-07-10T16:12:38.345+0200: 9.332: [GC pause (young), 0.0480731 secs]
   [Parallel Time: 47.5 ms, GC Workers: 2]
      [GC Worker Start (ms): Min: 9331.7, Avg: 9331.7, Max: 9331.7, Diff: 0.0]
      [Ext Root Scanning (ms): Min: 0.9, Avg: 1.0, Max: 1.0, Diff: 0.0, Sum: 1.9]
      [Update RS (ms): Min: 0.4, Avg: 0.4, Max: 0.4, Diff: 0.1, Sum: 0.8]
         [Processed Buffers: Min: 1, Avg: 3.0, Max: 5, Diff: 4, Sum: 6]
      [Scan RS (ms): Min: 0.1, Avg: 0.1, Max: 0.1, Diff: 0.0, Sum: 0.2]
      [Code Root Scanning (ms): Min: 0.0, Avg: 0.1, Max: 0.1, Diff: 0.0, Sum: 0.1]
      [Object Copy (ms): Min: 45.9, Avg: 45.9, Max: 45.9, Diff: 0.0, Sum: 91.9]
      [Termination (ms): Min: 0.0, Avg: 0.0, Max: 0.0, Diff: 0.0, Sum: 0.0]
      [GC Worker Other (ms): Min: 0.0, Avg: 0.0, Max: 0.0, Diff: 0.0, Sum: 0.1]
      [GC Worker Total (ms): Min: 47.5, Avg: 47.5, Max: 47.5, Diff: 0.0, Sum: 95.0]
      [GC Worker End (ms): Min: 9379.2, Avg: 9379.2, Max: 9379.2, Diff: 0.0]
   [Code Root Fixup: 0.0 ms]
   [Code Root Migration: 0.0 ms]
   [Clear CT: 0.1 ms]
   [Other: 0.4 ms]
      [Choose CSet: 0.0 ms]
      [Ref Proc: 0.1 ms]
      [Ref Enq: 0.0 ms]
      [Free CSet: 0.1 ms]
   [Eden: 72.0M(72.0M)->0.0B(31.0M) Survivors: 2048.0K->10.0M Heap: 161.7M(256.0M)->166.5M(256.0M)]
 [Times: user=0.09 sys=0.00, real=0.05 secs] 
2014-07-10T16:12:38.444+0200: 9.431: [GC pause (young) (initial-mark), 0.0247175 secs]
   [Parallel Time: 24.2 ms, GC Workers: 2]
      [GC Worker Start (ms): Min: 9430.9, Avg: 9430.9, Max: 9430.9, Diff: 0.0]
      [Ext Root Scanning (ms): Min: 1.1, Avg: 1.1, Max: 1.2, Diff: 0.1, Sum: 2.2]
      [Code Root Marking (ms): Min: 0.1, Avg: 0.1, Max: 0.1, Diff: 0.0, Sum: 0.2]
      [Update RS (ms): Min: 1.8, Avg: 2.0, Max: 2.3, Diff: 0.5, Sum: 4.1]
         [Processed Buffers: Min: 1, Avg: 5.5, Max: 10, Diff: 9, Sum: 11]
      [Scan RS (ms): Min: 0.0, Avg: 0.1, Max: 0.1, Diff: 0.1, Sum: 0.1]
      [Code Root Scanning (ms): Min: 0.0, Avg: 0.0, Max: 0.0, Diff: 0.0, Sum: 0.0]
      [Object Copy (ms): Min: 20.7, Avg: 20.8, Max: 20.9, Diff: 0.3, Sum: 41.6]
      [Termination (ms): Min: 0.0, Avg: 0.0, Max: 0.0, Diff: 0.0, Sum: 0.0]
      [GC Worker Other (ms): Min: 0.0, Avg: 0.0, Max: 0.0, Diff: 0.0, Sum: 0.1]
      [GC Worker Total (ms): Min: 24.2, Avg: 24.2, Max: 24.2, Diff: 0.0, Sum: 48.3]
      [GC Worker End (ms): Min: 9455.1, Avg: 9455.1, Max: 9455.1, Diff: 0.0]
   [Code Root Fixup: 0.0 ms]
   [Code Root Migration: 0.0 ms]
   [Clear CT: 0.0 ms]
   [Other: 0.4 ms]
      [Choose CSet: 0.0 ms]
      [Ref Proc: 0.1 ms]
      [Ref Enq: 0.0 ms]
      [Free CSet: 0.1 ms]
   [Eden: 31.0M(31.0M)->0.0B(17.0M) Survivors: 10.0M->6144.0K Heap: 197.5M(256.0M)->194.0M(256.0M)]
 [Times: user=0.03 sys=0.00, real=0.03 secs] 
2014-07-10T16:12:38.469+0200: 9.456: [GC concurrent-root-region-scan-start]
2014-07-10T16:12:38.469+0200: 9.456: [GC concurrent-root-region-scan-end, 0.0000990 secs]
2014-07-10T16:12:38.469+0200: 9.456: [GC concurrent-mark-start]
2014-07-10T16:12:38.473+0200: 9.460: [GC concurrent-mark-end, 0.0035856 secs]
2014-07-10T16:12:38.473+0200: 9.460: [GC remark 2014-07-10T16:12:38.473+0200: 9.460: [GC ref-proc, 0.0000638 secs], 0.0011054 secs]
 [Times: user=0.00 sys=0.00, real=0.00 secs] 
2014-07-10T16:12:38.474+0200: 9.461: [GC cleanup 196M->91M(256M), 0.0009199 secs]
 [Times: user=0.00 sys=0.03, real=0.00 secs] 
2014-07-10T16:12:38.475+0200: 9.462: [GC concurrent-cleanup-start]
2014-07-10T16:12:38.475+0200: 9.462: [GC concurrent-cleanup-end, 0.0002185 secs]
2014-07-10T16:12:38.497+0200: 9.484: [GC pause (young), 0.0122640 secs]
   [Parallel Time: 11.7 ms, GC Workers: 2]
      [GC Worker Start (ms): Min: 9483.7, Avg: 9483.7, Max: 9483.7, Diff: 0.0]
      [Ext Root Scanning (ms): Min: 1.0, Avg: 1.0, Max: 1.0, Diff: 0.0, Sum: 2.0]
      [Update RS (ms): Min: 0.5, Avg: 0.5, Max: 0.5, Diff: 0.0, Sum: 1.0]
         [Processed Buffers: Min: 2, Avg: 3.0, Max: 4, Diff: 2, Sum: 6]
      [Scan RS (ms): Min: 0.0, Avg: 0.0, Max: 0.0, Diff: 0.0, Sum: 0.1]
      [Code Root Scanning (ms): Min: 0.0, Avg: 0.0, Max: 0.0, Diff: 0.0, Sum: 0.0]
      [Object Copy (ms): Min: 10.0, Avg: 10.0, Max: 10.1, Diff: 0.0, Sum: 20.1]
      [Termination (ms): Min: 0.0, Avg: 0.0, Max: 0.0, Diff: 0.0, Sum: 0.0]
      [GC Worker Other (ms): Min: 0.0, Avg: 0.0, Max: 0.0, Diff: 0.0, Sum: 0.0]
      [GC Worker Total (ms): Min: 11.7, Avg: 11.7, Max: 11.7, Diff: 0.0, Sum: 23.3]
      [GC Worker End (ms): Min: 9495.4, Avg: 9495.4, Max: 9495.4, Diff: 0.0]
   [Code Root Fixup: 0.0 ms]
   [Code Root Migration: 0.0 ms]
   [Clear CT: 0.1 ms]
   [Other: 0.4 ms]
      [Choose CSet: 0.0 ms]
      [Ref Proc: 0.2 ms]
      [Ref Enq: 0.0 ms]
      [Free CSet: 0.1 ms]
   [Eden: 17.0M(17.0M)->0.0B(9216.0K) Survivors: 6144.0K->3072.0K Heap: 106.0M(256.0M)->101.0M(256.0M)]
 [Times: user=0.01 sys=0.00, real=0.01 secs] 
2014-07-10T16:12:38.524+0200: 9.511: [GC pause (mixed), 0.0091121 secs]
   [Parallel Time: 8.7 ms, GC Workers: 2]
      [GC Worker Start (ms): Min: 9510.6, Avg: 9510.6, Max: 9510.6, Diff: 0.0]
      [Ext Root Scanning (ms): Min: 1.1, Avg: 1.1, Max: 1.2, Diff: 0.1, Sum: 2.3]
      [Update RS (ms): Min: 0.3, Avg: 0.4, Max: 0.6, Diff: 0.3, Sum: 0.9]
         [Processed Buffers: Min: 1, Avg: 3.5, Max: 6, Diff: 5, Sum: 7]
      [Scan RS (ms): Min: 0.0, Avg: 0.1, Max: 0.3, Diff: 0.3, Sum: 0.3]
      [Code Root Scanning (ms): Min: 0.0, Avg: 0.0, Max: 0.0, Diff: 0.0, Sum: 0.0]
      [Object Copy (ms): Min: 6.9, Avg: 6.9, Max: 7.0, Diff: 0.0, Sum: 13.9]
      [Termination (ms): Min: 0.0, Avg: 0.0, Max: 0.0, Diff: 0.0, Sum: 0.0]
      [GC Worker Other (ms): Min: 0.0, Avg: 0.0, Max: 0.0, Diff: 0.0, Sum: 0.1]
      [GC Worker Total (ms): Min: 8.7, Avg: 8.7, Max: 8.7, Diff: 0.0, Sum: 17.5]
      [GC Worker End (ms): Min: 9519.3, Avg: 9519.3, Max: 9519.3, Diff: 0.0]
   [Code Root Fixup: 0.0 ms]
   [Code Root Migration: 0.0 ms]
   [Clear CT: 0.1 ms]
   [Other: 0.3 ms]
      [Choose CSet: 0.0 ms]
      [Ref Proc: 0.0 ms]
      [Ref Enq: 0.0 ms]
      [Free CSet: 0.1 ms]
   [Eden: 9216.0K(9216.0K)->0.0B(71.0M) Survivors: 3072.0K->2048.0K Heap: 110.0M(256.0M)->97.5M(256.0M)]
 [Times: user=0.00 sys=0.00, real=0.01 secs] 
2014-07-10T16:12:38.650+0200: 9.636: [GC pause (young), 0.0473350 secs]
   [Parallel Time: 46.5 ms, GC Workers: 2]
      [GC Worker Start (ms): Min: 9636.5, Avg: 9636.5, Max: 9636.5, Diff: 0.0]
      [Ext Root Scanning (ms): Min: 0.9, Avg: 0.9, Max: 0.9, Diff: 0.0, Sum: 1.8]
      [Update RS (ms): Min: 0.3, Avg: 0.4, Max: 0.5, Diff: 0.1, Sum: 0.8]
         [Processed Buffers: Min: 1, Avg: 2.5, Max: 4, Diff: 3, Sum: 5]
      [Scan RS (ms): Min: 0.0, Avg: 0.1, Max: 0.1, Diff: 0.1, Sum: 0.2]
      [Code Root Scanning (ms): Min: 0.0, Avg: 0.0, Max: 0.1, Diff: 0.0, Sum: 0.1]
      [Object Copy (ms): Min: 45.0, Avg: 45.0, Max: 45.0, Diff: 0.0, Sum: 90.0]
      [Termination (ms): Min: 0.0, Avg: 0.0, Max: 0.0, Diff: 0.0, Sum: 0.0]
      [GC Worker Other (ms): Min: 0.0, Avg: 0.0, Max: 0.0, Diff: 0.0, Sum: 0.1]
      [GC Worker Total (ms): Min: 46.5, Avg: 46.5, Max: 46.5, Diff: 0.0, Sum: 92.9]
      [GC Worker End (ms): Min: 9683.0, Avg: 9683.0, Max: 9683.0, Diff: 0.0]
   [Code Root Fixup: 0.0 ms]
   [Code Root Migration: 0.0 ms]
   [Clear CT: 0.1 ms]
   [Other: 0.8 ms]
      [Choose CSet: 0.0 ms]
      [Ref Proc: 0.4 ms]
      [Ref Enq: 0.0 ms]
      [Free CSet: 0.2 ms]
   [Eden: 71.0M(71.0M)->0.0B(27.0M) Survivors: 2048.0K->10.0M Heap: 168.5M(256.0M)->174.5M(256.0M)]
 [Times: user=0.09 sys=0.00, real=0.05 secs] 
2014-07-10T16:12:38.741+0200: 9.728: [GC pause (young) (initial-mark), 0.0209189 secs]
   [Parallel Time: 20.5 ms, GC Workers: 2]
      [GC Worker Start (ms): Min: 9727.7, Avg: 9727.7, Max: 9727.7, Diff: 0.0]
      [Ext Root Scanning (ms): Min: 1.0, Avg: 1.1, Max: 1.2, Diff: 0.2, Sum: 2.2]
      [Code Root Marking (ms): Min: 0.0, Avg: 0.1, Max: 0.1, Diff: 0.1, Sum: 0.1]
      [Update RS (ms): Min: 0.9, Avg: 0.9, Max: 0.9, Diff: 0.0, Sum: 1.9]
         [Processed Buffers: Min: 4, Avg: 5.0, Max: 6, Diff: 2, Sum: 10]
      [Scan RS (ms): Min: 0.0, Avg: 0.0, Max: 0.0, Diff: 0.0, Sum: 0.1]
      [Code Root Scanning (ms): Min: 0.0, Avg: 0.0, Max: 0.0, Diff: 0.0, Sum: 0.0]
      [Object Copy (ms): Min: 17.9, Avg: 18.0, Max: 18.2, Diff: 0.2, Sum: 36.1]
      [Termination (ms): Min: 0.0, Avg: 0.0, Max: 0.0, Diff: 0.0, Sum: 0.0]
      [GC Worker Other (ms): Min: 0.0, Avg: 0.0, Max: 0.0, Diff: 0.0, Sum: 0.1]
      [GC Worker Total (ms): Min: 20.2, Avg: 20.2, Max: 20.2, Diff: 0.0, Sum: 40.4]
      [GC Worker End (ms): Min: 9747.9, Avg: 9747.9, Max: 9747.9, Diff: 0.0]
   [Code Root Fixup: 0.0 ms]
   [Code Root Migration: 0.0 ms]
   [Clear CT: 0.1 ms]
   [Other: 0.4 ms]
      [Choose CSet: 0.0 ms]
      [Ref Proc: 0.1 ms]
      [Ref Enq: 0.0 ms]
      [Free CSet: 0.1 ms]
   [Eden: 27.0M(27.0M)->0.0B(17.0M) Survivors: 10.0M->5120.0K Heap: 201.5M(256.0M)->195.4M(256.0M)]
 [Times: user=0.03 sys=0.00, real=0.02 secs] 
2014-07-10T16:12:38.762+0200: 9.749: [GC concurrent-root-region-scan-start]
2014-07-10T16:12:38.762+0200: 9.749: [GC concurrent-root-region-scan-end, 0.0000902 secs]
2014-07-10T16:12:38.762+0200: 9.749: [GC concurrent-mark-start]
2014-07-10T16:12:38.765+0200: 9.752: [GC concurrent-mark-end, 0.0031992 secs]
2014-07-10T16:12:38.775+0200: 9.762: [GC remark 2014-07-10T16:12:38.776+0200: 9.763: [GC ref-proc, 0.0000726 secs], 0.0017745 secs]
 [Times: user=0.00 sys=0.00, real=0.00 secs] 
2014-07-10T16:12:38.778+0200: 9.764: [GC cleanup 203M->91M(256M), 0.0009741 secs]
 [Times: user=0.00 sys=0.00, real=0.00 secs] 
2014-07-10T16:12:38.779+0200: 9.765: [GC concurrent-cleanup-start]
2014-07-10T16:12:38.779+0200: 9.766: [GC concurrent-cleanup-end, 0.0002181 secs]
2014-07-10T16:12:38.796+0200: 9.783: [GC pause (young), 0.0120968 secs]
   [Parallel Time: 11.8 ms, GC Workers: 2]
      [GC Worker Start (ms): Min: 9782.6, Avg: 9782.6, Max: 9782.6, Diff: 0.0]
      [Ext Root Scanning (ms): Min: 1.0, Avg: 1.0, Max: 1.1, Diff: 0.1, Sum: 2.0]
      [Update RS (ms): Min: 0.4, Avg: 0.4, Max: 0.5, Diff: 0.1, Sum: 0.9]
         [Processed Buffers: Min: 2, Avg: 2.5, Max: 3, Diff: 1, Sum: 5]
      [Scan RS (ms): Min: 0.0, Avg: 0.0, Max: 0.0, Diff: 0.0, Sum: 0.1]
      [Code Root Scanning (ms): Min: 0.0, Avg: 0.0, Max: 0.0, Diff: 0.0, Sum: 0.0]
      [Object Copy (ms): Min: 10.2, Avg: 10.2, Max: 10.2, Diff: 0.0, Sum: 20.4]
      [Termination (ms): Min: 0.0, Avg: 0.0, Max: 0.0, Diff: 0.0, Sum: 0.0]
      [GC Worker Other (ms): Min: 0.0, Avg: 0.0, Max: 0.0, Diff: 0.0, Sum: 0.1]
      [GC Worker Total (ms): Min: 11.8, Avg: 11.8, Max: 11.8, Diff: 0.0, Sum: 23.5]
      [GC Worker End (ms): Min: 9794.4, Avg: 9794.4, Max: 9794.4, Diff: 0.0]
   [Code Root Fixup: 0.0 ms]
   [Code Root Migration: 0.0 ms]
   [Clear CT: 0.0 ms]
   [Other: 0.2 ms]
      [Choose CSet: 0.0 ms]
      [Ref Proc: 0.0 ms]
      [Ref Enq: 0.0 ms]
      [Free CSet: 0.1 ms]
   [Eden: 17.0M(17.0M)->0.0B(9216.0K) Survivors: 5120.0K->3072.0K Heap: 100.4M(256.0M)->96.5M(256.0M)]
 [Times: user=0.02 sys=0.00, real=0.01 secs] 
2014-07-10T16:12:38.821+0200: 9.808: [GC pause (mixed), 0.0091099 secs]
   [Parallel Time: 8.7 ms, GC Workers: 2]
      [GC Worker Start (ms): Min: 9807.7, Avg: 9807.7, Max: 9807.7, Diff: 0.0]
      [Ext Root Scanning (ms): Min: 1.1, Avg: 1.1, Max: 1.1, Diff: 0.1, Sum: 2.2]
      [Update RS (ms): Min: 0.3, Avg: 0.4, Max: 0.5, Diff: 0.2, Sum: 0.8]
         [Processed Buffers: Min: 1, Avg: 2.0, Max: 3, Diff: 2, Sum: 4]
      [Scan RS (ms): Min: 0.0, Avg: 0.1, Max: 0.2, Diff: 0.1, Sum: 0.2]
      [Code Root Scanning (ms): Min: 0.0, Avg: 0.0, Max: 0.0, Diff: 0.0, Sum: 0.0]
      [Object Copy (ms): Min: 7.1, Avg: 7.1, Max: 7.1, Diff: 0.0, Sum: 14.1]
      [Termination (ms): Min: 0.0, Avg: 0.0, Max: 0.0, Diff: 0.0, Sum: 0.0]
      [GC Worker Other (ms): Min: 0.0, Avg: 0.0, Max: 0.0, Diff: 0.0, Sum: 0.1]
      [GC Worker Total (ms): Min: 8.7, Avg: 8.7, Max: 8.7, Diff: 0.0, Sum: 17.4]
      [GC Worker End (ms): Min: 9816.4, Avg: 9816.4, Max: 9816.4, Diff: 0.0]
   [Code Root Fixup: 0.0 ms]
   [Code Root Migration: 0.0 ms]
   [Clear CT: 0.1 ms]
   [Other: 0.3 ms]
      [Choose CSet: 0.0 ms]
      [Ref Proc: 0.0 ms]
      [Ref Enq: 0.0 ms]
      [Free CSet: 0.1 ms]
   [Eden: 9216.0K(9216.0K)->0.0B(71.0M) Survivors: 3072.0K->2048.0K Heap: 105.5M(256.0M)->95.0M(256.0M)]
 [Times: user=0.00 sys=0.00, real=0.01 secs] 
2014-07-10T16:12:38.947+0200: 9.934: [GC pause (young), 0.0469431 secs]
   [Parallel Time: 46.6 ms, GC Workers: 2]
      [GC Worker Start (ms): Min: 9933.9, Avg: 9933.9, Max: 9933.9, Diff: 0.0]
      [Ext Root Scanning (ms): Min: 0.9, Avg: 0.9, Max: 0.9, Diff: 0.0, Sum: 1.9]
      [Update RS (ms): Min: 0.4, Avg: 0.4, Max: 0.4, Diff: 0.0, Sum: 0.8]
         [Processed Buffers: Min: 1, Avg: 3.0, Max: 5, Diff: 4, Sum: 6]
      [Scan RS (ms): Min: 0.1, Avg: 0.1, Max: 0.1, Diff: 0.0, Sum: 0.2]
      [Code Root Scanning (ms): Min: 0.0, Avg: 0.0, Max: 0.1, Diff: 0.0, Sum: 0.1]
      [Object Copy (ms): Min: 45.0, Avg: 45.0, Max: 45.0, Diff: 0.0, Sum: 90.0]
      [Termination (ms): Min: 0.0, Avg: 0.0, Max: 0.0, Diff: 0.0, Sum: 0.0]
      [GC Worker Other (ms): Min: 0.0, Avg: 0.0, Max: 0.0, Diff: 0.0, Sum: 0.1]
      [GC Worker Total (ms): Min: 46.5, Avg: 46.5, Max: 46.5, Diff: 0.0, Sum: 93.1]
      [GC Worker End (ms): Min: 9980.4, Avg: 9980.4, Max: 9980.4, Diff: 0.0]
   [Code Root Fixup: 0.0 ms]
   [Code Root Migration: 0.0 ms]
   [Clear CT: 0.1 ms]
   [Other: 0.3 ms]
      [Choose CSet: 0.0 ms]
      [Ref Proc: 0.0 ms]
      [Ref Enq: 0.0 ms]
      [Free CSet: 0.1 ms]
   [Eden: 71.0M(71.0M)->0.0B(27.0M) Survivors: 2048.0K->10.0M Heap: 166.0M(256.0M)->174.0M(256.0M)]
 [Times: user=0.09 sys=0.00, real=0.05 secs] 
2014-07-10T16:12:39.038+0200: 10.025: [GC pause (young) (initial-mark), 0.0189853 secs]
   [Parallel Time: 18.4 ms, GC Workers: 2]
      [GC Worker Start (ms): Min: 10025.0, Avg: 10025.0, Max: 10025.0, Diff: 0.0]
      [Ext Root Scanning (ms): Min: 1.1, Avg: 1.2, Max: 1.3, Diff: 0.2, Sum: 2.3]
      [Code Root Marking (ms): Min: 0.0, Avg: 0.1, Max: 0.1, Diff: 0.1, Sum: 0.1]
      [Update RS (ms): Min: 0.9, Avg: 0.9, Max: 0.9, Diff: 0.0, Sum: 1.9]
         [Processed Buffers: Min: 4, Avg: 5.5, Max: 7, Diff: 3, Sum: 11]
      [Scan RS (ms): Min: 0.0, Avg: 0.0, Max: 0.1, Diff: 0.0, Sum: 0.1]
      [Code Root Scanning (ms): Min: 0.0, Avg: 0.0, Max: 0.0, Diff: 0.0, Sum: 0.0]
      [Object Copy (ms): Min: 16.0, Avg: 16.0, Max: 16.0, Diff: 0.0, Sum: 32.0]
      [Termination (ms): Min: 0.0, Avg: 0.0, Max: 0.0, Diff: 0.0, Sum: 0.0]
      [GC Worker Other (ms): Min: 0.0, Avg: 0.0, Max: 0.0, Diff: 0.0, Sum: 0.1]
      [GC Worker Total (ms): Min: 18.3, Avg: 18.3, Max: 18.3, Diff: 0.0, Sum: 36.6]
      [GC Worker End (ms): Min: 10043.3, Avg: 10043.3, Max: 10043.3, Diff: 0.0]
   [Code Root Fixup: 0.0 ms]
   [Code Root Migration: 0.0 ms]
   [Clear CT: 0.1 ms]
   [Other: 0.5 ms]
      [Choose CSet: 0.0 ms]
      [Ref Proc: 0.3 ms]
      [Ref Enq: 0.0 ms]
      [Free CSet: 0.1 ms]
   [Eden: 27.0M(27.0M)->0.0B(19.0M) Survivors: 10.0M->5120.0K Heap: 201.0M(256.0M)->191.0M(256.0M)]
 [Times: user=0.03 sys=0.00, real=0.02 secs] 
2014-07-10T16:12:39.057+0200: 10.044: [GC concurrent-root-region-scan-start]
2014-07-10T16:12:39.059+0200: 10.046: [GC concurrent-root-region-scan-end, 0.0014093 secs]
2014-07-10T16:12:39.059+0200: 10.046: [GC concurrent-mark-start]
2014-07-10T16:12:39.062+0200: 10.049: [GC concurrent-mark-end, 0.0034192 secs]
2014-07-10T16:12:39.062+0200: 10.049: [GC remark 2014-07-10T16:12:39.062+0200: 10.049: [GC ref-proc, 0.0000752 secs], 0.0010090 secs]
 [Times: user=0.00 sys=0.00, real=0.00 secs] 
2014-07-10T16:12:39.064+0200: 10.050: [GC cleanup 194M->99M(256M), 0.0007666 secs]
 [Times: user=0.00 sys=0.00, real=0.00 secs] 
2014-07-10T16:12:39.064+0200: 10.051: [GC concurrent-cleanup-start]
2014-07-10T16:12:39.065+0200: 10.051: [GC concurrent-cleanup-end, 0.0002038 secs]
2014-07-10T16:12:39.089+0200: 10.076: [GC pause (young), 0.0136575 secs]
   [Parallel Time: 13.4 ms, GC Workers: 2]
      [GC Worker Start (ms): Min: 10075.6, Avg: 10075.7, Max: 10075.7, Diff: 0.0]
      [Ext Root Scanning (ms): Min: 1.1, Avg: 1.2, Max: 1.3, Diff: 0.2, Sum: 2.3]
      [Update RS (ms): Min: 0.4, Avg: 0.5, Max: 0.6, Diff: 0.2, Sum: 1.0]
         [Processed Buffers: Min: 2, Avg: 4.0, Max: 6, Diff: 4, Sum: 8]
      [Scan RS (ms): Min: 0.0, Avg: 0.0, Max: 0.0, Diff: 0.0, Sum: 0.1]
      [Code Root Scanning (ms): Min: 0.0, Avg: 0.0, Max: 0.0, Diff: 0.0, Sum: 0.0]
      [Object Copy (ms): Min: 11.5, Avg: 11.5, Max: 11.5, Diff: 0.0, Sum: 23.0]
      [Termination (ms): Min: 0.0, Avg: 0.0, Max: 0.0, Diff: 0.0, Sum: 0.0]
      [GC Worker Other (ms): Min: 0.0, Avg: 0.0, Max: 0.0, Diff: 0.0, Sum: 0.1]
      [GC Worker Total (ms): Min: 13.3, Avg: 13.3, Max: 13.3, Diff: 0.0, Sum: 26.6]
      [GC Worker End (ms): Min: 10088.9, Avg: 10088.9, Max: 10088.9, Diff: 0.0]
   [Code Root Fixup: 0.0 ms]
   [Code Root Migration: 0.0 ms]
   [Clear CT: 0.0 ms]
   [Other: 0.2 ms]
      [Choose CSet: 0.0 ms]
      [Ref Proc: 0.0 ms]
      [Ref Enq: 0.0 ms]
      [Free CSet: 0.1 ms]
   [Eden: 19.0M(19.0M)->0.0B(9216.0K) Survivors: 5120.0K->3072.0K Heap: 115.0M(256.0M)->110.5M(256.0M)]
 [Times: user=0.03 sys=0.00, real=0.01 secs] 
2014-07-10T16:12:39.117+0200: 10.104: [GC pause (mixed), 0.0087891 secs]
   [Parallel Time: 8.3 ms, GC Workers: 2]
      [GC Worker Start (ms): Min: 10103.6, Avg: 10103.6, Max: 10103.7, Diff: 0.0]
      [Ext Root Scanning (ms): Min: 1.0, Avg: 1.1, Max: 1.1, Diff: 0.0, Sum: 2.1]
      [Update RS (ms): Min: 0.3, Avg: 0.3, Max: 0.3, Diff: 0.1, Sum: 0.6]
         [Processed Buffers: Min: 1, Avg: 4.0, Max: 7, Diff: 6, Sum: 8]
      [Scan RS (ms): Min: 0.1, Avg: 0.2, Max: 0.2, Diff: 0.0, Sum: 0.3]
      [Code Root Scanning (ms): Min: 0.0, Avg: 0.0, Max: 0.0, Diff: 0.0, Sum: 0.0]
      [Object Copy (ms): Min: 6.7, Avg: 6.7, Max: 6.7, Diff: 0.0, Sum: 13.4]
      [Termination (ms): Min: 0.0, Avg: 0.0, Max: 0.0, Diff: 0.0, Sum: 0.0]
      [GC Worker Other (ms): Min: 0.0, Avg: 0.0, Max: 0.0, Diff: 0.0, Sum: 0.0]
      [GC Worker Total (ms): Min: 8.3, Avg: 8.3, Max: 8.3, Diff: 0.0, Sum: 16.6]
      [GC Worker End (ms): Min: 10111.9, Avg: 10111.9, Max: 10111.9, Diff: 0.0]
   [Code Root Fixup: 0.0 ms]
   [Code Root Migration: 0.0 ms]
   [Clear CT: 0.1 ms]
   [Other: 0.3 ms]
      [Choose CSet: 0.0 ms]
      [Ref Proc: 0.0 ms]
      [Ref Enq: 0.0 ms]
      [Free CSet: 0.2 ms]
   [Eden: 9216.0K(9216.0K)->0.0B(70.0M) Survivors: 3072.0K->2048.0K Heap: 119.5M(256.0M)->95.5M(256.0M)]
 [Times: user=0.00 sys=0.00, real=0.01 secs] 
2014-07-10T16:12:39.242+0200: 10.229: [GC pause (young), 0.0472511 secs]
   [Parallel Time: 46.8 ms, GC Workers: 2]
      [GC Worker Start (ms): Min: 10228.7, Avg: 10228.7, Max: 10228.7, Diff: 0.0]
      [Ext Root Scanning (ms): Min: 1.2, Avg: 1.2, Max: 1.2, Diff: 0.0, Sum: 2.4]
      [Update RS (ms): Min: 0.5, Avg: 0.5, Max: 0.5, Diff: 0.0, Sum: 1.0]
         [Processed Buffers: Min: 2, Avg: 2.5, Max: 3, Diff: 1, Sum: 5]
      [Scan RS (ms): Min: 0.1, Avg: 0.1, Max: 0.1, Diff: 0.0, Sum: 0.2]
      [Code Root Scanning (ms): Min: 0.0, Avg: 0.1, Max: 0.1, Diff: 0.0, Sum: 0.1]
      [Object Copy (ms): Min: 44.9, Avg: 44.9, Max: 44.9, Diff: 0.0, Sum: 89.8]
      [Termination (ms): Min: 0.0, Avg: 0.0, Max: 0.0, Diff: 0.0, Sum: 0.0]
      [GC Worker Other (ms): Min: 0.0, Avg: 0.0, Max: 0.0, Diff: 0.0, Sum: 0.1]
      [GC Worker Total (ms): Min: 46.8, Avg: 46.8, Max: 46.8, Diff: 0.0, Sum: 93.5]
      [GC Worker End (ms): Min: 10275.4, Avg: 10275.4, Max: 10275.4, Diff: 0.0]
   [Code Root Fixup: 0.0 ms]
   [Code Root Migration: 0.0 ms]
   [Clear CT: 0.1 ms]
   [Other: 0.4 ms]
      [Choose CSet: 0.0 ms]
      [Ref Proc: 0.0 ms]
      [Ref Enq: 0.0 ms]
      [Free CSet: 0.1 ms]
   [Eden: 70.0M(70.0M)->0.0B(29.0M) Survivors: 2048.0K->9216.0K Heap: 165.5M(256.0M)->170.0M(256.0M)]
 [Times: user=0.09 sys=0.00, real=0.05 secs] 
2014-07-10T16:12:39.339+0200: 10.326: [GC pause (young) (initial-mark), 0.0201483 secs]
   [Parallel Time: 19.7 ms, GC Workers: 2]
      [GC Worker Start (ms): Min: 10325.7, Avg: 10325.7, Max: 10325.7, Diff: 0.0]
      [Ext Root Scanning (ms): Min: 0.9, Avg: 1.0, Max: 1.1, Diff: 0.2, Sum: 2.0]
      [Code Root Marking (ms): Min: 0.0, Avg: 0.0, Max: 0.1, Diff: 0.1, Sum: 0.1]
      [Update RS (ms): Min: 0.9, Avg: 0.9, Max: 1.0, Diff: 0.1, Sum: 1.8]
         [Processed Buffers: Min: 4, Avg: 5.5, Max: 7, Diff: 3, Sum: 11]
      [Scan RS (ms): Min: 0.0, Avg: 0.0, Max: 0.1, Diff: 0.0, Sum: 0.1]
      [Code Root Scanning (ms): Min: 0.0, Avg: 0.0, Max: 0.0, Diff: 0.0, Sum: 0.1]
      [Object Copy (ms): Min: 17.6, Avg: 17.6, Max: 17.6, Diff: 0.1, Sum: 35.2]
      [Termination (ms): Min: 0.0, Avg: 0.0, Max: 0.0, Diff: 0.0, Sum: 0.0]
      [GC Worker Other (ms): Min: 0.0, Avg: 0.0, Max: 0.0, Diff: 0.0, Sum: 0.1]
      [GC Worker Total (ms): Min: 19.7, Avg: 19.7, Max: 19.7, Diff: 0.0, Sum: 39.4]
      [GC Worker End (ms): Min: 10345.4, Avg: 10345.4, Max: 10345.4, Diff: 0.0]
   [Code Root Fixup: 0.0 ms]
   [Code Root Migration: 0.0 ms]
   [Clear CT: 0.1 ms]
   [Other: 0.3 ms]
      [Choose CSet: 0.0 ms]
      [Ref Proc: 0.0 ms]
      [Ref Enq: 0.0 ms]
      [Free CSet: 0.1 ms]
   [Eden: 29.0M(29.0M)->0.0B(19.0M) Survivors: 9216.0K->5120.0K Heap: 199.0M(256.0M)->191.5M(256.0M)]
 [Times: user=0.03 sys=0.00, real=0.02 secs] 
2014-07-10T16:12:39.359+0200: 10.346: [GC concurrent-root-region-scan-start]
2014-07-10T16:12:39.359+0200: 10.346: [GC concurrent-root-region-scan-end, 0.0000898 secs]
2014-07-10T16:12:39.359+0200: 10.346: [GC concurrent-mark-start]
2014-07-10T16:12:39.365+0200: 10.352: [GC concurrent-mark-end, 0.0052724 secs]
2014-07-10T16:12:39.366+0200: 10.352: [GC remark 2014-07-10T16:12:39.366+0200: 10.352: [GC ref-proc, 0.0000649 secs], 0.0009646 secs]
 [Times: user=0.00 sys=0.00, real=0.00 secs] 
2014-07-10T16:12:39.367+0200: 10.353: [GC cleanup 192M->89M(256M), 0.0012403 secs]
 [Times: user=0.00 sys=0.00, real=0.00 secs] 
2014-07-10T16:12:39.368+0200: 10.355: [GC concurrent-cleanup-start]
2014-07-10T16:12:39.368+0200: 10.355: [GC concurrent-cleanup-end, 0.0001642 secs]
2014-07-10T16:12:39.418+0200: 10.405: [GC pause (young), 0.0126537 secs]
   [Parallel Time: 12.4 ms, GC Workers: 2]
      [GC Worker Start (ms): Min: 10404.6, Avg: 10404.6, Max: 10404.6, Diff: 0.0]
      [Ext Root Scanning (ms): Min: 0.9, Avg: 0.9, Max: 1.0, Diff: 0.0, Sum: 1.9]
      [Update RS (ms): Min: 0.4, Avg: 0.5, Max: 0.5, Diff: 0.1, Sum: 0.9]
         [Processed Buffers: Min: 2, Avg: 4.0, Max: 6, Diff: 4, Sum: 8]
      [Scan RS (ms): Min: 0.0, Avg: 0.0, Max: 0.0, Diff: 0.0, Sum: 0.1]
      [Code Root Scanning (ms): Min: 0.0, Avg: 0.0, Max: 0.0, Diff: 0.0, Sum: 0.0]
      [Object Copy (ms): Min: 10.8, Avg: 10.8, Max: 10.8, Diff: 0.0, Sum: 21.6]
      [Termination (ms): Min: 0.0, Avg: 0.0, Max: 0.0, Diff: 0.0, Sum: 0.0]
      [GC Worker Other (ms): Min: 0.0, Avg: 0.0, Max: 0.0, Diff: 0.0, Sum: 0.1]
      [GC Worker Total (ms): Min: 12.3, Avg: 12.3, Max: 12.3, Diff: 0.0, Sum: 24.5]
      [GC Worker End (ms): Min: 10416.9, Avg: 10416.9, Max: 10416.9, Diff: 0.0]
   [Code Root Fixup: 0.0 ms]
   [Code Root Migration: 0.0 ms]
   [Clear CT: 0.0 ms]
   [Other: 0.2 ms]
      [Choose CSet: 0.0 ms]
      [Ref Proc: 0.0 ms]
      [Ref Enq: 0.0 ms]
      [Free CSet: 0.1 ms]
   [Eden: 19.0M(19.0M)->0.0B(9216.0K) Survivors: 5120.0K->3072.0K Heap: 107.5M(256.0M)->103.0M(256.0M)]
 [Times: user=0.03 sys=0.00, real=0.01 secs] 
2014-07-10T16:12:39.446+0200: 10.432: [GC pause (mixed), 0.0093856 secs]
   [Parallel Time: 9.0 ms, GC Workers: 2]
      [GC Worker Start (ms): Min: 10432.6, Avg: 10432.6, Max: 10432.6, Diff: 0.0]
      [Ext Root Scanning (ms): Min: 0.9, Avg: 0.9, Max: 0.9, Diff: 0.0, Sum: 1.9]
      [Update RS (ms): Min: 0.3, Avg: 0.3, Max: 0.3, Diff: 0.0, Sum: 0.6]
         [Processed Buffers: Min: 1, Avg: 3.5, Max: 6, Diff: 5, Sum: 7]
      [Scan RS (ms): Min: 0.1, Avg: 0.1, Max: 0.1, Diff: 0.0, Sum: 0.2]
      [Code Root Scanning (ms): Min: 0.0, Avg: 0.0, Max: 0.0, Diff: 0.0, Sum: 0.0]
      [Object Copy (ms): Min: 7.6, Avg: 7.6, Max: 7.6, Diff: 0.0, Sum: 15.1]
      [Termination (ms): Min: 0.0, Avg: 0.0, Max: 0.0, Diff: 0.0, Sum: 0.0]
      [GC Worker Other (ms): Min: 0.0, Avg: 0.0, Max: 0.0, Diff: 0.0, Sum: 0.1]
      [GC Worker Total (ms): Min: 9.0, Avg: 9.0, Max: 9.0, Diff: 0.0, Sum: 17.9]
      [GC Worker End (ms): Min: 10441.5, Avg: 10441.5, Max: 10441.5, Diff: 0.0]
   [Code Root Fixup: 0.0 ms]
   [Code Root Migration: 0.0 ms]
   [Clear CT: 0.1 ms]
   [Other: 0.3 ms]
      [Choose CSet: 0.0 ms]
      [Ref Proc: 0.0 ms]
      [Ref Enq: 0.0 ms]
      [Free CSet: 0.1 ms]
   [Eden: 9216.0K(9216.0K)->0.0B(70.0M) Survivors: 3072.0K->2048.0K Heap: 112.0M(256.0M)->98.5M(256.0M)]
 [Times: user=0.00 sys=0.00, real=0.01 secs] 
2014-07-10T16:12:39.570+0200: 10.557: [GC pause (young), 0.0463506 secs]
   [Parallel Time: 45.8 ms, GC Workers: 2]
      [GC Worker Start (ms): Min: 10556.6, Avg: 10556.6, Max: 10556.6, Diff: 0.0]
      [Ext Root Scanning (ms): Min: 0.9, Avg: 0.9, Max: 0.9, Diff: 0.0, Sum: 1.8]
      [Update RS (ms): Min: 0.4, Avg: 0.4, Max: 0.4, Diff: 0.0, Sum: 0.9]
         [Processed Buffers: Min: 2, Avg: 2.5, Max: 3, Diff: 1, Sum: 5]
      [Scan RS (ms): Min: 0.1, Avg: 0.1, Max: 0.1, Diff: 0.0, Sum: 0.2]
      [Code Root Scanning (ms): Min: 0.0, Avg: 0.0, Max: 0.1, Diff: 0.0, Sum: 0.1]
      [Object Copy (ms): Min: 44.2, Avg: 44.2, Max: 44.2, Diff: 0.0, Sum: 88.5]
      [Termination (ms): Min: 0.0, Avg: 0.0, Max: 0.0, Diff: 0.0, Sum: 0.0]
      [GC Worker Other (ms): Min: 0.0, Avg: 0.0, Max: 0.0, Diff: 0.0, Sum: 0.1]
      [GC Worker Total (ms): Min: 45.7, Avg: 45.7, Max: 45.7, Diff: 0.0, Sum: 91.5]
      [GC Worker End (ms): Min: 10602.4, Avg: 10602.4, Max: 10602.4, Diff: 0.0]
   [Code Root Fixup: 0.0 ms]
   [Code Root Migration: 0.0 ms]
   [Clear CT: 0.1 ms]
   [Other: 0.5 ms]
      [Choose CSet: 0.0 ms]
      [Ref Proc: 0.2 ms]
      [Ref Enq: 0.0 ms]
      [Free CSet: 0.1 ms]
   [Eden: 70.0M(70.0M)->0.0B(26.0M) Survivors: 2048.0K->9216.0K Heap: 168.5M(256.0M)->177.5M(256.0M)]
 [Times: user=0.09 sys=0.00, real=0.05 secs] 
2014-07-10T16:12:39.658+0200: 10.645: [GC pause (young) (initial-mark), 0.0174877 secs]
   [Parallel Time: 17.1 ms, GC Workers: 2]
      [GC Worker Start (ms): Min: 10644.7, Avg: 10644.7, Max: 10644.7, Diff: 0.0]
      [Ext Root Scanning (ms): Min: 0.9, Avg: 0.9, Max: 0.9, Diff: 0.0, Sum: 1.9]
      [Code Root Marking (ms): Min: 0.0, Avg: 0.0, Max: 0.1, Diff: 0.0, Sum: 0.1]
      [Update RS (ms): Min: 1.0, Avg: 1.0, Max: 1.0, Diff: 0.1, Sum: 2.0]
         [Processed Buffers: Min: 4, Avg: 6.0, Max: 8, Diff: 4, Sum: 12]
      [Scan RS (ms): Min: 0.0, Avg: 0.0, Max: 0.1, Diff: 0.0, Sum: 0.1]
      [Code Root Scanning (ms): Min: 0.0, Avg: 0.0, Max: 0.0, Diff: 0.0, Sum: 0.0]
      [Object Copy (ms): Min: 14.9, Avg: 14.9, Max: 14.9, Diff: 0.0, Sum: 29.8]
      [Termination (ms): Min: 0.0, Avg: 0.0, Max: 0.0, Diff: 0.0, Sum: 0.0]
      [GC Worker Other (ms): Min: 0.0, Avg: 0.0, Max: 0.0, Diff: 0.0, Sum: 0.1]
      [GC Worker Total (ms): Min: 17.0, Avg: 17.0, Max: 17.0, Diff: 0.0, Sum: 34.0]
      [GC Worker End (ms): Min: 10661.7, Avg: 10661.7, Max: 10661.7, Diff: 0.0]
   [Code Root Fixup: 0.0 ms]
   [Code Root Migration: 0.0 ms]
   [Clear CT: 0.1 ms]
   [Other: 0.3 ms]
      [Choose CSet: 0.0 ms]
      [Ref Proc: 0.0 ms]
      [Ref Enq: 0.0 ms]
      [Free CSet: 0.1 ms]
   [Eden: 26.0M(26.0M)->0.0B(17.0M) Survivors: 9216.0K->5120.0K Heap: 203.5M(256.0M)->195.0M(256.0M)]
 [Times: user=0.05 sys=0.00, real=0.02 secs] 
2014-07-10T16:12:39.676+0200: 10.662: [GC concurrent-root-region-scan-start]
2014-07-10T16:12:39.676+0200: 10.663: [GC concurrent-root-region-scan-end, 0.0000876 secs]
2014-07-10T16:12:39.676+0200: 10.663: [GC concurrent-mark-start]
2014-07-10T16:12:39.681+0200: 10.668: [GC concurrent-mark-end, 0.0056006 secs]
2014-07-10T16:12:39.681+0200: 10.668: [GC remark 2014-07-10T16:12:39.682+0200: 10.668: [GC ref-proc, 0.0000649 secs], 0.0010082 secs]
 [Times: user=0.00 sys=0.00, real=0.00 secs] 
2014-07-10T16:12:39.683+0200: 10.669: [GC cleanup 196M->86M(256M), 0.0012143 secs]
 [Times: user=0.00 sys=0.00, real=0.00 secs] 
2014-07-10T16:12:39.684+0200: 10.671: [GC concurrent-cleanup-start]
2014-07-10T16:12:39.684+0200: 10.671: [GC concurrent-cleanup-end, 0.0001653 secs]
2014-07-10T16:12:39.709+0200: 10.696: [GC pause (young), 0.0124836 secs]
   [Parallel Time: 12.2 ms, GC Workers: 2]
      [GC Worker Start (ms): Min: 10695.6, Avg: 10695.6, Max: 10695.6, Diff: 0.0]
      [Ext Root Scanning (ms): Min: 1.4, Avg: 1.4, Max: 1.5, Diff: 0.2, Sum: 2.9]
      [Update RS (ms): Min: 0.4, Avg: 0.4, Max: 0.4, Diff: 0.0, Sum: 0.9]
         [Processed Buffers: Min: 2, Avg: 3.0, Max: 4, Diff: 2, Sum: 6]
      [Scan RS (ms): Min: 0.0, Avg: 0.0, Max: 0.1, Diff: 0.1, Sum: 0.1]
      [Code Root Scanning (ms): Min: 0.0, Avg: 0.0, Max: 0.0, Diff: 0.0, Sum: 0.0]
      [Object Copy (ms): Min: 10.2, Avg: 10.2, Max: 10.3, Diff: 0.1, Sum: 20.5]
      [Termination (ms): Min: 0.0, Avg: 0.0, Max: 0.0, Diff: 0.0, Sum: 0.0]
      [GC Worker Other (ms): Min: 0.0, Avg: 0.0, Max: 0.0, Diff: 0.0, Sum: 0.1]
      [GC Worker Total (ms): Min: 12.2, Avg: 12.2, Max: 12.2, Diff: 0.0, Sum: 24.4]
      [GC Worker End (ms): Min: 10707.8, Avg: 10707.8, Max: 10707.8, Diff: 0.0]
   [Code Root Fixup: 0.0 ms]
   [Code Root Migration: 0.0 ms]
   [Clear CT: 0.0 ms]
   [Other: 0.2 ms]
      [Choose CSet: 0.0 ms]
      [Ref Proc: 0.0 ms]
      [Ref Enq: 0.0 ms]
      [Free CSet: 0.1 ms]
   [Eden: 17.0M(17.0M)->0.0B(9216.0K) Survivors: 5120.0K->3072.0K Heap: 102.0M(256.0M)->99.0M(256.0M)]
 [Times: user=0.00 sys=0.00, real=0.01 secs] 
2014-07-10T16:12:39.735+0200: 10.722: [GC pause (mixed), 0.0106259 secs]
   [Parallel Time: 10.2 ms, GC Workers: 2]
      [GC Worker Start (ms): Min: 10721.7, Avg: 10721.7, Max: 10721.7, Diff: 0.0]
      [Ext Root Scanning (ms): Min: 1.1, Avg: 1.1, Max: 1.1, Diff: 0.0, Sum: 2.2]
      [Update RS (ms): Min: 0.3, Avg: 0.3, Max: 0.4, Diff: 0.1, Sum: 0.7]
         [Processed Buffers: Min: 1, Avg: 3.0, Max: 5, Diff: 4, Sum: 6]
      [Scan RS (ms): Min: 0.1, Avg: 0.1, Max: 0.1, Diff: 0.0, Sum: 0.3]
      [Code Root Scanning (ms): Min: 0.0, Avg: 0.0, Max: 0.0, Diff: 0.0, Sum: 0.0]
      [Object Copy (ms): Min: 8.6, Avg: 8.6, Max: 8.6, Diff: 0.0, Sum: 17.1]
      [Termination (ms): Min: 0.0, Avg: 0.0, Max: 0.0, Diff: 0.0, Sum: 0.0]
      [GC Worker Other (ms): Min: 0.0, Avg: 0.0, Max: 0.0, Diff: 0.0, Sum: 0.1]
      [GC Worker Total (ms): Min: 10.2, Avg: 10.2, Max: 10.2, Diff: 0.0, Sum: 20.3]
      [GC Worker End (ms): Min: 10731.9, Avg: 10731.9, Max: 10731.9, Diff: 0.0]
   [Code Root Fixup: 0.0 ms]
   [Code Root Migration: 0.0 ms]
   [Clear CT: 0.1 ms]
   [Other: 0.3 ms]
      [Choose CSet: 0.0 ms]
      [Ref Proc: 0.1 ms]
      [Ref Enq: 0.0 ms]
      [Free CSet: 0.1 ms]
   [Eden: 9216.0K(9216.0K)->0.0B(76.0M) Survivors: 3072.0K->2048.0K Heap: 108.0M(256.0M)->95.0M(256.0M)]
 [Times: user=0.03 sys=0.00, real=0.06 secs] 
2014-07-10T16:12:39.923+0200: 10.910: [GC pause (young), 0.0505976 secs]
   [Parallel Time: 49.9 ms, GC Workers: 2]
      [GC Worker Start (ms): Min: 10910.1, Avg: 10910.1, Max: 10910.1, Diff: 0.0]
      [Ext Root Scanning (ms): Min: 1.1, Avg: 1.1, Max: 1.1, Diff: 0.0, Sum: 2.2]
      [Update RS (ms): Min: 0.3, Avg: 0.4, Max: 0.5, Diff: 0.1, Sum: 0.8]
         [Processed Buffers: Min: 1, Avg: 3.0, Max: 5, Diff: 4, Sum: 6]
      [Scan RS (ms): Min: 0.1, Avg: 0.1, Max: 0.2, Diff: 0.1, Sum: 0.2]
      [Code Root Scanning (ms): Min: 0.0, Avg: 0.1, Max: 0.1, Diff: 0.0, Sum: 0.1]
      [Object Copy (ms): Min: 48.1, Avg: 48.1, Max: 48.1, Diff: 0.0, Sum: 96.1]
      [Termination (ms): Min: 0.0, Avg: 0.0, Max: 0.0, Diff: 0.0, Sum: 0.0]
      [GC Worker Other (ms): Min: 0.0, Avg: 0.0, Max: 0.0, Diff: 0.0, Sum: 0.1]
      [GC Worker Total (ms): Min: 49.8, Avg: 49.8, Max: 49.8, Diff: 0.0, Sum: 99.5]
      [GC Worker End (ms): Min: 10959.9, Avg: 10959.9, Max: 10959.9, Diff: 0.0]
   [Code Root Fixup: 0.0 ms]
   [Code Root Migration: 0.0 ms]
   [Clear CT: 0.1 ms]
   [Other: 0.6 ms]
      [Choose CSet: 0.0 ms]
      [Ref Proc: 0.3 ms]
      [Ref Enq: 0.0 ms]
      [Free CSet: 0.1 ms]
   [Eden: 76.0M(76.0M)->0.0B(30.0M) Survivors: 2048.0K->10.0M Heap: 171.0M(256.0M)->168.5M(256.0M)]
 [Times: user=0.11 sys=0.00, real=0.05 secs] 
2014-07-10T16:12:40.023+0200: 11.010: [GC pause (young) (initial-mark), 0.0206902 secs]
   [Parallel Time: 20.3 ms, GC Workers: 2]
      [GC Worker Start (ms): Min: 11009.7, Avg: 11009.7, Max: 11009.7, Diff: 0.0]
      [Ext Root Scanning (ms): Min: 1.1, Avg: 1.1, Max: 1.2, Diff: 0.1, Sum: 2.3]
      [Code Root Marking (ms): Min: 0.0, Avg: 0.0, Max: 0.1, Diff: 0.1, Sum: 0.1]
      [Update RS (ms): Min: 0.9, Avg: 0.9, Max: 0.9, Diff: 0.0, Sum: 1.8]
         [Processed Buffers: Min: 5, Avg: 6.0, Max: 7, Diff: 2, Sum: 12]
      [Scan RS (ms): Min: 0.0, Avg: 0.1, Max: 0.1, Diff: 0.0, Sum: 0.1]
      [Code Root Scanning (ms): Min: 0.0, Avg: 0.0, Max: 0.0, Diff: 0.0, Sum: 0.1]
      [Object Copy (ms): Min: 18.0, Avg: 18.0, Max: 18.1, Diff: 0.1, Sum: 36.1]
      [Termination (ms): Min: 0.0, Avg: 0.0, Max: 0.0, Diff: 0.0, Sum: 0.0]
      [GC Worker Other (ms): Min: 0.0, Avg: 0.0, Max: 0.0, Diff: 0.0, Sum: 0.1]
      [GC Worker Total (ms): Min: 20.2, Avg: 20.2, Max: 20.2, Diff: 0.0, Sum: 40.5]
      [GC Worker End (ms): Min: 11030.0, Avg: 11030.0, Max: 11030.0, Diff: 0.0]
   [Code Root Fixup: 0.0 ms]
   [Code Root Migration: 0.0 ms]
   [Clear CT: 0.0 ms]
   [Other: 0.4 ms]
      [Choose CSet: 0.0 ms]
      [Ref Proc: 0.1 ms]
      [Ref Enq: 0.0 ms]
      [Free CSet: 0.1 ms]
   [Eden: 30.0M(30.0M)->0.0B(19.0M) Survivors: 10.0M->5120.0K Heap: 198.5M(256.0M)->191.0M(256.0M)]
 [Times: user=0.03 sys=0.00, real=0.02 secs] 
2014-07-10T16:12:40.044+0200: 11.031: [GC concurrent-root-region-scan-start]
2014-07-10T16:12:40.045+0200: 11.032: [GC concurrent-root-region-scan-end, 0.0016091 secs]
2014-07-10T16:12:40.045+0200: 11.032: [GC concurrent-mark-start]
2014-07-10T16:12:40.048+0200: 11.035: [GC concurrent-mark-end, 0.0030294 secs]
2014-07-10T16:12:40.049+0200: 11.035: [GC remark 2014-07-10T16:12:40.049+0200: 11.036: [GC ref-proc, 0.0000649 secs], 0.0009650 secs]
 [Times: user=0.00 sys=0.00, real=0.00 secs] 
2014-07-10T16:12:40.050+0200: 11.037: [GC cleanup 194M->83M(256M), 0.0009162 secs]
 [Times: user=0.03 sys=0.00, real=0.00 secs] 
2014-07-10T16:12:40.051+0200: 11.038: [GC concurrent-cleanup-start]
2014-07-10T16:12:40.051+0200: 11.038: [GC concurrent-cleanup-end, 0.0002332 secs]
2014-07-10T16:12:40.076+0200: 11.063: [GC pause (young), 0.0137822 secs]
   [Parallel Time: 13.5 ms, GC Workers: 2]
      [GC Worker Start (ms): Min: 11062.7, Avg: 11062.7, Max: 11062.7, Diff: 0.0]
      [Ext Root Scanning (ms): Min: 1.7, Avg: 1.7, Max: 1.7, Diff: 0.0, Sum: 3.4]
      [Update RS (ms): Min: 0.4, Avg: 0.5, Max: 0.5, Diff: 0.1, Sum: 0.9]
         [Processed Buffers: Min: 2, Avg: 3.5, Max: 5, Diff: 3, Sum: 7]
      [Scan RS (ms): Min: 0.0, Avg: 0.0, Max: 0.0, Diff: 0.0, Sum: 0.1]
      [Code Root Scanning (ms): Min: 0.0, Avg: 0.0, Max: 0.0, Diff: 0.0, Sum: 0.0]
      [Object Copy (ms): Min: 11.2, Avg: 11.2, Max: 11.3, Diff: 0.1, Sum: 22.5]
      [Termination (ms): Min: 0.0, Avg: 0.0, Max: 0.0, Diff: 0.0, Sum: 0.0]
      [GC Worker Other (ms): Min: 0.0, Avg: 0.0, Max: 0.0, Diff: 0.0, Sum: 0.0]
      [GC Worker Total (ms): Min: 13.5, Avg: 13.5, Max: 13.5, Diff: 0.0, Sum: 26.9]
      [GC Worker End (ms): Min: 11076.1, Avg: 11076.1, Max: 11076.1, Diff: 0.0]
   [Code Root Fixup: 0.0 ms]
   [Code Root Migration: 0.0 ms]
   [Clear CT: 0.0 ms]
   [Other: 0.2 ms]
      [Choose CSet: 0.0 ms]
      [Ref Proc: 0.0 ms]
      [Ref Enq: 0.0 ms]
      [Free CSet: 0.1 ms]
   [Eden: 19.0M(19.0M)->0.0B(9216.0K) Survivors: 5120.0K->3072.0K Heap: 99.0M(256.0M)->94.0M(256.0M)]
 [Times: user=0.03 sys=0.00, real=0.01 secs] 
2014-07-10T16:12:40.103+0200: 11.090: [GC pause (mixed), 0.0091807 secs]
   [Parallel Time: 8.8 ms, GC Workers: 2]
      [GC Worker Start (ms): Min: 11089.8, Avg: 11089.8, Max: 11089.8, Diff: 0.0]
      [Ext Root Scanning (ms): Min: 1.1, Avg: 1.1, Max: 1.2, Diff: 0.0, Sum: 2.3]
      [Update RS (ms): Min: 0.3, Avg: 0.3, Max: 0.3, Diff: 0.0, Sum: 0.6]
         [Processed Buffers: Min: 2, Avg: 3.5, Max: 5, Diff: 3, Sum: 7]
      [Scan RS (ms): Min: 0.1, Avg: 0.1, Max: 0.1, Diff: 0.0, Sum: 0.2]
      [Code Root Scanning (ms): Min: 0.0, Avg: 0.0, Max: 0.0, Diff: 0.0, Sum: 0.0]
      [Object Copy (ms): Min: 7.2, Avg: 7.2, Max: 7.2, Diff: 0.0, Sum: 14.4]
      [Termination (ms): Min: 0.0, Avg: 0.0, Max: 0.0, Diff: 0.0, Sum: 0.0]
      [GC Worker Other (ms): Min: 0.0, Avg: 0.0, Max: 0.0, Diff: 0.0, Sum: 0.1]
      [GC Worker Total (ms): Min: 8.8, Avg: 8.8, Max: 8.8, Diff: 0.0, Sum: 17.6]
      [GC Worker End (ms): Min: 11098.6, Avg: 11098.6, Max: 11098.6, Diff: 0.0]
   [Code Root Fixup: 0.0 ms]
   [Code Root Migration: 0.0 ms]
   [Clear CT: 0.0 ms]
   [Other: 0.3 ms]
      [Choose CSet: 0.0 ms]
      [Ref Proc: 0.0 ms]
      [Ref Enq: 0.0 ms]
      [Free CSet: 0.1 ms]
   [Eden: 9216.0K(9216.0K)->0.0B(75.0M) Survivors: 3072.0K->2048.0K Heap: 103.0M(256.0M)->90.0M(256.0M)]
 [Times: user=0.00 sys=0.00, real=0.01 secs] 
2014-07-10T16:12:40.236+0200: 11.223: [GC pause (young), 0.0492771 secs]
   [Parallel Time: 48.8 ms, GC Workers: 2]
      [GC Worker Start (ms): Min: 11222.8, Avg: 11222.8, Max: 11222.8, Diff: 0.0]
      [Ext Root Scanning (ms): Min: 1.0, Avg: 1.0, Max: 1.0, Diff: 0.0, Sum: 2.0]
      [Update RS (ms): Min: 0.4, Avg: 0.4, Max: 0.4, Diff: 0.0, Sum: 0.8]
         [Processed Buffers: Min: 2, Avg: 3.0, Max: 4, Diff: 2, Sum: 6]
      [Scan RS (ms): Min: 0.1, Avg: 0.1, Max: 0.2, Diff: 0.1, Sum: 0.3]
      [Code Root Scanning (ms): Min: 0.1, Avg: 0.1, Max: 0.2, Diff: 0.1, Sum: 0.2]
      [Object Copy (ms): Min: 47.1, Avg: 47.1, Max: 47.1, Diff: 0.0, Sum: 94.2]
      [Termination (ms): Min: 0.0, Avg: 0.0, Max: 0.0, Diff: 0.0, Sum: 0.0]
      [GC Worker Other (ms): Min: 0.0, Avg: 0.0, Max: 0.0, Diff: 0.0, Sum: 0.1]
      [GC Worker Total (ms): Min: 48.8, Avg: 48.8, Max: 48.8, Diff: 0.0, Sum: 97.5]
      [GC Worker End (ms): Min: 11271.6, Avg: 11271.6, Max: 11271.6, Diff: 0.0]
   [Code Root Fixup: 0.0 ms]
   [Code Root Migration: 0.0 ms]
   [Clear CT: 0.1 ms]
   [Other: 0.4 ms]
      [Choose CSet: 0.0 ms]
      [Ref Proc: 0.0 ms]
      [Ref Enq: 0.0 ms]
      [Free CSet: 0.1 ms]
   [Eden: 75.0M(75.0M)->0.0B(29.0M) Survivors: 2048.0K->10.0M Heap: 165.0M(256.0M)->171.0M(256.0M)]
 [Times: user=0.13 sys=0.00, real=0.05 secs] 
2014-07-10T16:12:40.334+0200: 11.321: [GC pause (young) (initial-mark), 0.0211822 secs]
   [Parallel Time: 20.0 ms, GC Workers: 2]
      [GC Worker Start (ms): Min: 11320.9, Avg: 11320.9, Max: 11320.9, Diff: 0.0]
      [Ext Root Scanning (ms): Min: 1.1, Avg: 1.1, Max: 1.2, Diff: 0.0, Sum: 2.3]
      [Code Root Marking (ms): Min: 0.0, Avg: 0.1, Max: 0.1, Diff: 0.1, Sum: 0.1]
      [Update RS (ms): Min: 1.1, Avg: 1.1, Max: 1.2, Diff: 0.1, Sum: 2.3]
         [Processed Buffers: Min: 4, Avg: 6.0, Max: 8, Diff: 4, Sum: 12]
      [Scan RS (ms): Min: 0.0, Avg: 0.1, Max: 0.1, Diff: 0.1, Sum: 0.1]
      [Code Root Scanning (ms): Min: 0.0, Avg: 0.0, Max: 0.0, Diff: 0.0, Sum: 0.0]
      [Object Copy (ms): Min: 17.5, Avg: 17.5, Max: 17.5, Diff: 0.0, Sum: 35.0]
      [Termination (ms): Min: 0.0, Avg: 0.0, Max: 0.0, Diff: 0.0, Sum: 0.0]
      [GC Worker Other (ms): Min: 0.0, Avg: 0.0, Max: 0.0, Diff: 0.0, Sum: 0.1]
      [GC Worker Total (ms): Min: 20.0, Avg: 20.0, Max: 20.0, Diff: 0.0, Sum: 39.9]
      [GC Worker End (ms): Min: 11340.8, Avg: 11340.8, Max: 11340.8, Diff: 0.0]
   [Code Root Fixup: 0.0 ms]
   [Code Root Migration: 0.0 ms]
   [Clear CT: 0.1 ms]
   [Other: 1.1 ms]
      [Choose CSet: 0.0 ms]
      [Ref Proc: 0.8 ms]
      [Ref Enq: 0.0 ms]
      [Free CSet: 0.1 ms]
   [Eden: 29.0M(29.0M)->0.0B(19.0M) Survivors: 10.0M->5120.0K Heap: 200.0M(256.0M)->190.5M(256.0M)]
 [Times: user=0.03 sys=0.00, real=0.02 secs] 
2014-07-10T16:12:40.355+0200: 11.342: [GC concurrent-root-region-scan-start]
2014-07-10T16:12:40.356+0200: 11.343: [GC concurrent-root-region-scan-end, 0.0010027 secs]
2014-07-10T16:12:40.356+0200: 11.343: [GC concurrent-mark-start]
2014-07-10T16:12:40.359+0200: 11.346: [GC concurrent-mark-end, 0.0030111 secs]
2014-07-10T16:12:40.360+0200: 11.347: [GC remark 2014-07-10T16:12:40.360+0200: 11.347: [GC ref-proc, 0.0000638 secs], 0.0011156 secs]
 [Times: user=0.00 sys=0.00, real=0.00 secs] 
2014-07-10T16:12:40.361+0200: 11.348: [GC cleanup 192M->99M(256M), 0.0008132 secs]
 [Times: user=0.00 sys=0.00, real=0.00 secs] 
2014-07-10T16:12:40.362+0200: 11.349: [GC concurrent-cleanup-start]
2014-07-10T16:12:40.362+0200: 11.349: [GC concurrent-cleanup-end, 0.0001881 secs]
2014-07-10T16:12:40.388+0200: 11.375: [GC pause (young), 0.0136484 secs]
   [Parallel Time: 13.3 ms, GC Workers: 2]
      [GC Worker Start (ms): Min: 11374.8, Avg: 11374.8, Max: 11374.8, Diff: 0.0]
      [Ext Root Scanning (ms): Min: 1.1, Avg: 1.1, Max: 1.1, Diff: 0.0, Sum: 2.3]
      [Update RS (ms): Min: 0.5, Avg: 0.5, Max: 0.6, Diff: 0.1, Sum: 1.0]
         [Processed Buffers: Min: 2, Avg: 3.5, Max: 5, Diff: 3, Sum: 7]
      [Scan RS (ms): Min: 0.0, Avg: 0.0, Max: 0.1, Diff: 0.1, Sum: 0.1]
      [Code Root Scanning (ms): Min: 0.0, Avg: 0.0, Max: 0.0, Diff: 0.0, Sum: 0.0]
      [Object Copy (ms): Min: 11.5, Avg: 11.5, Max: 11.5, Diff: 0.0, Sum: 23.0]
      [Termination (ms): Min: 0.0, Avg: 0.0, Max: 0.0, Diff: 0.0, Sum: 0.0]
      [GC Worker Other (ms): Min: 0.0, Avg: 0.0, Max: 0.0, Diff: 0.0, Sum: 0.1]
      [GC Worker Total (ms): Min: 13.2, Avg: 13.2, Max: 13.2, Diff: 0.0, Sum: 26.5]
      [GC Worker End (ms): Min: 11388.0, Avg: 11388.0, Max: 11388.0, Diff: 0.0]
   [Code Root Fixup: 0.0 ms]
   [Code Root Migration: 0.0 ms]
   [Clear CT: 0.0 ms]
   [Other: 0.3 ms]
      [Choose CSet: 0.0 ms]
      [Ref Proc: 0.1 ms]
      [Ref Enq: 0.0 ms]
      [Free CSet: 0.1 ms]
   [Eden: 19.0M(19.0M)->0.0B(9216.0K) Survivors: 5120.0K->3072.0K Heap: 116.5M(256.0M)->112.0M(256.0M)]
 [Times: user=0.03 sys=0.00, real=0.01 secs] 
2014-07-10T16:12:40.416+0200: 11.403: [GC pause (mixed), 0.0093226 secs]
   [Parallel Time: 8.8 ms, GC Workers: 2]
      [GC Worker Start (ms): Min: 11402.7, Avg: 11402.7, Max: 11402.7, Diff: 0.0]
      [Ext Root Scanning (ms): Min: 1.0, Avg: 1.1, Max: 1.1, Diff: 0.0, Sum: 2.1]
      [Update RS (ms): Min: 0.3, Avg: 0.3, Max: 0.4, Diff: 0.1, Sum: 0.7]
         [Processed Buffers: Min: 1, Avg: 4.0, Max: 7, Diff: 6, Sum: 8]
      [Scan RS (ms): Min: 0.1, Avg: 0.1, Max: 0.2, Diff: 0.0, Sum: 0.3]
      [Code Root Scanning (ms): Min: 0.0, Avg: 0.0, Max: 0.0, Diff: 0.0, Sum: 0.0]
      [Object Copy (ms): Min: 7.2, Avg: 7.2, Max: 7.2, Diff: 0.0, Sum: 14.4]
      [Termination (ms): Min: 0.0, Avg: 0.0, Max: 0.0, Diff: 0.0, Sum: 0.0]
      [GC Worker Other (ms): Min: 0.0, Avg: 0.0, Max: 0.0, Diff: 0.0, Sum: 0.1]
      [GC Worker Total (ms): Min: 8.8, Avg: 8.8, Max: 8.8, Diff: 0.0, Sum: 17.6]
      [GC Worker End (ms): Min: 11411.6, Avg: 11411.6, Max: 11411.6, Diff: 0.0]
   [Code Root Fixup: 0.0 ms]
   [Code Root Migration: 0.0 ms]
   [Clear CT: 0.1 ms]
   [Other: 0.4 ms]
      [Choose CSet: 0.0 ms]
      [Ref Proc: 0.0 ms]
      [Ref Enq: 0.0 ms]
      [Free CSet: 0.2 ms]
   [Eden: 9216.0K(9216.0K)->0.0B(10.0M) Survivors: 3072.0K->2048.0K Heap: 121.0M(256.0M)->97.0M(256.0M)]
 [Times: user=0.03 sys=0.00, real=0.01 secs] 
2014-07-10T16:12:40.440+0200: 11.427: [GC pause (mixed), 0.0093827 secs]
   [Parallel Time: 9.1 ms, GC Workers: 2]
      [GC Worker Start (ms): Min: 11426.8, Avg: 11426.8, Max: 11426.8, Diff: 0.0]
      [Ext Root Scanning (ms): Min: 1.2, Avg: 1.4, Max: 1.6, Diff: 0.4, Sum: 2.8]
      [Update RS (ms): Min: 0.2, Avg: 0.3, Max: 0.4, Diff: 0.2, Sum: 0.7]
         [Processed Buffers: Min: 1, Avg: 2.5, Max: 4, Diff: 3, Sum: 5]
      [Scan RS (ms): Min: 0.0, Avg: 0.0, Max: 0.1, Diff: 0.1, Sum: 0.1]
      [Code Root Scanning (ms): Min: 0.0, Avg: 0.0, Max: 0.0, Diff: 0.0, Sum: 0.0]
      [Object Copy (ms): Min: 7.2, Avg: 7.2, Max: 7.2, Diff: 0.1, Sum: 14.4]
      [Termination (ms): Min: 0.0, Avg: 0.0, Max: 0.0, Diff: 0.0, Sum: 0.0]
      [GC Worker Other (ms): Min: 0.0, Avg: 0.0, Max: 0.0, Diff: 0.0, Sum: 0.0]
      [GC Worker Total (ms): Min: 9.0, Avg: 9.0, Max: 9.0, Diff: 0.0, Sum: 18.0]
      [GC Worker End (ms): Min: 11435.8, Avg: 11435.8, Max: 11435.8, Diff: 0.0]
   [Code Root Fixup: 0.0 ms]
   [Code Root Migration: 0.0 ms]
   [Clear CT: 0.0 ms]
   [Other: 0.3 ms]
      [Choose CSet: 0.0 ms]
      [Ref Proc: 0.1 ms]
      [Ref Enq: 0.0 ms]
      [Free CSet: 0.1 ms]
   [Eden: 10.0M(10.0M)->0.0B(61.0M) Survivors: 2048.0K->2048.0K Heap: 107.0M(256.0M)->108.5M(256.0M)]
 [Times: user=0.03 sys=0.00, real=0.01 secs] 
2014-07-10T16:12:40.552+0200: 11.539: [GC pause (young), 0.0409411 secs]
   [Parallel Time: 40.4 ms, GC Workers: 2]
      [GC Worker Start (ms): Min: 11538.7, Avg: 11538.7, Max: 11538.7, Diff: 0.0]
      [Ext Root Scanning (ms): Min: 1.1, Avg: 1.1, Max: 1.1, Diff: 0.0, Sum: 2.2]
      [Update RS (ms): Min: 0.4, Avg: 0.4, Max: 0.5, Diff: 0.1, Sum: 0.8]
         [Processed Buffers: Min: 1, Avg: 3.0, Max: 5, Diff: 4, Sum: 6]
      [Scan RS (ms): Min: 0.1, Avg: 0.1, Max: 0.1, Diff: 0.1, Sum: 0.2]
      [Code Root Scanning (ms): Min: 0.0, Avg: 0.0, Max: 0.0, Diff: 0.0, Sum: 0.1]
      [Object Copy (ms): Min: 38.6, Avg: 38.7, Max: 38.7, Diff: 0.0, Sum: 77.3]
      [Termination (ms): Min: 0.0, Avg: 0.0, Max: 0.0, Diff: 0.0, Sum: 0.0]
      [GC Worker Other (ms): Min: 0.0, Avg: 0.0, Max: 0.0, Diff: 0.0, Sum: 0.1]
      [GC Worker Total (ms): Min: 40.3, Avg: 40.4, Max: 40.4, Diff: 0.0, Sum: 80.7]
      [GC Worker End (ms): Min: 11579.1, Avg: 11579.1, Max: 11579.1, Diff: 0.0]
   [Code Root Fixup: 0.0 ms]
   [Code Root Migration: 0.0 ms]
   [Clear CT: 0.1 ms]
   [Other: 0.4 ms]
      [Choose CSet: 0.0 ms]
      [Ref Proc: 0.1 ms]
      [Ref Enq: 0.0 ms]
      [Free CSet: 0.1 ms]
   [Eden: 61.0M(61.0M)->0.0B(27.0M) Survivors: 2048.0K->8192.0K Heap: 169.5M(256.0M)->174.0M(256.0M)]
 [Times: user=0.06 sys=0.00, real=0.04 secs] 
2014-07-10T16:12:40.638+0200: 11.625: [GC pause (young) (initial-mark), 0.0193619 secs]
   [Parallel Time: 18.8 ms, GC Workers: 2]
      [GC Worker Start (ms): Min: 11624.8, Avg: 11624.8, Max: 11624.8, Diff: 0.0]
      [Ext Root Scanning (ms): Min: 1.1, Avg: 1.1, Max: 1.2, Diff: 0.1, Sum: 2.3]
      [Code Root Marking (ms): Min: 0.0, Avg: 0.1, Max: 0.1, Diff: 0.0, Sum: 0.1]
      [Update RS (ms): Min: 0.9, Avg: 0.9, Max: 0.9, Diff: 0.0, Sum: 1.8]
         [Processed Buffers: Min: 4, Avg: 5.0, Max: 6, Diff: 2, Sum: 10]
      [Scan RS (ms): Min: 0.0, Avg: 0.0, Max: 0.1, Diff: 0.0, Sum: 0.1]
      [Code Root Scanning (ms): Min: 0.0, Avg: 0.0, Max: 0.0, Diff: 0.0, Sum: 0.0]
      [Object Copy (ms): Min: 16.5, Avg: 16.5, Max: 16.5, Diff: 0.0, Sum: 33.0]
      [Termination (ms): Min: 0.0, Avg: 0.0, Max: 0.0, Diff: 0.0, Sum: 0.0]
      [GC Worker Other (ms): Min: 0.0, Avg: 0.0, Max: 0.0, Diff: 0.0, Sum: 0.1]
      [GC Worker Total (ms): Min: 18.7, Avg: 18.7, Max: 18.7, Diff: 0.0, Sum: 37.4]
      [GC Worker End (ms): Min: 11643.5, Avg: 11643.5, Max: 11643.5, Diff: 0.0]
   [Code Root Fixup: 0.0 ms]
   [Code Root Migration: 0.0 ms]
   [Clear CT: 0.0 ms]
   [Other: 0.5 ms]
      [Choose CSet: 0.0 ms]
      [Ref Proc: 0.0 ms]
      [Ref Enq: 0.0 ms]
      [Free CSet: 0.2 ms]
   [Eden: 27.0M(27.0M)->0.0B(17.0M) Survivors: 8192.0K->5120.0K Heap: 201.0M(256.0M)->194.0M(256.0M)]
 [Times: user=0.03 sys=0.00, real=0.02 secs] 
2014-07-10T16:12:40.657+0200: 11.644: [GC concurrent-root-region-scan-start]
2014-07-10T16:12:40.659+0200: 11.646: [GC concurrent-root-region-scan-end, 0.0015101 secs]
2014-07-10T16:12:40.659+0200: 11.646: [GC concurrent-mark-start]
2014-07-10T16:12:40.662+0200: 11.649: [GC concurrent-mark-end, 0.0034089 secs]
2014-07-10T16:12:40.663+0200: 11.649: [GC remark 2014-07-10T16:12:40.663+0200: 11.650: [GC ref-proc, 0.0000678 secs], 0.0010918 secs]
 [Times: user=0.00 sys=0.00, real=0.00 secs] 
2014-07-10T16:12:40.664+0200: 11.651: [GC cleanup 197M->103M(256M), 0.0007783 secs]
 [Times: user=0.00 sys=0.00, real=0.00 secs] 
2014-07-10T16:12:40.665+0200: 11.652: [GC concurrent-cleanup-start]
2014-07-10T16:12:40.665+0200: 11.652: [GC concurrent-cleanup-end, 0.0001921 secs]
2014-07-10T16:12:40.687+0200: 11.674: [GC pause (young), 0.0127754 secs]
   [Parallel Time: 12.1 ms, GC Workers: 2]
      [GC Worker Start (ms): Min: 11673.6, Avg: 11673.6, Max: 11673.6, Diff: 0.0]
      [Ext Root Scanning (ms): Min: 1.2, Avg: 1.3, Max: 1.3, Diff: 0.2, Sum: 2.5]
      [Update RS (ms): Min: 0.4, Avg: 0.5, Max: 0.5, Diff: 0.1, Sum: 1.0]
         [Processed Buffers: Min: 2, Avg: 3.0, Max: 4, Diff: 2, Sum: 6]
      [Scan RS (ms): Min: 0.0, Avg: 0.0, Max: 0.0, Diff: 0.0, Sum: 0.1]
      [Code Root Scanning (ms): Min: 0.0, Avg: 0.0, Max: 0.0, Diff: 0.0, Sum: 0.0]
      [Object Copy (ms): Min: 10.3, Avg: 10.3, Max: 10.3, Diff: 0.0, Sum: 20.6]
      [Termination (ms): Min: 0.0, Avg: 0.0, Max: 0.0, Diff: 0.0, Sum: 0.0]
      [GC Worker Other (ms): Min: 0.0, Avg: 0.0, Max: 0.0, Diff: 0.0, Sum: 0.1]
      [GC Worker Total (ms): Min: 12.1, Avg: 12.1, Max: 12.1, Diff: 0.0, Sum: 24.2]
      [GC Worker End (ms): Min: 11685.7, Avg: 11685.7, Max: 11685.7, Diff: 0.0]
   [Code Root Fixup: 0.0 ms]
   [Code Root Migration: 0.0 ms]
   [Clear CT: 0.0 ms]
   [Other: 0.6 ms]
      [Choose CSet: 0.0 ms]
      [Ref Proc: 0.4 ms]
      [Ref Enq: 0.0 ms]
      [Free CSet: 0.1 ms]
   [Eden: 17.0M(17.0M)->0.0B(9216.0K) Survivors: 5120.0K->3072.0K Heap: 117.0M(256.0M)->113.5M(256.0M)]
 [Times: user=0.03 sys=0.00, real=0.01 secs] 
2014-07-10T16:12:40.713+0200: 11.700: [GC pause (mixed), 0.0116484 secs]
   [Parallel Time: 11.1 ms, GC Workers: 2]
      [GC Worker Start (ms): Min: 11699.8, Avg: 11700.1, Max: 11700.4, Diff: 0.6]
      [Ext Root Scanning (ms): Min: 1.0, Avg: 2.3, Max: 3.7, Diff: 2.7, Sum: 4.6]
      [Update RS (ms): Min: 0.0, Avg: 0.3, Max: 0.6, Diff: 0.6, Sum: 0.6]
         [Processed Buffers: Min: 0, Avg: 3.0, Max: 6, Diff: 6, Sum: 6]
      [Scan RS (ms): Min: 0.0, Avg: 0.1, Max: 0.3, Diff: 0.2, Sum: 0.3]
      [Code Root Scanning (ms): Min: 0.0, Avg: 0.0, Max: 0.0, Diff: 0.0, Sum: 0.0]
      [Object Copy (ms): Min: 7.2, Avg: 7.8, Max: 8.3, Diff: 1.1, Sum: 15.6]
      [Termination (ms): Min: 0.0, Avg: 0.1, Max: 0.2, Diff: 0.2, Sum: 0.2]
      [GC Worker Other (ms): Min: 0.0, Avg: 0.1, Max: 0.2, Diff: 0.1, Sum: 0.2]
      [GC Worker Total (ms): Min: 10.4, Avg: 10.7, Max: 11.1, Diff: 0.7, Sum: 21.5]
      [GC Worker End (ms): Min: 11710.8, Avg: 11710.9, Max: 11710.9, Diff: 0.1]
   [Code Root Fixup: 0.0 ms]
   [Code Root Migration: 0.0 ms]
   [Clear CT: 0.1 ms]
   [Other: 0.4 ms]
      [Choose CSet: 0.0 ms]
      [Ref Proc: 0.1 ms]
      [Ref Enq: 0.0 ms]
      [Free CSet: 0.2 ms]
   [Eden: 9216.0K(9216.0K)->0.0B(10.0M) Survivors: 3072.0K->2048.0K Heap: 122.5M(256.0M)->100.2M(256.0M)]
 [Times: user=0.03 sys=0.00, real=0.01 secs] 
2014-07-10T16:12:40.741+0200: 11.728: [GC pause (mixed), 0.0092173 secs]
   [Parallel Time: 8.7 ms, GC Workers: 2]
      [GC Worker Start (ms): Min: 11727.6, Avg: 11727.6, Max: 11727.6, Diff: 0.0]
      [Ext Root Scanning (ms): Min: 1.0, Avg: 1.0, Max: 1.0, Diff: 0.0, Sum: 2.0]
      [Update RS (ms): Min: 0.3, Avg: 0.3, Max: 0.4, Diff: 0.1, Sum: 0.6]
         [Processed Buffers: Min: 1, Avg: 2.0, Max: 3, Diff: 2, Sum: 4]
      [Scan RS (ms): Min: 0.0, Avg: 0.0, Max: 0.1, Diff: 0.0, Sum: 0.1]
      [Code Root Scanning (ms): Min: 0.0, Avg: 0.0, Max: 0.0, Diff: 0.0, Sum: 0.0]
      [Object Copy (ms): Min: 7.2, Avg: 7.3, Max: 7.3, Diff: 0.1, Sum: 14.5]
      [Termination (ms): Min: 0.0, Avg: 0.0, Max: 0.0, Diff: 0.0, Sum: 0.0]
      [GC Worker Other (ms): Min: 0.0, Avg: 0.0, Max: 0.0, Diff: 0.0, Sum: 0.1]
      [GC Worker Total (ms): Min: 8.6, Avg: 8.6, Max: 8.6, Diff: 0.0, Sum: 17.3]
      [GC Worker End (ms): Min: 11736.3, Avg: 11736.3, Max: 11736.3, Diff: 0.0]
   [Code Root Fixup: 0.0 ms]
   [Code Root Migration: 0.0 ms]
   [Clear CT: 0.0 ms]
   [Other: 0.5 ms]
      [Choose CSet: 0.0 ms]
      [Ref Proc: 0.3 ms]
      [Ref Enq: 0.0 ms]
      [Free CSet: 0.1 ms]
   [Eden: 10.0M(10.0M)->0.0B(60.0M) Survivors: 2048.0K->2048.0K Heap: 110.2M(256.0M)->110.5M(256.0M)]
 [Times: user=0.00 sys=0.00, real=0.01 secs] 
2014-07-10T16:12:40.849+0200: 11.836: [GC pause (young), 0.0406507 secs]
   [Parallel Time: 40.1 ms, GC Workers: 2]
      [GC Worker Start (ms): Min: 11835.7, Avg: 11835.7, Max: 11835.7, Diff: 0.0]
      [Ext Root Scanning (ms): Min: 1.0, Avg: 1.0, Max: 1.0, Diff: 0.0, Sum: 2.0]
      [Update RS (ms): Min: 0.4, Avg: 0.4, Max: 0.4, Diff: 0.0, Sum: 0.7]
         [Processed Buffers: Min: 3, Avg: 3.0, Max: 3, Diff: 0, Sum: 6]
      [Scan RS (ms): Min: 0.1, Avg: 0.1, Max: 0.1, Diff: 0.0, Sum: 0.2]
      [Code Root Scanning (ms): Min: 0.0, Avg: 0.0, Max: 0.0, Diff: 0.0, Sum: 0.1]
      [Object Copy (ms): Min: 38.5, Avg: 38.5, Max: 38.5, Diff: 0.0, Sum: 77.0]
      [Termination (ms): Min: 0.0, Avg: 0.0, Max: 0.0, Diff: 0.0, Sum: 0.0]
      [GC Worker Other (ms): Min: 0.0, Avg: 0.0, Max: 0.0, Diff: 0.0, Sum: 0.1]
      [GC Worker Total (ms): Min: 40.0, Avg: 40.1, Max: 40.1, Diff: 0.0, Sum: 80.1]
      [GC Worker End (ms): Min: 11875.7, Avg: 11875.7, Max: 11875.7, Diff: 0.0]
   [Code Root Fixup: 0.0 ms]
   [Code Root Migration: 0.0 ms]
   [Clear CT: 0.0 ms]
   [Other: 0.5 ms]
      [Choose CSet: 0.0 ms]
      [Ref Proc: 0.2 ms]
      [Ref Enq: 0.0 ms]
      [Free CSet: 0.2 ms]
   [Eden: 60.0M(60.0M)->0.0B(25.0M) Survivors: 2048.0K->8192.0K Heap: 170.5M(256.0M)->178.0M(256.0M)]
 [Times: user=0.06 sys=0.00, real=0.04 secs] 
2014-07-10T16:12:40.930+0200: 11.917: [GC pause (young) (initial-mark), 0.0187958 secs]
   [Parallel Time: 18.4 ms, GC Workers: 2]
      [GC Worker Start (ms): Min: 11916.8, Avg: 11916.8, Max: 11916.8, Diff: 0.0]
      [Ext Root Scanning (ms): Min: 1.1, Avg: 1.1, Max: 1.1, Diff: 0.0, Sum: 2.1]
      [Code Root Marking (ms): Min: 0.1, Avg: 0.1, Max: 0.1, Diff: 0.0, Sum: 0.1]
      [Update RS (ms): Min: 0.8, Avg: 0.9, Max: 0.9, Diff: 0.1, Sum: 1.7]
         [Processed Buffers: Min: 4, Avg: 5.5, Max: 7, Diff: 3, Sum: 11]
      [Scan RS (ms): Min: 0.0, Avg: 0.0, Max: 0.1, Diff: 0.0, Sum: 0.1]
      [Code Root Scanning (ms): Min: 0.0, Avg: 0.0, Max: 0.0, Diff: 0.0, Sum: 0.0]
      [Object Copy (ms): Min: 16.2, Avg: 16.3, Max: 16.3, Diff: 0.0, Sum: 32.5]
      [Termination (ms): Min: 0.0, Avg: 0.0, Max: 0.0, Diff: 0.0, Sum: 0.0]
      [GC Worker Other (ms): Min: 0.0, Avg: 0.0, Max: 0.0, Diff: 0.0, Sum: 0.0]
      [GC Worker Total (ms): Min: 18.3, Avg: 18.3, Max: 18.3, Diff: 0.0, Sum: 36.7]
      [GC Worker End (ms): Min: 11935.1, Avg: 11935.1, Max: 11935.1, Diff: 0.0]
   [Code Root Fixup: 0.0 ms]
   [Code Root Migration: 0.0 ms]
   [Clear CT: 0.0 ms]
   [Other: 0.3 ms]
      [Choose CSet: 0.0 ms]
      [Ref Proc: 0.1 ms]
      [Ref Enq: 0.0 ms]
      [Free CSet: 0.1 ms]
   [Eden: 25.0M(25.0M)->0.0B(15.0M) Survivors: 8192.0K->5120.0K Heap: 203.0M(256.0M)->198.0M(256.0M)]
 [Times: user=0.03 sys=0.00, real=0.02 secs] 
2014-07-10T16:12:40.949+0200: 11.936: [GC concurrent-root-region-scan-start]
2014-07-10T16:12:40.950+0200: 11.937: [GC concurrent-root-region-scan-end, 0.0014914 secs]
2014-07-10T16:12:40.950+0200: 11.937: [GC concurrent-mark-start]
2014-07-10T16:12:40.953+0200: 11.940: [GC concurrent-mark-end, 0.0028494 secs]
2014-07-10T16:12:40.954+0200: 11.941: [GC remark 2014-07-10T16:12:40.954+0200: 11.941: [GC ref-proc, 0.0000631 secs], 0.0012806 secs]
 [Times: user=0.02 sys=0.00, real=0.00 secs] 
2014-07-10T16:12:40.956+0200: 11.943: [GC cleanup 201M->97M(256M), 0.0011728 secs]
 [Times: user=0.00 sys=0.00, real=0.00 secs] 
2014-07-10T16:12:40.957+0200: 11.944: [GC concurrent-cleanup-start]
2014-07-10T16:12:40.957+0200: 11.944: [GC concurrent-cleanup-end, 0.0002042 secs]
2014-07-10T16:12:40.977+0200: 11.964: [GC pause (young), 0.0112319 secs]
   [Parallel Time: 10.9 ms, GC Workers: 2]
      [GC Worker Start (ms): Min: 11964.0, Avg: 11964.3, Max: 11964.7, Diff: 0.7]
      [Ext Root Scanning (ms): Min: 0.8, Avg: 1.0, Max: 1.3, Diff: 0.5, Sum: 2.1]
      [Update RS (ms): Min: 0.4, Avg: 0.5, Max: 0.6, Diff: 0.2, Sum: 1.0]
         [Processed Buffers: Min: 2, Avg: 3.0, Max: 4, Diff: 2, Sum: 6]
      [Scan RS (ms): Min: 0.0, Avg: 0.0, Max: 0.1, Diff: 0.1, Sum: 0.1]
      [Code Root Scanning (ms): Min: 0.0, Avg: 0.0, Max: 0.0, Diff: 0.0, Sum: 0.0]
      [Object Copy (ms): Min: 8.7, Avg: 8.9, Max: 9.0, Diff: 0.3, Sum: 17.8]
      [Termination (ms): Min: 0.0, Avg: 0.0, Max: 0.0, Diff: 0.0, Sum: 0.0]
      [GC Worker Other (ms): Min: 0.0, Avg: 0.0, Max: 0.0, Diff: 0.0, Sum: 0.1]
      [GC Worker Total (ms): Min: 10.2, Avg: 10.5, Max: 10.8, Diff: 0.7, Sum: 21.0]
      [GC Worker End (ms): Min: 11974.9, Avg: 11974.9, Max: 11974.9, Diff: 0.0]
   [Code Root Fixup: 0.0 ms]
   [Code Root Migration: 0.0 ms]
   [Clear CT: 0.0 ms]
   [Other: 0.3 ms]
      [Choose CSet: 0.0 ms]
      [Ref Proc: 0.1 ms]
      [Ref Enq: 0.0 ms]
      [Free CSet: 0.1 ms]
   [Eden: 15.0M(15.0M)->0.0B(9216.0K) Survivors: 5120.0K->3072.0K Heap: 109.0M(256.0M)->105.0M(256.0M)]
 [Times: user=0.03 sys=0.00, real=0.01 secs] 
2014-07-10T16:12:41.003+0200: 11.990: [GC pause (mixed), 0.0099572 secs]
   [Parallel Time: 9.4 ms, GC Workers: 2]
      [GC Worker Start (ms): Min: 11989.8, Avg: 11989.8, Max: 11989.8, Diff: 0.0]
      [Ext Root Scanning (ms): Min: 0.9, Avg: 0.9, Max: 0.9, Diff: 0.0, Sum: 1.8]
      [Update RS (ms): Min: 0.2, Avg: 0.3, Max: 0.3, Diff: 0.1, Sum: 0.5]
         [Processed Buffers: Min: 1, Avg: 2.0, Max: 3, Diff: 2, Sum: 4]
      [Scan RS (ms): Min: 0.1, Avg: 0.1, Max: 0.2, Diff: 0.1, Sum: 0.3]
      [Code Root Scanning (ms): Min: 0.0, Avg: 0.0, Max: 0.0, Diff: 0.0, Sum: 0.0]
      [Object Copy (ms): Min: 8.1, Avg: 8.1, Max: 8.1, Diff: 0.0, Sum: 16.1]
      [Termination (ms): Min: 0.0, Avg: 0.0, Max: 0.0, Diff: 0.0, Sum: 0.0]
      [GC Worker Other (ms): Min: 0.0, Avg: 0.0, Max: 0.0, Diff: 0.0, Sum: 0.1]
      [GC Worker Total (ms): Min: 9.4, Avg: 9.4, Max: 9.4, Diff: 0.0, Sum: 18.8]
      [GC Worker End (ms): Min: 11999.2, Avg: 11999.2, Max: 11999.2, Diff: 0.0]
   [Code Root Fixup: 0.0 ms]
   [Code Root Migration: 0.0 ms]
   [Clear CT: 0.1 ms]
   [Other: 0.4 ms]
      [Choose CSet: 0.0 ms]
      [Ref Proc: 0.0 ms]
      [Ref Enq: 0.0 ms]
      [Free CSet: 0.2 ms]
   [Eden: 9216.0K(9216.0K)->0.0B(71.0M) Survivors: 3072.0K->2048.0K Heap: 114.0M(256.0M)->92.0M(256.0M)]
 [Times: user=0.00 sys=0.00, real=0.01 secs] 
2014-07-10T16:12:41.130+0200: 12.117: [GC pause (young), 0.0480731 secs]
   [Parallel Time: 47.4 ms, GC Workers: 2]
      [GC Worker Start (ms): Min: 12116.8, Avg: 12116.8, Max: 12116.8, Diff: 0.0]
      [Ext Root Scanning (ms): Min: 1.0, Avg: 1.0, Max: 1.0, Diff: 0.0, Sum: 2.0]
      [Update RS (ms): Min: 0.5, Avg: 0.5, Max: 0.5, Diff: 0.0, Sum: 0.9]
         [Processed Buffers: Min: 1, Avg: 3.0, Max: 5, Diff: 4, Sum: 6]
      [Scan RS (ms): Min: 0.1, Avg: 0.1, Max: 0.1, Diff: 0.0, Sum: 0.2]
      [Code Root Scanning (ms): Min: 0.0, Avg: 0.0, Max: 0.1, Diff: 0.0, Sum: 0.1]
      [Object Copy (ms): Min: 45.7, Avg: 45.7, Max: 45.7, Diff: 0.0, Sum: 91.3]
      [Termination (ms): Min: 0.0, Avg: 0.0, Max: 0.0, Diff: 0.0, Sum: 0.0]
      [GC Worker Other (ms): Min: 0.0, Avg: 0.0, Max: 0.0, Diff: 0.0, Sum: 0.1]
      [GC Worker Total (ms): Min: 47.3, Avg: 47.3, Max: 47.3, Diff: 0.0, Sum: 94.6]
      [GC Worker End (ms): Min: 12164.1, Avg: 12164.1, Max: 12164.1, Diff: 0.0]
   [Code Root Fixup: 0.1 ms]
   [Code Root Migration: 0.0 ms]
   [Clear CT: 0.1 ms]
   [Other: 0.6 ms]
      [Choose CSet: 0.0 ms]
      [Ref Proc: 0.3 ms]
      [Ref Enq: 0.0 ms]
      [Free CSet: 0.1 ms]
   [Eden: 71.0M(71.0M)->0.0B(30.0M) Survivors: 2048.0K->10.0M Heap: 163.0M(256.0M)->168.0M(256.0M)]
 [Times: user=0.09 sys=0.00, real=0.05 secs] 
2014-07-10T16:12:41.226+0200: 12.213: [GC pause (young) (initial-mark), 0.0207781 secs]
   [Parallel Time: 19.9 ms, GC Workers: 2]
      [GC Worker Start (ms): Min: 12212.8, Avg: 12212.8, Max: 12212.8, Diff: 0.0]
      [Ext Root Scanning (ms): Min: 1.3, Avg: 1.3, Max: 1.3, Diff: 0.1, Sum: 2.6]
      [Code Root Marking (ms): Min: 0.1, Avg: 0.1, Max: 0.1, Diff: 0.0, Sum: 0.1]
      [Update RS (ms): Min: 0.9, Avg: 0.9, Max: 0.9, Diff: 0.0, Sum: 1.9]
         [Processed Buffers: Min: 5, Avg: 6.0, Max: 7, Diff: 2, Sum: 12]
      [Scan RS (ms): Min: 0.1, Avg: 0.1, Max: 0.1, Diff: 0.0, Sum: 0.1]
      [Code Root Scanning (ms): Min: 0.0, Avg: 0.0, Max: 0.0, Diff: 0.0, Sum: 0.1]
      [Object Copy (ms): Min: 17.4, Avg: 17.4, Max: 17.4, Diff: 0.1, Sum: 34.8]
      [Termination (ms): Min: 0.0, Avg: 0.0, Max: 0.0, Diff: 0.0, Sum: 0.0]
      [GC Worker Other (ms): Min: 0.0, Avg: 0.0, Max: 0.0, Diff: 0.0, Sum: 0.1]
      [GC Worker Total (ms): Min: 19.8, Avg: 19.8, Max: 19.8, Diff: 0.0, Sum: 39.6]
      [GC Worker End (ms): Min: 12232.6, Avg: 12232.6, Max: 12232.6, Diff: 0.0]
   [Code Root Fixup: 0.0 ms]
   [Code Root Migration: 0.0 ms]
   [Clear CT: 0.1 ms]
   [Other: 0.8 ms]
      [Choose CSet: 0.0 ms]
      [Ref Proc: 0.5 ms]
      [Ref Enq: 0.0 ms]
      [Free CSet: 0.1 ms]
   [Eden: 30.0M(30.0M)->0.0B(20.0M) Survivors: 10.0M->5120.0K Heap: 198.0M(256.0M)->189.0M(256.0M)]
 [Times: user=0.03 sys=0.00, real=0.02 secs] 
2014-07-10T16:12:41.247+0200: 12.234: [GC concurrent-root-region-scan-start]
2014-07-10T16:12:41.248+0200: 12.235: [GC concurrent-root-region-scan-end, 0.0011816 secs]
2014-07-10T16:12:41.248+0200: 12.235: [GC concurrent-mark-start]
2014-07-10T16:12:41.252+0200: 12.239: [GC concurrent-mark-end, 0.0037033 secs]
2014-07-10T16:12:41.252+0200: 12.239: [GC remark 2014-07-10T16:12:41.252+0200: 12.239: [GC ref-proc, 0.0000667 secs], 0.0010801 secs]
 [Times: user=0.00 sys=0.00, real=0.00 secs] 
2014-07-10T16:12:41.253+0200: 12.240: [GC cleanup 192M->95M(256M), 0.0007758 secs]
 [Times: user=0.00 sys=0.00, real=0.00 secs] 
2014-07-10T16:12:41.254+0200: 12.241: [GC concurrent-cleanup-start]
2014-07-10T16:12:41.254+0200: 12.241: [GC concurrent-cleanup-end, 0.0002079 secs]
2014-07-10T16:12:41.280+0200: 12.267: [GC pause (young), 0.0145998 secs]
   [Parallel Time: 14.3 ms, GC Workers: 2]
      [GC Worker Start (ms): Min: 12266.7, Avg: 12266.7, Max: 12266.7, Diff: 0.0]
      [Ext Root Scanning (ms): Min: 1.0, Avg: 1.0, Max: 1.0, Diff: 0.0, Sum: 2.0]
      [Update RS (ms): Min: 0.4, Avg: 0.5, Max: 0.5, Diff: 0.1, Sum: 0.9]
         [Processed Buffers: Min: 2, Avg: 3.0, Max: 4, Diff: 2, Sum: 6]
      [Scan RS (ms): Min: 0.0, Avg: 0.0, Max: 0.1, Diff: 0.0, Sum: 0.1]
      [Code Root Scanning (ms): Min: 0.0, Avg: 0.0, Max: 0.0, Diff: 0.0, Sum: 0.0]
      [Object Copy (ms): Min: 12.1, Avg: 12.4, Max: 12.7, Diff: 0.6, Sum: 24.8]
      [Termination (ms): Min: 0.0, Avg: 0.3, Max: 0.7, Diff: 0.7, Sum: 0.7]
      [GC Worker Other (ms): Min: 0.0, Avg: 0.0, Max: 0.0, Diff: 0.0, Sum: 0.0]
      [GC Worker Total (ms): Min: 14.3, Avg: 14.3, Max: 14.3, Diff: 0.0, Sum: 28.6]
      [GC Worker End (ms): Min: 12281.0, Avg: 12281.0, Max: 12281.0, Diff: 0.0]
   [Code Root Fixup: 0.0 ms]
   [Code Root Migration: 0.0 ms]
   [Clear CT: 0.0 ms]
   [Other: 0.2 ms]
      [Choose CSet: 0.0 ms]
      [Ref Proc: 0.0 ms]
      [Ref Enq: 0.0 ms]
      [Free CSet: 0.1 ms]
   [Eden: 20.0M(20.0M)->0.0B(8192.0K) Survivors: 5120.0K->4096.0K Heap: 112.0M(256.0M)->107.5M(256.0M)]
 [Times: user=0.03 sys=0.00, real=0.02 secs] 
2014-07-10T16:12:41.307+0200: 12.294: [GC pause (mixed), 0.0092998 secs]
   [Parallel Time: 8.9 ms, GC Workers: 2]
      [GC Worker Start (ms): Min: 12293.7, Avg: 12293.7, Max: 12293.7, Diff: 0.0]
      [Ext Root Scanning (ms): Min: 1.0, Avg: 1.1, Max: 1.2, Diff: 0.2, Sum: 2.3]
      [Update RS (ms): Min: 0.2, Avg: 0.3, Max: 0.4, Diff: 0.2, Sum: 0.7]
         [Processed Buffers: Min: 3, Avg: 3.0, Max: 3, Diff: 0, Sum: 6]
      [Scan RS (ms): Min: 0.1, Avg: 0.1, Max: 0.1, Diff: 0.0, Sum: 0.2]
      [Code Root Scanning (ms): Min: 0.0, Avg: 0.0, Max: 0.0, Diff: 0.0, Sum: 0.0]
      [Object Copy (ms): Min: 7.1, Avg: 7.2, Max: 7.2, Diff: 0.0, Sum: 14.3]
      [Termination (ms): Min: 0.0, Avg: 0.0, Max: 0.0, Diff: 0.0, Sum: 0.0]
      [GC Worker Other (ms): Min: 0.0, Avg: 0.0, Max: 0.0, Diff: 0.0, Sum: 0.1]
      [GC Worker Total (ms): Min: 8.8, Avg: 8.8, Max: 8.8, Diff: 0.0, Sum: 17.6]
      [GC Worker End (ms): Min: 12302.5, Avg: 12302.5, Max: 12302.5, Diff: 0.0]
   [Code Root Fixup: 0.0 ms]
   [Code Root Migration: 0.0 ms]
   [Clear CT: 0.1 ms]
   [Other: 0.3 ms]
      [Choose CSet: 0.0 ms]
      [Ref Proc: 0.0 ms]
      [Ref Enq: 0.0 ms]
      [Free CSet: 0.2 ms]
   [Eden: 8192.0K(8192.0K)->0.0B(69.0M) Survivors: 4096.0K->2048.0K Heap: 115.5M(256.0M)->97.5M(256.0M)]
 [Times: user=0.03 sys=0.00, real=0.01 secs] 
2014-07-10T16:12:41.432+0200: 12.419: [GC pause (young), 0.0471037 secs]
   [Parallel Time: 46.6 ms, GC Workers: 2]
      [GC Worker Start (ms): Min: 12418.7, Avg: 12418.7, Max: 12418.7, Diff: 0.0]
      [Ext Root Scanning (ms): Min: 1.0, Avg: 1.1, Max: 1.1, Diff: 0.1, Sum: 2.1]
      [Update RS (ms): Min: 0.4, Avg: 0.4, Max: 0.5, Diff: 0.1, Sum: 0.8]
         [Processed Buffers: Min: 2, Avg: 3.0, Max: 4, Diff: 2, Sum: 6]
      [Scan RS (ms): Min: 0.1, Avg: 0.1, Max: 0.1, Diff: 0.0, Sum: 0.2]
      [Code Root Scanning (ms): Min: 0.0, Avg: 0.0, Max: 0.1, Diff: 0.0, Sum: 0.1]
      [Object Copy (ms): Min: 44.9, Avg: 44.9, Max: 45.0, Diff: 0.0, Sum: 89.9]
      [Termination (ms): Min: 0.0, Avg: 0.0, Max: 0.0, Diff: 0.0, Sum: 0.0]
      [GC Worker Other (ms): Min: 0.0, Avg: 0.0, Max: 0.0, Diff: 0.0, Sum: 0.1]
      [GC Worker Total (ms): Min: 46.6, Avg: 46.6, Max: 46.6, Diff: 0.0, Sum: 93.2]
      [GC Worker End (ms): Min: 12465.3, Avg: 12465.3, Max: 12465.3, Diff: 0.0]
   [Code Root Fixup: 0.0 ms]
   [Code Root Migration: 0.0 ms]
   [Clear CT: 0.1 ms]
   [Other: 0.4 ms]
      [Choose CSet: 0.0 ms]
      [Ref Proc: 0.0 ms]
      [Ref Enq: 0.0 ms]
      [Free CSet: 0.1 ms]
   [Eden: 69.0M(69.0M)->0.0B(26.0M) Survivors: 2048.0K->9216.0K Heap: 166.5M(256.0M)->176.5M(256.0M)]
 [Times: user=0.08 sys=0.00, real=0.05 secs] 
2014-07-10T16:12:41.520+0200: 12.507: [GC pause (young) (initial-mark), 0.0197604 secs]
   [Parallel Time: 17.1 ms, GC Workers: 2]
      [GC Worker Start (ms): Min: 12506.9, Avg: 12506.9, Max: 12506.9, Diff: 0.0]
      [Ext Root Scanning (ms): Min: 1.1, Avg: 1.1, Max: 1.1, Diff: 0.0, Sum: 2.3]
      [Code Root Marking (ms): Min: 0.1, Avg: 0.1, Max: 0.1, Diff: 0.0, Sum: 0.1]
      [Update RS (ms): Min: 0.9, Avg: 0.9, Max: 0.9, Diff: 0.0, Sum: 1.9]
         [Processed Buffers: Min: 4, Avg: 4.5, Max: 5, Diff: 1, Sum: 9]
      [Scan RS (ms): Min: 0.0, Avg: 0.0, Max: 0.1, Diff: 0.0, Sum: 0.1]
      [Code Root Scanning (ms): Min: 0.0, Avg: 0.0, Max: 0.0, Diff: 0.0, Sum: 0.0]
      [Object Copy (ms): Min: 14.9, Avg: 14.9, Max: 14.9, Diff: 0.0, Sum: 29.8]
      [Termination (ms): Min: 0.0, Avg: 0.0, Max: 0.0, Diff: 0.0, Sum: 0.0]
      [GC Worker Other (ms): Min: 0.0, Avg: 0.0, Max: 0.0, Diff: 0.0, Sum: 0.1]
      [GC Worker Total (ms): Min: 17.1, Avg: 17.1, Max: 17.1, Diff: 0.0, Sum: 34.2]
      [GC Worker End (ms): Min: 12524.0, Avg: 12524.0, Max: 12524.0, Diff: 0.0]
   [Code Root Fixup: 0.0 ms]
   [Code Root Migration: 0.0 ms]
   [Clear CT: 0.0 ms]
   [Other: 2.6 ms]
      [Choose CSet: 0.0 ms]
      [Ref Proc: 2.3 ms]
      [Ref Enq: 0.0 ms]
      [Free CSet: 0.1 ms]
   [Eden: 26.0M(26.0M)->0.0B(18.0M) Survivors: 9216.0K->5120.0K Heap: 202.5M(256.0M)->192.5M(256.0M)]
 [Times: user=0.03 sys=0.00, real=0.02 secs] 
2014-07-10T16:12:41.540+0200: 12.527: [GC concurrent-root-region-scan-start]
2014-07-10T16:12:41.540+0200: 12.527: [GC concurrent-root-region-scan-end, 0.0000851 secs]
2014-07-10T16:12:41.540+0200: 12.527: [GC concurrent-mark-start]
2014-07-10T16:12:41.543+0200: 12.530: [GC concurrent-mark-end, 0.0031138 secs]
2014-07-10T16:12:41.545+0200: 12.532: [GC remark 2014-07-10T16:12:41.545+0200: 12.532: [GC ref-proc, 0.0000689 secs], 0.0014859 secs]
 [Times: user=0.00 sys=0.00, real=0.00 secs] 
2014-07-10T16:12:41.547+0200: 12.534: [GC cleanup 196M->96M(256M), 0.0008282 secs]
 [Times: user=0.03 sys=0.00, real=0.00 secs] 
2014-07-10T16:12:41.548+0200: 12.535: [GC concurrent-cleanup-start]
2014-07-10T16:12:41.548+0200: 12.535: [GC concurrent-cleanup-end, 0.0001881 secs]
2014-07-10T16:12:41.573+0200: 12.560: [GC pause (young), 0.0134812 secs]
   [Parallel Time: 13.1 ms, GC Workers: 2]
      [GC Worker Start (ms): Min: 12560.1, Avg: 12560.9, Max: 12561.8, Diff: 1.7]
      [Ext Root Scanning (ms): Min: 0.0, Avg: 0.9, Max: 1.9, Diff: 1.8, Sum: 1.9]
      [Update RS (ms): Min: 0.3, Avg: 0.4, Max: 0.4, Diff: 0.1, Sum: 0.8]
         [Processed Buffers: Min: 1, Avg: 3.0, Max: 5, Diff: 4, Sum: 6]
      [Scan RS (ms): Min: 0.0, Avg: 0.0, Max: 0.1, Diff: 0.1, Sum: 0.1]
      [Code Root Scanning (ms): Min: 0.0, Avg: 0.0, Max: 0.0, Diff: 0.0, Sum: 0.0]
      [Object Copy (ms): Min: 10.8, Avg: 10.8, Max: 10.8, Diff: 0.0, Sum: 21.6]
      [Termination (ms): Min: 0.0, Avg: 0.0, Max: 0.0, Diff: 0.0, Sum: 0.0]
      [GC Worker Other (ms): Min: 0.0, Avg: 0.0, Max: 0.0, Diff: 0.0, Sum: 0.1]
      [GC Worker Total (ms): Min: 11.4, Avg: 12.2, Max: 13.1, Diff: 1.7, Sum: 24.5]
      [GC Worker End (ms): Min: 12573.2, Avg: 12573.2, Max: 12573.2, Diff: 0.0]
   [Code Root Fixup: 0.0 ms]
   [Code Root Migration: 0.0 ms]
   [Clear CT: 0.0 ms]
   [Other: 0.3 ms]
      [Choose CSet: 0.0 ms]
      [Ref Proc: 0.1 ms]
      [Ref Enq: 0.0 ms]
      [Free CSet: 0.1 ms]
   [Eden: 18.0M(18.0M)->0.0B(9216.0K) Survivors: 5120.0K->3072.0K Heap: 110.5M(256.0M)->106.0M(256.0M)]
 [Times: user=0.03 sys=0.00, real=0.01 secs] 
2014-07-10T16:12:41.601+0200: 12.588: [GC pause (mixed), 0.0096254 secs]
   [Parallel Time: 9.1 ms, GC Workers: 2]
      [GC Worker Start (ms): Min: 12587.8, Avg: 12587.8, Max: 12587.8, Diff: 0.0]
      [Ext Root Scanning (ms): Min: 1.0, Avg: 1.0, Max: 1.1, Diff: 0.1, Sum: 2.0]
      [Update RS (ms): Min: 0.3, Avg: 0.3, Max: 0.3, Diff: 0.0, Sum: 0.6]
         [Processed Buffers: Min: 1, Avg: 4.0, Max: 7, Diff: 6, Sum: 8]
      [Scan RS (ms): Min: 0.1, Avg: 0.1, Max: 0.2, Diff: 0.1, Sum: 0.2]
      [Code Root Scanning (ms): Min: 0.0, Avg: 0.0, Max: 0.0, Diff: 0.0, Sum: 0.0]
      [Object Copy (ms): Min: 7.5, Avg: 7.5, Max: 7.5, Diff: 0.0, Sum: 15.1]
      [Termination (ms): Min: 0.0, Avg: 0.0, Max: 0.0, Diff: 0.0, Sum: 0.0]
      [GC Worker Other (ms): Min: 0.0, Avg: 0.0, Max: 0.0, Diff: 0.0, Sum: 0.1]
      [GC Worker Total (ms): Min: 9.0, Avg: 9.0, Max: 9.0, Diff: 0.0, Sum: 18.1]
      [GC Worker End (ms): Min: 12596.8, Avg: 12596.8, Max: 12596.8, Diff: 0.0]
   [Code Root Fixup: 0.0 ms]
   [Code Root Migration: 0.1 ms]
   [Clear CT: 0.1 ms]
   [Other: 0.4 ms]
      [Choose CSet: 0.0 ms]
      [Ref Proc: 0.0 ms]
      [Ref Enq: 0.0 ms]
      [Free CSet: 0.2 ms]
   [Eden: 9216.0K(9216.0K)->0.0B(72.0M) Survivors: 3072.0K->2048.0K Heap: 115.0M(256.0M)->92.0M(256.0M)]
 [Times: user=0.03 sys=0.00, real=0.01 secs] 
2014-07-10T16:12:41.731+0200: 12.718: [GC pause (young), 0.0483887 secs]
   [Parallel Time: 48.0 ms, GC Workers: 2]
      [GC Worker Start (ms): Min: 12717.9, Avg: 12717.9, Max: 12717.9, Diff: 0.0]
      [Ext Root Scanning (ms): Min: 1.1, Avg: 1.1, Max: 1.2, Diff: 0.0, Sum: 2.3]
      [Update RS (ms): Min: 0.4, Avg: 0.4, Max: 0.5, Diff: 0.0, Sum: 0.9]
         [Processed Buffers: Min: 2, Avg: 2.5, Max: 3, Diff: 1, Sum: 5]
      [Scan RS (ms): Min: 0.1, Avg: 0.1, Max: 0.1, Diff: 0.0, Sum: 0.2]
      [Code Root Scanning (ms): Min: 0.0, Avg: 0.0, Max: 0.0, Diff: 0.0, Sum: 0.1]
      [Object Copy (ms): Min: 46.2, Avg: 46.2, Max: 46.2, Diff: 0.0, Sum: 92.3]
      [Termination (ms): Min: 0.0, Avg: 0.0, Max: 0.0, Diff: 0.0, Sum: 0.0]
      [GC Worker Other (ms): Min: 0.0, Avg: 0.0, Max: 0.0, Diff: 0.0, Sum: 0.1]
      [GC Worker Total (ms): Min: 47.9, Avg: 47.9, Max: 47.9, Diff: 0.0, Sum: 95.9]
      [GC Worker End (ms): Min: 12765.8, Avg: 12765.8, Max: 12765.8, Diff: 0.0]
   [Code Root Fixup: 0.0 ms]
   [Code Root Migration: 0.0 ms]
   [Clear CT: 0.1 ms]
   [Other: 0.3 ms]
      [Choose CSet: 0.0 ms]
      [Ref Proc: 0.0 ms]
      [Ref Enq: 0.0 ms]
      [Free CSet: 0.1 ms]
   [Eden: 72.0M(72.0M)->0.0B(28.0M) Survivors: 2048.0K->10.0M Heap: 164.0M(256.0M)->172.5M(256.0M)]
 [Times: user=0.08 sys=0.00, real=0.06 secs] 
2014-07-10T16:12:41.836+0200: 12.823: [GC pause (young) (initial-mark), 0.0217482 secs]
   [Parallel Time: 19.2 ms, GC Workers: 2]
      [GC Worker Start (ms): Min: 12823.0, Avg: 12823.0, Max: 12823.0, Diff: 0.0]
      [Ext Root Scanning (ms): Min: 1.1, Avg: 1.1, Max: 1.1, Diff: 0.0, Sum: 2.2]
      [Code Root Marking (ms): Min: 0.1, Avg: 0.1, Max: 0.1, Diff: 0.0, Sum: 0.1]
      [Update RS (ms): Min: 1.0, Avg: 1.0, Max: 1.0, Diff: 0.0, Sum: 1.9]
         [Processed Buffers: Min: 5, Avg: 5.5, Max: 6, Diff: 1, Sum: 11]
      [Scan RS (ms): Min: 0.1, Avg: 0.1, Max: 0.1, Diff: 0.0, Sum: 0.1]
      [Code Root Scanning (ms): Min: 0.0, Avg: 0.0, Max: 0.0, Diff: 0.0, Sum: 0.0]
      [Object Copy (ms): Min: 16.8, Avg: 16.8, Max: 16.9, Diff: 0.0, Sum: 33.7]
      [Termination (ms): Min: 0.0, Avg: 0.0, Max: 0.0, Diff: 0.0, Sum: 0.0]
      [GC Worker Other (ms): Min: 0.0, Avg: 0.0, Max: 0.0, Diff: 0.0, Sum: 0.1]
      [GC Worker Total (ms): Min: 19.1, Avg: 19.1, Max: 19.1, Diff: 0.0, Sum: 38.2]
      [GC Worker End (ms): Min: 12842.0, Avg: 12842.0, Max: 12842.0, Diff: 0.0]
   [Code Root Fixup: 0.0 ms]
   [Code Root Migration: 0.0 ms]
   [Clear CT: 0.0 ms]
   [Other: 2.5 ms]
      [Choose CSet: 0.0 ms]
      [Ref Proc: 2.0 ms]
      [Ref Enq: 0.0 ms]
      [Free CSet: 0.1 ms]
   [Eden: 28.0M(28.0M)->0.0B(18.0M) Survivors: 10.0M->5120.0K Heap: 200.5M(256.0M)->192.5M(256.0M)]
 [Times: user=0.02 sys=0.00, real=0.02 secs] 
2014-07-10T16:12:41.858+0200: 12.845: [GC concurrent-root-region-scan-start]
2014-07-10T16:12:41.858+0200: 12.845: [GC concurrent-root-region-scan-end, 0.0000840 secs]
2014-07-10T16:12:41.858+0200: 12.845: [GC concurrent-mark-start]
2014-07-10T16:12:41.861+0200: 12.848: [GC concurrent-mark-end, 0.0031508 secs]
2014-07-10T16:12:41.861+0200: 12.848: [GC remark 2014-07-10T16:12:41.862+0200: 12.849: [GC ref-proc, 0.0000704 secs], 0.0012022 secs]
 [Times: user=0.00 sys=0.00, real=0.00 secs] 
2014-07-10T16:12:41.863+0200: 12.850: [GC cleanup 194M->83M(256M), 0.0008374 secs]
 [Times: user=0.00 sys=0.00, real=0.00 secs] 
2014-07-10T16:12:41.864+0200: 12.851: [GC concurrent-cleanup-start]
2014-07-10T16:12:41.864+0200: 12.851: [GC concurrent-cleanup-end, 0.0001917 secs]
2014-07-10T16:12:41.890+0200: 12.877: [GC pause (young), 0.0128594 secs]
   [Parallel Time: 12.5 ms, GC Workers: 2]
      [GC Worker Start (ms): Min: 12876.8, Avg: 12876.8, Max: 12876.8, Diff: 0.0]
      [Ext Root Scanning (ms): Min: 1.1, Avg: 1.1, Max: 1.2, Diff: 0.0, Sum: 2.3]
      [Update RS (ms): Min: 0.5, Avg: 0.5, Max: 0.6, Diff: 0.1, Sum: 1.1]
         [Processed Buffers: Min: 2, Avg: 4.0, Max: 6, Diff: 4, Sum: 8]
      [Scan RS (ms): Min: 0.0, Avg: 0.0, Max: 0.1, Diff: 0.0, Sum: 0.1]
      [Code Root Scanning (ms): Min: 0.0, Avg: 0.0, Max: 0.0, Diff: 0.0, Sum: 0.0]
      [Object Copy (ms): Min: 10.7, Avg: 10.7, Max: 10.7, Diff: 0.0, Sum: 21.4]
      [Termination (ms): Min: 0.0, Avg: 0.0, Max: 0.0, Diff: 0.0, Sum: 0.0]
      [GC Worker Other (ms): Min: 0.0, Avg: 0.0, Max: 0.0, Diff: 0.0, Sum: 0.1]
      [GC Worker Total (ms): Min: 12.5, Avg: 12.5, Max: 12.5, Diff: 0.0, Sum: 24.9]
      [GC Worker End (ms): Min: 12889.2, Avg: 12889.2, Max: 12889.2, Diff: 0.0]
   [Code Root Fixup: 0.0 ms]
   [Code Root Migration: 0.0 ms]
   [Clear CT: 0.1 ms]
   [Other: 0.3 ms]
      [Choose CSet: 0.0 ms]
      [Ref Proc: 0.0 ms]
      [Ref Enq: 0.0 ms]
      [Free CSet: 0.1 ms]
   [Eden: 18.0M(18.0M)->0.0B(9216.0K) Survivors: 5120.0K->3072.0K Heap: 99.5M(256.0M)->96.0M(256.0M)]
 [Times: user=0.03 sys=0.00, real=0.01 secs] 
2014-07-10T16:12:41.916+0200: 12.903: [GC pause (mixed), 0.0090835 secs]
   [Parallel Time: 8.5 ms, GC Workers: 2]
      [GC Worker Start (ms): Min: 12902.9, Avg: 12902.9, Max: 12902.9, Diff: 0.0]
      [Ext Root Scanning (ms): Min: 1.0, Avg: 1.1, Max: 1.1, Diff: 0.1, Sum: 2.1]
      [Update RS (ms): Min: 0.3, Avg: 0.3, Max: 0.3, Diff: 0.0, Sum: 0.6]
         [Processed Buffers: Min: 1, Avg: 3.0, Max: 5, Diff: 4, Sum: 6]
      [Scan RS (ms): Min: 0.0, Avg: 0.1, Max: 0.1, Diff: 0.1, Sum: 0.2]
      [Code Root Scanning (ms): Min: 0.0, Avg: 0.0, Max: 0.0, Diff: 0.0, Sum: 0.0]
      [Object Copy (ms): Min: 6.9, Avg: 6.9, Max: 6.9, Diff: 0.0, Sum: 13.8]
      [Termination (ms): Min: 0.0, Avg: 0.0, Max: 0.0, Diff: 0.0, Sum: 0.0]
      [GC Worker Other (ms): Min: 0.0, Avg: 0.0, Max: 0.0, Diff: 0.0, Sum: 0.1]
      [GC Worker Total (ms): Min: 8.4, Avg: 8.4, Max: 8.4, Diff: 0.0, Sum: 16.9]
      [GC Worker End (ms): Min: 12911.3, Avg: 12911.3, Max: 12911.3, Diff: 0.0]
   [Code Root Fixup: 0.0 ms]
   [Code Root Migration: 0.0 ms]
   [Clear CT: 0.2 ms]
   [Other: 0.4 ms]
      [Choose CSet: 0.0 ms]
      [Ref Proc: 0.1 ms]
      [Ref Enq: 0.0 ms]
      [Free CSet: 0.2 ms]
   [Eden: 9216.0K(9216.0K)->0.0B(72.0M) Survivors: 3072.0K->2048.0K Heap: 105.0M(256.0M)->91.0M(256.0M)]
 [Times: user=0.03 sys=0.00, real=0.01 secs] 
2014-07-10T16:12:42.044+0200: 13.031: [GC pause (young), 0.0483748 secs]
   [Parallel Time: 47.8 ms, GC Workers: 2]
      [GC Worker Start (ms): Min: 13031.4, Avg: 13031.4, Max: 13031.4, Diff: 0.0]
      [Ext Root Scanning (ms): Min: 1.1, Avg: 1.1, Max: 1.2, Diff: 0.1, Sum: 2.3]
      [Update RS (ms): Min: 0.4, Avg: 0.4, Max: 0.5, Diff: 0.1, Sum: 0.8]
         [Processed Buffers: Min: 1, Avg: 2.0, Max: 3, Diff: 2, Sum: 4]
      [Scan RS (ms): Min: 0.1, Avg: 0.1, Max: 0.1, Diff: 0.0, Sum: 0.2]
      [Code Root Scanning (ms): Min: 0.0, Avg: 0.0, Max: 0.1, Diff: 0.0, Sum: 0.1]
      [Object Copy (ms): Min: 46.0, Avg: 46.0, Max: 46.0, Diff: 0.0, Sum: 92.1]
      [Termination (ms): Min: 0.0, Avg: 0.0, Max: 0.0, Diff: 0.0, Sum: 0.0]
      [GC Worker Other (ms): Min: 0.0, Avg: 0.0, Max: 0.0, Diff: 0.0, Sum: 0.1]
      [GC Worker Total (ms): Min: 47.8, Avg: 47.8, Max: 47.8, Diff: 0.0, Sum: 95.6]
      [GC Worker End (ms): Min: 13079.2, Avg: 13079.2, Max: 13079.2, Diff: 0.0]
   [Code Root Fixup: 0.0 ms]
   [Code Root Migration: 0.0 ms]
   [Clear CT: 0.1 ms]
   [Other: 0.4 ms]
      [Choose CSet: 0.0 ms]
      [Ref Proc: 0.1 ms]
      [Ref Enq: 0.0 ms]
      [Free CSet: 0.2 ms]
   [Eden: 72.0M(72.0M)->0.0B(27.0M) Survivors: 2048.0K->10.0M Heap: 163.0M(256.0M)->174.0M(256.0M)]
 [Times: user=0.09 sys=0.00, real=0.05 secs] 
2014-07-10T16:12:42.138+0200: 13.124: [GC pause (young) (initial-mark), 0.0191973 secs]
   [Parallel Time: 18.8 ms, GC Workers: 2]
      [GC Worker Start (ms): Min: 13123.9, Avg: 13123.9, Max: 13123.9, Diff: 0.0]
      [Ext Root Scanning (ms): Min: 1.1, Avg: 1.1, Max: 1.1, Diff: 0.0, Sum: 2.3]
      [Code Root Marking (ms): Min: 0.1, Avg: 0.1, Max: 0.1, Diff: 0.0, Sum: 0.1]
      [Update RS (ms): Min: 1.0, Avg: 1.0, Max: 1.0, Diff: 0.0, Sum: 2.0]
         [Processed Buffers: Min: 4, Avg: 5.0, Max: 6, Diff: 2, Sum: 10]
      [Scan RS (ms): Min: 0.0, Avg: 0.0, Max: 0.1, Diff: 0.0, Sum: 0.1]
      [Code Root Scanning (ms): Min: 0.0, Avg: 0.0, Max: 0.0, Diff: 0.0, Sum: 0.0]
      [Object Copy (ms): Min: 16.3, Avg: 16.4, Max: 16.4, Diff: 0.2, Sum: 32.7]
      [Termination (ms): Min: 0.0, Avg: 0.0, Max: 0.0, Diff: 0.0, Sum: 0.0]
      [GC Worker Other (ms): Min: 0.0, Avg: 0.0, Max: 0.0, Diff: 0.0, Sum: 0.1]
      [GC Worker Total (ms): Min: 18.6, Avg: 18.7, Max: 18.7, Diff: 0.1, Sum: 37.3]
      [GC Worker End (ms): Min: 13142.5, Avg: 13142.6, Max: 13142.7, Diff: 0.2]
   [Code Root Fixup: 0.0 ms]
   [Code Root Migration: 0.0 ms]
   [Clear CT: 0.0 ms]
   [Other: 0.3 ms]
      [Choose CSet: 0.0 ms]
      [Ref Proc: 0.0 ms]
      [Ref Enq: 0.0 ms]
      [Free CSet: 0.1 ms]
   [Eden: 27.0M(27.0M)->0.0B(19.0M) Survivors: 10.0M->5120.0K Heap: 201.0M(256.0M)->191.5M(256.0M)]
 [Times: user=0.05 sys=0.02, real=0.02 secs] 
2014-07-10T16:12:42.157+0200: 13.143: [GC concurrent-root-region-scan-start]
2014-07-10T16:12:42.158+0200: 13.144: [GC concurrent-root-region-scan-end, 0.0010786 secs]
2014-07-10T16:12:42.158+0200: 13.144: [GC concurrent-mark-start]
2014-07-10T16:12:42.162+0200: 13.148: [GC concurrent-mark-end, 0.0036916 secs]
2014-07-10T16:12:42.162+0200: 13.148: [GC remark 2014-07-10T16:12:42.162+0200: 13.148: [GC ref-proc, 0.0000869 secs], 0.0010636 secs]
 [Times: user=0.00 sys=0.00, real=0.00 secs] 
2014-07-10T16:12:42.163+0200: 13.149: [GC cleanup 194M->92M(256M), 0.0012777 secs]
 [Times: user=0.00 sys=0.00, real=0.00 secs] 
2014-07-10T16:12:42.165+0200: 13.151: [GC concurrent-cleanup-start]
2014-07-10T16:12:42.165+0200: 13.151: [GC concurrent-cleanup-end, 0.0002119 secs]
2014-07-10T16:12:42.191+0200: 13.177: [GC pause (young), 0.0134827 secs]
   [Parallel Time: 13.2 ms, GC Workers: 2]
      [GC Worker Start (ms): Min: 13176.9, Avg: 13176.9, Max: 13176.9, Diff: 0.0]
      [Ext Root Scanning (ms): Min: 1.2, Avg: 1.2, Max: 1.2, Diff: 0.0, Sum: 2.4]
      [Update RS (ms): Min: 0.7, Avg: 0.7, Max: 0.7, Diff: 0.0, Sum: 1.4]
         [Processed Buffers: Min: 2, Avg: 2.5, Max: 3, Diff: 1, Sum: 5]
      [Scan RS (ms): Min: 0.0, Avg: 0.0, Max: 0.0, Diff: 0.0, Sum: 0.1]
      [Code Root Scanning (ms): Min: 0.0, Avg: 0.0, Max: 0.0, Diff: 0.0, Sum: 0.0]
      [Object Copy (ms): Min: 11.0, Avg: 11.0, Max: 11.0, Diff: 0.0, Sum: 22.0]
      [Termination (ms): Min: 0.0, Avg: 0.0, Max: 0.0, Diff: 0.0, Sum: 0.0]
      [GC Worker Other (ms): Min: 0.0, Avg: 0.0, Max: 0.0, Diff: 0.0, Sum: 0.1]
      [GC Worker Total (ms): Min: 13.0, Avg: 13.0, Max: 13.0, Diff: 0.0, Sum: 26.0]
      [GC Worker End (ms): Min: 13189.9, Avg: 13189.9, Max: 13189.9, Diff: 0.0]
   [Code Root Fixup: 0.0 ms]
   [Code Root Migration: 0.0 ms]
   [Clear CT: 0.0 ms]
   [Other: 0.2 ms]
      [Choose CSet: 0.0 ms]
      [Ref Proc: 0.0 ms]
      [Ref Enq: 0.0 ms]
      [Free CSet: 0.1 ms]
   [Eden: 19.0M(19.0M)->0.0B(9216.0K) Survivors: 5120.0K->3072.0K Heap: 108.5M(256.0M)->104.5M(256.0M)]
 [Times: user=0.03 sys=0.00, real=0.01 secs] 
2014-07-10T16:12:42.219+0200: 13.205: [GC pause (mixed), 0.0088375 secs]
   [Parallel Time: 8.4 ms, GC Workers: 2]
      [GC Worker Start (ms): Min: 13204.7, Avg: 13204.7, Max: 13204.7, Diff: 0.0]
      [Ext Root Scanning (ms): Min: 1.2, Avg: 1.2, Max: 1.2, Diff: 0.0, Sum: 2.4]
      [Update RS (ms): Min: 0.3, Avg: 0.3, Max: 0.3, Diff: 0.0, Sum: 0.6]
         [Processed Buffers: Min: 1, Avg: 4.0, Max: 7, Diff: 6, Sum: 8]
      [Scan RS (ms): Min: 0.1, Avg: 0.1, Max: 0.1, Diff: 0.0, Sum: 0.2]
      [Code Root Scanning (ms): Min: 0.0, Avg: 0.0, Max: 0.0, Diff: 0.0, Sum: 0.0]
      [Object Copy (ms): Min: 6.6, Avg: 6.6, Max: 6.7, Diff: 0.0, Sum: 13.3]
      [Termination (ms): Min: 0.0, Avg: 0.0, Max: 0.0, Diff: 0.0, Sum: 0.0]
      [GC Worker Other (ms): Min: 0.0, Avg: 0.0, Max: 0.0, Diff: 0.0, Sum: 0.0]
      [GC Worker Total (ms): Min: 8.3, Avg: 8.3, Max: 8.3, Diff: 0.0, Sum: 16.6]
      [GC Worker End (ms): Min: 13213.0, Avg: 13213.0, Max: 13213.0, Diff: 0.0]
   [Code Root Fixup: 0.0 ms]
   [Code Root Migration: 0.0 ms]
   [Clear CT: 0.1 ms]
   [Other: 0.3 ms]
      [Choose CSet: 0.0 ms]
      [Ref Proc: 0.0 ms]
      [Ref Enq: 0.0 ms]
      [Free CSet: 0.1 ms]
   [Eden: 9216.0K(9216.0K)->0.0B(75.0M) Survivors: 3072.0K->2048.0K Heap: 113.5M(256.0M)->95.0M(256.0M)]
 [Times: user=0.03 sys=0.00, real=0.01 secs] 
2014-07-10T16:12:42.351+0200: 13.337: [GC pause (young), 0.0503249 secs]
   [Parallel Time: 49.8 ms, GC Workers: 2]
      [GC Worker Start (ms): Min: 13336.9, Avg: 13336.9, Max: 13336.9, Diff: 0.0]
      [Ext Root Scanning (ms): Min: 1.0, Avg: 1.0, Max: 1.1, Diff: 0.0, Sum: 2.1]
      [Update RS (ms): Min: 0.4, Avg: 0.4, Max: 0.5, Diff: 0.0, Sum: 0.9]
         [Processed Buffers: Min: 1, Avg: 2.5, Max: 4, Diff: 3, Sum: 5]
      [Scan RS (ms): Min: 0.1, Avg: 0.1, Max: 0.1, Diff: 0.0, Sum: 0.2]
      [Code Root Scanning (ms): Min: 0.1, Avg: 0.1, Max: 0.1, Diff: 0.0, Sum: 0.1]
      [Object Copy (ms): Min: 48.0, Avg: 48.0, Max: 48.0, Diff: 0.0, Sum: 96.0]
      [Termination (ms): Min: 0.0, Avg: 0.0, Max: 0.1, Diff: 0.1, Sum: 0.1]
      [GC Worker Other (ms): Min: 0.0, Avg: 0.0, Max: 0.0, Diff: 0.0, Sum: 0.1]
      [GC Worker Total (ms): Min: 49.7, Avg: 49.7, Max: 49.7, Diff: 0.0, Sum: 99.4]
      [GC Worker End (ms): Min: 13386.6, Avg: 13386.6, Max: 13386.6, Diff: 0.0]
   [Code Root Fixup: 0.0 ms]
   [Code Root Migration: 0.1 ms]
   [Clear CT: 0.1 ms]
   [Other: 0.4 ms]
      [Choose CSet: 0.0 ms]
      [Ref Proc: 0.1 ms]
      [Ref Enq: 0.0 ms]
      [Free CSet: 0.1 ms]
   [Eden: 75.0M(75.0M)->0.0B(25.0M) Survivors: 2048.0K->10.0M Heap: 170.0M(256.0M)->178.5M(256.0M)]
 [Times: user=0.09 sys=0.00, real=0.05 secs] 
2014-07-10T16:12:42.447+0200: 13.433: [GC pause (young) (initial-mark), 0.0177014 secs]
   [Parallel Time: 16.9 ms, GC Workers: 2]
      [GC Worker Start (ms): Min: 13433.0, Avg: 13433.0, Max: 13433.0, Diff: 0.0]
      [Ext Root Scanning (ms): Min: 1.0, Avg: 1.0, Max: 1.0, Diff: 0.0, Sum: 2.0]
      [Code Root Marking (ms): Min: 0.0, Avg: 0.1, Max: 0.1, Diff: 0.0, Sum: 0.1]
      [Update RS (ms): Min: 1.0, Avg: 1.0, Max: 1.0, Diff: 0.0, Sum: 1.9]
         [Processed Buffers: Min: 5, Avg: 6.5, Max: 8, Diff: 3, Sum: 13]
      [Scan RS (ms): Min: 0.0, Avg: 0.0, Max: 0.0, Diff: 0.0, Sum: 0.1]
      [Code Root Scanning (ms): Min: 0.0, Avg: 0.0, Max: 0.0, Diff: 0.0, Sum: 0.0]
      [Object Copy (ms): Min: 14.6, Avg: 14.7, Max: 14.7, Diff: 0.0, Sum: 29.3]
      [Termination (ms): Min: 0.0, Avg: 0.0, Max: 0.0, Diff: 0.0, Sum: 0.0]
      [GC Worker Other (ms): Min: 0.0, Avg: 0.0, Max: 0.0, Diff: 0.0, Sum: 0.1]
      [GC Worker Total (ms): Min: 16.8, Avg: 16.8, Max: 16.8, Diff: 0.0, Sum: 33.6]
      [GC Worker End (ms): Min: 13449.8, Avg: 13449.8, Max: 13449.8, Diff: 0.0]
   [Code Root Fixup: 0.0 ms]
   [Code Root Migration: 0.0 ms]
   [Clear CT: 0.1 ms]
   [Other: 0.7 ms]
      [Choose CSet: 0.0 ms]
      [Ref Proc: 0.5 ms]
      [Ref Enq: 0.0 ms]
      [Free CSet: 0.1 ms]
   [Eden: 25.0M(25.0M)->0.0B(17.0M) Survivors: 10.0M->5120.0K Heap: 203.5M(256.0M)->194.0M(256.0M)]
 [Times: user=0.03 sys=0.00, real=0.02 secs] 
2014-07-10T16:12:42.465+0200: 13.451: [GC concurrent-root-region-scan-start]
2014-07-10T16:12:42.466+0200: 13.452: [GC concurrent-root-region-scan-end, 0.0012117 secs]
2014-07-10T16:12:42.466+0200: 13.452: [GC concurrent-mark-start]
2014-07-10T16:12:42.469+0200: 13.455: [GC concurrent-mark-end, 0.0031409 secs]
2014-07-10T16:12:42.480+0200: 13.466: [GC remark 2014-07-10T16:12:42.481+0200: 13.467: [GC ref-proc, 0.0000715 secs], 0.0013125 secs]
 [Times: user=0.00 sys=0.00, real=0.00 secs] 
2014-07-10T16:12:42.482+0200: 13.468: [GC cleanup 196M->86M(256M), 0.0012957 secs]
 [Times: user=0.00 sys=0.00, real=0.00 secs] 
2014-07-10T16:12:42.483+0200: 13.469: [GC concurrent-cleanup-start]
2014-07-10T16:12:42.483+0200: 13.469: [GC concurrent-cleanup-end, 0.0001719 secs]
2014-07-10T16:12:42.508+0200: 13.494: [GC pause (young), 0.0152956 secs]
   [Parallel Time: 11.8 ms, GC Workers: 2]
      [GC Worker Start (ms): Min: 13493.8, Avg: 13493.8, Max: 13493.8, Diff: 0.0]
      [Ext Root Scanning (ms): Min: 1.0, Avg: 1.1, Max: 1.1, Diff: 0.0, Sum: 2.1]
      [Update RS (ms): Min: 0.4, Avg: 0.5, Max: 0.5, Diff: 0.1, Sum: 0.9]
         [Processed Buffers: Min: 2, Avg: 4.0, Max: 6, Diff: 4, Sum: 8]
      [Scan RS (ms): Min: 0.0, Avg: 0.0, Max: 0.1, Diff: 0.0, Sum: 0.1]
      [Code Root Scanning (ms): Min: 0.0, Avg: 0.0, Max: 0.0, Diff: 0.0, Sum: 0.0]
      [Object Copy (ms): Min: 10.2, Avg: 10.2, Max: 10.2, Diff: 0.0, Sum: 20.3]
      [Termination (ms): Min: 0.0, Avg: 0.0, Max: 0.0, Diff: 0.0, Sum: 0.0]
      [GC Worker Other (ms): Min: 0.0, Avg: 0.0, Max: 0.0, Diff: 0.0, Sum: 0.1]
      [GC Worker Total (ms): Min: 11.8, Avg: 11.8, Max: 11.8, Diff: 0.0, Sum: 23.5]
      [GC Worker End (ms): Min: 13505.6, Avg: 13505.6, Max: 13505.6, Diff: 0.0]
   [Code Root Fixup: 0.0 ms]
   [Code Root Migration: 0.0 ms]
   [Clear CT: 0.0 ms]
   [Other: 3.5 ms]
      [Choose CSet: 0.0 ms]
      [Ref Proc: 3.3 ms]
      [Ref Enq: 0.0 ms]
      [Free CSet: 0.1 ms]
   [Eden: 17.0M(17.0M)->0.0B(9216.0K) Survivors: 5120.0K->3072.0K Heap: 101.0M(256.0M)->97.0M(256.0M)]
 [Times: user=0.03 sys=0.00, real=0.02 secs] 
2014-07-10T16:12:42.537+0200: 13.523: [GC pause (mixed), 0.0094648 secs]
   [Parallel Time: 9.0 ms, GC Workers: 2]
      [GC Worker Start (ms): Min: 13523.0, Avg: 13523.0, Max: 13523.0, Diff: 0.0]
      [Ext Root Scanning (ms): Min: 1.1, Avg: 1.1, Max: 1.1, Diff: 0.0, Sum: 2.2]
      [Update RS (ms): Min: 0.2, Avg: 0.3, Max: 0.3, Diff: 0.0, Sum: 0.5]
         [Processed Buffers: Min: 1, Avg: 2.5, Max: 4, Diff: 3, Sum: 5]
      [Scan RS (ms): Min: 0.1, Avg: 0.1, Max: 0.1, Diff: 0.0, Sum: 0.3]
      [Code Root Scanning (ms): Min: 0.0, Avg: 0.0, Max: 0.0, Diff: 0.0, Sum: 0.0]
      [Object Copy (ms): Min: 7.4, Avg: 7.5, Max: 7.5, Diff: 0.0, Sum: 14.9]
      [Termination (ms): Min: 0.0, Avg: 0.0, Max: 0.0, Diff: 0.0, Sum: 0.0]
      [GC Worker Other (ms): Min: 0.0, Avg: 0.0, Max: 0.0, Diff: 0.0, Sum: 0.1]
      [GC Worker Total (ms): Min: 9.0, Avg: 9.0, Max: 9.0, Diff: 0.0, Sum: 18.0]
      [GC Worker End (ms): Min: 13532.0, Avg: 13532.0, Max: 13532.0, Diff: 0.0]
   [Code Root Fixup: 0.0 ms]
   [Code Root Migration: 0.0 ms]
   [Clear CT: 0.1 ms]
   [Other: 0.3 ms]
      [Choose CSet: 0.0 ms]
      [Ref Proc: 0.0 ms]
      [Ref Enq: 0.0 ms]
      [Free CSet: 0.1 ms]
   [Eden: 9216.0K(9216.0K)->0.0B(73.0M) Survivors: 3072.0K->2048.0K Heap: 106.0M(256.0M)->92.5M(256.0M)]
 [Times: user=0.02 sys=0.02, real=0.01 secs] 
2014-07-10T16:12:42.669+0200: 13.655: [GC pause (young), 0.0487447 secs]
   [Parallel Time: 48.2 ms, GC Workers: 2]
      [GC Worker Start (ms): Min: 13654.8, Avg: 13654.8, Max: 13654.8, Diff: 0.0]
      [Ext Root Scanning (ms): Min: 1.0, Avg: 1.0, Max: 1.1, Diff: 0.1, Sum: 2.1]
      [Update RS (ms): Min: 0.5, Avg: 0.5, Max: 0.5, Diff: 0.0, Sum: 0.9]
         [Processed Buffers: Min: 3, Avg: 3.0, Max: 3, Diff: 0, Sum: 6]
      [Scan RS (ms): Min: 0.1, Avg: 0.1, Max: 0.1, Diff: 0.0, Sum: 0.2]
      [Code Root Scanning (ms): Min: 0.0, Avg: 0.0, Max: 0.1, Diff: 0.0, Sum: 0.1]
      [Object Copy (ms): Min: 46.4, Avg: 46.5, Max: 46.5, Diff: 0.0, Sum: 92.9]
      [Termination (ms): Min: 0.0, Avg: 0.0, Max: 0.0, Diff: 0.0, Sum: 0.0]
      [GC Worker Other (ms): Min: 0.0, Avg: 0.0, Max: 0.0, Diff: 0.0, Sum: 0.1]
      [GC Worker Total (ms): Min: 48.2, Avg: 48.2, Max: 48.2, Diff: 0.0, Sum: 96.3]
      [GC Worker End (ms): Min: 13703.0, Avg: 13703.0, Max: 13703.0, Diff: 0.0]
   [Code Root Fixup: 0.0 ms]
   [Code Root Migration: 0.0 ms]
   [Clear CT: 0.1 ms]
   [Other: 0.4 ms]
      [Choose CSet: 0.0 ms]
      [Ref Proc: 0.1 ms]
      [Ref Enq: 0.0 ms]
      [Free CSet: 0.2 ms]
   [Eden: 73.0M(73.0M)->0.0B(28.0M) Survivors: 2048.0K->10.0M Heap: 165.5M(256.0M)->173.0M(256.0M)]
 [Times: user=0.09 sys=0.00, real=0.05 secs] 
2014-07-10T16:12:42.763+0200: 13.749: [GC pause (young) (initial-mark), 0.0199844 secs]
   [Parallel Time: 19.6 ms, GC Workers: 2]
      [GC Worker Start (ms): Min: 13749.0, Avg: 13749.0, Max: 13749.0, Diff: 0.0]
      [Ext Root Scanning (ms): Min: 1.0, Avg: 1.0, Max: 1.0, Diff: 0.0, Sum: 2.0]
      [Code Root Marking (ms): Min: 0.1, Avg: 0.1, Max: 0.1, Diff: 0.0, Sum: 0.1]
      [Update RS (ms): Min: 0.9, Avg: 0.9, Max: 0.9, Diff: 0.0, Sum: 1.8]
         [Processed Buffers: Min: 5, Avg: 5.0, Max: 5, Diff: 0, Sum: 10]
      [Scan RS (ms): Min: 0.0, Avg: 0.1, Max: 0.1, Diff: 0.0, Sum: 0.1]
      [Code Root Scanning (ms): Min: 0.0, Avg: 0.0, Max: 0.0, Diff: 0.0, Sum: 0.0]
      [Object Copy (ms): Min: 17.3, Avg: 17.3, Max: 17.3, Diff: 0.0, Sum: 34.7]
      [Termination (ms): Min: 0.0, Avg: 0.0, Max: 0.0, Diff: 0.0, Sum: 0.0]
      [GC Worker Other (ms): Min: 0.0, Avg: 0.0, Max: 0.0, Diff: 0.0, Sum: 0.1]
      [GC Worker Total (ms): Min: 19.4, Avg: 19.4, Max: 19.4, Diff: 0.0, Sum: 38.8]
      [GC Worker End (ms): Min: 13768.4, Avg: 13768.4, Max: 13768.4, Diff: 0.0]
   [Code Root Fixup: 0.0 ms]
   [Code Root Migration: 0.0 ms]
   [Clear CT: 0.1 ms]
   [Other: 0.3 ms]
      [Choose CSet: 0.0 ms]
      [Ref Proc: 0.1 ms]
      [Ref Enq: 0.0 ms]
      [Free CSet: 0.1 ms]
   [Eden: 28.0M(28.0M)->0.0B(18.0M) Survivors: 10.0M->5120.0K Heap: 201.0M(256.0M)->192.0M(256.0M)]
 [Times: user=0.06 sys=0.00, real=0.02 secs] 
2014-07-10T16:12:42.783+0200: 13.769: [GC concurrent-root-region-scan-start]
2014-07-10T16:12:42.785+0200: 13.771: [GC concurrent-root-region-scan-end, 0.0018386 secs]
2014-07-10T16:12:42.785+0200: 13.771: [GC concurrent-mark-start]
2014-07-10T16:12:42.788+0200: 13.774: [GC concurrent-mark-end, 0.0029055 secs]
2014-07-10T16:12:42.788+0200: 13.774: [GC remark 2014-07-10T16:12:42.788+0200: 13.774: [GC ref-proc, 0.0000737 secs], 0.0009246 secs]
 [Times: user=0.00 sys=0.00, real=0.00 secs] 
2014-07-10T16:12:42.791+0200: 13.777: [GC cleanup 192M->86M(256M), 0.0012194 secs]
 [Times: user=0.00 sys=0.00, real=0.00 secs] 
2014-07-10T16:12:42.792+0200: 13.778: [GC concurrent-cleanup-start]
2014-07-10T16:12:42.793+0200: 13.779: [GC concurrent-cleanup-end, 0.0001584 secs]
2014-07-10T16:12:42.821+0200: 13.807: [GC pause (young), 0.0128920 secs]
   [Parallel Time: 12.6 ms, GC Workers: 2]
      [GC Worker Start (ms): Min: 13806.9, Avg: 13806.9, Max: 13806.9, Diff: 0.0]
      [Ext Root Scanning (ms): Min: 1.1, Avg: 1.1, Max: 1.1, Diff: 0.0, Sum: 2.2]
      [Update RS (ms): Min: 0.5, Avg: 0.5, Max: 0.5, Diff: 0.0, Sum: 0.9]
         [Processed Buffers: Min: 3, Avg: 3.5, Max: 4, Diff: 1, Sum: 7]
      [Scan RS (ms): Min: 0.0, Avg: 0.0, Max: 0.0, Diff: 0.0, Sum: 0.1]
      [Code Root Scanning (ms): Min: 0.0, Avg: 0.0, Max: 0.0, Diff: 0.0, Sum: 0.0]
      [Object Copy (ms): Min: 10.9, Avg: 10.9, Max: 10.9, Diff: 0.0, Sum: 21.8]
      [Termination (ms): Min: 0.0, Avg: 0.0, Max: 0.0, Diff: 0.0, Sum: 0.0]
      [GC Worker Other (ms): Min: 0.0, Avg: 0.0, Max: 0.0, Diff: 0.0, Sum: 0.1]
      [GC Worker Total (ms): Min: 12.6, Avg: 12.6, Max: 12.6, Diff: 0.0, Sum: 25.1]
      [GC Worker End (ms): Min: 13819.4, Avg: 13819.4, Max: 13819.4, Diff: 0.0]
   [Code Root Fixup: 0.0 ms]
   [Code Root Migration: 0.0 ms]
   [Clear CT: 0.0 ms]
   [Other: 0.2 ms]
      [Choose CSet: 0.0 ms]
      [Ref Proc: 0.0 ms]
      [Ref Enq: 0.0 ms]
      [Free CSet: 0.1 ms]
   [Eden: 18.0M(18.0M)->0.0B(9216.0K) Survivors: 5120.0K->3072.0K Heap: 104.0M(256.0M)->99.5M(256.0M)]
 [Times: user=0.03 sys=0.00, real=0.01 secs] 
2014-07-10T16:12:42.848+0200: 13.834: [GC pause (mixed), 0.0086421 secs]
   [Parallel Time: 8.2 ms, GC Workers: 2]
      [GC Worker Start (ms): Min: 13833.7, Avg: 13833.7, Max: 13833.7, Diff: 0.0]
      [Ext Root Scanning (ms): Min: 1.0, Avg: 1.0, Max: 1.1, Diff: 0.0, Sum: 2.1]
      [Update RS (ms): Min: 0.3, Avg: 0.3, Max: 0.3, Diff: 0.0, Sum: 0.6]
         [Processed Buffers: Min: 1, Avg: 3.0, Max: 5, Diff: 4, Sum: 6]
      [Scan RS (ms): Min: 0.1, Avg: 0.1, Max: 0.1, Diff: 0.0, Sum: 0.2]
      [Code Root Scanning (ms): Min: 0.0, Avg: 0.0, Max: 0.0, Diff: 0.0, Sum: 0.0]
      [Object Copy (ms): Min: 6.7, Avg: 6.7, Max: 6.7, Diff: 0.0, Sum: 13.4]
      [Termination (ms): Min: 0.0, Avg: 0.0, Max: 0.0, Diff: 0.0, Sum: 0.0]
      [GC Worker Other (ms): Min: 0.0, Avg: 0.0, Max: 0.0, Diff: 0.0, Sum: 0.1]
      [GC Worker Total (ms): Min: 8.2, Avg: 8.2, Max: 8.2, Diff: 0.0, Sum: 16.4]
      [GC Worker End (ms): Min: 13841.9, Avg: 13841.9, Max: 13841.9, Diff: 0.0]
   [Code Root Fixup: 0.0 ms]
   [Code Root Migration: 0.0 ms]
   [Clear CT: 0.1 ms]
   [Other: 0.3 ms]
      [Choose CSet: 0.0 ms]
      [Ref Proc: 0.1 ms]
      [Ref Enq: 0.0 ms]
      [Free CSet: 0.1 ms]
   [Eden: 9216.0K(9216.0K)->0.0B(68.0M) Survivors: 3072.0K->2048.0K Heap: 108.5M(256.0M)->95.0M(256.0M)]
 [Times: user=0.00 sys=0.00, real=0.01 secs] 
2014-07-10T16:12:42.968+0200: 13.954: [GC pause (young), 0.0477468 secs]
   [Parallel Time: 47.2 ms, GC Workers: 2]
      [GC Worker Start (ms): Min: 13954.1, Avg: 13957.1, Max: 13960.0, Diff: 6.0]
      [Ext Root Scanning (ms): Min: 0.0, Avg: 0.9, Max: 1.7, Diff: 1.7, Sum: 1.8]
      [Update RS (ms): Min: 0.0, Avg: 0.4, Max: 0.8, Diff: 0.8, Sum: 0.8]
         [Processed Buffers: Min: 0, Avg: 2.5, Max: 5, Diff: 5, Sum: 5]
      [Scan RS (ms): Min: 0.0, Avg: 0.1, Max: 0.2, Diff: 0.2, Sum: 0.2]
      [Code Root Scanning (ms): Min: 0.0, Avg: 0.0, Max: 0.1, Diff: 0.1, Sum: 0.1]
      [Object Copy (ms): Min: 41.1, Avg: 42.7, Max: 44.3, Diff: 3.2, Sum: 85.5]
      [Termination (ms): Min: 0.0, Avg: 0.0, Max: 0.0, Diff: 0.0, Sum: 0.0]
      [GC Worker Other (ms): Min: 0.0, Avg: 0.0, Max: 0.0, Diff: 0.0, Sum: 0.1]
      [GC Worker Total (ms): Min: 41.2, Avg: 44.2, Max: 47.2, Diff: 6.0, Sum: 88.4]
      [GC Worker End (ms): Min: 14001.2, Avg: 14001.2, Max: 14001.2, Diff: 0.0]
   [Code Root Fixup: 0.0 ms]
   [Code Root Migration: 0.0 ms]
   [Clear CT: 0.1 ms]
   [Other: 0.5 ms]
      [Choose CSet: 0.0 ms]
      [Ref Proc: 0.0 ms]
      [Ref Enq: 0.0 ms]
      [Free CSet: 0.2 ms]
   [Eden: 68.0M(68.0M)->0.0B(27.0M) Survivors: 2048.0K->9216.0K Heap: 163.0M(256.0M)->175.0M(256.0M)]
 [Times: user=0.11 sys=0.00, real=0.05 secs] 
2014-07-10T16:12:43.060+0200: 14.046: [GC pause (young) (initial-mark), 0.0204166 secs]
   [Parallel Time: 18.1 ms, GC Workers: 2]
      [GC Worker Start (ms): Min: 14045.8, Avg: 14045.8, Max: 14045.8, Diff: 0.0]
      [Ext Root Scanning (ms): Min: 0.9, Avg: 0.9, Max: 0.9, Diff: 0.0, Sum: 1.8]
      [Code Root Marking (ms): Min: 0.1, Avg: 0.1, Max: 0.1, Diff: 0.0, Sum: 0.1]
      [Update RS (ms): Min: 1.1, Avg: 1.1, Max: 1.2, Diff: 0.1, Sum: 2.3]
         [Processed Buffers: Min: 5, Avg: 5.0, Max: 5, Diff: 0, Sum: 10]
      [Scan RS (ms): Min: 0.0, Avg: 0.0, Max: 0.1, Diff: 0.0, Sum: 0.1]
      [Code Root Scanning (ms): Min: 0.0, Avg: 0.0, Max: 0.0, Diff: 0.0, Sum: 0.0]
      [Object Copy (ms): Min: 15.7, Avg: 15.8, Max: 15.8, Diff: 0.0, Sum: 31.5]
      [Termination (ms): Min: 0.0, Avg: 0.0, Max: 0.0, Diff: 0.0, Sum: 0.0]
      [GC Worker Other (ms): Min: 0.0, Avg: 0.0, Max: 0.0, Diff: 0.0, Sum: 0.1]
      [GC Worker Total (ms): Min: 18.0, Avg: 18.0, Max: 18.0, Diff: 0.0, Sum: 35.9]
      [GC Worker End (ms): Min: 14063.8, Avg: 14063.8, Max: 14063.8, Diff: 0.0]
   [Code Root Fixup: 0.0 ms]
   [Code Root Migration: 0.0 ms]
   [Clear CT: 1.7 ms]
   [Other: 0.5 ms]
      [Choose CSet: 0.0 ms]
      [Ref Proc: 0.3 ms]
      [Ref Enq: 0.0 ms]
      [Free CSet: 0.1 ms]
   [Eden: 27.0M(27.0M)->0.0B(18.0M) Survivors: 9216.0K->5120.0K Heap: 202.0M(256.0M)->193.0M(256.0M)]
 [Times: user=0.06 sys=0.00, real=0.02 secs] 
2014-07-10T16:12:43.080+0200: 14.066: [GC concurrent-root-region-scan-start]
2014-07-10T16:12:43.080+0200: 14.067: [GC concurrent-root-region-scan-end, 0.0000854 secs]
2014-07-10T16:12:43.080+0200: 14.067: [GC concurrent-mark-start]
2014-07-10T16:12:43.084+0200: 14.070: [GC concurrent-mark-end, 0.0032571 secs]
2014-07-10T16:12:43.084+0200: 14.070: [GC remark 2014-07-10T16:12:43.084+0200: 14.071: [GC ref-proc, 0.0000781 secs], 0.0013866 secs]
 [Times: user=0.00 sys=0.00, real=0.00 secs] 
2014-07-10T16:12:43.086+0200: 14.072: [GC cleanup 196M->86M(256M), 0.0012949 secs]
 [Times: user=0.00 sys=0.00, real=0.00 secs] 
2014-07-10T16:12:43.087+0200: 14.073: [GC concurrent-cleanup-start]
2014-07-10T16:12:43.087+0200: 14.073: [GC concurrent-cleanup-end, 0.0001840 secs]
2014-07-10T16:12:43.112+0200: 14.098: [GC pause (young), 0.0138035 secs]
   [Parallel Time: 13.4 ms, GC Workers: 2]
      [GC Worker Start (ms): Min: 14097.9, Avg: 14099.4, Max: 14100.9, Diff: 3.0]
      [Ext Root Scanning (ms): Min: 0.0, Avg: 0.9, Max: 1.9, Diff: 1.9, Sum: 1.9]
      [Update RS (ms): Min: 0.0, Avg: 0.4, Max: 0.8, Diff: 0.8, Sum: 0.8]
         [Processed Buffers: Min: 0, Avg: 3.0, Max: 6, Diff: 6, Sum: 6]
      [Scan RS (ms): Min: 0.0, Avg: 0.0, Max: 0.1, Diff: 0.1, Sum: 0.1]
      [Code Root Scanning (ms): Min: 0.0, Avg: 0.0, Max: 0.0, Diff: 0.0, Sum: 0.0]
      [Object Copy (ms): Min: 10.3, Avg: 10.4, Max: 10.6, Diff: 0.3, Sum: 20.9]
      [Termination (ms): Min: 0.0, Avg: 0.0, Max: 0.0, Diff: 0.0, Sum: 0.0]
      [GC Worker Other (ms): Min: 0.0, Avg: 0.0, Max: 0.0, Diff: 0.0, Sum: 0.1]
      [GC Worker Total (ms): Min: 10.3, Avg: 11.9, Max: 13.4, Diff: 3.0, Sum: 23.7]
      [GC Worker End (ms): Min: 14111.3, Avg: 14111.3, Max: 14111.3, Diff: 0.0]
   [Code Root Fixup: 0.0 ms]
   [Code Root Migration: 0.0 ms]
   [Clear CT: 0.0 ms]
   [Other: 0.3 ms]
      [Choose CSet: 0.0 ms]
      [Ref Proc: 0.1 ms]
      [Ref Enq: 0.0 ms]
      [Free CSet: 0.1 ms]
   [Eden: 18.0M(18.0M)->0.0B(9216.0K) Survivors: 5120.0K->3072.0K Heap: 101.0M(256.0M)->96.5M(256.0M)]
 [Times: user=0.03 sys=0.00, real=0.01 secs] 
2014-07-10T16:12:43.139+0200: 14.125: [GC pause (mixed), 0.0083638 secs]
   [Parallel Time: 8.0 ms, GC Workers: 2]
      [GC Worker Start (ms): Min: 14125.0, Avg: 14125.0, Max: 14125.0, Diff: 0.0]
      [Ext Root Scanning (ms): Min: 1.1, Avg: 1.1, Max: 1.1, Diff: 0.0, Sum: 2.1]
      [Update RS (ms): Min: 0.3, Avg: 0.3, Max: 0.3, Diff: 0.0, Sum: 0.6]
         [Processed Buffers: Min: 1, Avg: 3.0, Max: 5, Diff: 4, Sum: 6]
      [Scan RS (ms): Min: 0.1, Avg: 0.1, Max: 0.1, Diff: 0.0, Sum: 0.2]
      [Code Root Scanning (ms): Min: 0.0, Avg: 0.0, Max: 0.0, Diff: 0.0, Sum: 0.0]
      [Object Copy (ms): Min: 6.4, Avg: 6.4, Max: 6.5, Diff: 0.0, Sum: 12.9]
      [Termination (ms): Min: 0.0, Avg: 0.0, Max: 0.0, Diff: 0.0, Sum: 0.0]
      [GC Worker Other (ms): Min: 0.0, Avg: 0.0, Max: 0.0, Diff: 0.0, Sum: 0.1]
      [GC Worker Total (ms): Min: 7.9, Avg: 7.9, Max: 7.9, Diff: 0.0, Sum: 15.9]
      [GC Worker End (ms): Min: 14132.9, Avg: 14132.9, Max: 14132.9, Diff: 0.0]
   [Code Root Fixup: 0.0 ms]
   [Code Root Migration: 0.0 ms]
   [Clear CT: 0.0 ms]
   [Other: 0.3 ms]
      [Choose CSet: 0.0 ms]
      [Ref Proc: 0.0 ms]
      [Ref Enq: 0.0 ms]
      [Free CSet: 0.1 ms]
   [Eden: 9216.0K(9216.0K)->0.0B(70.0M) Survivors: 3072.0K->2048.0K Heap: 105.5M(256.0M)->94.0M(256.0M)]
 [Times: user=0.03 sys=0.00, real=0.01 secs] 
2014-07-10T16:12:43.263+0200: 14.249: [GC pause (young), 0.0474846 secs]
   [Parallel Time: 46.8 ms, GC Workers: 2]
      [GC Worker Start (ms): Min: 14249.0, Avg: 14249.0, Max: 14249.0, Diff: 0.0]
      [Ext Root Scanning (ms): Min: 1.1, Avg: 1.2, Max: 1.3, Diff: 0.1, Sum: 2.4]
      [Update RS (ms): Min: 0.6, Avg: 0.6, Max: 0.6, Diff: 0.0, Sum: 1.2]
         [Processed Buffers: Min: 1, Avg: 3.0, Max: 5, Diff: 4, Sum: 6]
      [Scan RS (ms): Min: 0.0, Avg: 0.1, Max: 0.1, Diff: 0.1, Sum: 0.2]
      [Code Root Scanning (ms): Min: 0.0, Avg: 0.0, Max: 0.1, Diff: 0.1, Sum: 0.1]
      [Object Copy (ms): Min: 44.8, Avg: 44.8, Max: 44.8, Diff: 0.0, Sum: 89.6]
      [Termination (ms): Min: 0.0, Avg: 0.0, Max: 0.0, Diff: 0.0, Sum: 0.0]
      [GC Worker Other (ms): Min: 0.0, Avg: 0.0, Max: 0.0, Diff: 0.0, Sum: 0.1]
      [GC Worker Total (ms): Min: 46.7, Avg: 46.7, Max: 46.8, Diff: 0.0, Sum: 93.5]
      [GC Worker End (ms): Min: 14295.7, Avg: 14295.7, Max: 14295.7, Diff: 0.0]
   [Code Root Fixup: 0.0 ms]
   [Code Root Migration: 0.0 ms]
   [Clear CT: 0.2 ms]
   [Other: 0.4 ms]
      [Choose CSet: 0.0 ms]
      [Ref Proc: 0.0 ms]
      [Ref Enq: 0.0 ms]
      [Free CSet: 0.2 ms]
   [Eden: 70.0M(70.0M)->0.0B(28.0M) Survivors: 2048.0K->9216.0K Heap: 164.0M(256.0M)->173.5M(256.0M)]
 [Times: user=0.08 sys=0.00, real=0.05 secs] 
2014-07-10T16:12:43.361+0200: 14.347: [GC pause (young) (initial-mark), 0.0203562 secs]
   [Parallel Time: 19.8 ms, GC Workers: 2]
      [GC Worker Start (ms): Min: 14347.0, Avg: 14347.0, Max: 14347.0, Diff: 0.0]
      [Ext Root Scanning (ms): Min: 1.1, Avg: 1.2, Max: 1.4, Diff: 0.3, Sum: 2.5]
      [Code Root Marking (ms): Min: 0.0, Avg: 0.1, Max: 0.1, Diff: 0.1, Sum: 0.1]
      [Update RS (ms): Min: 0.9, Avg: 1.0, Max: 1.0, Diff: 0.1, Sum: 1.9]
         [Processed Buffers: Min: 4, Avg: 4.5, Max: 5, Diff: 1, Sum: 9]
      [Scan RS (ms): Min: 0.0, Avg: 0.0, Max: 0.1, Diff: 0.0, Sum: 0.1]
      [Code Root Scanning (ms): Min: 0.0, Avg: 0.0, Max: 0.0, Diff: 0.0, Sum: 0.1]
      [Object Copy (ms): Min: 17.3, Avg: 17.4, Max: 17.4, Diff: 0.0, Sum: 34.7]
      [Termination (ms): Min: 0.0, Avg: 0.0, Max: 0.0, Diff: 0.0, Sum: 0.0]
      [GC Worker Other (ms): Min: 0.0, Avg: 0.0, Max: 0.0, Diff: 0.0, Sum: 0.1]
      [GC Worker Total (ms): Min: 19.7, Avg: 19.7, Max: 19.7, Diff: 0.0, Sum: 39.4]
      [GC Worker End (ms): Min: 14366.7, Avg: 14366.7, Max: 14366.7, Diff: 0.0]
   [Code Root Fixup: 0.0 ms]
   [Code Root Migration: 0.0 ms]
   [Clear CT: 0.2 ms]
   [Other: 0.3 ms]
      [Choose CSet: 0.0 ms]
      [Ref Proc: 0.0 ms]
      [Ref Enq: 0.0 ms]
      [Free CSet: 0.1 ms]
   [Eden: 28.0M(28.0M)->0.0B(17.0M) Survivors: 9216.0K->5120.0K Heap: 201.5M(256.0M)->194.0M(256.0M)]
 [Times: user=0.03 sys=0.00, real=0.02 secs] 
2014-07-10T16:12:43.382+0200: 14.368: [GC concurrent-root-region-scan-start]
2014-07-10T16:12:43.383+0200: 14.369: [GC concurrent-root-region-scan-end, 0.0014691 secs]
2014-07-10T16:12:43.383+0200: 14.369: [GC concurrent-mark-start]
2014-07-10T16:12:43.386+0200: 14.372: [GC concurrent-mark-end, 0.0030067 secs]
2014-07-10T16:12:43.386+0200: 14.372: [GC remark 2014-07-10T16:12:43.386+0200: 14.372: [GC ref-proc, 0.0000697 secs], 0.0011127 secs]
 [Times: user=0.00 sys=0.00, real=0.00 secs] 
2014-07-10T16:12:43.387+0200: 14.373: [GC cleanup 196M->81M(256M), 0.0007849 secs]
 [Times: user=0.00 sys=0.00, real=0.00 secs] 
2014-07-10T16:12:43.388+0200: 14.374: [GC concurrent-cleanup-start]
2014-07-10T16:12:43.388+0200: 14.374: [GC concurrent-cleanup-end, 0.0002343 secs]
2014-07-10T16:12:43.410+0200: 14.396: [GC pause (young), 0.0125221 secs]
   [Parallel Time: 12.2 ms, GC Workers: 2]
      [GC Worker Start (ms): Min: 14396.3, Avg: 14396.3, Max: 14396.3, Diff: 0.0]
      [Ext Root Scanning (ms): Min: 1.1, Avg: 1.1, Max: 1.1, Diff: 0.0, Sum: 2.2]
      [Update RS (ms): Min: 0.5, Avg: 1.0, Max: 1.6, Diff: 1.1, Sum: 2.1]
         [Processed Buffers: Min: 2, Avg: 2.5, Max: 3, Diff: 1, Sum: 5]
      [Scan RS (ms): Min: 0.0, Avg: 0.0, Max: 0.1, Diff: 0.1, Sum: 0.1]
      [Code Root Scanning (ms): Min: 0.0, Avg: 0.0, Max: 0.0, Diff: 0.0, Sum: 0.0]
      [Object Copy (ms): Min: 9.4, Avg: 9.9, Max: 10.3, Diff: 0.9, Sum: 19.7]
      [Termination (ms): Min: 0.0, Avg: 0.0, Max: 0.0, Diff: 0.0, Sum: 0.0]
      [GC Worker Other (ms): Min: 0.0, Avg: 0.0, Max: 0.0, Diff: 0.0, Sum: 0.1]
      [GC Worker Total (ms): Min: 12.1, Avg: 12.1, Max: 12.1, Diff: 0.0, Sum: 24.2]
      [GC Worker End (ms): Min: 14408.4, Avg: 14408.4, Max: 14408.4, Diff: 0.0]
   [Code Root Fixup: 0.0 ms]
   [Code Root Migration: 0.0 ms]
   [Clear CT: 0.0 ms]
   [Other: 0.3 ms]
      [Choose CSet: 0.0 ms]
      [Ref Proc: 0.1 ms]
      [Ref Enq: 0.0 ms]
      [Free CSet: 0.1 ms]
   [Eden: 17.0M(17.0M)->0.0B(9216.0K) Survivors: 5120.0K->3072.0K Heap: 96.0M(256.0M)->91.5M(256.0M)]
 [Times: user=0.03 sys=0.00, real=0.01 secs] 
2014-07-10T16:12:43.437+0200: 14.423: [GC pause (mixed), 0.0083803 secs]
   [Parallel Time: 8.1 ms, GC Workers: 2]
      [GC Worker Start (ms): Min: 14422.8, Avg: 14422.8, Max: 14422.8, Diff: 0.0]
      [Ext Root Scanning (ms): Min: 1.1, Avg: 1.1, Max: 1.1, Diff: 0.0, Sum: 2.3]
      [Update RS (ms): Min: 0.2, Avg: 0.3, Max: 0.4, Diff: 0.1, Sum: 0.6]
         [Processed Buffers: Min: 1, Avg: 2.5, Max: 4, Diff: 3, Sum: 5]
      [Scan RS (ms): Min: 0.0, Avg: 0.1, Max: 0.1, Diff: 0.1, Sum: 0.1]
      [Code Root Scanning (ms): Min: 0.0, Avg: 0.0, Max: 0.0, Diff: 0.0, Sum: 0.0]
      [Object Copy (ms): Min: 6.5, Avg: 6.5, Max: 6.5, Diff: 0.0, Sum: 13.0]
      [Termination (ms): Min: 0.0, Avg: 0.0, Max: 0.0, Diff: 0.0, Sum: 0.0]
      [GC Worker Other (ms): Min: 0.0, Avg: 0.0, Max: 0.0, Diff: 0.0, Sum: 0.1]
      [GC Worker Total (ms): Min: 8.0, Avg: 8.0, Max: 8.0, Diff: 0.0, Sum: 16.0]
      [GC Worker End (ms): Min: 14430.8, Avg: 14430.8, Max: 14430.8, Diff: 0.0]
   [Code Root Fixup: 0.0 ms]
   [Code Root Migration: 0.0 ms]
   [Clear CT: 0.0 ms]
   [Other: 0.3 ms]
      [Choose CSet: 0.0 ms]
      [Ref Proc: 0.1 ms]
      [Ref Enq: 0.0 ms]
      [Free CSet: 0.1 ms]
   [Eden: 9216.0K(9216.0K)->0.0B(67.0M) Survivors: 3072.0K->2048.0K Heap: 100.5M(256.0M)->96.0M(256.0M)]
 [Times: user=0.00 sys=0.00, real=0.01 secs] 
2014-07-10T16:12:43.555+0200: 14.541: [GC pause (young), 0.0450961 secs]
   [Parallel Time: 44.7 ms, GC Workers: 2]
      [GC Worker Start (ms): Min: 14541.0, Avg: 14541.0, Max: 14541.0, Diff: 0.0]
      [Ext Root Scanning (ms): Min: 1.0, Avg: 1.1, Max: 1.2, Diff: 0.2, Sum: 2.2]
      [Update RS (ms): Min: 0.4, Avg: 0.4, Max: 0.4, Diff: 0.0, Sum: 0.8]
         [Processed Buffers: Min: 1, Avg: 2.5, Max: 4, Diff: 3, Sum: 5]
      [Scan RS (ms): Min: 0.0, Avg: 0.1, Max: 0.1, Diff: 0.1, Sum: 0.2]
      [Code Root Scanning (ms): Min: 0.0, Avg: 0.1, Max: 0.1, Diff: 0.1, Sum: 0.1]
      [Object Copy (ms): Min: 42.9, Avg: 42.9, Max: 43.0, Diff: 0.0, Sum: 85.9]
      [Termination (ms): Min: 0.0, Avg: 0.0, Max: 0.0, Diff: 0.0, Sum: 0.0]
      [GC Worker Other (ms): Min: 0.0, Avg: 0.0, Max: 0.0, Diff: 0.0, Sum: 0.0]
      [GC Worker Total (ms): Min: 44.6, Avg: 44.6, Max: 44.6, Diff: 0.0, Sum: 89.3]
      [GC Worker End (ms): Min: 14585.6, Avg: 14585.6, Max: 14585.6, Diff: 0.0]
   [Code Root Fixup: 0.0 ms]
   [Code Root Migration: 0.0 ms]
   [Clear CT: 0.1 ms]
   [Other: 0.4 ms]
      [Choose CSet: 0.0 ms]
      [Ref Proc: 0.0 ms]
      [Ref Enq: 0.0 ms]
      [Free CSet: 0.1 ms]
   [Eden: 67.0M(67.0M)->0.0B(28.0M) Survivors: 2048.0K->9216.0K Heap: 163.0M(256.0M)->172.5M(256.0M)]
 [Times: user=0.09 sys=0.00, real=0.04 secs] 
2014-07-10T16:12:43.651+0200: 14.637: [GC pause (young) (initial-mark), 0.0195892 secs]
   [Parallel Time: 19.2 ms, GC Workers: 2]
      [GC Worker Start (ms): Min: 14636.9, Avg: 14636.9, Max: 14636.9, Diff: 0.0]
      [Ext Root Scanning (ms): Min: 1.0, Avg: 1.0, Max: 1.0, Diff: 0.0, Sum: 2.0]
      [Code Root Marking (ms): Min: 0.1, Avg: 0.1, Max: 0.1, Diff: 0.0, Sum: 0.1]
      [Update RS (ms): Min: 0.8, Avg: 0.9, Max: 0.9, Diff: 0.1, Sum: 1.8]
         [Processed Buffers: Min: 4, Avg: 5.0, Max: 6, Diff: 2, Sum: 10]
      [Scan RS (ms): Min: 0.0, Avg: 0.0, Max: 0.1, Diff: 0.1, Sum: 0.1]
      [Code Root Scanning (ms): Min: 0.0, Avg: 0.0, Max: 0.0, Diff: 0.0, Sum: 0.0]
      [Object Copy (ms): Min: 16.9, Avg: 16.9, Max: 16.9, Diff: 0.0, Sum: 33.8]
      [Termination (ms): Min: 0.0, Avg: 0.0, Max: 0.0, Diff: 0.0, Sum: 0.0]
      [GC Worker Other (ms): Min: 0.0, Avg: 0.0, Max: 0.0, Diff: 0.0, Sum: 0.1]
      [GC Worker Total (ms): Min: 18.9, Avg: 18.9, Max: 18.9, Diff: 0.0, Sum: 37.9]
      [GC Worker End (ms): Min: 14655.8, Avg: 14655.8, Max: 14655.8, Diff: 0.0]
   [Code Root Fixup: 0.0 ms]
   [Code Root Migration: 0.0 ms]
   [Clear CT: 0.0 ms]
   [Other: 0.3 ms]
      [Choose CSet: 0.0 ms]
      [Ref Proc: 0.1 ms]
      [Ref Enq: 0.0 ms]
      [Free CSet: 0.1 ms]
   [Eden: 28.0M(28.0M)->0.0B(18.0M) Survivors: 9216.0K->5120.0K Heap: 200.5M(256.0M)->192.0M(256.0M)]
 [Times: user=0.05 sys=0.00, real=0.02 secs] 
2014-07-10T16:12:43.671+0200: 14.657: [GC concurrent-root-region-scan-start]
2014-07-10T16:12:43.672+0200: 14.658: [GC concurrent-root-region-scan-end, 0.0014826 secs]
2014-07-10T16:12:43.672+0200: 14.658: [GC concurrent-mark-start]
2014-07-10T16:12:43.675+0200: 14.661: [GC concurrent-mark-end, 0.0031251 secs]
2014-07-10T16:12:43.675+0200: 14.661: [GC remark 2014-07-10T16:12:43.676+0200: 14.662: [GC ref-proc, 0.0000726 secs], 0.0010973 secs]
 [Times: user=0.00 sys=0.00, real=0.00 secs] 
2014-07-10T16:12:43.677+0200: 14.663: [GC cleanup 195M->85M(256M), 0.0008641 secs]
 [Times: user=0.00 sys=0.00, real=0.00 secs] 
2014-07-10T16:12:43.677+0200: 14.664: [GC concurrent-cleanup-start]
2014-07-10T16:12:43.678+0200: 14.664: [GC concurrent-cleanup-end, 0.0002357 secs]
2014-07-10T16:12:43.701+0200: 14.687: [GC pause (young), 0.0136344 secs]
   [Parallel Time: 13.4 ms, GC Workers: 2]
      [GC Worker Start (ms): Min: 14686.9, Avg: 14686.9, Max: 14686.9, Diff: 0.0]
      [Ext Root Scanning (ms): Min: 1.0, Avg: 1.0, Max: 1.0, Diff: 0.0, Sum: 2.0]
      [Update RS (ms): Min: 0.4, Avg: 0.4, Max: 0.5, Diff: 0.0, Sum: 0.9]
         [Processed Buffers: Min: 2, Avg: 3.5, Max: 5, Diff: 3, Sum: 7]
      [Scan RS (ms): Min: 0.0, Avg: 0.0, Max: 0.0, Diff: 0.0, Sum: 0.1]
      [Code Root Scanning (ms): Min: 0.0, Avg: 0.0, Max: 0.0, Diff: 0.0, Sum: 0.0]
      [Object Copy (ms): Min: 11.8, Avg: 11.8, Max: 11.8, Diff: 0.0, Sum: 23.6]
      [Termination (ms): Min: 0.0, Avg: 0.0, Max: 0.0, Diff: 0.0, Sum: 0.0]
      [GC Worker Other (ms): Min: 0.0, Avg: 0.0, Max: 0.0, Diff: 0.0, Sum: 0.0]
      [GC Worker Total (ms): Min: 13.4, Avg: 13.4, Max: 13.4, Diff: 0.0, Sum: 26.7]
      [GC Worker End (ms): Min: 14700.2, Avg: 14700.2, Max: 14700.2, Diff: 0.0]
   [Code Root Fixup: 0.0 ms]
   [Code Root Migration: 0.0 ms]
   [Clear CT: 0.0 ms]
   [Other: 0.2 ms]
      [Choose CSet: 0.0 ms]
      [Ref Proc: 0.0 ms]
      [Ref Enq: 0.0 ms]
      [Free CSet: 0.1 ms]
   [Eden: 18.0M(18.0M)->0.0B(9216.0K) Survivors: 5120.0K->3072.0K Heap: 100.0M(256.0M)->99.0M(256.0M)]
 [Times: user=0.03 sys=0.00, real=0.01 secs] 
2014-07-10T16:12:43.729+0200: 14.715: [GC pause (mixed), 0.0133972 secs]
   [Parallel Time: 12.8 ms, GC Workers: 2]
      [GC Worker Start (ms): Min: 14715.0, Avg: 14721.3, Max: 14727.7, Diff: 12.7]
      [Ext Root Scanning (ms): Min: 0.0, Avg: 0.8, Max: 1.6, Diff: 1.6, Sum: 1.6]
      [Update RS (ms): Min: 0.0, Avg: 0.3, Max: 0.6, Diff: 0.6, Sum: 0.6]
         [Processed Buffers: Min: 0, Avg: 2.5, Max: 5, Diff: 5, Sum: 5]
      [Scan RS (ms): Min: 0.0, Avg: 0.1, Max: 0.1, Diff: 0.1, Sum: 0.1]
      [Code Root Scanning (ms): Min: 0.0, Avg: 0.0, Max: 0.0, Diff: 0.0, Sum: 0.0]
      [Object Copy (ms): Min: 0.0, Avg: 3.7, Max: 7.3, Diff: 7.3, Sum: 7.3]
      [Termination (ms): Min: 0.0, Avg: 1.5, Max: 3.0, Diff: 3.0, Sum: 3.0]
      [GC Worker Other (ms): Min: 0.0, Avg: 0.0, Max: 0.0, Diff: 0.0, Sum: 0.0]
      [GC Worker Total (ms): Min: 0.0, Avg: 6.4, Max: 12.7, Diff: 12.7, Sum: 12.8]
      [GC Worker End (ms): Min: 14727.7, Avg: 14727.7, Max: 14727.7, Diff: 0.0]
   [Code Root Fixup: 0.0 ms]
   [Code Root Migration: 0.0 ms]
   [Clear CT: 0.1 ms]
   [Other: 0.5 ms]
      [Choose CSet: 0.0 ms]
      [Ref Proc: 0.3 ms]
      [Ref Enq: 0.0 ms]
      [Free CSet: 0.1 ms]
   [Eden: 9216.0K(9216.0K)->0.0B(66.0M) Survivors: 3072.0K->2048.0K Heap: 108.0M(256.0M)->99.5M(256.0M)]
 [Times: user=0.02 sys=0.00, real=0.01 secs] 
2014-07-10T16:12:43.852+0200: 14.838: [GC pause (young), 0.0427339 secs]
   [Parallel Time: 42.3 ms, GC Workers: 2]
      [GC Worker Start (ms): Min: 14837.9, Avg: 14837.9, Max: 14837.9, Diff: 0.0]
      [Ext Root Scanning (ms): Min: 1.0, Avg: 1.0, Max: 1.0, Diff: 0.0, Sum: 2.0]
      [Update RS (ms): Min: 0.2, Avg: 0.4, Max: 0.5, Diff: 0.3, Sum: 0.7]
         [Processed Buffers: Min: 1, Avg: 3.0, Max: 5, Diff: 4, Sum: 6]
      [Scan RS (ms): Min: 0.0, Avg: 0.1, Max: 0.2, Diff: 0.2, Sum: 0.2]
      [Code Root Scanning (ms): Min: 0.0, Avg: 0.0, Max: 0.1, Diff: 0.1, Sum: 0.1]
      [Object Copy (ms): Min: 40.7, Avg: 40.8, Max: 40.8, Diff: 0.1, Sum: 81.5]
      [Termination (ms): Min: 0.0, Avg: 0.0, Max: 0.0, Diff: 0.0, Sum: 0.0]
      [GC Worker Other (ms): Min: 0.0, Avg: 0.0, Max: 0.0, Diff: 0.0, Sum: 0.1]
      [GC Worker Total (ms): Min: 42.3, Avg: 42.3, Max: 42.3, Diff: 0.0, Sum: 84.6]
      [GC Worker End (ms): Min: 14880.2, Avg: 14880.2, Max: 14880.2, Diff: 0.0]
   [Code Root Fixup: 0.0 ms]
   [Code Root Migration: 0.0 ms]
   [Clear CT: 0.1 ms]
   [Other: 0.3 ms]
      [Choose CSet: 0.0 ms]
      [Ref Proc: 0.0 ms]
      [Ref Enq: 0.0 ms]
      [Free CSet: 0.1 ms]
   [Eden: 66.0M(66.0M)->0.0B(33.0M) Survivors: 2048.0K->9216.0K Heap: 165.5M(256.0M)->163.0M(256.0M)]
 [Times: user=0.09 sys=0.00, real=0.04 secs] 
2014-07-10T16:12:43.947+0200: 14.933: [GC pause (young) (initial-mark), 0.0218982 secs]
   [Parallel Time: 21.3 ms, GC Workers: 2]
      [GC Worker Start (ms): Min: 14933.4, Avg: 14933.4, Max: 14933.4, Diff: 0.0]
      [Ext Root Scanning (ms): Min: 0.9, Avg: 0.9, Max: 1.0, Diff: 0.0, Sum: 1.9]
      [Code Root Marking (ms): Min: 0.0, Avg: 0.1, Max: 0.1, Diff: 0.0, Sum: 0.1]
      [Update RS (ms): Min: 0.8, Avg: 0.8, Max: 0.8, Diff: 0.0, Sum: 1.6]
         [Processed Buffers: Min: 4, Avg: 4.5, Max: 5, Diff: 1, Sum: 9]
      [Scan RS (ms): Min: 0.0, Avg: 0.1, Max: 0.1, Diff: 0.0, Sum: 0.1]
      [Code Root Scanning (ms): Min: 0.0, Avg: 0.0, Max: 0.0, Diff: 0.0, Sum: 0.1]
      [Object Copy (ms): Min: 19.2, Avg: 19.2, Max: 19.3, Diff: 0.0, Sum: 38.5]
      [Termination (ms): Min: 0.0, Avg: 0.0, Max: 0.0, Diff: 0.0, Sum: 0.0]
      [GC Worker Other (ms): Min: 0.0, Avg: 0.1, Max: 0.1, Diff: 0.1, Sum: 0.1]
      [GC Worker Total (ms): Min: 21.2, Avg: 21.2, Max: 21.2, Diff: 0.1, Sum: 42.4]
      [GC Worker End (ms): Min: 14954.6, Avg: 14954.6, Max: 14954.6, Diff: 0.1]
   [Code Root Fixup: 0.0 ms]
   [Code Root Migration: 0.0 ms]
   [Clear CT: 0.0 ms]
   [Other: 0.5 ms]
      [Choose CSet: 0.0 ms]
      [Ref Proc: 0.2 ms]
      [Ref Enq: 0.0 ms]
      [Free CSet: 0.1 ms]
   [Eden: 33.0M(33.0M)->0.0B(21.0M) Survivors: 9216.0K->6144.0K Heap: 196.0M(256.0M)->186.5M(256.0M)]
 [Times: user=0.06 sys=0.00, real=0.02 secs] 
2014-07-10T16:12:43.969+0200: 14.955: [GC concurrent-root-region-scan-start]
2014-07-10T16:12:43.969+0200: 14.956: [GC concurrent-root-region-scan-end, 0.0000994 secs]
2014-07-10T16:12:43.969+0200: 14.956: [GC concurrent-mark-start]
2014-07-10T16:12:43.973+0200: 14.959: [GC concurrent-mark-end, 0.0033341 secs]
2014-07-10T16:12:43.974+0200: 14.960: [GC remark 2014-07-10T16:12:43.974+0200: 14.960: [GC ref-proc, 0.0000898 secs], 0.0017646 secs]
 [Times: user=0.00 sys=0.00, real=0.00 secs] 
2014-07-10T16:12:43.975+0200: 14.962: [GC cleanup 188M->89M(256M), 0.0009015 secs]
 [Times: user=0.00 sys=0.00, real=0.00 secs] 
2014-07-10T16:12:43.976+0200: 14.962: [GC concurrent-cleanup-start]
2014-07-10T16:12:43.977+0200: 14.963: [GC concurrent-cleanup-end, 0.0001826 secs]
2014-07-10T16:12:44.007+0200: 14.993: [GC pause (young), 0.0270760 secs]
   [Parallel Time: 14.2 ms, GC Workers: 2]
      [GC Worker Start (ms): Min: 14992.8, Avg: 14992.8, Max: 14992.8, Diff: 0.0]
      [Ext Root Scanning (ms): Min: 1.0, Avg: 1.1, Max: 1.2, Diff: 0.2, Sum: 2.1]
      [Update RS (ms): Min: 0.4, Avg: 0.5, Max: 0.6, Diff: 0.2, Sum: 1.0]
         [Processed Buffers: Min: 2, Avg: 3.5, Max: 5, Diff: 3, Sum: 7]
      [Scan RS (ms): Min: 0.0, Avg: 0.0, Max: 0.1, Diff: 0.0, Sum: 0.1]
      [Code Root Scanning (ms): Min: 0.0, Avg: 0.0, Max: 0.0, Diff: 0.0, Sum: 0.0]
      [Object Copy (ms): Min: 12.5, Avg: 12.5, Max: 12.5, Diff: 0.0, Sum: 25.1]
      [Termination (ms): Min: 0.0, Avg: 0.0, Max: 0.0, Diff: 0.0, Sum: 0.0]
      [GC Worker Other (ms): Min: 0.0, Avg: 0.0, Max: 0.0, Diff: 0.0, Sum: 0.0]
      [GC Worker Total (ms): Min: 14.2, Avg: 14.2, Max: 14.2, Diff: 0.0, Sum: 28.4]
      [GC Worker End (ms): Min: 15007.0, Avg: 15007.0, Max: 15007.0, Diff: 0.0]
   [Code Root Fixup: 0.0 ms]
   [Code Root Migration: 0.0 ms]
   [Clear CT: 0.0 ms]
   [Other: 12.8 ms]
      [Choose CSet: 0.0 ms]
      [Ref Proc: 12.6 ms]
      [Ref Enq: 0.0 ms]
      [Free CSet: 0.1 ms]
   [Eden: 21.0M(21.0M)->0.0B(8192.0K) Survivors: 6144.0K->4096.0K Heap: 108.5M(256.0M)->103.0M(256.0M)]
 [Times: user=0.05 sys=0.00, real=0.03 secs] 
2014-07-10T16:12:44.046+0200: 15.032: [GC pause (mixed), 0.0102740 secs]
   [Parallel Time: 9.7 ms, GC Workers: 2]
      [GC Worker Start (ms): Min: 15032.4, Avg: 15037.1, Max: 15041.8, Diff: 9.4]
      [Ext Root Scanning (ms): Min: 0.0, Avg: 0.9, Max: 1.8, Diff: 1.8, Sum: 1.8]
      [Update RS (ms): Min: 0.0, Avg: 0.3, Max: 0.6, Diff: 0.6, Sum: 0.6]
         [Processed Buffers: Min: 0, Avg: 4.0, Max: 8, Diff: 8, Sum: 8]
      [Scan RS (ms): Min: 0.0, Avg: 0.1, Max: 0.2, Diff: 0.2, Sum: 0.2]
      [Code Root Scanning (ms): Min: 0.0, Avg: 0.0, Max: 0.0, Diff: 0.0, Sum: 0.0]
      [Object Copy (ms): Min: 0.0, Avg: 3.4, Max: 6.8, Diff: 6.8, Sum: 6.8]
      [Termination (ms): Min: 0.0, Avg: 0.1, Max: 0.3, Diff: 0.3, Sum: 0.3]
      [GC Worker Other (ms): Min: 0.0, Avg: 0.0, Max: 0.0, Diff: 0.0, Sum: 0.0]
      [GC Worker Total (ms): Min: 0.0, Avg: 4.8, Max: 9.6, Diff: 9.6, Sum: 9.7]
      [GC Worker End (ms): Min: 15041.8, Avg: 15041.9, Max: 15042.0, Diff: 0.2]
   [Code Root Fixup: 0.0 ms]
   [Code Root Migration: 0.0 ms]
   [Clear CT: 0.1 ms]
   [Other: 0.4 ms]
      [Choose CSet: 0.0 ms]
      [Ref Proc: 0.2 ms]
      [Ref Enq: 0.0 ms]
      [Free CSet: 0.1 ms]
   [Eden: 8192.0K(8192.0K)->0.0B(69.0M) Survivors: 4096.0K->2048.0K Heap: 111.0M(256.0M)->96.0M(256.0M)]
 [Times: user=0.00 sys=0.00, real=0.01 secs] 
2014-07-10T16:12:44.208+0200: 15.194: [GC pause (young), 0.0562319 secs]
   [Parallel Time: 55.8 ms, GC Workers: 2]
      [GC Worker Start (ms): Min: 15193.9, Avg: 15193.9, Max: 15193.9, Diff: 0.0]
      [Ext Root Scanning (ms): Min: 0.9, Avg: 0.9, Max: 0.9, Diff: 0.0, Sum: 1.9]
      [Update RS (ms): Min: 0.2, Avg: 0.4, Max: 0.6, Diff: 0.4, Sum: 0.7]
         [Processed Buffers: Min: 1, Avg: 3.0, Max: 5, Diff: 4, Sum: 6]
      [Scan RS (ms): Min: 0.0, Avg: 0.1, Max: 0.2, Diff: 0.2, Sum: 0.2]
      [Code Root Scanning (ms): Min: 0.0, Avg: 0.0, Max: 0.1, Diff: 0.1, Sum: 0.1]
      [Object Copy (ms): Min: 45.7, Avg: 50.0, Max: 54.3, Diff: 8.6, Sum: 99.9]
      [Termination (ms): Min: 0.0, Avg: 4.4, Max: 8.8, Diff: 8.7, Sum: 8.8]
      [GC Worker Other (ms): Min: 0.0, Avg: 0.0, Max: 0.0, Diff: 0.0, Sum: 0.0]
      [GC Worker Total (ms): Min: 55.8, Avg: 55.8, Max: 55.8, Diff: 0.0, Sum: 111.6]
      [GC Worker End (ms): Min: 15249.7, Avg: 15249.7, Max: 15249.7, Diff: 0.0]
   [Code Root Fixup: 0.0 ms]
   [Code Root Migration: 0.0 ms]
   [Clear CT: 0.0 ms]
   [Other: 0.3 ms]
      [Choose CSet: 0.0 ms]
      [Ref Proc: 0.1 ms]
      [Ref Enq: 0.0 ms]
      [Free CSet: 0.1 ms]
   [Eden: 69.0M(69.0M)->0.0B(29.0M) Survivors: 2048.0K->9216.0K Heap: 165.0M(256.0M)->170.5M(256.0M)]
 [Times: user=0.08 sys=0.00, real=0.06 secs] 
2014-07-10T16:12:44.312+0200: 15.298: [GC pause (young) (initial-mark), 0.0206946 secs]
   [Parallel Time: 20.2 ms, GC Workers: 2]
      [GC Worker Start (ms): Min: 15298.1, Avg: 15298.1, Max: 15298.1, Diff: 0.0]
      [Ext Root Scanning (ms): Min: 1.5, Avg: 1.5, Max: 1.5, Diff: 0.0, Sum: 3.1]
      [Code Root Marking (ms): Min: 0.0, Avg: 0.1, Max: 0.1, Diff: 0.1, Sum: 0.1]
      [Update RS (ms): Min: 0.9, Avg: 0.9, Max: 0.9, Diff: 0.0, Sum: 1.8]
         [Processed Buffers: Min: 4, Avg: 5.0, Max: 6, Diff: 2, Sum: 10]
      [Scan RS (ms): Min: 0.0, Avg: 0.0, Max: 0.1, Diff: 0.0, Sum: 0.1]
      [Code Root Scanning (ms): Min: 0.0, Avg: 0.0, Max: 0.0, Diff: 0.0, Sum: 0.0]
      [Object Copy (ms): Min: 17.4, Avg: 17.5, Max: 17.5, Diff: 0.1, Sum: 35.0]
      [Termination (ms): Min: 0.0, Avg: 0.0, Max: 0.0, Diff: 0.0, Sum: 0.0]
      [GC Worker Other (ms): Min: 0.0, Avg: 0.0, Max: 0.0, Diff: 0.0, Sum: 0.1]
      [GC Worker Total (ms): Min: 20.1, Avg: 20.1, Max: 20.1, Diff: 0.0, Sum: 40.2]
      [GC Worker End (ms): Min: 15318.2, Avg: 15318.2, Max: 15318.2, Diff: 0.0]
   [Code Root Fixup: 0.0 ms]
   [Code Root Migration: 0.0 ms]
   [Clear CT: 0.0 ms]
   [Other: 0.5 ms]
      [Choose CSet: 0.0 ms]
      [Ref Proc: 0.2 ms]
      [Ref Enq: 0.0 ms]
      [Free CSet: 0.1 ms]
   [Eden: 29.0M(29.0M)->0.0B(19.0M) Survivors: 9216.0K->5120.0K Heap: 199.5M(256.0M)->191.5M(256.0M)]
 [Times: user=0.03 sys=0.00, real=0.02 secs] 
2014-07-10T16:12:44.333+0200: 15.319: [GC concurrent-root-region-scan-start]
2014-07-10T16:12:44.333+0200: 15.319: [GC concurrent-root-region-scan-end, 0.0000851 secs]
2014-07-10T16:12:44.333+0200: 15.319: [GC concurrent-mark-start]
2014-07-10T16:12:44.337+0200: 15.323: [GC concurrent-mark-end, 0.0030034 secs]
2014-07-10T16:12:44.339+0200: 15.325: [GC remark 2014-07-10T16:12:44.339+0200: 15.326: [GC ref-proc, 0.0000799 secs], 0.0009767 secs]
 [Times: user=0.00 sys=0.00, real=0.00 secs] 
2014-07-10T16:12:44.341+0200: 15.327: [GC cleanup 193M->84M(256M), 0.0012579 secs]
 [Times: user=0.00 sys=0.00, real=0.00 secs] 
2014-07-10T16:12:44.342+0200: 15.328: [GC concurrent-cleanup-start]
2014-07-10T16:12:44.342+0200: 15.328: [GC concurrent-cleanup-end, 0.0001730 secs]
2014-07-10T16:12:44.373+0200: 15.359: [GC pause (young), 0.0138266 secs]
   [Parallel Time: 13.4 ms, GC Workers: 2]
      [GC Worker Start (ms): Min: 15358.9, Avg: 15358.9, Max: 15358.9, Diff: 0.0]
      [Ext Root Scanning (ms): Min: 1.1, Avg: 1.2, Max: 1.3, Diff: 0.2, Sum: 2.4]
      [Update RS (ms): Min: 0.4, Avg: 0.5, Max: 0.5, Diff: 0.1, Sum: 0.9]
         [Processed Buffers: Min: 2, Avg: 3.5, Max: 5, Diff: 3, Sum: 7]
      [Scan RS (ms): Min: 0.0, Avg: 0.0, Max: 0.1, Diff: 0.1, Sum: 0.1]
      [Code Root Scanning (ms): Min: 0.0, Avg: 0.0, Max: 0.0, Diff: 0.0, Sum: 0.0]
      [Object Copy (ms): Min: 11.7, Avg: 11.7, Max: 11.7, Diff: 0.0, Sum: 23.3]
      [Termination (ms): Min: 0.0, Avg: 0.0, Max: 0.0, Diff: 0.0, Sum: 0.0]
      [GC Worker Other (ms): Min: 0.0, Avg: 0.0, Max: 0.0, Diff: 0.0, Sum: 0.0]
      [GC Worker Total (ms): Min: 13.4, Avg: 13.4, Max: 13.4, Diff: 0.0, Sum: 26.8]
      [GC Worker End (ms): Min: 15372.4, Avg: 15372.4, Max: 15372.4, Diff: 0.0]
   [Code Root Fixup: 0.0 ms]
   [Code Root Migration: 0.0 ms]
   [Clear CT: 0.0 ms]
   [Other: 0.3 ms]
      [Choose CSet: 0.0 ms]
      [Ref Proc: 0.1 ms]
      [Ref Enq: 0.0 ms]
      [Free CSet: 0.1 ms]
   [Eden: 19.0M(19.0M)->0.0B(9216.0K) Survivors: 5120.0K->3072.0K Heap: 101.5M(256.0M)->98.0M(256.0M)]
 [Times: user=0.00 sys=0.00, real=0.01 secs] 
2014-07-10T16:12:44.401+0200: 15.387: [GC pause (mixed), 0.0093090 secs]
   [Parallel Time: 8.9 ms, GC Workers: 2]
      [GC Worker Start (ms): Min: 15386.9, Avg: 15386.9, Max: 15386.9, Diff: 0.0]
      [Ext Root Scanning (ms): Min: 1.0, Avg: 1.0, Max: 1.0, Diff: 0.0, Sum: 2.0]
      [Update RS (ms): Min: 0.3, Avg: 0.3, Max: 0.3, Diff: 0.0, Sum: 0.7]
         [Processed Buffers: Min: 2, Avg: 3.0, Max: 4, Diff: 2, Sum: 6]
      [Scan RS (ms): Min: 0.1, Avg: 0.1, Max: 0.1, Diff: 0.0, Sum: 0.2]
      [Code Root Scanning (ms): Min: 0.0, Avg: 0.0, Max: 0.0, Diff: 0.0, Sum: 0.0]
      [Object Copy (ms): Min: 7.4, Avg: 7.4, Max: 7.4, Diff: 0.0, Sum: 14.7]
      [Termination (ms): Min: 0.0, Avg: 0.0, Max: 0.0, Diff: 0.0, Sum: 0.0]
      [GC Worker Other (ms): Min: 0.0, Avg: 0.0, Max: 0.0, Diff: 0.0, Sum: 0.1]
      [GC Worker Total (ms): Min: 8.8, Avg: 8.8, Max: 8.8, Diff: 0.0, Sum: 17.7]
      [GC Worker End (ms): Min: 15395.7, Avg: 15395.7, Max: 15395.7, Diff: 0.0]
   [Code Root Fixup: 0.0 ms]
   [Code Root Migration: 0.0 ms]
   [Clear CT: 0.1 ms]
   [Other: 0.3 ms]
      [Choose CSet: 0.0 ms]
      [Ref Proc: 0.0 ms]
      [Ref Enq: 0.0 ms]
      [Free CSet: 0.1 ms]
   [Eden: 9216.0K(9216.0K)->0.0B(68.0M) Survivors: 3072.0K->2048.0K Heap: 107.0M(256.0M)->94.0M(256.0M)]
 [Times: user=0.03 sys=0.00, real=0.01 secs] 
2014-07-10T16:12:44.521+0200: 15.507: [GC pause (young), 0.0458469 secs]
   [Parallel Time: 45.4 ms, GC Workers: 2]
      [GC Worker Start (ms): Min: 15506.9, Avg: 15506.9, Max: 15507.0, Diff: 0.0]
      [Ext Root Scanning (ms): Min: 1.1, Avg: 1.1, Max: 1.1, Diff: 0.0, Sum: 2.2]
      [Update RS (ms): Min: 0.4, Avg: 0.4, Max: 0.4, Diff: 0.0, Sum: 0.9]
         [Processed Buffers: Min: 1, Avg: 3.0, Max: 5, Diff: 4, Sum: 6]
      [Scan RS (ms): Min: 0.1, Avg: 0.1, Max: 0.1, Diff: 0.0, Sum: 0.2]
      [Code Root Scanning (ms): Min: 0.0, Avg: 0.0, Max: 0.1, Diff: 0.0, Sum: 0.1]
      [Object Copy (ms): Min: 43.6, Avg: 43.6, Max: 43.6, Diff: 0.0, Sum: 87.2]
      [Termination (ms): Min: 0.0, Avg: 0.0, Max: 0.0, Diff: 0.0, Sum: 0.0]
      [GC Worker Other (ms): Min: 0.0, Avg: 0.0, Max: 0.0, Diff: 0.0, Sum: 0.1]
      [GC Worker Total (ms): Min: 45.3, Avg: 45.3, Max: 45.3, Diff: 0.0, Sum: 90.7]
      [GC Worker End (ms): Min: 15552.3, Avg: 15552.3, Max: 15552.3, Diff: 0.0]
   [Code Root Fixup: 0.0 ms]
   [Code Root Migration: 0.0 ms]
   [Clear CT: 0.1 ms]
   [Other: 0.4 ms]
      [Choose CSet: 0.0 ms]
      [Ref Proc: 0.0 ms]
      [Ref Enq: 0.0 ms]
      [Free CSet: 0.1 ms]
   [Eden: 68.0M(68.0M)->0.0B(30.0M) Survivors: 2048.0K->9216.0K Heap: 162.0M(256.0M)->169.0M(256.0M)]
 [Times: user=0.09 sys=0.00, real=0.05 secs] 
2014-07-10T16:12:44.617+0200: 15.603: [GC pause (young) (initial-mark), 0.0212273 secs]
   [Parallel Time: 20.6 ms, GC Workers: 2]
      [GC Worker Start (ms): Min: 15603.1, Avg: 15603.1, Max: 15603.1, Diff: 0.0]
      [Ext Root Scanning (ms): Min: 1.0, Avg: 1.1, Max: 1.1, Diff: 0.0, Sum: 2.1]
      [Code Root Marking (ms): Min: 0.1, Avg: 0.1, Max: 0.1, Diff: 0.0, Sum: 0.1]
      [Update RS (ms): Min: 0.9, Avg: 1.0, Max: 1.0, Diff: 0.0, Sum: 1.9]
         [Processed Buffers: Min: 4, Avg: 5.0, Max: 6, Diff: 2, Sum: 10]
      [Scan RS (ms): Min: 0.0, Avg: 0.0, Max: 0.1, Diff: 0.0, Sum: 0.1]
      [Code Root Scanning (ms): Min: 0.0, Avg: 0.0, Max: 0.0, Diff: 0.0, Sum: 0.1]
      [Object Copy (ms): Min: 18.3, Avg: 18.3, Max: 18.3, Diff: 0.0, Sum: 36.7]
      [Termination (ms): Min: 0.0, Avg: 0.0, Max: 0.0, Diff: 0.0, Sum: 0.0]
      [GC Worker Other (ms): Min: 0.0, Avg: 0.0, Max: 0.0, Diff: 0.0, Sum: 0.1]
      [GC Worker Total (ms): Min: 20.5, Avg: 20.5, Max: 20.5, Diff: 0.0, Sum: 41.0]
      [GC Worker End (ms): Min: 15623.6, Avg: 15623.6, Max: 15623.6, Diff: 0.0]
   [Code Root Fixup: 0.0 ms]
   [Code Root Migration: 0.0 ms]
   [Clear CT: 0.0 ms]
   [Other: 0.6 ms]
      [Choose CSet: 0.0 ms]
      [Ref Proc: 0.3 ms]
      [Ref Enq: 0.0 ms]
      [Free CSet: 0.1 ms]
   [Eden: 30.0M(30.0M)->0.0B(18.0M) Survivors: 9216.0K->5120.0K Heap: 199.0M(256.0M)->192.0M(256.0M)]
 [Times: user=0.05 sys=0.00, real=0.02 secs] 
2014-07-10T16:12:44.638+0200: 15.624: [GC concurrent-root-region-scan-start]
2014-07-10T16:12:44.638+0200: 15.625: [GC concurrent-root-region-scan-end, 0.0000858 secs]
2014-07-10T16:12:44.638+0200: 15.625: [GC concurrent-mark-start]
2014-07-10T16:12:44.642+0200: 15.628: [GC concurrent-mark-end, 0.0033799 secs]
2014-07-10T16:12:44.642+0200: 15.628: [GC remark 2014-07-10T16:12:44.642+0200: 15.628: [GC ref-proc, 0.0000744 secs], 0.0011237 secs]
 [Times: user=0.00 sys=0.00, real=0.00 secs] 
2014-07-10T16:12:44.644+0200: 15.630: [GC cleanup 193M->95M(256M), 0.0010643 secs]
 [Times: user=0.00 sys=0.00, real=0.00 secs] 
2014-07-10T16:12:44.645+0200: 15.632: [GC concurrent-cleanup-start]
2014-07-10T16:12:44.646+0200: 15.632: [GC concurrent-cleanup-end, 0.0002020 secs]
2014-07-10T16:12:44.672+0200: 15.658: [GC pause (young), 0.0128117 secs]
   [Parallel Time: 12.5 ms, GC Workers: 2]
      [GC Worker Start (ms): Min: 15658.2, Avg: 15658.4, Max: 15658.5, Diff: 0.3]
      [Ext Root Scanning (ms): Min: 1.0, Avg: 1.0, Max: 1.1, Diff: 0.2, Sum: 2.1]
      [Update RS (ms): Min: 0.5, Avg: 0.5, Max: 0.5, Diff: 0.0, Sum: 1.0]
         [Processed Buffers: Min: 2, Avg: 3.5, Max: 5, Diff: 3, Sum: 7]
      [Scan RS (ms): Min: 0.0, Avg: 0.0, Max: 0.0, Diff: 0.0, Sum: 0.1]
      [Code Root Scanning (ms): Min: 0.0, Avg: 0.0, Max: 0.0, Diff: 0.0, Sum: 0.0]
      [Object Copy (ms): Min: 10.7, Avg: 10.7, Max: 10.7, Diff: 0.0, Sum: 21.4]
      [Termination (ms): Min: 0.0, Avg: 0.0, Max: 0.0, Diff: 0.0, Sum: 0.0]
      [GC Worker Other (ms): Min: 0.0, Avg: 0.0, Max: 0.0, Diff: 0.0, Sum: 0.1]
      [GC Worker Total (ms): Min: 12.2, Avg: 12.4, Max: 12.5, Diff: 0.3, Sum: 24.7]
      [GC Worker End (ms): Min: 15670.7, Avg: 15670.7, Max: 15670.7, Diff: 0.0]
   [Code Root Fixup: 0.0 ms]
   [Code Root Migration: 0.0 ms]
   [Clear CT: 0.0 ms]
   [Other: 0.2 ms]
      [Choose CSet: 0.0 ms]
      [Ref Proc: 0.0 ms]
      [Ref Enq: 0.0 ms]
      [Free CSet: 0.1 ms]
   [Eden: 18.0M(18.0M)->0.0B(9216.0K) Survivors: 5120.0K->3072.0K Heap: 112.0M(256.0M)->108.5M(256.0M)]
 [Times: user=0.03 sys=0.00, real=0.01 secs] 
2014-07-10T16:12:44.699+0200: 15.685: [GC pause (mixed), 0.0107883 secs]
   [Parallel Time: 10.2 ms, GC Workers: 2]
      [GC Worker Start (ms): Min: 15685.1, Avg: 15685.1, Max: 15685.1, Diff: 0.0]
      [Ext Root Scanning (ms): Min: 1.0, Avg: 1.1, Max: 1.1, Diff: 0.1, Sum: 2.1]
      [Update RS (ms): Min: 0.3, Avg: 0.3, Max: 0.3, Diff: 0.1, Sum: 0.6]
         [Processed Buffers: Min: 1, Avg: 3.0, Max: 5, Diff: 4, Sum: 6]
      [Scan RS (ms): Min: 0.3, Avg: 0.3, Max: 0.3, Diff: 0.0, Sum: 0.5]
      [Code Root Scanning (ms): Min: 0.0, Avg: 0.0, Max: 0.0, Diff: 0.0, Sum: 0.0]
      [Object Copy (ms): Min: 8.4, Avg: 8.5, Max: 8.5, Diff: 0.0, Sum: 16.9]
      [Termination (ms): Min: 0.0, Avg: 0.0, Max: 0.0, Diff: 0.0, Sum: 0.0]
      [GC Worker Other (ms): Min: 0.0, Avg: 0.0, Max: 0.0, Diff: 0.0, Sum: 0.1]
      [GC Worker Total (ms): Min: 10.2, Avg: 10.2, Max: 10.2, Diff: 0.0, Sum: 20.3]
      [GC Worker End (ms): Min: 15695.3, Avg: 15695.3, Max: 15695.3, Diff: 0.0]
   [Code Root Fixup: 0.0 ms]
   [Code Root Migration: 0.0 ms]
   [Clear CT: 0.1 ms]
   [Other: 0.4 ms]
      [Choose CSet: 0.0 ms]
      [Ref Proc: 0.1 ms]
      [Ref Enq: 0.0 ms]
      [Free CSet: 0.2 ms]
   [Eden: 9216.0K(9216.0K)->0.0B(66.0M) Survivors: 3072.0K->2048.0K Heap: 117.5M(256.0M)->99.0M(256.0M)]
 [Times: user=0.03 sys=0.00, real=0.01 secs] 
2014-07-10T16:12:44.819+0200: 15.805: [GC pause (young), 0.0439375 secs]
   [Parallel Time: 43.4 ms, GC Workers: 2]
      [GC Worker Start (ms): Min: 15805.0, Avg: 15805.0, Max: 15805.0, Diff: 0.0]
      [Ext Root Scanning (ms): Min: 0.9, Avg: 1.0, Max: 1.0, Diff: 0.0, Sum: 1.9]
      [Update RS (ms): Min: 0.4, Avg: 0.5, Max: 0.5, Diff: 0.0, Sum: 0.9]
         [Processed Buffers: Min: 1, Avg: 2.0, Max: 3, Diff: 2, Sum: 4]
      [Scan RS (ms): Min: 0.1, Avg: 0.1, Max: 0.1, Diff: 0.0, Sum: 0.2]
      [Code Root Scanning (ms): Min: 0.0, Avg: 0.0, Max: 0.1, Diff: 0.0, Sum: 0.1]
      [Object Copy (ms): Min: 41.7, Avg: 41.8, Max: 41.8, Diff: 0.0, Sum: 83.5]
      [Termination (ms): Min: 0.0, Avg: 0.0, Max: 0.0, Diff: 0.0, Sum: 0.0]
      [GC Worker Other (ms): Min: 0.0, Avg: 0.0, Max: 0.0, Diff: 0.0, Sum: 0.1]
      [GC Worker Total (ms): Min: 43.3, Avg: 43.3, Max: 43.3, Diff: 0.0, Sum: 86.7]
      [GC Worker End (ms): Min: 15848.3, Avg: 15848.3, Max: 15848.3, Diff: 0.0]
   [Code Root Fixup: 0.0 ms]
   [Code Root Migration: 0.0 ms]
   [Clear CT: 0.1 ms]
   [Other: 0.5 ms]
      [Choose CSet: 0.0 ms]
      [Ref Proc: 0.0 ms]
      [Ref Enq: 0.0 ms]
      [Free CSet: 0.3 ms]
   [Eden: 66.0M(66.0M)->0.0B(29.0M) Survivors: 2048.0K->9216.0K Heap: 165.0M(256.0M)->170.5M(256.0M)]
 [Times: user=0.09 sys=0.00, real=0.04 secs] 
2014-07-10T16:12:44.916+0200: 15.902: [GC pause (young) (initial-mark), 0.0201494 secs]
   [Parallel Time: 19.7 ms, GC Workers: 2]
      [GC Worker Start (ms): Min: 15902.1, Avg: 15902.1, Max: 15902.1, Diff: 0.0]
      [Ext Root Scanning (ms): Min: 1.0, Avg: 1.0, Max: 1.0, Diff: 0.0, Sum: 2.0]
      [Code Root Marking (ms): Min: 0.0, Avg: 0.1, Max: 0.1, Diff: 0.0, Sum: 0.1]
      [Update RS (ms): Min: 0.9, Avg: 0.9, Max: 0.9, Diff: 0.0, Sum: 1.7]
         [Processed Buffers: Min: 4, Avg: 4.5, Max: 5, Diff: 1, Sum: 9]
      [Scan RS (ms): Min: 0.0, Avg: 0.0, Max: 0.1, Diff: 0.0, Sum: 0.1]
      [Code Root Scanning (ms): Min: 0.0, Avg: 0.0, Max: 0.0, Diff: 0.0, Sum: 0.1]
      [Object Copy (ms): Min: 17.6, Avg: 17.6, Max: 17.6, Diff: 0.0, Sum: 35.3]
      [Termination (ms): Min: 0.0, Avg: 0.0, Max: 0.0, Diff: 0.0, Sum: 0.0]
      [GC Worker Other (ms): Min: 0.0, Avg: 0.0, Max: 0.0, Diff: 0.0, Sum: 0.1]
      [GC Worker Total (ms): Min: 19.6, Avg: 19.6, Max: 19.6, Diff: 0.0, Sum: 39.3]
      [GC Worker End (ms): Min: 15921.8, Avg: 15921.8, Max: 15921.8, Diff: 0.0]
   [Code Root Fixup: 0.0 ms]
   [Code Root Migration: 0.0 ms]
   [Clear CT: 0.0 ms]
   [Other: 0.4 ms]
      [Choose CSet: 0.0 ms]
      [Ref Proc: 0.1 ms]
      [Ref Enq: 0.0 ms]
      [Free CSet: 0.1 ms]
   [Eden: 29.0M(29.0M)->0.0B(19.0M) Survivors: 9216.0K->5120.0K Heap: 199.5M(256.0M)->191.0M(256.0M)]
 [Times: user=0.06 sys=0.00, real=0.02 secs] 
2014-07-10T16:12:44.936+0200: 15.922: [GC concurrent-root-region-scan-start]
2014-07-10T16:12:44.936+0200: 15.923: [GC concurrent-root-region-scan-end, 0.0000887 secs]
2014-07-10T16:12:44.936+0200: 15.923: [GC concurrent-mark-start]
2014-07-10T16:12:44.940+0200: 15.926: [GC concurrent-mark-end, 0.0035460 secs]
2014-07-10T16:12:44.940+0200: 15.926: [GC remark 2014-07-10T16:12:44.940+0200: 15.927: [GC ref-proc, 0.0000675 secs], 0.0013481 secs]
 [Times: user=0.00 sys=0.00, real=0.00 secs] 
2014-07-10T16:12:44.942+0200: 15.928: [GC cleanup 192M->93M(256M), 0.0007530 secs]
 [Times: user=0.00 sys=0.00, real=0.00 secs] 
2014-07-10T16:12:44.942+0200: 15.929: [GC concurrent-cleanup-start]
2014-07-10T16:12:44.943+0200: 15.929: [GC concurrent-cleanup-end, 0.0002060 secs]
2014-07-10T16:12:44.971+0200: 15.957: [GC pause (young), 0.0127241 secs]
   [Parallel Time: 12.4 ms, GC Workers: 2]
      [GC Worker Start (ms): Min: 15956.8, Avg: 15956.8, Max: 15956.8, Diff: 0.0]
      [Ext Root Scanning (ms): Min: 1.0, Avg: 1.0, Max: 1.0, Diff: 0.0, Sum: 2.1]
      [Update RS (ms): Min: 0.5, Avg: 0.5, Max: 0.5, Diff: 0.1, Sum: 1.0]
         [Processed Buffers: Min: 2, Avg: 3.5, Max: 5, Diff: 3, Sum: 7]
      [Scan RS (ms): Min: 0.0, Avg: 0.0, Max: 0.0, Diff: 0.0, Sum: 0.1]
      [Code Root Scanning (ms): Min: 0.0, Avg: 0.0, Max: 0.0, Diff: 0.0, Sum: 0.0]
      [Object Copy (ms): Min: 10.7, Avg: 10.8, Max: 10.8, Diff: 0.0, Sum: 21.5]
      [Termination (ms): Min: 0.0, Avg: 0.0, Max: 0.1, Diff: 0.1, Sum: 0.1]
      [GC Worker Other (ms): Min: 0.0, Avg: 0.0, Max: 0.0, Diff: 0.0, Sum: 0.0]
      [GC Worker Total (ms): Min: 12.4, Avg: 12.4, Max: 12.4, Diff: 0.0, Sum: 24.8]
      [GC Worker End (ms): Min: 15969.2, Avg: 15969.2, Max: 15969.3, Diff: 0.0]
   [Code Root Fixup: 0.0 ms]
   [Code Root Migration: 0.0 ms]
   [Clear CT: 0.0 ms]
   [Other: 0.2 ms]
      [Choose CSet: 0.0 ms]
      [Ref Proc: 0.0 ms]
      [Ref Enq: 0.0 ms]
      [Free CSet: 0.1 ms]
   [Eden: 19.0M(19.0M)->0.0B(9216.0K) Survivors: 5120.0K->3072.0K Heap: 111.0M(256.0M)->105.5M(256.0M)]
 [Times: user=0.03 sys=0.00, real=0.01 secs] 
2014-07-10T16:12:44.997+0200: 15.983: [GC pause (mixed), 0.0087668 secs]
   [Parallel Time: 8.3 ms, GC Workers: 2]
      [GC Worker Start (ms): Min: 15983.1, Avg: 15983.1, Max: 15983.1, Diff: 0.0]
      [Ext Root Scanning (ms): Min: 1.1, Avg: 1.1, Max: 1.1, Diff: 0.0, Sum: 2.1]
      [Update RS (ms): Min: 0.3, Avg: 0.3, Max: 0.3, Diff: 0.1, Sum: 0.6]
         [Processed Buffers: Min: 1, Avg: 3.0, Max: 5, Diff: 4, Sum: 6]
      [Scan RS (ms): Min: 0.1, Avg: 0.1, Max: 0.2, Diff: 0.1, Sum: 0.2]
      [Code Root Scanning (ms): Min: 0.0, Avg: 0.0, Max: 0.0, Diff: 0.0, Sum: 0.0]
      [Object Copy (ms): Min: 6.6, Avg: 6.6, Max: 6.6, Diff: 0.0, Sum: 13.3]
      [Termination (ms): Min: 0.0, Avg: 0.0, Max: 0.0, Diff: 0.0, Sum: 0.0]
      [GC Worker Other (ms): Min: 0.0, Avg: 0.0, Max: 0.0, Diff: 0.0, Sum: 0.1]
      [GC Worker Total (ms): Min: 8.2, Avg: 8.2, Max: 8.2, Diff: 0.0, Sum: 16.3]
      [GC Worker End (ms): Min: 15991.3, Avg: 15991.3, Max: 15991.3, Diff: 0.0]
   [Code Root Fixup: 0.0 ms]
   [Code Root Migration: 0.0 ms]
   [Clear CT: 0.0 ms]
   [Other: 0.4 ms]
      [Choose CSet: 0.0 ms]
      [Ref Proc: 0.1 ms]
      [Ref Enq: 0.0 ms]
      [Free CSet: 0.2 ms]
   [Eden: 9216.0K(9216.0K)->0.0B(70.0M) Survivors: 3072.0K->2048.0K Heap: 114.5M(256.0M)->97.0M(256.0M)]
 [Times: user=0.00 sys=0.00, real=0.01 secs] 
2014-07-10T16:12:45.122+0200: 16.108: [GC pause (young), 0.0468196 secs]
   [Parallel Time: 46.3 ms, GC Workers: 2]
      [GC Worker Start (ms): Min: 16107.9, Avg: 16107.9, Max: 16107.9, Diff: 0.0]
      [Ext Root Scanning (ms): Min: 1.0, Avg: 1.0, Max: 1.0, Diff: 0.0, Sum: 2.0]
      [Update RS (ms): Min: 0.4, Avg: 0.4, Max: 0.4, Diff: 0.1, Sum: 0.8]
         [Processed Buffers: Min: 1, Avg: 3.5, Max: 6, Diff: 5, Sum: 7]
      [Scan RS (ms): Min: 0.1, Avg: 0.1, Max: 0.1, Diff: 0.0, Sum: 0.2]
      [Code Root Scanning (ms): Min: 0.0, Avg: 0.0, Max: 0.0, Diff: 0.0, Sum: 0.1]
      [Object Copy (ms): Min: 44.2, Avg: 44.2, Max: 44.3, Diff: 0.0, Sum: 88.5]
      [Termination (ms): Min: 0.0, Avg: 0.3, Max: 0.6, Diff: 0.6, Sum: 0.6]
      [GC Worker Other (ms): Min: 0.0, Avg: 0.0, Max: 0.0, Diff: 0.0, Sum: 0.0]
      [GC Worker Total (ms): Min: 45.8, Avg: 46.1, Max: 46.3, Diff: 0.5, Sum: 92.1]
      [GC Worker End (ms): Min: 16153.7, Avg: 16154.0, Max: 16154.2, Diff: 0.5]
   [Code Root Fixup: 0.0 ms]
   [Code Root Migration: 0.0 ms]
   [Clear CT: 0.1 ms]
   [Other: 0.4 ms]
      [Choose CSet: 0.0 ms]
      [Ref Proc: 0.0 ms]
      [Ref Enq: 0.0 ms]
      [Free CSet: 0.1 ms]
   [Eden: 70.0M(70.0M)->0.0B(28.0M) Survivors: 2048.0K->9216.0K Heap: 167.0M(256.0M)->173.5M(256.0M)]
 [Times: user=0.09 sys=0.00, real=0.05 secs] 
2014-07-10T16:12:45.214+0200: 16.200: [GC pause (young) (initial-mark), 0.0194018 secs]
   [Parallel Time: 19.0 ms, GC Workers: 2]
      [GC Worker Start (ms): Min: 16200.0, Avg: 16200.0, Max: 16200.0, Diff: 0.0]
      [Ext Root Scanning (ms): Min: 0.9, Avg: 0.9, Max: 0.9, Diff: 0.0, Sum: 1.8]
      [Code Root Marking (ms): Min: 0.0, Avg: 0.0, Max: 0.0, Diff: 0.0, Sum: 0.1]
      [Update RS (ms): Min: 0.9, Avg: 1.0, Max: 1.0, Diff: 0.0, Sum: 1.9]
         [Processed Buffers: Min: 5, Avg: 5.5, Max: 6, Diff: 1, Sum: 11]
      [Scan RS (ms): Min: 0.1, Avg: 0.1, Max: 0.1, Diff: 0.0, Sum: 0.1]
      [Code Root Scanning (ms): Min: 0.0, Avg: 0.0, Max: 0.0, Diff: 0.0, Sum: 0.0]
      [Object Copy (ms): Min: 16.8, Avg: 16.9, Max: 16.9, Diff: 0.0, Sum: 33.7]
      [Termination (ms): Min: 0.0, Avg: 0.0, Max: 0.0, Diff: 0.0, Sum: 0.0]
      [GC Worker Other (ms): Min: 0.0, Avg: 0.0, Max: 0.0, Diff: 0.0, Sum: 0.1]
      [GC Worker Total (ms): Min: 18.9, Avg: 18.9, Max: 18.9, Diff: 0.0, Sum: 37.8]
      [GC Worker End (ms): Min: 16218.9, Avg: 16218.9, Max: 16218.9, Diff: 0.0]
   [Code Root Fixup: 0.0 ms]
   [Code Root Migration: 0.0 ms]
   [Clear CT: 0.0 ms]
   [Other: 0.3 ms]
      [Choose CSet: 0.0 ms]
      [Ref Proc: 0.1 ms]
      [Ref Enq: 0.0 ms]
      [Free CSet: 0.1 ms]
   [Eden: 28.0M(28.0M)->0.0B(17.0M) Survivors: 9216.0K->5120.0K Heap: 201.5M(256.0M)->195.0M(256.0M)]
 [Times: user=0.05 sys=0.00, real=0.02 secs] 
2014-07-10T16:12:45.233+0200: 16.220: [GC concurrent-root-region-scan-start]
2014-07-10T16:12:45.234+0200: 16.220: [GC concurrent-root-region-scan-end, 0.0001089 secs]
2014-07-10T16:12:45.234+0200: 16.220: [GC concurrent-mark-start]
2014-07-10T16:12:45.240+0200: 16.226: [GC concurrent-mark-end, 0.0032996 secs]
2014-07-10T16:12:45.240+0200: 16.226: [GC remark 2014-07-10T16:12:45.240+0200: 16.226: [GC ref-proc, 0.0000664 secs], 0.0014185 secs]
 [Times: user=0.00 sys=0.00, real=0.00 secs] 
2014-07-10T16:12:45.242+0200: 16.228: [GC cleanup 197M->88M(256M), 0.0012883 secs]
 [Times: user=0.00 sys=0.00, real=0.00 secs] 
2014-07-10T16:12:45.244+0200: 16.230: [GC concurrent-cleanup-start]
2014-07-10T16:12:45.244+0200: 16.230: [GC concurrent-cleanup-end, 0.0001899 secs]
2014-07-10T16:12:45.269+0200: 16.255: [GC pause (young), 0.0122160 secs]
   [Parallel Time: 11.7 ms, GC Workers: 2]
      [GC Worker Start (ms): Min: 16254.9, Avg: 16254.9, Max: 16254.9, Diff: 0.0]
      [Ext Root Scanning (ms): Min: 1.0, Avg: 1.0, Max: 1.1, Diff: 0.1, Sum: 2.1]
      [Update RS (ms): Min: 0.4, Avg: 0.5, Max: 0.5, Diff: 0.1, Sum: 0.9]
         [Processed Buffers: Min: 2, Avg: 3.0, Max: 4, Diff: 2, Sum: 6]
      [Scan RS (ms): Min: 0.0, Avg: 0.0, Max: 0.1, Diff: 0.0, Sum: 0.1]
      [Code Root Scanning (ms): Min: 0.0, Avg: 0.0, Max: 0.0, Diff: 0.0, Sum: 0.0]
      [Object Copy (ms): Min: 10.1, Avg: 10.1, Max: 10.1, Diff: 0.0, Sum: 20.2]
      [Termination (ms): Min: 0.0, Avg: 0.0, Max: 0.0, Diff: 0.0, Sum: 0.0]
      [GC Worker Other (ms): Min: 0.0, Avg: 0.0, Max: 0.0, Diff: 0.0, Sum: 0.1]
      [GC Worker Total (ms): Min: 11.7, Avg: 11.7, Max: 11.7, Diff: 0.0, Sum: 23.4]
      [GC Worker End (ms): Min: 16266.6, Avg: 16266.6, Max: 16266.6, Diff: 0.0]
   [Code Root Fixup: 0.1 ms]
   [Code Root Migration: 0.0 ms]
   [Clear CT: 0.1 ms]
   [Other: 0.3 ms]
      [Choose CSet: 0.0 ms]
      [Ref Proc: 0.1 ms]
      [Ref Enq: 0.0 ms]
      [Free CSet: 0.1 ms]
   [Eden: 17.0M(17.0M)->0.0B(9216.0K) Survivors: 5120.0K->3072.0K Heap: 103.0M(256.0M)->98.5M(256.0M)]
 [Times: user=0.03 sys=0.00, real=0.01 secs] 
2014-07-10T16:12:45.294+0200: 16.280: [GC pause (mixed), 0.0102164 secs]
   [Parallel Time: 9.2 ms, GC Workers: 2]
      [GC Worker Start (ms): Min: 16280.0, Avg: 16280.0, Max: 16280.0, Diff: 0.0]
      [Ext Root Scanning (ms): Min: 1.1, Avg: 1.2, Max: 1.3, Diff: 0.2, Sum: 2.4]
      [Update RS (ms): Min: 0.2, Avg: 0.3, Max: 0.4, Diff: 0.1, Sum: 0.6]
         [Processed Buffers: Min: 1, Avg: 2.0, Max: 3, Diff: 2, Sum: 4]
      [Scan RS (ms): Min: 0.1, Avg: 0.1, Max: 0.1, Diff: 0.0, Sum: 0.2]
      [Code Root Scanning (ms): Min: 0.0, Avg: 0.0, Max: 0.0, Diff: 0.0, Sum: 0.0]
      [Object Copy (ms): Min: 7.5, Avg: 7.5, Max: 7.5, Diff: 0.0, Sum: 15.0]
      [Termination (ms): Min: 0.0, Avg: 0.0, Max: 0.0, Diff: 0.0, Sum: 0.0]
      [GC Worker Other (ms): Min: 0.0, Avg: 0.0, Max: 0.0, Diff: 0.0, Sum: 0.1]
      [GC Worker Total (ms): Min: 9.2, Avg: 9.2, Max: 9.2, Diff: 0.0, Sum: 18.4]
      [GC Worker End (ms): Min: 16289.2, Avg: 16289.2, Max: 16289.2, Diff: 0.0]
   [Code Root Fixup: 0.0 ms]
   [Code Root Migration: 0.0 ms]
   [Clear CT: 0.3 ms]
   [Other: 0.7 ms]
      [Choose CSet: 0.0 ms]
      [Ref Proc: 0.2 ms]
      [Ref Enq: 0.0 ms]
      [Free CSet: 0.4 ms]
   [Eden: 9216.0K(9216.0K)->0.0B(71.0M) Survivors: 3072.0K->2048.0K Heap: 107.5M(256.0M)->97.5M(256.0M)]
 [Times: user=0.00 sys=0.00, real=0.01 secs] 
2014-07-10T16:12:45.425+0200: 16.411: [GC pause (young), 0.0471748 secs]
   [Parallel Time: 46.5 ms, GC Workers: 2]
      [GC Worker Start (ms): Min: 16411.0, Avg: 16411.0, Max: 16411.0, Diff: 0.0]
      [Ext Root Scanning (ms): Min: 1.0, Avg: 1.1, Max: 1.1, Diff: 0.1, Sum: 2.2]
      [Update RS (ms): Min: 0.4, Avg: 0.5, Max: 0.5, Diff: 0.0, Sum: 0.9]
         [Processed Buffers: Min: 1, Avg: 3.0, Max: 5, Diff: 4, Sum: 6]
      [Scan RS (ms): Min: 0.1, Avg: 0.1, Max: 0.1, Diff: 0.0, Sum: 0.2]
      [Code Root Scanning (ms): Min: 0.0, Avg: 0.1, Max: 0.1, Diff: 0.0, Sum: 0.1]
      [Object Copy (ms): Min: 44.7, Avg: 44.7, Max: 44.7, Diff: 0.0, Sum: 89.5]
      [Termination (ms): Min: 0.0, Avg: 0.0, Max: 0.0, Diff: 0.0, Sum: 0.0]
      [GC Worker Other (ms): Min: 0.0, Avg: 0.0, Max: 0.0, Diff: 0.0, Sum: 0.1]
      [GC Worker Total (ms): Min: 46.4, Avg: 46.5, Max: 46.5, Diff: 0.0, Sum: 92.9]
      [GC Worker End (ms): Min: 16457.5, Avg: 16457.5, Max: 16457.5, Diff: 0.0]
   [Code Root Fixup: 0.0 ms]
   [Code Root Migration: 0.0 ms]
   [Clear CT: 0.1 ms]
   [Other: 0.6 ms]
      [Choose CSet: 0.0 ms]
      [Ref Proc: 0.0 ms]
      [Ref Enq: 0.0 ms]
      [Free CSet: 0.3 ms]
   [Eden: 71.0M(71.0M)->0.0B(27.0M) Survivors: 2048.0K->10.0M Heap: 168.5M(256.0M)->174.0M(256.0M)]
 [Times: user=0.09 sys=0.00, real=0.05 secs] 
2014-07-10T16:12:45.517+0200: 16.503: [GC pause (young) (initial-mark), 0.0187943 secs]
   [Parallel Time: 18.1 ms, GC Workers: 2]
      [GC Worker Start (ms): Min: 16503.1, Avg: 16503.1, Max: 16503.1, Diff: 0.0]
      [Ext Root Scanning (ms): Min: 0.9, Avg: 0.9, Max: 0.9, Diff: 0.0, Sum: 1.8]
      [Code Root Marking (ms): Min: 0.0, Avg: 0.0, Max: 0.1, Diff: 0.0, Sum: 0.1]
      [Update RS (ms): Min: 0.9, Avg: 0.9, Max: 0.9, Diff: 0.0, Sum: 1.8]
         [Processed Buffers: Min: 4, Avg: 5.0, Max: 6, Diff: 2, Sum: 10]
      [Scan RS (ms): Min: 0.0, Avg: 0.0, Max: 0.1, Diff: 0.0, Sum: 0.1]
      [Code Root Scanning (ms): Min: 0.0, Avg: 0.0, Max: 0.0, Diff: 0.0, Sum: 0.0]
      [Object Copy (ms): Min: 16.0, Avg: 16.0, Max: 16.1, Diff: 0.1, Sum: 32.1]
      [Termination (ms): Min: 0.0, Avg: 0.0, Max: 0.0, Diff: 0.0, Sum: 0.0]
      [GC Worker Other (ms): Min: 0.0, Avg: 0.0, Max: 0.0, Diff: 0.0, Sum: 0.1]
      [GC Worker Total (ms): Min: 18.0, Avg: 18.0, Max: 18.0, Diff: 0.0, Sum: 36.0]
      [GC Worker End (ms): Min: 16521.1, Avg: 16521.1, Max: 16521.1, Diff: 0.0]
   [Code Root Fixup: 0.1 ms]
   [Code Root Migration: 0.0 ms]
   [Clear CT: 0.2 ms]
   [Other: 0.4 ms]
      [Choose CSet: 0.0 ms]
      [Ref Proc: 0.1 ms]
      [Ref Enq: 0.0 ms]
      [Free CSet: 0.1 ms]
   [Eden: 27.0M(27.0M)->0.0B(19.0M) Survivors: 10.0M->5120.0K Heap: 201.0M(256.0M)->191.0M(256.0M)]
 [Times: user=0.03 sys=0.00, real=0.02 secs] 
2014-07-10T16:12:45.536+0200: 16.522: [GC concurrent-root-region-scan-start]
2014-07-10T16:12:45.536+0200: 16.522: [GC concurrent-root-region-scan-end, 0.0000869 secs]
2014-07-10T16:12:45.536+0200: 16.522: [GC concurrent-mark-start]
2014-07-10T16:12:45.540+0200: 16.526: [GC concurrent-mark-end, 0.0033154 secs]
2014-07-10T16:12:45.541+0200: 16.527: [GC remark 2014-07-10T16:12:45.541+0200: 16.527: [GC ref-proc, 0.0000843 secs], 0.0010496 secs]
 [Times: user=0.03 sys=0.00, real=0.00 secs] 
2014-07-10T16:12:45.542+0200: 16.528: [GC cleanup 193M->91M(256M), 0.0008238 secs]
 [Times: user=0.00 sys=0.00, real=0.00 secs] 
2014-07-10T16:12:45.543+0200: 16.529: [GC concurrent-cleanup-start]
2014-07-10T16:12:45.543+0200: 16.529: [GC concurrent-cleanup-end, 0.0002119 secs]
2014-07-10T16:12:45.568+0200: 16.554: [GC pause (young), 0.0138093 secs]
   [Parallel Time: 13.3 ms, GC Workers: 2]
      [GC Worker Start (ms): Min: 16554.2, Avg: 16554.3, Max: 16554.3, Diff: 0.2]
      [Ext Root Scanning (ms): Min: 1.0, Avg: 1.0, Max: 1.1, Diff: 0.1, Sum: 2.1]
      [Update RS (ms): Min: 0.4, Avg: 0.4, Max: 0.4, Diff: 0.0, Sum: 0.9]
         [Processed Buffers: Min: 2, Avg: 3.0, Max: 4, Diff: 2, Sum: 6]
      [Scan RS (ms): Min: 0.0, Avg: 0.0, Max: 0.0, Diff: 0.0, Sum: 0.1]
      [Code Root Scanning (ms): Min: 0.0, Avg: 0.0, Max: 0.0, Diff: 0.0, Sum: 0.0]
      [Object Copy (ms): Min: 11.6, Avg: 11.6, Max: 11.6, Diff: 0.0, Sum: 23.2]
      [Termination (ms): Min: 0.0, Avg: 0.0, Max: 0.0, Diff: 0.0, Sum: 0.0]
      [GC Worker Other (ms): Min: 0.0, Avg: 0.0, Max: 0.0, Diff: 0.0, Sum: 0.1]
      [GC Worker Total (ms): Min: 13.1, Avg: 13.2, Max: 13.2, Diff: 0.2, Sum: 26.3]
      [GC Worker End (ms): Min: 16567.4, Avg: 16567.4, Max: 16567.4, Diff: 0.0]
   [Code Root Fixup: 0.0 ms]
   [Code Root Migration: 0.0 ms]
   [Clear CT: 0.1 ms]
   [Other: 0.5 ms]
      [Choose CSet: 0.0 ms]
      [Ref Proc: 0.1 ms]
      [Ref Enq: 0.0 ms]
      [Free CSet: 0.2 ms]
   [Eden: 19.0M(19.0M)->0.0B(9216.0K) Survivors: 5120.0K->3072.0K Heap: 108.0M(256.0M)->104.0M(256.0M)]
 [Times: user=0.03 sys=0.00, real=0.01 secs] 
2014-07-10T16:12:45.596+0200: 16.582: [GC pause (mixed), 0.0083888 secs]
   [Parallel Time: 8.0 ms, GC Workers: 2]
      [GC Worker Start (ms): Min: 16582.1, Avg: 16582.1, Max: 16582.1, Diff: 0.0]
      [Ext Root Scanning (ms): Min: 1.0, Avg: 1.1, Max: 1.2, Diff: 0.1, Sum: 2.2]
      [Update RS (ms): Min: 0.2, Avg: 0.3, Max: 0.4, Diff: 0.1, Sum: 0.6]
         [Processed Buffers: Min: 4, Avg: 4.0, Max: 4, Diff: 0, Sum: 8]
      [Scan RS (ms): Min: 0.1, Avg: 0.1, Max: 0.1, Diff: 0.0, Sum: 0.2]
      [Code Root Scanning (ms): Min: 0.0, Avg: 0.0, Max: 0.0, Diff: 0.0, Sum: 0.0]
      [Object Copy (ms): Min: 6.4, Avg: 6.4, Max: 6.4, Diff: 0.0, Sum: 12.8]
      [Termination (ms): Min: 0.0, Avg: 0.0, Max: 0.0, Diff: 0.0, Sum: 0.0]
      [GC Worker Other (ms): Min: 0.0, Avg: 0.0, Max: 0.0, Diff: 0.0, Sum: 0.0]
      [GC Worker Total (ms): Min: 8.0, Avg: 8.0, Max: 8.0, Diff: 0.0, Sum: 15.9]
      [GC Worker End (ms): Min: 16590.0, Avg: 16590.0, Max: 16590.0, Diff: 0.0]
   [Code Root Fixup: 0.0 ms]
   [Code Root Migration: 0.0 ms]
   [Clear CT: 0.1 ms]
   [Other: 0.3 ms]
      [Choose CSet: 0.0 ms]
      [Ref Proc: 0.0 ms]
      [Ref Enq: 0.0 ms]
      [Free CSet: 0.1 ms]
   [Eden: 9216.0K(9216.0K)->0.0B(72.0M) Survivors: 3072.0K->2048.0K Heap: 113.0M(256.0M)->94.5M(256.0M)]
 [Times: user=0.00 sys=0.00, real=0.01 secs] 
2014-07-10T16:12:45.735+0200: 16.721: [GC pause (young), 0.0484628 secs]
   [Parallel Time: 48.0 ms, GC Workers: 2]
      [GC Worker Start (ms): Min: 16721.1, Avg: 16721.1, Max: 16721.1, Diff: 0.0]
      [Ext Root Scanning (ms): Min: 1.1, Avg: 1.2, Max: 1.3, Diff: 0.2, Sum: 2.4]
      [Update RS (ms): Min: 0.3, Avg: 0.5, Max: 0.6, Diff: 0.2, Sum: 0.9]
         [Processed Buffers: Min: 1, Avg: 3.0, Max: 5, Diff: 4, Sum: 6]
      [Scan RS (ms): Min: 0.1, Avg: 0.1, Max: 0.1, Diff: 0.0, Sum: 0.2]
      [Code Root Scanning (ms): Min: 0.0, Avg: 0.0, Max: 0.1, Diff: 0.0, Sum: 0.1]
      [Object Copy (ms): Min: 46.1, Avg: 46.1, Max: 46.1, Diff: 0.0, Sum: 92.2]
      [Termination (ms): Min: 0.0, Avg: 0.0, Max: 0.0, Diff: 0.0, Sum: 0.0]
      [GC Worker Other (ms): Min: 0.0, Avg: 0.0, Max: 0.0, Diff: 0.0, Sum: 0.1]
      [GC Worker Total (ms): Min: 47.9, Avg: 47.9, Max: 47.9, Diff: 0.0, Sum: 95.9]
      [GC Worker End (ms): Min: 16769.0, Avg: 16769.0, Max: 16769.0, Diff: 0.0]
   [Code Root Fixup: 0.0 ms]
   [Code Root Migration: 0.0 ms]
   [Clear CT: 0.1 ms]
   [Other: 0.4 ms]
      [Choose CSet: 0.0 ms]
      [Ref Proc: 0.0 ms]
      [Ref Enq: 0.0 ms]
      [Free CSet: 0.1 ms]
   [Eden: 72.0M(72.0M)->0.0B(28.0M) Survivors: 2048.0K->10.0M Heap: 166.5M(256.0M)->173.5M(256.0M)]
 [Times: user=0.09 sys=0.00, real=0.05 secs] 
2014-07-10T16:12:45.846+0200: 16.832: [GC pause (young) (initial-mark), 0.0203694 secs]
   [Parallel Time: 19.7 ms, GC Workers: 2]
      [GC Worker Start (ms): Min: 16832.2, Avg: 16832.2, Max: 16832.2, Diff: 0.0]
      [Ext Root Scanning (ms): Min: 1.0, Avg: 1.1, Max: 1.2, Diff: 0.2, Sum: 2.2]
      [Code Root Marking (ms): Min: 0.0, Avg: 0.1, Max: 0.1, Diff: 0.1, Sum: 0.1]
      [Update RS (ms): Min: 0.9, Avg: 0.9, Max: 1.0, Diff: 0.0, Sum: 1.9]
         [Processed Buffers: Min: 4, Avg: 6.0, Max: 8, Diff: 4, Sum: 12]
      [Scan RS (ms): Min: 0.1, Avg: 0.1, Max: 0.1, Diff: 0.0, Sum: 0.1]
      [Code Root Scanning (ms): Min: 0.0, Avg: 0.0, Max: 0.0, Diff: 0.0, Sum: 0.0]
      [Object Copy (ms): Min: 17.3, Avg: 17.4, Max: 17.4, Diff: 0.1, Sum: 34.8]
      [Termination (ms): Min: 0.0, Avg: 0.0, Max: 0.0, Diff: 0.0, Sum: 0.0]
      [GC Worker Other (ms): Min: 0.0, Avg: 0.1, Max: 0.1, Diff: 0.0, Sum: 0.1]
      [GC Worker Total (ms): Min: 19.6, Avg: 19.6, Max: 19.7, Diff: 0.0, Sum: 39.3]
      [GC Worker End (ms): Min: 16851.8, Avg: 16851.8, Max: 16851.9, Diff: 0.0]
   [Code Root Fixup: 0.0 ms]
   [Code Root Migration: 0.0 ms]
   [Clear CT: 0.0 ms]
   [Other: 0.6 ms]
      [Choose CSet: 0.0 ms]
      [Ref Proc: 0.3 ms]
      [Ref Enq: 0.0 ms]
      [Free CSet: 0.2 ms]
   [Eden: 28.0M(28.0M)->0.0B(18.0M) Survivors: 10.0M->5120.0K Heap: 201.5M(256.0M)->193.0M(256.0M)]
 [Times: user=0.03 sys=0.00, real=0.02 secs] 
2014-07-10T16:12:45.867+0200: 16.853: [GC concurrent-root-region-scan-start]
2014-07-10T16:12:45.867+0200: 16.853: [GC concurrent-root-region-scan-end, 0.0001357 secs]
2014-07-10T16:12:45.867+0200: 16.853: [GC concurrent-mark-start]
2014-07-10T16:12:45.871+0200: 16.857: [GC concurrent-mark-end, 0.0044149 secs]
2014-07-10T16:12:45.871+0200: 16.857: [GC remark 2014-07-10T16:12:45.871+0200: 16.858: [GC ref-proc, 0.0000781 secs], 0.0010870 secs]
 [Times: user=0.00 sys=0.00, real=0.00 secs] 
2014-07-10T16:12:45.873+0200: 16.859: [GC cleanup 194M->84M(256M), 0.0007816 secs]
 [Times: user=0.00 sys=0.00, real=0.00 secs] 
2014-07-10T16:12:45.874+0200: 16.860: [GC concurrent-cleanup-start]
2014-07-10T16:12:45.874+0200: 16.860: [GC concurrent-cleanup-end, 0.0002277 secs]
2014-07-10T16:12:45.901+0200: 16.887: [GC pause (young), 0.0129368 secs]
   [Parallel Time: 12.6 ms, GC Workers: 2]
      [GC Worker Start (ms): Min: 16887.0, Avg: 16887.0, Max: 16887.0, Diff: 0.0]
      [Ext Root Scanning (ms): Min: 1.1, Avg: 1.2, Max: 1.4, Diff: 0.3, Sum: 2.5]
      [Update RS (ms): Min: 0.4, Avg: 0.5, Max: 0.5, Diff: 0.2, Sum: 0.9]
         [Processed Buffers: Min: 2, Avg: 3.0, Max: 4, Diff: 2, Sum: 6]
      [Scan RS (ms): Min: 0.0, Avg: 0.0, Max: 0.1, Diff: 0.1, Sum: 0.1]
      [Code Root Scanning (ms): Min: 0.0, Avg: 0.0, Max: 0.0, Diff: 0.0, Sum: 0.0]
      [Object Copy (ms): Min: 10.7, Avg: 10.7, Max: 10.8, Diff: 0.0, Sum: 21.5]
      [Termination (ms): Min: 0.0, Avg: 0.0, Max: 0.0, Diff: 0.0, Sum: 0.0]
      [GC Worker Other (ms): Min: 0.0, Avg: 0.0, Max: 0.0, Diff: 0.0, Sum: 0.0]
      [GC Worker Total (ms): Min: 12.5, Avg: 12.5, Max: 12.5, Diff: 0.0, Sum: 25.0]
      [GC Worker End (ms): Min: 16899.5, Avg: 16899.5, Max: 16899.5, Diff: 0.0]
   [Code Root Fixup: 0.0 ms]
   [Code Root Migration: 0.0 ms]
   [Clear CT: 0.0 ms]
   [Other: 0.3 ms]
      [Choose CSet: 0.0 ms]
      [Ref Proc: 0.1 ms]
      [Ref Enq: 0.0 ms]
      [Free CSet: 0.1 ms]
   [Eden: 18.0M(18.0M)->0.0B(9216.0K) Survivors: 5120.0K->3072.0K Heap: 101.0M(256.0M)->96.5M(256.0M)]
 [Times: user=0.00 sys=0.00, real=0.01 secs] 
2014-07-10T16:12:45.934+0200: 16.920: [GC pause (mixed), 0.0178301 secs]
   [Parallel Time: 17.5 ms, GC Workers: 2]
      [GC Worker Start (ms): Min: 16920.1, Avg: 16923.4, Max: 16926.7, Diff: 6.6]
      [Ext Root Scanning (ms): Min: 0.0, Avg: 0.8, Max: 1.7, Diff: 1.7, Sum: 1.7]
      [Update RS (ms): Min: 0.0, Avg: 0.3, Max: 0.5, Diff: 0.5, Sum: 0.5]
         [Processed Buffers: Min: 0, Avg: 4.0, Max: 8, Diff: 8, Sum: 8]
      [Scan RS (ms): Min: 0.0, Avg: 0.1, Max: 0.1, Diff: 0.1, Sum: 0.1]
      [Code Root Scanning (ms): Min: 0.0, Avg: 0.0, Max: 0.0, Diff: 0.0, Sum: 0.0]
      [Object Copy (ms): Min: 2.9, Avg: 6.2, Max: 9.4, Diff: 6.5, Sum: 12.3]
      [Termination (ms): Min: 0.0, Avg: 3.9, Max: 7.9, Diff: 7.9, Sum: 7.9]
      [GC Worker Other (ms): Min: 0.0, Avg: 0.0, Max: 0.0, Diff: 0.0, Sum: 0.1]
      [GC Worker Total (ms): Min: 10.8, Avg: 11.3, Max: 11.8, Diff: 1.0, Sum: 22.6]
      [GC Worker End (ms): Min: 16931.9, Avg: 16934.7, Max: 16937.6, Diff: 5.7]
   [Code Root Fixup: 0.0 ms]
   [Code Root Migration: 0.0 ms]
   [Clear CT: 0.1 ms]
   [Other: 0.2 ms]
      [Choose CSet: 0.0 ms]
      [Ref Proc: 0.0 ms]
      [Ref Enq: 0.0 ms]
      [Free CSet: 0.1 ms]
   [Eden: 9216.0K(9216.0K)->0.0B(66.0M) Survivors: 3072.0K->2048.0K Heap: 105.5M(256.0M)->98.0M(256.0M)]
 [Times: user=0.00 sys=0.00, real=0.02 secs] 
2014-07-10T16:12:46.087+0200: 17.073: [GC pause (young), 0.0459664 secs]
   [Parallel Time: 44.8 ms, GC Workers: 2]
      [GC Worker Start (ms): Min: 17073.1, Avg: 17073.2, Max: 17073.2, Diff: 0.0]
      [Ext Root Scanning (ms): Min: 1.0, Avg: 1.1, Max: 1.1, Diff: 0.1, Sum: 2.1]
      [Update RS (ms): Min: 0.3, Avg: 0.3, Max: 0.4, Diff: 0.1, Sum: 0.7]
         [Processed Buffers: Min: 1, Avg: 3.0, Max: 5, Diff: 4, Sum: 6]
      [Scan RS (ms): Min: 0.1, Avg: 0.1, Max: 0.1, Diff: 0.0, Sum: 0.2]
      [Code Root Scanning (ms): Min: 0.0, Avg: 0.1, Max: 0.1, Diff: 0.0, Sum: 0.1]
      [Object Copy (ms): Min: 41.2, Avg: 41.2, Max: 41.3, Diff: 0.1, Sum: 82.5]
      [Termination (ms): Min: 0.0, Avg: 1.0, Max: 1.9, Diff: 1.9, Sum: 1.9]
      [GC Worker Other (ms): Min: 0.0, Avg: 0.0, Max: 0.0, Diff: 0.0, Sum: 0.0]
      [GC Worker Total (ms): Min: 42.9, Avg: 43.8, Max: 44.7, Diff: 1.9, Sum: 87.6]
      [GC Worker End (ms): Min: 17116.0, Avg: 17116.9, Max: 17117.9, Diff: 1.9]
   [Code Root Fixup: 0.0 ms]
   [Code Root Migration: 0.0 ms]
   [Clear CT: 0.0 ms]
   [Other: 1.1 ms]
      [Choose CSet: 0.0 ms]
      [Ref Proc: 0.9 ms]
      [Ref Enq: 0.0 ms]
      [Free CSet: 0.1 ms]
   [Eden: 66.0M(66.0M)->0.0B(33.0M) Survivors: 2048.0K->9216.0K Heap: 164.0M(256.0M)->162.5M(256.0M)]
 [Times: user=0.09 sys=0.00, real=0.05 secs] 
2014-07-10T16:12:46.187+0200: 17.173: [GC pause (young) (initial-mark), 0.0225042 secs]
   [Parallel Time: 22.1 ms, GC Workers: 2]
      [GC Worker Start (ms): Min: 17173.0, Avg: 17173.0, Max: 17173.0, Diff: 0.0]
      [Ext Root Scanning (ms): Min: 1.0, Avg: 1.0, Max: 1.0, Diff: 0.0, Sum: 2.1]
      [Code Root Marking (ms): Min: 0.1, Avg: 0.1, Max: 0.1, Diff: 0.0, Sum: 0.1]
      [Update RS (ms): Min: 0.8, Avg: 0.8, Max: 0.9, Diff: 0.0, Sum: 1.7]
         [Processed Buffers: Min: 4, Avg: 4.5, Max: 5, Diff: 1, Sum: 9]
      [Scan RS (ms): Min: 0.0, Avg: 0.1, Max: 0.1, Diff: 0.0, Sum: 0.1]
      [Code Root Scanning (ms): Min: 0.0, Avg: 0.0, Max: 0.0, Diff: 0.0, Sum: 0.1]
      [Object Copy (ms): Min: 20.0, Avg: 20.0, Max: 20.0, Diff: 0.0, Sum: 40.0]
      [Termination (ms): Min: 0.0, Avg: 0.0, Max: 0.0, Diff: 0.0, Sum: 0.0]
      [GC Worker Other (ms): Min: 0.0, Avg: 0.0, Max: 0.0, Diff: 0.0, Sum: 0.1]
      [GC Worker Total (ms): Min: 22.1, Avg: 22.1, Max: 22.1, Diff: 0.0, Sum: 44.1]
      [GC Worker End (ms): Min: 17195.1, Avg: 17195.1, Max: 17195.1, Diff: 0.0]
   [Code Root Fixup: 0.0 ms]
   [Code Root Migration: 0.0 ms]
   [Clear CT: 0.0 ms]
   [Other: 0.3 ms]
      [Choose CSet: 0.0 ms]
      [Ref Proc: 0.1 ms]
      [Ref Enq: 0.0 ms]
      [Free CSet: 0.1 ms]
   [Eden: 33.0M(33.0M)->0.0B(20.0M) Survivors: 9216.0K->6144.0K Heap: 195.5M(256.0M)->188.0M(256.0M)]
 [Times: user=0.03 sys=0.00, real=0.02 secs] 
2014-07-10T16:12:46.210+0200: 17.196: [GC concurrent-root-region-scan-start]
2014-07-10T16:12:46.210+0200: 17.196: [GC concurrent-root-region-scan-end, 0.0001239 secs]
2014-07-10T16:12:46.210+0200: 17.196: [GC concurrent-mark-start]
2014-07-10T16:12:46.214+0200: 17.200: [GC concurrent-mark-end, 0.0044747 secs]
2014-07-10T16:12:46.215+0200: 17.201: [GC remark 2014-07-10T16:12:46.215+0200: 17.201: [GC ref-proc, 0.0000649 secs], 0.0010731 secs]
 [Times: user=0.00 sys=0.00, real=0.00 secs] 
2014-07-10T16:12:46.218+0200: 17.204: [GC cleanup 192M->90M(256M), 0.0008095 secs]
 [Times: user=0.00 sys=0.00, real=0.00 secs] 
2014-07-10T16:12:46.219+0200: 17.205: [GC concurrent-cleanup-start]
2014-07-10T16:12:46.219+0200: 17.205: [GC concurrent-cleanup-end, 0.0001540 secs]
2014-07-10T16:12:46.246+0200: 17.232: [GC pause (young), 0.0142837 secs]
   [Parallel Time: 14.0 ms, GC Workers: 2]
      [GC Worker Start (ms): Min: 17232.2, Avg: 17232.2, Max: 17232.2, Diff: 0.0]
      [Ext Root Scanning (ms): Min: 1.5, Avg: 1.6, Max: 1.7, Diff: 0.2, Sum: 3.2]
      [Update RS (ms): Min: 0.4, Avg: 0.5, Max: 0.5, Diff: 0.1, Sum: 1.0]
         [Processed Buffers: Min: 2, Avg: 4.0, Max: 6, Diff: 4, Sum: 8]
      [Scan RS (ms): Min: 0.0, Avg: 0.0, Max: 0.1, Diff: 0.1, Sum: 0.1]
      [Code Root Scanning (ms): Min: 0.0, Avg: 0.0, Max: 0.0, Diff: 0.0, Sum: 0.0]
      [Object Copy (ms): Min: 11.8, Avg: 11.8, Max: 11.8, Diff: 0.0, Sum: 23.6]
      [Termination (ms): Min: 0.0, Avg: 0.0, Max: 0.0, Diff: 0.0, Sum: 0.0]
      [GC Worker Other (ms): Min: 0.0, Avg: 0.0, Max: 0.0, Diff: 0.0, Sum: 0.1]
      [GC Worker Total (ms): Min: 14.0, Avg: 14.0, Max: 14.0, Diff: 0.0, Sum: 27.9]
      [GC Worker End (ms): Min: 17246.2, Avg: 17246.2, Max: 17246.2, Diff: 0.0]
   [Code Root Fixup: 0.0 ms]
   [Code Root Migration: 0.0 ms]
   [Clear CT: 0.0 ms]
   [Other: 0.3 ms]
      [Choose CSet: 0.0 ms]
      [Ref Proc: 0.0 ms]
      [Ref Enq: 0.0 ms]
      [Free CSet: 0.1 ms]
   [Eden: 20.0M(20.0M)->0.0B(8192.0K) Survivors: 6144.0K->4096.0K Heap: 106.0M(256.0M)->101.0M(256.0M)]
 [Times: user=0.03 sys=0.00, real=0.01 secs] 
2014-07-10T16:12:46.273+0200: 17.259: [GC pause (mixed), 0.0083550 secs]
   [Parallel Time: 8.0 ms, GC Workers: 2]
      [GC Worker Start (ms): Min: 17259.1, Avg: 17259.1, Max: 17259.1, Diff: 0.0]
      [Ext Root Scanning (ms): Min: 1.1, Avg: 1.1, Max: 1.1, Diff: 0.0, Sum: 2.2]
      [Update RS (ms): Min: 0.3, Avg: 0.3, Max: 0.3, Diff: 0.1, Sum: 0.6]
         [Processed Buffers: Min: 1, Avg: 3.0, Max: 5, Diff: 4, Sum: 6]
      [Scan RS (ms): Min: 0.1, Avg: 0.1, Max: 0.1, Diff: 0.0, Sum: 0.1]
      [Code Root Scanning (ms): Min: 0.0, Avg: 0.0, Max: 0.0, Diff: 0.0, Sum: 0.0]
      [Object Copy (ms): Min: 6.4, Avg: 6.4, Max: 6.4, Diff: 0.0, Sum: 12.7]
      [Termination (ms): Min: 0.0, Avg: 0.0, Max: 0.0, Diff: 0.0, Sum: 0.0]
      [GC Worker Other (ms): Min: 0.0, Avg: 0.0, Max: 0.0, Diff: 0.0, Sum: 0.1]
      [GC Worker Total (ms): Min: 7.9, Avg: 7.9, Max: 7.9, Diff: 0.0, Sum: 15.8]
      [GC Worker End (ms): Min: 17267.0, Avg: 17267.0, Max: 17267.0, Diff: 0.0]
   [Code Root Fixup: 0.0 ms]
   [Code Root Migration: 0.0 ms]
   [Clear CT: 0.1 ms]
   [Other: 0.3 ms]
      [Choose CSet: 0.0 ms]
      [Ref Proc: 0.1 ms]
      [Ref Enq: 0.0 ms]
      [Free CSet: 0.1 ms]
   [Eden: 8192.0K(8192.0K)->0.0B(66.0M) Survivors: 4096.0K->2048.0K Heap: 109.0M(256.0M)->98.5M(256.0M)]
 [Times: user=0.03 sys=0.00, real=0.01 secs] 
2014-07-10T16:12:46.390+0200: 17.376: [GC pause (young), 0.0446293 secs]
   [Parallel Time: 44.1 ms, GC Workers: 2]
      [GC Worker Start (ms): Min: 17376.3, Avg: 17376.3, Max: 17376.3, Diff: 0.0]
      [Ext Root Scanning (ms): Min: 1.1, Avg: 1.1, Max: 1.2, Diff: 0.1, Sum: 2.3]
      [Update RS (ms): Min: 0.3, Avg: 0.4, Max: 0.4, Diff: 0.1, Sum: 0.7]
         [Processed Buffers: Min: 2, Avg: 3.0, Max: 4, Diff: 2, Sum: 6]
      [Scan RS (ms): Min: 0.1, Avg: 0.1, Max: 0.1, Diff: 0.0, Sum: 0.2]
      [Code Root Scanning (ms): Min: 0.0, Avg: 0.0, Max: 0.0, Diff: 0.0, Sum: 0.1]
      [Object Copy (ms): Min: 42.4, Avg: 42.4, Max: 42.4, Diff: 0.0, Sum: 84.7]
      [Termination (ms): Min: 0.0, Avg: 0.0, Max: 0.0, Diff: 0.0, Sum: 0.0]
      [GC Worker Other (ms): Min: 0.0, Avg: 0.0, Max: 0.0, Diff: 0.0, Sum: 0.1]
      [GC Worker Total (ms): Min: 44.0, Avg: 44.0, Max: 44.0, Diff: 0.0, Sum: 88.1]
      [GC Worker End (ms): Min: 17420.4, Avg: 17420.4, Max: 17420.4, Diff: 0.0]
   [Code Root Fixup: 0.0 ms]
   [Code Root Migration: 0.0 ms]
   [Clear CT: 0.1 ms]
   [Other: 0.4 ms]
      [Choose CSet: 0.0 ms]
      [Ref Proc: 0.1 ms]
      [Ref Enq: 0.0 ms]
      [Free CSet: 0.2 ms]
   [Eden: 66.0M(66.0M)->0.0B(27.0M) Survivors: 2048.0K->9216.0K Heap: 164.5M(256.0M)->174.0M(256.0M)]
 [Times: user=0.09 sys=0.00, real=0.04 secs] 
2014-07-10T16:12:46.498+0200: 17.484: [GC pause (young) (initial-mark), 0.0181894 secs]
   [Parallel Time: 17.7 ms, GC Workers: 2]
      [GC Worker Start (ms): Min: 17484.1, Avg: 17484.1, Max: 17484.1, Diff: 0.0]
      [Ext Root Scanning (ms): Min: 1.0, Avg: 1.0, Max: 1.1, Diff: 0.1, Sum: 2.1]
      [Code Root Marking (ms): Min: 0.0, Avg: 0.1, Max: 0.1, Diff: 0.0, Sum: 0.1]
      [Update RS (ms): Min: 0.8, Avg: 0.9, Max: 0.9, Diff: 0.1, Sum: 1.7]
         [Processed Buffers: Min: 4, Avg: 5.5, Max: 7, Diff: 3, Sum: 11]
      [Scan RS (ms): Min: 0.0, Avg: 0.0, Max: 0.1, Diff: 0.0, Sum: 0.1]
      [Code Root Scanning (ms): Min: 0.0, Avg: 0.0, Max: 0.0, Diff: 0.0, Sum: 0.0]
      [Object Copy (ms): Min: 15.5, Avg: 15.6, Max: 15.6, Diff: 0.0, Sum: 31.1]
      [Termination (ms): Min: 0.0, Avg: 0.0, Max: 0.0, Diff: 0.0, Sum: 0.0]
      [GC Worker Other (ms): Min: 0.0, Avg: 0.1, Max: 0.1, Diff: 0.0, Sum: 0.1]
      [GC Worker Total (ms): Min: 17.6, Avg: 17.6, Max: 17.7, Diff: 0.0, Sum: 35.3]
      [GC Worker End (ms): Min: 17501.7, Avg: 17501.8, Max: 17501.8, Diff: 0.0]
   [Code Root Fixup: 0.0 ms]
   [Code Root Migration: 0.0 ms]
   [Clear CT: 0.0 ms]
   [Other: 0.4 ms]
      [Choose CSet: 0.0 ms]
      [Ref Proc: 0.1 ms]
      [Ref Enq: 0.0 ms]
      [Free CSet: 0.1 ms]
   [Eden: 27.0M(27.0M)->0.0B(18.0M) Survivors: 9216.0K->5120.0K Heap: 201.0M(256.0M)->193.0M(256.0M)]
 [Times: user=0.03 sys=0.00, real=0.02 secs] 
2014-07-10T16:12:46.516+0200: 17.503: [GC concurrent-root-region-scan-start]
2014-07-10T16:12:46.516+0200: 17.503: [GC concurrent-root-region-scan-end, 0.0000862 secs]
2014-07-10T16:12:46.516+0200: 17.503: [GC concurrent-mark-start]
2014-07-10T16:12:46.520+0200: 17.506: [GC concurrent-mark-end, 0.0033781 secs]
2014-07-10T16:12:46.520+0200: 17.506: [GC remark 2014-07-10T16:12:46.520+0200: 17.507: [GC ref-proc, 0.0000649 secs], 0.0010515 secs]
 [Times: user=0.00 sys=0.00, real=0.00 secs] 
2014-07-10T16:12:46.521+0200: 17.508: [GC cleanup 195M->83M(256M), 0.0007758 secs]
 [Times: user=0.00 sys=0.00, real=0.00 secs] 
2014-07-10T16:12:46.522+0200: 17.508: [GC concurrent-cleanup-start]
2014-07-10T16:12:46.522+0200: 17.509: [GC concurrent-cleanup-end, 0.0002244 secs]
2014-07-10T16:12:46.547+0200: 17.534: [GC pause (young), 0.0124737 secs]
   [Parallel Time: 11.9 ms, GC Workers: 2]
      [GC Worker Start (ms): Min: 17533.8, Avg: 17533.8, Max: 17533.8, Diff: 0.0]
      [Ext Root Scanning (ms): Min: 0.9, Avg: 0.9, Max: 0.9, Diff: 0.0, Sum: 1.8]
      [Update RS (ms): Min: 0.4, Avg: 0.5, Max: 0.5, Diff: 0.1, Sum: 0.9]
         [Processed Buffers: Min: 2, Avg: 3.0, Max: 4, Diff: 2, Sum: 6]
      [Scan RS (ms): Min: 0.0, Avg: 0.0, Max: 0.1, Diff: 0.1, Sum: 0.1]
      [Code Root Scanning (ms): Min: 0.0, Avg: 0.0, Max: 0.0, Diff: 0.0, Sum: 0.0]
      [Object Copy (ms): Min: 10.4, Avg: 10.4, Max: 10.4, Diff: 0.0, Sum: 20.8]
      [Termination (ms): Min: 0.0, Avg: 0.0, Max: 0.0, Diff: 0.0, Sum: 0.0]
      [GC Worker Other (ms): Min: 0.0, Avg: 0.0, Max: 0.0, Diff: 0.0, Sum: 0.1]
      [GC Worker Total (ms): Min: 11.9, Avg: 11.9, Max: 11.9, Diff: 0.0, Sum: 23.7]
      [GC Worker End (ms): Min: 17545.6, Avg: 17545.6, Max: 17545.6, Diff: 0.0]
   [Code Root Fixup: 0.0 ms]
   [Code Root Migration: 0.0 ms]
   [Clear CT: 0.0 ms]
   [Other: 0.5 ms]
      [Choose CSet: 0.0 ms]
      [Ref Proc: 0.3 ms]
      [Ref Enq: 0.0 ms]
      [Free CSet: 0.1 ms]
   [Eden: 18.0M(18.0M)->0.0B(9216.0K) Survivors: 5120.0K->3072.0K Heap: 99.0M(256.0M)->95.0M(256.0M)]
 [Times: user=0.03 sys=0.00, real=0.01 secs] 
2014-07-10T16:12:46.574+0200: 17.560: [GC pause (mixed), 0.0088672 secs]
   [Parallel Time: 8.5 ms, GC Workers: 2]
      [GC Worker Start (ms): Min: 17560.1, Avg: 17560.1, Max: 17560.1, Diff: 0.0]
      [Ext Root Scanning (ms): Min: 0.9, Avg: 0.9, Max: 0.9, Diff: 0.0, Sum: 1.8]
      [Update RS (ms): Min: 0.3, Avg: 0.3, Max: 0.3, Diff: 0.0, Sum: 0.6]
         [Processed Buffers: Min: 1, Avg: 2.5, Max: 4, Diff: 3, Sum: 5]
      [Scan RS (ms): Min: 0.1, Avg: 0.1, Max: 0.1, Diff: 0.0, Sum: 0.2]
      [Code Root Scanning (ms): Min: 0.0, Avg: 0.0, Max: 0.0, Diff: 0.0, Sum: 0.0]
      [Object Copy (ms): Min: 7.1, Avg: 7.1, Max: 7.1, Diff: 0.0, Sum: 14.2]
      [Termination (ms): Min: 0.0, Avg: 0.0, Max: 0.0, Diff: 0.0, Sum: 0.0]
      [GC Worker Other (ms): Min: 0.0, Avg: 0.0, Max: 0.0, Diff: 0.0, Sum: 0.0]
      [GC Worker Total (ms): Min: 8.4, Avg: 8.4, Max: 8.4, Diff: 0.0, Sum: 16.9]
      [GC Worker End (ms): Min: 17568.5, Avg: 17568.5, Max: 17568.5, Diff: 0.0]
   [Code Root Fixup: 0.0 ms]
   [Code Root Migration: 0.0 ms]
   [Clear CT: 0.1 ms]
   [Other: 0.3 ms]
      [Choose CSet: 0.0 ms]
      [Ref Proc: 0.0 ms]
      [Ref Enq: 0.0 ms]
      [Free CSet: 0.2 ms]
   [Eden: 9216.0K(9216.0K)->0.0B(69.0M) Survivors: 3072.0K->2048.0K Heap: 104.0M(256.0M)->95.5M(256.0M)]
 [Times: user=0.00 sys=0.00, real=0.01 secs] 
2014-07-10T16:12:46.700+0200: 17.686: [GC pause (young), 0.0499560 secs]
   [Parallel Time: 49.4 ms, GC Workers: 2]
      [GC Worker Start (ms): Min: 17686.1, Avg: 17686.1, Max: 17686.1, Diff: 0.0]
      [Ext Root Scanning (ms): Min: 1.0, Avg: 1.1, Max: 1.1, Diff: 0.1, Sum: 2.1]
      [Update RS (ms): Min: 0.4, Avg: 0.4, Max: 0.5, Diff: 0.1, Sum: 0.9]
         [Processed Buffers: Min: 1, Avg: 2.5, Max: 4, Diff: 3, Sum: 5]
      [Scan RS (ms): Min: 0.1, Avg: 0.1, Max: 0.1, Diff: 0.0, Sum: 0.2]
      [Code Root Scanning (ms): Min: 0.1, Avg: 0.1, Max: 0.1, Diff: 0.0, Sum: 0.1]
      [Object Copy (ms): Min: 44.3, Avg: 45.7, Max: 47.1, Diff: 2.8, Sum: 91.4]
      [Termination (ms): Min: 0.0, Avg: 1.7, Max: 3.4, Diff: 3.4, Sum: 3.4]
      [GC Worker Other (ms): Min: 0.0, Avg: 0.0, Max: 0.0, Diff: 0.0, Sum: 0.0]
      [GC Worker Total (ms): Min: 48.8, Avg: 49.1, Max: 49.4, Diff: 0.6, Sum: 98.2]
      [GC Worker End (ms): Min: 17734.9, Avg: 17735.2, Max: 17735.4, Diff: 0.6]
   [Code Root Fixup: 0.0 ms]
   [Code Root Migration: 0.0 ms]
   [Clear CT: 0.0 ms]
   [Other: 0.5 ms]
      [Choose CSet: 0.0 ms]
      [Ref Proc: 0.1 ms]
      [Ref Enq: 0.0 ms]
      [Free CSet: 0.1 ms]
   [Eden: 69.0M(69.0M)->0.0B(30.0M) Survivors: 2048.0K->9216.0K Heap: 164.5M(256.0M)->169.5M(256.0M)]
 [Times: user=0.09 sys=0.00, real=0.05 secs] 
2014-07-10T16:12:46.814+0200: 17.800: [GC pause (young) (initial-mark), 0.0206473 secs]
   [Parallel Time: 20.2 ms, GC Workers: 2]
      [GC Worker Start (ms): Min: 17800.0, Avg: 17800.0, Max: 17800.0, Diff: 0.0]
      [Ext Root Scanning (ms): Min: 0.9, Avg: 0.9, Max: 0.9, Diff: 0.0, Sum: 1.7]
      [Code Root Marking (ms): Min: 0.0, Avg: 0.0, Max: 0.0, Diff: 0.0, Sum: 0.1]
      [Update RS (ms): Min: 0.9, Avg: 0.9, Max: 0.9, Diff: 0.0, Sum: 1.7]
         [Processed Buffers: Min: 4, Avg: 4.5, Max: 5, Diff: 1, Sum: 9]
      [Scan RS (ms): Min: 0.0, Avg: 0.0, Max: 0.1, Diff: 0.0, Sum: 0.1]
      [Code Root Scanning (ms): Min: 0.0, Avg: 0.0, Max: 0.0, Diff: 0.0, Sum: 0.1]
      [Object Copy (ms): Min: 18.3, Avg: 18.3, Max: 18.3, Diff: 0.0, Sum: 36.6]
      [Termination (ms): Min: 0.0, Avg: 0.0, Max: 0.0, Diff: 0.0, Sum: 0.0]
      [GC Worker Other (ms): Min: 0.0, Avg: 0.0, Max: 0.0, Diff: 0.0, Sum: 0.1]
      [GC Worker Total (ms): Min: 20.2, Avg: 20.2, Max: 20.2, Diff: 0.0, Sum: 40.4]
      [GC Worker End (ms): Min: 17820.2, Avg: 17820.2, Max: 17820.2, Diff: 0.0]
   [Code Root Fixup: 0.0 ms]
   [Code Root Migration: 0.0 ms]
   [Clear CT: 0.1 ms]
   [Other: 0.3 ms]
      [Choose CSet: 0.0 ms]
      [Ref Proc: 0.0 ms]
      [Ref Enq: 0.0 ms]
      [Free CSet: 0.1 ms]
   [Eden: 30.0M(30.0M)->0.0B(18.0M) Survivors: 9216.0K->5120.0K Heap: 199.5M(256.0M)->192.0M(256.0M)]
 [Times: user=0.03 sys=0.00, real=0.02 secs] 
2014-07-10T16:12:46.835+0200: 17.821: [GC concurrent-root-region-scan-start]
2014-07-10T16:12:46.835+0200: 17.821: [GC concurrent-root-region-scan-end, 0.0000902 secs]
2014-07-10T16:12:46.835+0200: 17.821: [GC concurrent-mark-start]
2014-07-10T16:12:46.839+0200: 17.826: [GC concurrent-mark-end, 0.0042492 secs]
2014-07-10T16:12:46.840+0200: 17.826: [GC remark 2014-07-10T16:12:46.840+0200: 17.827: [GC ref-proc, 0.0000682 secs], 0.0011288 secs]
 [Times: user=0.00 sys=0.00, real=0.00 secs] 
2014-07-10T16:12:46.842+0200: 17.828: [GC cleanup 195M->94M(256M), 0.0013162 secs]
 [Times: user=0.00 sys=0.00, real=0.00 secs] 
2014-07-10T16:12:46.843+0200: 17.829: [GC concurrent-cleanup-start]
2014-07-10T16:12:46.843+0200: 17.829: [GC concurrent-cleanup-end, 0.0001829 secs]
2014-07-10T16:12:46.866+0200: 17.852: [GC pause (young), 0.0121045 secs]
   [Parallel Time: 11.8 ms, GC Workers: 2]
      [GC Worker Start (ms): Min: 17852.1, Avg: 17852.1, Max: 17852.2, Diff: 0.0]
      [Ext Root Scanning (ms): Min: 0.9, Avg: 1.0, Max: 1.0, Diff: 0.1, Sum: 1.9]
      [Update RS (ms): Min: 0.5, Avg: 0.5, Max: 0.5, Diff: 0.0, Sum: 0.9]
         [Processed Buffers: Min: 2, Avg: 2.5, Max: 3, Diff: 1, Sum: 5]
      [Scan RS (ms): Min: 0.0, Avg: 0.0, Max: 0.1, Diff: 0.0, Sum: 0.1]
      [Code Root Scanning (ms): Min: 0.0, Avg: 0.0, Max: 0.0, Diff: 0.0, Sum: 0.0]
      [Object Copy (ms): Min: 10.3, Avg: 10.3, Max: 10.3, Diff: 0.0, Sum: 20.6]
      [Termination (ms): Min: 0.0, Avg: 0.0, Max: 0.0, Diff: 0.0, Sum: 0.0]
      [GC Worker Other (ms): Min: 0.0, Avg: 0.0, Max: 0.0, Diff: 0.0, Sum: 0.0]
      [GC Worker Total (ms): Min: 11.8, Avg: 11.8, Max: 11.8, Diff: 0.0, Sum: 23.6]
      [GC Worker End (ms): Min: 17864.0, Avg: 17864.0, Max: 17864.0, Diff: 0.0]
   [Code Root Fixup: 0.0 ms]
   [Code Root Migration: 0.0 ms]
   [Clear CT: 0.0 ms]
   [Other: 0.2 ms]
      [Choose CSet: 0.0 ms]
      [Ref Proc: 0.1 ms]
      [Ref Enq: 0.0 ms]
      [Free CSet: 0.1 ms]
   [Eden: 18.0M(18.0M)->0.0B(9216.0K) Survivors: 5120.0K->3072.0K Heap: 109.0M(256.0M)->104.0M(256.0M)]
 [Times: user=0.03 sys=0.00, real=0.01 secs] 
2014-07-10T16:12:46.892+0200: 17.878: [GC pause (mixed), 0.0099506 secs]
   [Parallel Time: 9.5 ms, GC Workers: 2]
      [GC Worker Start (ms): Min: 17878.0, Avg: 17878.1, Max: 17878.1, Diff: 0.1]
      [Ext Root Scanning (ms): Min: 1.0, Avg: 1.1, Max: 1.1, Diff: 0.1, Sum: 2.1]
      [Update RS (ms): Min: 0.3, Avg: 0.3, Max: 0.3, Diff: 0.1, Sum: 0.6]
         [Processed Buffers: Min: 2, Avg: 2.5, Max: 3, Diff: 1, Sum: 5]
      [Scan RS (ms): Min: 0.1, Avg: 0.1, Max: 0.1, Diff: 0.0, Sum: 0.2]
      [Code Root Scanning (ms): Min: 0.0, Avg: 0.0, Max: 0.0, Diff: 0.0, Sum: 0.1]
      [Object Copy (ms): Min: 7.9, Avg: 7.9, Max: 7.9, Diff: 0.0, Sum: 15.9]
      [Termination (ms): Min: 0.0, Avg: 0.0, Max: 0.0, Diff: 0.0, Sum: 0.0]
      [GC Worker Other (ms): Min: 0.0, Avg: 0.0, Max: 0.0, Diff: 0.0, Sum: 0.1]
      [GC Worker Total (ms): Min: 9.4, Avg: 9.4, Max: 9.5, Diff: 0.1, Sum: 18.9]
      [GC Worker End (ms): Min: 17887.5, Avg: 17887.5, Max: 17887.5, Diff: 0.0]
   [Code Root Fixup: 0.0 ms]
   [Code Root Migration: 0.0 ms]
   [Clear CT: 0.1 ms]
   [Other: 0.4 ms]
      [Choose CSet: 0.0 ms]
      [Ref Proc: 0.1 ms]
      [Ref Enq: 0.0 ms]
      [Free CSet: 0.1 ms]
   [Eden: 9216.0K(9216.0K)->0.0B(68.0M) Survivors: 3072.0K->2048.0K Heap: 113.0M(256.0M)->100.5M(256.0M)]
 [Times: user=0.03 sys=0.00, real=0.01 secs] 
2014-07-10T16:12:47.080+0200: 18.066: [GC pause (young), 0.0453927 secs]
   [Parallel Time: 44.9 ms, GC Workers: 2]
      [GC Worker Start (ms): Min: 18066.2, Avg: 18066.2, Max: 18066.2, Diff: 0.0]
      [Ext Root Scanning (ms): Min: 1.1, Avg: 1.2, Max: 1.2, Diff: 0.1, Sum: 2.4]
      [Update RS (ms): Min: 0.4, Avg: 0.4, Max: 0.4, Diff: 0.0, Sum: 0.8]
         [Processed Buffers: Min: 2, Avg: 3.0, Max: 4, Diff: 2, Sum: 6]
      [Scan RS (ms): Min: 0.1, Avg: 0.1, Max: 0.1, Diff: 0.0, Sum: 0.2]
      [Code Root Scanning (ms): Min: 0.0, Avg: 0.0, Max: 0.1, Diff: 0.0, Sum: 0.1]
      [Object Copy (ms): Min: 43.1, Avg: 43.1, Max: 43.1, Diff: 0.0, Sum: 86.2]
      [Termination (ms): Min: 0.0, Avg: 0.0, Max: 0.0, Diff: 0.0, Sum: 0.0]
      [GC Worker Other (ms): Min: 0.0, Avg: 0.0, Max: 0.0, Diff: 0.0, Sum: 0.1]
      [GC Worker Total (ms): Min: 44.9, Avg: 44.9, Max: 44.9, Diff: 0.0, Sum: 89.7]
      [GC Worker End (ms): Min: 18111.1, Avg: 18111.1, Max: 18111.1, Diff: 0.0]
   [Code Root Fixup: 0.0 ms]
   [Code Root Migration: 0.0 ms]
   [Clear CT: 0.1 ms]
   [Other: 0.4 ms]
      [Choose CSet: 0.0 ms]
      [Ref Proc: 0.1 ms]
      [Ref Enq: 0.0 ms]
      [Free CSet: 0.1 ms]
   [Eden: 68.0M(68.0M)->0.0B(27.0M) Survivors: 2048.0K->9216.0K Heap: 168.5M(256.0M)->175.5M(256.0M)]
 [Times: user=0.09 sys=0.00, real=0.05 secs] 
2014-07-10T16:12:47.169+0200: 18.155: [GC pause (young) (initial-mark), 0.0189193 secs]
   [Parallel Time: 18.4 ms, GC Workers: 2]
      [GC Worker Start (ms): Min: 18155.1, Avg: 18155.1, Max: 18155.2, Diff: 0.0]
      [Ext Root Scanning (ms): Min: 1.1, Avg: 1.1, Max: 1.1, Diff: 0.0, Sum: 2.1]
      [Code Root Marking (ms): Min: 0.1, Avg: 0.1, Max: 0.1, Diff: 0.0, Sum: 0.1]
      [Update RS (ms): Min: 0.9, Avg: 0.9, Max: 0.9, Diff: 0.0, Sum: 1.8]
         [Processed Buffers: Min: 4, Avg: 5.0, Max: 6, Diff: 2, Sum: 10]
      [Scan RS (ms): Min: 0.0, Avg: 0.0, Max: 0.1, Diff: 0.0, Sum: 0.1]
      [Code Root Scanning (ms): Min: 0.0, Avg: 0.0, Max: 0.0, Diff: 0.0, Sum: 0.0]
      [Object Copy (ms): Min: 16.0, Avg: 16.0, Max: 16.0, Diff: 0.0, Sum: 32.0]
      [Termination (ms): Min: 0.0, Avg: 0.0, Max: 0.0, Diff: 0.0, Sum: 0.0]
      [GC Worker Other (ms): Min: 0.0, Avg: 0.0, Max: 0.0, Diff: 0.0, Sum: 0.1]
      [GC Worker Total (ms): Min: 18.1, Avg: 18.1, Max: 18.1, Diff: 0.0, Sum: 36.3]
      [GC Worker End (ms): Min: 18173.3, Avg: 18173.3, Max: 18173.3, Diff: 0.0]
   [Code Root Fixup: 0.0 ms]
   [Code Root Migration: 0.0 ms]
   [Clear CT: 0.0 ms]
   [Other: 0.5 ms]
      [Choose CSet: 0.0 ms]
      [Ref Proc: 0.2 ms]
      [Ref Enq: 0.0 ms]
      [Free CSet: 0.1 ms]
   [Eden: 27.0M(27.0M)->0.0B(17.0M) Survivors: 9216.0K->5120.0K Heap: 202.5M(256.0M)->195.0M(256.0M)]
 [Times: user=0.03 sys=0.00, real=0.02 secs] 
2014-07-10T16:12:47.188+0200: 18.174: [GC concurrent-root-region-scan-start]
2014-07-10T16:12:47.188+0200: 18.174: [GC concurrent-root-region-scan-end, 0.0000803 secs]
2014-07-10T16:12:47.188+0200: 18.174: [GC concurrent-mark-start]
2014-07-10T16:12:47.192+0200: 18.178: [GC concurrent-mark-end, 0.0034591 secs]
2014-07-10T16:12:47.192+0200: 18.178: [GC remark 2014-07-10T16:12:47.192+0200: 18.178: [GC ref-proc, 0.0000642 secs], 0.0009818 secs]
 [Times: user=0.00 sys=0.00, real=0.00 secs] 
2014-07-10T16:12:47.193+0200: 18.179: [GC cleanup 197M->88M(256M), 0.0007783 secs]
 [Times: user=0.00 sys=0.00, real=0.00 secs] 
2014-07-10T16:12:47.194+0200: 18.180: [GC concurrent-cleanup-start]
2014-07-10T16:12:47.194+0200: 18.180: [GC concurrent-cleanup-end, 0.0002328 secs]
2014-07-10T16:12:47.217+0200: 18.203: [GC pause (young), 0.0118662 secs]
   [Parallel Time: 11.6 ms, GC Workers: 2]
      [GC Worker Start (ms): Min: 18203.0, Avg: 18203.0, Max: 18203.0, Diff: 0.0]
      [Ext Root Scanning (ms): Min: 1.0, Avg: 1.0, Max: 1.0, Diff: 0.1, Sum: 2.0]
      [Update RS (ms): Min: 0.4, Avg: 0.4, Max: 0.4, Diff: 0.0, Sum: 0.8]
         [Processed Buffers: Min: 4, Avg: 4.0, Max: 4, Diff: 0, Sum: 8]
      [Scan RS (ms): Min: 0.0, Avg: 0.0, Max: 0.0, Diff: 0.0, Sum: 0.1]
      [Code Root Scanning (ms): Min: 0.0, Avg: 0.0, Max: 0.0, Diff: 0.0, Sum: 0.0]
      [Object Copy (ms): Min: 10.0, Avg: 10.0, Max: 10.0, Diff: 0.0, Sum: 20.0]
      [Termination (ms): Min: 0.0, Avg: 0.0, Max: 0.0, Diff: 0.0, Sum: 0.0]
      [GC Worker Other (ms): Min: 0.0, Avg: 0.0, Max: 0.0, Diff: 0.0, Sum: 0.1]
      [GC Worker Total (ms): Min: 11.5, Avg: 11.5, Max: 11.5, Diff: 0.0, Sum: 23.0]
      [GC Worker End (ms): Min: 18214.5, Avg: 18214.5, Max: 18214.5, Diff: 0.0]
   [Code Root Fixup: 0.0 ms]
   [Code Root Migration: 0.0 ms]
   [Clear CT: 0.0 ms]
   [Other: 0.2 ms]
      [Choose CSet: 0.0 ms]
      [Ref Proc: 0.1 ms]
      [Ref Enq: 0.0 ms]
      [Free CSet: 0.1 ms]
   [Eden: 17.0M(17.0M)->0.0B(9216.0K) Survivors: 5120.0K->3072.0K Heap: 103.0M(256.0M)->99.5M(256.0M)]
 [Times: user=0.03 sys=0.00, real=0.01 secs] 
2014-07-10T16:12:47.243+0200: 18.229: [GC pause (mixed), 0.0092320 secs]
   [Parallel Time: 8.8 ms, GC Workers: 2]
      [GC Worker Start (ms): Min: 18229.0, Avg: 18229.0, Max: 18229.0, Diff: 0.0]
      [Ext Root Scanning (ms): Min: 1.0, Avg: 1.1, Max: 1.1, Diff: 0.1, Sum: 2.2]
      [Update RS (ms): Min: 0.3, Avg: 0.3, Max: 0.3, Diff: 0.1, Sum: 0.6]
         [Processed Buffers: Min: 1, Avg: 2.0, Max: 3, Diff: 2, Sum: 4]
      [Scan RS (ms): Min: 0.1, Avg: 0.1, Max: 0.1, Diff: 0.0, Sum: 0.2]
      [Code Root Scanning (ms): Min: 0.0, Avg: 0.0, Max: 0.0, Diff: 0.0, Sum: 0.0]
      [Object Copy (ms): Min: 7.3, Avg: 7.3, Max: 7.3, Diff: 0.0, Sum: 14.6]
      [Termination (ms): Min: 0.0, Avg: 0.0, Max: 0.0, Diff: 0.0, Sum: 0.0]
      [GC Worker Other (ms): Min: 0.0, Avg: 0.0, Max: 0.0, Diff: 0.0, Sum: 0.0]
      [GC Worker Total (ms): Min: 8.8, Avg: 8.8, Max: 8.8, Diff: 0.0, Sum: 17.6]
      [GC Worker End (ms): Min: 18237.8, Avg: 18237.8, Max: 18237.8, Diff: 0.0]
   [Code Root Fixup: 0.0 ms]
   [Code Root Migration: 0.0 ms]
   [Clear CT: 0.1 ms]
   [Other: 0.3 ms]
      [Choose CSet: 0.0 ms]
      [Ref Proc: 0.0 ms]
      [Ref Enq: 0.0 ms]
      [Free CSet: 0.1 ms]
   [Eden: 9216.0K(9216.0K)->0.0B(69.0M) Survivors: 3072.0K->2048.0K Heap: 108.5M(256.0M)->98.0M(256.0M)]
 [Times: user=0.00 sys=0.00, real=0.01 secs] 
2014-07-10T16:12:47.365+0200: 18.351: [GC pause (young), 0.0454949 secs]
   [Parallel Time: 44.9 ms, GC Workers: 2]
      [GC Worker Start (ms): Min: 18351.1, Avg: 18351.1, Max: 18351.1, Diff: 0.0]
      [Ext Root Scanning (ms): Min: 1.0, Avg: 1.0, Max: 1.0, Diff: 0.0, Sum: 2.0]
      [Update RS (ms): Min: 0.4, Avg: 0.4, Max: 0.4, Diff: 0.0, Sum: 0.8]
         [Processed Buffers: Min: 1, Avg: 3.0, Max: 5, Diff: 4, Sum: 6]
      [Scan RS (ms): Min: 0.1, Avg: 0.1, Max: 0.1, Diff: 0.0, Sum: 0.2]
      [Code Root Scanning (ms): Min: 0.0, Avg: 0.0, Max: 0.0, Diff: 0.0, Sum: 0.1]
      [Object Copy (ms): Min: 43.3, Avg: 43.3, Max: 43.3, Diff: 0.0, Sum: 86.6]
      [Termination (ms): Min: 0.0, Avg: 0.0, Max: 0.0, Diff: 0.0, Sum: 0.0]
      [GC Worker Other (ms): Min: 0.0, Avg: 0.0, Max: 0.0, Diff: 0.0, Sum: 0.1]
      [GC Worker Total (ms): Min: 44.9, Avg: 44.9, Max: 44.9, Diff: 0.0, Sum: 89.7]
      [GC Worker End (ms): Min: 18395.9, Avg: 18395.9, Max: 18395.9, Diff: 0.0]
   [Code Root Fixup: 0.0 ms]
   [Code Root Migration: 0.0 ms]
   [Clear CT: 0.1 ms]
   [Other: 0.5 ms]
      [Choose CSet: 0.0 ms]
      [Ref Proc: 0.2 ms]
      [Ref Enq: 0.0 ms]
      [Free CSet: 0.1 ms]
   [Eden: 69.0M(69.0M)->0.0B(28.0M) Survivors: 2048.0K->9216.0K Heap: 167.0M(256.0M)->172.5M(256.0M)]
 [Times: user=0.09 sys=0.00, real=0.05 secs] 
2014-07-10T16:12:47.456+0200: 18.442: [GC pause (young) (initial-mark), 0.0200541 secs]
   [Parallel Time: 19.6 ms, GC Workers: 2]
      [GC Worker Start (ms): Min: 18442.1, Avg: 18442.1, Max: 18442.1, Diff: 0.0]
      [Ext Root Scanning (ms): Min: 1.1, Avg: 1.1, Max: 1.1, Diff: 0.0, Sum: 2.2]
      [Code Root Marking (ms): Min: 0.1, Avg: 0.1, Max: 0.1, Diff: 0.0, Sum: 0.1]
      [Update RS (ms): Min: 1.0, Avg: 1.0, Max: 1.0, Diff: 0.0, Sum: 1.9]
         [Processed Buffers: Min: 4, Avg: 5.5, Max: 7, Diff: 3, Sum: 11]
      [Scan RS (ms): Min: 0.0, Avg: 0.1, Max: 0.1, Diff: 0.0, Sum: 0.1]
      [Code Root Scanning (ms): Min: 0.0, Avg: 0.0, Max: 0.0, Diff: 0.0, Sum: 0.0]
      [Object Copy (ms): Min: 17.2, Avg: 17.2, Max: 17.2, Diff: 0.0, Sum: 34.4]
      [Termination (ms): Min: 0.0, Avg: 0.0, Max: 0.0, Diff: 0.0, Sum: 0.0]
      [GC Worker Other (ms): Min: 0.0, Avg: 0.0, Max: 0.0, Diff: 0.0, Sum: 0.1]
      [GC Worker Total (ms): Min: 19.4, Avg: 19.4, Max: 19.4, Diff: 0.0, Sum: 38.9]
      [GC Worker End (ms): Min: 18461.5, Avg: 18461.5, Max: 18461.5, Diff: 0.0]
   [Code Root Fixup: 0.0 ms]
   [Code Root Migration: 0.0 ms]
   [Clear CT: 0.1 ms]
   [Other: 0.3 ms]
      [Choose CSet: 0.0 ms]
      [Ref Proc: 0.1 ms]
      [Ref Enq: 0.0 ms]
      [Free CSet: 0.1 ms]
   [Eden: 28.0M(28.0M)->0.0B(18.0M) Survivors: 9216.0K->5120.0K Heap: 200.5M(256.0M)->193.0M(256.0M)]
 [Times: user=0.03 sys=0.00, real=0.02 secs] 
2014-07-10T16:12:47.476+0200: 18.462: [GC concurrent-root-region-scan-start]
2014-07-10T16:12:47.476+0200: 18.462: [GC concurrent-root-region-scan-end, 0.0000865 secs]
2014-07-10T16:12:47.476+0200: 18.462: [GC concurrent-mark-start]
2014-07-10T16:12:47.481+0200: 18.467: [GC concurrent-mark-end, 0.0046275 secs]
2014-07-10T16:12:47.481+0200: 18.467: [GC remark 2014-07-10T16:12:47.481+0200: 18.467: [GC ref-proc, 0.0000730 secs], 0.0010966 secs]
 [Times: user=0.00 sys=0.00, real=0.00 secs] 
2014-07-10T16:12:47.482+0200: 18.468: [GC cleanup 196M->90M(256M), 0.0007798 secs]
 [Times: user=0.00 sys=0.00, real=0.00 secs] 
2014-07-10T16:12:47.483+0200: 18.469: [GC concurrent-cleanup-start]
2014-07-10T16:12:47.483+0200: 18.469: [GC concurrent-cleanup-end, 0.0002233 secs]
2014-07-10T16:12:47.506+0200: 18.492: [GC pause (young), 0.0130225 secs]
   [Parallel Time: 12.8 ms, GC Workers: 2]
      [GC Worker Start (ms): Min: 18492.1, Avg: 18492.1, Max: 18492.1, Diff: 0.0]
      [Ext Root Scanning (ms): Min: 1.1, Avg: 1.1, Max: 1.1, Diff: 0.0, Sum: 2.2]
      [Update RS (ms): Min: 0.6, Avg: 0.7, Max: 0.7, Diff: 0.1, Sum: 1.4]
         [Processed Buffers: Min: 3, Avg: 3.0, Max: 3, Diff: 0, Sum: 6]
      [Scan RS (ms): Min: 0.0, Avg: 0.0, Max: 0.1, Diff: 0.0, Sum: 0.1]
      [Code Root Scanning (ms): Min: 0.0, Avg: 0.0, Max: 0.0, Diff: 0.0, Sum: 0.0]
      [Object Copy (ms): Min: 10.9, Avg: 10.9, Max: 10.9, Diff: 0.0, Sum: 21.8]
      [Termination (ms): Min: 0.0, Avg: 0.0, Max: 0.0, Diff: 0.0, Sum: 0.0]
      [GC Worker Other (ms): Min: 0.0, Avg: 0.0, Max: 0.0, Diff: 0.0, Sum: 0.1]
      [GC Worker Total (ms): Min: 12.7, Avg: 12.7, Max: 12.7, Diff: 0.0, Sum: 25.5]
      [GC Worker End (ms): Min: 18504.9, Avg: 18504.9, Max: 18504.9, Diff: 0.0]
   [Code Root Fixup: 0.0 ms]
   [Code Root Migration: 0.0 ms]
   [Clear CT: 0.0 ms]
   [Other: 0.2 ms]
      [Choose CSet: 0.0 ms]
      [Ref Proc: 0.0 ms]
      [Ref Enq: 0.0 ms]
      [Free CSet: 0.1 ms]
   [Eden: 18.0M(18.0M)->0.0B(9216.0K) Survivors: 5120.0K->3072.0K Heap: 105.0M(256.0M)->101.0M(256.0M)]
 [Times: user=0.03 sys=0.00, real=0.01 secs] 
2014-07-10T16:12:47.533+0200: 18.519: [GC pause (mixed), 0.0103388 secs]
   [Parallel Time: 9.9 ms, GC Workers: 2]
      [GC Worker Start (ms): Min: 18519.1, Avg: 18519.1, Max: 18519.1, Diff: 0.0]
      [Ext Root Scanning (ms): Min: 1.0, Avg: 1.0, Max: 1.1, Diff: 0.2, Sum: 2.1]
      [Update RS (ms): Min: 0.0, Avg: 0.3, Max: 0.6, Diff: 0.6, Sum: 0.6]
         [Processed Buffers: Min: 0, Avg: 3.0, Max: 6, Diff: 6, Sum: 6]
      [Scan RS (ms): Min: 0.0, Avg: 0.1, Max: 0.2, Diff: 0.1, Sum: 0.2]
      [Code Root Scanning (ms): Min: 0.0, Avg: 0.0, Max: 0.0, Diff: 0.0, Sum: 0.0]
      [Object Copy (ms): Min: 8.1, Avg: 8.4, Max: 8.7, Diff: 0.6, Sum: 16.7]
      [Termination (ms): Min: 0.0, Avg: 0.0, Max: 0.0, Diff: 0.0, Sum: 0.0]
      [GC Worker Other (ms): Min: 0.0, Avg: 0.0, Max: 0.0, Diff: 0.0, Sum: 0.1]
      [GC Worker Total (ms): Min: 9.8, Avg: 9.9, Max: 9.9, Diff: 0.0, Sum: 19.7]
      [GC Worker End (ms): Min: 18528.9, Avg: 18528.9, Max: 18528.9, Diff: 0.0]
   [Code Root Fixup: 0.0 ms]
   [Code Root Migration: 0.0 ms]
   [Clear CT: 0.1 ms]
   [Other: 0.3 ms]
      [Choose CSet: 0.0 ms]
      [Ref Proc: 0.0 ms]
      [Ref Enq: 0.0 ms]
      [Free CSet: 0.1 ms]
   [Eden: 9216.0K(9216.0K)->0.0B(66.0M) Survivors: 3072.0K->2048.0K Heap: 110.0M(256.0M)->99.5M(256.0M)]
 [Times: user=0.02 sys=0.00, real=0.01 secs] 
2014-07-10T16:12:47.656+0200: 18.642: [GC pause (young), 0.0445765 secs]
   [Parallel Time: 44.1 ms, GC Workers: 2]
      [GC Worker Start (ms): Min: 18642.2, Avg: 18642.2, Max: 18642.2, Diff: 0.0]
      [Ext Root Scanning (ms): Min: 1.0, Avg: 1.0, Max: 1.1, Diff: 0.1, Sum: 2.1]
      [Update RS (ms): Min: 0.2, Avg: 0.4, Max: 0.6, Diff: 0.4, Sum: 0.8]
         [Processed Buffers: Min: 1, Avg: 2.5, Max: 4, Diff: 3, Sum: 5]
      [Scan RS (ms): Min: 0.0, Avg: 0.1, Max: 0.2, Diff: 0.2, Sum: 0.2]
      [Code Root Scanning (ms): Min: 0.0, Avg: 0.0, Max: 0.1, Diff: 0.1, Sum: 0.1]
      [Object Copy (ms): Min: 42.5, Avg: 42.5, Max: 42.5, Diff: 0.0, Sum: 85.0]
      [Termination (ms): Min: 0.0, Avg: 0.0, Max: 0.0, Diff: 0.0, Sum: 0.0]
      [GC Worker Other (ms): Min: 0.0, Avg: 0.0, Max: 0.0, Diff: 0.0, Sum: 0.1]
      [GC Worker Total (ms): Min: 44.1, Avg: 44.1, Max: 44.1, Diff: 0.0, Sum: 88.2]
      [GC Worker End (ms): Min: 18686.3, Avg: 18686.3, Max: 18686.3, Diff: 0.0]
   [Code Root Fixup: 0.0 ms]
   [Code Root Migration: 0.0 ms]
   [Clear CT: 0.1 ms]
   [Other: 0.3 ms]
      [Choose CSet: 0.0 ms]
      [Ref Proc: 0.0 ms]
      [Ref Enq: 0.0 ms]
      [Free CSet: 0.1 ms]
   [Eden: 66.0M(66.0M)->0.0B(29.0M) Survivors: 2048.0K->9216.0K Heap: 165.5M(256.0M)->171.5M(256.0M)]
 [Times: user=0.09 sys=0.00, real=0.05 secs] 
2014-07-10T16:12:47.748+0200: 18.734: [GC pause (young) (initial-mark), 0.0194249 secs]
   [Parallel Time: 19.1 ms, GC Workers: 2]
      [GC Worker Start (ms): Min: 18734.4, Avg: 18734.4, Max: 18734.4, Diff: 0.0]
      [Ext Root Scanning (ms): Min: 1.0, Avg: 1.0, Max: 1.0, Diff: 0.0, Sum: 2.0]
      [Code Root Marking (ms): Min: 0.0, Avg: 0.1, Max: 0.1, Diff: 0.1, Sum: 0.1]
      [Update RS (ms): Min: 0.8, Avg: 0.9, Max: 0.9, Diff: 0.0, Sum: 1.7]
         [Processed Buffers: Min: 4, Avg: 5.0, Max: 6, Diff: 2, Sum: 10]
      [Scan RS (ms): Min: 0.0, Avg: 0.0, Max: 0.1, Diff: 0.0, Sum: 0.1]
      [Code Root Scanning (ms): Min: 0.0, Avg: 0.0, Max: 0.0, Diff: 0.0, Sum: 0.0]
      [Object Copy (ms): Min: 16.9, Avg: 16.9, Max: 17.0, Diff: 0.0, Sum: 33.9]
      [Termination (ms): Min: 0.0, Avg: 0.0, Max: 0.0, Diff: 0.0, Sum: 0.0]
      [GC Worker Other (ms): Min: 0.0, Avg: 0.0, Max: 0.0, Diff: 0.0, Sum: 0.1]
      [GC Worker Total (ms): Min: 19.0, Avg: 19.0, Max: 19.0, Diff: 0.0, Sum: 38.0]
      [GC Worker End (ms): Min: 18753.4, Avg: 18753.4, Max: 18753.4, Diff: 0.0]
   [Code Root Fixup: 0.0 ms]
   [Code Root Migration: 0.0 ms]
   [Clear CT: 0.0 ms]
   [Other: 0.3 ms]
      [Choose CSet: 0.0 ms]
      [Ref Proc: 0.0 ms]
      [Ref Enq: 0.0 ms]
      [Free CSet: 0.1 ms]
   [Eden: 29.0M(29.0M)->0.0B(19.0M) Survivors: 9216.0K->5120.0K Heap: 200.5M(256.0M)->191.0M(256.0M)]
 [Times: user=0.03 sys=0.00, real=0.02 secs] 
2014-07-10T16:12:47.768+0200: 18.754: [GC concurrent-root-region-scan-start]
2014-07-10T16:12:47.768+0200: 18.754: [GC concurrent-root-region-scan-end, 0.0000796 secs]
2014-07-10T16:12:47.768+0200: 18.754: [GC concurrent-mark-start]
2014-07-10T16:12:47.771+0200: 18.758: [GC concurrent-mark-end, 0.0033513 secs]
2014-07-10T16:12:47.774+0200: 18.760: [GC remark 2014-07-10T16:12:47.774+0200: 18.760: [GC ref-proc, 0.0000711 secs], 0.0015380 secs]
 [Times: user=0.00 sys=0.00, real=0.00 secs] 
2014-07-10T16:12:47.776+0200: 18.762: [GC cleanup 195M->91M(256M), 0.0009448 secs]
 [Times: user=0.00 sys=0.00, real=0.00 secs] 
2014-07-10T16:12:47.777+0200: 18.763: [GC concurrent-cleanup-start]
2014-07-10T16:12:47.777+0200: 18.763: [GC concurrent-cleanup-end, 0.0001881 secs]
2014-07-10T16:12:47.801+0200: 18.787: [GC pause (young), 0.0134944 secs]
   [Parallel Time: 13.2 ms, GC Workers: 2]
      [GC Worker Start (ms): Min: 18787.1, Avg: 18787.1, Max: 18787.1, Diff: 0.0]
      [Ext Root Scanning (ms): Min: 1.0, Avg: 1.0, Max: 1.0, Diff: 0.1, Sum: 2.0]
      [Update RS (ms): Min: 0.4, Avg: 0.5, Max: 0.5, Diff: 0.0, Sum: 0.9]
         [Processed Buffers: Min: 2, Avg: 2.5, Max: 3, Diff: 1, Sum: 5]
      [Scan RS (ms): Min: 0.0, Avg: 0.0, Max: 0.0, Diff: 0.0, Sum: 0.1]
      [Code Root Scanning (ms): Min: 0.0, Avg: 0.0, Max: 0.0, Diff: 0.0, Sum: 0.0]
      [Object Copy (ms): Min: 11.5, Avg: 11.6, Max: 11.6, Diff: 0.1, Sum: 23.2]
      [Termination (ms): Min: 0.0, Avg: 0.0, Max: 0.1, Diff: 0.1, Sum: 0.1]
      [GC Worker Other (ms): Min: 0.0, Avg: 0.0, Max: 0.0, Diff: 0.0, Sum: 0.1]
      [GC Worker Total (ms): Min: 13.2, Avg: 13.2, Max: 13.2, Diff: 0.0, Sum: 26.4]
      [GC Worker End (ms): Min: 18800.3, Avg: 18800.3, Max: 18800.3, Diff: 0.0]
   [Code Root Fixup: 0.0 ms]
   [Code Root Migration: 0.0 ms]
   [Clear CT: 0.0 ms]
   [Other: 0.2 ms]
      [Choose CSet: 0.0 ms]
      [Ref Proc: 0.0 ms]
      [Ref Enq: 0.0 ms]
      [Free CSet: 0.1 ms]
   [Eden: 19.0M(19.0M)->0.0B(9216.0K) Survivors: 5120.0K->3072.0K Heap: 106.0M(256.0M)->102.0M(256.0M)]
 [Times: user=0.03 sys=0.00, real=0.01 secs] 
2014-07-10T16:12:47.829+0200: 18.815: [GC pause (mixed), 0.0093556 secs]
   [Parallel Time: 9.0 ms, GC Workers: 2]
      [GC Worker Start (ms): Min: 18815.0, Avg: 18815.0, Max: 18815.0, Diff: 0.0]
      [Ext Root Scanning (ms): Min: 1.1, Avg: 1.2, Max: 1.3, Diff: 0.2, Sum: 2.5]
      [Update RS (ms): Min: 0.2, Avg: 0.3, Max: 0.4, Diff: 0.2, Sum: 0.7]
         [Processed Buffers: Min: 1, Avg: 3.5, Max: 6, Diff: 5, Sum: 7]
      [Scan RS (ms): Min: 0.1, Avg: 0.2, Max: 0.3, Diff: 0.2, Sum: 0.4]
      [Code Root Scanning (ms): Min: 0.0, Avg: 0.0, Max: 0.0, Diff: 0.0, Sum: 0.0]
      [Object Copy (ms): Min: 7.0, Avg: 7.1, Max: 7.2, Diff: 0.2, Sum: 14.2]
      [Termination (ms): Min: 0.0, Avg: 0.0, Max: 0.0, Diff: 0.0, Sum: 0.0]
      [GC Worker Other (ms): Min: 0.0, Avg: 0.0, Max: 0.0, Diff: 0.0, Sum: 0.1]
      [GC Worker Total (ms): Min: 8.9, Avg: 8.9, Max: 8.9, Diff: 0.0, Sum: 17.8]
      [GC Worker End (ms): Min: 18823.9, Avg: 18823.9, Max: 18823.9, Diff: 0.0]
   [Code Root Fixup: 0.0 ms]
   [Code Root Migration: 0.0 ms]
   [Clear CT: 0.1 ms]
   [Other: 0.3 ms]
      [Choose CSet: 0.0 ms]
      [Ref Proc: 0.0 ms]
      [Ref Enq: 0.0 ms]
      [Free CSet: 0.1 ms]
   [Eden: 9216.0K(9216.0K)->0.0B(67.0M) Survivors: 3072.0K->2048.0K Heap: 111.0M(256.0M)->99.5M(256.0M)]
 [Times: user=0.03 sys=0.00, real=0.01 secs] 
2014-07-10T16:12:47.950+0200: 18.937: [GC pause (young), 0.0445333 secs]
   [Parallel Time: 44.0 ms, GC Workers: 2]
      [GC Worker Start (ms): Min: 18936.7, Avg: 18936.8, Max: 18936.8, Diff: 0.0]
      [Ext Root Scanning (ms): Min: 1.0, Avg: 1.0, Max: 1.1, Diff: 0.1, Sum: 2.1]
      [Update RS (ms): Min: 0.4, Avg: 0.4, Max: 0.4, Diff: 0.1, Sum: 0.8]
         [Processed Buffers: Min: 2, Avg: 2.5, Max: 3, Diff: 1, Sum: 5]
      [Scan RS (ms): Min: 0.1, Avg: 0.1, Max: 0.1, Diff: 0.0, Sum: 0.2]
      [Code Root Scanning (ms): Min: 0.0, Avg: 0.0, Max: 0.0, Diff: 0.0, Sum: 0.1]
      [Object Copy (ms): Min: 42.4, Avg: 42.4, Max: 42.4, Diff: 0.0, Sum: 84.8]
      [Termination (ms): Min: 0.0, Avg: 0.0, Max: 0.0, Diff: 0.0, Sum: 0.0]
      [GC Worker Other (ms): Min: 0.0, Avg: 0.0, Max: 0.0, Diff: 0.0, Sum: 0.1]
      [GC Worker Total (ms): Min: 44.0, Avg: 44.0, Max: 44.0, Diff: 0.0, Sum: 88.0]
      [GC Worker End (ms): Min: 18980.8, Avg: 18980.8, Max: 18980.8, Diff: 0.0]
   [Code Root Fixup: 0.0 ms]
   [Code Root Migration: 0.0 ms]
   [Clear CT: 0.1 ms]
   [Other: 0.4 ms]
      [Choose CSet: 0.0 ms]
      [Ref Proc: 0.1 ms]
      [Ref Enq: 0.0 ms]
      [Free CSet: 0.1 ms]
   [Eden: 67.0M(67.0M)->0.0B(28.0M) Survivors: 2048.0K->9216.0K Heap: 166.5M(256.0M)->172.5M(256.0M)]
 [Times: user=0.09 sys=0.00, real=0.04 secs] 
2014-07-10T16:12:48.041+0200: 19.027: [GC pause (young) (initial-mark), 0.0222098 secs]
   [Parallel Time: 19.3 ms, GC Workers: 2]
      [GC Worker Start (ms): Min: 19027.4, Avg: 19027.4, Max: 19027.4, Diff: 0.0]
      [Ext Root Scanning (ms): Min: 1.0, Avg: 1.1, Max: 1.1, Diff: 0.0, Sum: 2.1]
      [Code Root Marking (ms): Min: 0.0, Avg: 0.1, Max: 0.1, Diff: 0.0, Sum: 0.1]
      [Update RS (ms): Min: 0.8, Avg: 0.9, Max: 0.9, Diff: 0.0, Sum: 1.7]
         [Processed Buffers: Min: 4, Avg: 4.5, Max: 5, Diff: 1, Sum: 9]
      [Scan RS (ms): Min: 0.0, Avg: 0.0, Max: 0.1, Diff: 0.0, Sum: 0.1]
      [Code Root Scanning (ms): Min: 0.0, Avg: 0.0, Max: 0.0, Diff: 0.0, Sum: 0.1]
      [Object Copy (ms): Min: 17.2, Avg: 17.2, Max: 17.2, Diff: 0.0, Sum: 34.4]
      [Termination (ms): Min: 0.0, Avg: 0.0, Max: 0.0, Diff: 0.0, Sum: 0.0]
      [GC Worker Other (ms): Min: 0.0, Avg: 0.0, Max: 0.0, Diff: 0.0, Sum: 0.1]
      [GC Worker Total (ms): Min: 19.3, Avg: 19.3, Max: 19.3, Diff: 0.0, Sum: 38.5]
      [GC Worker End (ms): Min: 19046.6, Avg: 19046.6, Max: 19046.6, Diff: 0.0]
   [Code Root Fixup: 0.0 ms]
   [Code Root Migration: 0.0 ms]
   [Clear CT: 0.0 ms]
   [Other: 2.9 ms]
      [Choose CSet: 0.0 ms]
      [Ref Proc: 2.6 ms]
      [Ref Enq: 0.0 ms]
      [Free CSet: 0.1 ms]
   [Eden: 28.0M(28.0M)->0.0B(18.0M) Survivors: 9216.0K->5120.0K Heap: 200.5M(256.0M)->193.5M(256.0M)]
 [Times: user=0.03 sys=0.00, real=0.02 secs] 
2014-07-10T16:12:48.063+0200: 19.050: [GC concurrent-root-region-scan-start]
2014-07-10T16:12:48.063+0200: 19.050: [GC concurrent-root-region-scan-end, 0.0000810 secs]
2014-07-10T16:12:48.063+0200: 19.050: [GC concurrent-mark-start]
2014-07-10T16:12:48.067+0200: 19.053: [GC concurrent-mark-end, 0.0034430 secs]
2014-07-10T16:12:48.067+0200: 19.054: [GC remark 2014-07-10T16:12:48.068+0200: 19.054: [GC ref-proc, 0.0000759 secs], 0.0011281 secs]
 [Times: user=0.00 sys=0.00, real=0.00 secs] 
2014-07-10T16:12:48.069+0200: 19.055: [GC cleanup 195M->90M(256M), 0.0008161 secs]
 [Times: user=0.03 sys=0.00, real=0.00 secs] 
2014-07-10T16:12:48.070+0200: 19.056: [GC concurrent-cleanup-start]
2014-07-10T16:12:48.070+0200: 19.056: [GC concurrent-cleanup-end, 0.0002222 secs]
2014-07-10T16:12:48.104+0200: 19.090: [GC pause (young), 0.0129485 secs]
   [Parallel Time: 12.5 ms, GC Workers: 2]
      [GC Worker Start (ms): Min: 19090.3, Avg: 19090.3, Max: 19090.3, Diff: 0.0]
      [Ext Root Scanning (ms): Min: 1.0, Avg: 1.0, Max: 1.0, Diff: 0.1, Sum: 2.0]
      [Update RS (ms): Min: 0.4, Avg: 0.5, Max: 0.5, Diff: 0.1, Sum: 0.9]
         [Processed Buffers: Min: 2, Avg: 3.0, Max: 4, Diff: 2, Sum: 6]
      [Scan RS (ms): Min: 0.0, Avg: 0.0, Max: 0.0, Diff: 0.0, Sum: 0.1]
      [Code Root Scanning (ms): Min: 0.0, Avg: 0.0, Max: 0.0, Diff: 0.0, Sum: 0.0]
      [Object Copy (ms): Min: 10.7, Avg: 10.8, Max: 10.8, Diff: 0.0, Sum: 21.5]
      [Termination (ms): Min: 0.0, Avg: 0.0, Max: 0.0, Diff: 0.0, Sum: 0.0]
      [GC Worker Other (ms): Min: 0.0, Avg: 0.0, Max: 0.1, Diff: 0.0, Sum: 0.1]
      [GC Worker Total (ms): Min: 12.3, Avg: 12.3, Max: 12.3, Diff: 0.0, Sum: 24.6]
      [GC Worker End (ms): Min: 19102.6, Avg: 19102.6, Max: 19102.6, Diff: 0.0]
   [Code Root Fixup: 0.0 ms]
   [Code Root Migration: 0.0 ms]
   [Clear CT: 0.0 ms]
   [Other: 0.4 ms]
      [Choose CSet: 0.0 ms]
      [Ref Proc: 0.2 ms]
      [Ref Enq: 0.0 ms]
      [Free CSet: 0.1 ms]
   [Eden: 18.0M(18.0M)->0.0B(9216.0K) Survivors: 5120.0K->3072.0K Heap: 106.5M(256.0M)->101.5M(256.0M)]
 [Times: user=0.03 sys=0.00, real=0.01 secs] 
2014-07-10T16:12:48.147+0200: 19.133: [GC pause (mixed), 0.0110750 secs]
   [Parallel Time: 10.6 ms, GC Workers: 2]
      [GC Worker Start (ms): Min: 19133.2, Avg: 19134.8, Max: 19136.3, Diff: 3.1]
      [Ext Root Scanning (ms): Min: 0.0, Avg: 1.0, Max: 2.0, Diff: 2.0, Sum: 2.0]
      [Update RS (ms): Min: 0.0, Avg: 0.3, Max: 0.5, Diff: 0.5, Sum: 0.5]
         [Processed Buffers: Min: 0, Avg: 3.5, Max: 7, Diff: 7, Sum: 7]
      [Scan RS (ms): Min: 0.0, Avg: 0.1, Max: 0.2, Diff: 0.2, Sum: 0.2]
      [Code Root Scanning (ms): Min: 0.0, Avg: 0.0, Max: 0.0, Diff: 0.0, Sum: 0.0]
      [Object Copy (ms): Min: 7.4, Avg: 7.6, Max: 7.8, Diff: 0.4, Sum: 15.2]
      [Termination (ms): Min: 0.0, Avg: 0.0, Max: 0.0, Diff: 0.0, Sum: 0.0]
      [GC Worker Other (ms): Min: 0.0, Avg: 0.0, Max: 0.0, Diff: 0.0, Sum: 0.0]
      [GC Worker Total (ms): Min: 7.4, Avg: 9.0, Max: 10.5, Diff: 3.1, Sum: 18.0]
      [GC Worker End (ms): Min: 19143.8, Avg: 19143.8, Max: 19143.8, Diff: 0.0]
   [Code Root Fixup: 0.0 ms]
   [Code Root Migration: 0.0 ms]
   [Clear CT: 0.1 ms]
   [Other: 0.4 ms]
      [Choose CSet: 0.0 ms]
      [Ref Proc: 0.2 ms]
      [Ref Enq: 0.0 ms]
      [Free CSet: 0.1 ms]
   [Eden: 9216.0K(9216.0K)->0.0B(65.0M) Survivors: 3072.0K->2048.0K Heap: 110.5M(256.0M)->100.2M(256.0M)]
 [Times: user=0.02 sys=0.00, real=0.01 secs] 
2014-07-10T16:12:48.266+0200: 19.252: [GC pause (young), 0.0426580 secs]
   [Parallel Time: 42.0 ms, GC Workers: 2]
      [GC Worker Start (ms): Min: 19252.3, Avg: 19252.3, Max: 19252.3, Diff: 0.0]
      [Ext Root Scanning (ms): Min: 1.1, Avg: 1.1, Max: 1.2, Diff: 0.0, Sum: 2.3]
      [Update RS (ms): Min: 0.4, Avg: 0.4, Max: 0.4, Diff: 0.0, Sum: 0.9]
         [Processed Buffers: Min: 1, Avg: 2.5, Max: 4, Diff: 3, Sum: 5]
      [Scan RS (ms): Min: 0.1, Avg: 0.1, Max: 0.1, Diff: 0.0, Sum: 0.2]
      [Code Root Scanning (ms): Min: 0.0, Avg: 0.0, Max: 0.0, Diff: 0.0, Sum: 0.1]
      [Object Copy (ms): Min: 40.3, Avg: 40.3, Max: 40.3, Diff: 0.0, Sum: 80.5]
      [Termination (ms): Min: 0.0, Avg: 0.0, Max: 0.0, Diff: 0.0, Sum: 0.0]
      [GC Worker Other (ms): Min: 0.0, Avg: 0.0, Max: 0.0, Diff: 0.0, Sum: 0.1]
      [GC Worker Total (ms): Min: 42.0, Avg: 42.0, Max: 42.0, Diff: 0.0, Sum: 84.0]
      [GC Worker End (ms): Min: 19294.3, Avg: 19294.3, Max: 19294.3, Diff: 0.0]
   [Code Root Fixup: 0.0 ms]
   [Code Root Migration: 0.0 ms]
   [Clear CT: 0.0 ms]
   [Other: 0.5 ms]
      [Choose CSet: 0.0 ms]
      [Ref Proc: 0.2 ms]
      [Ref Enq: 0.0 ms]
      [Free CSet: 0.1 ms]
   [Eden: 65.0M(65.0M)->0.0B(31.0M) Survivors: 2048.0K->9216.0K Heap: 165.2M(256.0M)->166.5M(256.0M)]
 [Times: user=0.09 sys=0.00, real=0.04 secs] 
2014-07-10T16:12:48.360+0200: 19.346: [GC pause (young) (initial-mark), 0.0216085 secs]
   [Parallel Time: 21.2 ms, GC Workers: 2]
      [GC Worker Start (ms): Min: 19346.2, Avg: 19346.2, Max: 19346.2, Diff: 0.0]
      [Ext Root Scanning (ms): Min: 1.1, Avg: 1.2, Max: 1.2, Diff: 0.0, Sum: 2.3]
      [Code Root Marking (ms): Min: 0.1, Avg: 0.1, Max: 0.1, Diff: 0.0, Sum: 0.1]
      [Update RS (ms): Min: 0.9, Avg: 0.9, Max: 0.9, Diff: 0.0, Sum: 1.7]
         [Processed Buffers: Min: 4, Avg: 5.0, Max: 6, Diff: 2, Sum: 10]
      [Scan RS (ms): Min: 0.0, Avg: 0.1, Max: 0.1, Diff: 0.0, Sum: 0.1]
      [Code Root Scanning (ms): Min: 0.0, Avg: 0.0, Max: 0.0, Diff: 0.0, Sum: 0.0]
      [Object Copy (ms): Min: 18.9, Avg: 19.0, Max: 19.0, Diff: 0.0, Sum: 37.9]
      [Termination (ms): Min: 0.0, Avg: 0.0, Max: 0.0, Diff: 0.0, Sum: 0.0]
      [GC Worker Other (ms): Min: 0.0, Avg: 0.0, Max: 0.0, Diff: 0.0, Sum: 0.1]
      [GC Worker Total (ms): Min: 21.2, Avg: 21.2, Max: 21.2, Diff: 0.0, Sum: 42.3]
      [GC Worker End (ms): Min: 19367.3, Avg: 19367.3, Max: 19367.3, Diff: 0.0]
   [Code Root Fixup: 0.0 ms]
   [Code Root Migration: 0.0 ms]
   [Clear CT: 0.1 ms]
   [Other: 0.3 ms]
      [Choose CSet: 0.0 ms]
      [Ref Proc: 0.0 ms]
      [Ref Enq: 0.0 ms]
      [Free CSet: 0.1 ms]
   [Eden: 31.0M(31.0M)->0.0B(20.0M) Survivors: 9216.0K->5120.0K Heap: 197.5M(256.0M)->189.0M(256.0M)]
 [Times: user=0.03 sys=0.02, real=0.02 secs] 
2014-07-10T16:12:48.382+0200: 19.368: [GC concurrent-root-region-scan-start]
2014-07-10T16:12:48.382+0200: 19.368: [GC concurrent-root-region-scan-end, 0.0001060 secs]
2014-07-10T16:12:48.382+0200: 19.368: [GC concurrent-mark-start]
2014-07-10T16:12:48.385+0200: 19.372: [GC concurrent-mark-end, 0.0037051 secs]
2014-07-10T16:12:48.386+0200: 19.372: [GC remark 2014-07-10T16:12:48.386+0200: 19.372: [GC ref-proc, 0.0000748 secs], 0.0011556 secs]
 [Times: user=0.00 sys=0.00, real=0.00 secs] 
2014-07-10T16:12:48.387+0200: 19.373: [GC cleanup 190M->93M(256M), 0.0008033 secs]
 [Times: user=0.00 sys=0.00, real=0.00 secs] 
2014-07-10T16:12:48.388+0200: 19.374: [GC concurrent-cleanup-start]
2014-07-10T16:12:48.388+0200: 19.374: [GC concurrent-cleanup-end, 0.0001734 secs]
2014-07-10T16:12:48.418+0200: 19.404: [GC pause (young), 0.0139849 secs]
   [Parallel Time: 13.6 ms, GC Workers: 2]
      [GC Worker Start (ms): Min: 19404.1, Avg: 19404.1, Max: 19404.1, Diff: 0.0]
      [Ext Root Scanning (ms): Min: 1.0, Avg: 1.0, Max: 1.0, Diff: 0.0, Sum: 2.0]
      [Update RS (ms): Min: 0.5, Avg: 0.6, Max: 0.6, Diff: 0.0, Sum: 1.1]
         [Processed Buffers: Min: 2, Avg: 3.0, Max: 4, Diff: 2, Sum: 6]
      [Scan RS (ms): Min: 0.0, Avg: 0.0, Max: 0.0, Diff: 0.0, Sum: 0.1]
      [Code Root Scanning (ms): Min: 0.0, Avg: 0.0, Max: 0.0, Diff: 0.0, Sum: 0.0]
      [Object Copy (ms): Min: 11.9, Avg: 11.9, Max: 11.9, Diff: 0.0, Sum: 23.9]
      [Termination (ms): Min: 0.0, Avg: 0.0, Max: 0.0, Diff: 0.0, Sum: 0.0]
      [GC Worker Other (ms): Min: 0.0, Avg: 0.0, Max: 0.0, Diff: 0.0, Sum: 0.1]
      [GC Worker Total (ms): Min: 13.6, Avg: 13.6, Max: 13.6, Diff: 0.0, Sum: 27.2]
      [GC Worker End (ms): Min: 19417.7, Avg: 19417.7, Max: 19417.7, Diff: 0.0]
   [Code Root Fixup: 0.0 ms]
   [Code Root Migration: 0.0 ms]
   [Clear CT: 0.1 ms]
   [Other: 0.3 ms]
      [Choose CSet: 0.0 ms]
      [Ref Proc: 0.1 ms]
      [Ref Enq: 0.0 ms]
      [Free CSet: 0.1 ms]
   [Eden: 20.0M(20.0M)->0.0B(8192.0K) Survivors: 5120.0K->4096.0K Heap: 112.0M(256.0M)->108.0M(256.0M)]
 [Times: user=0.03 sys=0.00, real=0.01 secs] 
2014-07-10T16:12:48.444+0200: 19.430: [GC pause (mixed), 0.0084353 secs]
   [Parallel Time: 8.0 ms, GC Workers: 2]
      [GC Worker Start (ms): Min: 19430.3, Avg: 19430.3, Max: 19430.3, Diff: 0.0]
      [Ext Root Scanning (ms): Min: 1.1, Avg: 1.2, Max: 1.2, Diff: 0.0, Sum: 2.3]
      [Update RS (ms): Min: 0.3, Avg: 0.3, Max: 0.3, Diff: 0.1, Sum: 0.6]
         [Processed Buffers: Min: 2, Avg: 3.5, Max: 5, Diff: 3, Sum: 7]
      [Scan RS (ms): Min: 0.1, Avg: 0.1, Max: 0.1, Diff: 0.0, Sum: 0.2]
      [Code Root Scanning (ms): Min: 0.0, Avg: 0.0, Max: 0.1, Diff: 0.0, Sum: 0.1]
      [Object Copy (ms): Min: 6.3, Avg: 6.3, Max: 6.3, Diff: 0.0, Sum: 12.6]
      [Termination (ms): Min: 0.0, Avg: 0.0, Max: 0.0, Diff: 0.0, Sum: 0.0]
      [GC Worker Other (ms): Min: 0.0, Avg: 0.0, Max: 0.0, Diff: 0.0, Sum: 0.1]
      [GC Worker Total (ms): Min: 8.0, Avg: 8.0, Max: 8.0, Diff: 0.0, Sum: 15.9]
      [GC Worker End (ms): Min: 19438.2, Avg: 19438.2, Max: 19438.2, Diff: 0.0]
   [Code Root Fixup: 0.0 ms]
   [Code Root Migration: 0.0 ms]
   [Clear CT: 0.1 ms]
   [Other: 0.3 ms]
      [Choose CSet: 0.0 ms]
      [Ref Proc: 0.0 ms]
      [Ref Enq: 0.0 ms]
      [Free CSet: 0.1 ms]
   [Eden: 8192.0K(8192.0K)->0.0B(65.0M) Survivors: 4096.0K->2048.0K Heap: 116.0M(256.0M)->100.0M(256.0M)]
 [Times: user=0.00 sys=0.00, real=0.01 secs] 
2014-07-10T16:12:48.559+0200: 19.545: [GC pause (young), 0.0429957 secs]
   [Parallel Time: 42.5 ms, GC Workers: 2]
      [GC Worker Start (ms): Min: 19545.1, Avg: 19545.1, Max: 19545.1, Diff: 0.0]
      [Ext Root Scanning (ms): Min: 1.0, Avg: 1.0, Max: 1.0, Diff: 0.0, Sum: 1.9]
      [Update RS (ms): Min: 0.4, Avg: 0.4, Max: 0.4, Diff: 0.0, Sum: 0.8]
         [Processed Buffers: Min: 1, Avg: 2.5, Max: 4, Diff: 3, Sum: 5]
      [Scan RS (ms): Min: 0.1, Avg: 0.1, Max: 0.1, Diff: 0.0, Sum: 0.2]
      [Code Root Scanning (ms): Min: 0.0, Avg: 0.0, Max: 0.0, Diff: 0.0, Sum: 0.1]
      [Object Copy (ms): Min: 40.9, Avg: 40.9, Max: 40.9, Diff: 0.0, Sum: 81.8]
      [Termination (ms): Min: 0.0, Avg: 0.0, Max: 0.0, Diff: 0.0, Sum: 0.0]
      [GC Worker Other (ms): Min: 0.0, Avg: 0.0, Max: 0.0, Diff: 0.0, Sum: 0.1]
      [GC Worker Total (ms): Min: 42.5, Avg: 42.5, Max: 42.5, Diff: 0.0, Sum: 84.9]
      [GC Worker End (ms): Min: 19587.6, Avg: 19587.6, Max: 19587.6, Diff: 0.0]
   [Code Root Fixup: 0.0 ms]
   [Code Root Migration: 0.0 ms]
   [Clear CT: 0.1 ms]
   [Other: 0.4 ms]
      [Choose CSet: 0.0 ms]
      [Ref Proc: 0.0 ms]
      [Ref Enq: 0.0 ms]
      [Free CSet: 0.1 ms]
   [Eden: 65.0M(65.0M)->0.0B(27.0M) Survivors: 2048.0K->9216.0K Heap: 165.0M(256.0M)->174.5M(256.0M)]
 [Times: user=0.09 sys=0.00, real=0.04 secs] 
2014-07-10T16:12:48.646+0200: 19.632: [GC pause (young) (initial-mark), 0.0189127 secs]
   [Parallel Time: 18.5 ms, GC Workers: 2]
      [GC Worker Start (ms): Min: 19632.5, Avg: 19632.5, Max: 19632.5, Diff: 0.0]
      [Ext Root Scanning (ms): Min: 0.9, Avg: 1.0, Max: 1.1, Diff: 0.2, Sum: 2.0]
      [Code Root Marking (ms): Min: 0.0, Avg: 0.0, Max: 0.1, Diff: 0.1, Sum: 0.1]
      [Update RS (ms): Min: 0.9, Avg: 0.9, Max: 1.0, Diff: 0.1, Sum: 1.8]
         [Processed Buffers: Min: 4, Avg: 5.0, Max: 6, Diff: 2, Sum: 10]
      [Scan RS (ms): Min: 0.0, Avg: 0.0, Max: 0.1, Diff: 0.0, Sum: 0.1]
      [Code Root Scanning (ms): Min: 0.0, Avg: 0.0, Max: 0.0, Diff: 0.0, Sum: 0.0]
      [Object Copy (ms): Min: 16.0, Avg: 16.1, Max: 16.2, Diff: 0.2, Sum: 32.1]
      [Termination (ms): Min: 0.0, Avg: 0.2, Max: 0.5, Diff: 0.5, Sum: 0.5]
      [GC Worker Other (ms): Min: 0.0, Avg: 0.0, Max: 0.0, Diff: 0.0, Sum: 0.0]
      [GC Worker Total (ms): Min: 18.2, Avg: 18.4, Max: 18.5, Diff: 0.2, Sum: 36.7]
      [GC Worker End (ms): Min: 19650.7, Avg: 19650.8, Max: 19651.0, Diff: 0.2]
   [Code Root Fixup: 0.0 ms]
   [Code Root Migration: 0.0 ms]
   [Clear CT: 0.0 ms]
   [Other: 0.3 ms]
      [Choose CSet: 0.0 ms]
      [Ref Proc: 0.0 ms]
      [Ref Enq: 0.0 ms]
      [Free CSet: 0.1 ms]
   [Eden: 27.0M(27.0M)->0.0B(18.0M) Survivors: 9216.0K->5120.0K Heap: 201.5M(256.0M)->193.0M(256.0M)]
 [Times: user=0.06 sys=0.00, real=0.02 secs] 
2014-07-10T16:12:48.665+0200: 19.652: [GC concurrent-root-region-scan-start]
2014-07-10T16:12:48.665+0200: 19.652: [GC concurrent-root-region-scan-end, 0.0000865 secs]
2014-07-10T16:12:48.665+0200: 19.652: [GC concurrent-mark-start]
2014-07-10T16:12:48.670+0200: 19.657: [GC concurrent-mark-end, 0.0032938 secs]
2014-07-10T16:12:48.673+0200: 19.659: [GC remark 2014-07-10T16:12:48.673+0200: 19.660: [GC ref-proc, 0.0000708 secs], 0.0011032 secs]
 [Times: user=0.00 sys=0.00, real=0.00 secs] 
2014-07-10T16:12:48.675+0200: 19.661: [GC cleanup 197M->87M(256M), 0.0010170 secs]
 [Times: user=0.00 sys=0.00, real=0.00 secs] 
2014-07-10T16:12:48.676+0200: 19.662: [GC concurrent-cleanup-start]
2014-07-10T16:12:48.676+0200: 19.663: [GC concurrent-cleanup-end, 0.0002009 secs]
2014-07-10T16:12:48.700+0200: 19.686: [GC pause (young), 0.0124169 secs]
   [Parallel Time: 12.1 ms, GC Workers: 2]
      [GC Worker Start (ms): Min: 19686.2, Avg: 19686.2, Max: 19686.2, Diff: 0.0]
      [Ext Root Scanning (ms): Min: 0.9, Avg: 1.0, Max: 1.0, Diff: 0.1, Sum: 1.9]
      [Update RS (ms): Min: 0.4, Avg: 0.4, Max: 0.5, Diff: 0.1, Sum: 0.9]
         [Processed Buffers: Min: 3, Avg: 3.5, Max: 4, Diff: 1, Sum: 7]
      [Scan RS (ms): Min: 0.0, Avg: 0.0, Max: 0.0, Diff: 0.0, Sum: 0.1]
      [Code Root Scanning (ms): Min: 0.0, Avg: 0.0, Max: 0.0, Diff: 0.0, Sum: 0.0]
      [Object Copy (ms): Min: 10.5, Avg: 10.6, Max: 10.6, Diff: 0.1, Sum: 21.1]
      [Termination (ms): Min: 0.0, Avg: 0.0, Max: 0.0, Diff: 0.0, Sum: 0.0]
      [GC Worker Other (ms): Min: 0.0, Avg: 0.0, Max: 0.0, Diff: 0.0, Sum: 0.0]
      [GC Worker Total (ms): Min: 12.0, Avg: 12.0, Max: 12.0, Diff: 0.0, Sum: 24.1]
      [GC Worker End (ms): Min: 19698.3, Avg: 19698.3, Max: 19698.3, Diff: 0.0]
   [Code Root Fixup: 0.0 ms]
   [Code Root Migration: 0.0 ms]
   [Clear CT: 0.0 ms]
   [Other: 0.3 ms]
      [Choose CSet: 0.0 ms]
      [Ref Proc: 0.1 ms]
      [Ref Enq: 0.0 ms]
      [Free CSet: 0.1 ms]
   [Eden: 18.0M(18.0M)->0.0B(9216.0K) Survivors: 5120.0K->3072.0K Heap: 101.0M(256.0M)->97.0M(256.0M)]
 [Times: user=0.03 sys=0.00, real=0.01 secs] 
2014-07-10T16:12:48.727+0200: 19.713: [GC pause (mixed), 0.0091389 secs]
   [Parallel Time: 8.8 ms, GC Workers: 2]
      [GC Worker Start (ms): Min: 19713.2, Avg: 19713.2, Max: 19713.2, Diff: 0.0]
      [Ext Root Scanning (ms): Min: 1.0, Avg: 1.0, Max: 1.1, Diff: 0.1, Sum: 2.0]
      [Update RS (ms): Min: 0.3, Avg: 0.3, Max: 0.3, Diff: 0.1, Sum: 0.6]
         [Processed Buffers: Min: 2, Avg: 3.5, Max: 5, Diff: 3, Sum: 7]
      [Scan RS (ms): Min: 0.1, Avg: 0.1, Max: 0.1, Diff: 0.0, Sum: 0.2]
      [Code Root Scanning (ms): Min: 0.0, Avg: 0.0, Max: 0.0, Diff: 0.0, Sum: 0.0]
      [Object Copy (ms): Min: 7.3, Avg: 7.3, Max: 7.3, Diff: 0.0, Sum: 14.6]
      [Termination (ms): Min: 0.0, Avg: 0.0, Max: 0.0, Diff: 0.0, Sum: 0.0]
      [GC Worker Other (ms): Min: 0.0, Avg: 0.0, Max: 0.0, Diff: 0.0, Sum: 0.1]
      [GC Worker Total (ms): Min: 8.8, Avg: 8.8, Max: 8.8, Diff: 0.0, Sum: 17.5]
      [GC Worker End (ms): Min: 19722.0, Avg: 19722.0, Max: 19722.0, Diff: 0.0]
   [Code Root Fixup: 0.0 ms]
   [Code Root Migration: 0.0 ms]
   [Clear CT: 0.1 ms]
   [Other: 0.3 ms]
      [Choose CSet: 0.0 ms]
      [Ref Proc: 0.0 ms]
      [Ref Enq: 0.0 ms]
      [Free CSet: 0.1 ms]
   [Eden: 9216.0K(9216.0K)->0.0B(66.0M) Survivors: 3072.0K->2048.0K Heap: 106.0M(256.0M)->100.0M(256.0M)]
 [Times: user=0.00 sys=0.00, real=0.01 secs] 
2014-07-10T16:12:48.844+0200: 19.830: [GC pause (young), 0.0442939 secs]
   [Parallel Time: 43.8 ms, GC Workers: 2]
      [GC Worker Start (ms): Min: 19830.3, Avg: 19830.3, Max: 19830.3, Diff: 0.0]
      [Ext Root Scanning (ms): Min: 1.1, Avg: 1.2, Max: 1.2, Diff: 0.1, Sum: 2.3]
      [Update RS (ms): Min: 0.5, Avg: 0.5, Max: 0.5, Diff: 0.0, Sum: 0.9]
         [Processed Buffers: Min: 1, Avg: 2.5, Max: 4, Diff: 3, Sum: 5]
      [Scan RS (ms): Min: 0.1, Avg: 0.1, Max: 0.1, Diff: 0.0, Sum: 0.2]
      [Code Root Scanning (ms): Min: 0.0, Avg: 0.0, Max: 0.1, Diff: 0.0, Sum: 0.1]
      [Object Copy (ms): Min: 42.0, Avg: 42.0, Max: 42.0, Diff: 0.0, Sum: 83.9]
      [Termination (ms): Min: 0.0, Avg: 0.0, Max: 0.0, Diff: 0.0, Sum: 0.0]
      [GC Worker Other (ms): Min: 0.0, Avg: 0.0, Max: 0.0, Diff: 0.0, Sum: 0.1]
      [GC Worker Total (ms): Min: 43.8, Avg: 43.8, Max: 43.8, Diff: 0.0, Sum: 87.5]
      [GC Worker End (ms): Min: 19874.1, Avg: 19874.1, Max: 19874.1, Diff: 0.0]
   [Code Root Fixup: 0.0 ms]
   [Code Root Migration: 0.0 ms]
   [Clear CT: 0.1 ms]
   [Other: 0.4 ms]
      [Choose CSet: 0.0 ms]
      [Ref Proc: 0.0 ms]
      [Ref Enq: 0.0 ms]
      [Free CSet: 0.1 ms]
   [Eden: 66.0M(66.0M)->0.0B(27.0M) Survivors: 2048.0K->9216.0K Heap: 166.0M(256.0M)->174.0M(256.0M)]
 [Times: user=0.08 sys=0.00, real=0.04 secs] 
2014-07-10T16:12:48.931+0200: 19.917: [GC pause (young) (initial-mark), 0.0224060 secs]
   [Parallel Time: 21.9 ms, GC Workers: 2]
      [GC Worker Start (ms): Min: 19917.5, Avg: 19917.5, Max: 19917.5, Diff: 0.0]
      [Ext Root Scanning (ms): Min: 1.2, Avg: 1.2, Max: 1.2, Diff: 0.0, Sum: 2.5]
      [Code Root Marking (ms): Min: 0.1, Avg: 0.1, Max: 0.1, Diff: 0.0, Sum: 0.1]
      [Update RS (ms): Min: 0.9, Avg: 0.9, Max: 0.9, Diff: 0.0, Sum: 1.7]
         [Processed Buffers: Min: 4, Avg: 5.0, Max: 6, Diff: 2, Sum: 10]
      [Scan RS (ms): Min: 0.1, Avg: 0.1, Max: 0.1, Diff: 0.0, Sum: 0.1]
      [Code Root Scanning (ms): Min: 0.0, Avg: 0.0, Max: 0.0, Diff: 0.0, Sum: 0.1]
      [Object Copy (ms): Min: 16.9, Avg: 18.3, Max: 19.6, Diff: 2.6, Sum: 36.5]
      [Termination (ms): Min: 0.0, Avg: 1.3, Max: 2.7, Diff: 2.7, Sum: 2.7]
      [GC Worker Other (ms): Min: 0.0, Avg: 0.0, Max: 0.0, Diff: 0.0, Sum: 0.1]
      [GC Worker Total (ms): Min: 21.8, Avg: 21.9, Max: 21.9, Diff: 0.0, Sum: 43.7]
      [GC Worker End (ms): Min: 19939.4, Avg: 19939.4, Max: 19939.4, Diff: 0.0]
   [Code Root Fixup: 0.0 ms]
   [Code Root Migration: 0.0 ms]
   [Clear CT: 0.0 ms]
   [Other: 0.5 ms]
      [Choose CSet: 0.0 ms]
      [Ref Proc: 0.1 ms]
      [Ref Enq: 0.0 ms]
      [Free CSet: 0.1 ms]
   [Eden: 27.0M(27.0M)->0.0B(18.0M) Survivors: 9216.0K->5120.0K Heap: 201.0M(256.0M)->192.5M(256.0M)]
 [Times: user=0.03 sys=0.00, real=0.02 secs] 
2014-07-10T16:12:48.954+0200: 19.940: [GC concurrent-root-region-scan-start]
2014-07-10T16:12:48.954+0200: 19.940: [GC concurrent-root-region-scan-end, 0.0000840 secs]
2014-07-10T16:12:48.954+0200: 19.940: [GC concurrent-mark-start]
2014-07-10T16:12:48.974+0200: 19.960: [GC concurrent-mark-end, 0.0032949 secs]
2014-07-10T16:12:48.974+0200: 19.961: [GC remark 2014-07-10T16:12:48.978+0200: 19.965: [GC ref-proc, 0.0000671 secs], 0.0047368 secs]
 [Times: user=0.00 sys=0.00, real=0.01 secs] 
2014-07-10T16:12:48.980+0200: 19.967: [GC cleanup 195M->88M(256M), 0.0017118 secs]
 [Times: user=0.00 sys=0.00, real=0.00 secs] 
2014-07-10T16:12:48.982+0200: 19.969: [GC concurrent-cleanup-start]
2014-07-10T16:12:48.982+0200: 19.969: [GC concurrent-cleanup-end, 0.0001800 secs]
2014-07-10T16:12:49.005+0200: 19.992: [GC pause (young), 0.0126819 secs]
   [Parallel Time: 12.3 ms, GC Workers: 2]
      [GC Worker Start (ms): Min: 19991.6, Avg: 19991.6, Max: 19991.6, Diff: 0.0]
      [Ext Root Scanning (ms): Min: 1.1, Avg: 1.1, Max: 1.1, Diff: 0.0, Sum: 2.2]
      [Update RS (ms): Min: 0.3, Avg: 0.5, Max: 0.6, Diff: 0.3, Sum: 0.9]
         [Processed Buffers: Min: 2, Avg: 3.0, Max: 4, Diff: 2, Sum: 6]
      [Scan RS (ms): Min: 0.0, Avg: 0.0, Max: 0.1, Diff: 0.1, Sum: 0.1]
      [Code Root Scanning (ms): Min: 0.0, Avg: 0.0, Max: 0.0, Diff: 0.0, Sum: 0.0]
      [Object Copy (ms): Min: 10.6, Avg: 10.6, Max: 10.7, Diff: 0.1, Sum: 21.3]
      [Termination (ms): Min: 0.0, Avg: 0.0, Max: 0.0, Diff: 0.0, Sum: 0.0]
      [GC Worker Other (ms): Min: 0.0, Avg: 0.0, Max: 0.0, Diff: 0.0, Sum: 0.1]
      [GC Worker Total (ms): Min: 12.3, Avg: 12.3, Max: 12.3, Diff: 0.0, Sum: 24.6]
      [GC Worker End (ms): Min: 20003.9, Avg: 20003.9, Max: 20003.9, Diff: 0.0]
   [Code Root Fixup: 0.1 ms]
   [Code Root Migration: 0.0 ms]
   [Clear CT: 0.0 ms]
   [Other: 0.3 ms]
      [Choose CSet: 0.0 ms]
      [Ref Proc: 0.1 ms]
      [Ref Enq: 0.0 ms]
      [Free CSet: 0.1 ms]
   [Eden: 18.0M(18.0M)->0.0B(9216.0K) Survivors: 5120.0K->3072.0K Heap: 103.5M(256.0M)->99.5M(256.0M)]
 [Times: user=0.00 sys=0.00, real=0.01 secs] 
2014-07-10T16:12:49.032+0200: 20.018: [GC pause (mixed), 0.0087305 secs]
   [Parallel Time: 8.3 ms, GC Workers: 2]
      [GC Worker Start (ms): Min: 20018.4, Avg: 20018.4, Max: 20018.4, Diff: 0.0]
      [Ext Root Scanning (ms): Min: 1.1, Avg: 1.1, Max: 1.2, Diff: 0.0, Sum: 2.3]
      [Update RS (ms): Min: 0.3, Avg: 0.3, Max: 0.3, Diff: 0.0, Sum: 0.6]
         [Processed Buffers: Min: 1, Avg: 3.5, Max: 6, Diff: 5, Sum: 7]
      [Scan RS (ms): Min: 0.0, Avg: 0.1, Max: 0.2, Diff: 0.1, Sum: 0.2]
      [Code Root Scanning (ms): Min: 0.0, Avg: 0.1, Max: 0.1, Diff: 0.1, Sum: 0.2]
      [Object Copy (ms): Min: 6.6, Avg: 6.6, Max: 6.7, Diff: 0.1, Sum: 13.3]
      [Termination (ms): Min: 0.0, Avg: 0.0, Max: 0.0, Diff: 0.0, Sum: 0.0]
      [GC Worker Other (ms): Min: 0.0, Avg: 0.0, Max: 0.0, Diff: 0.0, Sum: 0.1]
      [GC Worker Total (ms): Min: 8.3, Avg: 8.3, Max: 8.3, Diff: 0.0, Sum: 16.6]
      [GC Worker End (ms): Min: 20026.7, Avg: 20026.7, Max: 20026.7, Diff: 0.0]
   [Code Root Fixup: 0.0 ms]
   [Code Root Migration: 0.0 ms]
   [Clear CT: 0.1 ms]
   [Other: 0.3 ms]
      [Choose CSet: 0.0 ms]
      [Ref Proc: 0.0 ms]
      [Ref Enq: 0.0 ms]
      [Free CSet: 0.1 ms]
   [Eden: 9216.0K(9216.0K)->0.0B(68.0M) Survivors: 3072.0K->2048.0K Heap: 108.5M(256.0M)->97.5M(256.0M)]
 [Times: user=0.03 sys=0.00, real=0.01 secs] 
2014-07-10T16:12:49.152+0200: 20.138: [GC pause (young), 0.0451027 secs]
   [Parallel Time: 44.6 ms, GC Workers: 2]
      [GC Worker Start (ms): Min: 20138.3, Avg: 20138.3, Max: 20138.3, Diff: 0.0]
      [Ext Root Scanning (ms): Min: 1.0, Avg: 1.1, Max: 1.1, Diff: 0.0, Sum: 2.1]
      [Update RS (ms): Min: 0.4, Avg: 0.4, Max: 0.5, Diff: 0.1, Sum: 0.9]
         [Processed Buffers: Min: 1, Avg: 2.0, Max: 3, Diff: 2, Sum: 4]
      [Scan RS (ms): Min: 0.1, Avg: 0.1, Max: 0.1, Diff: 0.0, Sum: 0.2]
      [Code Root Scanning (ms): Min: 0.0, Avg: 0.0, Max: 0.0, Diff: 0.0, Sum: 0.1]
      [Object Copy (ms): Min: 42.9, Avg: 42.9, Max: 42.9, Diff: 0.0, Sum: 85.8]
      [Termination (ms): Min: 0.0, Avg: 0.0, Max: 0.0, Diff: 0.0, Sum: 0.0]
      [GC Worker Other (ms): Min: 0.0, Avg: 0.0, Max: 0.0, Diff: 0.0, Sum: 0.1]
      [GC Worker Total (ms): Min: 44.6, Avg: 44.6, Max: 44.6, Diff: 0.0, Sum: 89.2]
      [GC Worker End (ms): Min: 20182.9, Avg: 20182.9, Max: 20182.9, Diff: 0.0]
   [Code Root Fixup: 0.0 ms]
   [Code Root Migration: 0.0 ms]
   [Clear CT: 0.1 ms]
   [Other: 0.4 ms]
      [Choose CSet: 0.0 ms]
      [Ref Proc: 0.0 ms]
      [Ref Enq: 0.0 ms]
      [Free CSet: 0.1 ms]
   [Eden: 68.0M(68.0M)->0.0B(28.0M) Survivors: 2048.0K->9216.0K Heap: 165.5M(256.0M)->173.5M(256.0M)]
 [Times: user=0.09 sys=0.00, real=0.05 secs] 
2014-07-10T16:12:49.257+0200: 20.243: [GC pause (young) (initial-mark), 0.0190946 secs]
   [Parallel Time: 18.4 ms, GC Workers: 2]
      [GC Worker Start (ms): Min: 20243.2, Avg: 20243.2, Max: 20243.2, Diff: 0.0]
      [Ext Root Scanning (ms): Min: 1.1, Avg: 1.1, Max: 1.1, Diff: 0.0, Sum: 2.1]
      [Code Root Marking (ms): Min: 0.1, Avg: 0.1, Max: 0.1, Diff: 0.0, Sum: 0.1]
      [Update RS (ms): Min: 0.9, Avg: 0.9, Max: 0.9, Diff: 0.0, Sum: 1.8]
         [Processed Buffers: Min: 4, Avg: 5.0, Max: 6, Diff: 2, Sum: 10]
      [Scan RS (ms): Min: 0.0, Avg: 0.0, Max: 0.0, Diff: 0.0, Sum: 0.1]
      [Code Root Scanning (ms): Min: 0.0, Avg: 0.0, Max: 0.0, Diff: 0.0, Sum: 0.1]
      [Object Copy (ms): Min: 16.2, Avg: 16.2, Max: 16.2, Diff: 0.0, Sum: 32.4]
      [Termination (ms): Min: 0.0, Avg: 0.0, Max: 0.0, Diff: 0.0, Sum: 0.0]
      [GC Worker Other (ms): Min: 0.0, Avg: 0.0, Max: 0.0, Diff: 0.0, Sum: 0.1]
      [GC Worker Total (ms): Min: 18.3, Avg: 18.3, Max: 18.3, Diff: 0.0, Sum: 36.6]
      [GC Worker End (ms): Min: 20261.5, Avg: 20261.5, Max: 20261.5, Diff: 0.0]
   [Code Root Fixup: 0.0 ms]
   [Code Root Migration: 0.0 ms]
   [Clear CT: 0.0 ms]
   [Other: 0.6 ms]
      [Choose CSet: 0.0 ms]
      [Ref Proc: 0.4 ms]
      [Ref Enq: 0.0 ms]
      [Free CSet: 0.1 ms]
   [Eden: 28.0M(28.0M)->0.0B(19.0M) Survivors: 9216.0K->5120.0K Heap: 201.5M(256.0M)->191.5M(256.0M)]
 [Times: user=0.03 sys=0.00, real=0.02 secs] 
2014-07-10T16:12:49.276+0200: 20.263: [GC concurrent-root-region-scan-start]
2014-07-10T16:12:49.276+0200: 20.263: [GC concurrent-root-region-scan-end, 0.0000898 secs]
2014-07-10T16:12:49.276+0200: 20.263: [GC concurrent-mark-start]
2014-07-10T16:12:49.280+0200: 20.267: [GC concurrent-mark-end, 0.0034569 secs]
2014-07-10T16:12:49.280+0200: 20.267: [GC remark 2014-07-10T16:12:49.280+0200: 20.267: [GC ref-proc, 0.0000968 secs], 0.0015692 secs]
 [Times: user=0.00 sys=0.00, real=0.00 secs] 
2014-07-10T16:12:49.282+0200: 20.268: [GC cleanup 195M->86M(256M), 0.0007728 secs]
 [Times: user=0.00 sys=0.00, real=0.00 secs] 
2014-07-10T16:12:49.283+0200: 20.269: [GC concurrent-cleanup-start]
2014-07-10T16:12:49.283+0200: 20.269: [GC concurrent-cleanup-end, 0.0001661 secs]
2014-07-10T16:12:49.307+0200: 20.293: [GC pause (young), 0.0134856 secs]
   [Parallel Time: 13.1 ms, GC Workers: 2]
      [GC Worker Start (ms): Min: 20293.2, Avg: 20293.2, Max: 20293.2, Diff: 0.0]
      [Ext Root Scanning (ms): Min: 1.1, Avg: 1.1, Max: 1.1, Diff: 0.0, Sum: 2.2]
      [Update RS (ms): Min: 0.5, Avg: 0.5, Max: 0.5, Diff: 0.0, Sum: 1.0]
         [Processed Buffers: Min: 3, Avg: 3.0, Max: 3, Diff: 0, Sum: 6]
      [Scan RS (ms): Min: 0.0, Avg: 0.0, Max: 0.1, Diff: 0.0, Sum: 0.1]
      [Code Root Scanning (ms): Min: 0.0, Avg: 0.0, Max: 0.0, Diff: 0.0, Sum: 0.0]
      [Object Copy (ms): Min: 11.3, Avg: 11.3, Max: 11.3, Diff: 0.0, Sum: 22.6]
      [Termination (ms): Min: 0.0, Avg: 0.0, Max: 0.0, Diff: 0.0, Sum: 0.0]
      [GC Worker Other (ms): Min: 0.0, Avg: 0.1, Max: 0.2, Diff: 0.2, Sum: 0.2]
      [GC Worker Total (ms): Min: 12.9, Avg: 13.0, Max: 13.1, Diff: 0.2, Sum: 26.1]
      [GC Worker End (ms): Min: 20306.1, Avg: 20306.2, Max: 20306.3, Diff: 0.2]
   [Code Root Fixup: 0.0 ms]
   [Code Root Migration: 0.0 ms]
   [Clear CT: 0.0 ms]
   [Other: 0.3 ms]
      [Choose CSet: 0.0 ms]
      [Ref Proc: 0.1 ms]
      [Ref Enq: 0.0 ms]
      [Free CSet: 0.1 ms]
   [Eden: 19.0M(19.0M)->0.0B(9216.0K) Survivors: 5120.0K->3072.0K Heap: 101.5M(256.0M)->97.0M(256.0M)]
 [Times: user=0.03 sys=0.00, real=0.01 secs] 
2014-07-10T16:12:49.334+0200: 20.320: [GC pause (mixed), 0.0087884 secs]
   [Parallel Time: 8.4 ms, GC Workers: 2]
      [GC Worker Start (ms): Min: 20320.4, Avg: 20320.5, Max: 20320.5, Diff: 0.1]
      [Ext Root Scanning (ms): Min: 1.1, Avg: 1.1, Max: 1.1, Diff: 0.0, Sum: 2.2]
      [Update RS (ms): Min: 0.3, Avg: 0.3, Max: 0.3, Diff: 0.0, Sum: 0.6]
         [Processed Buffers: Min: 1, Avg: 3.5, Max: 6, Diff: 5, Sum: 7]
      [Scan RS (ms): Min: 0.1, Avg: 0.1, Max: 0.1, Diff: 0.0, Sum: 0.2]
      [Code Root Scanning (ms): Min: 0.0, Avg: 0.0, Max: 0.0, Diff: 0.0, Sum: 0.0]
      [Object Copy (ms): Min: 6.7, Avg: 6.8, Max: 6.8, Diff: 0.1, Sum: 13.5]
      [Termination (ms): Min: 0.0, Avg: 0.0, Max: 0.0, Diff: 0.0, Sum: 0.0]
      [GC Worker Other (ms): Min: 0.0, Avg: 0.0, Max: 0.0, Diff: 0.0, Sum: 0.1]
      [GC Worker Total (ms): Min: 8.3, Avg: 8.3, Max: 8.4, Diff: 0.1, Sum: 16.6]
      [GC Worker End (ms): Min: 20328.8, Avg: 20328.8, Max: 20328.8, Diff: 0.0]
   [Code Root Fixup: 0.0 ms]
   [Code Root Migration: 0.0 ms]
   [Clear CT: 0.1 ms]
   [Other: 0.3 ms]
      [Choose CSet: 0.0 ms]
      [Ref Proc: 0.0 ms]
      [Ref Enq: 0.0 ms]
      [Free CSet: 0.1 ms]
   [Eden: 9216.0K(9216.0K)->0.0B(71.0M) Survivors: 3072.0K->2048.0K Heap: 106.0M(256.0M)->98.5M(256.0M)]
 [Times: user=0.00 sys=0.00, real=0.01 secs] 
2014-07-10T16:12:49.460+0200: 20.446: [GC pause (young), 0.0477486 secs]
   [Parallel Time: 47.2 ms, GC Workers: 2]
      [GC Worker Start (ms): Min: 20446.5, Avg: 20446.5, Max: 20446.5, Diff: 0.0]
      [Ext Root Scanning (ms): Min: 1.1, Avg: 1.1, Max: 1.2, Diff: 0.1, Sum: 2.3]
      [Update RS (ms): Min: 0.4, Avg: 0.5, Max: 0.5, Diff: 0.1, Sum: 0.9]
         [Processed Buffers: Min: 2, Avg: 2.5, Max: 3, Diff: 1, Sum: 5]
      [Scan RS (ms): Min: 0.1, Avg: 0.1, Max: 0.1, Diff: 0.0, Sum: 0.2]
      [Code Root Scanning (ms): Min: 0.1, Avg: 0.1, Max: 0.1, Diff: 0.0, Sum: 0.1]
      [Object Copy (ms): Min: 45.4, Avg: 45.4, Max: 45.4, Diff: 0.0, Sum: 90.8]
      [Termination (ms): Min: 0.0, Avg: 0.0, Max: 0.0, Diff: 0.0, Sum: 0.0]
      [GC Worker Other (ms): Min: 0.0, Avg: 0.0, Max: 0.0, Diff: 0.0, Sum: 0.1]
      [GC Worker Total (ms): Min: 47.2, Avg: 47.2, Max: 47.2, Diff: 0.0, Sum: 94.4]
      [GC Worker End (ms): Min: 20493.7, Avg: 20493.7, Max: 20493.7, Diff: 0.0]
   [Code Root Fixup: 0.0 ms]
   [Code Root Migration: 0.0 ms]
   [Clear CT: 0.1 ms]
   [Other: 0.4 ms]
      [Choose CSet: 0.0 ms]
      [Ref Proc: 0.0 ms]
      [Ref Enq: 0.0 ms]
      [Free CSet: 0.1 ms]
   [Eden: 71.0M(71.0M)->0.0B(25.0M) Survivors: 2048.0K->10.0M Heap: 169.5M(256.0M)->179.0M(256.0M)]
 [Times: user=0.09 sys=0.00, real=0.05 secs] 
2014-07-10T16:12:49.548+0200: 20.534: [GC pause (young) (initial-mark), 0.0175320 secs]
   [Parallel Time: 16.6 ms, GC Workers: 2]
      [GC Worker Start (ms): Min: 20534.5, Avg: 20534.5, Max: 20534.5, Diff: 0.0]
      [Ext Root Scanning (ms): Min: 1.1, Avg: 1.1, Max: 1.1, Diff: 0.0, Sum: 2.2]
      [Code Root Marking (ms): Min: 0.0, Avg: 0.1, Max: 0.1, Diff: 0.1, Sum: 0.1]
      [Update RS (ms): Min: 0.9, Avg: 0.9, Max: 1.0, Diff: 0.0, Sum: 1.9]
         [Processed Buffers: Min: 4, Avg: 6.0, Max: 8, Diff: 4, Sum: 12]
      [Scan RS (ms): Min: 0.0, Avg: 0.0, Max: 0.1, Diff: 0.0, Sum: 0.1]
      [Code Root Scanning (ms): Min: 0.0, Avg: 0.0, Max: 0.0, Diff: 0.0, Sum: 0.0]
      [Object Copy (ms): Min: 14.1, Avg: 14.1, Max: 14.2, Diff: 0.0, Sum: 28.3]
      [Termination (ms): Min: 0.0, Avg: 0.0, Max: 0.0, Diff: 0.0, Sum: 0.0]
      [GC Worker Other (ms): Min: 0.1, Avg: 0.1, Max: 0.1, Diff: 0.0, Sum: 0.2]
      [GC Worker Total (ms): Min: 16.4, Avg: 16.4, Max: 16.4, Diff: 0.0, Sum: 32.8]
      [GC Worker End (ms): Min: 20551.0, Avg: 20551.0, Max: 20551.0, Diff: 0.0]
   [Code Root Fixup: 0.0 ms]
   [Code Root Migration: 0.0 ms]
   [Clear CT: 0.4 ms]
   [Other: 0.5 ms]
      [Choose CSet: 0.0 ms]
      [Ref Proc: 0.2 ms]
      [Ref Enq: 0.0 ms]
      [Free CSet: 0.1 ms]
   [Eden: 25.0M(25.0M)->0.0B(18.0M) Survivors: 10.0M->5120.0K Heap: 204.0M(256.0M)->193.5M(256.0M)]
 [Times: user=0.00 sys=0.03, real=0.02 secs] 
2014-07-10T16:12:49.566+0200: 20.552: [GC concurrent-root-region-scan-start]
2014-07-10T16:12:49.566+0200: 20.552: [GC concurrent-root-region-scan-end, 0.0000895 secs]
2014-07-10T16:12:49.566+0200: 20.552: [GC concurrent-mark-start]
2014-07-10T16:12:49.569+0200: 20.556: [GC concurrent-mark-end, 0.0034463 secs]
2014-07-10T16:12:49.571+0200: 20.558: [GC remark 2014-07-10T16:12:49.572+0200: 20.558: [GC ref-proc, 0.0000664 secs], 0.0009675 secs]
 [Times: user=0.00 sys=0.00, real=0.00 secs] 
2014-07-10T16:12:49.572+0200: 20.559: [GC cleanup 194M->82M(256M), 0.0007798 secs]
 [Times: user=0.00 sys=0.00, real=0.00 secs] 
2014-07-10T16:12:49.573+0200: 20.560: [GC concurrent-cleanup-start]
2014-07-10T16:12:49.574+0200: 20.560: [GC concurrent-cleanup-end, 0.0002141 secs]
2014-07-10T16:12:49.600+0200: 20.586: [GC pause (young), 0.0132649 secs]
   [Parallel Time: 13.0 ms, GC Workers: 2]
      [GC Worker Start (ms): Min: 20586.3, Avg: 20586.3, Max: 20586.3, Diff: 0.0]
      [Ext Root Scanning (ms): Min: 1.0, Avg: 1.0, Max: 1.0, Diff: 0.0, Sum: 1.9]
      [Update RS (ms): Min: 0.4, Avg: 0.4, Max: 0.4, Diff: 0.1, Sum: 0.8]
         [Processed Buffers: Min: 2, Avg: 2.5, Max: 3, Diff: 1, Sum: 5]
      [Scan RS (ms): Min: 0.0, Avg: 0.0, Max: 0.0, Diff: 0.0, Sum: 0.1]
      [Code Root Scanning (ms): Min: 0.0, Avg: 0.0, Max: 0.0, Diff: 0.0, Sum: 0.0]
      [Object Copy (ms): Min: 11.5, Avg: 11.5, Max: 11.5, Diff: 0.0, Sum: 23.0]
      [Termination (ms): Min: 0.0, Avg: 0.0, Max: 0.0, Diff: 0.0, Sum: 0.0]
      [GC Worker Other (ms): Min: 0.0, Avg: 0.0, Max: 0.0, Diff: 0.0, Sum: 0.1]
      [GC Worker Total (ms): Min: 12.9, Avg: 12.9, Max: 13.0, Diff: 0.0, Sum: 25.9]
      [GC Worker End (ms): Min: 20599.3, Avg: 20599.3, Max: 20599.3, Diff: 0.0]
   [Code Root Fixup: 0.0 ms]
   [Code Root Migration: 0.0 ms]
   [Clear CT: 0.0 ms]
   [Other: 0.2 ms]
      [Choose CSet: 0.0 ms]
      [Ref Proc: 0.0 ms]
      [Ref Enq: 0.0 ms]
      [Free CSet: 0.1 ms]
   [Eden: 18.0M(18.0M)->0.0B(9216.0K) Survivors: 5120.0K->3072.0K Heap: 99.5M(256.0M)->97.0M(256.0M)]
 [Times: user=0.00 sys=0.00, real=0.01 secs] 
2014-07-10T16:12:49.628+0200: 20.614: [GC pause (mixed), 0.0096881 secs]
   [Parallel Time: 9.3 ms, GC Workers: 2]
      [GC Worker Start (ms): Min: 20614.2, Avg: 20614.2, Max: 20614.3, Diff: 0.0]
      [Ext Root Scanning (ms): Min: 1.1, Avg: 1.1, Max: 1.1, Diff: 0.0, Sum: 2.2]
      [Update RS (ms): Min: 0.3, Avg: 0.3, Max: 0.3, Diff: 0.1, Sum: 0.6]
         [Processed Buffers: Min: 1, Avg: 3.0, Max: 5, Diff: 4, Sum: 6]
      [Scan RS (ms): Min: 0.1, Avg: 0.1, Max: 0.1, Diff: 0.0, Sum: 0.2]
      [Code Root Scanning (ms): Min: 0.0, Avg: 0.0, Max: 0.0, Diff: 0.0, Sum: 0.0]
      [Object Copy (ms): Min: 7.7, Avg: 7.7, Max: 7.7, Diff: 0.0, Sum: 15.4]
      [Termination (ms): Min: 0.0, Avg: 0.0, Max: 0.0, Diff: 0.0, Sum: 0.0]
      [GC Worker Other (ms): Min: 0.0, Avg: 0.0, Max: 0.0, Diff: 0.0, Sum: 0.1]
      [GC Worker Total (ms): Min: 9.2, Avg: 9.2, Max: 9.2, Diff: 0.0, Sum: 18.5]
      [GC Worker End (ms): Min: 20623.5, Avg: 20623.5, Max: 20623.5, Diff: 0.0]
   [Code Root Fixup: 0.0 ms]
   [Code Root Migration: 0.0 ms]
   [Clear CT: 0.1 ms]
   [Other: 0.3 ms]
      [Choose CSet: 0.0 ms]
      [Ref Proc: 0.0 ms]
      [Ref Enq: 0.0 ms]
      [Free CSet: 0.1 ms]
   [Eden: 9216.0K(9216.0K)->0.0B(70.0M) Survivors: 3072.0K->2048.0K Heap: 106.0M(256.0M)->97.5M(256.0M)]
 [Times: user=0.03 sys=0.00, real=0.01 secs] 
2014-07-10T16:12:49.755+0200: 20.741: [GC pause (young), 0.0466560 secs]
   [Parallel Time: 46.1 ms, GC Workers: 2]
      [GC Worker Start (ms): Min: 20741.2, Avg: 20741.2, Max: 20741.2, Diff: 0.0]
      [Ext Root Scanning (ms): Min: 0.9, Avg: 0.9, Max: 1.0, Diff: 0.1, Sum: 1.9]
      [Update RS (ms): Min: 0.4, Avg: 0.4, Max: 0.5, Diff: 0.1, Sum: 0.8]
         [Processed Buffers: Min: 1, Avg: 2.5, Max: 4, Diff: 3, Sum: 5]
      [Scan RS (ms): Min: 0.0, Avg: 0.1, Max: 0.1, Diff: 0.1, Sum: 0.2]
      [Code Root Scanning (ms): Min: 0.0, Avg: 0.0, Max: 0.1, Diff: 0.0, Sum: 0.1]
      [Object Copy (ms): Min: 44.6, Avg: 44.6, Max: 44.6, Diff: 0.0, Sum: 89.2]
      [Termination (ms): Min: 0.0, Avg: 0.0, Max: 0.0, Diff: 0.0, Sum: 0.0]
      [GC Worker Other (ms): Min: 0.0, Avg: 0.0, Max: 0.0, Diff: 0.0, Sum: 0.1]
      [GC Worker Total (ms): Min: 46.1, Avg: 46.1, Max: 46.1, Diff: 0.0, Sum: 92.2]
      [GC Worker End (ms): Min: 20787.3, Avg: 20787.3, Max: 20787.3, Diff: 0.0]
   [Code Root Fixup: 0.0 ms]
   [Code Root Migration: 0.0 ms]
   [Clear CT: 0.1 ms]
   [Other: 0.4 ms]
      [Choose CSet: 0.0 ms]
      [Ref Proc: 0.0 ms]
      [Ref Enq: 0.0 ms]
      [Free CSet: 0.1 ms]
   [Eden: 70.0M(70.0M)->0.0B(28.0M) Survivors: 2048.0K->9216.0K Heap: 167.5M(256.0M)->173.5M(256.0M)]
 [Times: user=0.09 sys=0.00, real=0.05 secs] 
2014-07-10T16:12:49.846+0200: 20.832: [GC pause (young) (initial-mark), 0.0195881 secs]
   [Parallel Time: 19.2 ms, GC Workers: 2]
      [GC Worker Start (ms): Min: 20832.3, Avg: 20832.3, Max: 20832.3, Diff: 0.0]
      [Ext Root Scanning (ms): Min: 1.1, Avg: 1.1, Max: 1.1, Diff: 0.0, Sum: 2.2]
      [Code Root Marking (ms): Min: 0.0, Avg: 0.1, Max: 0.1, Diff: 0.0, Sum: 0.1]
      [Update RS (ms): Min: 1.1, Avg: 1.1, Max: 1.1, Diff: 0.0, Sum: 2.2]
         [Processed Buffers: Min: 4, Avg: 5.5, Max: 7, Diff: 3, Sum: 11]
      [Scan RS (ms): Min: 0.0, Avg: 0.0, Max: 0.0, Diff: 0.0, Sum: 0.1]
      [Code Root Scanning (ms): Min: 0.0, Avg: 0.0, Max: 0.0, Diff: 0.0, Sum: 0.0]
      [Object Copy (ms): Min: 16.6, Avg: 16.6, Max: 16.7, Diff: 0.1, Sum: 33.2]
      [Termination (ms): Min: 0.0, Avg: 0.1, Max: 0.3, Diff: 0.3, Sum: 0.3]
      [GC Worker Other (ms): Min: 0.0, Avg: 0.0, Max: 0.0, Diff: 0.0, Sum: 0.0]
      [GC Worker Total (ms): Min: 19.0, Avg: 19.1, Max: 19.1, Diff: 0.1, Sum: 38.2]
      [GC Worker End (ms): Min: 20851.3, Avg: 20851.3, Max: 20851.4, Diff: 0.1]
   [Code Root Fixup: 0.0 ms]
   [Code Root Migration: 0.0 ms]
   [Clear CT: 0.0 ms]
   [Other: 0.4 ms]
      [Choose CSet: 0.0 ms]
      [Ref Proc: 0.1 ms]
      [Ref Enq: 0.0 ms]
      [Free CSet: 0.1 ms]
   [Eden: 28.0M(28.0M)->0.0B(19.0M) Survivors: 9216.0K->5120.0K Heap: 201.5M(256.0M)->191.5M(256.0M)]
 [Times: user=0.05 sys=0.00, real=0.02 secs] 
2014-07-10T16:12:49.866+0200: 20.852: [GC concurrent-root-region-scan-start]
2014-07-10T16:12:49.866+0200: 20.852: [GC concurrent-root-region-scan-end, 0.0001148 secs]
2014-07-10T16:12:49.866+0200: 20.852: [GC concurrent-mark-start]
2014-07-10T16:12:49.869+0200: 20.856: [GC concurrent-mark-end, 0.0034690 secs]
2014-07-10T16:12:49.869+0200: 20.856: [GC remark 2014-07-10T16:12:49.870+0200: 20.856: [GC ref-proc, 0.0000645 secs], 0.0010636 secs]
 [Times: user=0.00 sys=0.00, real=0.00 secs] 
2014-07-10T16:12:49.871+0200: 20.857: [GC cleanup 194M->84M(256M), 0.0007662 secs]
 [Times: user=0.00 sys=0.00, real=0.00 secs] 
2014-07-10T16:12:49.871+0200: 20.858: [GC concurrent-cleanup-start]
2014-07-10T16:12:49.872+0200: 20.858: [GC concurrent-cleanup-end, 0.0002629 secs]
2014-07-10T16:12:49.897+0200: 20.883: [GC pause (young), 0.0127813 secs]
   [Parallel Time: 12.5 ms, GC Workers: 2]
      [GC Worker Start (ms): Min: 20883.1, Avg: 20883.1, Max: 20883.2, Diff: 0.0]
      [Ext Root Scanning (ms): Min: 1.1, Avg: 1.1, Max: 1.2, Diff: 0.0, Sum: 2.3]
      [Update RS (ms): Min: 0.5, Avg: 0.5, Max: 0.5, Diff: 0.1, Sum: 1.0]
         [Processed Buffers: Min: 2, Avg: 3.5, Max: 5, Diff: 3, Sum: 7]
      [Scan RS (ms): Min: 0.0, Avg: 0.0, Max: 0.0, Diff: 0.0, Sum: 0.1]
      [Code Root Scanning (ms): Min: 0.0, Avg: 0.0, Max: 0.0, Diff: 0.0, Sum: 0.0]
      [Object Copy (ms): Min: 10.7, Avg: 10.7, Max: 10.7, Diff: 0.0, Sum: 21.5]
      [Termination (ms): Min: 0.0, Avg: 0.0, Max: 0.0, Diff: 0.0, Sum: 0.0]
      [GC Worker Other (ms): Min: 0.0, Avg: 0.0, Max: 0.0, Diff: 0.0, Sum: 0.1]
      [GC Worker Total (ms): Min: 12.5, Avg: 12.5, Max: 12.5, Diff: 0.0, Sum: 24.9]
      [GC Worker End (ms): Min: 20895.6, Avg: 20895.6, Max: 20895.6, Diff: 0.0]
   [Code Root Fixup: 0.0 ms]
   [Code Root Migration: 0.0 ms]
   [Clear CT: 0.0 ms]
   [Other: 0.2 ms]
      [Choose CSet: 0.0 ms]
      [Ref Proc: 0.0 ms]
      [Ref Enq: 0.0 ms]
      [Free CSet: 0.1 ms]
   [Eden: 19.0M(19.0M)->0.0B(9216.0K) Survivors: 5120.0K->3072.0K Heap: 100.5M(256.0M)->95.0M(256.0M)]
 [Times: user=0.02 sys=0.00, real=0.01 secs] 
2014-07-10T16:12:49.923+0200: 20.909: [GC pause (mixed), 0.0085721 secs]
   [Parallel Time: 8.1 ms, GC Workers: 2]
      [GC Worker Start (ms): Min: 20909.2, Avg: 20909.2, Max: 20909.2, Diff: 0.0]
      [Ext Root Scanning (ms): Min: 1.0, Avg: 1.0, Max: 1.1, Diff: 0.1, Sum: 2.1]
      [Update RS (ms): Min: 0.3, Avg: 0.3, Max: 0.3, Diff: 0.0, Sum: 0.6]
         [Processed Buffers: Min: 1, Avg: 3.5, Max: 6, Diff: 5, Sum: 7]
      [Scan RS (ms): Min: 0.1, Avg: 0.1, Max: 0.1, Diff: 0.0, Sum: 0.2]
      [Code Root Scanning (ms): Min: 0.0, Avg: 0.0, Max: 0.0, Diff: 0.0, Sum: 0.0]
      [Object Copy (ms): Min: 6.6, Avg: 6.6, Max: 6.7, Diff: 0.0, Sum: 13.3]
      [Termination (ms): Min: 0.0, Avg: 0.0, Max: 0.0, Diff: 0.0, Sum: 0.0]
      [GC Worker Other (ms): Min: 0.0, Avg: 0.0, Max: 0.0, Diff: 0.0, Sum: 0.1]
      [GC Worker Total (ms): Min: 8.1, Avg: 8.1, Max: 8.1, Diff: 0.0, Sum: 16.2]
      [GC Worker End (ms): Min: 20917.3, Avg: 20917.3, Max: 20917.3, Diff: 0.0]
   [Code Root Fixup: 0.0 ms]
   [Code Root Migration: 0.0 ms]
   [Clear CT: 0.1 ms]
   [Other: 0.3 ms]
      [Choose CSet: 0.0 ms]
      [Ref Proc: 0.1 ms]
      [Ref Enq: 0.0 ms]
      [Free CSet: 0.1 ms]
   [Eden: 9216.0K(9216.0K)->0.0B(77.0M) Survivors: 3072.0K->2048.0K Heap: 104.0M(256.0M)->96.5M(256.0M)]
 [Times: user=0.03 sys=0.00, real=0.01 secs] 
2014-07-10T16:12:50.058+0200: 21.044: [GC pause (young) (to-space exhausted), 0.0496796 secs]
   [Parallel Time: 48.3 ms, GC Workers: 2]
      [GC Worker Start (ms): Min: 21044.5, Avg: 21044.5, Max: 21044.5, Diff: 0.0]
      [Ext Root Scanning (ms): Min: 1.1, Avg: 1.1, Max: 1.2, Diff: 0.1, Sum: 2.3]
      [Update RS (ms): Min: 0.4, Avg: 0.5, Max: 0.6, Diff: 0.1, Sum: 1.0]
         [Processed Buffers: Min: 1, Avg: 3.0, Max: 5, Diff: 4, Sum: 6]
      [Scan RS (ms): Min: 0.1, Avg: 0.1, Max: 0.1, Diff: 0.0, Sum: 0.2]
      [Code Root Scanning (ms): Min: 0.0, Avg: 0.1, Max: 0.1, Diff: 0.0, Sum: 0.1]
      [Object Copy (ms): Min: 46.4, Avg: 46.4, Max: 46.4, Diff: 0.0, Sum: 92.8]
      [Termination (ms): Min: 0.0, Avg: 0.1, Max: 0.1, Diff: 0.1, Sum: 0.1]
      [GC Worker Other (ms): Min: 0.0, Avg: 0.0, Max: 0.0, Diff: 0.0, Sum: 0.0]
      [GC Worker Total (ms): Min: 48.2, Avg: 48.3, Max: 48.3, Diff: 0.1, Sum: 96.6]
      [GC Worker End (ms): Min: 21092.8, Avg: 21092.8, Max: 21092.8, Diff: 0.1]
   [Code Root Fixup: 0.0 ms]
   [Code Root Migration: 0.0 ms]
   [Clear CT: 0.1 ms]
   [Other: 1.2 ms]
      [Choose CSet: 0.0 ms]
      [Ref Proc: 0.0 ms]
      [Ref Enq: 0.0 ms]
      [Free CSet: 0.1 ms]
   [Eden: 77.0M(77.0M)->0.0B(2048.0K) Survivors: 2048.0K->10.0M Heap: 173.5M(256.0M)->237.5M(256.0M)]
 [Times: user=0.08 sys=0.00, real=0.05 secs] 
2014-07-10T16:12:50.111+0200: 21.097: [GC pause (young) (initial-mark), 0.0027222 secs]
   [Parallel Time: 2.5 ms, GC Workers: 2]
      [GC Worker Start (ms): Min: 21097.2, Avg: 21097.2, Max: 21097.2, Diff: 0.0]
      [Ext Root Scanning (ms): Min: 0.9, Avg: 0.9, Max: 0.9, Diff: 0.0, Sum: 1.8]
      [Code Root Marking (ms): Min: 0.0, Avg: 0.1, Max: 0.1, Diff: 0.0, Sum: 0.1]
      [Update RS (ms): Min: 0.9, Avg: 0.9, Max: 0.9, Diff: 0.0, Sum: 1.8]
         [Processed Buffers: Min: 6, Avg: 7.0, Max: 8, Diff: 2, Sum: 14]
      [Scan RS (ms): Min: 0.0, Avg: 0.0, Max: 0.0, Diff: 0.0, Sum: 0.0]
      [Code Root Scanning (ms): Min: 0.0, Avg: 0.0, Max: 0.0, Diff: 0.0, Sum: 0.0]
      [Object Copy (ms): Min: 0.6, Avg: 0.6, Max: 0.6, Diff: 0.0, Sum: 1.2]
      [Termination (ms): Min: 0.0, Avg: 0.0, Max: 0.0, Diff: 0.0, Sum: 0.0]
      [GC Worker Other (ms): Min: 0.0, Avg: 0.0, Max: 0.0, Diff: 0.0, Sum: 0.0]
      [GC Worker Total (ms): Min: 2.5, Avg: 2.5, Max: 2.5, Diff: 0.0, Sum: 5.0]
      [GC Worker End (ms): Min: 21099.7, Avg: 21099.7, Max: 21099.7, Diff: 0.0]
   [Code Root Fixup: 0.0 ms]
   [Code Root Migration: 0.0 ms]
   [Clear CT: 0.0 ms]
   [Other: 0.2 ms]
      [Choose CSet: 0.0 ms]
      [Ref Proc: 0.0 ms]
      [Ref Enq: 0.0 ms]
      [Free CSet: 0.0 ms]
   [Eden: 2048.0K(2048.0K)->0.0B(11.0M) Survivors: 10.0M->1024.0K Heap: 239.5M(256.0M)->228.7M(256.0M)]
 [Times: user=0.03 sys=0.00, real=0.00 secs] 
2014-07-10T16:12:50.114+0200: 21.100: [GC concurrent-root-region-scan-start]
2014-07-10T16:12:50.114+0200: 21.100: [GC concurrent-root-region-scan-end, 0.0000407 secs]
2014-07-10T16:12:50.114+0200: 21.100: [GC concurrent-mark-start]
2014-07-10T16:12:50.117+0200: 21.104: [GC concurrent-mark-end, 0.0035918 secs]
2014-07-10T16:12:50.117+0200: 21.104: [GC remark 2014-07-10T16:12:50.118+0200: 21.104: [GC ref-proc, 0.0000708 secs], 0.0008612 secs]
 [Times: user=0.00 sys=0.00, real=0.00 secs] 
2014-07-10T16:12:50.118+0200: 21.105: [GC cleanup 231M->60M(256M), 0.0008722 secs]
 [Times: user=0.00 sys=0.00, real=0.00 secs] 
2014-07-10T16:12:50.119+0200: 21.106: [GC concurrent-cleanup-start]
2014-07-10T16:12:50.120+0200: 21.106: [GC concurrent-cleanup-end, 0.0003281 secs]
2014-07-10T16:12:50.130+0200: 21.116: [GC pause (young), 0.0089545 secs]
   [Parallel Time: 8.7 ms, GC Workers: 2]
      [GC Worker Start (ms): Min: 21116.4, Avg: 21116.4, Max: 21116.4, Diff: 0.0]
      [Ext Root Scanning (ms): Min: 1.1, Avg: 1.2, Max: 1.2, Diff: 0.1, Sum: 2.3]
      [Update RS (ms): Min: 0.1, Avg: 0.1, Max: 0.1, Diff: 0.1, Sum: 0.2]
         [Processed Buffers: Min: 2, Avg: 3.0, Max: 4, Diff: 2, Sum: 6]
      [Scan RS (ms): Min: 0.0, Avg: 0.0, Max: 0.1, Diff: 0.0, Sum: 0.1]
      [Code Root Scanning (ms): Min: 0.0, Avg: 0.1, Max: 0.2, Diff: 0.1, Sum: 0.2]
      [Object Copy (ms): Min: 7.2, Avg: 7.3, Max: 7.3, Diff: 0.1, Sum: 14.5]
      [Termination (ms): Min: 0.0, Avg: 0.0, Max: 0.0, Diff: 0.0, Sum: 0.0]
      [GC Worker Other (ms): Min: 0.0, Avg: 0.0, Max: 0.0, Diff: 0.0, Sum: 0.1]
      [GC Worker Total (ms): Min: 8.6, Avg: 8.7, Max: 8.7, Diff: 0.0, Sum: 17.3]
      [GC Worker End (ms): Min: 21125.1, Avg: 21125.1, Max: 21125.1, Diff: 0.0]
   [Code Root Fixup: 0.0 ms]
   [Code Root Migration: 0.0 ms]
   [Clear CT: 0.0 ms]
   [Other: 0.2 ms]
      [Choose CSet: 0.0 ms]
      [Ref Proc: 0.0 ms]
      [Ref Enq: 0.0 ms]
      [Free CSet: 0.0 ms]
   [Eden: 11.0M(11.0M)->0.0B(10.0M) Survivors: 1024.0K->2048.0K Heap: 68.7M(256.0M)->69.0M(256.0M)]
 [Times: user=0.00 sys=0.00, real=0.01 secs] 
2014-07-10T16:12:50.155+0200: 21.141: [GC pause (mixed), 0.0098956 secs]
   [Parallel Time: 9.5 ms, GC Workers: 2]
      [GC Worker Start (ms): Min: 21141.2, Avg: 21141.2, Max: 21141.2, Diff: 0.0]
      [Ext Root Scanning (ms): Min: 1.1, Avg: 1.1, Max: 1.2, Diff: 0.1, Sum: 2.2]
      [Update RS (ms): Min: 0.2, Avg: 0.3, Max: 0.3, Diff: 0.1, Sum: 0.5]
         [Processed Buffers: Min: 3, Avg: 3.0, Max: 3, Diff: 0, Sum: 6]
      [Scan RS (ms): Min: 0.1, Avg: 0.1, Max: 0.1, Diff: 0.0, Sum: 0.2]
      [Code Root Scanning (ms): Min: 0.0, Avg: 0.0, Max: 0.0, Diff: 0.0, Sum: 0.0]
      [Object Copy (ms): Min: 8.0, Avg: 8.0, Max: 8.0, Diff: 0.0, Sum: 16.0]
      [Termination (ms): Min: 0.0, Avg: 0.0, Max: 0.0, Diff: 0.0, Sum: 0.0]
      [GC Worker Other (ms): Min: 0.0, Avg: 0.0, Max: 0.0, Diff: 0.0, Sum: 0.1]
      [GC Worker Total (ms): Min: 9.5, Avg: 9.5, Max: 9.5, Diff: 0.0, Sum: 19.0]
      [GC Worker End (ms): Min: 21150.7, Avg: 21150.7, Max: 21150.7, Diff: 0.0]
   [Code Root Fixup: 0.0 ms]
   [Code Root Migration: 0.0 ms]
   [Clear CT: 0.0 ms]
   [Other: 0.3 ms]
      [Choose CSet: 0.0 ms]
      [Ref Proc: 0.0 ms]
      [Ref Enq: 0.0 ms]
      [Free CSet: 0.1 ms]
   [Eden: 10.0M(10.0M)->0.0B(85.0M) Survivors: 2048.0K->2048.0K Heap: 79.0M(256.0M)->74.0M(256.0M)]
 [Times: user=0.03 sys=0.00, real=0.01 secs] 
2014-07-10T16:12:50.311+0200: 21.298: [GC pause (young), 0.0564035 secs]
   [Parallel Time: 55.8 ms, GC Workers: 2]
      [GC Worker Start (ms): Min: 21297.6, Avg: 21297.6, Max: 21297.7, Diff: 0.0]
      [Ext Root Scanning (ms): Min: 1.1, Avg: 1.1, Max: 1.2, Diff: 0.0, Sum: 2.3]
      [Update RS (ms): Min: 0.5, Avg: 0.5, Max: 0.5, Diff: 0.0, Sum: 1.1]
         [Processed Buffers: Min: 1, Avg: 3.0, Max: 5, Diff: 4, Sum: 6]
      [Scan RS (ms): Min: 0.1, Avg: 0.1, Max: 0.1, Diff: 0.0, Sum: 0.2]
      [Code Root Scanning (ms): Min: 0.1, Avg: 0.1, Max: 0.1, Diff: 0.0, Sum: 0.1]
      [Object Copy (ms): Min: 53.8, Avg: 53.8, Max: 53.8, Diff: 0.0, Sum: 107.6]
      [Termination (ms): Min: 0.0, Avg: 0.0, Max: 0.0, Diff: 0.0, Sum: 0.0]
      [GC Worker Other (ms): Min: 0.0, Avg: 0.0, Max: 0.0, Diff: 0.0, Sum: 0.1]
      [GC Worker Total (ms): Min: 55.7, Avg: 55.7, Max: 55.7, Diff: 0.0, Sum: 111.4]
      [GC Worker End (ms): Min: 21353.4, Avg: 21353.4, Max: 21353.4, Diff: 0.0]
   [Code Root Fixup: 0.0 ms]
   [Code Root Migration: 0.0 ms]
   [Clear CT: 0.1 ms]
   [Other: 0.6 ms]
      [Choose CSet: 0.0 ms]
      [Ref Proc: 0.1 ms]
      [Ref Enq: 0.0 ms]
      [Free CSet: 0.2 ms]
   [Eden: 85.0M(85.0M)->0.0B(32.0M) Survivors: 2048.0K->11.0M Heap: 159.0M(256.0M)->165.5M(256.0M)]
 [Times: user=0.11 sys=0.00, real=0.06 secs] 
2014-07-10T16:12:50.420+0200: 21.406: [GC pause (young) (initial-mark), 0.0221732 secs]
   [Parallel Time: 21.7 ms, GC Workers: 2]
      [GC Worker Start (ms): Min: 21406.3, Avg: 21406.3, Max: 21406.3, Diff: 0.0]
      [Ext Root Scanning (ms): Min: 1.0, Avg: 1.0, Max: 1.0, Diff: 0.0, Sum: 2.1]
      [Code Root Marking (ms): Min: 0.1, Avg: 0.1, Max: 0.1, Diff: 0.0, Sum: 0.1]
      [Update RS (ms): Min: 1.1, Avg: 1.1, Max: 1.1, Diff: 0.0, Sum: 2.2]
         [Processed Buffers: Min: 5, Avg: 5.5, Max: 6, Diff: 1, Sum: 11]
      [Scan RS (ms): Min: 0.1, Avg: 0.1, Max: 0.1, Diff: 0.0, Sum: 0.1]
      [Code Root Scanning (ms): Min: 0.0, Avg: 0.0, Max: 0.0, Diff: 0.0, Sum: 0.1]
      [Object Copy (ms): Min: 19.3, Avg: 19.3, Max: 19.3, Diff: 0.0, Sum: 38.5]
      [Termination (ms): Min: 0.0, Avg: 0.0, Max: 0.0, Diff: 0.0, Sum: 0.0]
      [GC Worker Other (ms): Min: 0.0, Avg: 0.0, Max: 0.0, Diff: 0.0, Sum: 0.1]
      [GC Worker Total (ms): Min: 21.6, Avg: 21.6, Max: 21.6, Diff: 0.0, Sum: 43.2]
      [GC Worker End (ms): Min: 21427.9, Avg: 21427.9, Max: 21427.9, Diff: 0.0]
   [Code Root Fixup: 0.0 ms]
   [Code Root Migration: 0.0 ms]
   [Clear CT: 0.0 ms]
   [Other: 0.4 ms]
      [Choose CSet: 0.0 ms]
      [Ref Proc: 0.1 ms]
      [Ref Enq: 0.0 ms]
      [Free CSet: 0.1 ms]
   [Eden: 32.0M(32.0M)->0.0B(21.0M) Survivors: 11.0M->6144.0K Heap: 197.5M(256.0M)->187.0M(256.0M)]
 [Times: user=0.06 sys=0.00, real=0.02 secs] 
2014-07-10T16:12:50.442+0200: 21.429: [GC concurrent-root-region-scan-start]
2014-07-10T16:12:50.442+0200: 21.429: [GC concurrent-root-region-scan-end, 0.0001305 secs]
2014-07-10T16:12:50.442+0200: 21.429: [GC concurrent-mark-start]
2014-07-10T16:12:50.446+0200: 21.433: [GC concurrent-mark-end, 0.0035302 secs]
2014-07-10T16:12:50.447+0200: 21.433: [GC remark 2014-07-10T16:12:50.447+0200: 21.433: [GC ref-proc, 0.0000667 secs], 0.0011486 secs]
 [Times: user=0.00 sys=0.00, real=0.00 secs] 
2014-07-10T16:12:50.448+0200: 21.435: [GC cleanup 191M->94M(256M), 0.0010738 secs]
 [Times: user=0.00 sys=0.00, real=0.00 secs] 
2014-07-10T16:12:50.449+0200: 21.436: [GC concurrent-cleanup-start]
2014-07-10T16:12:50.450+0200: 21.436: [GC concurrent-cleanup-end, 0.0002379 secs]
2014-07-10T16:12:50.475+0200: 21.461: [GC pause (young), 0.0136861 secs]
   [Parallel Time: 13.4 ms, GC Workers: 2]
      [GC Worker Start (ms): Min: 21461.2, Avg: 21461.2, Max: 21461.2, Diff: 0.0]
      [Ext Root Scanning (ms): Min: 1.0, Avg: 1.0, Max: 1.1, Diff: 0.1, Sum: 2.1]
      [Update RS (ms): Min: 0.5, Avg: 0.5, Max: 0.5, Diff: 0.1, Sum: 1.0]
         [Processed Buffers: Min: 2, Avg: 3.0, Max: 4, Diff: 2, Sum: 6]
      [Scan RS (ms): Min: 0.0, Avg: 0.0, Max: 0.0, Diff: 0.0, Sum: 0.1]
      [Code Root Scanning (ms): Min: 0.0, Avg: 0.0, Max: 0.0, Diff: 0.0, Sum: 0.0]
      [Object Copy (ms): Min: 11.7, Avg: 11.7, Max: 11.7, Diff: 0.0, Sum: 23.5]
      [Termination (ms): Min: 0.0, Avg: 0.0, Max: 0.0, Diff: 0.0, Sum: 0.0]
      [GC Worker Other (ms): Min: 0.0, Avg: 0.0, Max: 0.0, Diff: 0.0, Sum: 0.1]
      [GC Worker Total (ms): Min: 13.3, Avg: 13.3, Max: 13.3, Diff: 0.0, Sum: 26.7]
      [GC Worker End (ms): Min: 21474.6, Avg: 21474.6, Max: 21474.6, Diff: 0.0]
   [Code Root Fixup: 0.0 ms]
   [Code Root Migration: 0.0 ms]
   [Clear CT: 0.0 ms]
   [Other: 0.2 ms]
      [Choose CSet: 0.0 ms]
      [Ref Proc: 0.0 ms]
      [Ref Enq: 0.0 ms]
      [Free CSet: 0.1 ms]
   [Eden: 21.0M(21.0M)->0.0B(8192.0K) Survivors: 6144.0K->4096.0K Heap: 111.0M(256.0M)->104.5M(256.0M)]
 [Times: user=0.03 sys=0.00, real=0.01 secs] 
2014-07-10T16:12:50.501+0200: 21.487: [GC pause (mixed), 0.0087953 secs]
   [Parallel Time: 8.4 ms, GC Workers: 2]
      [GC Worker Start (ms): Min: 21487.2, Avg: 21487.2, Max: 21487.2, Diff: 0.0]
      [Ext Root Scanning (ms): Min: 1.0, Avg: 1.0, Max: 1.0, Diff: 0.0, Sum: 2.0]
      [Update RS (ms): Min: 0.2, Avg: 0.3, Max: 0.3, Diff: 0.1, Sum: 0.6]
         [Processed Buffers: Min: 3, Avg: 3.0, Max: 3, Diff: 0, Sum: 6]
      [Scan RS (ms): Min: 0.1, Avg: 0.1, Max: 0.1, Diff: 0.0, Sum: 0.2]
      [Code Root Scanning (ms): Min: 0.0, Avg: 0.0, Max: 0.0, Diff: 0.0, Sum: 0.0]
      [Object Copy (ms): Min: 6.9, Avg: 6.9, Max: 6.9, Diff: 0.0, Sum: 13.8]
      [Termination (ms): Min: 0.0, Avg: 0.0, Max: 0.0, Diff: 0.0, Sum: 0.0]
      [GC Worker Other (ms): Min: 0.0, Avg: 0.0, Max: 0.0, Diff: 0.0, Sum: 0.1]
      [GC Worker Total (ms): Min: 8.3, Avg: 8.3, Max: 8.3, Diff: 0.0, Sum: 16.6]
      [GC Worker End (ms): Min: 21495.5, Avg: 21495.5, Max: 21495.5, Diff: 0.0]
   [Code Root Fixup: 0.0 ms]
   [Code Root Migration: 0.0 ms]
   [Clear CT: 0.1 ms]
   [Other: 0.3 ms]
      [Choose CSet: 0.0 ms]
      [Ref Proc: 0.1 ms]
      [Ref Enq: 0.0 ms]
      [Free CSet: 0.1 ms]
   [Eden: 8192.0K(8192.0K)->0.0B(70.0M) Survivors: 4096.0K->2048.0K Heap: 112.5M(256.0M)->101.5M(256.0M)]
 [Times: user=0.03 sys=0.00, real=0.01 secs] 
2014-07-10T16:12:50.625+0200: 21.611: [GC pause (young), 0.0464302 secs]
   [Parallel Time: 45.9 ms, GC Workers: 2]
      [GC Worker Start (ms): Min: 21611.3, Avg: 21611.3, Max: 21611.3, Diff: 0.0]
      [Ext Root Scanning (ms): Min: 1.0, Avg: 1.1, Max: 1.1, Diff: 0.1, Sum: 2.2]
      [Update RS (ms): Min: 0.4, Avg: 0.5, Max: 0.5, Diff: 0.1, Sum: 0.9]
         [Processed Buffers: Min: 2, Avg: 2.5, Max: 3, Diff: 1, Sum: 5]
      [Scan RS (ms): Min: 0.1, Avg: 0.1, Max: 0.1, Diff: 0.0, Sum: 0.2]
      [Code Root Scanning (ms): Min: 0.0, Avg: 0.1, Max: 0.1, Diff: 0.0, Sum: 0.1]
      [Object Copy (ms): Min: 44.1, Avg: 44.2, Max: 44.2, Diff: 0.0, Sum: 88.3]
      [Termination (ms): Min: 0.0, Avg: 0.0, Max: 0.0, Diff: 0.0, Sum: 0.0]
      [GC Worker Other (ms): Min: 0.0, Avg: 0.0, Max: 0.0, Diff: 0.0, Sum: 0.1]
      [GC Worker Total (ms): Min: 45.9, Avg: 45.9, Max: 45.9, Diff: 0.0, Sum: 91.8]
      [GC Worker End (ms): Min: 21657.2, Avg: 21657.2, Max: 21657.2, Diff: 0.0]
   [Code Root Fixup: 0.0 ms]
   [Code Root Migration: 0.0 ms]
   [Clear CT: 0.1 ms]
   [Other: 0.4 ms]
      [Choose CSet: 0.0 ms]
      [Ref Proc: 0.1 ms]
      [Ref Enq: 0.0 ms]
      [Free CSet: 0.1 ms]
   [Eden: 70.0M(70.0M)->0.0B(23.0M) Survivors: 2048.0K->9216.0K Heap: 171.5M(256.0M)->183.0M(256.0M)]
 [Times: user=0.09 sys=0.00, real=0.05 secs] 
2014-07-10T16:12:50.708+0200: 21.694: [GC pause (young) (initial-mark), 0.0162312 secs]
   [Parallel Time: 15.8 ms, GC Workers: 2]
      [GC Worker Start (ms): Min: 21694.4, Avg: 21694.4, Max: 21694.4, Diff: 0.0]
      [Ext Root Scanning (ms): Min: 1.0, Avg: 1.0, Max: 1.1, Diff: 0.0, Sum: 2.1]
      [Code Root Marking (ms): Min: 0.1, Avg: 0.1, Max: 0.1, Diff: 0.0, Sum: 0.1]
      [Update RS (ms): Min: 0.9, Avg: 0.9, Max: 0.9, Diff: 0.0, Sum: 1.9]
         [Processed Buffers: Min: 4, Avg: 5.0, Max: 6, Diff: 2, Sum: 10]
      [Scan RS (ms): Min: 0.0, Avg: 0.0, Max: 0.0, Diff: 0.0, Sum: 0.1]
      [Code Root Scanning (ms): Min: 0.0, Avg: 0.0, Max: 0.0, Diff: 0.0, Sum: 0.0]
      [Object Copy (ms): Min: 13.6, Avg: 13.6, Max: 13.6, Diff: 0.0, Sum: 27.2]
      [Termination (ms): Min: 0.0, Avg: 0.0, Max: 0.0, Diff: 0.0, Sum: 0.0]
      [GC Worker Other (ms): Min: 0.0, Avg: 0.1, Max: 0.1, Diff: 0.1, Sum: 0.1]
      [GC Worker Total (ms): Min: 15.8, Avg: 15.8, Max: 15.8, Diff: 0.1, Sum: 31.6]
      [GC Worker End (ms): Min: 21710.2, Avg: 21710.2, Max: 21710.3, Diff: 0.1]
   [Code Root Fixup: 0.0 ms]
   [Code Root Migration: 0.0 ms]
   [Clear CT: 0.0 ms]
   [Other: 0.3 ms]
      [Choose CSet: 0.0 ms]
      [Ref Proc: 0.1 ms]
      [Ref Enq: 0.0 ms]
      [Free CSet: 0.1 ms]
   [Eden: 23.0M(23.0M)->0.0B(16.0M) Survivors: 9216.0K->4096.0K Heap: 206.0M(256.0M)->197.5M(256.0M)]
 [Times: user=0.03 sys=0.00, real=0.02 secs] 
2014-07-10T16:12:50.724+0200: 21.711: [GC concurrent-root-region-scan-start]
2014-07-10T16:12:50.725+0200: 21.711: [GC concurrent-root-region-scan-end, 0.0001708 secs]
2014-07-10T16:12:50.725+0200: 21.711: [GC concurrent-mark-start]
2014-07-10T16:12:50.728+0200: 21.715: [GC concurrent-mark-end, 0.0035317 secs]
2014-07-10T16:12:50.728+0200: 21.715: [GC remark 2014-07-10T16:12:50.729+0200: 21.715: [GC ref-proc, 0.0000777 secs], 0.0017063 secs]
 [Times: user=0.00 sys=0.00, real=0.00 secs] 
2014-07-10T16:12:50.731+0200: 21.717: [GC cleanup 201M->82M(256M), 0.0007893 secs]
 [Times: user=0.00 sys=0.00, real=0.00 secs] 
2014-07-10T16:12:50.731+0200: 21.718: [GC concurrent-cleanup-start]
2014-07-10T16:12:50.732+0200: 21.718: [GC concurrent-cleanup-end, 0.0002332 secs]
2014-07-10T16:12:50.750+0200: 21.736: [GC pause (young), 0.0121386 secs]
   [Parallel Time: 11.9 ms, GC Workers: 2]
      [GC Worker Start (ms): Min: 21736.4, Avg: 21736.4, Max: 21736.4, Diff: 0.0]
      [Ext Root Scanning (ms): Min: 0.9, Avg: 1.0, Max: 1.1, Diff: 0.2, Sum: 2.0]
      [Update RS (ms): Min: 0.3, Avg: 0.4, Max: 0.5, Diff: 0.2, Sum: 0.7]
         [Processed Buffers: Min: 3, Avg: 3.5, Max: 4, Diff: 1, Sum: 7]
      [Scan RS (ms): Min: 0.0, Avg: 0.0, Max: 0.0, Diff: 0.0, Sum: 0.1]
      [Code Root Scanning (ms): Min: 0.0, Avg: 0.0, Max: 0.0, Diff: 0.0, Sum: 0.0]
      [Object Copy (ms): Min: 10.3, Avg: 10.3, Max: 10.3, Diff: 0.0, Sum: 20.6]
      [Termination (ms): Min: 0.0, Avg: 0.0, Max: 0.0, Diff: 0.0, Sum: 0.0]
      [GC Worker Other (ms): Min: 0.0, Avg: 0.0, Max: 0.0, Diff: 0.0, Sum: 0.1]
      [GC Worker Total (ms): Min: 11.8, Avg: 11.8, Max: 11.8, Diff: 0.0, Sum: 23.5]
      [GC Worker End (ms): Min: 21748.1, Avg: 21748.1, Max: 21748.1, Diff: 0.0]
   [Code Root Fixup: 0.0 ms]
   [Code Root Migration: 0.0 ms]
   [Clear CT: 0.0 ms]
   [Other: 0.2 ms]
      [Choose CSet: 0.0 ms]
      [Ref Proc: 0.0 ms]
      [Ref Enq: 0.0 ms]
      [Free CSet: 0.1 ms]
   [Eden: 16.0M(16.0M)->0.0B(9216.0K) Survivors: 4096.0K->3072.0K Heap: 94.5M(256.0M)->93.0M(256.0M)]
 [Times: user=0.03 sys=0.00, real=0.01 secs] 
2014-07-10T16:12:50.776+0200: 21.762: [GC pause (mixed), 0.0084808 secs]
   [Parallel Time: 8.1 ms, GC Workers: 2]
      [GC Worker Start (ms): Min: 21762.3, Avg: 21762.3, Max: 21762.3, Diff: 0.0]
      [Ext Root Scanning (ms): Min: 1.0, Avg: 1.0, Max: 1.1, Diff: 0.1, Sum: 2.1]
      [Update RS (ms): Min: 0.3, Avg: 0.3, Max: 0.3, Diff: 0.1, Sum: 0.6]
         [Processed Buffers: Min: 1, Avg: 3.0, Max: 5, Diff: 4, Sum: 6]
      [Scan RS (ms): Min: 0.1, Avg: 0.1, Max: 0.1, Diff: 0.0, Sum: 0.1]
      [Code Root Scanning (ms): Min: 0.0, Avg: 0.0, Max: 0.0, Diff: 0.0, Sum: 0.0]
      [Object Copy (ms): Min: 6.6, Avg: 6.6, Max: 6.7, Diff: 0.0, Sum: 13.3]
      [Termination (ms): Min: 0.0, Avg: 0.0, Max: 0.0, Diff: 0.0, Sum: 0.0]
      [GC Worker Other (ms): Min: 0.0, Avg: 0.0, Max: 0.0, Diff: 0.0, Sum: 0.1]
      [GC Worker Total (ms): Min: 8.1, Avg: 8.1, Max: 8.1, Diff: 0.0, Sum: 16.2]
      [GC Worker End (ms): Min: 21770.4, Avg: 21770.4, Max: 21770.4, Diff: 0.0]
   [Code Root Fixup: 0.0 ms]
   [Code Root Migration: 0.0 ms]
   [Clear CT: 0.0 ms]
   [Other: 0.3 ms]
      [Choose CSet: 0.0 ms]
      [Ref Proc: 0.0 ms]
      [Ref Enq: 0.0 ms]
      [Free CSet: 0.1 ms]
   [Eden: 9216.0K(9216.0K)->0.0B(72.0M) Survivors: 3072.0K->2048.0K Heap: 102.0M(256.0M)->93.0M(256.0M)]
 [Times: user=0.03 sys=0.00, real=0.01 secs] 
2014-07-10T16:12:50.903+0200: 21.890: [GC pause (young), 0.0511028 secs]
   [Parallel Time: 50.6 ms, GC Workers: 2]
      [GC Worker Start (ms): Min: 21889.7, Avg: 21889.7, Max: 21889.7, Diff: 0.0]
      [Ext Root Scanning (ms): Min: 1.1, Avg: 1.1, Max: 1.2, Diff: 0.1, Sum: 2.3]
      [Update RS (ms): Min: 0.4, Avg: 0.4, Max: 0.5, Diff: 0.1, Sum: 0.9]
         [Processed Buffers: Min: 2, Avg: 2.5, Max: 3, Diff: 1, Sum: 5]
      [Scan RS (ms): Min: 0.1, Avg: 0.1, Max: 0.1, Diff: 0.0, Sum: 0.2]
      [Code Root Scanning (ms): Min: 0.0, Avg: 0.1, Max: 0.1, Diff: 0.0, Sum: 0.1]
      [Object Copy (ms): Min: 47.1, Avg: 48.0, Max: 48.9, Diff: 1.7, Sum: 96.0]
      [Termination (ms): Min: 0.0, Avg: 0.9, Max: 1.7, Diff: 1.7, Sum: 1.7]
      [GC Worker Other (ms): Min: 0.0, Avg: 0.0, Max: 0.0, Diff: 0.0, Sum: 0.1]
      [GC Worker Total (ms): Min: 50.6, Avg: 50.6, Max: 50.6, Diff: 0.0, Sum: 101.2]
      [GC Worker End (ms): Min: 21940.3, Avg: 21940.3, Max: 21940.3, Diff: 0.0]
   [Code Root Fixup: 0.0 ms]
   [Code Root Migration: 0.0 ms]
   [Clear CT: 0.1 ms]
   [Other: 0.4 ms]
      [Choose CSet: 0.0 ms]
      [Ref Proc: 0.0 ms]
      [Ref Enq: 0.0 ms]
      [Free CSet: 0.1 ms]
   [Eden: 72.0M(72.0M)->0.0B(28.0M) Survivors: 2048.0K->10.0M Heap: 165.0M(256.0M)->172.0M(256.0M)]
 [Times: user=0.09 sys=0.00, real=0.05 secs] 
2014-07-10T16:12:50.999+0200: 21.985: [GC pause (young) (initial-mark), 0.0195430 secs]
   [Parallel Time: 19.1 ms, GC Workers: 2]
      [GC Worker Start (ms): Min: 21985.5, Avg: 21985.5, Max: 21985.5, Diff: 0.0]
      [Ext Root Scanning (ms): Min: 1.0, Avg: 1.0, Max: 1.0, Diff: 0.0, Sum: 2.0]
      [Code Root Marking (ms): Min: 0.0, Avg: 0.1, Max: 0.1, Diff: 0.0, Sum: 0.1]
      [Update RS (ms): Min: 0.9, Avg: 0.9, Max: 0.9, Diff: 0.0, Sum: 1.8]
         [Processed Buffers: Min: 4, Avg: 5.5, Max: 7, Diff: 3, Sum: 11]
      [Scan RS (ms): Min: 0.0, Avg: 0.1, Max: 0.1, Diff: 0.0, Sum: 0.1]
      [Code Root Scanning (ms): Min: 0.0, Avg: 0.0, Max: 0.0, Diff: 0.0, Sum: 0.0]
      [Object Copy (ms): Min: 16.7, Avg: 16.8, Max: 16.8, Diff: 0.0, Sum: 33.5]
      [Termination (ms): Min: 0.0, Avg: 0.0, Max: 0.0, Diff: 0.0, Sum: 0.0]
      [GC Worker Other (ms): Min: 0.0, Avg: 0.0, Max: 0.0, Diff: 0.0, Sum: 0.1]
      [GC Worker Total (ms): Min: 18.9, Avg: 18.9, Max: 18.9, Diff: 0.0, Sum: 37.7]
      [GC Worker End (ms): Min: 22004.3, Avg: 22004.3, Max: 22004.3, Diff: 0.0]
   [Code Root Fixup: 0.0 ms]
   [Code Root Migration: 0.0 ms]
   [Clear CT: 0.1 ms]
   [Other: 0.4 ms]
      [Choose CSet: 0.0 ms]
      [Ref Proc: 0.1 ms]
      [Ref Enq: 0.0 ms]
      [Free CSet: 0.1 ms]
   [Eden: 28.0M(28.0M)->0.0B(18.0M) Survivors: 10.0M->5120.0K Heap: 200.0M(256.0M)->192.0M(256.0M)]
 [Times: user=0.06 sys=0.00, real=0.02 secs] 
2014-07-10T16:12:51.019+0200: 22.005: [GC concurrent-root-region-scan-start]
2014-07-10T16:12:51.019+0200: 22.005: [GC concurrent-root-region-scan-end, 0.0001115 secs]
2014-07-10T16:12:51.019+0200: 22.005: [GC concurrent-mark-start]
2014-07-10T16:12:51.023+0200: 22.010: [GC concurrent-mark-end, 0.0034382 secs]
2014-07-10T16:12:51.023+0200: 22.010: [GC remark 2014-07-10T16:12:51.023+0200: 22.010: [GC ref-proc, 0.0000634 secs], 0.0010808 secs]
 [Times: user=0.00 sys=0.00, real=0.00 secs] 
2014-07-10T16:12:51.024+0200: 22.011: [GC cleanup 195M->89M(256M), 0.0007824 secs]
 [Times: user=0.00 sys=0.00, real=0.00 secs] 
2014-07-10T16:12:51.025+0200: 22.012: [GC concurrent-cleanup-start]
2014-07-10T16:12:51.025+0200: 22.012: [GC concurrent-cleanup-end, 0.0002196 secs]
2014-07-10T16:12:51.048+0200: 22.034: [GC pause (young), 0.0132843 secs]
   [Parallel Time: 13.0 ms, GC Workers: 2]
      [GC Worker Start (ms): Min: 22034.3, Avg: 22034.3, Max: 22034.3, Diff: 0.0]
      [Ext Root Scanning (ms): Min: 1.5, Avg: 1.6, Max: 1.8, Diff: 0.3, Sum: 3.3]
      [Update RS (ms): Min: 0.3, Avg: 0.4, Max: 0.6, Diff: 0.4, Sum: 0.9]
         [Processed Buffers: Min: 3, Avg: 3.5, Max: 4, Diff: 1, Sum: 7]
      [Scan RS (ms): Min: 0.0, Avg: 0.0, Max: 0.1, Diff: 0.1, Sum: 0.1]
      [Code Root Scanning (ms): Min: 0.0, Avg: 0.0, Max: 0.0, Diff: 0.0, Sum: 0.0]
      [Object Copy (ms): Min: 10.7, Avg: 10.8, Max: 10.8, Diff: 0.1, Sum: 21.5]
      [Termination (ms): Min: 0.0, Avg: 0.1, Max: 0.1, Diff: 0.1, Sum: 0.1]
      [GC Worker Other (ms): Min: 0.0, Avg: 0.0, Max: 0.0, Diff: 0.0, Sum: 0.1]
      [GC Worker Total (ms): Min: 13.0, Avg: 13.0, Max: 13.0, Diff: 0.0, Sum: 26.0]
      [GC Worker End (ms): Min: 22047.3, Avg: 22047.3, Max: 22047.3, Diff: 0.0]
   [Code Root Fixup: 0.0 ms]
   [Code Root Migration: 0.0 ms]
   [Clear CT: 0.0 ms]
   [Other: 0.2 ms]
      [Choose CSet: 0.0 ms]
      [Ref Proc: 0.0 ms]
      [Ref Enq: 0.0 ms]
      [Free CSet: 0.1 ms]
   [Eden: 18.0M(18.0M)->0.0B(9216.0K) Survivors: 5120.0K->3072.0K Heap: 104.0M(256.0M)->99.5M(256.0M)]
 [Times: user=0.03 sys=0.00, real=0.01 secs] 
2014-07-10T16:12:51.074+0200: 22.060: [GC pause (mixed), 0.0093798 secs]
   [Parallel Time: 8.9 ms, GC Workers: 2]
      [GC Worker Start (ms): Min: 22060.6, Avg: 22060.6, Max: 22060.6, Diff: 0.0]
      [Ext Root Scanning (ms): Min: 1.1, Avg: 1.1, Max: 1.1, Diff: 0.0, Sum: 2.2]
      [Update RS (ms): Min: 0.3, Avg: 0.3, Max: 0.3, Diff: 0.0, Sum: 0.6]
         [Processed Buffers: Min: 1, Avg: 2.5, Max: 4, Diff: 3, Sum: 5]
      [Scan RS (ms): Min: 0.1, Avg: 0.1, Max: 0.1, Diff: 0.0, Sum: 0.2]
      [Code Root Scanning (ms): Min: 0.0, Avg: 0.0, Max: 0.0, Diff: 0.0, Sum: 0.0]
      [Object Copy (ms): Min: 7.3, Avg: 7.3, Max: 7.3, Diff: 0.0, Sum: 14.7]
      [Termination (ms): Min: 0.0, Avg: 0.0, Max: 0.0, Diff: 0.0, Sum: 0.0]
      [GC Worker Other (ms): Min: 0.0, Avg: 0.0, Max: 0.0, Diff: 0.0, Sum: 0.1]
      [GC Worker Total (ms): Min: 8.9, Avg: 8.9, Max: 8.9, Diff: 0.0, Sum: 17.8]
      [GC Worker End (ms): Min: 22069.5, Avg: 22069.5, Max: 22069.5, Diff: 0.0]
   [Code Root Fixup: 0.0 ms]
   [Code Root Migration: 0.0 ms]
   [Clear CT: 0.1 ms]
   [Other: 0.4 ms]
      [Choose CSet: 0.0 ms]
      [Ref Proc: 0.1 ms]
      [Ref Enq: 0.0 ms]
      [Free CSet: 0.1 ms]
   [Eden: 9216.0K(9216.0K)->0.0B(70.0M) Survivors: 3072.0K->2048.0K Heap: 108.5M(256.0M)->99.5M(256.0M)]
 [Times: user=0.03 sys=0.00, real=0.01 secs] 
2014-07-10T16:12:51.199+0200: 22.185: [GC pause (young), 0.0462898 secs]
   [Parallel Time: 45.8 ms, GC Workers: 2]
      [GC Worker Start (ms): Min: 22185.6, Avg: 22185.6, Max: 22185.6, Diff: 0.0]
      [Ext Root Scanning (ms): Min: 1.0, Avg: 1.0, Max: 1.1, Diff: 0.1, Sum: 2.1]
      [Update RS (ms): Min: 0.4, Avg: 0.5, Max: 0.5, Diff: 0.1, Sum: 0.9]
         [Processed Buffers: Min: 2, Avg: 3.0, Max: 4, Diff: 2, Sum: 6]
      [Scan RS (ms): Min: 0.1, Avg: 0.1, Max: 0.1, Diff: 0.0, Sum: 0.2]
      [Code Root Scanning (ms): Min: 0.0, Avg: 0.0, Max: 0.0, Diff: 0.0, Sum: 0.1]
      [Object Copy (ms): Min: 44.1, Avg: 44.1, Max: 44.1, Diff: 0.0, Sum: 88.2]
      [Termination (ms): Min: 0.0, Avg: 0.0, Max: 0.0, Diff: 0.0, Sum: 0.0]
      [GC Worker Other (ms): Min: 0.0, Avg: 0.0, Max: 0.0, Diff: 0.0, Sum: 0.1]
      [GC Worker Total (ms): Min: 45.8, Avg: 45.8, Max: 45.8, Diff: 0.0, Sum: 91.6]
      [GC Worker End (ms): Min: 22231.3, Avg: 22231.3, Max: 22231.3, Diff: 0.0]
   [Code Root Fixup: 0.0 ms]
   [Code Root Migration: 0.0 ms]
   [Clear CT: 0.1 ms]
   [Other: 0.4 ms]
      [Choose CSet: 0.0 ms]
      [Ref Proc: 0.0 ms]
      [Ref Enq: 0.0 ms]
      [Free CSet: 0.2 ms]
   [Eden: 70.0M(70.0M)->0.0B(25.0M) Survivors: 2048.0K->9216.0K Heap: 169.5M(256.0M)->179.5M(256.0M)]
 [Times: user=0.09 sys=0.00, real=0.05 secs] 
2014-07-10T16:12:51.286+0200: 22.272: [GC pause (young) (initial-mark), 0.0180010 secs]
   [Parallel Time: 17.6 ms, GC Workers: 2]
      [GC Worker Start (ms): Min: 22272.5, Avg: 22272.5, Max: 22272.5, Diff: 0.0]
      [Ext Root Scanning (ms): Min: 1.1, Avg: 1.2, Max: 1.3, Diff: 0.2, Sum: 2.3]
      [Code Root Marking (ms): Min: 0.0, Avg: 0.1, Max: 0.1, Diff: 0.1, Sum: 0.1]
      [Update RS (ms): Min: 0.9, Avg: 0.9, Max: 0.9, Diff: 0.0, Sum: 1.8]
         [Processed Buffers: Min: 4, Avg: 5.0, Max: 6, Diff: 2, Sum: 10]
      [Scan RS (ms): Min: 0.0, Avg: 0.0, Max: 0.0, Diff: 0.0, Sum: 0.1]
      [Code Root Scanning (ms): Min: 0.0, Avg: 0.0, Max: 0.0, Diff: 0.0, Sum: 0.0]
      [Object Copy (ms): Min: 15.1, Avg: 15.2, Max: 15.2, Diff: 0.1, Sum: 30.3]
      [Termination (ms): Min: 0.0, Avg: 0.0, Max: 0.0, Diff: 0.0, Sum: 0.0]
      [GC Worker Other (ms): Min: 0.0, Avg: 0.0, Max: 0.0, Diff: 0.0, Sum: 0.1]
      [GC Worker Total (ms): Min: 17.4, Avg: 17.4, Max: 17.4, Diff: 0.0, Sum: 34.8]
      [GC Worker End (ms): Min: 22289.8, Avg: 22289.8, Max: 22289.8, Diff: 0.0]
   [Code Root Fixup: 0.0 ms]
   [Code Root Migration: 0.0 ms]
   [Clear CT: 0.0 ms]
   [Other: 0.3 ms]
      [Choose CSet: 0.0 ms]
      [Ref Proc: 0.0 ms]
      [Ref Enq: 0.0 ms]
      [Free CSet: 0.1 ms]
   [Eden: 25.0M(25.0M)->0.0B(16.0M) Survivors: 9216.0K->5120.0K Heap: 204.5M(256.0M)->197.5M(256.0M)]
 [Times: user=0.03 sys=0.00, real=0.02 secs] 
2014-07-10T16:12:51.304+0200: 22.291: [GC concurrent-root-region-scan-start]
2014-07-10T16:12:51.304+0200: 22.291: [GC concurrent-root-region-scan-end, 0.0000836 secs]
2014-07-10T16:12:51.304+0200: 22.291: [GC concurrent-mark-start]
2014-07-10T16:12:51.308+0200: 22.294: [GC concurrent-mark-end, 0.0031772 secs]
2014-07-10T16:12:51.308+0200: 22.295: [GC remark 2014-07-10T16:12:51.308+0200: 22.295: [GC ref-proc, 0.0000675 secs], 0.0011607 secs]
 [Times: user=0.00 sys=0.00, real=0.00 secs] 
2014-07-10T16:12:51.309+0200: 22.296: [GC cleanup 200M->89M(256M), 0.0012993 secs]
 [Times: user=0.00 sys=0.00, real=0.00 secs] 
2014-07-10T16:12:51.311+0200: 22.297: [GC concurrent-cleanup-start]
2014-07-10T16:12:51.311+0200: 22.297: [GC concurrent-cleanup-end, 0.0001914 secs]
2014-07-10T16:12:51.333+0200: 22.319: [GC pause (young), 0.0115271 secs]
   [Parallel Time: 11.2 ms, GC Workers: 2]
      [GC Worker Start (ms): Min: 22319.4, Avg: 22319.5, Max: 22319.7, Diff: 0.2]
      [Ext Root Scanning (ms): Min: 1.1, Avg: 1.1, Max: 1.2, Diff: 0.1, Sum: 2.2]
      [Update RS (ms): Min: 0.4, Avg: 0.4, Max: 0.5, Diff: 0.1, Sum: 0.8]
         [Processed Buffers: Min: 2, Avg: 3.5, Max: 5, Diff: 3, Sum: 7]
      [Scan RS (ms): Min: 0.0, Avg: 0.0, Max: 0.0, Diff: 0.0, Sum: 0.1]
      [Code Root Scanning (ms): Min: 0.0, Avg: 0.0, Max: 0.0, Diff: 0.0, Sum: 0.0]
      [Object Copy (ms): Min: 9.4, Avg: 9.4, Max: 9.4, Diff: 0.0, Sum: 18.8]
      [Termination (ms): Min: 0.0, Avg: 0.0, Max: 0.0, Diff: 0.0, Sum: 0.0]
      [GC Worker Other (ms): Min: 0.0, Avg: 0.0, Max: 0.0, Diff: 0.0, Sum: 0.1]
      [GC Worker Total (ms): Min: 10.9, Avg: 11.0, Max: 11.1, Diff: 0.2, Sum: 22.0]
      [GC Worker End (ms): Min: 22330.6, Avg: 22330.6, Max: 22330.6, Diff: 0.0]
   [Code Root Fixup: 0.0 ms]
   [Code Root Migration: 0.0 ms]
   [Clear CT: 0.0 ms]
   [Other: 0.3 ms]
      [Choose CSet: 0.0 ms]
      [Ref Proc: 0.1 ms]
      [Ref Enq: 0.0 ms]
      [Free CSet: 0.1 ms]
   [Eden: 16.0M(16.0M)->0.0B(9216.0K) Survivors: 5120.0K->3072.0K Heap: 102.5M(256.0M)->98.0M(256.0M)]
 [Times: user=0.00 sys=0.02, real=0.01 secs] 
2014-07-10T16:12:51.359+0200: 22.345: [GC pause (mixed), 0.0101871 secs]
   [Parallel Time: 9.8 ms, GC Workers: 2]
      [GC Worker Start (ms): Min: 22345.3, Avg: 22345.3, Max: 22345.3, Diff: 0.0]
      [Ext Root Scanning (ms): Min: 1.1, Avg: 1.1, Max: 1.2, Diff: 0.0, Sum: 2.3]
      [Update RS (ms): Min: 0.3, Avg: 0.3, Max: 0.3, Diff: 0.0, Sum: 0.6]
         [Processed Buffers: Min: 1, Avg: 2.5, Max: 4, Diff: 3, Sum: 5]
      [Scan RS (ms): Min: 0.1, Avg: 0.1, Max: 0.1, Diff: 0.0, Sum: 0.1]
      [Code Root Scanning (ms): Min: 0.0, Avg: 0.0, Max: 0.0, Diff: 0.0, Sum: 0.0]
      [Object Copy (ms): Min: 8.2, Avg: 8.3, Max: 8.3, Diff: 0.0, Sum: 16.5]
      [Termination (ms): Min: 0.0, Avg: 0.0, Max: 0.0, Diff: 0.0, Sum: 0.0]
      [GC Worker Other (ms): Min: 0.0, Avg: 0.0, Max: 0.0, Diff: 0.0, Sum: 0.1]
      [GC Worker Total (ms): Min: 9.8, Avg: 9.8, Max: 9.8, Diff: 0.0, Sum: 19.6]
      [GC Worker End (ms): Min: 22355.1, Avg: 22355.1, Max: 22355.1, Diff: 0.0]
   [Code Root Fixup: 0.0 ms]
   [Code Root Migration: 0.0 ms]
   [Clear CT: 0.0 ms]
   [Other: 0.3 ms]
      [Choose CSet: 0.0 ms]
      [Ref Proc: 0.0 ms]
      [Ref Enq: 0.0 ms]
      [Free CSet: 0.1 ms]
   [Eden: 9216.0K(9216.0K)->0.0B(68.0M) Survivors: 3072.0K->2048.0K Heap: 107.0M(256.0M)->97.0M(256.0M)]
 [Times: user=0.03 sys=0.00, real=0.01 secs] 
2014-07-10T16:12:51.485+0200: 22.471: [GC pause (young), 0.0449765 secs]
   [Parallel Time: 44.5 ms, GC Workers: 2]
      [GC Worker Start (ms): Min: 22471.4, Avg: 22471.4, Max: 22471.4, Diff: 0.0]
      [Ext Root Scanning (ms): Min: 1.1, Avg: 1.1, Max: 1.1, Diff: 0.0, Sum: 2.2]
      [Update RS (ms): Min: 0.4, Avg: 0.4, Max: 0.4, Diff: 0.1, Sum: 0.8]
         [Processed Buffers: Min: 1, Avg: 2.5, Max: 4, Diff: 3, Sum: 5]
      [Scan RS (ms): Min: 0.1, Avg: 0.1, Max: 0.1, Diff: 0.0, Sum: 0.2]
      [Code Root Scanning (ms): Min: 0.0, Avg: 0.0, Max: 0.1, Diff: 0.0, Sum: 0.1]
      [Object Copy (ms): Min: 42.8, Avg: 42.8, Max: 42.8, Diff: 0.0, Sum: 85.5]
      [Termination (ms): Min: 0.0, Avg: 0.0, Max: 0.0, Diff: 0.0, Sum: 0.0]
      [GC Worker Other (ms): Min: 0.0, Avg: 0.0, Max: 0.0, Diff: 0.0, Sum: 0.1]
      [GC Worker Total (ms): Min: 44.5, Avg: 44.5, Max: 44.5, Diff: 0.0, Sum: 88.9]
      [GC Worker End (ms): Min: 22515.9, Avg: 22515.9, Max: 22515.9, Diff: 0.0]
   [Code Root Fixup: 0.0 ms]
   [Code Root Migration: 0.0 ms]
   [Clear CT: 0.1 ms]
   [Other: 0.4 ms]
      [Choose CSet: 0.0 ms]
      [Ref Proc: 0.0 ms]
      [Ref Enq: 0.0 ms]
      [Free CSet: 0.1 ms]
   [Eden: 68.0M(68.0M)->0.0B(28.0M) Survivors: 2048.0K->9216.0K Heap: 165.0M(256.0M)->172.0M(256.0M)]
 [Times: user=0.08 sys=0.00, real=0.05 secs] 
2014-07-10T16:12:51.576+0200: 22.562: [GC pause (young) (initial-mark), 0.0197571 secs]
   [Parallel Time: 19.3 ms, GC Workers: 2]
      [GC Worker Start (ms): Min: 22562.4, Avg: 22562.4, Max: 22562.4, Diff: 0.0]
      [Ext Root Scanning (ms): Min: 1.1, Avg: 1.1, Max: 1.2, Diff: 0.1, Sum: 2.3]
      [Code Root Marking (ms): Min: 0.1, Avg: 0.1, Max: 0.1, Diff: 0.0, Sum: 0.1]
      [Update RS (ms): Min: 0.9, Avg: 0.9, Max: 0.9, Diff: 0.0, Sum: 1.8]
         [Processed Buffers: Min: 4, Avg: 5.5, Max: 7, Diff: 3, Sum: 11]
      [Scan RS (ms): Min: 0.0, Avg: 0.1, Max: 0.1, Diff: 0.0, Sum: 0.1]
      [Code Root Scanning (ms): Min: 0.0, Avg: 0.0, Max: 0.0, Diff: 0.0, Sum: 0.0]
      [Object Copy (ms): Min: 16.9, Avg: 16.9, Max: 16.9, Diff: 0.1, Sum: 33.8]
      [Termination (ms): Min: 0.0, Avg: 0.0, Max: 0.0, Diff: 0.0, Sum: 0.0]
      [GC Worker Other (ms): Min: 0.0, Avg: 0.0, Max: 0.0, Diff: 0.0, Sum: 0.1]
      [GC Worker Total (ms): Min: 19.2, Avg: 19.2, Max: 19.2, Diff: 0.0, Sum: 38.3]
      [GC Worker End (ms): Min: 22581.6, Avg: 22581.6, Max: 22581.6, Diff: 0.0]
   [Code Root Fixup: 0.0 ms]
   [Code Root Migration: 0.0 ms]
   [Clear CT: 0.0 ms]
   [Other: 0.4 ms]
      [Choose CSet: 0.0 ms]
      [Ref Proc: 0.1 ms]
      [Ref Enq: 0.0 ms]
      [Free CSet: 0.1 ms]
   [Eden: 28.0M(28.0M)->0.0B(19.0M) Survivors: 9216.0K->5120.0K Heap: 200.0M(256.0M)->191.5M(256.0M)]
 [Times: user=0.06 sys=0.00, real=0.02 secs] 
2014-07-10T16:12:51.596+0200: 22.582: [GC concurrent-root-region-scan-start]
2014-07-10T16:12:51.596+0200: 22.582: [GC concurrent-root-region-scan-end, 0.0000891 secs]
2014-07-10T16:12:51.596+0200: 22.582: [GC concurrent-mark-start]
2014-07-10T16:12:51.600+0200: 22.586: [GC concurrent-mark-end, 0.0037557 secs]
2014-07-10T16:12:51.602+0200: 22.589: [GC remark 2014-07-10T16:12:51.603+0200: 22.589: [GC ref-proc, 0.0000686 secs], 0.0012260 secs]
 [Times: user=0.00 sys=0.00, real=0.00 secs] 
2014-07-10T16:12:51.604+0200: 22.590: [GC cleanup 194M->94M(256M), 0.0007688 secs]
 [Times: user=0.00 sys=0.00, real=0.00 secs] 
2014-07-10T16:12:51.605+0200: 22.591: [GC concurrent-cleanup-start]
2014-07-10T16:12:51.605+0200: 22.591: [GC concurrent-cleanup-end, 0.0001939 secs]
2014-07-10T16:12:51.629+0200: 22.615: [GC pause (young), 0.0136770 secs]
   [Parallel Time: 13.4 ms, GC Workers: 2]
      [GC Worker Start (ms): Min: 22615.4, Avg: 22615.4, Max: 22615.4, Diff: 0.0]
      [Ext Root Scanning (ms): Min: 1.1, Avg: 1.1, Max: 1.1, Diff: 0.1, Sum: 2.2]
      [Update RS (ms): Min: 0.4, Avg: 0.5, Max: 0.5, Diff: 0.0, Sum: 0.9]
         [Processed Buffers: Min: 2, Avg: 2.5, Max: 3, Diff: 1, Sum: 5]
      [Scan RS (ms): Min: 0.0, Avg: 0.0, Max: 0.1, Diff: 0.0, Sum: 0.1]
      [Code Root Scanning (ms): Min: 0.0, Avg: 0.0, Max: 0.0, Diff: 0.0, Sum: 0.0]
      [Object Copy (ms): Min: 11.7, Avg: 11.7, Max: 11.7, Diff: 0.0, Sum: 23.4]
      [Termination (ms): Min: 0.0, Avg: 0.0, Max: 0.0, Diff: 0.0, Sum: 0.0]
      [GC Worker Other (ms): Min: 0.0, Avg: 0.0, Max: 0.0, Diff: 0.0, Sum: 0.1]
      [GC Worker Total (ms): Min: 13.3, Avg: 13.3, Max: 13.3, Diff: 0.0, Sum: 26.6]
      [GC Worker End (ms): Min: 22628.7, Avg: 22628.7, Max: 22628.7, Diff: 0.0]
   [Code Root Fixup: 0.0 ms]
   [Code Root Migration: 0.0 ms]
   [Clear CT: 0.0 ms]
   [Other: 0.3 ms]
      [Choose CSet: 0.0 ms]
      [Ref Proc: 0.1 ms]
      [Ref Enq: 0.0 ms]
      [Free CSet: 0.1 ms]
   [Eden: 19.0M(19.0M)->0.0B(9216.0K) Survivors: 5120.0K->3072.0K Heap: 110.5M(256.0M)->106.5M(256.0M)]
 [Times: user=0.03 sys=0.00, real=0.01 secs] 
2014-07-10T16:12:51.657+0200: 22.643: [GC pause (mixed), 0.0098054 secs]
   [Parallel Time: 9.4 ms, GC Workers: 2]
      [GC Worker Start (ms): Min: 22643.5, Avg: 22643.5, Max: 22643.5, Diff: 0.0]
      [Ext Root Scanning (ms): Min: 1.1, Avg: 1.1, Max: 1.1, Diff: 0.0, Sum: 2.2]
      [Update RS (ms): Min: 0.3, Avg: 0.3, Max: 0.3, Diff: 0.0, Sum: 0.6]
         [Processed Buffers: Min: 3, Avg: 3.0, Max: 3, Diff: 0, Sum: 6]
      [Scan RS (ms): Min: 0.1, Avg: 0.1, Max: 0.1, Diff: 0.0, Sum: 0.2]
      [Code Root Scanning (ms): Min: 0.0, Avg: 0.0, Max: 0.0, Diff: 0.0, Sum: 0.0]
      [Object Copy (ms): Min: 7.8, Avg: 7.8, Max: 7.8, Diff: 0.0, Sum: 15.6]
      [Termination (ms): Min: 0.0, Avg: 0.0, Max: 0.0, Diff: 0.0, Sum: 0.0]
      [GC Worker Other (ms): Min: 0.0, Avg: 0.0, Max: 0.0, Diff: 0.0, Sum: 0.1]
      [GC Worker Total (ms): Min: 9.3, Avg: 9.3, Max: 9.3, Diff: 0.0, Sum: 18.7]
      [GC Worker End (ms): Min: 22652.8, Avg: 22652.8, Max: 22652.8, Diff: 0.0]
   [Code Root Fixup: 0.0 ms]
   [Code Root Migration: 0.0 ms]
   [Clear CT: 0.0 ms]
   [Other: 0.4 ms]
      [Choose CSet: 0.0 ms]
      [Ref Proc: 0.1 ms]
      [Ref Enq: 0.0 ms]
      [Free CSet: 0.2 ms]
   [Eden: 9216.0K(9216.0K)->0.0B(65.0M) Survivors: 3072.0K->2048.0K Heap: 115.5M(256.0M)->102.0M(256.0M)]
 [Times: user=0.00 sys=0.00, real=0.01 secs] 
2014-07-10T16:12:51.774+0200: 22.760: [GC pause (young), 0.0433417 secs]
   [Parallel Time: 42.9 ms, GC Workers: 2]
      [GC Worker Start (ms): Min: 22760.4, Avg: 22760.4, Max: 22760.4, Diff: 0.0]
      [Ext Root Scanning (ms): Min: 1.1, Avg: 1.1, Max: 1.1, Diff: 0.0, Sum: 2.2]
      [Update RS (ms): Min: 0.4, Avg: 0.4, Max: 0.4, Diff: 0.1, Sum: 0.8]
         [Processed Buffers: Min: 2, Avg: 2.5, Max: 3, Diff: 1, Sum: 5]
      [Scan RS (ms): Min: 0.1, Avg: 0.1, Max: 0.1, Diff: 0.0, Sum: 0.2]
      [Code Root Scanning (ms): Min: 0.0, Avg: 0.0, Max: 0.0, Diff: 0.0, Sum: 0.1]
      [Object Copy (ms): Min: 41.1, Avg: 41.1, Max: 41.1, Diff: 0.0, Sum: 82.3]
      [Termination (ms): Min: 0.0, Avg: 0.0, Max: 0.0, Diff: 0.0, Sum: 0.0]
      [GC Worker Other (ms): Min: 0.0, Avg: 0.0, Max: 0.0, Diff: 0.0, Sum: 0.1]
      [GC Worker Total (ms): Min: 42.9, Avg: 42.9, Max: 42.9, Diff: 0.0, Sum: 85.7]
      [GC Worker End (ms): Min: 22803.3, Avg: 22803.3, Max: 22803.3, Diff: 0.0]
   [Code Root Fixup: 0.0 ms]
   [Code Root Migration: 0.0 ms]
   [Clear CT: 0.1 ms]
   [Other: 0.4 ms]
      [Choose CSet: 0.0 ms]
      [Ref Proc: 0.0 ms]
      [Ref Enq: 0.0 ms]
      [Free CSet: 0.1 ms]
   [Eden: 65.0M(65.0M)->0.0B(29.0M) Survivors: 2048.0K->9216.0K Heap: 167.0M(256.0M)->171.5M(256.0M)]
 [Times: user=0.09 sys=0.00, real=0.04 secs] 
2014-07-10T16:12:51.868+0200: 22.854: [GC pause (young) (initial-mark), 0.0205098 secs]
   [Parallel Time: 20.1 ms, GC Workers: 2]
      [GC Worker Start (ms): Min: 22854.5, Avg: 22854.5, Max: 22854.5, Diff: 0.0]
      [Ext Root Scanning (ms): Min: 1.1, Avg: 1.1, Max: 1.1, Diff: 0.0, Sum: 2.2]
      [Code Root Marking (ms): Min: 0.1, Avg: 0.1, Max: 0.1, Diff: 0.0, Sum: 0.1]
      [Update RS (ms): Min: 0.9, Avg: 0.9, Max: 0.9, Diff: 0.0, Sum: 1.8]
         [Processed Buffers: Min: 4, Avg: 5.0, Max: 6, Diff: 2, Sum: 10]
      [Scan RS (ms): Min: 0.0, Avg: 0.1, Max: 0.1, Diff: 0.0, Sum: 0.1]
      [Code Root Scanning (ms): Min: 0.0, Avg: 0.0, Max: 0.0, Diff: 0.0, Sum: 0.0]
      [Object Copy (ms): Min: 17.9, Avg: 17.9, Max: 17.9, Diff: 0.0, Sum: 35.8]
      [Termination (ms): Min: 0.0, Avg: 0.0, Max: 0.0, Diff: 0.0, Sum: 0.0]
      [GC Worker Other (ms): Min: 0.0, Avg: 0.0, Max: 0.0, Diff: 0.0, Sum: 0.1]
      [GC Worker Total (ms): Min: 20.0, Avg: 20.0, Max: 20.0, Diff: 0.0, Sum: 40.1]
      [GC Worker End (ms): Min: 22874.6, Avg: 22874.6, Max: 22874.6, Diff: 0.0]
   [Code Root Fixup: 0.0 ms]
   [Code Root Migration: 0.0 ms]
   [Clear CT: 0.0 ms]
   [Other: 0.3 ms]
      [Choose CSet: 0.0 ms]
      [Ref Proc: 0.1 ms]
      [Ref Enq: 0.0 ms]
      [Free CSet: 0.1 ms]
   [Eden: 29.0M(29.0M)->0.0B(18.0M) Survivors: 9216.0K->5120.0K Heap: 200.5M(256.0M)->193.5M(256.0M)]
 [Times: user=0.03 sys=0.00, real=0.02 secs] 
2014-07-10T16:12:51.889+0200: 22.875: [GC concurrent-root-region-scan-start]
2014-07-10T16:12:51.889+0200: 22.875: [GC concurrent-root-region-scan-end, 0.0000869 secs]
2014-07-10T16:12:51.889+0200: 22.875: [GC concurrent-mark-start]
2014-07-10T16:12:51.892+0200: 22.879: [GC concurrent-mark-end, 0.0036597 secs]
2014-07-10T16:12:51.893+0200: 22.879: [GC remark 2014-07-10T16:12:51.893+0200: 22.879: [GC ref-proc, 0.0000704 secs], 0.0014500 secs]
 [Times: user=0.00 sys=0.00, real=0.00 secs] 
2014-07-10T16:12:51.894+0200: 22.881: [GC cleanup 194M->88M(256M), 0.0007743 secs]
 [Times: user=0.00 sys=0.00, real=0.00 secs] 
2014-07-10T16:12:51.895+0200: 22.882: [GC concurrent-cleanup-start]
2014-07-10T16:12:51.895+0200: 22.882: [GC concurrent-cleanup-end, 0.0002082 secs]
2014-07-10T16:12:51.922+0200: 22.908: [GC pause (young), 0.0128517 secs]
   [Parallel Time: 12.6 ms, GC Workers: 2]
      [GC Worker Start (ms): Min: 22908.3, Avg: 22908.3, Max: 22908.3, Diff: 0.0]
      [Ext Root Scanning (ms): Min: 1.0, Avg: 1.1, Max: 1.1, Diff: 0.1, Sum: 2.1]
      [Update RS (ms): Min: 0.5, Avg: 0.5, Max: 0.5, Diff: 0.0, Sum: 1.0]
         [Processed Buffers: Min: 2, Avg: 3.5, Max: 5, Diff: 3, Sum: 7]
      [Scan RS (ms): Min: 0.0, Avg: 0.0, Max: 0.0, Diff: 0.0, Sum: 0.1]
      [Code Root Scanning (ms): Min: 0.0, Avg: 0.0, Max: 0.0, Diff: 0.0, Sum: 0.0]
      [Object Copy (ms): Min: 10.9, Avg: 10.9, Max: 10.9, Diff: 0.0, Sum: 21.8]
      [Termination (ms): Min: 0.0, Avg: 0.0, Max: 0.0, Diff: 0.0, Sum: 0.0]
      [GC Worker Other (ms): Min: 0.0, Avg: 0.0, Max: 0.0, Diff: 0.0, Sum: 0.1]
      [GC Worker Total (ms): Min: 12.5, Avg: 12.5, Max: 12.5, Diff: 0.0, Sum: 25.1]
      [GC Worker End (ms): Min: 22920.8, Avg: 22920.8, Max: 22920.8, Diff: 0.0]
   [Code Root Fixup: 0.0 ms]
   [Code Root Migration: 0.0 ms]
   [Clear CT: 0.0 ms]
   [Other: 0.2 ms]
      [Choose CSet: 0.0 ms]
      [Ref Proc: 0.0 ms]
      [Ref Enq: 0.0 ms]
      [Free CSet: 0.1 ms]
   [Eden: 18.0M(18.0M)->0.0B(9216.0K) Survivors: 5120.0K->3072.0K Heap: 105.5M(256.0M)->101.0M(256.0M)]
 [Times: user=0.03 sys=0.00, real=0.01 secs] 
2014-07-10T16:12:51.950+0200: 22.937: [GC pause (mixed), 0.0086340 secs]
   [Parallel Time: 8.2 ms, GC Workers: 2]
      [GC Worker Start (ms): Min: 22936.8, Avg: 22936.8, Max: 22936.8, Diff: 0.0]
      [Ext Root Scanning (ms): Min: 0.9, Avg: 0.9, Max: 0.9, Diff: 0.0, Sum: 1.9]
      [Update RS (ms): Min: 0.3, Avg: 0.3, Max: 0.3, Diff: 0.0, Sum: 0.6]
         [Processed Buffers: Min: 1, Avg: 3.5, Max: 6, Diff: 5, Sum: 7]
      [Scan RS (ms): Min: 0.1, Avg: 0.1, Max: 0.1, Diff: 0.0, Sum: 0.2]
      [Code Root Scanning (ms): Min: 0.0, Avg: 0.0, Max: 0.0, Diff: 0.0, Sum: 0.0]
      [Object Copy (ms): Min: 6.7, Avg: 6.7, Max: 6.7, Diff: 0.0, Sum: 13.4]
      [Termination (ms): Min: 0.0, Avg: 0.0, Max: 0.0, Diff: 0.0, Sum: 0.0]
      [GC Worker Other (ms): Min: 0.0, Avg: 0.0, Max: 0.0, Diff: 0.0, Sum: 0.1]
      [GC Worker Total (ms): Min: 8.1, Avg: 8.1, Max: 8.1, Diff: 0.0, Sum: 16.1]
      [GC Worker End (ms): Min: 22944.8, Avg: 22944.8, Max: 22944.8, Diff: 0.0]
   [Code Root Fixup: 0.0 ms]
   [Code Root Migration: 0.0 ms]
   [Clear CT: 0.1 ms]
   [Other: 0.3 ms]
      [Choose CSet: 0.0 ms]
      [Ref Proc: 0.1 ms]
      [Ref Enq: 0.0 ms]
      [Free CSet: 0.1 ms]
   [Eden: 9216.0K(9216.0K)->0.0B(65.0M) Survivors: 3072.0K->2048.0K Heap: 110.0M(256.0M)->101.5M(256.0M)]
 [Times: user=0.03 sys=0.00, real=0.01 secs] 
2014-07-10T16:12:52.068+0200: 23.053: [GC pause (young), 0.0430701 secs]
   [Parallel Time: 42.5 ms, GC Workers: 2]
      [GC Worker Start (ms): Min: 23053.4, Avg: 23053.4, Max: 23053.4, Diff: 0.0]
      [Ext Root Scanning (ms): Min: 1.0, Avg: 1.0, Max: 1.0, Diff: 0.0, Sum: 2.0]
      [Update RS (ms): Min: 0.4, Avg: 0.4, Max: 0.4, Diff: 0.1, Sum: 0.8]
         [Processed Buffers: Min: 1, Avg: 3.0, Max: 5, Diff: 4, Sum: 6]
      [Scan RS (ms): Min: 0.1, Avg: 0.1, Max: 0.1, Diff: 0.0, Sum: 0.2]
      [Code Root Scanning (ms): Min: 0.0, Avg: 0.0, Max: 0.1, Diff: 0.0, Sum: 0.1]
      [Object Copy (ms): Min: 41.0, Avg: 41.0, Max: 41.0, Diff: 0.0, Sum: 82.0]
      [Termination (ms): Min: 0.0, Avg: 0.0, Max: 0.0, Diff: 0.0, Sum: 0.0]
      [GC Worker Other (ms): Min: 0.0, Avg: 0.0, Max: 0.0, Diff: 0.0, Sum: 0.1]
      [GC Worker Total (ms): Min: 42.5, Avg: 42.5, Max: 42.5, Diff: 0.0, Sum: 85.0]
      [GC Worker End (ms): Min: 23095.9, Avg: 23095.9, Max: 23095.9, Diff: 0.0]
   [Code Root Fixup: 0.0 ms]
   [Code Root Migration: 0.0 ms]
   [Clear CT: 0.1 ms]
   [Other: 0.4 ms]
      [Choose CSet: 0.0 ms]
      [Ref Proc: 0.0 ms]
      [Ref Enq: 0.0 ms]
      [Free CSet: 0.1 ms]
   [Eden: 65.0M(65.0M)->0.0B(28.0M) Survivors: 2048.0K->9216.0K Heap: 166.5M(256.0M)->173.0M(256.0M)]
 [Times: user=0.08 sys=0.00, real=0.04 secs] 
2014-07-10T16:12:52.156+0200: 23.141: [GC pause (young) (initial-mark), 0.0198806 secs]
   [Parallel Time: 19.3 ms, GC Workers: 2]
      [GC Worker Start (ms): Min: 23141.5, Avg: 23141.5, Max: 23141.5, Diff: 0.0]
      [Ext Root Scanning (ms): Min: 1.0, Avg: 1.1, Max: 1.1, Diff: 0.1, Sum: 2.1]
      [Code Root Marking (ms): Min: 0.0, Avg: 0.1, Max: 0.1, Diff: 0.1, Sum: 0.1]
      [Update RS (ms): Min: 0.9, Avg: 0.9, Max: 1.0, Diff: 0.1, Sum: 1.9]
         [Processed Buffers: Min: 4, Avg: 4.5, Max: 5, Diff: 1, Sum: 9]
      [Scan RS (ms): Min: 0.0, Avg: 0.0, Max: 0.1, Diff: 0.1, Sum: 0.1]
      [Code Root Scanning (ms): Min: 0.0, Avg: 0.0, Max: 0.0, Diff: 0.0, Sum: 0.0]
      [Object Copy (ms): Min: 17.0, Avg: 17.0, Max: 17.0, Diff: 0.1, Sum: 34.0]
      [Termination (ms): Min: 0.0, Avg: 0.0, Max: 0.0, Diff: 0.0, Sum: 0.0]
      [GC Worker Other (ms): Min: 0.0, Avg: 0.0, Max: 0.0, Diff: 0.0, Sum: 0.1]
      [GC Worker Total (ms): Min: 19.1, Avg: 19.1, Max: 19.1, Diff: 0.0, Sum: 38.3]
      [GC Worker End (ms): Min: 23160.6, Avg: 23160.6, Max: 23160.6, Diff: 0.0]
   [Code Root Fixup: 0.0 ms]
   [Code Root Migration: 0.0 ms]
   [Clear CT: 0.0 ms]
   [Other: 0.5 ms]
      [Choose CSet: 0.0 ms]
      [Ref Proc: 0.2 ms]
      [Ref Enq: 0.0 ms]
      [Free CSet: 0.1 ms]
   [Eden: 28.0M(28.0M)->0.0B(18.0M) Survivors: 9216.0K->5120.0K Heap: 201.0M(256.0M)->193.0M(256.0M)]
 [Times: user=0.06 sys=0.00, real=0.02 secs] 
2014-07-10T16:12:52.176+0200: 23.162: [GC concurrent-root-region-scan-start]
2014-07-10T16:12:52.177+0200: 23.162: [GC concurrent-root-region-scan-end, 0.0005870 secs]
2014-07-10T16:12:52.177+0200: 23.162: [GC concurrent-mark-start]
2014-07-10T16:12:52.181+0200: 23.166: [GC concurrent-mark-end, 0.0040945 secs]
2014-07-10T16:12:52.181+0200: 23.166: [GC remark 2014-07-10T16:12:52.181+0200: 23.167: [GC ref-proc, 0.0000704 secs], 0.0010980 secs]
 [Times: user=0.00 sys=0.00, real=0.00 secs] 
2014-07-10T16:12:52.182+0200: 23.168: [GC cleanup 196M->92M(256M), 0.0007783 secs]
 [Times: user=0.00 sys=0.00, real=0.00 secs] 
2014-07-10T16:12:52.183+0200: 23.168: [GC concurrent-cleanup-start]
2014-07-10T16:12:52.183+0200: 23.169: [GC concurrent-cleanup-end, 0.0002174 secs]
2014-07-10T16:12:52.206+0200: 23.191: [GC pause (young), 0.0127215 secs]
   [Parallel Time: 12.4 ms, GC Workers: 2]
      [GC Worker Start (ms): Min: 23191.5, Avg: 23191.5, Max: 23191.5, Diff: 0.0]
      [Ext Root Scanning (ms): Min: 1.0, Avg: 1.0, Max: 1.0, Diff: 0.1, Sum: 2.0]
      [Update RS (ms): Min: 0.4, Avg: 0.4, Max: 0.5, Diff: 0.1, Sum: 0.9]
         [Processed Buffers: Min: 2, Avg: 3.0, Max: 4, Diff: 2, Sum: 6]
      [Scan RS (ms): Min: 0.0, Avg: 0.0, Max: 0.0, Diff: 0.0, Sum: 0.1]
      [Code Root Scanning (ms): Min: 0.0, Avg: 0.0, Max: 0.0, Diff: 0.0, Sum: 0.0]
      [Object Copy (ms): Min: 10.7, Avg: 10.7, Max: 10.7, Diff: 0.0, Sum: 21.4]
      [Termination (ms): Min: 0.0, Avg: 0.0, Max: 0.0, Diff: 0.0, Sum: 0.0]
      [GC Worker Other (ms): Min: 0.0, Avg: 0.0, Max: 0.0, Diff: 0.0, Sum: 0.1]
      [GC Worker Total (ms): Min: 12.3, Avg: 12.3, Max: 12.3, Diff: 0.0, Sum: 24.5]
      [GC Worker End (ms): Min: 23203.8, Avg: 23203.8, Max: 23203.8, Diff: 0.0]
   [Code Root Fixup: 0.0 ms]
   [Code Root Migration: 0.0 ms]
   [Clear CT: 0.0 ms]
   [Other: 0.2 ms]
      [Choose CSet: 0.0 ms]
      [Ref Proc: 0.0 ms]
      [Ref Enq: 0.0 ms]
      [Free CSet: 0.1 ms]
   [Eden: 18.0M(18.0M)->0.0B(9216.0K) Survivors: 5120.0K->3072.0K Heap: 107.0M(256.0M)->102.5M(256.0M)]
 [Times: user=0.00 sys=0.00, real=0.01 secs] 
2014-07-10T16:12:52.232+0200: 23.217: [GC pause (mixed), 0.0093966 secs]
   [Parallel Time: 8.9 ms, GC Workers: 2]
      [GC Worker Start (ms): Min: 23217.4, Avg: 23217.4, Max: 23217.4, Diff: 0.0]
      [Ext Root Scanning (ms): Min: 0.9, Avg: 1.0, Max: 1.0, Diff: 0.1, Sum: 2.0]
      [Update RS (ms): Min: 0.3, Avg: 0.3, Max: 0.3, Diff: 0.1, Sum: 0.6]
         [Processed Buffers: Min: 3, Avg: 3.5, Max: 4, Diff: 1, Sum: 7]
      [Scan RS (ms): Min: 0.1, Avg: 0.1, Max: 0.1, Diff: 0.0, Sum: 0.2]
      [Code Root Scanning (ms): Min: 0.0, Avg: 0.0, Max: 0.0, Diff: 0.0, Sum: 0.0]
      [Object Copy (ms): Min: 7.5, Avg: 7.5, Max: 7.5, Diff: 0.0, Sum: 14.9]
      [Termination (ms): Min: 0.0, Avg: 0.0, Max: 0.0, Diff: 0.0, Sum: 0.0]
      [GC Worker Other (ms): Min: 0.0, Avg: 0.0, Max: 0.0, Diff: 0.0, Sum: 0.1]
      [GC Worker Total (ms): Min: 8.9, Avg: 8.9, Max: 8.9, Diff: 0.0, Sum: 17.7]
      [GC Worker End (ms): Min: 23226.3, Avg: 23226.3, Max: 23226.3, Diff: 0.0]
   [Code Root Fixup: 0.0 ms]
   [Code Root Migration: 0.0 ms]
   [Clear CT: 0.0 ms]
   [Other: 0.4 ms]
      [Choose CSet: 0.0 ms]
      [Ref Proc: 0.2 ms]
      [Ref Enq: 0.0 ms]
      [Free CSet: 0.1 ms]
   [Eden: 9216.0K(9216.0K)->0.0B(64.0M) Survivors: 3072.0K->2048.0K Heap: 111.5M(256.0M)->101.0M(256.0M)]
 [Times: user=0.03 sys=0.00, real=0.01 secs] 
2014-07-10T16:12:52.347+0200: 23.333: [GC pause (young), 0.0425282 secs]
   [Parallel Time: 42.0 ms, GC Workers: 2]
      [GC Worker Start (ms): Min: 23332.8, Avg: 23332.8, Max: 23332.8, Diff: 0.0]
      [Ext Root Scanning (ms): Min: 0.9, Avg: 1.0, Max: 1.0, Diff: 0.1, Sum: 1.9]
      [Update RS (ms): Min: 0.4, Avg: 0.4, Max: 0.4, Diff: 0.1, Sum: 0.8]
         [Processed Buffers: Min: 2, Avg: 2.5, Max: 3, Diff: 1, Sum: 5]
      [Scan RS (ms): Min: 0.1, Avg: 0.1, Max: 0.1, Diff: 0.0, Sum: 0.2]
      [Code Root Scanning (ms): Min: 0.0, Avg: 0.0, Max: 0.0, Diff: 0.0, Sum: 0.1]
      [Object Copy (ms): Min: 40.4, Avg: 40.4, Max: 40.4, Diff: 0.0, Sum: 80.9]
      [Termination (ms): Min: 0.0, Avg: 0.0, Max: 0.0, Diff: 0.0, Sum: 0.0]
      [GC Worker Other (ms): Min: 0.0, Avg: 0.0, Max: 0.0, Diff: 0.0, Sum: 0.1]
      [GC Worker Total (ms): Min: 42.0, Avg: 42.0, Max: 42.0, Diff: 0.0, Sum: 84.0]
      [GC Worker End (ms): Min: 23374.8, Avg: 23374.8, Max: 23374.8, Diff: 0.0]
   [Code Root Fixup: 0.0 ms]
   [Code Root Migration: 0.0 ms]
   [Clear CT: 0.1 ms]
   [Other: 0.4 ms]
      [Choose CSet: 0.0 ms]
      [Ref Proc: 0.1 ms]
      [Ref Enq: 0.0 ms]
      [Free CSet: 0.1 ms]
   [Eden: 64.0M(64.0M)->0.0B(29.0M) Survivors: 2048.0K->9216.0K Heap: 165.0M(256.0M)->171.0M(256.0M)]
 [Times: user=0.06 sys=0.00, real=0.04 secs] 
2014-07-10T16:12:52.436+0200: 23.421: [GC pause (young) (initial-mark), 0.0198627 secs]
   [Parallel Time: 19.2 ms, GC Workers: 2]
      [GC Worker Start (ms): Min: 23421.4, Avg: 23421.4, Max: 23421.4, Diff: 0.0]
      [Ext Root Scanning (ms): Min: 1.0, Avg: 1.1, Max: 1.1, Diff: 0.0, Sum: 2.1]
      [Code Root Marking (ms): Min: 0.1, Avg: 0.1, Max: 0.1, Diff: 0.0, Sum: 0.1]
      [Update RS (ms): Min: 0.9, Avg: 0.9, Max: 0.9, Diff: 0.1, Sum: 1.8]
         [Processed Buffers: Min: 4, Avg: 5.0, Max: 6, Diff: 2, Sum: 10]
      [Scan RS (ms): Min: 0.0, Avg: 0.1, Max: 0.1, Diff: 0.0, Sum: 0.1]
      [Code Root Scanning (ms): Min: 0.0, Avg: 0.0, Max: 0.0, Diff: 0.0, Sum: 0.0]
      [Object Copy (ms): Min: 16.9, Avg: 16.9, Max: 17.0, Diff: 0.0, Sum: 33.9]
      [Termination (ms): Min: 0.0, Avg: 0.0, Max: 0.0, Diff: 0.0, Sum: 0.0]
      [GC Worker Other (ms): Min: 0.0, Avg: 0.0, Max: 0.0, Diff: 0.0, Sum: 0.1]
      [GC Worker Total (ms): Min: 19.0, Avg: 19.0, Max: 19.1, Diff: 0.0, Sum: 38.1]
      [GC Worker End (ms): Min: 23440.5, Avg: 23440.5, Max: 23440.5, Diff: 0.0]
   [Code Root Fixup: 0.0 ms]
   [Code Root Migration: 0.0 ms]
   [Clear CT: 0.0 ms]
   [Other: 0.6 ms]
      [Choose CSet: 0.0 ms]
      [Ref Proc: 0.3 ms]
      [Ref Enq: 0.0 ms]
      [Free CSet: 0.1 ms]
   [Eden: 29.0M(29.0M)->0.0B(19.0M) Survivors: 9216.0K->5120.0K Heap: 200.0M(256.0M)->191.0M(256.0M)]
 [Times: user=0.06 sys=0.00, real=0.02 secs] 
2014-07-10T16:12:52.456+0200: 23.442: [GC concurrent-root-region-scan-start]
2014-07-10T16:12:52.456+0200: 23.442: [GC concurrent-root-region-scan-end, 0.0000869 secs]
2014-07-10T16:12:52.456+0200: 23.442: [GC concurrent-mark-start]
2014-07-10T16:12:52.459+0200: 23.445: [GC concurrent-mark-end, 0.0032065 secs]
2014-07-10T16:12:52.461+0200: 23.447: [GC remark 2014-07-10T16:12:52.461+0200: 23.447: [GC ref-proc, 0.0000792 secs], 0.0010365 secs]
 [Times: user=0.00 sys=0.00, real=0.00 secs] 
2014-07-10T16:12:52.464+0200: 23.450: [GC cleanup 193M->88M(256M), 0.0010808 secs]
 [Times: user=0.00 sys=0.00, real=0.00 secs] 
2014-07-10T16:12:52.465+0200: 23.451: [GC concurrent-cleanup-start]
2014-07-10T16:12:52.466+0200: 23.451: [GC concurrent-cleanup-end, 0.0002185 secs]
2014-07-10T16:12:52.494+0200: 23.479: [GC pause (young), 0.0132176 secs]
   [Parallel Time: 12.9 ms, GC Workers: 2]
      [GC Worker Start (ms): Min: 23479.3, Avg: 23479.3, Max: 23479.3, Diff: 0.0]
      [Ext Root Scanning (ms): Min: 1.0, Avg: 1.0, Max: 1.0, Diff: 0.0, Sum: 2.0]
      [Update RS (ms): Min: 0.5, Avg: 0.5, Max: 0.5, Diff: 0.1, Sum: 1.0]
         [Processed Buffers: Min: 2, Avg: 3.5, Max: 5, Diff: 3, Sum: 7]
      [Scan RS (ms): Min: 0.0, Avg: 0.0, Max: 0.1, Diff: 0.1, Sum: 0.1]
      [Code Root Scanning (ms): Min: 0.0, Avg: 0.0, Max: 0.0, Diff: 0.0, Sum: 0.0]
      [Object Copy (ms): Min: 11.3, Avg: 11.3, Max: 11.3, Diff: 0.0, Sum: 22.5]
      [Termination (ms): Min: 0.0, Avg: 0.0, Max: 0.0, Diff: 0.0, Sum: 0.0]
      [GC Worker Other (ms): Min: 0.0, Avg: 0.0, Max: 0.0, Diff: 0.0, Sum: 0.0]
      [GC Worker Total (ms): Min: 12.8, Avg: 12.8, Max: 12.8, Diff: 0.0, Sum: 25.7]
      [GC Worker End (ms): Min: 23492.2, Avg: 23492.2, Max: 23492.2, Diff: 0.0]
   [Code Root Fixup: 0.0 ms]
   [Code Root Migration: 0.0 ms]
   [Clear CT: 0.0 ms]
   [Other: 0.2 ms]
      [Choose CSet: 0.0 ms]
      [Ref Proc: 0.0 ms]
      [Ref Enq: 0.0 ms]
      [Free CSet: 0.1 ms]
   [Eden: 19.0M(19.0M)->0.0B(9216.0K) Survivors: 5120.0K->3072.0K Heap: 105.0M(256.0M)->101.0M(256.0M)]
 [Times: user=0.02 sys=0.00, real=0.01 secs] 
2014-07-10T16:12:52.520+0200: 23.505: [GC pause (mixed), 0.0078322 secs]
   [Parallel Time: 7.5 ms, GC Workers: 2]
      [GC Worker Start (ms): Min: 23505.5, Avg: 23505.5, Max: 23505.5, Diff: 0.0]
      [Ext Root Scanning (ms): Min: 1.0, Avg: 1.0, Max: 1.0, Diff: 0.0, Sum: 2.0]
      [Update RS (ms): Min: 0.3, Avg: 0.3, Max: 0.3, Diff: 0.0, Sum: 0.6]
         [Processed Buffers: Min: 1, Avg: 3.5, Max: 6, Diff: 5, Sum: 7]
      [Scan RS (ms): Min: 0.1, Avg: 0.1, Max: 0.1, Diff: 0.0, Sum: 0.1]
      [Code Root Scanning (ms): Min: 0.0, Avg: 0.0, Max: 0.0, Diff: 0.0, Sum: 0.0]
      [Object Copy (ms): Min: 6.1, Avg: 6.1, Max: 6.1, Diff: 0.0, Sum: 12.1]
      [Termination (ms): Min: 0.0, Avg: 0.0, Max: 0.0, Diff: 0.0, Sum: 0.0]
      [GC Worker Other (ms): Min: 0.0, Avg: 0.0, Max: 0.0, Diff: 0.0, Sum: 0.1]
      [GC Worker Total (ms): Min: 7.5, Avg: 7.5, Max: 7.5, Diff: 0.0, Sum: 15.0]
      [GC Worker End (ms): Min: 23513.0, Avg: 23513.0, Max: 23513.0, Diff: 0.0]
   [Code Root Fixup: 0.0 ms]
   [Code Root Migration: 0.0 ms]
   [Clear CT: 0.1 ms]
   [Other: 0.3 ms]
      [Choose CSet: 0.0 ms]
      [Ref Proc: 0.0 ms]
      [Ref Enq: 0.0 ms]
      [Free CSet: 0.1 ms]
   [Eden: 9216.0K(9216.0K)->0.0B(72.0M) Survivors: 3072.0K->2048.0K Heap: 110.0M(256.0M)->100.5M(256.0M)]
 [Times: user=0.00 sys=0.00, real=0.01 secs] 
2014-07-10T16:12:52.648+0200: 23.634: [GC pause (young), 0.0476925 secs]
   [Parallel Time: 47.2 ms, GC Workers: 2]
      [GC Worker Start (ms): Min: 23633.6, Avg: 23633.6, Max: 23633.6, Diff: 0.0]
      [Ext Root Scanning (ms): Min: 1.0, Avg: 1.0, Max: 1.1, Diff: 0.1, Sum: 2.1]
      [Update RS (ms): Min: 0.4, Avg: 0.4, Max: 0.4, Diff: 0.0, Sum: 0.7]
         [Processed Buffers: Min: 1, Avg: 3.0, Max: 5, Diff: 4, Sum: 6]
      [Scan RS (ms): Min: 0.1, Avg: 0.1, Max: 0.1, Diff: 0.0, Sum: 0.2]
      [Code Root Scanning (ms): Min: 0.0, Avg: 0.0, Max: 0.1, Diff: 0.0, Sum: 0.1]
      [Object Copy (ms): Min: 45.6, Avg: 45.6, Max: 45.6, Diff: 0.0, Sum: 91.1]
      [Termination (ms): Min: 0.0, Avg: 0.0, Max: 0.0, Diff: 0.0, Sum: 0.0]
      [GC Worker Other (ms): Min: 0.0, Avg: 0.0, Max: 0.0, Diff: 0.0, Sum: 0.1]
      [GC Worker Total (ms): Min: 47.1, Avg: 47.1, Max: 47.1, Diff: 0.0, Sum: 94.3]
      [GC Worker End (ms): Min: 23680.8, Avg: 23680.8, Max: 23680.8, Diff: 0.0]
   [Code Root Fixup: 0.0 ms]
   [Code Root Migration: 0.0 ms]
   [Clear CT: 0.1 ms]
   [Other: 0.4 ms]
      [Choose CSet: 0.0 ms]
      [Ref Proc: 0.0 ms]
      [Ref Enq: 0.0 ms]
      [Free CSet: 0.1 ms]
   [Eden: 72.0M(72.0M)->0.0B(24.0M) Survivors: 2048.0K->10.0M Heap: 172.5M(256.0M)->181.5M(256.0M)]
 [Times: user=0.09 sys=0.00, real=0.05 secs] 
2014-07-10T16:12:52.741+0200: 23.726: [GC pause (young) (initial-mark), 0.0177773 secs]
   [Parallel Time: 17.3 ms, GC Workers: 2]
      [GC Worker Start (ms): Min: 23726.5, Avg: 23726.5, Max: 23726.5, Diff: 0.0]
      [Ext Root Scanning (ms): Min: 1.1, Avg: 1.1, Max: 1.1, Diff: 0.0, Sum: 2.1]
      [Code Root Marking (ms): Min: 0.1, Avg: 0.1, Max: 0.1, Diff: 0.0, Sum: 0.1]
      [Update RS (ms): Min: 1.0, Avg: 1.0, Max: 1.0, Diff: 0.0, Sum: 2.0]
         [Processed Buffers: Min: 4, Avg: 5.0, Max: 6, Diff: 2, Sum: 10]
      [Scan RS (ms): Min: 0.0, Avg: 0.0, Max: 0.0, Diff: 0.0, Sum: 0.1]
      [Code Root Scanning (ms): Min: 0.0, Avg: 0.0, Max: 0.0, Diff: 0.0, Sum: 0.0]
      [Object Copy (ms): Min: 14.9, Avg: 15.0, Max: 15.0, Diff: 0.0, Sum: 29.9]
      [Termination (ms): Min: 0.0, Avg: 0.0, Max: 0.0, Diff: 0.0, Sum: 0.0]
      [GC Worker Other (ms): Min: 0.0, Avg: 0.0, Max: 0.0, Diff: 0.0, Sum: 0.0]
      [GC Worker Total (ms): Min: 17.2, Avg: 17.2, Max: 17.2, Diff: 0.0, Sum: 34.3]
      [GC Worker End (ms): Min: 23743.7, Avg: 23743.7, Max: 23743.7, Diff: 0.0]
   [Code Root Fixup: 0.0 ms]
   [Code Root Migration: 0.0 ms]
   [Clear CT: 0.1 ms]
   [Other: 0.4 ms]
      [Choose CSet: 0.0 ms]
      [Ref Proc: 0.1 ms]
      [Ref Enq: 0.0 ms]
      [Free CSet: 0.1 ms]
   [Eden: 24.0M(24.0M)->0.0B(16.0M) Survivors: 10.0M->5120.0K Heap: 205.5M(256.0M)->196.0M(256.0M)]
 [Times: user=0.03 sys=0.00, real=0.02 secs] 
2014-07-10T16:12:52.759+0200: 23.744: [GC concurrent-root-region-scan-start]
2014-07-10T16:12:52.759+0200: 23.745: [GC concurrent-root-region-scan-end, 0.0000909 secs]
2014-07-10T16:12:52.759+0200: 23.745: [GC concurrent-mark-start]
2014-07-10T16:12:52.762+0200: 23.748: [GC concurrent-mark-end, 0.0031592 secs]
2014-07-10T16:12:52.764+0200: 23.750: [GC remark 2014-07-10T16:12:52.764+0200: 23.750: [GC ref-proc, 0.0000656 secs], 0.0013792 secs]
 [Times: user=0.00 sys=0.00, real=0.00 secs] 
2014-07-10T16:12:52.766+0200: 23.751: [GC cleanup 197M->87M(256M), 0.0007794 secs]
 [Times: user=0.00 sys=0.00, real=0.00 secs] 
2014-07-10T16:12:52.766+0200: 23.752: [GC concurrent-cleanup-start]
2014-07-10T16:12:52.767+0200: 23.752: [GC concurrent-cleanup-end, 0.0002053 secs]
2014-07-10T16:12:52.789+0200: 23.774: [GC pause (young), 0.0124697 secs]
   [Parallel Time: 12.2 ms, GC Workers: 2]
      [GC Worker Start (ms): Min: 23774.5, Avg: 23774.5, Max: 23774.5, Diff: 0.0]
      [Ext Root Scanning (ms): Min: 1.0, Avg: 1.0, Max: 1.1, Diff: 0.1, Sum: 2.1]
      [Update RS (ms): Min: 0.3, Avg: 0.4, Max: 0.4, Diff: 0.1, Sum: 0.8]
         [Processed Buffers: Min: 2, Avg: 3.0, Max: 4, Diff: 2, Sum: 6]
      [Scan RS (ms): Min: 0.0, Avg: 0.0, Max: 0.0, Diff: 0.0, Sum: 0.1]
      [Code Root Scanning (ms): Min: 0.0, Avg: 0.0, Max: 0.0, Diff: 0.0, Sum: 0.0]
      [Object Copy (ms): Min: 10.5, Avg: 10.5, Max: 10.5, Diff: 0.0, Sum: 21.0]
      [Termination (ms): Min: 0.1, Avg: 0.1, Max: 0.2, Diff: 0.1, Sum: 0.3]
      [GC Worker Other (ms): Min: 0.0, Avg: 0.0, Max: 0.0, Diff: 0.0, Sum: 0.0]
      [GC Worker Total (ms): Min: 12.0, Avg: 12.1, Max: 12.1, Diff: 0.1, Sum: 24.2]
      [GC Worker End (ms): Min: 23786.5, Avg: 23786.6, Max: 23786.6, Diff: 0.1]
   [Code Root Fixup: 0.0 ms]
   [Code Root Migration: 0.0 ms]
   [Clear CT: 0.0 ms]
   [Other: 0.3 ms]
      [Choose CSet: 0.0 ms]
      [Ref Proc: 0.1 ms]
      [Ref Enq: 0.0 ms]
      [Free CSet: 0.1 ms]
   [Eden: 16.0M(16.0M)->0.0B(9216.0K) Survivors: 5120.0K->3072.0K Heap: 102.0M(256.0M)->100.0M(256.0M)]
 [Times: user=0.03 sys=0.00, real=0.01 secs] 
2014-07-10T16:12:52.816+0200: 23.801: [GC pause (mixed), 0.0093325 secs]
   [Parallel Time: 8.9 ms, GC Workers: 2]
      [GC Worker Start (ms): Min: 23801.4, Avg: 23801.4, Max: 23801.4, Diff: 0.0]
      [Ext Root Scanning (ms): Min: 1.1, Avg: 1.2, Max: 1.3, Diff: 0.2, Sum: 2.4]
      [Update RS (ms): Min: 0.2, Avg: 0.3, Max: 0.4, Diff: 0.2, Sum: 0.7]
         [Processed Buffers: Min: 1, Avg: 3.0, Max: 5, Diff: 4, Sum: 6]
      [Scan RS (ms): Min: 0.1, Avg: 0.1, Max: 0.1, Diff: 0.0, Sum: 0.2]
      [Code Root Scanning (ms): Min: 0.0, Avg: 0.0, Max: 0.1, Diff: 0.0, Sum: 0.1]
      [Object Copy (ms): Min: 7.2, Avg: 7.2, Max: 7.2, Diff: 0.0, Sum: 14.4]
      [Termination (ms): Min: 0.0, Avg: 0.0, Max: 0.0, Diff: 0.0, Sum: 0.0]
      [GC Worker Other (ms): Min: 0.0, Avg: 0.0, Max: 0.0, Diff: 0.0, Sum: 0.1]
      [GC Worker Total (ms): Min: 8.9, Avg: 8.9, Max: 8.9, Diff: 0.0, Sum: 17.8]
      [GC Worker End (ms): Min: 23810.4, Avg: 23810.4, Max: 23810.4, Diff: 0.0]
   [Code Root Fixup: 0.0 ms]
   [Code Root Migration: 0.0 ms]
   [Clear CT: 0.1 ms]
   [Other: 0.3 ms]
      [Choose CSet: 0.0 ms]
      [Ref Proc: 0.0 ms]
      [Ref Enq: 0.0 ms]
      [Free CSet: 0.1 ms]
   [Eden: 9216.0K(9216.0K)->0.0B(70.0M) Survivors: 3072.0K->2048.0K Heap: 109.0M(256.0M)->94.0M(256.0M)]
 [Times: user=0.00 sys=0.00, real=0.01 secs] 
2014-07-10T16:12:52.941+0200: 23.926: [GC pause (young), 0.0491007 secs]
   [Parallel Time: 48.5 ms, GC Workers: 2]
      [GC Worker Start (ms): Min: 23926.4, Avg: 23926.4, Max: 23926.4, Diff: 0.0]
      [Ext Root Scanning (ms): Min: 1.1, Avg: 1.1, Max: 1.1, Diff: 0.1, Sum: 2.2]
      [Update RS (ms): Min: 0.4, Avg: 0.4, Max: 0.4, Diff: 0.1, Sum: 0.8]
         [Processed Buffers: Min: 3, Avg: 3.0, Max: 3, Diff: 0, Sum: 6]
      [Scan RS (ms): Min: 0.1, Avg: 0.1, Max: 0.1, Diff: 0.0, Sum: 0.2]
      [Code Root Scanning (ms): Min: 0.0, Avg: 0.1, Max: 0.1, Diff: 0.0, Sum: 0.1]
      [Object Copy (ms): Min: 46.8, Avg: 46.8, Max: 46.8, Diff: 0.0, Sum: 93.6]
      [Termination (ms): Min: 0.0, Avg: 0.0, Max: 0.0, Diff: 0.0, Sum: 0.0]
      [GC Worker Other (ms): Min: 0.0, Avg: 0.0, Max: 0.0, Diff: 0.0, Sum: 0.1]
      [GC Worker Total (ms): Min: 48.5, Avg: 48.5, Max: 48.5, Diff: 0.0, Sum: 96.9]
      [GC Worker End (ms): Min: 23974.9, Avg: 23974.9, Max: 23974.9, Diff: 0.0]
   [Code Root Fixup: 0.0 ms]
   [Code Root Migration: 0.0 ms]
   [Clear CT: 0.1 ms]
   [Other: 0.5 ms]
      [Choose CSet: 0.0 ms]
      [Ref Proc: 0.2 ms]
      [Ref Enq: 0.0 ms]
      [Free CSet: 0.1 ms]
   [Eden: 70.0M(70.0M)->0.0B(29.0M) Survivors: 2048.0K->9216.0K Heap: 164.0M(256.0M)->171.0M(256.0M)]
 [Times: user=0.08 sys=0.00, real=0.05 secs] 
2014-07-10T16:12:53.046+0200: 24.032: [GC pause (young) (initial-mark), 0.0203840 secs]
   [Parallel Time: 19.8 ms, GC Workers: 2]
      [GC Worker Start (ms): Min: 24031.8, Avg: 24031.8, Max: 24031.8, Diff: 0.0]
      [Ext Root Scanning (ms): Min: 1.1, Avg: 1.1, Max: 1.1, Diff: 0.0, Sum: 2.3]
      [Code Root Marking (ms): Min: 0.1, Avg: 0.1, Max: 0.1, Diff: 0.0, Sum: 0.1]
      [Update RS (ms): Min: 0.9, Avg: 0.9, Max: 0.9, Diff: 0.0, Sum: 1.8]
         [Processed Buffers: Min: 4, Avg: 6.0, Max: 8, Diff: 4, Sum: 12]
      [Scan RS (ms): Min: 0.1, Avg: 0.1, Max: 0.1, Diff: 0.0, Sum: 0.1]
      [Code Root Scanning (ms): Min: 0.0, Avg: 0.0, Max: 0.0, Diff: 0.0, Sum: 0.0]
      [Object Copy (ms): Min: 17.5, Avg: 17.5, Max: 17.5, Diff: 0.0, Sum: 35.0]
      [Termination (ms): Min: 0.0, Avg: 0.0, Max: 0.0, Diff: 0.0, Sum: 0.0]
      [GC Worker Other (ms): Min: 0.0, Avg: 0.0, Max: 0.0, Diff: 0.0, Sum: 0.1]
      [GC Worker Total (ms): Min: 19.7, Avg: 19.7, Max: 19.7, Diff: 0.0, Sum: 39.5]
      [GC Worker End (ms): Min: 24051.5, Avg: 24051.5, Max: 24051.5, Diff: 0.0]
   [Code Root Fixup: 0.0 ms]
   [Code Root Migration: 0.0 ms]
   [Clear CT: 0.0 ms]
   [Other: 0.5 ms]
      [Choose CSet: 0.0 ms]
      [Ref Proc: 0.2 ms]
      [Ref Enq: 0.0 ms]
      [Free CSet: 0.1 ms]
   [Eden: 29.0M(29.0M)->0.0B(19.0M) Survivors: 9216.0K->5120.0K Heap: 200.0M(256.0M)->191.5M(256.0M)]
 [Times: user=0.06 sys=0.00, real=0.02 secs] 
2014-07-10T16:12:53.067+0200: 24.052: [GC concurrent-root-region-scan-start]
2014-07-10T16:12:53.067+0200: 24.052: [GC concurrent-root-region-scan-end, 0.0000898 secs]
2014-07-10T16:12:53.067+0200: 24.052: [GC concurrent-mark-start]
2014-07-10T16:12:53.071+0200: 24.056: [GC concurrent-mark-end, 0.0034829 secs]
2014-07-10T16:12:53.071+0200: 24.057: [GC remark 2014-07-10T16:12:53.071+0200: 24.057: [GC ref-proc, 0.0000697 secs], 0.0010848 secs]
 [Times: user=0.00 sys=0.00, real=0.00 secs] 
2014-07-10T16:12:53.072+0200: 24.058: [GC cleanup 193M->87M(256M), 0.0007695 secs]
 [Times: user=0.00 sys=0.00, real=0.00 secs] 
2014-07-10T16:12:53.073+0200: 24.059: [GC concurrent-cleanup-start]
2014-07-10T16:12:53.073+0200: 24.059: [GC concurrent-cleanup-end, 0.0002130 secs]
2014-07-10T16:12:53.100+0200: 24.086: [GC pause (young), 0.0153202 secs]
   [Parallel Time: 14.9 ms, GC Workers: 2]
      [GC Worker Start (ms): Min: 24085.6, Avg: 24085.6, Max: 24085.6, Diff: 0.0]
      [Ext Root Scanning (ms): Min: 1.7, Avg: 1.8, Max: 1.8, Diff: 0.1, Sum: 3.6]
      [Update RS (ms): Min: 0.4, Avg: 0.5, Max: 0.5, Diff: 0.1, Sum: 0.9]
         [Processed Buffers: Min: 2, Avg: 3.5, Max: 5, Diff: 3, Sum: 7]
      [Scan RS (ms): Min: 0.0, Avg: 0.0, Max: 0.0, Diff: 0.0, Sum: 0.1]
      [Code Root Scanning (ms): Min: 0.0, Avg: 0.0, Max: 0.0, Diff: 0.0, Sum: 0.0]
      [Object Copy (ms): Min: 12.5, Avg: 12.5, Max: 12.5, Diff: 0.0, Sum: 25.0]
      [Termination (ms): Min: 0.0, Avg: 0.0, Max: 0.0, Diff: 0.0, Sum: 0.0]
      [GC Worker Other (ms): Min: 0.0, Avg: 0.0, Max: 0.0, Diff: 0.0, Sum: 0.1]
      [GC Worker Total (ms): Min: 14.8, Avg: 14.8, Max: 14.8, Diff: 0.0, Sum: 29.7]
      [GC Worker End (ms): Min: 24100.4, Avg: 24100.4, Max: 24100.4, Diff: 0.0]
   [Code Root Fixup: 0.0 ms]
   [Code Root Migration: 0.0 ms]
   [Clear CT: 0.0 ms]
   [Other: 0.4 ms]
      [Choose CSet: 0.0 ms]
      [Ref Proc: 0.2 ms]
      [Ref Enq: 0.0 ms]
      [Free CSet: 0.1 ms]
   [Eden: 19.0M(19.0M)->0.0B(9216.0K) Survivors: 5120.0K->3072.0K Heap: 104.5M(256.0M)->104.0M(256.0M)]
 [Times: user=0.03 sys=0.00, real=0.02 secs] 
2014-07-10T16:12:53.130+0200: 24.115: [GC pause (mixed), 0.0081494 secs]
   [Parallel Time: 7.8 ms, GC Workers: 2]
      [GC Worker Start (ms): Min: 24115.4, Avg: 24115.5, Max: 24115.5, Diff: 0.0]
      [Ext Root Scanning (ms): Min: 1.1, Avg: 1.2, Max: 1.3, Diff: 0.2, Sum: 2.4]
      [Update RS (ms): Min: 0.3, Avg: 0.3, Max: 0.3, Diff: 0.1, Sum: 0.6]
         [Processed Buffers: Min: 1, Avg: 3.0, Max: 5, Diff: 4, Sum: 6]
      [Scan RS (ms): Min: 0.0, Avg: 0.1, Max: 0.1, Diff: 0.1, Sum: 0.2]
      [Code Root Scanning (ms): Min: 0.0, Avg: 0.0, Max: 0.0, Diff: 0.0, Sum: 0.0]
      [Object Copy (ms): Min: 6.0, Avg: 6.1, Max: 6.1, Diff: 0.0, Sum: 12.1]
      [Termination (ms): Min: 0.0, Avg: 0.0, Max: 0.0, Diff: 0.0, Sum: 0.0]
      [GC Worker Other (ms): Min: 0.0, Avg: 0.0, Max: 0.0, Diff: 0.0, Sum: 0.1]
      [GC Worker Total (ms): Min: 7.7, Avg: 7.7, Max: 7.7, Diff: 0.0, Sum: 15.5]
      [GC Worker End (ms): Min: 24123.2, Avg: 24123.2, Max: 24123.2, Diff: 0.0]
   [Code Root Fixup: 0.0 ms]
   [Code Root Migration: 0.0 ms]
   [Clear CT: 0.1 ms]
   [Other: 0.3 ms]
      [Choose CSet: 0.0 ms]
      [Ref Proc: 0.0 ms]
      [Ref Enq: 0.0 ms]
      [Free CSet: 0.1 ms]
   [Eden: 9216.0K(9216.0K)->0.0B(63.0M) Survivors: 3072.0K->2048.0K Heap: 113.0M(256.0M)->103.5M(256.0M)]
 [Times: user=0.00 sys=0.00, real=0.01 secs] 
2014-07-10T16:12:53.241+0200: 24.227: [GC pause (young), 0.0416941 secs]
   [Parallel Time: 41.2 ms, GC Workers: 2]
      [GC Worker Start (ms): Min: 24226.7, Avg: 24226.7, Max: 24226.7, Diff: 0.0]
      [Ext Root Scanning (ms): Min: 1.0, Avg: 1.0, Max: 1.0, Diff: 0.0, Sum: 1.9]
      [Update RS (ms): Min: 0.3, Avg: 0.4, Max: 0.4, Diff: 0.0, Sum: 0.7]
         [Processed Buffers: Min: 1, Avg: 2.5, Max: 4, Diff: 3, Sum: 5]
      [Scan RS (ms): Min: 0.1, Avg: 0.1, Max: 0.1, Diff: 0.0, Sum: 0.2]
      [Code Root Scanning (ms): Min: 0.0, Avg: 0.0, Max: 0.1, Diff: 0.0, Sum: 0.1]
      [Object Copy (ms): Min: 39.7, Avg: 39.7, Max: 39.7, Diff: 0.0, Sum: 79.4]
      [Termination (ms): Min: 0.0, Avg: 0.0, Max: 0.0, Diff: 0.0, Sum: 0.0]
      [GC Worker Other (ms): Min: 0.0, Avg: 0.0, Max: 0.0, Diff: 0.0, Sum: 0.1]
      [GC Worker Total (ms): Min: 41.2, Avg: 41.2, Max: 41.2, Diff: 0.0, Sum: 82.4]
      [GC Worker End (ms): Min: 24267.8, Avg: 24267.8, Max: 24267.8, Diff: 0.0]
   [Code Root Fixup: 0.0 ms]
   [Code Root Migration: 0.0 ms]
   [Clear CT: 0.1 ms]
   [Other: 0.4 ms]
      [Choose CSet: 0.0 ms]
      [Ref Proc: 0.0 ms]
      [Ref Enq: 0.0 ms]
      [Free CSet: 0.1 ms]
   [Eden: 63.0M(63.0M)->0.0B(26.0M) Survivors: 2048.0K->9216.0K Heap: 166.5M(256.0M)->176.5M(256.0M)]
 [Times: user=0.09 sys=0.00, real=0.04 secs] 
2014-07-10T16:12:53.327+0200: 24.312: [GC pause (young) (initial-mark), 0.0171760 secs]
   [Parallel Time: 16.7 ms, GC Workers: 2]
      [GC Worker Start (ms): Min: 24312.4, Avg: 24312.4, Max: 24312.4, Diff: 0.0]
      [Ext Root Scanning (ms): Min: 1.1, Avg: 1.3, Max: 1.5, Diff: 0.4, Sum: 2.6]
      [Code Root Marking (ms): Min: 0.0, Avg: 0.1, Max: 0.1, Diff: 0.1, Sum: 0.1]
      [Update RS (ms): Min: 0.8, Avg: 0.8, Max: 0.9, Diff: 0.1, Sum: 1.6]
         [Processed Buffers: Min: 4, Avg: 5.0, Max: 6, Diff: 2, Sum: 10]
      [Scan RS (ms): Min: 0.0, Avg: 0.0, Max: 0.1, Diff: 0.1, Sum: 0.1]
      [Code Root Scanning (ms): Min: 0.0, Avg: 0.0, Max: 0.0, Diff: 0.0, Sum: 0.0]
      [Object Copy (ms): Min: 14.2, Avg: 14.3, Max: 14.3, Diff: 0.1, Sum: 28.6]
      [Termination (ms): Min: 0.0, Avg: 0.0, Max: 0.0, Diff: 0.0, Sum: 0.0]
      [GC Worker Other (ms): Min: 0.0, Avg: 0.0, Max: 0.0, Diff: 0.0, Sum: 0.1]
      [GC Worker Total (ms): Min: 16.6, Avg: 16.6, Max: 16.6, Diff: 0.0, Sum: 33.1]
      [GC Worker End (ms): Min: 24329.0, Avg: 24329.0, Max: 24329.0, Diff: 0.0]
   [Code Root Fixup: 0.0 ms]
   [Code Root Migration: 0.0 ms]
   [Clear CT: 0.1 ms]
   [Other: 0.4 ms]
      [Choose CSet: 0.0 ms]
      [Ref Proc: 0.1 ms]
      [Ref Enq: 0.0 ms]
      [Free CSet: 0.1 ms]
   [Eden: 26.0M(26.0M)->0.0B(18.0M) Survivors: 9216.0K->5120.0K Heap: 202.5M(256.0M)->192.5M(256.0M)]
 [Times: user=0.03 sys=0.00, real=0.02 secs] 
2014-07-10T16:12:53.344+0200: 24.330: [GC concurrent-root-region-scan-start]
2014-07-10T16:12:53.344+0200: 24.330: [GC concurrent-root-region-scan-end, 0.0000891 secs]
2014-07-10T16:12:53.344+0200: 24.330: [GC concurrent-mark-start]
2014-07-10T16:12:53.349+0200: 24.335: [GC concurrent-mark-end, 0.0035350 secs]
2014-07-10T16:12:53.349+0200: 24.335: [GC remark 2014-07-10T16:12:53.350+0200: 24.335: [GC ref-proc, 0.0000660 secs], 0.0014159 secs]
 [Times: user=0.00 sys=0.00, real=0.00 secs] 
2014-07-10T16:12:53.351+0200: 24.337: [GC cleanup 194M->87M(256M), 0.0012473 secs]
 [Times: user=0.00 sys=0.00, real=0.00 secs] 
2014-07-10T16:12:53.353+0200: 24.338: [GC concurrent-cleanup-start]
2014-07-10T16:12:53.353+0200: 24.338: [GC concurrent-cleanup-end, 0.0001540 secs]
2014-07-10T16:12:53.380+0200: 24.365: [GC pause (young), 0.0129206 secs]
   [Parallel Time: 12.5 ms, GC Workers: 2]
      [GC Worker Start (ms): Min: 24365.5, Avg: 24365.5, Max: 24365.5, Diff: 0.0]
      [Ext Root Scanning (ms): Min: 1.1, Avg: 1.2, Max: 1.2, Diff: 0.1, Sum: 2.3]
      [Update RS (ms): Min: 0.4, Avg: 0.4, Max: 0.4, Diff: 0.1, Sum: 0.8]
         [Processed Buffers: Min: 2, Avg: 3.5, Max: 5, Diff: 3, Sum: 7]
      [Scan RS (ms): Min: 0.0, Avg: 0.0, Max: 0.0, Diff: 0.0, Sum: 0.1]
      [Code Root Scanning (ms): Min: 0.0, Avg: 0.0, Max: 0.0, Diff: 0.0, Sum: 0.0]
      [Object Copy (ms): Min: 10.8, Avg: 10.9, Max: 10.9, Diff: 0.0, Sum: 21.7]
      [Termination (ms): Min: 0.0, Avg: 0.0, Max: 0.0, Diff: 0.0, Sum: 0.0]
      [GC Worker Other (ms): Min: 0.0, Avg: 0.0, Max: 0.0, Diff: 0.0, Sum: 0.1]
      [GC Worker Total (ms): Min: 12.5, Avg: 12.5, Max: 12.5, Diff: 0.0, Sum: 25.0]
      [GC Worker End (ms): Min: 24378.0, Avg: 24378.0, Max: 24378.0, Diff: 0.0]
   [Code Root Fixup: 0.0 ms]
   [Code Root Migration: 0.0 ms]
   [Clear CT: 0.0 ms]
   [Other: 0.3 ms]
      [Choose CSet: 0.0 ms]
      [Ref Proc: 0.1 ms]
      [Ref Enq: 0.0 ms]
      [Free CSet: 0.1 ms]
   [Eden: 18.0M(18.0M)->0.0B(9216.0K) Survivors: 5120.0K->3072.0K Heap: 103.5M(256.0M)->99.0M(256.0M)]
 [Times: user=0.03 sys=0.00, real=0.01 secs] 
2014-07-10T16:12:53.407+0200: 24.392: [GC pause (mixed), 0.0086652 secs]
   [Parallel Time: 8.3 ms, GC Workers: 2]
      [GC Worker Start (ms): Min: 24392.4, Avg: 24392.4, Max: 24392.4, Diff: 0.0]
      [Ext Root Scanning (ms): Min: 1.1, Avg: 1.1, Max: 1.1, Diff: 0.1, Sum: 2.2]
      [Update RS (ms): Min: 0.3, Avg: 0.3, Max: 0.3, Diff: 0.1, Sum: 0.6]
         [Processed Buffers: Min: 1, Avg: 2.5, Max: 4, Diff: 3, Sum: 5]
      [Scan RS (ms): Min: 0.1, Avg: 0.1, Max: 0.1, Diff: 0.0, Sum: 0.2]
      [Code Root Scanning (ms): Min: 0.0, Avg: 0.0, Max: 0.0, Diff: 0.0, Sum: 0.0]
      [Object Copy (ms): Min: 6.7, Avg: 6.7, Max: 6.7, Diff: 0.0, Sum: 13.5]
      [Termination (ms): Min: 0.0, Avg: 0.0, Max: 0.0, Diff: 0.0, Sum: 0.0]
      [GC Worker Other (ms): Min: 0.0, Avg: 0.0, Max: 0.0, Diff: 0.0, Sum: 0.1]
      [GC Worker Total (ms): Min: 8.3, Avg: 8.3, Max: 8.3, Diff: 0.0, Sum: 16.5]
      [GC Worker End (ms): Min: 24400.7, Avg: 24400.7, Max: 24400.7, Diff: 0.0]
   [Code Root Fixup: 0.0 ms]
   [Code Root Migration: 0.0 ms]
   [Clear CT: 0.0 ms]
   [Other: 0.3 ms]
      [Choose CSet: 0.0 ms]
      [Ref Proc: 0.0 ms]
      [Ref Enq: 0.0 ms]
      [Free CSet: 0.1 ms]
   [Eden: 9216.0K(9216.0K)->0.0B(69.0M) Survivors: 3072.0K->2048.0K Heap: 108.0M(256.0M)->96.0M(256.0M)]
 [Times: user=0.00 sys=0.00, real=0.01 secs] 
2014-07-10T16:12:53.529+0200: 24.515: [GC pause (young), 0.0464551 secs]
   [Parallel Time: 45.9 ms, GC Workers: 2]
      [GC Worker Start (ms): Min: 24514.6, Avg: 24514.6, Max: 24514.6, Diff: 0.0]
      [Ext Root Scanning (ms): Min: 1.1, Avg: 1.2, Max: 1.3, Diff: 0.1, Sum: 2.4]
      [Update RS (ms): Min: 0.4, Avg: 0.4, Max: 0.5, Diff: 0.1, Sum: 0.9]
         [Processed Buffers: Min: 1, Avg: 3.0, Max: 5, Diff: 4, Sum: 6]
      [Scan RS (ms): Min: 0.1, Avg: 0.1, Max: 0.1, Diff: 0.0, Sum: 0.2]
      [Code Root Scanning (ms): Min: 0.0, Avg: 0.0, Max: 0.1, Diff: 0.0, Sum: 0.1]
      [Object Copy (ms): Min: 44.1, Avg: 44.1, Max: 44.1, Diff: 0.0, Sum: 88.2]
      [Termination (ms): Min: 0.0, Avg: 0.0, Max: 0.0, Diff: 0.0, Sum: 0.0]
      [GC Worker Other (ms): Min: 0.0, Avg: 0.0, Max: 0.0, Diff: 0.0, Sum: 0.1]
      [GC Worker Total (ms): Min: 45.9, Avg: 45.9, Max: 45.9, Diff: 0.0, Sum: 91.8]
      [GC Worker End (ms): Min: 24560.6, Avg: 24560.6, Max: 24560.6, Diff: 0.0]
   [Code Root Fixup: 0.0 ms]
   [Code Root Migration: 0.0 ms]
   [Clear CT: 0.1 ms]
   [Other: 0.4 ms]
      [Choose CSet: 0.0 ms]
      [Ref Proc: 0.0 ms]
      [Ref Enq: 0.0 ms]
      [Free CSet: 0.1 ms]
   [Eden: 69.0M(69.0M)->0.0B(28.0M) Survivors: 2048.0K->9216.0K Heap: 165.0M(256.0M)->173.0M(256.0M)]
 [Times: user=0.09 sys=0.00, real=0.05 secs] 
2014-07-10T16:12:53.622+0200: 24.607: [GC pause (young) (initial-mark), 0.0239513 secs]
   [Parallel Time: 19.8 ms, GC Workers: 2]
      [GC Worker Start (ms): Min: 24607.5, Avg: 24607.5, Max: 24607.5, Diff: 0.0]
      [Ext Root Scanning (ms): Min: 1.0, Avg: 1.0, Max: 1.1, Diff: 0.0, Sum: 2.1]
      [Code Root Marking (ms): Min: 0.1, Avg: 0.1, Max: 0.1, Diff: 0.0, Sum: 0.1]
      [Update RS (ms): Min: 0.9, Avg: 1.0, Max: 1.0, Diff: 0.0, Sum: 1.9]
         [Processed Buffers: Min: 4, Avg: 5.0, Max: 6, Diff: 2, Sum: 10]
      [Scan RS (ms): Min: 0.0, Avg: 0.0, Max: 0.1, Diff: 0.0, Sum: 0.1]
      [Code Root Scanning (ms): Min: 0.0, Avg: 0.0, Max: 0.0, Diff: 0.0, Sum: 0.0]
      [Object Copy (ms): Min: 17.3, Avg: 17.3, Max: 17.3, Diff: 0.0, Sum: 34.6]
      [Termination (ms): Min: 0.0, Avg: 0.0, Max: 0.0, Diff: 0.0, Sum: 0.0]
      [GC Worker Other (ms): Min: 0.0, Avg: 0.0, Max: 0.0, Diff: 0.0, Sum: 0.1]
      [GC Worker Total (ms): Min: 19.5, Avg: 19.5, Max: 19.5, Diff: 0.0, Sum: 38.9]
      [GC Worker End (ms): Min: 24627.0, Avg: 24627.0, Max: 24627.0, Diff: 0.0]
   [Code Root Fixup: 0.0 ms]
   [Code Root Migration: 0.0 ms]
   [Clear CT: 0.0 ms]
   [Other: 4.1 ms]
      [Choose CSet: 0.0 ms]
      [Ref Proc: 3.9 ms]
      [Ref Enq: 0.0 ms]
      [Free CSet: 0.1 ms]
   [Eden: 28.0M(28.0M)->0.0B(18.0M) Survivors: 9216.0K->5120.0K Heap: 201.0M(256.0M)->193.0M(256.0M)]
 [Times: user=0.06 sys=0.00, real=0.02 secs] 
2014-07-10T16:12:53.646+0200: 24.632: [GC concurrent-root-region-scan-start]
2014-07-10T16:12:53.646+0200: 24.632: [GC concurrent-root-region-scan-end, 0.0000832 secs]
2014-07-10T16:12:53.646+0200: 24.632: [GC concurrent-mark-start]
2014-07-10T16:12:53.650+0200: 24.635: [GC concurrent-mark-end, 0.0033480 secs]
2014-07-10T16:12:53.650+0200: 24.636: [GC remark 2014-07-10T16:12:53.650+0200: 24.636: [GC ref-proc, 0.0000722 secs], 0.0012253 secs]
 [Times: user=0.00 sys=0.00, real=0.00 secs] 
2014-07-10T16:12:53.651+0200: 24.637: [GC cleanup 195M->90M(256M), 0.0009844 secs]
 [Times: user=0.00 sys=0.00, real=0.00 secs] 
2014-07-10T16:12:53.652+0200: 24.638: [GC concurrent-cleanup-start]
2014-07-10T16:12:53.653+0200: 24.638: [GC concurrent-cleanup-end, 0.0002218 secs]
2014-07-10T16:12:53.676+0200: 24.662: [GC pause (young), 0.0125401 secs]
   [Parallel Time: 12.2 ms, GC Workers: 2]
      [GC Worker Start (ms): Min: 24661.6, Avg: 24661.6, Max: 24661.6, Diff: 0.0]
      [Ext Root Scanning (ms): Min: 1.1, Avg: 1.1, Max: 1.2, Diff: 0.1, Sum: 2.2]
      [Update RS (ms): Min: 0.4, Avg: 0.5, Max: 0.5, Diff: 0.1, Sum: 0.9]
         [Processed Buffers: Min: 2, Avg: 3.5, Max: 5, Diff: 3, Sum: 7]
      [Scan RS (ms): Min: 0.0, Avg: 0.0, Max: 0.1, Diff: 0.0, Sum: 0.1]
      [Code Root Scanning (ms): Min: 0.0, Avg: 0.0, Max: 0.0, Diff: 0.0, Sum: 0.0]
      [Object Copy (ms): Min: 10.4, Avg: 10.5, Max: 10.5, Diff: 0.0, Sum: 20.9]
      [Termination (ms): Min: 0.0, Avg: 0.0, Max: 0.0, Diff: 0.0, Sum: 0.0]
      [GC Worker Other (ms): Min: 0.0, Avg: 0.0, Max: 0.0, Diff: 0.0, Sum: 0.1]
      [GC Worker Total (ms): Min: 12.1, Avg: 12.1, Max: 12.1, Diff: 0.0, Sum: 24.2]
      [GC Worker End (ms): Min: 24673.7, Avg: 24673.7, Max: 24673.7, Diff: 0.0]
   [Code Root Fixup: 0.0 ms]
   [Code Root Migration: 0.0 ms]
   [Clear CT: 0.0 ms]
   [Other: 0.3 ms]
      [Choose CSet: 0.0 ms]
      [Ref Proc: 0.1 ms]
      [Ref Enq: 0.0 ms]
      [Free CSet: 0.1 ms]
   [Eden: 18.0M(18.0M)->0.0B(9216.0K) Survivors: 5120.0K->3072.0K Heap: 106.0M(256.0M)->101.0M(256.0M)]
 [Times: user=0.03 sys=0.00, real=0.01 secs] 
2014-07-10T16:12:53.703+0200: 24.688: [GC pause (mixed), 0.0087466 secs]
   [Parallel Time: 8.4 ms, GC Workers: 2]
      [GC Worker Start (ms): Min: 24688.4, Avg: 24688.4, Max: 24688.4, Diff: 0.0]
      [Ext Root Scanning (ms): Min: 0.9, Avg: 0.9, Max: 0.9, Diff: 0.0, Sum: 1.9]
      [Update RS (ms): Min: 0.3, Avg: 0.3, Max: 0.3, Diff: 0.0, Sum: 0.5]
         [Processed Buffers: Min: 3, Avg: 3.5, Max: 4, Diff: 1, Sum: 7]
      [Scan RS (ms): Min: 0.1, Avg: 0.1, Max: 0.1, Diff: 0.0, Sum: 0.1]
      [Code Root Scanning (ms): Min: 0.0, Avg: 0.0, Max: 0.0, Diff: 0.0, Sum: 0.0]
      [Object Copy (ms): Min: 7.1, Avg: 7.1, Max: 7.1, Diff: 0.0, Sum: 14.1]
      [Termination (ms): Min: 0.0, Avg: 0.0, Max: 0.0, Diff: 0.0, Sum: 0.0]
      [GC Worker Other (ms): Min: 0.0, Avg: 0.0, Max: 0.0, Diff: 0.0, Sum: 0.1]
      [GC Worker Total (ms): Min: 8.4, Avg: 8.4, Max: 8.4, Diff: 0.0, Sum: 16.8]
      [GC Worker End (ms): Min: 24696.8, Avg: 24696.8, Max: 24696.8, Diff: 0.0]
   [Code Root Fixup: 0.0 ms]
   [Code Root Migration: 0.0 ms]
   [Clear CT: 0.0 ms]
   [Other: 0.3 ms]
      [Choose CSet: 0.0 ms]
      [Ref Proc: 0.0 ms]
      [Ref Enq: 0.0 ms]
      [Free CSet: 0.1 ms]
   [Eden: 9216.0K(9216.0K)->0.0B(69.0M) Survivors: 3072.0K->2048.0K Heap: 110.0M(256.0M)->99.5M(256.0M)]
 [Times: user=0.00 sys=0.00, real=0.01 secs] 
2014-07-10T16:12:53.826+0200: 24.811: [GC pause (young), 0.0454377 secs]
   [Parallel Time: 45.0 ms, GC Workers: 2]
      [GC Worker Start (ms): Min: 24811.4, Avg: 24811.4, Max: 24811.4, Diff: 0.0]
      [Ext Root Scanning (ms): Min: 1.0, Avg: 1.0, Max: 1.0, Diff: 0.0, Sum: 2.0]
      [Update RS (ms): Min: 0.4, Avg: 0.4, Max: 0.5, Diff: 0.1, Sum: 0.8]
         [Processed Buffers: Min: 1, Avg: 3.0, Max: 5, Diff: 4, Sum: 6]
      [Scan RS (ms): Min: 0.1, Avg: 0.1, Max: 0.1, Diff: 0.0, Sum: 0.2]
      [Code Root Scanning (ms): Min: 0.0, Avg: 0.0, Max: 0.1, Diff: 0.0, Sum: 0.1]
      [Object Copy (ms): Min: 43.3, Avg: 43.4, Max: 43.4, Diff: 0.0, Sum: 86.7]
      [Termination (ms): Min: 0.0, Avg: 0.0, Max: 0.0, Diff: 0.0, Sum: 0.0]
      [GC Worker Other (ms): Min: 0.0, Avg: 0.0, Max: 0.0, Diff: 0.0, Sum: 0.1]
      [GC Worker Total (ms): Min: 44.9, Avg: 44.9, Max: 44.9, Diff: 0.0, Sum: 89.9]
      [GC Worker End (ms): Min: 24856.4, Avg: 24856.4, Max: 24856.4, Diff: 0.0]
   [Code Root Fixup: 0.0 ms]
   [Code Root Migration: 0.0 ms]
   [Clear CT: 0.1 ms]
   [Other: 0.4 ms]
      [Choose CSet: 0.0 ms]
      [Ref Proc: 0.0 ms]
      [Ref Enq: 0.0 ms]
      [Free CSet: 0.1 ms]
   [Eden: 69.0M(69.0M)->0.0B(28.0M) Survivors: 2048.0K->9216.0K Heap: 168.5M(256.0M)->174.5M(256.0M)]
 [Times: user=0.09 sys=0.00, real=0.05 secs] 
2014-07-10T16:12:53.915+0200: 24.901: [GC pause (young) (initial-mark), 0.0182767 secs]
   [Parallel Time: 17.8 ms, GC Workers: 2]
      [GC Worker Start (ms): Min: 24900.8, Avg: 24900.8, Max: 24900.8, Diff: 0.0]
      [Ext Root Scanning (ms): Min: 1.1, Avg: 1.1, Max: 1.1, Diff: 0.0, Sum: 2.3]
      [Code Root Marking (ms): Min: 0.1, Avg: 0.1, Max: 0.1, Diff: 0.0, Sum: 0.1]
      [Update RS (ms): Min: 0.9, Avg: 0.9, Max: 0.9, Diff: 0.0, Sum: 1.9]
         [Processed Buffers: Min: 4, Avg: 5.5, Max: 7, Diff: 3, Sum: 11]
      [Scan RS (ms): Min: 0.0, Avg: 0.0, Max: 0.0, Diff: 0.0, Sum: 0.1]
      [Code Root Scanning (ms): Min: 0.0, Avg: 0.0, Max: 0.0, Diff: 0.0, Sum: 0.1]
      [Object Copy (ms): Min: 15.5, Avg: 15.5, Max: 15.5, Diff: 0.0, Sum: 30.9]
      [Termination (ms): Min: 0.0, Avg: 0.0, Max: 0.0, Diff: 0.0, Sum: 0.0]
      [GC Worker Other (ms): Min: 0.0, Avg: 0.0, Max: 0.0, Diff: 0.0, Sum: 0.1]
      [GC Worker Total (ms): Min: 17.7, Avg: 17.7, Max: 17.7, Diff: 0.0, Sum: 35.4]
      [GC Worker End (ms): Min: 24918.5, Avg: 24918.5, Max: 24918.5, Diff: 0.0]
   [Code Root Fixup: 0.0 ms]
   [Code Root Migration: 0.0 ms]
   [Clear CT: 0.0 ms]
   [Other: 0.4 ms]
      [Choose CSet: 0.0 ms]
      [Ref Proc: 0.1 ms]
      [Ref Enq: 0.0 ms]
      [Free CSet: 0.1 ms]
   [Eden: 28.0M(28.0M)->0.0B(19.0M) Survivors: 9216.0K->5120.0K Heap: 202.5M(256.0M)->191.5M(256.0M)]
 [Times: user=0.03 sys=0.00, real=0.02 secs] 
2014-07-10T16:12:53.934+0200: 24.919: [GC concurrent-root-region-scan-start]
2014-07-10T16:12:53.934+0200: 24.919: [GC concurrent-root-region-scan-end, 0.0000876 secs]
2014-07-10T16:12:53.934+0200: 24.919: [GC concurrent-mark-start]
2014-07-10T16:12:53.938+0200: 24.923: [GC concurrent-mark-end, 0.0039200 secs]
2014-07-10T16:12:53.938+0200: 24.924: [GC remark 2014-07-10T16:12:53.938+0200: 24.924: [GC ref-proc, 0.0000649 secs], 0.0010526 secs]
 [Times: user=0.00 sys=0.00, real=0.00 secs] 
2014-07-10T16:12:53.939+0200: 24.925: [GC cleanup 194M->95M(256M), 0.0007659 secs]
 [Times: user=0.00 sys=0.00, real=0.00 secs] 
2014-07-10T16:12:53.940+0200: 24.926: [GC concurrent-cleanup-start]
2014-07-10T16:12:53.940+0200: 24.926: [GC concurrent-cleanup-end, 0.0002071 secs]
2014-07-10T16:12:53.964+0200: 24.950: [GC pause (young), 0.0139175 secs]
   [Parallel Time: 13.6 ms, GC Workers: 2]
      [GC Worker Start (ms): Min: 24949.6, Avg: 24949.6, Max: 24949.6, Diff: 0.0]
      [Ext Root Scanning (ms): Min: 1.2, Avg: 1.2, Max: 1.2, Diff: 0.0, Sum: 2.4]
      [Update RS (ms): Min: 0.4, Avg: 0.5, Max: 0.5, Diff: 0.0, Sum: 0.9]
         [Processed Buffers: Min: 2, Avg: 3.0, Max: 4, Diff: 2, Sum: 6]
      [Scan RS (ms): Min: 0.0, Avg: 0.0, Max: 0.0, Diff: 0.0, Sum: 0.1]
      [Code Root Scanning (ms): Min: 0.0, Avg: 0.0, Max: 0.0, Diff: 0.0, Sum: 0.0]
      [Object Copy (ms): Min: 11.7, Avg: 11.8, Max: 11.8, Diff: 0.0, Sum: 23.5]
      [Termination (ms): Min: 0.0, Avg: 0.0, Max: 0.0, Diff: 0.0, Sum: 0.0]
      [GC Worker Other (ms): Min: 0.0, Avg: 0.0, Max: 0.0, Diff: 0.0, Sum: 0.1]
      [GC Worker Total (ms): Min: 13.5, Avg: 13.5, Max: 13.5, Diff: 0.0, Sum: 27.0]
      [GC Worker End (ms): Min: 24963.1, Avg: 24963.1, Max: 24963.1, Diff: 0.0]
   [Code Root Fixup: 0.0 ms]
   [Code Root Migration: 0.0 ms]
   [Clear CT: 0.0 ms]
   [Other: 0.3 ms]
      [Choose CSet: 0.0 ms]
      [Ref Proc: 0.1 ms]
      [Ref Enq: 0.0 ms]
      [Free CSet: 0.1 ms]
   [Eden: 19.0M(19.0M)->0.0B(9216.0K) Survivors: 5120.0K->3072.0K Heap: 111.5M(256.0M)->106.5M(256.0M)]
 [Times: user=0.03 sys=0.00, real=0.01 secs] 
2014-07-10T16:12:53.992+0200: 24.977: [GC pause (mixed), 0.0090190 secs]
   [Parallel Time: 8.5 ms, GC Workers: 2]
      [GC Worker Start (ms): Min: 24977.4, Avg: 24977.4, Max: 24977.4, Diff: 0.0]
      [Ext Root Scanning (ms): Min: 1.1, Avg: 1.1, Max: 1.1, Diff: 0.1, Sum: 2.2]
      [Update RS (ms): Min: 0.3, Avg: 0.3, Max: 0.3, Diff: 0.0, Sum: 0.6]
         [Processed Buffers: Min: 1, Avg: 3.5, Max: 6, Diff: 5, Sum: 7]
      [Scan RS (ms): Min: 0.1, Avg: 0.1, Max: 0.1, Diff: 0.1, Sum: 0.2]
      [Code Root Scanning (ms): Min: 0.0, Avg: 0.0, Max: 0.0, Diff: 0.0, Sum: 0.0]
      [Object Copy (ms): Min: 6.8, Avg: 6.9, Max: 6.9, Diff: 0.0, Sum: 13.7]
      [Termination (ms): Min: 0.0, Avg: 0.0, Max: 0.0, Diff: 0.0, Sum: 0.0]
      [GC Worker Other (ms): Min: 0.0, Avg: 0.0, Max: 0.0, Diff: 0.0, Sum: 0.0]
      [GC Worker Total (ms): Min: 8.4, Avg: 8.4, Max: 8.4, Diff: 0.0, Sum: 16.9]
      [GC Worker End (ms): Min: 24985.9, Avg: 24985.9, Max: 24985.9, Diff: 0.0]
   [Code Root Fixup: 0.0 ms]
   [Code Root Migration: 0.0 ms]
   [Clear CT: 0.1 ms]
   [Other: 0.4 ms]
      [Choose CSet: 0.0 ms]
      [Ref Proc: 0.1 ms]
      [Ref Enq: 0.0 ms]
      [Free CSet: 0.1 ms]
   [Eden: 9216.0K(9216.0K)->0.0B(70.0M) Survivors: 3072.0K->2048.0K Heap: 115.5M(256.0M)->98.5M(256.0M)]
 [Times: user=0.03 sys=0.00, real=0.01 secs] 
2014-07-10T16:12:54.115+0200: 25.101: [GC pause (young), 0.0473134 secs]
   [Parallel Time: 46.7 ms, GC Workers: 2]
      [GC Worker Start (ms): Min: 25100.8, Avg: 25100.8, Max: 25100.8, Diff: 0.0]
      [Ext Root Scanning (ms): Min: 1.1, Avg: 1.1, Max: 1.1, Diff: 0.0, Sum: 2.2]
      [Update RS (ms): Min: 0.4, Avg: 0.4, Max: 0.4, Diff: 0.0, Sum: 0.9]
         [Processed Buffers: Min: 1, Avg: 2.5, Max: 4, Diff: 3, Sum: 5]
      [Scan RS (ms): Min: 0.1, Avg: 0.1, Max: 0.1, Diff: 0.0, Sum: 0.2]
      [Code Root Scanning (ms): Min: 0.0, Avg: 0.0, Max: 0.0, Diff: 0.0, Sum: 0.1]
      [Object Copy (ms): Min: 45.0, Avg: 45.0, Max: 45.0, Diff: 0.0, Sum: 90.0]
      [Termination (ms): Min: 0.0, Avg: 0.0, Max: 0.0, Diff: 0.0, Sum: 0.0]
      [GC Worker Other (ms): Min: 0.0, Avg: 0.0, Max: 0.0, Diff: 0.0, Sum: 0.1]
      [GC Worker Total (ms): Min: 46.7, Avg: 46.7, Max: 46.7, Diff: 0.0, Sum: 93.4]
      [GC Worker End (ms): Min: 25147.5, Avg: 25147.5, Max: 25147.5, Diff: 0.0]
   [Code Root Fixup: 0.0 ms]
   [Code Root Migration: 0.0 ms]
   [Clear CT: 0.1 ms]
   [Other: 0.5 ms]
      [Choose CSet: 0.0 ms]
      [Ref Proc: 0.1 ms]
      [Ref Enq: 0.0 ms]
      [Free CSet: 0.1 ms]
   [Eden: 70.0M(70.0M)->0.0B(26.0M) Survivors: 2048.0K->9216.0K Heap: 168.5M(256.0M)->176.5M(256.0M)]
 [Times: user=0.09 sys=0.00, real=0.05 secs] 
2014-07-10T16:12:54.204+0200: 25.190: [GC pause (young) (initial-mark), 0.0178811 secs]
   [Parallel Time: 17.5 ms, GC Workers: 2]
      [GC Worker Start (ms): Min: 25189.6, Avg: 25189.6, Max: 25189.6, Diff: 0.0]
      [Ext Root Scanning (ms): Min: 1.1, Avg: 1.1, Max: 1.1, Diff: 0.0, Sum: 2.2]
      [Code Root Marking (ms): Min: 0.1, Avg: 0.1, Max: 0.1, Diff: 0.0, Sum: 0.1]
      [Update RS (ms): Min: 1.0, Avg: 1.0, Max: 1.1, Diff: 0.1, Sum: 2.0]
         [Processed Buffers: Min: 4, Avg: 5.0, Max: 6, Diff: 2, Sum: 10]
      [Scan RS (ms): Min: 0.0, Avg: 0.0, Max: 0.1, Diff: 0.1, Sum: 0.1]
      [Code Root Scanning (ms): Min: 0.0, Avg: 0.0, Max: 0.0, Diff: 0.0, Sum: 0.0]
      [Object Copy (ms): Min: 15.0, Avg: 15.0, Max: 15.0, Diff: 0.0, Sum: 30.1]
      [Termination (ms): Min: 0.0, Avg: 0.0, Max: 0.0, Diff: 0.0, Sum: 0.0]
      [GC Worker Other (ms): Min: 0.0, Avg: 0.0, Max: 0.0, Diff: 0.0, Sum: 0.1]
      [GC Worker Total (ms): Min: 17.3, Avg: 17.3, Max: 17.3, Diff: 0.0, Sum: 34.6]
      [GC Worker End (ms): Min: 25206.9, Avg: 25206.9, Max: 25206.9, Diff: 0.0]
   [Code Root Fixup: 0.0 ms]
   [Code Root Migration: 0.0 ms]
   [Clear CT: 0.1 ms]
   [Other: 0.3 ms]
      [Choose CSet: 0.0 ms]
      [Ref Proc: 0.0 ms]
      [Ref Enq: 0.0 ms]
      [Free CSet: 0.1 ms]
   [Eden: 26.0M(26.0M)->0.0B(18.0M) Survivors: 9216.0K->5120.0K Heap: 202.5M(256.0M)->193.0M(256.0M)]
 [Times: user=0.03 sys=0.00, real=0.02 secs] 
2014-07-10T16:12:54.222+0200: 25.208: [GC concurrent-root-region-scan-start]
2014-07-10T16:12:54.222+0200: 25.208: [GC concurrent-root-region-scan-end, 0.0000876 secs]
2014-07-10T16:12:54.222+0200: 25.208: [GC concurrent-mark-start]
2014-07-10T16:12:54.226+0200: 25.212: [GC concurrent-mark-end, 0.0033396 secs]
2014-07-10T16:12:54.226+0200: 25.212: [GC remark 2014-07-10T16:12:54.226+0200: 25.212: [GC ref-proc, 0.0000895 secs], 0.0010581 secs]
 [Times: user=0.00 sys=0.00, real=0.00 secs] 
2014-07-10T16:12:54.228+0200: 25.213: [GC cleanup 196M->88M(256M), 0.0008322 secs]
 [Times: user=0.00 sys=0.00, real=0.00 secs] 
2014-07-10T16:12:54.229+0200: 25.214: [GC concurrent-cleanup-start]
2014-07-10T16:12:54.229+0200: 25.215: [GC concurrent-cleanup-end, 0.0002310 secs]
2014-07-10T16:12:54.252+0200: 25.238: [GC pause (young), 0.0125525 secs]
   [Parallel Time: 11.9 ms, GC Workers: 2]
      [GC Worker Start (ms): Min: 25237.7, Avg: 25237.7, Max: 25237.7, Diff: 0.0]
      [Ext Root Scanning (ms): Min: 0.9, Avg: 0.9, Max: 1.0, Diff: 0.1, Sum: 1.9]
      [Update RS (ms): Min: 0.4, Avg: 0.4, Max: 0.4, Diff: 0.0, Sum: 0.7]
         [Processed Buffers: Min: 2, Avg: 3.0, Max: 4, Diff: 2, Sum: 6]
      [Scan RS (ms): Min: 0.0, Avg: 0.0, Max: 0.1, Diff: 0.0, Sum: 0.1]
      [Code Root Scanning (ms): Min: 0.0, Avg: 0.0, Max: 0.0, Diff: 0.0, Sum: 0.0]
      [Object Copy (ms): Min: 10.5, Avg: 10.5, Max: 10.5, Diff: 0.0, Sum: 21.1]
      [Termination (ms): Min: 0.0, Avg: 0.0, Max: 0.0, Diff: 0.0, Sum: 0.0]
      [GC Worker Other (ms): Min: 0.0, Avg: 0.0, Max: 0.0, Diff: 0.0, Sum: 0.1]
      [GC Worker Total (ms): Min: 11.9, Avg: 11.9, Max: 11.9, Diff: 0.0, Sum: 23.8]
      [GC Worker End (ms): Min: 25249.6, Avg: 25249.6, Max: 25249.6, Diff: 0.0]
   [Code Root Fixup: 0.0 ms]
   [Code Root Migration: 0.0 ms]
   [Clear CT: 0.0 ms]
   [Other: 0.6 ms]
      [Choose CSet: 0.0 ms]
      [Ref Proc: 0.4 ms]
      [Ref Enq: 0.0 ms]
      [Free CSet: 0.1 ms]
   [Eden: 18.0M(18.0M)->0.0B(9216.0K) Survivors: 5120.0K->3072.0K Heap: 103.0M(256.0M)->99.5M(256.0M)]
 [Times: user=0.03 sys=0.00, real=0.01 secs] 
2014-07-10T16:12:54.279+0200: 25.264: [GC pause (mixed), 0.0106717 secs]
   [Parallel Time: 9.9 ms, GC Workers: 2]
      [GC Worker Start (ms): Min: 25264.5, Avg: 25264.5, Max: 25264.5, Diff: 0.0]
      [Ext Root Scanning (ms): Min: 1.0, Avg: 1.1, Max: 1.1, Diff: 0.1, Sum: 2.2]
      [Update RS (ms): Min: 0.4, Avg: 0.4, Max: 0.4, Diff: 0.1, Sum: 0.8]
         [Processed Buffers: Min: 1, Avg: 3.5, Max: 6, Diff: 5, Sum: 7]
      [Scan RS (ms): Min: 0.1, Avg: 0.1, Max: 0.1, Diff: 0.0, Sum: 0.2]
      [Code Root Scanning (ms): Min: 0.0, Avg: 0.0, Max: 0.0, Diff: 0.0, Sum: 0.0]
      [Object Copy (ms): Min: 8.3, Avg: 8.3, Max: 8.3, Diff: 0.0, Sum: 16.6]
      [Termination (ms): Min: 0.0, Avg: 0.0, Max: 0.0, Diff: 0.0, Sum: 0.0]
      [GC Worker Other (ms): Min: 0.0, Avg: 0.0, Max: 0.0, Diff: 0.0, Sum: 0.1]
      [GC Worker Total (ms): Min: 9.9, Avg: 9.9, Max: 9.9, Diff: 0.0, Sum: 19.8]
      [GC Worker End (ms): Min: 25274.4, Avg: 25274.4, Max: 25274.4, Diff: 0.0]
   [Code Root Fixup: 0.0 ms]
   [Code Root Migration: 0.0 ms]
   [Clear CT: 0.2 ms]
   [Other: 0.4 ms]
      [Choose CSet: 0.0 ms]
      [Ref Proc: 0.1 ms]
      [Ref Enq: 0.0 ms]
      [Free CSet: 0.2 ms]
   [Eden: 9216.0K(9216.0K)->0.0B(68.0M) Survivors: 3072.0K->2048.0K Heap: 108.5M(256.0M)->99.1M(256.0M)]
 [Times: user=0.00 sys=0.00, real=0.01 secs] 
2014-07-10T16:12:54.402+0200: 25.388: [GC pause (young), 0.0454729 secs]
   [Parallel Time: 45.0 ms, GC Workers: 2]
      [GC Worker Start (ms): Min: 25387.6, Avg: 25387.6, Max: 25387.6, Diff: 0.0]
      [Ext Root Scanning (ms): Min: 1.0, Avg: 1.0, Max: 1.0, Diff: 0.1, Sum: 2.0]
      [Update RS (ms): Min: 0.3, Avg: 0.4, Max: 0.5, Diff: 0.2, Sum: 0.8]
         [Processed Buffers: Min: 1, Avg: 2.5, Max: 4, Diff: 3, Sum: 5]
      [Scan RS (ms): Min: 0.1, Avg: 0.1, Max: 0.1, Diff: 0.1, Sum: 0.2]
      [Code Root Scanning (ms): Min: 0.0, Avg: 0.0, Max: 0.1, Diff: 0.0, Sum: 0.1]
      [Object Copy (ms): Min: 43.4, Avg: 43.4, Max: 43.4, Diff: 0.0, Sum: 86.7]
      [Termination (ms): Min: 0.0, Avg: 0.0, Max: 0.0, Diff: 0.0, Sum: 0.0]
      [GC Worker Other (ms): Min: 0.0, Avg: 0.0, Max: 0.0, Diff: 0.0, Sum: 0.1]
      [GC Worker Total (ms): Min: 45.0, Avg: 45.0, Max: 45.0, Diff: 0.0, Sum: 89.9]
      [GC Worker End (ms): Min: 25432.6, Avg: 25432.6, Max: 25432.6, Diff: 0.0]
   [Code Root Fixup: 0.0 ms]
   [Code Root Migration: 0.0 ms]
   [Clear CT: 0.1 ms]
   [Other: 0.4 ms]
      [Choose CSet: 0.0 ms]
      [Ref Proc: 0.0 ms]
      [Ref Enq: 0.0 ms]
      [Free CSet: 0.1 ms]
   [Eden: 68.0M(68.0M)->0.0B(28.0M) Survivors: 2048.0K->9216.0K Heap: 167.1M(256.0M)->172.5M(256.0M)]
 [Times: user=0.06 sys=0.02, real=0.05 secs] 
2014-07-10T16:12:54.493+0200: 25.478: [GC pause (young) (initial-mark), 0.0181469 secs]
   [Parallel Time: 17.8 ms, GC Workers: 2]
      [GC Worker Start (ms): Min: 25478.5, Avg: 25478.5, Max: 25478.5, Diff: 0.0]
      [Ext Root Scanning (ms): Min: 0.9, Avg: 0.9, Max: 1.0, Diff: 0.1, Sum: 1.8]
      [Code Root Marking (ms): Min: 0.0, Avg: 0.1, Max: 0.1, Diff: 0.0, Sum: 0.1]
      [Update RS (ms): Min: 1.0, Avg: 1.0, Max: 1.0, Diff: 0.1, Sum: 2.0]
         [Processed Buffers: Min: 5, Avg: 5.0, Max: 5, Diff: 0, Sum: 10]
      [Scan RS (ms): Min: 0.0, Avg: 0.0, Max: 0.1, Diff: 0.0, Sum: 0.1]
      [Code Root Scanning (ms): Min: 0.0, Avg: 0.0, Max: 0.0, Diff: 0.0, Sum: 0.0]
      [Object Copy (ms): Min: 15.6, Avg: 15.6, Max: 15.6, Diff: 0.0, Sum: 31.2]
      [Termination (ms): Min: 0.0, Avg: 0.0, Max: 0.0, Diff: 0.0, Sum: 0.0]
      [GC Worker Other (ms): Min: 0.0, Avg: 0.0, Max: 0.0, Diff: 0.0, Sum: 0.0]
      [GC Worker Total (ms): Min: 17.7, Avg: 17.7, Max: 17.7, Diff: 0.0, Sum: 35.4]
      [GC Worker End (ms): Min: 25496.2, Avg: 25496.2, Max: 25496.2, Diff: 0.0]
   [Code Root Fixup: 0.0 ms]
   [Code Root Migration: 0.0 ms]
   [Clear CT: 0.0 ms]
   [Other: 0.3 ms]
      [Choose CSet: 0.0 ms]
      [Ref Proc: 0.0 ms]
      [Ref Enq: 0.0 ms]
      [Free CSet: 0.1 ms]
   [Eden: 28.0M(28.0M)->0.0B(19.0M) Survivors: 9216.0K->5120.0K Heap: 200.5M(256.0M)->191.0M(256.0M)]
 [Times: user=0.03 sys=0.00, real=0.02 secs] 
2014-07-10T16:12:54.511+0200: 25.497: [GC concurrent-root-region-scan-start]
2014-07-10T16:12:54.511+0200: 25.497: [GC concurrent-root-region-scan-end, 0.0000902 secs]
2014-07-10T16:12:54.511+0200: 25.497: [GC concurrent-mark-start]
2014-07-10T16:12:54.517+0200: 25.502: [GC concurrent-mark-end, 0.0051412 secs]
2014-07-10T16:12:54.517+0200: 25.502: [GC remark 2014-07-10T16:12:54.517+0200: 25.503: [GC ref-proc, 0.0000711 secs], 0.0014093 secs]
 [Times: user=0.00 sys=0.00, real=0.00 secs] 
2014-07-10T16:12:54.519+0200: 25.504: [GC cleanup 195M->93M(256M), 0.0009675 secs]
 [Times: user=0.00 sys=0.00, real=0.00 secs] 
2014-07-10T16:12:54.520+0200: 25.505: [GC concurrent-cleanup-start]
2014-07-10T16:12:54.520+0200: 25.506: [GC concurrent-cleanup-end, 0.0001822 secs]
2014-07-10T16:12:54.541+0200: 25.527: [GC pause (young), 0.0134603 secs]
   [Parallel Time: 12.9 ms, GC Workers: 2]
      [GC Worker Start (ms): Min: 25526.6, Avg: 25526.6, Max: 25526.6, Diff: 0.0]
      [Ext Root Scanning (ms): Min: 1.0, Avg: 1.0, Max: 1.1, Diff: 0.1, Sum: 2.0]
      [Update RS (ms): Min: 0.4, Avg: 0.4, Max: 0.5, Diff: 0.1, Sum: 0.9]
         [Processed Buffers: Min: 2, Avg: 3.5, Max: 5, Diff: 3, Sum: 7]
      [Scan RS (ms): Min: 0.0, Avg: 0.0, Max: 0.0, Diff: 0.0, Sum: 0.1]
      [Code Root Scanning (ms): Min: 0.0, Avg: 0.0, Max: 0.0, Diff: 0.0, Sum: 0.0]
      [Object Copy (ms): Min: 11.2, Avg: 11.2, Max: 11.2, Diff: 0.1, Sum: 22.4]
      [Termination (ms): Min: 0.0, Avg: 0.1, Max: 0.2, Diff: 0.2, Sum: 0.2]
      [GC Worker Other (ms): Min: 0.0, Avg: 0.1, Max: 0.1, Diff: 0.1, Sum: 0.1]
      [GC Worker Total (ms): Min: 12.8, Avg: 12.8, Max: 12.9, Diff: 0.1, Sum: 25.7]
      [GC Worker End (ms): Min: 25539.4, Avg: 25539.4, Max: 25539.4, Diff: 0.0]
   [Code Root Fixup: 0.0 ms]
   [Code Root Migration: 0.0 ms]
   [Clear CT: 0.0 ms]
   [Other: 0.5 ms]
      [Choose CSet: 0.0 ms]
      [Ref Proc: 0.3 ms]
      [Ref Enq: 0.0 ms]
      [Free CSet: 0.1 ms]
   [Eden: 19.0M(19.0M)->0.0B(9216.0K) Survivors: 5120.0K->3072.0K Heap: 108.0M(256.0M)->102.5M(256.0M)]
 [Times: user=0.03 sys=0.00, real=0.01 secs] 
2014-07-10T16:12:54.569+0200: 25.555: [GC pause (mixed), 0.0096991 secs]
   [Parallel Time: 9.0 ms, GC Workers: 2]
      [GC Worker Start (ms): Min: 25554.7, Avg: 25554.7, Max: 25554.7, Diff: 0.0]
      [Ext Root Scanning (ms): Min: 1.0, Avg: 1.0, Max: 1.1, Diff: 0.1, Sum: 2.1]
      [Update RS (ms): Min: 0.3, Avg: 0.3, Max: 0.3, Diff: 0.1, Sum: 0.6]
         [Processed Buffers: Min: 3, Avg: 3.5, Max: 4, Diff: 1, Sum: 7]
      [Scan RS (ms): Min: 0.1, Avg: 0.1, Max: 0.1, Diff: 0.0, Sum: 0.3]
      [Code Root Scanning (ms): Min: 0.0, Avg: 0.0, Max: 0.0, Diff: 0.0, Sum: 0.0]
      [Object Copy (ms): Min: 7.5, Avg: 7.5, Max: 7.5, Diff: 0.0, Sum: 15.0]
      [Termination (ms): Min: 0.0, Avg: 0.0, Max: 0.0, Diff: 0.0, Sum: 0.0]
      [GC Worker Other (ms): Min: 0.0, Avg: 0.0, Max: 0.0, Diff: 0.0, Sum: 0.1]
      [GC Worker Total (ms): Min: 9.0, Avg: 9.0, Max: 9.0, Diff: 0.0, Sum: 18.0]
      [GC Worker End (ms): Min: 25563.7, Avg: 25563.7, Max: 25563.7, Diff: 0.0]
   [Code Root Fixup: 0.0 ms]
   [Code Root Migration: 0.0 ms]
   [Clear CT: 0.1 ms]
   [Other: 0.6 ms]
      [Choose CSet: 0.0 ms]
      [Ref Proc: 0.2 ms]
      [Ref Enq: 0.1 ms]
      [Free CSet: 0.2 ms]
   [Eden: 9216.0K(9216.0K)->0.0B(75.0M) Survivors: 3072.0K->2048.0K Heap: 111.5M(256.0M)->99.5M(256.0M)]
 [Times: user=0.03 sys=0.00, real=0.01 secs] 
2014-07-10T16:12:54.704+0200: 25.689: [GC pause (young) (to-space exhausted), 0.0514676 secs]
   [Parallel Time: 50.6 ms, GC Workers: 2]
      [GC Worker Start (ms): Min: 25689.5, Avg: 25689.5, Max: 25689.5, Diff: 0.0]
      [Ext Root Scanning (ms): Min: 1.0, Avg: 1.0, Max: 1.1, Diff: 0.1, Sum: 2.0]
      [Update RS (ms): Min: 0.7, Avg: 0.8, Max: 0.8, Diff: 0.1, Sum: 1.5]
         [Processed Buffers: Min: 1, Avg: 3.0, Max: 5, Diff: 4, Sum: 6]
      [Scan RS (ms): Min: 0.1, Avg: 0.1, Max: 0.1, Diff: 0.0, Sum: 0.2]
      [Code Root Scanning (ms): Min: 0.0, Avg: 0.1, Max: 0.1, Diff: 0.0, Sum: 0.1]
      [Object Copy (ms): Min: 48.7, Avg: 48.7, Max: 48.7, Diff: 0.0, Sum: 97.3]
      [Termination (ms): Min: 0.0, Avg: 0.0, Max: 0.0, Diff: 0.0, Sum: 0.0]
      [GC Worker Other (ms): Min: 0.0, Avg: 0.0, Max: 0.0, Diff: 0.0, Sum: 0.0]
      [GC Worker Total (ms): Min: 50.6, Avg: 50.6, Max: 50.6, Diff: 0.0, Sum: 101.2]
      [GC Worker End (ms): Min: 25740.1, Avg: 25740.1, Max: 25740.1, Diff: 0.0]
   [Code Root Fixup: 0.0 ms]
   [Code Root Migration: 0.0 ms]
   [Clear CT: 0.1 ms]
   [Other: 0.7 ms]
      [Choose CSet: 0.0 ms]
      [Ref Proc: 0.0 ms]
      [Ref Enq: 0.0 ms]
      [Free CSet: 0.1 ms]
   [Eden: 75.0M(75.0M)->0.0B(17.0M) Survivors: 2048.0K->10.0M Heap: 174.5M(256.0M)->195.5M(256.0M)]
 [Times: user=0.09 sys=0.00, real=0.05 secs] 
2014-07-10T16:12:54.783+0200: 25.768: [GC pause (young) (initial-mark), 0.0132004 secs]
   [Parallel Time: 12.6 ms, GC Workers: 2]
      [GC Worker Start (ms): Min: 25768.5, Avg: 25768.5, Max: 25768.5, Diff: 0.0]
      [Ext Root Scanning (ms): Min: 1.0, Avg: 1.0, Max: 1.0, Diff: 0.0, Sum: 2.0]
      [Code Root Marking (ms): Min: 0.1, Avg: 0.1, Max: 0.1, Diff: 0.0, Sum: 0.1]
      [Update RS (ms): Min: 1.3, Avg: 1.4, Max: 1.4, Diff: 0.0, Sum: 2.7]
         [Processed Buffers: Min: 4, Avg: 7.0, Max: 10, Diff: 6, Sum: 14]
      [Scan RS (ms): Min: 0.0, Avg: 0.0, Max: 0.0, Diff: 0.0, Sum: 0.1]
      [Code Root Scanning (ms): Min: 0.0, Avg: 0.0, Max: 0.0, Diff: 0.0, Sum: 0.0]
      [Object Copy (ms): Min: 10.0, Avg: 10.0, Max: 10.0, Diff: 0.0, Sum: 20.0]
      [Termination (ms): Min: 0.0, Avg: 0.0, Max: 0.0, Diff: 0.0, Sum: 0.0]
      [GC Worker Other (ms): Min: 0.0, Avg: 0.0, Max: 0.0, Diff: 0.0, Sum: 0.1]
      [GC Worker Total (ms): Min: 12.5, Avg: 12.5, Max: 12.5, Diff: 0.0, Sum: 25.0]
      [GC Worker End (ms): Min: 25781.0, Avg: 25781.0, Max: 25781.0, Diff: 0.0]
   [Code Root Fixup: 0.0 ms]
   [Code Root Migration: 0.0 ms]
   [Clear CT: 0.0 ms]
   [Other: 0.6 ms]
      [Choose CSet: 0.0 ms]
      [Ref Proc: 0.3 ms]
      [Ref Enq: 0.0 ms]
      [Free CSet: 0.1 ms]
   [Eden: 17.0M(17.0M)->0.0B(13.0M) Survivors: 10.0M->4096.0K Heap: 212.5M(256.0M)->203.0M(256.0M)]
 [Times: user=0.03 sys=0.00, real=0.01 secs] 
2014-07-10T16:12:54.796+0200: 25.782: [GC concurrent-root-region-scan-start]
2014-07-10T16:12:54.796+0200: 25.782: [GC concurrent-root-region-scan-end, 0.0000799 secs]
2014-07-10T16:12:54.796+0200: 25.782: [GC concurrent-mark-start]
2014-07-10T16:12:54.800+0200: 25.785: [GC concurrent-mark-end, 0.0033356 secs]
2014-07-10T16:12:54.800+0200: 25.786: [GC remark 2014-07-10T16:12:54.800+0200: 25.786: [GC ref-proc, 0.0000642 secs], 0.0012132 secs]
 [Times: user=0.00 sys=0.00, real=0.00 secs] 
2014-07-10T16:12:54.801+0200: 25.787: [GC cleanup 206M->78M(256M), 0.0009642 secs]
 [Times: user=0.00 sys=0.00, real=0.00 secs] 
2014-07-10T16:12:54.802+0200: 25.788: [GC concurrent-cleanup-start]
2014-07-10T16:12:54.802+0200: 25.788: [GC concurrent-cleanup-end, 0.0002310 secs]
2014-07-10T16:12:54.816+0200: 25.801: [GC pause (young), 0.0107161 secs]
   [Parallel Time: 10.2 ms, GC Workers: 2]
      [GC Worker Start (ms): Min: 25801.5, Avg: 25801.5, Max: 25801.5, Diff: 0.0]
      [Ext Root Scanning (ms): Min: 1.1, Avg: 1.2, Max: 1.3, Diff: 0.2, Sum: 2.4]
      [Update RS (ms): Min: 0.3, Avg: 0.3, Max: 0.3, Diff: 0.0, Sum: 0.6]
         [Processed Buffers: Min: 1, Avg: 3.0, Max: 5, Diff: 4, Sum: 6]
      [Scan RS (ms): Min: 0.0, Avg: 0.0, Max: 0.1, Diff: 0.0, Sum: 0.1]
      [Code Root Scanning (ms): Min: 0.0, Avg: 0.0, Max: 0.0, Diff: 0.0, Sum: 0.0]
      [Object Copy (ms): Min: 8.6, Avg: 8.6, Max: 8.7, Diff: 0.1, Sum: 17.3]
      [Termination (ms): Min: 0.0, Avg: 0.0, Max: 0.0, Diff: 0.0, Sum: 0.0]
      [GC Worker Other (ms): Min: 0.0, Avg: 0.0, Max: 0.0, Diff: 0.0, Sum: 0.0]
      [GC Worker Total (ms): Min: 10.2, Avg: 10.2, Max: 10.2, Diff: 0.0, Sum: 20.4]
      [GC Worker End (ms): Min: 25811.7, Avg: 25811.7, Max: 25811.7, Diff: 0.0]
   [Code Root Fixup: 0.0 ms]
   [Code Root Migration: 0.0 ms]
   [Clear CT: 0.1 ms]
   [Other: 0.4 ms]
      [Choose CSet: 0.0 ms]
      [Ref Proc: 0.1 ms]
      [Ref Enq: 0.0 ms]
      [Free CSet: 0.1 ms]
   [Eden: 13.0M(13.0M)->0.0B(9216.0K) Survivors: 4096.0K->3072.0K Heap: 88.0M(256.0M)->86.0M(256.0M)]
 [Times: user=0.03 sys=0.00, real=0.01 secs] 
2014-07-10T16:12:54.840+0200: 25.826: [GC pause (mixed), 0.0100056 secs]
   [Parallel Time: 9.5 ms, GC Workers: 2]
      [GC Worker Start (ms): Min: 25825.6, Avg: 25825.6, Max: 25825.6, Diff: 0.0]
      [Ext Root Scanning (ms): Min: 1.2, Avg: 1.2, Max: 1.2, Diff: 0.0, Sum: 2.3]
      [Update RS (ms): Min: 0.3, Avg: 0.3, Max: 0.3, Diff: 0.0, Sum: 0.7]
         [Processed Buffers: Min: 1, Avg: 2.5, Max: 4, Diff: 3, Sum: 5]
      [Scan RS (ms): Min: 0.1, Avg: 0.1, Max: 0.1, Diff: 0.0, Sum: 0.2]
      [Code Root Scanning (ms): Min: 0.0, Avg: 0.0, Max: 0.0, Diff: 0.0, Sum: 0.0]
      [Object Copy (ms): Min: 7.8, Avg: 7.8, Max: 7.9, Diff: 0.0, Sum: 15.7]
      [Termination (ms): Min: 0.0, Avg: 0.0, Max: 0.0, Diff: 0.0, Sum: 0.0]
      [GC Worker Other (ms): Min: 0.0, Avg: 0.0, Max: 0.0, Diff: 0.0, Sum: 0.0]
      [GC Worker Total (ms): Min: 9.5, Avg: 9.5, Max: 9.5, Diff: 0.0, Sum: 19.0]
      [GC Worker End (ms): Min: 25835.1, Avg: 25835.1, Max: 25835.1, Diff: 0.0]
   [Code Root Fixup: 0.0 ms]
   [Code Root Migration: 0.0 ms]
   [Clear CT: 0.1 ms]
   [Other: 0.4 ms]
      [Choose CSet: 0.0 ms]
      [Ref Proc: 0.1 ms]
      [Ref Enq: 0.0 ms]
      [Free CSet: 0.2 ms]
   [Eden: 9216.0K(9216.0K)->0.0B(78.0M) Survivors: 3072.0K->2048.0K Heap: 95.0M(256.0M)->88.0M(256.0M)]
 [Times: user=0.03 sys=0.00, real=0.01 secs] 
2014-07-10T16:12:54.979+0200: 25.964: [GC pause (young) (to-space exhausted), 0.0524000 secs]
   [Parallel Time: 51.3 ms, GC Workers: 2]
      [GC Worker Start (ms): Min: 25964.5, Avg: 25965.0, Max: 25965.4, Diff: 0.9]
      [Ext Root Scanning (ms): Min: 0.6, Avg: 0.9, Max: 1.2, Diff: 0.6, Sum: 1.8]
      [Update RS (ms): Min: 0.4, Avg: 0.5, Max: 0.6, Diff: 0.2, Sum: 1.0]
         [Processed Buffers: Min: 1, Avg: 3.0, Max: 5, Diff: 4, Sum: 6]
      [Scan RS (ms): Min: 0.1, Avg: 0.1, Max: 0.1, Diff: 0.1, Sum: 0.2]
      [Code Root Scanning (ms): Min: 0.0, Avg: 0.1, Max: 0.1, Diff: 0.0, Sum: 0.1]
      [Object Copy (ms): Min: 49.2, Avg: 49.3, Max: 49.3, Diff: 0.0, Sum: 98.5]
      [Termination (ms): Min: 0.0, Avg: 0.0, Max: 0.0, Diff: 0.0, Sum: 0.0]
      [GC Worker Other (ms): Min: 0.0, Avg: 0.0, Max: 0.0, Diff: 0.0, Sum: 0.1]
      [GC Worker Total (ms): Min: 50.4, Avg: 50.9, Max: 51.3, Diff: 0.9, Sum: 101.7]
      [GC Worker End (ms): Min: 26015.8, Avg: 26015.8, Max: 26015.8, Diff: 0.0]
   [Code Root Fixup: 0.0 ms]
   [Code Root Migration: 0.0 ms]
   [Clear CT: 0.1 ms]
   [Other: 1.0 ms]
      [Choose CSet: 0.0 ms]
      [Ref Proc: 0.2 ms]
      [Ref Enq: 0.0 ms]
      [Free CSet: 0.1 ms]
   [Eden: 78.0M(78.0M)->0.0B(17.0M) Survivors: 2048.0K->10.0M Heap: 166.0M(256.0M)->194.5M(256.0M)]
 [Times: user=0.12 sys=0.00, real=0.05 secs] 
2014-07-10T16:12:55.073+0200: 26.058: [GC pause (young) (initial-mark), 0.0136924 secs]
   [Parallel Time: 13.3 ms, GC Workers: 2]
      [GC Worker Start (ms): Min: 26058.5, Avg: 26058.5, Max: 26058.5, Diff: 0.0]
      [Ext Root Scanning (ms): Min: 1.0, Avg: 1.1, Max: 1.1, Diff: 0.1, Sum: 2.1]
      [Code Root Marking (ms): Min: 0.0, Avg: 0.1, Max: 0.1, Diff: 0.0, Sum: 0.1]
      [Update RS (ms): Min: 1.1, Avg: 1.1, Max: 1.1, Diff: 0.0, Sum: 2.1]
         [Processed Buffers: Min: 5, Avg: 7.5, Max: 10, Diff: 5, Sum: 15]
      [Scan RS (ms): Min: 0.0, Avg: 0.0, Max: 0.0, Diff: 0.0, Sum: 0.1]
      [Code Root Scanning (ms): Min: 0.0, Avg: 0.0, Max: 0.0, Diff: 0.0, Sum: 0.0]
      [Object Copy (ms): Min: 10.8, Avg: 10.8, Max: 10.9, Diff: 0.1, Sum: 21.6]
      [Termination (ms): Min: 0.0, Avg: 0.1, Max: 0.3, Diff: 0.3, Sum: 0.3]
      [GC Worker Other (ms): Min: 0.0, Avg: 0.0, Max: 0.0, Diff: 0.0, Sum: 0.1]
      [GC Worker Total (ms): Min: 13.1, Avg: 13.2, Max: 13.3, Diff: 0.2, Sum: 26.4]
      [GC Worker End (ms): Min: 26071.7, Avg: 26071.8, Max: 26071.8, Diff: 0.2]
   [Code Root Fixup: 0.0 ms]
   [Code Root Migration: 0.0 ms]
   [Clear CT: 0.0 ms]
   [Other: 0.3 ms]
      [Choose CSet: 0.0 ms]
      [Ref Proc: 0.1 ms]
      [Ref Enq: 0.0 ms]
      [Free CSet: 0.1 ms]
   [Eden: 17.0M(17.0M)->0.0B(13.0M) Survivors: 10.0M->4096.0K Heap: 211.5M(256.0M)->202.0M(256.0M)]
 [Times: user=0.03 sys=0.00, real=0.01 secs] 
2014-07-10T16:12:55.087+0200: 26.072: [GC concurrent-root-region-scan-start]
2014-07-10T16:12:55.087+0200: 26.073: [GC concurrent-root-region-scan-end, 0.0001056 secs]
2014-07-10T16:12:55.087+0200: 26.073: [GC concurrent-mark-start]
2014-07-10T16:12:55.091+0200: 26.077: [GC concurrent-mark-end, 0.0034170 secs]
2014-07-10T16:12:55.091+0200: 26.077: [GC remark 2014-07-10T16:12:55.091+0200: 26.077: [GC ref-proc, 0.0000730 secs], 0.0010200 secs]
 [Times: user=0.00 sys=0.00, real=0.00 secs] 
2014-07-10T16:12:55.092+0200: 26.078: [GC cleanup 206M->83M(256M), 0.0008161 secs]
 [Times: user=0.00 sys=0.00, real=0.00 secs] 
2014-07-10T16:12:55.093+0200: 26.079: [GC concurrent-cleanup-start]
2014-07-10T16:12:55.094+0200: 26.079: [GC concurrent-cleanup-end, 0.0002526 secs]
2014-07-10T16:12:55.107+0200: 26.092: [GC pause (young), 0.0100587 secs]
   [Parallel Time: 9.8 ms, GC Workers: 2]
      [GC Worker Start (ms): Min: 26092.5, Avg: 26092.5, Max: 26092.5, Diff: 0.0]
      [Ext Root Scanning (ms): Min: 1.1, Avg: 1.1, Max: 1.1, Diff: 0.0, Sum: 2.3]
      [Update RS (ms): Min: 0.3, Avg: 0.3, Max: 0.3, Diff: 0.0, Sum: 0.6]
         [Processed Buffers: Min: 1, Avg: 2.0, Max: 3, Diff: 2, Sum: 4]
      [Scan RS (ms): Min: 0.0, Avg: 0.0, Max: 0.0, Diff: 0.0, Sum: 0.1]
      [Code Root Scanning (ms): Min: 0.0, Avg: 0.0, Max: 0.0, Diff: 0.0, Sum: 0.0]
      [Object Copy (ms): Min: 8.3, Avg: 8.3, Max: 8.3, Diff: 0.0, Sum: 16.6]
      [Termination (ms): Min: 0.0, Avg: 0.0, Max: 0.0, Diff: 0.0, Sum: 0.0]
      [GC Worker Other (ms): Min: 0.0, Avg: 0.0, Max: 0.0, Diff: 0.0, Sum: 0.1]
      [GC Worker Total (ms): Min: 9.8, Avg: 9.8, Max: 9.8, Diff: 0.0, Sum: 19.5]
      [GC Worker End (ms): Min: 26102.3, Avg: 26102.3, Max: 26102.3, Diff: 0.0]
   [Code Root Fixup: 0.0 ms]
   [Code Root Migration: 0.0 ms]
   [Clear CT: 0.0 ms]
   [Other: 0.2 ms]
      [Choose CSet: 0.0 ms]
      [Ref Proc: 0.0 ms]
      [Ref Enq: 0.0 ms]
      [Free CSet: 0.1 ms]
   [Eden: 13.0M(13.0M)->0.0B(9216.0K) Survivors: 4096.0K->3072.0K Heap: 92.0M(256.0M)->89.5M(256.0M)]
 [Times: user=0.00 sys=0.00, real=0.01 secs] 
2014-07-10T16:12:55.131+0200: 26.116: [GC pause (mixed), 0.0109141 secs]
   [Parallel Time: 10.3 ms, GC Workers: 2]
      [GC Worker Start (ms): Min: 26116.5, Avg: 26116.5, Max: 26116.5, Diff: 0.0]
      [Ext Root Scanning (ms): Min: 1.1, Avg: 1.1, Max: 1.2, Diff: 0.0, Sum: 2.3]
      [Update RS (ms): Min: 0.3, Avg: 0.3, Max: 0.3, Diff: 0.0, Sum: 0.6]
         [Processed Buffers: Min: 3, Avg: 3.0, Max: 3, Diff: 0, Sum: 6]
      [Scan RS (ms): Min: 0.1, Avg: 0.1, Max: 0.1, Diff: 0.0, Sum: 0.2]
      [Code Root Scanning (ms): Min: 0.0, Avg: 0.0, Max: 0.0, Diff: 0.0, Sum: 0.0]
      [Object Copy (ms): Min: 8.6, Avg: 8.6, Max: 8.6, Diff: 0.0, Sum: 17.2]
      [Termination (ms): Min: 0.0, Avg: 0.0, Max: 0.0, Diff: 0.0, Sum: 0.0]
      [GC Worker Other (ms): Min: 0.0, Avg: 0.0, Max: 0.0, Diff: 0.0, Sum: 0.1]
      [GC Worker Total (ms): Min: 10.2, Avg: 10.2, Max: 10.2, Diff: 0.0, Sum: 20.4]
      [GC Worker End (ms): Min: 26126.7, Avg: 26126.7, Max: 26126.7, Diff: 0.0]
   [Code Root Fixup: 0.0 ms]
   [Code Root Migration: 0.0 ms]
   [Clear CT: 0.2 ms]
   [Other: 0.4 ms]
      [Choose CSet: 0.0 ms]
      [Ref Proc: 0.1 ms]
      [Ref Enq: 0.0 ms]
      [Free CSet: 0.1 ms]
   [Eden: 9216.0K(9216.0K)->0.0B(74.0M) Survivors: 3072.0K->2048.0K Heap: 98.5M(256.0M)->89.5M(256.0M)]
 [Times: user=0.03 sys=0.00, real=0.01 secs] 
2014-07-10T16:12:55.263+0200: 26.249: [GC pause (young), 0.0492030 secs]
   [Parallel Time: 48.7 ms, GC Workers: 2]
      [GC Worker Start (ms): Min: 26248.7, Avg: 26248.7, Max: 26248.7, Diff: 0.0]
      [Ext Root Scanning (ms): Min: 1.0, Avg: 1.0, Max: 1.1, Diff: 0.0, Sum: 2.1]
      [Update RS (ms): Min: 0.5, Avg: 0.6, Max: 0.7, Diff: 0.2, Sum: 1.1]
         [Processed Buffers: Min: 1, Avg: 2.5, Max: 4, Diff: 3, Sum: 5]
      [Scan RS (ms): Min: 0.0, Avg: 0.1, Max: 0.1, Diff: 0.1, Sum: 0.2]
      [Code Root Scanning (ms): Min: 0.0, Avg: 0.0, Max: 0.1, Diff: 0.0, Sum: 0.1]
      [Object Copy (ms): Min: 46.9, Avg: 46.9, Max: 46.9, Diff: 0.0, Sum: 93.8]
      [Termination (ms): Min: 0.0, Avg: 0.0, Max: 0.0, Diff: 0.0, Sum: 0.0]
      [GC Worker Other (ms): Min: 0.0, Avg: 0.0, Max: 0.0, Diff: 0.0, Sum: 0.1]
      [GC Worker Total (ms): Min: 48.7, Avg: 48.7, Max: 48.7, Diff: 0.0, Sum: 97.4]
      [GC Worker End (ms): Min: 26297.4, Avg: 26297.4, Max: 26297.4, Diff: 0.0]
   [Code Root Fixup: 0.0 ms]
   [Code Root Migration: 0.0 ms]
   [Clear CT: 0.1 ms]
   [Other: 0.4 ms]
      [Choose CSet: 0.0 ms]
      [Ref Proc: 0.0 ms]
      [Ref Enq: 0.0 ms]
      [Free CSet: 0.1 ms]
   [Eden: 74.0M(74.0M)->0.0B(29.0M) Survivors: 2048.0K->10.0M Heap: 163.5M(256.0M)->172.5M(256.0M)]
 [Times: user=0.09 sys=0.00, real=0.05 secs] 
2014-07-10T16:12:55.359+0200: 26.344: [GC pause (young) (initial-mark), 0.0196618 secs]
   [Parallel Time: 19.2 ms, GC Workers: 2]
      [GC Worker Start (ms): Min: 26344.6, Avg: 26344.6, Max: 26344.6, Diff: 0.0]
      [Ext Root Scanning (ms): Min: 1.1, Avg: 1.1, Max: 1.1, Diff: 0.0, Sum: 2.2]
      [Code Root Marking (ms): Min: 0.1, Avg: 0.1, Max: 0.1, Diff: 0.0, Sum: 0.1]
      [Update RS (ms): Min: 1.0, Avg: 1.0, Max: 1.0, Diff: 0.0, Sum: 2.0]
         [Processed Buffers: Min: 6, Avg: 6.0, Max: 6, Diff: 0, Sum: 12]
      [Scan RS (ms): Min: 0.0, Avg: 0.0, Max: 0.1, Diff: 0.0, Sum: 0.1]
      [Code Root Scanning (ms): Min: 0.0, Avg: 0.0, Max: 0.0, Diff: 0.0, Sum: 0.1]
      [Object Copy (ms): Min: 16.7, Avg: 16.7, Max: 16.8, Diff: 0.0, Sum: 33.5]
      [Termination (ms): Min: 0.0, Avg: 0.0, Max: 0.0, Diff: 0.0, Sum: 0.0]
      [GC Worker Other (ms): Min: 0.0, Avg: 0.0, Max: 0.0, Diff: 0.0, Sum: 0.0]
      [GC Worker Total (ms): Min: 19.0, Avg: 19.1, Max: 19.1, Diff: 0.0, Sum: 38.1]
      [GC Worker End (ms): Min: 26363.6, Avg: 26363.6, Max: 26363.6, Diff: 0.0]
   [Code Root Fixup: 0.0 ms]
   [Code Root Migration: 0.0 ms]
   [Clear CT: 0.1 ms]
   [Other: 0.4 ms]
      [Choose CSet: 0.0 ms]
      [Ref Proc: 0.1 ms]
      [Ref Enq: 0.0 ms]
      [Free CSet: 0.1 ms]
   [Eden: 29.0M(29.0M)->0.0B(19.0M) Survivors: 10.0M->5120.0K Heap: 201.5M(256.0M)->190.5M(256.0M)]
 [Times: user=0.03 sys=0.00, real=0.02 secs] 
2014-07-10T16:12:55.379+0200: 26.364: [GC concurrent-root-region-scan-start]
2014-07-10T16:12:55.379+0200: 26.365: [GC concurrent-root-region-scan-end, 0.0000869 secs]
2014-07-10T16:12:55.379+0200: 26.365: [GC concurrent-mark-start]
2014-07-10T16:12:55.382+0200: 26.368: [GC concurrent-mark-end, 0.0035603 secs]
2014-07-10T16:12:55.383+0200: 26.369: [GC remark 2014-07-10T16:12:55.384+0200: 26.369: [GC ref-proc, 0.0000686 secs], 0.0016905 secs]
 [Times: user=0.00 sys=0.00, real=0.00 secs] 
2014-07-10T16:12:55.386+0200: 26.372: [GC cleanup 193M->91M(256M), 0.0013023 secs]
 [Times: user=0.00 sys=0.02, real=0.00 secs] 
2014-07-10T16:12:55.388+0200: 26.373: [GC concurrent-cleanup-start]
2014-07-10T16:12:55.388+0200: 26.374: [GC concurrent-cleanup-end, 0.0001514 secs]
2014-07-10T16:12:55.415+0200: 26.400: [GC pause (young), 0.0132502 secs]
   [Parallel Time: 12.9 ms, GC Workers: 2]
      [GC Worker Start (ms): Min: 26400.5, Avg: 26400.5, Max: 26400.5, Diff: 0.0]
      [Ext Root Scanning (ms): Min: 0.9, Avg: 0.9, Max: 1.0, Diff: 0.1, Sum: 1.9]
      [Update RS (ms): Min: 0.4, Avg: 0.4, Max: 0.5, Diff: 0.1, Sum: 0.9]
         [Processed Buffers: Min: 2, Avg: 3.5, Max: 5, Diff: 3, Sum: 7]
      [Scan RS (ms): Min: 0.0, Avg: 0.0, Max: 0.0, Diff: 0.0, Sum: 0.1]
      [Code Root Scanning (ms): Min: 0.0, Avg: 0.0, Max: 0.0, Diff: 0.0, Sum: 0.0]
      [Object Copy (ms): Min: 11.4, Avg: 11.4, Max: 11.4, Diff: 0.0, Sum: 22.9]
      [Termination (ms): Min: 0.0, Avg: 0.0, Max: 0.0, Diff: 0.0, Sum: 0.0]
      [GC Worker Other (ms): Min: 0.0, Avg: 0.0, Max: 0.0, Diff: 0.0, Sum: 0.1]
      [GC Worker Total (ms): Min: 12.9, Avg: 12.9, Max: 12.9, Diff: 0.0, Sum: 25.8]
      [GC Worker End (ms): Min: 26413.3, Avg: 26413.3, Max: 26413.3, Diff: 0.0]
   [Code Root Fixup: 0.0 ms]
   [Code Root Migration: 0.0 ms]
   [Clear CT: 0.0 ms]
   [Other: 0.3 ms]
      [Choose CSet: 0.0 ms]
      [Ref Proc: 0.1 ms]
      [Ref Enq: 0.0 ms]
      [Free CSet: 0.1 ms]
   [Eden: 19.0M(19.0M)->0.0B(9216.0K) Survivors: 5120.0K->3072.0K Heap: 107.5M(256.0M)->103.0M(256.0M)]
 [Times: user=0.02 sys=0.00, real=0.01 secs] 
2014-07-10T16:12:55.441+0200: 26.427: [GC pause (mixed), 0.0087506 secs]
   [Parallel Time: 8.2 ms, GC Workers: 2]
      [GC Worker Start (ms): Min: 26426.7, Avg: 26426.7, Max: 26426.7, Diff: 0.0]
      [Ext Root Scanning (ms): Min: 1.0, Avg: 1.0, Max: 1.1, Diff: 0.1, Sum: 2.0]
      [Update RS (ms): Min: 0.3, Avg: 0.3, Max: 0.3, Diff: 0.1, Sum: 0.6]
         [Processed Buffers: Min: 2, Avg: 3.5, Max: 5, Diff: 3, Sum: 7]
      [Scan RS (ms): Min: 0.1, Avg: 0.1, Max: 0.1, Diff: 0.0, Sum: 0.2]
      [Code Root Scanning (ms): Min: 0.0, Avg: 0.0, Max: 0.0, Diff: 0.0, Sum: 0.0]
      [Object Copy (ms): Min: 6.7, Avg: 6.7, Max: 6.7, Diff: 0.0, Sum: 13.5]
      [Termination (ms): Min: 0.0, Avg: 0.0, Max: 0.0, Diff: 0.0, Sum: 0.0]
      [GC Worker Other (ms): Min: 0.0, Avg: 0.0, Max: 0.0, Diff: 0.0, Sum: 0.1]
      [GC Worker Total (ms): Min: 8.2, Avg: 8.2, Max: 8.2, Diff: 0.0, Sum: 16.4]
      [GC Worker End (ms): Min: 26435.0, Avg: 26435.0, Max: 26435.0, Diff: 0.0]
   [Code Root Fixup: 0.0 ms]
   [Code Root Migration: 0.0 ms]
   [Clear CT: 0.1 ms]
   [Other: 0.4 ms]
      [Choose CSet: 0.0 ms]
      [Ref Proc: 0.0 ms]
      [Ref Enq: 0.0 ms]
      [Free CSet: 0.2 ms]
   [Eden: 9216.0K(9216.0K)->0.0B(68.0M) Survivors: 3072.0K->2048.0K Heap: 112.0M(256.0M)->101.5M(256.0M)]
 [Times: user=0.03 sys=0.00, real=0.01 secs] 
2014-07-10T16:12:55.562+0200: 26.548: [GC pause (young), 0.0461472 secs]
   [Parallel Time: 44.6 ms, GC Workers: 2]
      [GC Worker Start (ms): Min: 26547.9, Avg: 26547.9, Max: 26547.9, Diff: 0.0]
      [Ext Root Scanning (ms): Min: 1.0, Avg: 1.0, Max: 1.0, Diff: 0.0, Sum: 2.0]
      [Update RS (ms): Min: 0.5, Avg: 0.5, Max: 0.5, Diff: 0.0, Sum: 1.0]
         [Processed Buffers: Min: 1, Avg: 3.0, Max: 5, Diff: 4, Sum: 6]
      [Scan RS (ms): Min: 0.1, Avg: 0.1, Max: 0.1, Diff: 0.0, Sum: 0.2]
      [Code Root Scanning (ms): Min: 0.0, Avg: 0.0, Max: 0.1, Diff: 0.0, Sum: 0.1]
      [Object Copy (ms): Min: 43.0, Avg: 43.0, Max: 43.0, Diff: 0.0, Sum: 85.9]
      [Termination (ms): Min: 0.0, Avg: 0.0, Max: 0.0, Diff: 0.0, Sum: 0.0]
      [GC Worker Other (ms): Min: 0.0, Avg: 0.0, Max: 0.0, Diff: 0.0, Sum: 0.1]
      [GC Worker Total (ms): Min: 44.6, Avg: 44.6, Max: 44.6, Diff: 0.0, Sum: 89.2]
      [GC Worker End (ms): Min: 26592.5, Avg: 26592.5, Max: 26592.5, Diff: 0.0]
   [Code Root Fixup: 0.0 ms]
   [Code Root Migration: 0.0 ms]
   [Clear CT: 0.1 ms]
   [Other: 1.4 ms]
      [Choose CSet: 0.0 ms]
      [Ref Proc: 1.0 ms]
      [Ref Enq: 0.0 ms]
      [Free CSet: 0.2 ms]
   [Eden: 68.0M(68.0M)->0.0B(28.0M) Survivors: 2048.0K->9216.0K Heap: 169.5M(256.0M)->173.0M(256.0M)]
 [Times: user=0.09 sys=0.00, real=0.05 secs] 
2014-07-10T16:12:55.656+0200: 26.642: [GC pause (young) (initial-mark), 0.0216287 secs]
   [Parallel Time: 18.9 ms, GC Workers: 2]
      [GC Worker Start (ms): Min: 26641.7, Avg: 26641.7, Max: 26641.7, Diff: 0.0]
      [Ext Root Scanning (ms): Min: 1.0, Avg: 1.0, Max: 1.0, Diff: 0.0, Sum: 1.9]
      [Code Root Marking (ms): Min: 0.0, Avg: 0.1, Max: 0.1, Diff: 0.0, Sum: 0.1]
      [Update RS (ms): Min: 0.9, Avg: 0.9, Max: 0.9, Diff: 0.0, Sum: 1.8]
         [Processed Buffers: Min: 4, Avg: 5.5, Max: 7, Diff: 3, Sum: 11]
      [Scan RS (ms): Min: 0.0, Avg: 0.0, Max: 0.1, Diff: 0.0, Sum: 0.1]
      [Code Root Scanning (ms): Min: 0.0, Avg: 0.0, Max: 0.0, Diff: 0.0, Sum: 0.0]
      [Object Copy (ms): Min: 16.9, Avg: 16.9, Max: 16.9, Diff: 0.0, Sum: 33.7]
      [Termination (ms): Min: 0.0, Avg: 0.0, Max: 0.0, Diff: 0.0, Sum: 0.0]
      [GC Worker Other (ms): Min: 0.0, Avg: 0.0, Max: 0.0, Diff: 0.0, Sum: 0.1]
      [GC Worker Total (ms): Min: 18.9, Avg: 18.9, Max: 18.9, Diff: 0.0, Sum: 37.8]
      [GC Worker End (ms): Min: 26660.6, Avg: 26660.6, Max: 26660.6, Diff: 0.0]
   [Code Root Fixup: 0.0 ms]
   [Code Root Migration: 0.0 ms]
   [Clear CT: 0.0 ms]
   [Other: 2.7 ms]
      [Choose CSet: 0.0 ms]
      [Ref Proc: 2.4 ms]
      [Ref Enq: 0.0 ms]
      [Free CSet: 0.1 ms]
   [Eden: 28.0M(28.0M)->0.0B(18.0M) Survivors: 9216.0K->5120.0K Heap: 201.0M(256.0M)->193.0M(256.0M)]
 [Times: user=0.03 sys=0.00, real=0.02 secs] 
2014-07-10T16:12:55.678+0200: 26.664: [GC concurrent-root-region-scan-start]
2014-07-10T16:12:55.678+0200: 26.664: [GC concurrent-root-region-scan-end, 0.0001382 secs]
2014-07-10T16:12:55.678+0200: 26.664: [GC concurrent-mark-start]
2014-07-10T16:12:55.681+0200: 26.667: [GC concurrent-mark-end, 0.0034210 secs]
2014-07-10T16:12:55.681+0200: 26.667: [GC remark 2014-07-10T16:12:55.682+0200: 26.667: [GC ref-proc, 0.0000708 secs], 0.0014570 secs]
 [Times: user=0.03 sys=0.00, real=0.00 secs] 
2014-07-10T16:12:55.683+0200: 26.669: [GC cleanup 195M->91M(256M), 0.0007644 secs]
 [Times: user=0.00 sys=0.00, real=0.00 secs] 
2014-07-10T16:12:55.684+0200: 26.670: [GC concurrent-cleanup-start]
2014-07-10T16:12:55.684+0200: 26.670: [GC concurrent-cleanup-end, 0.0002112 secs]
2014-07-10T16:12:55.708+0200: 26.693: [GC pause (young), 0.0127377 secs]
   [Parallel Time: 12.3 ms, GC Workers: 2]
      [GC Worker Start (ms): Min: 26693.5, Avg: 26693.5, Max: 26693.5, Diff: 0.0]
      [Ext Root Scanning (ms): Min: 1.0, Avg: 1.0, Max: 1.0, Diff: 0.0, Sum: 1.9]
      [Update RS (ms): Min: 0.4, Avg: 0.4, Max: 0.4, Diff: 0.0, Sum: 0.9]
         [Processed Buffers: Min: 2, Avg: 3.0, Max: 4, Diff: 2, Sum: 6]
      [Scan RS (ms): Min: 0.0, Avg: 0.0, Max: 0.0, Diff: 0.0, Sum: 0.1]
      [Code Root Scanning (ms): Min: 0.0, Avg: 0.0, Max: 0.0, Diff: 0.0, Sum: 0.0]
      [Object Copy (ms): Min: 10.8, Avg: 10.8, Max: 10.8, Diff: 0.0, Sum: 21.7]
      [Termination (ms): Min: 0.0, Avg: 0.0, Max: 0.0, Diff: 0.0, Sum: 0.0]
      [GC Worker Other (ms): Min: 0.0, Avg: 0.0, Max: 0.0, Diff: 0.0, Sum: 0.1]
      [GC Worker Total (ms): Min: 12.3, Avg: 12.3, Max: 12.3, Diff: 0.0, Sum: 24.6]
      [GC Worker End (ms): Min: 26705.8, Avg: 26705.8, Max: 26705.8, Diff: 0.0]
   [Code Root Fixup: 0.0 ms]
   [Code Root Migration: 0.0 ms]
   [Clear CT: 0.0 ms]
   [Other: 0.3 ms]
      [Choose CSet: 0.0 ms]
      [Ref Proc: 0.2 ms]
      [Ref Enq: 0.0 ms]
      [Free CSet: 0.1 ms]
   [Eden: 18.0M(18.0M)->0.0B(9216.0K) Survivors: 5120.0K->3072.0K Heap: 107.0M(256.0M)->103.0M(256.0M)]
 [Times: user=0.03 sys=0.00, real=0.01 secs] 
2014-07-10T16:12:55.734+0200: 26.720: [GC pause (mixed), 0.0094681 secs]
   [Parallel Time: 9.0 ms, GC Workers: 2]
      [GC Worker Start (ms): Min: 26719.7, Avg: 26719.7, Max: 26719.7, Diff: 0.0]
      [Ext Root Scanning (ms): Min: 1.0, Avg: 1.1, Max: 1.1, Diff: 0.2, Sum: 2.1]
      [Update RS (ms): Min: 0.2, Avg: 0.3, Max: 0.4, Diff: 0.1, Sum: 0.6]
         [Processed Buffers: Min: 1, Avg: 3.5, Max: 6, Diff: 5, Sum: 7]
      [Scan RS (ms): Min: 0.1, Avg: 0.1, Max: 0.1, Diff: 0.0, Sum: 0.2]
      [Code Root Scanning (ms): Min: 0.0, Avg: 0.0, Max: 0.0, Diff: 0.0, Sum: 0.0]
      [Object Copy (ms): Min: 7.5, Avg: 7.5, Max: 7.5, Diff: 0.0, Sum: 14.9]
      [Termination (ms): Min: 0.0, Avg: 0.0, Max: 0.0, Diff: 0.0, Sum: 0.0]
      [GC Worker Other (ms): Min: 0.0, Avg: 0.0, Max: 0.0, Diff: 0.0, Sum: 0.1]
      [GC Worker Total (ms): Min: 9.0, Avg: 9.0, Max: 9.0, Diff: 0.0, Sum: 18.0]
      [GC Worker End (ms): Min: 26728.7, Avg: 26728.7, Max: 26728.7, Diff: 0.0]
   [Code Root Fixup: 0.0 ms]
   [Code Root Migration: 0.0 ms]
   [Clear CT: 0.1 ms]
   [Other: 0.3 ms]
      [Choose CSet: 0.0 ms]
      [Ref Proc: 0.0 ms]
      [Ref Enq: 0.0 ms]
      [Free CSet: 0.1 ms]
   [Eden: 9216.0K(9216.0K)->0.0B(65.0M) Survivors: 3072.0K->2048.0K Heap: 112.0M(256.0M)->101.5M(256.0M)]
 [Times: user=0.00 sys=0.00, real=0.01 secs] 
2014-07-10T16:12:55.855+0200: 26.841: [GC pause (young), 0.0435170 secs]
   [Parallel Time: 43.1 ms, GC Workers: 2]
      [GC Worker Start (ms): Min: 26840.8, Avg: 26840.8, Max: 26840.8, Diff: 0.0]
      [Ext Root Scanning (ms): Min: 1.2, Avg: 1.2, Max: 1.3, Diff: 0.1, Sum: 2.4]
      [Update RS (ms): Min: 0.4, Avg: 0.5, Max: 0.5, Diff: 0.1, Sum: 0.9]
         [Processed Buffers: Min: 1, Avg: 2.5, Max: 4, Diff: 3, Sum: 5]
      [Scan RS (ms): Min: 0.1, Avg: 0.1, Max: 0.1, Diff: 0.0, Sum: 0.2]
      [Code Root Scanning (ms): Min: 0.0, Avg: 0.0, Max: 0.0, Diff: 0.0, Sum: 0.1]
      [Object Copy (ms): Min: 41.2, Avg: 41.2, Max: 41.2, Diff: 0.0, Sum: 82.4]
      [Termination (ms): Min: 0.0, Avg: 0.0, Max: 0.0, Diff: 0.0, Sum: 0.0]
      [GC Worker Other (ms): Min: 0.0, Avg: 0.0, Max: 0.0, Diff: 0.0, Sum: 0.1]
      [GC Worker Total (ms): Min: 43.0, Avg: 43.1, Max: 43.1, Diff: 0.0, Sum: 86.1]
      [GC Worker End (ms): Min: 26883.8, Avg: 26883.8, Max: 26883.8, Diff: 0.0]
   [Code Root Fixup: 0.0 ms]
   [Code Root Migration: 0.0 ms]
   [Clear CT: 0.1 ms]
   [Other: 0.4 ms]
      [Choose CSet: 0.0 ms]
      [Ref Proc: 0.0 ms]
      [Ref Enq: 0.0 ms]
      [Free CSet: 0.1 ms]
   [Eden: 65.0M(65.0M)->0.0B(28.0M) Survivors: 2048.0K->9216.0K Heap: 166.5M(256.0M)->172.5M(256.0M)]
 [Times: user=0.06 sys=0.00, real=0.04 secs] 
2014-07-10T16:12:55.945+0200: 26.931: [GC pause (young) (initial-mark), 0.0229339 secs]
   [Parallel Time: 22.4 ms, GC Workers: 2]
      [GC Worker Start (ms): Min: 26930.7, Avg: 26937.0, Max: 26943.4, Diff: 12.7]
      [Ext Root Scanning (ms): Min: 0.0, Avg: 1.1, Max: 2.2, Diff: 2.2, Sum: 2.3]
      [Code Root Marking (ms): Min: 0.0, Avg: 0.1, Max: 0.1, Diff: 0.1, Sum: 0.1]
      [Update RS (ms): Min: 0.0, Avg: 0.8, Max: 1.5, Diff: 1.5, Sum: 1.5]
         [Processed Buffers: Min: 0, Avg: 5.5, Max: 11, Diff: 11, Sum: 11]
      [Scan RS (ms): Min: 0.0, Avg: 0.0, Max: 0.1, Diff: 0.1, Sum: 0.1]
      [Code Root Scanning (ms): Min: 0.0, Avg: 0.0, Max: 0.0, Diff: 0.0, Sum: 0.0]
      [Object Copy (ms): Min: 9.5, Avg: 13.9, Max: 18.3, Diff: 8.8, Sum: 27.8]
      [Termination (ms): Min: 0.0, Avg: 0.0, Max: 0.0, Diff: 0.0, Sum: 0.0]
      [GC Worker Other (ms): Min: 0.0, Avg: 0.0, Max: 0.0, Diff: 0.0, Sum: 0.1]
      [GC Worker Total (ms): Min: 9.6, Avg: 16.0, Max: 22.4, Diff: 12.7, Sum: 32.0]
      [GC Worker End (ms): Min: 26953.0, Avg: 26953.0, Max: 26953.0, Diff: 0.0]
   [Code Root Fixup: 0.0 ms]
   [Code Root Migration: 0.0 ms]
   [Clear CT: 0.0 ms]
   [Other: 0.5 ms]
      [Choose CSet: 0.0 ms]
      [Ref Proc: 0.1 ms]
      [Ref Enq: 0.0 ms]
      [Free CSet: 0.1 ms]
   [Eden: 28.0M(28.0M)->0.0B(18.0M) Survivors: 9216.0K->5120.0K Heap: 200.5M(256.0M)->192.0M(256.0M)]
 [Times: user=0.05 sys=0.00, real=0.02 secs] 
2014-07-10T16:12:55.968+0200: 26.954: [GC concurrent-root-region-scan-start]
2014-07-10T16:12:55.968+0200: 26.954: [GC concurrent-root-region-scan-end, 0.0000884 secs]
2014-07-10T16:12:55.968+0200: 26.954: [GC concurrent-mark-start]
2014-07-10T16:12:55.972+0200: 26.958: [GC concurrent-mark-end, 0.0036292 secs]
2014-07-10T16:12:55.973+0200: 26.958: [GC remark 2014-07-10T16:12:55.973+0200: 26.959: [GC ref-proc, 0.0000656 secs], 0.0010515 secs]
 [Times: user=0.00 sys=0.00, real=0.00 secs] 
2014-07-10T16:12:55.974+0200: 26.960: [GC cleanup 194M->88M(256M), 0.0007699 secs]
 [Times: user=0.00 sys=0.00, real=0.00 secs] 
2014-07-10T16:12:55.975+0200: 26.960: [GC concurrent-cleanup-start]
2014-07-10T16:12:55.975+0200: 26.961: [GC concurrent-cleanup-end, 0.0002185 secs]
2014-07-10T16:12:56.028+0200: 27.014: [GC pause (young), 0.0128829 secs]
   [Parallel Time: 12.5 ms, GC Workers: 2]
      [GC Worker Start (ms): Min: 27013.6, Avg: 27013.6, Max: 27013.6, Diff: 0.0]
      [Ext Root Scanning (ms): Min: 0.9, Avg: 1.0, Max: 1.0, Diff: 0.1, Sum: 1.9]
      [Update RS (ms): Min: 0.3, Avg: 0.4, Max: 0.5, Diff: 0.2, Sum: 0.8]
         [Processed Buffers: Min: 2, Avg: 3.5, Max: 5, Diff: 3, Sum: 7]
      [Scan RS (ms): Min: 0.0, Avg: 0.0, Max: 0.1, Diff: 0.0, Sum: 0.1]
      [Code Root Scanning (ms): Min: 0.0, Avg: 0.0, Max: 0.0, Diff: 0.0, Sum: 0.0]
      [Object Copy (ms): Min: 11.1, Avg: 11.1, Max: 11.1, Diff: 0.0, Sum: 22.1]
      [Termination (ms): Min: 0.0, Avg: 0.0, Max: 0.0, Diff: 0.0, Sum: 0.0]
      [GC Worker Other (ms): Min: 0.0, Avg: 0.0, Max: 0.0, Diff: 0.0, Sum: 0.1]
      [GC Worker Total (ms): Min: 12.5, Avg: 12.5, Max: 12.5, Diff: 0.0, Sum: 25.0]
      [GC Worker End (ms): Min: 27026.1, Avg: 27026.1, Max: 27026.1, Diff: 0.0]
   [Code Root Fixup: 0.0 ms]
   [Code Root Migration: 0.0 ms]
   [Clear CT: 0.0 ms]
   [Other: 0.3 ms]
      [Choose CSet: 0.0 ms]
      [Ref Proc: 0.0 ms]
      [Ref Enq: 0.0 ms]
      [Free CSet: 0.1 ms]
   [Eden: 18.0M(18.0M)->0.0B(9216.0K) Survivors: 5120.0K->3072.0K Heap: 104.0M(256.0M)->99.5M(256.0M)]
 [Times: user=0.00 sys=0.00, real=0.01 secs] 
2014-07-10T16:12:56.055+0200: 27.041: [GC pause (mixed), 0.0092778 secs]
   [Parallel Time: 8.9 ms, GC Workers: 2]
      [GC Worker Start (ms): Min: 27040.6, Avg: 27040.6, Max: 27040.6, Diff: 0.0]
      [Ext Root Scanning (ms): Min: 0.9, Avg: 0.9, Max: 1.0, Diff: 0.0, Sum: 1.9]
      [Update RS (ms): Min: 0.3, Avg: 0.3, Max: 0.4, Diff: 0.1, Sum: 0.7]
         [Processed Buffers: Min: 1, Avg: 2.5, Max: 4, Diff: 3, Sum: 5]
      [Scan RS (ms): Min: 0.0, Avg: 0.1, Max: 0.1, Diff: 0.1, Sum: 0.2]
      [Code Root Scanning (ms): Min: 0.0, Avg: 0.0, Max: 0.1, Diff: 0.1, Sum: 0.1]
      [Object Copy (ms): Min: 7.4, Avg: 7.4, Max: 7.4, Diff: 0.0, Sum: 14.8]
      [Termination (ms): Min: 0.0, Avg: 0.0, Max: 0.0, Diff: 0.0, Sum: 0.0]
      [GC Worker Other (ms): Min: 0.0, Avg: 0.0, Max: 0.0, Diff: 0.0, Sum: 0.1]
      [GC Worker Total (ms): Min: 8.8, Avg: 8.8, Max: 8.8, Diff: 0.0, Sum: 17.6]
      [GC Worker End (ms): Min: 27049.5, Avg: 27049.5, Max: 27049.5, Diff: 0.0]
   [Code Root Fixup: 0.0 ms]
   [Code Root Migration: 0.0 ms]
   [Clear CT: 0.1 ms]
   [Other: 0.3 ms]
      [Choose CSet: 0.0 ms]
      [Ref Proc: 0.1 ms]
      [Ref Enq: 0.0 ms]
      [Free CSet: 0.1 ms]
   [Eden: 9216.0K(9216.0K)->0.0B(65.0M) Survivors: 3072.0K->2048.0K Heap: 108.5M(256.0M)->100.5M(256.0M)]
 [Times: user=0.03 sys=0.00, real=0.01 secs] 
2014-07-10T16:12:56.217+0200: 27.203: [GC pause (young), 0.0454366 secs]
   [Parallel Time: 45.0 ms, GC Workers: 2]
      [GC Worker Start (ms): Min: 27202.7, Avg: 27202.7, Max: 27202.7, Diff: 0.0]
      [Ext Root Scanning (ms): Min: 1.1, Avg: 1.1, Max: 1.1, Diff: 0.0, Sum: 2.3]
      [Update RS (ms): Min: 0.5, Avg: 1.8, Max: 3.0, Diff: 2.4, Sum: 3.5]
         [Processed Buffers: Min: 1, Avg: 3.0, Max: 5, Diff: 4, Sum: 6]
      [Scan RS (ms): Min: 0.0, Avg: 0.1, Max: 0.2, Diff: 0.2, Sum: 0.2]
      [Code Root Scanning (ms): Min: 0.0, Avg: 0.0, Max: 0.1, Diff: 0.1, Sum: 0.1]
      [Object Copy (ms): Min: 40.8, Avg: 41.9, Max: 43.0, Diff: 2.2, Sum: 83.8]
      [Termination (ms): Min: 0.0, Avg: 0.0, Max: 0.0, Diff: 0.0, Sum: 0.0]
      [GC Worker Other (ms): Min: 0.0, Avg: 0.0, Max: 0.0, Diff: 0.0, Sum: 0.1]
      [GC Worker Total (ms): Min: 45.0, Avg: 45.0, Max: 45.0, Diff: 0.0, Sum: 90.0]
      [GC Worker End (ms): Min: 27247.7, Avg: 27247.7, Max: 27247.7, Diff: 0.0]
   [Code Root Fixup: 0.0 ms]
   [Code Root Migration: 0.0 ms]
   [Clear CT: 0.1 ms]
   [Other: 0.4 ms]
      [Choose CSet: 0.0 ms]
      [Ref Proc: 0.0 ms]
      [Ref Enq: 0.0 ms]
      [Free CSet: 0.1 ms]
   [Eden: 65.0M(65.0M)->0.0B(28.0M) Survivors: 2048.0K->9216.0K Heap: 165.5M(256.0M)->172.0M(256.0M)]
 [Times: user=0.09 sys=0.00, real=0.05 secs] 
2014-07-10T16:12:56.308+0200: 27.294: [GC pause (young) (initial-mark), 0.0192075 secs]
   [Parallel Time: 18.8 ms, GC Workers: 2]
      [GC Worker Start (ms): Min: 27293.6, Avg: 27293.6, Max: 27293.6, Diff: 0.0]
      [Ext Root Scanning (ms): Min: 1.0, Avg: 1.0, Max: 1.0, Diff: 0.1, Sum: 2.0]
      [Code Root Marking (ms): Min: 0.0, Avg: 0.1, Max: 0.1, Diff: 0.0, Sum: 0.1]
      [Update RS (ms): Min: 0.8, Avg: 0.8, Max: 0.9, Diff: 0.0, Sum: 1.7]
         [Processed Buffers: Min: 4, Avg: 5.5, Max: 7, Diff: 3, Sum: 11]
      [Scan RS (ms): Min: 0.0, Avg: 0.0, Max: 0.1, Diff: 0.0, Sum: 0.1]
      [Code Root Scanning (ms): Min: 0.0, Avg: 0.0, Max: 0.0, Diff: 0.0, Sum: 0.0]
      [Object Copy (ms): Min: 16.6, Avg: 16.6, Max: 16.6, Diff: 0.0, Sum: 33.2]
      [Termination (ms): Min: 0.0, Avg: 0.0, Max: 0.0, Diff: 0.0, Sum: 0.0]
      [GC Worker Other (ms): Min: 0.0, Avg: 0.0, Max: 0.0, Diff: 0.0, Sum: 0.1]
      [GC Worker Total (ms): Min: 18.6, Avg: 18.6, Max: 18.6, Diff: 0.0, Sum: 37.3]
      [GC Worker End (ms): Min: 27312.3, Avg: 27312.3, Max: 27312.3, Diff: 0.0]
   [Code Root Fixup: 0.0 ms]
   [Code Root Migration: 0.0 ms]
   [Clear CT: 0.0 ms]
   [Other: 0.4 ms]
      [Choose CSet: 0.0 ms]
      [Ref Proc: 0.1 ms]
      [Ref Enq: 0.0 ms]
      [Free CSet: 0.1 ms]
   [Eden: 28.0M(28.0M)->0.0B(19.0M) Survivors: 9216.0K->5120.0K Heap: 200.0M(256.0M)->191.5M(256.0M)]
 [Times: user=0.03 sys=0.00, real=0.02 secs] 
2014-07-10T16:12:56.327+0200: 27.313: [GC concurrent-root-region-scan-start]
2014-07-10T16:12:56.327+0200: 27.313: [GC concurrent-root-region-scan-end, 0.0000902 secs]
2014-07-10T16:12:56.327+0200: 27.313: [GC concurrent-mark-start]
2014-07-10T16:12:56.332+0200: 27.318: [GC concurrent-mark-end, 0.0037473 secs]
2014-07-10T16:12:56.332+0200: 27.318: [GC remark 2014-07-10T16:12:56.332+0200: 27.318: [GC ref-proc, 0.0000678 secs], 0.0011648 secs]
 [Times: user=0.00 sys=0.00, real=0.00 secs] 
2014-07-10T16:12:56.333+0200: 27.319: [GC cleanup 193M->83M(256M), 0.0008293 secs]
 [Times: user=0.00 sys=0.00, real=0.00 secs] 
2014-07-10T16:12:56.334+0200: 27.320: [GC concurrent-cleanup-start]
2014-07-10T16:12:56.334+0200: 27.320: [GC concurrent-cleanup-end, 0.0002310 secs]
2014-07-10T16:12:56.360+0200: 27.346: [GC pause (young), 0.0135168 secs]
   [Parallel Time: 13.2 ms, GC Workers: 2]
      [GC Worker Start (ms): Min: 27345.6, Avg: 27345.6, Max: 27345.6, Diff: 0.0]
      [Ext Root Scanning (ms): Min: 1.1, Avg: 1.1, Max: 1.1, Diff: 0.1, Sum: 2.2]
      [Update RS (ms): Min: 0.4, Avg: 0.5, Max: 0.5, Diff: 0.1, Sum: 0.9]
         [Processed Buffers: Min: 2, Avg: 3.5, Max: 5, Diff: 3, Sum: 7]
      [Scan RS (ms): Min: 0.0, Avg: 0.0, Max: 0.0, Diff: 0.0, Sum: 0.1]
      [Code Root Scanning (ms): Min: 0.0, Avg: 0.0, Max: 0.0, Diff: 0.0, Sum: 0.0]
      [Object Copy (ms): Min: 11.5, Avg: 11.5, Max: 11.5, Diff: 0.0, Sum: 23.0]
      [Termination (ms): Min: 0.0, Avg: 0.0, Max: 0.0, Diff: 0.0, Sum: 0.0]
      [GC Worker Other (ms): Min: 0.0, Avg: 0.1, Max: 0.1, Diff: 0.1, Sum: 0.1]
      [GC Worker Total (ms): Min: 13.1, Avg: 13.2, Max: 13.2, Diff: 0.0, Sum: 26.3]
      [GC Worker End (ms): Min: 27358.8, Avg: 27358.8, Max: 27358.8, Diff: 0.1]
   [Code Root Fixup: 0.0 ms]
   [Code Root Migration: 0.0 ms]
   [Clear CT: 0.0 ms]
   [Other: 0.3 ms]
      [Choose CSet: 0.0 ms]
      [Ref Proc: 0.1 ms]
      [Ref Enq: 0.0 ms]
      [Free CSet: 0.1 ms]
   [Eden: 19.0M(19.0M)->0.0B(9216.0K) Survivors: 5120.0K->3072.0K Heap: 100.5M(256.0M)->96.5M(256.0M)]
 [Times: user=0.03 sys=0.00, real=0.01 secs] 
2014-07-10T16:12:56.388+0200: 27.374: [GC pause (mixed), 0.0092731 secs]
   [Parallel Time: 8.8 ms, GC Workers: 2]
      [GC Worker Start (ms): Min: 27373.8, Avg: 27373.9, Max: 27374.0, Diff: 0.3]
      [Ext Root Scanning (ms): Min: 1.0, Avg: 1.1, Max: 1.2, Diff: 0.2, Sum: 2.2]
      [Update RS (ms): Min: 0.3, Avg: 0.3, Max: 0.3, Diff: 0.0, Sum: 0.6]
         [Processed Buffers: Min: 2, Avg: 3.5, Max: 5, Diff: 3, Sum: 7]
      [Scan RS (ms): Min: 0.1, Avg: 0.1, Max: 0.1, Diff: 0.0, Sum: 0.2]
      [Code Root Scanning (ms): Min: 0.0, Avg: 0.0, Max: 0.0, Diff: 0.0, Sum: 0.0]
      [Object Copy (ms): Min: 6.9, Avg: 6.9, Max: 6.9, Diff: 0.0, Sum: 13.8]
      [Termination (ms): Min: 0.0, Avg: 0.1, Max: 0.1, Diff: 0.1, Sum: 0.1]
      [GC Worker Other (ms): Min: 0.0, Avg: 0.0, Max: 0.0, Diff: 0.0, Sum: 0.1]
      [GC Worker Total (ms): Min: 8.3, Avg: 8.5, Max: 8.7, Diff: 0.3, Sum: 17.0]
      [GC Worker End (ms): Min: 27382.4, Avg: 27382.4, Max: 27382.4, Diff: 0.1]
   [Code Root Fixup: 0.0 ms]
   [Code Root Migration: 0.0 ms]
   [Clear CT: 0.1 ms]
   [Other: 0.3 ms]
      [Choose CSet: 0.0 ms]
      [Ref Proc: 0.0 ms]
      [Ref Enq: 0.0 ms]
      [Free CSet: 0.1 ms]
   [Eden: 9216.0K(9216.0K)->0.0B(66.0M) Survivors: 3072.0K->2048.0K Heap: 105.5M(256.0M)->101.5M(256.0M)]
 [Times: user=0.00 sys=0.00, real=0.01 secs] 
2014-07-10T16:12:56.506+0200: 27.492: [GC pause (young), 0.0442176 secs]
   [Parallel Time: 43.6 ms, GC Workers: 2]
      [GC Worker Start (ms): Min: 27491.6, Avg: 27491.6, Max: 27491.6, Diff: 0.0]
      [Ext Root Scanning (ms): Min: 1.1, Avg: 1.1, Max: 1.1, Diff: 0.0, Sum: 2.2]
      [Update RS (ms): Min: 0.5, Avg: 0.5, Max: 0.5, Diff: 0.0, Sum: 1.0]
         [Processed Buffers: Min: 2, Avg: 2.5, Max: 3, Diff: 1, Sum: 5]
      [Scan RS (ms): Min: 0.1, Avg: 0.1, Max: 0.1, Diff: 0.0, Sum: 0.2]
      [Code Root Scanning (ms): Min: 0.0, Avg: 0.0, Max: 0.0, Diff: 0.0, Sum: 0.1]
      [Object Copy (ms): Min: 41.9, Avg: 41.9, Max: 41.9, Diff: 0.0, Sum: 83.7]
      [Termination (ms): Min: 0.0, Avg: 0.0, Max: 0.0, Diff: 0.0, Sum: 0.0]
      [GC Worker Other (ms): Min: 0.0, Avg: 0.0, Max: 0.0, Diff: 0.0, Sum: 0.1]
      [GC Worker Total (ms): Min: 43.6, Avg: 43.6, Max: 43.6, Diff: 0.0, Sum: 87.2]
      [GC Worker End (ms): Min: 27535.2, Avg: 27535.2, Max: 27535.2, Diff: 0.0]
   [Code Root Fixup: 0.0 ms]
   [Code Root Migration: 0.0 ms]
   [Clear CT: 0.0 ms]
   [Other: 0.5 ms]
      [Choose CSet: 0.0 ms]
      [Ref Proc: 0.2 ms]
      [Ref Enq: 0.0 ms]
      [Free CSet: 0.1 ms]
   [Eden: 66.0M(66.0M)->0.0B(28.0M) Survivors: 2048.0K->9216.0K Heap: 167.5M(256.0M)->172.5M(256.0M)]
 [Times: user=0.08 sys=0.00, real=0.04 secs] 
2014-07-10T16:12:56.596+0200: 27.581: [GC pause (young) (initial-mark), 0.0192350 secs]
   [Parallel Time: 18.8 ms, GC Workers: 2]
      [GC Worker Start (ms): Min: 27581.6, Avg: 27581.6, Max: 27581.6, Diff: 0.0]
      [Ext Root Scanning (ms): Min: 1.1, Avg: 1.1, Max: 1.1, Diff: 0.0, Sum: 2.2]
      [Code Root Marking (ms): Min: 0.1, Avg: 0.1, Max: 0.1, Diff: 0.0, Sum: 0.1]
      [Update RS (ms): Min: 0.9, Avg: 0.9, Max: 0.9, Diff: 0.0, Sum: 1.8]
         [Processed Buffers: Min: 4, Avg: 5.0, Max: 6, Diff: 2, Sum: 10]
      [Scan RS (ms): Min: 0.0, Avg: 0.1, Max: 0.1, Diff: 0.0, Sum: 0.1]
      [Code Root Scanning (ms): Min: 0.0, Avg: 0.0, Max: 0.0, Diff: 0.0, Sum: 0.0]
      [Object Copy (ms): Min: 16.6, Avg: 16.6, Max: 16.6, Diff: 0.0, Sum: 33.2]
      [Termination (ms): Min: 0.0, Avg: 0.0, Max: 0.0, Diff: 0.0, Sum: 0.0]
      [GC Worker Other (ms): Min: 0.0, Avg: 0.0, Max: 0.0, Diff: 0.0, Sum: 0.1]
      [GC Worker Total (ms): Min: 18.8, Avg: 18.8, Max: 18.8, Diff: 0.0, Sum: 37.5]
      [GC Worker End (ms): Min: 27600.4, Avg: 27600.4, Max: 27600.4, Diff: 0.0]
   [Code Root Fixup: 0.0 ms]
   [Code Root Migration: 0.0 ms]
   [Clear CT: 0.0 ms]
   [Other: 0.3 ms]
      [Choose CSet: 0.0 ms]
      [Ref Proc: 0.0 ms]
      [Ref Enq: 0.0 ms]
      [Free CSet: 0.1 ms]
   [Eden: 28.0M(28.0M)->0.0B(19.0M) Survivors: 9216.0K->5120.0K Heap: 200.5M(256.0M)->191.5M(256.0M)]
 [Times: user=0.03 sys=0.00, real=0.02 secs] 
2014-07-10T16:12:56.615+0200: 27.601: [GC concurrent-root-region-scan-start]
2014-07-10T16:12:56.615+0200: 27.601: [GC concurrent-root-region-scan-end, 0.0001558 secs]
2014-07-10T16:12:56.615+0200: 27.601: [GC concurrent-mark-start]
2014-07-10T16:12:56.619+0200: 27.605: [GC concurrent-mark-end, 0.0034774 secs]
2014-07-10T16:12:56.620+0200: 27.606: [GC remark 2014-07-10T16:12:56.620+0200: 27.606: [GC ref-proc, 0.0000678 secs], 0.0011204 secs]
 [Times: user=0.00 sys=0.00, real=0.00 secs] 
2014-07-10T16:12:56.621+0200: 27.607: [GC cleanup 194M->89M(256M), 0.0007820 secs]
 [Times: user=0.00 sys=0.00, real=0.00 secs] 
2014-07-10T16:12:56.622+0200: 27.608: [GC concurrent-cleanup-start]
2014-07-10T16:12:56.622+0200: 27.608: [GC concurrent-cleanup-end, 0.0001738 secs]
2014-07-10T16:12:56.652+0200: 27.638: [GC pause (young), 0.0137595 secs]
   [Parallel Time: 13.5 ms, GC Workers: 2]
      [GC Worker Start (ms): Min: 27637.6, Avg: 27637.6, Max: 27637.6, Diff: 0.0]
      [Ext Root Scanning (ms): Min: 1.6, Avg: 1.6, Max: 1.6, Diff: 0.0, Sum: 3.2]
      [Update RS (ms): Min: 0.5, Avg: 0.5, Max: 0.5, Diff: 0.0, Sum: 1.0]
         [Processed Buffers: Min: 3, Avg: 3.0, Max: 3, Diff: 0, Sum: 6]
      [Scan RS (ms): Min: 0.0, Avg: 0.0, Max: 0.1, Diff: 0.0, Sum: 0.1]
      [Code Root Scanning (ms): Min: 0.0, Avg: 0.0, Max: 0.0, Diff: 0.0, Sum: 0.0]
      [Object Copy (ms): Min: 11.2, Avg: 11.3, Max: 11.3, Diff: 0.0, Sum: 22.5]
      [Termination (ms): Min: 0.0, Avg: 0.0, Max: 0.0, Diff: 0.0, Sum: 0.0]
      [GC Worker Other (ms): Min: 0.0, Avg: 0.0, Max: 0.0, Diff: 0.0, Sum: 0.1]
      [GC Worker Total (ms): Min: 13.4, Avg: 13.4, Max: 13.4, Diff: 0.0, Sum: 26.9]
      [GC Worker End (ms): Min: 27651.0, Avg: 27651.0, Max: 27651.0, Diff: 0.0]
   [Code Root Fixup: 0.0 ms]
   [Code Root Migration: 0.0 ms]
   [Clear CT: 0.0 ms]
   [Other: 0.2 ms]
      [Choose CSet: 0.0 ms]
      [Ref Proc: 0.0 ms]
      [Ref Enq: 0.0 ms]
      [Free CSet: 0.1 ms]
   [Eden: 19.0M(19.0M)->0.0B(9216.0K) Survivors: 5120.0K->3072.0K Heap: 105.5M(256.0M)->101.5M(256.0M)]
 [Times: user=0.02 sys=0.00, real=0.01 secs] 
2014-07-10T16:12:56.680+0200: 27.666: [GC pause (mixed), 0.0093644 secs]
   [Parallel Time: 8.9 ms, GC Workers: 2]
      [GC Worker Start (ms): Min: 27665.8, Avg: 27665.8, Max: 27665.8, Diff: 0.0]
      [Ext Root Scanning (ms): Min: 1.2, Avg: 1.2, Max: 1.3, Diff: 0.1, Sum: 2.4]
      [Update RS (ms): Min: 0.3, Avg: 0.3, Max: 0.4, Diff: 0.1, Sum: 0.6]
         [Processed Buffers: Min: 3, Avg: 3.5, Max: 4, Diff: 1, Sum: 7]
      [Scan RS (ms): Min: 0.1, Avg: 0.1, Max: 0.1, Diff: 0.0, Sum: 0.2]
      [Code Root Scanning (ms): Min: 0.0, Avg: 0.0, Max: 0.0, Diff: 0.0, Sum: 0.0]
      [Object Copy (ms): Min: 7.2, Avg: 7.2, Max: 7.2, Diff: 0.0, Sum: 14.3]
      [Termination (ms): Min: 0.0, Avg: 0.0, Max: 0.0, Diff: 0.0, Sum: 0.0]
      [GC Worker Other (ms): Min: 0.0, Avg: 0.0, Max: 0.0, Diff: 0.0, Sum: 0.1]
      [GC Worker Total (ms): Min: 8.8, Avg: 8.8, Max: 8.8, Diff: 0.0, Sum: 17.7]
      [GC Worker End (ms): Min: 27674.6, Avg: 27674.6, Max: 27674.6, Diff: 0.0]
   [Code Root Fixup: 0.0 ms]
   [Code Root Migration: 0.0 ms]
   [Clear CT: 0.1 ms]
   [Other: 0.4 ms]
      [Choose CSet: 0.0 ms]
      [Ref Proc: 0.2 ms]
      [Ref Enq: 0.0 ms]
      [Free CSet: 0.1 ms]
   [Eden: 9216.0K(9216.0K)->0.0B(67.0M) Survivors: 3072.0K->2048.0K Heap: 110.5M(256.0M)->101.5M(256.0M)]
 [Times: user=0.03 sys=0.00, real=0.01 secs] 
2014-07-10T16:12:56.803+0200: 27.789: [GC pause (young), 0.0453215 secs]
   [Parallel Time: 44.8 ms, GC Workers: 2]
      [GC Worker Start (ms): Min: 27788.6, Avg: 27788.6, Max: 27788.6, Diff: 0.0]
      [Ext Root Scanning (ms): Min: 1.1, Avg: 1.1, Max: 1.1, Diff: 0.1, Sum: 2.2]
      [Update RS (ms): Min: 0.4, Avg: 0.4, Max: 0.5, Diff: 0.1, Sum: 0.9]
         [Processed Buffers: Min: 1, Avg: 3.0, Max: 5, Diff: 4, Sum: 6]
      [Scan RS (ms): Min: 0.1, Avg: 0.1, Max: 0.1, Diff: 0.0, Sum: 0.2]
      [Code Root Scanning (ms): Min: 0.1, Avg: 0.1, Max: 0.1, Diff: 0.0, Sum: 0.1]
      [Object Copy (ms): Min: 43.0, Avg: 43.0, Max: 43.1, Diff: 0.1, Sum: 86.1]
      [Termination (ms): Min: 0.0, Avg: 0.0, Max: 0.0, Diff: 0.0, Sum: 0.0]
      [GC Worker Other (ms): Min: 0.0, Avg: 0.0, Max: 0.0, Diff: 0.0, Sum: 0.1]
      [GC Worker Total (ms): Min: 44.8, Avg: 44.8, Max: 44.8, Diff: 0.0, Sum: 89.6]
      [GC Worker End (ms): Min: 27833.4, Avg: 27833.4, Max: 27833.4, Diff: 0.0]
   [Code Root Fixup: 0.0 ms]
   [Code Root Migration: 0.0 ms]
   [Clear CT: 0.0 ms]
   [Other: 0.4 ms]
      [Choose CSet: 0.0 ms]
      [Ref Proc: 0.1 ms]
      [Ref Enq: 0.0 ms]
      [Free CSet: 0.1 ms]
   [Eden: 67.0M(67.0M)->0.0B(26.0M) Survivors: 2048.0K->9216.0K Heap: 168.5M(256.0M)->176.0M(256.0M)]
 [Times: user=0.09 sys=0.00, real=0.05 secs] 
2014-07-10T16:12:56.894+0200: 27.880: [GC pause (young) (initial-mark), 0.0183830 secs]
   [Parallel Time: 17.9 ms, GC Workers: 2]
      [GC Worker Start (ms): Min: 27879.8, Avg: 27879.8, Max: 27879.8, Diff: 0.0]
      [Ext Root Scanning (ms): Min: 1.1, Avg: 1.1, Max: 1.2, Diff: 0.0, Sum: 2.3]
      [Code Root Marking (ms): Min: 0.1, Avg: 0.1, Max: 0.1, Diff: 0.0, Sum: 0.1]
      [Update RS (ms): Min: 0.9, Avg: 0.9, Max: 0.9, Diff: 0.1, Sum: 1.8]
         [Processed Buffers: Min: 4, Avg: 4.5, Max: 5, Diff: 1, Sum: 9]
      [Scan RS (ms): Min: 0.0, Avg: 0.0, Max: 0.1, Diff: 0.0, Sum: 0.1]
      [Code Root Scanning (ms): Min: 0.0, Avg: 0.0, Max: 0.0, Diff: 0.0, Sum: 0.0]
      [Object Copy (ms): Min: 15.7, Avg: 15.7, Max: 15.7, Diff: 0.0, Sum: 31.4]
      [Termination (ms): Min: 0.0, Avg: 0.0, Max: 0.0, Diff: 0.0, Sum: 0.0]
      [GC Worker Other (ms): Min: 0.0, Avg: 0.0, Max: 0.0, Diff: 0.0, Sum: 0.0]
      [GC Worker Total (ms): Min: 17.9, Avg: 17.9, Max: 17.9, Diff: 0.0, Sum: 35.8]
      [GC Worker End (ms): Min: 27897.7, Avg: 27897.7, Max: 27897.7, Diff: 0.0]
   [Code Root Fixup: 0.0 ms]
   [Code Root Migration: 0.0 ms]
   [Clear CT: 0.1 ms]
   [Other: 0.4 ms]
      [Choose CSet: 0.0 ms]
      [Ref Proc: 0.1 ms]
      [Ref Enq: 0.0 ms]
      [Free CSet: 0.1 ms]
   [Eden: 26.0M(26.0M)->0.0B(17.0M) Survivors: 9216.0K->5120.0K Heap: 202.0M(256.0M)->194.0M(256.0M)]
 [Times: user=0.03 sys=0.00, real=0.02 secs] 
2014-07-10T16:12:56.913+0200: 27.898: [GC concurrent-root-region-scan-start]
2014-07-10T16:12:56.913+0200: 27.899: [GC concurrent-root-region-scan-end, 0.0000880 secs]
2014-07-10T16:12:56.913+0200: 27.899: [GC concurrent-mark-start]
2014-07-10T16:12:56.918+0200: 27.904: [GC concurrent-mark-end, 0.0057773 secs]
2014-07-10T16:12:56.919+0200: 27.904: [GC remark 2014-07-10T16:12:56.919+0200: 27.905: [GC ref-proc, 0.0000726 secs], 0.0012289 secs]
 [Times: user=0.00 sys=0.00, real=0.00 secs] 
2014-07-10T16:12:56.920+0200: 27.906: [GC cleanup 198M->91M(256M), 0.0008198 secs]
 [Times: user=0.00 sys=0.00, real=0.00 secs] 
2014-07-10T16:12:56.921+0200: 27.907: [GC concurrent-cleanup-start]
2014-07-10T16:12:56.921+0200: 27.907: [GC concurrent-cleanup-end, 0.0002159 secs]
2014-07-10T16:12:56.940+0200: 27.926: [GC pause (young), 0.0144707 secs]
   [Parallel Time: 14.2 ms, GC Workers: 2]
      [GC Worker Start (ms): Min: 27925.6, Avg: 27925.6, Max: 27925.6, Diff: 0.0]
      [Ext Root Scanning (ms): Min: 1.0, Avg: 1.1, Max: 1.1, Diff: 0.1, Sum: 2.1]
      [Update RS (ms): Min: 0.3, Avg: 0.4, Max: 0.5, Diff: 0.1, Sum: 0.8]
         [Processed Buffers: Min: 2, Avg: 3.0, Max: 4, Diff: 2, Sum: 6]
      [Scan RS (ms): Min: 0.0, Avg: 0.0, Max: 0.1, Diff: 0.0, Sum: 0.1]
      [Code Root Scanning (ms): Min: 0.0, Avg: 0.0, Max: 0.0, Diff: 0.0, Sum: 0.0]
      [Object Copy (ms): Min: 11.3, Avg: 11.9, Max: 12.6, Diff: 1.4, Sum: 23.9]
      [Termination (ms): Min: 0.0, Avg: 0.7, Max: 1.3, Diff: 1.3, Sum: 1.3]
      [GC Worker Other (ms): Min: 0.0, Avg: 0.0, Max: 0.0, Diff: 0.0, Sum: 0.1]
      [GC Worker Total (ms): Min: 14.1, Avg: 14.1, Max: 14.1, Diff: 0.0, Sum: 28.3]
      [GC Worker End (ms): Min: 27939.8, Avg: 27939.8, Max: 27939.8, Diff: 0.0]
   [Code Root Fixup: 0.0 ms]
   [Code Root Migration: 0.0 ms]
   [Clear CT: 0.0 ms]
   [Other: 0.3 ms]
      [Choose CSet: 0.0 ms]
      [Ref Proc: 0.1 ms]
      [Ref Enq: 0.0 ms]
      [Free CSet: 0.1 ms]
   [Eden: 17.0M(17.0M)->0.0B(9216.0K) Survivors: 5120.0K->3072.0K Heap: 104.0M(256.0M)->99.5M(256.0M)]
 [Times: user=0.02 sys=0.00, real=0.01 secs] 
2014-07-10T16:12:56.967+0200: 27.953: [GC pause (mixed), 0.0088551 secs]
   [Parallel Time: 8.5 ms, GC Workers: 2]
      [GC Worker Start (ms): Min: 27952.8, Avg: 27952.9, Max: 27953.0, Diff: 0.2]
      [Ext Root Scanning (ms): Min: 1.0, Avg: 1.1, Max: 1.2, Diff: 0.2, Sum: 2.1]
      [Update RS (ms): Min: 0.3, Avg: 0.3, Max: 0.3, Diff: 0.1, Sum: 0.6]
         [Processed Buffers: Min: 2, Avg: 2.5, Max: 3, Diff: 1, Sum: 5]
      [Scan RS (ms): Min: 0.1, Avg: 0.1, Max: 0.1, Diff: 0.0, Sum: 0.2]
      [Code Root Scanning (ms): Min: 0.0, Avg: 0.0, Max: 0.1, Diff: 0.0, Sum: 0.1]
      [Object Copy (ms): Min: 6.8, Avg: 6.8, Max: 6.8, Diff: 0.0, Sum: 13.7]
      [Termination (ms): Min: 0.0, Avg: 0.0, Max: 0.0, Diff: 0.0, Sum: 0.0]
      [GC Worker Other (ms): Min: 0.0, Avg: 0.0, Max: 0.0, Diff: 0.0, Sum: 0.1]
      [GC Worker Total (ms): Min: 8.2, Avg: 8.3, Max: 8.4, Diff: 0.2, Sum: 16.7]
      [GC Worker End (ms): Min: 27961.3, Avg: 27961.3, Max: 27961.3, Diff: 0.0]
   [Code Root Fixup: 0.0 ms]
   [Code Root Migration: 0.0 ms]
   [Clear CT: 0.1 ms]
   [Other: 0.3 ms]
      [Choose CSet: 0.0 ms]
      [Ref Proc: 0.1 ms]
      [Ref Enq: 0.0 ms]
      [Free CSet: 0.1 ms]
   [Eden: 9216.0K(9216.0K)->0.0B(70.0M) Survivors: 3072.0K->2048.0K Heap: 108.5M(256.0M)->95.5M(256.0M)]
 [Times: user=0.00 sys=0.00, real=0.01 secs] 
2014-07-10T16:12:57.092+0200: 28.078: [GC pause (young), 0.0463169 secs]
   [Parallel Time: 45.8 ms, GC Workers: 2]
      [GC Worker Start (ms): Min: 28077.9, Avg: 28077.9, Max: 28077.9, Diff: 0.0]
      [Ext Root Scanning (ms): Min: 1.0, Avg: 1.0, Max: 1.1, Diff: 0.1, Sum: 2.0]
      [Update RS (ms): Min: 0.4, Avg: 0.4, Max: 0.5, Diff: 0.1, Sum: 0.8]
         [Processed Buffers: Min: 1, Avg: 3.0, Max: 5, Diff: 4, Sum: 6]
      [Scan RS (ms): Min: 0.1, Avg: 0.1, Max: 0.1, Diff: 0.0, Sum: 0.2]
      [Code Root Scanning (ms): Min: 0.0, Avg: 0.0, Max: 0.1, Diff: 0.0, Sum: 0.1]
      [Object Copy (ms): Min: 44.2, Avg: 44.2, Max: 44.2, Diff: 0.0, Sum: 88.3]
      [Termination (ms): Min: 0.0, Avg: 0.0, Max: 0.0, Diff: 0.0, Sum: 0.0]
      [GC Worker Other (ms): Min: 0.0, Avg: 0.0, Max: 0.0, Diff: 0.0, Sum: 0.1]
      [GC Worker Total (ms): Min: 45.8, Avg: 45.8, Max: 45.8, Diff: 0.0, Sum: 91.6]
      [GC Worker End (ms): Min: 28123.7, Avg: 28123.7, Max: 28123.7, Diff: 0.0]
   [Code Root Fixup: 0.0 ms]
   [Code Root Migration: 0.0 ms]
   [Clear CT: 0.1 ms]
   [Other: 0.4 ms]
      [Choose CSet: 0.0 ms]
      [Ref Proc: 0.0 ms]
      [Ref Enq: 0.0 ms]
      [Free CSet: 0.1 ms]
   [Eden: 70.0M(70.0M)->0.0B(27.0M) Survivors: 2048.0K->9216.0K Heap: 165.5M(256.0M)->174.0M(256.0M)]
 [Times: user=0.09 sys=0.00, real=0.05 secs] 
2014-07-10T16:12:57.182+0200: 28.168: [GC pause (young) (initial-mark), 0.0186766 secs]
   [Parallel Time: 18.3 ms, GC Workers: 2]
      [GC Worker Start (ms): Min: 28167.8, Avg: 28167.8, Max: 28167.8, Diff: 0.0]
      [Ext Root Scanning (ms): Min: 1.1, Avg: 1.1, Max: 1.1, Diff: 0.0, Sum: 2.2]
      [Code Root Marking (ms): Min: 0.1, Avg: 0.1, Max: 0.1, Diff: 0.0, Sum: 0.1]
      [Update RS (ms): Min: 0.9, Avg: 0.9, Max: 0.9, Diff: 0.0, Sum: 1.8]
         [Processed Buffers: Min: 4, Avg: 5.0, Max: 6, Diff: 2, Sum: 10]
      [Scan RS (ms): Min: 0.0, Avg: 0.0, Max: 0.1, Diff: 0.0, Sum: 0.1]
      [Code Root Scanning (ms): Min: 0.0, Avg: 0.0, Max: 0.0, Diff: 0.0, Sum: 0.0]
      [Object Copy (ms): Min: 16.0, Avg: 16.0, Max: 16.0, Diff: 0.0, Sum: 32.0]
      [Termination (ms): Min: 0.0, Avg: 0.0, Max: 0.0, Diff: 0.0, Sum: 0.0]
      [GC Worker Other (ms): Min: 0.0, Avg: 0.0, Max: 0.0, Diff: 0.0, Sum: 0.1]
      [GC Worker Total (ms): Min: 18.2, Avg: 18.2, Max: 18.2, Diff: 0.0, Sum: 36.4]
      [GC Worker End (ms): Min: 28185.9, Avg: 28186.0, Max: 28186.0, Diff: 0.0]
   [Code Root Fixup: 0.0 ms]
   [Code Root Migration: 0.0 ms]
   [Clear CT: 0.1 ms]
   [Other: 0.3 ms]
      [Choose CSet: 0.0 ms]
      [Ref Proc: 0.0 ms]
      [Ref Enq: 0.0 ms]
      [Free CSet: 0.1 ms]
   [Eden: 27.0M(27.0M)->0.0B(18.0M) Survivors: 9216.0K->5120.0K Heap: 201.0M(256.0M)->192.0M(256.0M)]
 [Times: user=0.03 sys=0.00, real=0.02 secs] 
2014-07-10T16:12:57.201+0200: 28.187: [GC concurrent-root-region-scan-start]
2014-07-10T16:12:57.201+0200: 28.187: [GC concurrent-root-region-scan-end, 0.0001276 secs]
2014-07-10T16:12:57.201+0200: 28.187: [GC concurrent-mark-start]
2014-07-10T16:12:57.205+0200: 28.191: [GC concurrent-mark-end, 0.0036894 secs]
2014-07-10T16:12:57.205+0200: 28.191: [GC remark 2014-07-10T16:12:57.205+0200: 28.191: [GC ref-proc, 0.0001078 secs], 0.0010889 secs]
 [Times: user=0.00 sys=0.00, real=0.00 secs] 
2014-07-10T16:12:57.207+0200: 28.193: [GC cleanup 196M->87M(256M), 0.0008264 secs]
 [Times: user=0.00 sys=0.00, real=0.00 secs] 
2014-07-10T16:12:57.208+0200: 28.194: [GC concurrent-cleanup-start]
2014-07-10T16:12:57.208+0200: 28.194: [GC concurrent-cleanup-end, 0.0001712 secs]
2014-07-10T16:12:57.230+0200: 28.216: [GC pause (young), 0.0134288 secs]
   [Parallel Time: 13.1 ms, GC Workers: 2]
      [GC Worker Start (ms): Min: 28215.6, Avg: 28215.6, Max: 28215.6, Diff: 0.0]
      [Ext Root Scanning (ms): Min: 1.0, Avg: 1.0, Max: 1.0, Diff: 0.0, Sum: 2.0]
      [Update RS (ms): Min: 0.4, Avg: 0.4, Max: 0.4, Diff: 0.0, Sum: 0.8]
         [Processed Buffers: Min: 2, Avg: 3.5, Max: 5, Diff: 3, Sum: 7]
      [Scan RS (ms): Min: 0.0, Avg: 0.0, Max: 0.0, Diff: 0.0, Sum: 0.1]
      [Code Root Scanning (ms): Min: 0.0, Avg: 0.0, Max: 0.0, Diff: 0.0, Sum: 0.0]
      [Object Copy (ms): Min: 11.6, Avg: 11.6, Max: 11.6, Diff: 0.0, Sum: 23.2]
      [Termination (ms): Min: 0.0, Avg: 0.0, Max: 0.0, Diff: 0.0, Sum: 0.0]
      [GC Worker Other (ms): Min: 0.0, Avg: 0.0, Max: 0.0, Diff: 0.0, Sum: 0.1]
      [GC Worker Total (ms): Min: 13.1, Avg: 13.1, Max: 13.1, Diff: 0.0, Sum: 26.2]
      [GC Worker End (ms): Min: 28228.7, Avg: 28228.7, Max: 28228.7, Diff: 0.0]
   [Code Root Fixup: 0.0 ms]
   [Code Root Migration: 0.0 ms]
   [Clear CT: 0.0 ms]
   [Other: 0.3 ms]
      [Choose CSet: 0.0 ms]
      [Ref Proc: 0.0 ms]
      [Ref Enq: 0.0 ms]
      [Free CSet: 0.1 ms]
   [Eden: 18.0M(18.0M)->0.0B(9216.0K) Survivors: 5120.0K->3072.0K Heap: 101.0M(256.0M)->99.5M(256.0M)]
 [Times: user=0.03 sys=0.00, real=0.01 secs] 
2014-07-10T16:12:57.256+0200: 28.242: [GC pause (mixed), 0.0071499 secs]
   [Parallel Time: 6.8 ms, GC Workers: 2]
      [GC Worker Start (ms): Min: 28241.7, Avg: 28241.7, Max: 28241.7, Diff: 0.0]
      [Ext Root Scanning (ms): Min: 0.9, Avg: 0.9, Max: 0.9, Diff: 0.1, Sum: 1.8]
      [Update RS (ms): Min: 0.3, Avg: 0.3, Max: 0.3, Diff: 0.0, Sum: 0.6]
         [Processed Buffers: Min: 2, Avg: 3.0, Max: 4, Diff: 2, Sum: 6]
      [Scan RS (ms): Min: 0.1, Avg: 0.1, Max: 0.1, Diff: 0.0, Sum: 0.1]
      [Code Root Scanning (ms): Min: 0.0, Avg: 0.0, Max: 0.0, Diff: 0.0, Sum: 0.0]
      [Object Copy (ms): Min: 5.3, Avg: 5.4, Max: 5.4, Diff: 0.1, Sum: 10.7]
      [Termination (ms): Min: 0.0, Avg: 0.1, Max: 0.2, Diff: 0.2, Sum: 0.2]
      [GC Worker Other (ms): Min: 0.0, Avg: 0.0, Max: 0.0, Diff: 0.0, Sum: 0.0]
      [GC Worker Total (ms): Min: 6.7, Avg: 6.8, Max: 6.8, Diff: 0.1, Sum: 13.5]
      [GC Worker End (ms): Min: 28248.4, Avg: 28248.5, Max: 28248.5, Diff: 0.1]
   [Code Root Fixup: 0.0 ms]
   [Code Root Migration: 0.0 ms]
   [Clear CT: 0.0 ms]
   [Other: 0.3 ms]
      [Choose CSet: 0.0 ms]
      [Ref Proc: 0.0 ms]
      [Ref Enq: 0.0 ms]
      [Free CSet: 0.1 ms]
   [Eden: 9216.0K(9216.0K)->0.0B(69.0M) Survivors: 3072.0K->2048.0K Heap: 108.5M(256.0M)->99.0M(256.0M)]
 [Times: user=0.03 sys=0.00, real=0.01 secs] 
2014-07-10T16:12:57.379+0200: 28.365: [GC pause (young), 0.0459701 secs]
   [Parallel Time: 45.5 ms, GC Workers: 2]
      [GC Worker Start (ms): Min: 28364.9, Avg: 28364.9, Max: 28364.9, Diff: 0.0]
      [Ext Root Scanning (ms): Min: 1.2, Avg: 1.2, Max: 1.3, Diff: 0.2, Sum: 2.5]
      [Update RS (ms): Min: 0.3, Avg: 0.4, Max: 0.5, Diff: 0.2, Sum: 0.8]
         [Processed Buffers: Min: 2, Avg: 2.5, Max: 3, Diff: 1, Sum: 5]
      [Scan RS (ms): Min: 0.1, Avg: 0.1, Max: 0.1, Diff: 0.0, Sum: 0.2]
      [Code Root Scanning (ms): Min: 0.0, Avg: 0.0, Max: 0.0, Diff: 0.0, Sum: 0.1]
      [Object Copy (ms): Min: 43.6, Avg: 43.6, Max: 43.6, Diff: 0.0, Sum: 87.3]
      [Termination (ms): Min: 0.0, Avg: 0.0, Max: 0.0, Diff: 0.0, Sum: 0.0]
      [GC Worker Other (ms): Min: 0.0, Avg: 0.0, Max: 0.0, Diff: 0.0, Sum: 0.1]
      [GC Worker Total (ms): Min: 45.4, Avg: 45.5, Max: 45.5, Diff: 0.0, Sum: 90.9]
      [GC Worker End (ms): Min: 28410.3, Avg: 28410.3, Max: 28410.3, Diff: 0.0]
   [Code Root Fixup: 0.0 ms]
   [Code Root Migration: 0.0 ms]
   [Clear CT: 0.1 ms]
   [Other: 0.4 ms]
      [Choose CSet: 0.0 ms]
      [Ref Proc: 0.0 ms]
      [Ref Enq: 0.0 ms]
      [Free CSet: 0.1 ms]
   [Eden: 69.0M(69.0M)->0.0B(26.0M) Survivors: 2048.0K->9216.0K Heap: 168.0M(256.0M)->177.0M(256.0M)]
 [Times: user=0.09 sys=0.00, real=0.05 secs] 
2014-07-10T16:12:57.467+0200: 28.453: [GC pause (young) (initial-mark), 0.0181659 secs]
   [Parallel Time: 17.7 ms, GC Workers: 2]
      [GC Worker Start (ms): Min: 28452.8, Avg: 28452.8, Max: 28452.8, Diff: 0.0]
      [Ext Root Scanning (ms): Min: 1.1, Avg: 1.1, Max: 1.2, Diff: 0.0, Sum: 2.3]
      [Code Root Marking (ms): Min: 0.1, Avg: 0.1, Max: 0.1, Diff: 0.0, Sum: 0.1]
      [Update RS (ms): Min: 1.0, Avg: 1.0, Max: 1.1, Diff: 0.0, Sum: 2.1]
         [Processed Buffers: Min: 4, Avg: 5.0, Max: 6, Diff: 2, Sum: 10]
      [Scan RS (ms): Min: 0.0, Avg: 0.0, Max: 0.1, Diff: 0.0, Sum: 0.1]
      [Code Root Scanning (ms): Min: 0.0, Avg: 0.0, Max: 0.0, Diff: 0.0, Sum: 0.0]
      [Object Copy (ms): Min: 15.3, Avg: 15.3, Max: 15.3, Diff: 0.1, Sum: 30.6]
      [Termination (ms): Min: 0.0, Avg: 0.0, Max: 0.0, Diff: 0.0, Sum: 0.0]
      [GC Worker Other (ms): Min: 0.0, Avg: 0.0, Max: 0.0, Diff: 0.0, Sum: 0.1]
      [GC Worker Total (ms): Min: 17.7, Avg: 17.7, Max: 17.7, Diff: 0.0, Sum: 35.4]
      [GC Worker End (ms): Min: 28470.4, Avg: 28470.4, Max: 28470.4, Diff: 0.0]
   [Code Root Fixup: 0.0 ms]
   [Code Root Migration: 0.0 ms]
   [Clear CT: 0.1 ms]
   [Other: 0.3 ms]
      [Choose CSet: 0.0 ms]
      [Ref Proc: 0.0 ms]
      [Ref Enq: 0.0 ms]
      [Free CSet: 0.1 ms]
   [Eden: 26.0M(26.0M)->0.0B(17.0M) Survivors: 9216.0K->5120.0K Heap: 203.0M(256.0M)->195.5M(256.0M)]
 [Times: user=0.03 sys=0.00, real=0.02 secs] 
2014-07-10T16:12:57.485+0200: 28.471: [GC concurrent-root-region-scan-start]
2014-07-10T16:12:57.485+0200: 28.471: [GC concurrent-root-region-scan-end, 0.0000997 secs]
2014-07-10T16:12:57.485+0200: 28.471: [GC concurrent-mark-start]
2014-07-10T16:12:57.490+0200: 28.476: [GC concurrent-mark-end, 0.0049817 secs]
2014-07-10T16:12:57.491+0200: 28.476: [GC remark 2014-07-10T16:12:57.491+0200: 28.477: [GC ref-proc, 0.0000642 secs], 0.0010196 secs]
 [Times: user=0.03 sys=0.00, real=0.00 secs] 
2014-07-10T16:12:57.492+0200: 28.478: [GC cleanup 200M->89M(256M), 0.0007853 secs]
 [Times: user=0.00 sys=0.00, real=0.00 secs] 
2014-07-10T16:12:57.493+0200: 28.478: [GC concurrent-cleanup-start]
2014-07-10T16:12:57.493+0200: 28.479: [GC concurrent-cleanup-end, 0.0002262 secs]
2014-07-10T16:12:57.513+0200: 28.499: [GC pause (young), 0.0123557 secs]
   [Parallel Time: 12.0 ms, GC Workers: 2]
      [GC Worker Start (ms): Min: 28498.6, Avg: 28498.6, Max: 28498.6, Diff: 0.0]
      [Ext Root Scanning (ms): Min: 1.1, Avg: 1.1, Max: 1.2, Diff: 0.1, Sum: 2.3]
      [Update RS (ms): Min: 0.4, Avg: 0.4, Max: 0.4, Diff: 0.0, Sum: 0.9]
         [Processed Buffers: Min: 2, Avg: 3.5, Max: 5, Diff: 3, Sum: 7]
      [Scan RS (ms): Min: 0.0, Avg: 0.0, Max: 0.0, Diff: 0.0, Sum: 0.1]
      [Code Root Scanning (ms): Min: 0.0, Avg: 0.0, Max: 0.0, Diff: 0.0, Sum: 0.0]
      [Object Copy (ms): Min: 10.3, Avg: 10.3, Max: 10.3, Diff: 0.0, Sum: 20.7]
      [Termination (ms): Min: 0.0, Avg: 0.0, Max: 0.0, Diff: 0.0, Sum: 0.0]
      [GC Worker Other (ms): Min: 0.0, Avg: 0.0, Max: 0.0, Diff: 0.0, Sum: 0.1]
      [GC Worker Total (ms): Min: 12.0, Avg: 12.0, Max: 12.0, Diff: 0.0, Sum: 24.0]
      [GC Worker End (ms): Min: 28510.6, Avg: 28510.6, Max: 28510.6, Diff: 0.0]
   [Code Root Fixup: 0.0 ms]
   [Code Root Migration: 0.0 ms]
   [Clear CT: 0.0 ms]
   [Other: 0.2 ms]
      [Choose CSet: 0.0 ms]
      [Ref Proc: 0.1 ms]
      [Ref Enq: 0.0 ms]
      [Free CSet: 0.1 ms]
   [Eden: 17.0M(17.0M)->0.0B(9216.0K) Survivors: 5120.0K->3072.0K Heap: 101.5M(256.0M)->97.0M(256.0M)]
 [Times: user=0.03 sys=0.00, real=0.01 secs] 
2014-07-10T16:12:57.538+0200: 28.524: [GC pause (mixed), 0.0095763 secs]
   [Parallel Time: 9.2 ms, GC Workers: 2]
      [GC Worker Start (ms): Min: 28524.1, Avg: 28524.1, Max: 28524.1, Diff: 0.0]
      [Ext Root Scanning (ms): Min: 1.1, Avg: 1.2, Max: 1.2, Diff: 0.1, Sum: 2.3]
      [Update RS (ms): Min: 0.3, Avg: 0.3, Max: 0.3, Diff: 0.0, Sum: 0.6]
         [Processed Buffers: Min: 1, Avg: 3.0, Max: 5, Diff: 4, Sum: 6]
      [Scan RS (ms): Min: 0.1, Avg: 0.1, Max: 0.1, Diff: 0.0, Sum: 0.2]
      [Code Root Scanning (ms): Min: 0.0, Avg: 0.0, Max: 0.0, Diff: 0.0, Sum: 0.0]
      [Object Copy (ms): Min: 7.5, Avg: 7.5, Max: 7.5, Diff: 0.0, Sum: 15.0]
      [Termination (ms): Min: 0.0, Avg: 0.0, Max: 0.0, Diff: 0.0, Sum: 0.0]
      [GC Worker Other (ms): Min: 0.0, Avg: 0.0, Max: 0.0, Diff: 0.0, Sum: 0.1]
      [GC Worker Total (ms): Min: 9.1, Avg: 9.1, Max: 9.1, Diff: 0.0, Sum: 18.3]
      [GC Worker End (ms): Min: 28533.2, Avg: 28533.2, Max: 28533.2, Diff: 0.0]
   [Code Root Fixup: 0.0 ms]
   [Code Root Migration: 0.0 ms]
   [Clear CT: 0.1 ms]
   [Other: 0.3 ms]
      [Choose CSet: 0.0 ms]
      [Ref Proc: 0.0 ms]
      [Ref Enq: 0.0 ms]
      [Free CSet: 0.1 ms]
   [Eden: 9216.0K(9216.0K)->0.0B(73.0M) Survivors: 3072.0K->2048.0K Heap: 106.0M(256.0M)->96.5M(256.0M)]
 [Times: user=0.03 sys=0.00, real=0.01 secs] 
2014-07-10T16:12:57.669+0200: 28.655: [GC pause (young), 0.0491289 secs]
   [Parallel Time: 48.5 ms, GC Workers: 2]
      [GC Worker Start (ms): Min: 28655.0, Avg: 28655.0, Max: 28655.0, Diff: 0.0]
      [Ext Root Scanning (ms): Min: 1.4, Avg: 1.6, Max: 1.7, Diff: 0.4, Sum: 3.1]
      [Update RS (ms): Min: 0.4, Avg: 0.4, Max: 0.5, Diff: 0.1, Sum: 0.9]
         [Processed Buffers: Min: 1, Avg: 3.0, Max: 5, Diff: 4, Sum: 6]
      [Scan RS (ms): Min: 0.1, Avg: 0.1, Max: 0.2, Diff: 0.1, Sum: 0.3]
      [Code Root Scanning (ms): Min: 0.0, Avg: 0.0, Max: 0.1, Diff: 0.0, Sum: 0.1]
      [Object Copy (ms): Min: 46.1, Avg: 46.2, Max: 46.2, Diff: 0.1, Sum: 92.4]
      [Termination (ms): Min: 0.0, Avg: 0.0, Max: 0.0, Diff: 0.0, Sum: 0.0]
      [GC Worker Other (ms): Min: 0.0, Avg: 0.1, Max: 0.2, Diff: 0.2, Sum: 0.2]
      [GC Worker Total (ms): Min: 48.5, Avg: 48.5, Max: 48.5, Diff: 0.0, Sum: 97.0]
      [GC Worker End (ms): Min: 28703.5, Avg: 28703.5, Max: 28703.5, Diff: 0.0]
   [Code Root Fixup: 0.0 ms]
   [Code Root Migration: 0.0 ms]
   [Clear CT: 0.1 ms]
   [Other: 0.5 ms]
      [Choose CSet: 0.0 ms]
      [Ref Proc: 0.2 ms]
      [Ref Enq: 0.0 ms]
      [Free CSet: 0.1 ms]
   [Eden: 73.0M(73.0M)->0.0B(24.0M) Survivors: 2048.0K->10.0M Heap: 169.5M(256.0M)->180.0M(256.0M)]
 [Times: user=0.09 sys=0.00, real=0.05 secs] 
2014-07-10T16:12:57.756+0200: 28.742: [GC pause (young) (initial-mark), 0.0167090 secs]
   [Parallel Time: 16.3 ms, GC Workers: 2]
      [GC Worker Start (ms): Min: 28742.1, Avg: 28742.1, Max: 28742.1, Diff: 0.0]
      [Ext Root Scanning (ms): Min: 0.9, Avg: 1.0, Max: 1.0, Diff: 0.0, Sum: 1.9]
      [Code Root Marking (ms): Min: 0.0, Avg: 0.1, Max: 0.1, Diff: 0.0, Sum: 0.1]
      [Update RS (ms): Min: 1.0, Avg: 1.0, Max: 1.0, Diff: 0.0, Sum: 2.0]
         [Processed Buffers: Min: 5, Avg: 6.0, Max: 7, Diff: 2, Sum: 12]
      [Scan RS (ms): Min: 0.0, Avg: 0.0, Max: 0.0, Diff: 0.0, Sum: 0.1]
      [Code Root Scanning (ms): Min: 0.0, Avg: 0.0, Max: 0.0, Diff: 0.0, Sum: 0.0]
      [Object Copy (ms): Min: 14.0, Avg: 14.1, Max: 14.1, Diff: 0.0, Sum: 28.1]
      [Termination (ms): Min: 0.0, Avg: 0.0, Max: 0.0, Diff: 0.0, Sum: 0.0]
      [GC Worker Other (ms): Min: 0.0, Avg: 0.0, Max: 0.0, Diff: 0.0, Sum: 0.1]
      [GC Worker Total (ms): Min: 16.2, Avg: 16.2, Max: 16.2, Diff: 0.0, Sum: 32.3]
      [GC Worker End (ms): Min: 28758.2, Avg: 28758.2, Max: 28758.2, Diff: 0.0]
   [Code Root Fixup: 0.0 ms]
   [Code Root Migration: 0.0 ms]
   [Clear CT: 0.1 ms]
   [Other: 0.4 ms]
      [Choose CSet: 0.0 ms]
      [Ref Proc: 0.0 ms]
      [Ref Enq: 0.0 ms]
      [Free CSet: 0.1 ms]
   [Eden: 24.0M(24.0M)->0.0B(17.0M) Survivors: 10.0M->5120.0K Heap: 204.0M(256.0M)->194.0M(256.0M)]
 [Times: user=0.05 sys=0.00, real=0.02 secs] 
2014-07-10T16:12:57.773+0200: 28.759: [GC concurrent-root-region-scan-start]
2014-07-10T16:12:57.773+0200: 28.759: [GC concurrent-root-region-scan-end, 0.0000917 secs]
2014-07-10T16:12:57.773+0200: 28.759: [GC concurrent-mark-start]
2014-07-10T16:12:57.778+0200: 28.764: [GC concurrent-mark-end, 0.0042991 secs]
2014-07-10T16:12:57.784+0200: 28.770: [GC remark 2014-07-10T16:12:57.784+0200: 28.770: [GC ref-proc, 0.0000660 secs], 0.0010405 secs]
 [Times: user=0.00 sys=0.00, real=0.00 secs] 
2014-07-10T16:12:57.791+0200: 28.777: [GC cleanup 200M->91M(256M), 0.0009100 secs]
 [Times: user=0.00 sys=0.00, real=0.00 secs] 
2014-07-10T16:12:57.793+0200: 28.778: [GC concurrent-cleanup-start]
2014-07-10T16:12:57.793+0200: 28.779: [GC concurrent-cleanup-end, 0.0002427 secs]
2014-07-10T16:12:57.808+0200: 28.794: [GC pause (young), 0.0118361 secs]
   [Parallel Time: 11.4 ms, GC Workers: 2]
      [GC Worker Start (ms): Min: 28793.6, Avg: 28793.6, Max: 28793.6, Diff: 0.0]
      [Ext Root Scanning (ms): Min: 0.9, Avg: 1.0, Max: 1.0, Diff: 0.1, Sum: 1.9]
      [Update RS (ms): Min: 0.3, Avg: 0.4, Max: 0.4, Diff: 0.1, Sum: 0.7]
         [Processed Buffers: Min: 2, Avg: 3.0, Max: 4, Diff: 2, Sum: 6]
      [Scan RS (ms): Min: 0.0, Avg: 0.0, Max: 0.0, Diff: 0.0, Sum: 0.1]
      [Code Root Scanning (ms): Min: 0.0, Avg: 0.0, Max: 0.0, Diff: 0.0, Sum: 0.0]
      [Object Copy (ms): Min: 10.0, Avg: 10.0, Max: 10.0, Diff: 0.0, Sum: 20.0]
      [Termination (ms): Min: 0.0, Avg: 0.0, Max: 0.0, Diff: 0.0, Sum: 0.0]
      [GC Worker Other (ms): Min: 0.0, Avg: 0.0, Max: 0.0, Diff: 0.0, Sum: 0.1]
      [GC Worker Total (ms): Min: 11.4, Avg: 11.4, Max: 11.4, Diff: 0.0, Sum: 22.8]
      [GC Worker End (ms): Min: 28805.0, Avg: 28805.0, Max: 28805.0, Diff: 0.0]
   [Code Root Fixup: 0.0 ms]
   [Code Root Migration: 0.0 ms]
   [Clear CT: 0.2 ms]
   [Other: 0.2 ms]
      [Choose CSet: 0.0 ms]
      [Ref Proc: 0.0 ms]
      [Ref Enq: 0.0 ms]
      [Free CSet: 0.1 ms]
   [Eden: 17.0M(17.0M)->0.0B(9216.0K) Survivors: 5120.0K->3072.0K Heap: 102.0M(256.0M)->98.0M(256.0M)]
 [Times: user=0.02 sys=0.00, real=0.01 secs] 
2014-07-10T16:12:57.833+0200: 28.819: [GC pause (mixed), 0.0096840 secs]
   [Parallel Time: 9.2 ms, GC Workers: 2]
      [GC Worker Start (ms): Min: 28818.7, Avg: 28818.7, Max: 28818.7, Diff: 0.0]
      [Ext Root Scanning (ms): Min: 0.9, Avg: 1.0, Max: 1.0, Diff: 0.1, Sum: 1.9]
      [Update RS (ms): Min: 0.3, Avg: 0.3, Max: 0.3, Diff: 0.0, Sum: 0.5]
         [Processed Buffers: Min: 1, Avg: 2.5, Max: 4, Diff: 3, Sum: 5]
      [Scan RS (ms): Min: 0.0, Avg: 0.1, Max: 0.1, Diff: 0.1, Sum: 0.2]
      [Code Root Scanning (ms): Min: 0.0, Avg: 0.0, Max: 0.0, Diff: 0.0, Sum: 0.0]
      [Object Copy (ms): Min: 7.8, Avg: 7.8, Max: 7.8, Diff: 0.1, Sum: 15.6]
      [Termination (ms): Min: 0.0, Avg: 0.0, Max: 0.0, Diff: 0.0, Sum: 0.0]
      [GC Worker Other (ms): Min: 0.0, Avg: 0.0, Max: 0.0, Diff: 0.0, Sum: 0.0]
      [GC Worker Total (ms): Min: 9.1, Avg: 9.1, Max: 9.2, Diff: 0.0, Sum: 18.3]
      [GC Worker End (ms): Min: 28827.9, Avg: 28827.9, Max: 28827.9, Diff: 0.0]
   [Code Root Fixup: 0.0 ms]
   [Code Root Migration: 0.0 ms]
   [Clear CT: 0.1 ms]
   [Other: 0.4 ms]
      [Choose CSet: 0.0 ms]
      [Ref Proc: 0.1 ms]
      [Ref Enq: 0.0 ms]
      [Free CSet: 0.2 ms]
   [Eden: 9216.0K(9216.0K)->0.0B(77.0M) Survivors: 3072.0K->2048.0K Heap: 107.0M(256.0M)->96.5M(256.0M)]
 [Times: user=0.02 sys=0.00, real=0.01 secs] 
2014-07-10T16:12:57.970+0200: 28.956: [GC pause (young) (to-space exhausted), 0.0501122 secs]
   [Parallel Time: 48.3 ms, GC Workers: 2]
      [GC Worker Start (ms): Min: 28956.1, Avg: 28956.4, Max: 28956.6, Diff: 0.5]
      [Ext Root Scanning (ms): Min: 0.8, Avg: 1.1, Max: 1.4, Diff: 0.7, Sum: 2.2]
      [Update RS (ms): Min: 0.4, Avg: 0.4, Max: 0.5, Diff: 0.2, Sum: 0.9]
         [Processed Buffers: Min: 2, Avg: 2.5, Max: 3, Diff: 1, Sum: 5]
      [Scan RS (ms): Min: 0.1, Avg: 0.1, Max: 0.1, Diff: 0.0, Sum: 0.2]
      [Code Root Scanning (ms): Min: 0.1, Avg: 0.1, Max: 0.1, Diff: 0.0, Sum: 0.1]
      [Object Copy (ms): Min: 46.2, Avg: 46.2, Max: 46.2, Diff: 0.0, Sum: 92.5]
      [Termination (ms): Min: 0.0, Avg: 0.0, Max: 0.0, Diff: 0.0, Sum: 0.0]
      [GC Worker Other (ms): Min: 0.0, Avg: 0.0, Max: 0.0, Diff: 0.0, Sum: 0.1]
      [GC Worker Total (ms): Min: 47.7, Avg: 48.0, Max: 48.2, Diff: 0.5, Sum: 95.9]
      [GC Worker End (ms): Min: 29004.3, Avg: 29004.3, Max: 29004.3, Diff: 0.0]
   [Code Root Fixup: 0.0 ms]
   [Code Root Migration: 0.0 ms]
   [Clear CT: 0.1 ms]
   [Other: 1.7 ms]
      [Choose CSet: 0.0 ms]
      [Ref Proc: 0.0 ms]
      [Ref Enq: 0.0 ms]
      [Free CSet: 0.1 ms]
   [Eden: 77.0M(77.0M)->0.0B(2048.0K) Survivors: 2048.0K->10.0M Heap: 173.5M(256.0M)->243.5M(256.0M)]
 [Times: user=0.09 sys=0.00, real=0.05 secs] 
2014-07-10T16:12:58.024+0200: 29.010: [GC pause (young) (initial-mark) (to-space exhausted), 0.0092555 secs]
   [Parallel Time: 8.9 ms, GC Workers: 2]
      [GC Worker Start (ms): Min: 29009.9, Avg: 29010.6, Max: 29011.3, Diff: 1.4]
      [Ext Root Scanning (ms): Min: 0.3, Avg: 0.9, Max: 1.5, Diff: 1.2, Sum: 1.9]
      [Code Root Marking (ms): Min: 0.0, Avg: 0.1, Max: 0.1, Diff: 0.1, Sum: 0.1]
      [Update RS (ms): Min: 1.0, Avg: 1.0, Max: 1.1, Diff: 0.0, Sum: 2.1]
         [Processed Buffers: Min: 5, Avg: 7.0, Max: 9, Diff: 4, Sum: 14]
      [Scan RS (ms): Min: 0.0, Avg: 0.0, Max: 0.0, Diff: 0.0, Sum: 0.0]
      [Code Root Scanning (ms): Min: 0.0, Avg: 0.0, Max: 0.0, Diff: 0.0, Sum: 0.0]
      [Object Copy (ms): Min: 5.9, Avg: 6.1, Max: 6.2, Diff: 0.3, Sum: 12.1]
      [Termination (ms): Min: 0.0, Avg: 0.0, Max: 0.0, Diff: 0.0, Sum: 0.0]
      [GC Worker Other (ms): Min: 0.0, Avg: 0.0, Max: 0.0, Diff: 0.0, Sum: 0.0]
      [GC Worker Total (ms): Min: 7.4, Avg: 8.1, Max: 8.8, Diff: 1.4, Sum: 16.3]
      [GC Worker End (ms): Min: 29018.7, Avg: 29018.7, Max: 29018.7, Diff: 0.0]
   [Code Root Fixup: 0.0 ms]
   [Code Root Migration: 0.0 ms]
   [Clear CT: 0.0 ms]
   [Other: 0.3 ms]
      [Choose CSet: 0.0 ms]
      [Ref Proc: 0.0 ms]
      [Ref Enq: 0.0 ms]
      [Free CSet: 0.0 ms]
   [Eden: 2048.0K(2048.0K)->0.0B(10.0M) Survivors: 10.0M->2048.0K Heap: 245.5M(256.0M)->246.5M(256.0M)]
 [Times: user=0.00 sys=0.00, real=0.01 secs] 
2014-07-10T16:12:58.033+0200: 29.019: [GC concurrent-root-region-scan-start]
2014-07-10T16:12:58.033+0200: 29.019: [GC concurrent-root-region-scan-end, 0.0000759 secs]
2014-07-10T16:12:58.033+0200: 29.019: [GC concurrent-mark-start]
2014-07-10T16:12:58.039+0200: 29.025: [GC concurrent-mark-end, 0.0052629 secs]
2014-07-10T16:12:58.039+0200: 29.025: [GC remark 2014-07-10T16:12:58.039+0200: 29.025: [GC ref-proc, 0.0000931 secs], 0.0013811 secs]
 [Times: user=0.00 sys=0.00, real=0.00 secs] 
2014-07-10T16:12:58.041+0200: 29.027: [GC cleanup 250M->202M(256M), 0.0007508 secs]
 [Times: user=0.00 sys=0.00, real=0.00 secs] 
2014-07-10T16:12:58.042+0200: 29.027: [GC concurrent-cleanup-start]
2014-07-10T16:12:58.042+0200: 29.028: [GC concurrent-cleanup-end, 0.0000946 secs]
2014-07-10T16:12:58.051+0200: 29.037: [GC pause (young), 0.0077043 secs]
   [Parallel Time: 7.4 ms, GC Workers: 2]
      [GC Worker Start (ms): Min: 29036.6, Avg: 29036.6, Max: 29036.6, Diff: 0.0]
      [Ext Root Scanning (ms): Min: 1.1, Avg: 1.1, Max: 1.1, Diff: 0.0, Sum: 2.1]
      [Update RS (ms): Min: 0.2, Avg: 0.3, Max: 0.4, Diff: 0.2, Sum: 0.6]
         [Processed Buffers: Min: 2, Avg: 5.5, Max: 9, Diff: 7, Sum: 11]
      [Scan RS (ms): Min: 0.0, Avg: 0.0, Max: 0.0, Diff: 0.0, Sum: 0.0]
      [Code Root Scanning (ms): Min: 0.0, Avg: 0.0, Max: 0.0, Diff: 0.0, Sum: 0.0]
      [Object Copy (ms): Min: 5.8, Avg: 5.9, Max: 6.0, Diff: 0.1, Sum: 11.8]
      [Termination (ms): Min: 0.0, Avg: 0.0, Max: 0.0, Diff: 0.0, Sum: 0.0]
      [GC Worker Other (ms): Min: 0.0, Avg: 0.0, Max: 0.0, Diff: 0.0, Sum: 0.1]
      [GC Worker Total (ms): Min: 7.3, Avg: 7.3, Max: 7.3, Diff: 0.0, Sum: 14.6]
      [GC Worker End (ms): Min: 29043.9, Avg: 29043.9, Max: 29043.9, Diff: 0.0]
   [Code Root Fixup: 0.1 ms]
   [Code Root Migration: 0.0 ms]
   [Clear CT: 0.0 ms]
   [Other: 0.2 ms]
      [Choose CSet: 0.0 ms]
      [Ref Proc: 0.0 ms]
      [Ref Enq: 0.0 ms]
      [Free CSet: 0.0 ms]
   [Eden: 10.0M(10.0M)->0.0B(10.0M) Survivors: 2048.0K->2048.0K Heap: 208.5M(256.0M)->208.0M(256.0M)]
 [Times: user=0.03 sys=0.00, real=0.01 secs] 
2014-07-10T16:12:58.074+0200: 29.060: [GC pause (mixed), 0.0093343 secs]
   [Parallel Time: 8.9 ms, GC Workers: 2]
      [GC Worker Start (ms): Min: 29059.8, Avg: 29059.8, Max: 29059.8, Diff: 0.0]
      [Ext Root Scanning (ms): Min: 1.1, Avg: 1.1, Max: 1.1, Diff: 0.0, Sum: 2.2]
      [Update RS (ms): Min: 0.2, Avg: 0.2, Max: 0.2, Diff: 0.0, Sum: 0.4]
         [Processed Buffers: Min: 1, Avg: 3.0, Max: 5, Diff: 4, Sum: 6]
      [Scan RS (ms): Min: 0.1, Avg: 0.1, Max: 0.1, Diff: 0.0, Sum: 0.2]
      [Code Root Scanning (ms): Min: 0.0, Avg: 0.0, Max: 0.0, Diff: 0.0, Sum: 0.0]
      [Object Copy (ms): Min: 7.5, Avg: 7.5, Max: 7.5, Diff: 0.0, Sum: 14.9]
      [Termination (ms): Min: 0.0, Avg: 0.0, Max: 0.0, Diff: 0.0, Sum: 0.0]
      [GC Worker Other (ms): Min: 0.0, Avg: 0.0, Max: 0.0, Diff: 0.0, Sum: 0.1]
      [GC Worker Total (ms): Min: 8.9, Avg: 8.9, Max: 8.9, Diff: 0.0, Sum: 17.8]
      [GC Worker End (ms): Min: 29068.7, Avg: 29068.7, Max: 29068.7, Diff: 0.0]
   [Code Root Fixup: 0.0 ms]
   [Code Root Migration: 0.0 ms]
   [Clear CT: 0.0 ms]
   [Other: 0.3 ms]
      [Choose CSet: 0.0 ms]
      [Ref Proc: 0.0 ms]
      [Ref Enq: 0.0 ms]
      [Free CSet: 0.2 ms]
   [Eden: 10.0M(10.0M)->0.0B(10.0M) Survivors: 2048.0K->2048.0K Heap: 218.0M(256.0M)->194.0M(256.0M)]
 [Times: user=0.00 sys=0.00, real=0.01 secs] 
2014-07-10T16:12:58.098+0200: 29.084: [GC pause (mixed), 0.0100488 secs]
   [Parallel Time: 9.3 ms, GC Workers: 2]
      [GC Worker Start (ms): Min: 29083.8, Avg: 29083.8, Max: 29083.8, Diff: 0.0]
      [Ext Root Scanning (ms): Min: 1.0, Avg: 1.0, Max: 1.1, Diff: 0.0, Sum: 2.1]
      [Update RS (ms): Min: 0.2, Avg: 0.3, Max: 0.3, Diff: 0.0, Sum: 0.5]
         [Processed Buffers: Min: 2, Avg: 2.5, Max: 3, Diff: 1, Sum: 5]
      [Scan RS (ms): Min: 0.1, Avg: 0.1, Max: 0.1, Diff: 0.0, Sum: 0.2]
      [Code Root Scanning (ms): Min: 0.0, Avg: 0.0, Max: 0.0, Diff: 0.0, Sum: 0.1]
      [Object Copy (ms): Min: 7.8, Avg: 7.8, Max: 7.8, Diff: 0.0, Sum: 15.6]
      [Termination (ms): Min: 0.0, Avg: 0.0, Max: 0.0, Diff: 0.0, Sum: 0.0]
      [GC Worker Other (ms): Min: 0.0, Avg: 0.0, Max: 0.0, Diff: 0.0, Sum: 0.1]
      [GC Worker Total (ms): Min: 9.2, Avg: 9.2, Max: 9.2, Diff: 0.0, Sum: 18.5]
      [GC Worker End (ms): Min: 29093.1, Avg: 29093.1, Max: 29093.1, Diff: 0.0]
   [Code Root Fixup: 0.0 ms]
   [Code Root Migration: 0.0 ms]
   [Clear CT: 0.3 ms]
   [Other: 0.4 ms]
      [Choose CSet: 0.0 ms]
      [Ref Proc: 0.1 ms]
      [Ref Enq: 0.0 ms]
      [Free CSet: 0.2 ms]
   [Eden: 10.0M(10.0M)->0.0B(10.0M) Survivors: 2048.0K->2048.0K Heap: 204.0M(256.0M)->182.5M(256.0M)]
 [Times: user=0.03 sys=0.00, real=0.01 secs] 
2014-07-10T16:12:58.124+0200: 29.110: [GC pause (mixed), 0.0110043 secs]
   [Parallel Time: 10.2 ms, GC Workers: 2]
      [GC Worker Start (ms): Min: 29109.6, Avg: 29109.6, Max: 29109.6, Diff: 0.0]
      [Ext Root Scanning (ms): Min: 1.0, Avg: 1.0, Max: 1.0, Diff: 0.0, Sum: 1.9]
      [Update RS (ms): Min: 0.3, Avg: 0.3, Max: 0.3, Diff: 0.0, Sum: 0.6]
         [Processed Buffers: Min: 1, Avg: 2.5, Max: 4, Diff: 3, Sum: 5]
      [Scan RS (ms): Min: 0.1, Avg: 0.2, Max: 0.2, Diff: 0.0, Sum: 0.3]
      [Code Root Scanning (ms): Min: 0.0, Avg: 0.0, Max: 0.0, Diff: 0.0, Sum: 0.0]
      [Object Copy (ms): Min: 8.6, Avg: 8.7, Max: 8.7, Diff: 0.0, Sum: 17.3]
      [Termination (ms): Min: 0.0, Avg: 0.0, Max: 0.0, Diff: 0.0, Sum: 0.0]
      [GC Worker Other (ms): Min: 0.0, Avg: 0.0, Max: 0.0, Diff: 0.0, Sum: 0.0]
      [GC Worker Total (ms): Min: 10.2, Avg: 10.2, Max: 10.2, Diff: 0.0, Sum: 20.4]
      [GC Worker End (ms): Min: 29119.8, Avg: 29119.8, Max: 29119.8, Diff: 0.0]
   [Code Root Fixup: 0.0 ms]
   [Code Root Migration: 0.0 ms]
   [Clear CT: 0.2 ms]
   [Other: 0.5 ms]
      [Choose CSet: 0.0 ms]
      [Ref Proc: 0.1 ms]
      [Ref Enq: 0.0 ms]
      [Free CSet: 0.2 ms]
   [Eden: 10.0M(10.0M)->0.0B(10.0M) Survivors: 2048.0K->2048.0K Heap: 192.5M(256.0M)->171.5M(256.0M)]
 [Times: user=0.03 sys=0.00, real=0.01 secs] 
2014-07-10T16:12:58.150+0200: 29.136: [GC pause (mixed), 0.0122556 secs]
   [Parallel Time: 11.7 ms, GC Workers: 2]
      [GC Worker Start (ms): Min: 29135.8, Avg: 29135.8, Max: 29135.8, Diff: 0.0]
      [Ext Root Scanning (ms): Min: 1.0, Avg: 1.0, Max: 1.0, Diff: 0.1, Sum: 2.0]
      [Update RS (ms): Min: 0.3, Avg: 0.4, Max: 0.4, Diff: 0.0, Sum: 0.7]
         [Processed Buffers: Min: 1, Avg: 3.0, Max: 5, Diff: 4, Sum: 6]
      [Scan RS (ms): Min: 0.2, Avg: 0.2, Max: 0.3, Diff: 0.0, Sum: 0.5]
      [Code Root Scanning (ms): Min: 0.0, Avg: 0.0, Max: 0.0, Diff: 0.0, Sum: 0.1]
      [Object Copy (ms): Min: 10.0, Avg: 10.0, Max: 10.0, Diff: 0.0, Sum: 19.9]
      [Termination (ms): Min: 0.0, Avg: 0.0, Max: 0.0, Diff: 0.0, Sum: 0.0]
      [GC Worker Other (ms): Min: 0.0, Avg: 0.0, Max: 0.0, Diff: 0.0, Sum: 0.1]
      [GC Worker Total (ms): Min: 11.6, Avg: 11.6, Max: 11.7, Diff: 0.0, Sum: 23.3]
      [GC Worker End (ms): Min: 29147.5, Avg: 29147.5, Max: 29147.5, Diff: 0.0]
   [Code Root Fixup: 0.0 ms]
   [Code Root Migration: 0.0 ms]
   [Clear CT: 0.2 ms]
   [Other: 0.3 ms]
      [Choose CSet: 0.0 ms]
      [Ref Proc: 0.0 ms]
      [Ref Enq: 0.0 ms]
      [Free CSet: 0.2 ms]
   [Eden: 10.0M(10.0M)->0.0B(10.0M) Survivors: 2048.0K->2048.0K Heap: 181.5M(256.0M)->164.0M(256.0M)]
 [Times: user=0.00 sys=0.00, real=0.01 secs] 
2014-07-10T16:12:58.178+0200: 29.164: [GC pause (mixed), 0.0092815 secs]
   [Parallel Time: 9.0 ms, GC Workers: 2]
      [GC Worker Start (ms): Min: 29163.7, Avg: 29163.7, Max: 29163.7, Diff: 0.0]
      [Ext Root Scanning (ms): Min: 1.0, Avg: 1.1, Max: 1.1, Diff: 0.1, Sum: 2.2]
      [Update RS (ms): Min: 0.4, Avg: 0.5, Max: 0.5, Diff: 0.1, Sum: 0.9]
         [Processed Buffers: Min: 2, Avg: 3.0, Max: 4, Diff: 2, Sum: 6]
      [Scan RS (ms): Min: 0.1, Avg: 0.1, Max: 0.1, Diff: 0.0, Sum: 0.2]
      [Code Root Scanning (ms): Min: 0.0, Avg: 0.0, Max: 0.0, Diff: 0.0, Sum: 0.0]
      [Object Copy (ms): Min: 7.2, Avg: 7.3, Max: 7.3, Diff: 0.0, Sum: 14.5]
      [Termination (ms): Min: 0.0, Avg: 0.0, Max: 0.0, Diff: 0.0, Sum: 0.0]
      [GC Worker Other (ms): Min: 0.0, Avg: 0.0, Max: 0.0, Diff: 0.0, Sum: 0.1]
      [GC Worker Total (ms): Min: 8.9, Avg: 8.9, Max: 8.9, Diff: 0.0, Sum: 17.9]
      [GC Worker End (ms): Min: 29172.7, Avg: 29172.7, Max: 29172.7, Diff: 0.0]
   [Code Root Fixup: 0.0 ms]
   [Code Root Migration: 0.0 ms]
   [Clear CT: 0.1 ms]
   [Other: 0.2 ms]
      [Choose CSet: 0.0 ms]
      [Ref Proc: 0.0 ms]
      [Ref Enq: 0.0 ms]
      [Free CSet: 0.1 ms]
   [Eden: 10.0M(10.0M)->0.0B(29.0M) Survivors: 2048.0K->2048.0K Heap: 174.0M(256.0M)->173.5M(256.0M)]
 [Times: user=0.03 sys=0.00, real=0.01 secs] 
2014-07-10T16:12:58.235+0200: 29.221: [GC pause (young), 0.0212661 secs]
   [Parallel Time: 20.9 ms, GC Workers: 2]
      [GC Worker Start (ms): Min: 29220.7, Avg: 29220.7, Max: 29220.7, Diff: 0.0]
      [Ext Root Scanning (ms): Min: 1.0, Avg: 1.1, Max: 1.1, Diff: 0.1, Sum: 2.2]
      [Update RS (ms): Min: 0.4, Avg: 0.5, Max: 0.6, Diff: 0.2, Sum: 1.1]
         [Processed Buffers: Min: 1, Avg: 3.0, Max: 5, Diff: 4, Sum: 6]
      [Scan RS (ms): Min: 0.0, Avg: 0.0, Max: 0.1, Diff: 0.1, Sum: 0.1]
      [Code Root Scanning (ms): Min: 0.0, Avg: 0.0, Max: 0.0, Diff: 0.0, Sum: 0.0]
      [Object Copy (ms): Min: 19.1, Avg: 19.1, Max: 19.1, Diff: 0.0, Sum: 38.3]
      [Termination (ms): Min: 0.0, Avg: 0.0, Max: 0.0, Diff: 0.0, Sum: 0.0]
      [GC Worker Other (ms): Min: 0.0, Avg: 0.0, Max: 0.0, Diff: 0.0, Sum: 0.1]
      [GC Worker Total (ms): Min: 20.8, Avg: 20.8, Max: 20.8, Diff: 0.0, Sum: 41.7]
      [GC Worker End (ms): Min: 29241.5, Avg: 29241.5, Max: 29241.5, Diff: 0.0]
   [Code Root Fixup: 0.0 ms]
   [Code Root Migration: 0.0 ms]
   [Clear CT: 0.1 ms]
   [Other: 0.3 ms]
      [Choose CSet: 0.0 ms]
      [Ref Proc: 0.1 ms]
      [Ref Enq: 0.0 ms]
      [Free CSet: 0.1 ms]
   [Eden: 29.0M(29.0M)->0.0B(11.0M) Survivors: 2048.0K->4096.0K Heap: 202.5M(256.0M)->207.5M(256.0M)]
 [Times: user=0.03 sys=0.00, real=0.02 secs] 
2014-07-10T16:12:58.278+0200: 29.264: [GC pause (young) (initial-mark), 0.0099220 secs]
   [Parallel Time: 9.6 ms, GC Workers: 2]
      [GC Worker Start (ms): Min: 29263.7, Avg: 29264.0, Max: 29264.2, Diff: 0.5]
      [Ext Root Scanning (ms): Min: 0.8, Avg: 1.0, Max: 1.2, Diff: 0.4, Sum: 2.0]
      [Code Root Marking (ms): Min: 0.1, Avg: 0.1, Max: 0.1, Diff: 0.0, Sum: 0.1]
      [Update RS (ms): Min: 0.5, Avg: 0.5, Max: 0.5, Diff: 0.0, Sum: 1.0]
         [Processed Buffers: Min: 2, Avg: 3.0, Max: 4, Diff: 2, Sum: 6]
      [Scan RS (ms): Min: 0.0, Avg: 0.0, Max: 0.0, Diff: 0.0, Sum: 0.0]
      [Code Root Scanning (ms): Min: 0.0, Avg: 0.0, Max: 0.0, Diff: 0.0, Sum: 0.0]
      [Object Copy (ms): Min: 7.6, Avg: 7.7, Max: 7.7, Diff: 0.1, Sum: 15.4]
      [Termination (ms): Min: 0.0, Avg: 0.0, Max: 0.0, Diff: 0.0, Sum: 0.0]
      [GC Worker Other (ms): Min: 0.0, Avg: 0.0, Max: 0.0, Diff: 0.0, Sum: 0.1]
      [GC Worker Total (ms): Min: 9.1, Avg: 9.3, Max: 9.6, Diff: 0.5, Sum: 18.7]
      [GC Worker End (ms): Min: 29273.3, Avg: 29273.3, Max: 29273.3, Diff: 0.0]
   [Code Root Fixup: 0.0 ms]
   [Code Root Migration: 0.0 ms]
   [Clear CT: 0.0 ms]
   [Other: 0.3 ms]
      [Choose CSet: 0.0 ms]
      [Ref Proc: 0.0 ms]
      [Ref Enq: 0.0 ms]
      [Free CSet: 0.1 ms]
   [Eden: 11.0M(11.0M)->0.0B(10.0M) Survivors: 4096.0K->2048.0K Heap: 218.5M(256.0M)->217.0M(256.0M)]
 [Times: user=0.03 sys=0.00, real=0.01 secs] 
2014-07-10T16:12:58.288+0200: 29.274: [GC concurrent-root-region-scan-start]
2014-07-10T16:12:58.289+0200: 29.275: [GC concurrent-root-region-scan-end, 0.0006240 secs]
2014-07-10T16:12:58.289+0200: 29.275: [GC concurrent-mark-start]
2014-07-10T16:12:58.292+0200: 29.278: [GC concurrent-mark-end, 0.0034884 secs]
2014-07-10T16:12:58.293+0200: 29.279: [GC remark 2014-07-10T16:12:58.300+0200: 29.285: [GC ref-proc, 0.0001140 secs], 0.0074938 secs]
 [Times: user=0.00 sys=0.00, real=0.01 secs] 
2014-07-10T16:12:58.302+0200: 29.288: [GC cleanup 219M->140M(256M), 0.0007981 secs]
 [Times: user=0.00 sys=0.00, real=0.00 secs] 
2014-07-10T16:12:58.302+0200: 29.288: [GC concurrent-cleanup-start]
2014-07-10T16:12:58.303+0200: 29.289: [GC concurrent-cleanup-end, 0.0001635 secs]
2014-07-10T16:12:58.314+0200: 29.300: [GC pause (young), 0.0087371 secs]
   [Parallel Time: 8.5 ms, GC Workers: 2]
      [GC Worker Start (ms): Min: 29299.7, Avg: 29299.7, Max: 29299.7, Diff: 0.0]
      [Ext Root Scanning (ms): Min: 1.0, Avg: 1.0, Max: 1.0, Diff: 0.0, Sum: 2.0]
      [Update RS (ms): Min: 0.3, Avg: 0.3, Max: 0.3, Diff: 0.0, Sum: 0.6]
         [Processed Buffers: Min: 2, Avg: 2.0, Max: 2, Diff: 0, Sum: 4]
      [Scan RS (ms): Min: 0.0, Avg: 0.0, Max: 0.0, Diff: 0.0, Sum: 0.0]
      [Code Root Scanning (ms): Min: 0.0, Avg: 0.0, Max: 0.0, Diff: 0.0, Sum: 0.0]
      [Object Copy (ms): Min: 7.1, Avg: 7.1, Max: 7.1, Diff: 0.0, Sum: 14.1]
      [Termination (ms): Min: 0.0, Avg: 0.0, Max: 0.0, Diff: 0.0, Sum: 0.0]
      [GC Worker Other (ms): Min: 0.0, Avg: 0.0, Max: 0.0, Diff: 0.0, Sum: 0.1]
      [GC Worker Total (ms): Min: 8.4, Avg: 8.4, Max: 8.4, Diff: 0.0, Sum: 16.8]
      [GC Worker End (ms): Min: 29308.1, Avg: 29308.1, Max: 29308.1, Diff: 0.0]
   [Code Root Fixup: 0.0 ms]
   [Code Root Migration: 0.0 ms]
   [Clear CT: 0.0 ms]
   [Other: 0.2 ms]
      [Choose CSet: 0.0 ms]
      [Ref Proc: 0.0 ms]
      [Ref Enq: 0.0 ms]
      [Free CSet: 0.1 ms]
   [Eden: 10.0M(10.0M)->0.0B(10.0M) Survivors: 2048.0K->2048.0K Heap: 148.0M(256.0M)->149.5M(256.0M)]
 [Times: user=0.03 sys=0.00, real=0.01 secs] 
2014-07-10T16:12:58.340+0200: 29.326: [GC pause (mixed), 0.0103187 secs]
   [Parallel Time: 9.8 ms, GC Workers: 2]
      [GC Worker Start (ms): Min: 29326.0, Avg: 29326.0, Max: 29326.0, Diff: 0.0]
      [Ext Root Scanning (ms): Min: 1.0, Avg: 1.0, Max: 1.0, Diff: 0.0, Sum: 1.9]
      [Update RS (ms): Min: 0.3, Avg: 0.3, Max: 0.3, Diff: 0.0, Sum: 0.6]
         [Processed Buffers: Min: 2, Avg: 2.5, Max: 3, Diff: 1, Sum: 5]
      [Scan RS (ms): Min: 0.2, Avg: 0.2, Max: 0.2, Diff: 0.0, Sum: 0.3]
      [Code Root Scanning (ms): Min: 0.0, Avg: 0.0, Max: 0.0, Diff: 0.0, Sum: 0.0]
      [Object Copy (ms): Min: 8.3, Avg: 8.3, Max: 8.3, Diff: 0.0, Sum: 16.7]
      [Termination (ms): Min: 0.0, Avg: 0.0, Max: 0.0, Diff: 0.0, Sum: 0.0]
      [GC Worker Other (ms): Min: 0.0, Avg: 0.0, Max: 0.0, Diff: 0.0, Sum: 0.1]
      [GC Worker Total (ms): Min: 9.8, Avg: 9.8, Max: 9.8, Diff: 0.0, Sum: 19.6]
      [GC Worker End (ms): Min: 29335.8, Avg: 29335.8, Max: 29335.8, Diff: 0.0]
   [Code Root Fixup: 0.0 ms]
   [Code Root Migration: 0.0 ms]
   [Clear CT: 0.1 ms]
   [Other: 0.4 ms]
      [Choose CSet: 0.0 ms]
      [Ref Proc: 0.0 ms]
      [Ref Enq: 0.0 ms]
      [Free CSet: 0.2 ms]
   [Eden: 10.0M(10.0M)->0.0B(10.0M) Survivors: 2048.0K->2048.0K Heap: 159.5M(256.0M)->138.2M(256.0M)]
 [Times: user=0.03 sys=0.00, real=0.01 secs] 
2014-07-10T16:12:58.368+0200: 29.354: [GC pause (mixed), 0.0277598 secs]
   [Parallel Time: 27.2 ms, GC Workers: 2]
      [GC Worker Start (ms): Min: 29353.7, Avg: 29353.7, Max: 29353.7, Diff: 0.0]
      [Ext Root Scanning (ms): Min: 0.9, Avg: 1.0, Max: 1.0, Diff: 0.1, Sum: 1.9]
      [Update RS (ms): Min: 0.4, Avg: 0.4, Max: 0.4, Diff: 0.0, Sum: 0.7]
         [Processed Buffers: Min: 1, Avg: 2.0, Max: 3, Diff: 2, Sum: 4]
      [Scan RS (ms): Min: 0.1, Avg: 0.2, Max: 0.2, Diff: 0.1, Sum: 0.3]
      [Code Root Scanning (ms): Min: 0.0, Avg: 0.0, Max: 0.0, Diff: 0.0, Sum: 0.0]
      [Object Copy (ms): Min: 13.3, Avg: 19.5, Max: 25.7, Diff: 12.3, Sum: 39.0]
      [Termination (ms): Min: 0.0, Avg: 6.2, Max: 12.3, Diff: 12.3, Sum: 12.3]
      [GC Worker Other (ms): Min: 0.0, Avg: 0.0, Max: 0.0, Diff: 0.0, Sum: 0.0]
      [GC Worker Total (ms): Min: 27.2, Avg: 27.2, Max: 27.2, Diff: 0.0, Sum: 54.4]
      [GC Worker End (ms): Min: 29380.9, Avg: 29380.9, Max: 29380.9, Diff: 0.0]
   [Code Root Fixup: 0.0 ms]
   [Code Root Migration: 0.0 ms]
   [Clear CT: 0.1 ms]
   [Other: 0.4 ms]
      [Choose CSet: 0.0 ms]
      [Ref Proc: 0.0 ms]
      [Ref Enq: 0.0 ms]
      [Free CSet: 0.2 ms]
   [Eden: 10.0M(10.0M)->0.0B(10.0M) Survivors: 2048.0K->2048.0K Heap: 148.2M(256.0M)->130.5M(256.0M)]
 [Times: user=0.03 sys=0.00, real=0.03 secs] 
2014-07-10T16:12:58.410+0200: 29.396: [GC pause (mixed), 0.0099700 secs]
   [Parallel Time: 9.4 ms, GC Workers: 2]
      [GC Worker Start (ms): Min: 29395.7, Avg: 29395.7, Max: 29395.7, Diff: 0.0]
      [Ext Root Scanning (ms): Min: 0.9, Avg: 1.0, Max: 1.0, Diff: 0.0, Sum: 1.9]
      [Update RS (ms): Min: 0.3, Avg: 0.3, Max: 0.4, Diff: 0.1, Sum: 0.6]
         [Processed Buffers: Min: 1, Avg: 3.5, Max: 6, Diff: 5, Sum: 7]
      [Scan RS (ms): Min: 0.1, Avg: 0.2, Max: 0.2, Diff: 0.1, Sum: 0.3]
      [Code Root Scanning (ms): Min: 0.0, Avg: 0.0, Max: 0.0, Diff: 0.0, Sum: 0.0]
      [Object Copy (ms): Min: 7.9, Avg: 7.9, Max: 7.9, Diff: 0.0, Sum: 15.8]
      [Termination (ms): Min: 0.0, Avg: 0.0, Max: 0.0, Diff: 0.0, Sum: 0.0]
      [GC Worker Other (ms): Min: 0.0, Avg: 0.0, Max: 0.0, Diff: 0.0, Sum: 0.1]
      [GC Worker Total (ms): Min: 9.4, Avg: 9.4, Max: 9.4, Diff: 0.0, Sum: 18.8]
      [GC Worker End (ms): Min: 29405.1, Avg: 29405.1, Max: 29405.1, Diff: 0.0]
   [Code Root Fixup: 0.0 ms]
   [Code Root Migration: 0.0 ms]
   [Clear CT: 0.1 ms]
   [Other: 0.4 ms]
      [Choose CSet: 0.0 ms]
      [Ref Proc: 0.1 ms]
      [Ref Enq: 0.0 ms]
      [Free CSet: 0.2 ms]
   [Eden: 10.0M(10.0M)->0.0B(57.0M) Survivors: 2048.0K->2048.0K Heap: 140.5M(256.0M)->121.1M(256.0M)]
 [Times: user=0.03 sys=0.00, real=0.01 secs] 
2014-07-10T16:12:58.513+0200: 29.499: [GC pause (young), 0.0386687 secs]
   [Parallel Time: 38.2 ms, GC Workers: 2]
      [GC Worker Start (ms): Min: 29498.7, Avg: 29498.7, Max: 29498.7, Diff: 0.0]
      [Ext Root Scanning (ms): Min: 1.1, Avg: 1.1, Max: 1.2, Diff: 0.1, Sum: 2.2]
      [Update RS (ms): Min: 0.5, Avg: 0.5, Max: 0.5, Diff: 0.0, Sum: 0.9]
         [Processed Buffers: Min: 1, Avg: 2.5, Max: 4, Diff: 3, Sum: 5]
      [Scan RS (ms): Min: 0.1, Avg: 0.1, Max: 0.1, Diff: 0.1, Sum: 0.2]
      [Code Root Scanning (ms): Min: 0.0, Avg: 0.0, Max: 0.1, Diff: 0.0, Sum: 0.1]
      [Object Copy (ms): Min: 36.4, Avg: 36.4, Max: 36.4, Diff: 0.0, Sum: 72.9]
      [Termination (ms): Min: 0.0, Avg: 0.0, Max: 0.0, Diff: 0.0, Sum: 0.0]
      [GC Worker Other (ms): Min: 0.0, Avg: 0.0, Max: 0.0, Diff: 0.0, Sum: 0.1]
      [GC Worker Total (ms): Min: 38.2, Avg: 38.2, Max: 38.2, Diff: 0.0, Sum: 76.4]
      [GC Worker End (ms): Min: 29536.9, Avg: 29536.9, Max: 29536.9, Diff: 0.0]
   [Code Root Fixup: 0.0 ms]
   [Code Root Migration: 0.0 ms]
   [Clear CT: 0.0 ms]
   [Other: 0.4 ms]
      [Choose CSet: 0.0 ms]
      [Ref Proc: 0.1 ms]
      [Ref Enq: 0.0 ms]
      [Free CSet: 0.1 ms]
   [Eden: 57.0M(57.0M)->0.0B(21.0M) Survivors: 2048.0K->8192.0K Heap: 178.1M(256.0M)->186.0M(256.0M)]
 [Times: user=0.06 sys=0.00, real=0.04 secs] 
2014-07-10T16:12:58.585+0200: 29.571: [GC pause (young) (initial-mark), 0.0149147 secs]
   [Parallel Time: 14.4 ms, GC Workers: 2]
      [GC Worker Start (ms): Min: 29570.8, Avg: 29570.8, Max: 29570.8, Diff: 0.0]
      [Ext Root Scanning (ms): Min: 1.1, Avg: 1.1, Max: 1.1, Diff: 0.0, Sum: 2.1]
      [Code Root Marking (ms): Min: 0.1, Avg: 0.1, Max: 0.1, Diff: 0.0, Sum: 0.1]
      [Update RS (ms): Min: 1.1, Avg: 1.2, Max: 1.2, Diff: 0.0, Sum: 2.3]
         [Processed Buffers: Min: 4, Avg: 4.5, Max: 5, Diff: 1, Sum: 9]
      [Scan RS (ms): Min: 0.0, Avg: 0.0, Max: 0.1, Diff: 0.0, Sum: 0.1]
      [Code Root Scanning (ms): Min: 0.0, Avg: 0.0, Max: 0.0, Diff: 0.0, Sum: 0.0]
      [Object Copy (ms): Min: 12.0, Avg: 12.0, Max: 12.0, Diff: 0.0, Sum: 23.9]
      [Termination (ms): Min: 0.0, Avg: 0.0, Max: 0.0, Diff: 0.0, Sum: 0.0]
      [GC Worker Other (ms): Min: 0.0, Avg: 0.0, Max: 0.0, Diff: 0.0, Sum: 0.1]
      [GC Worker Total (ms): Min: 14.3, Avg: 14.3, Max: 14.3, Diff: 0.0, Sum: 28.7]
      [GC Worker End (ms): Min: 29585.1, Avg: 29585.1, Max: 29585.1, Diff: 0.0]
   [Code Root Fixup: 0.0 ms]
   [Code Root Migration: 0.0 ms]
   [Clear CT: 0.0 ms]
   [Other: 0.5 ms]
      [Choose CSet: 0.0 ms]
      [Ref Proc: 0.2 ms]
      [Ref Enq: 0.0 ms]
      [Free CSet: 0.1 ms]
   [Eden: 21.0M(21.0M)->0.0B(15.0M) Survivors: 8192.0K->4096.0K Heap: 207.0M(256.0M)->198.5M(256.0M)]
 [Times: user=0.02 sys=0.00, real=0.01 secs] 
2014-07-10T16:12:58.600+0200: 29.586: [GC concurrent-root-region-scan-start]
2014-07-10T16:12:58.600+0200: 29.586: [GC concurrent-root-region-scan-end, 0.0001067 secs]
2014-07-10T16:12:58.600+0200: 29.586: [GC concurrent-mark-start]
2014-07-10T16:12:58.604+0200: 29.590: [GC concurrent-mark-end, 0.0037685 secs]
2014-07-10T16:12:58.604+0200: 29.590: [GC remark 2014-07-10T16:12:58.604+0200: 29.590: [GC ref-proc, 0.0000715 secs], 0.0010170 secs]
 [Times: user=0.00 sys=0.00, real=0.00 secs] 
2014-07-10T16:12:58.605+0200: 29.591: [GC cleanup 202M->93M(256M), 0.0008077 secs]
 [Times: user=0.00 sys=0.00, real=0.00 secs] 
2014-07-10T16:12:58.606+0200: 29.592: [GC concurrent-cleanup-start]
2014-07-10T16:12:58.606+0200: 29.592: [GC concurrent-cleanup-end, 0.0002409 secs]
2014-07-10T16:12:58.623+0200: 29.609: [GC pause (young), 0.0117148 secs]
   [Parallel Time: 11.2 ms, GC Workers: 2]
      [GC Worker Start (ms): Min: 29608.8, Avg: 29608.8, Max: 29608.8, Diff: 0.0]
      [Ext Root Scanning (ms): Min: 1.2, Avg: 1.2, Max: 1.2, Diff: 0.1, Sum: 2.4]
      [Update RS (ms): Min: 0.3, Avg: 0.4, Max: 0.4, Diff: 0.1, Sum: 0.7]
         [Processed Buffers: Min: 2, Avg: 3.0, Max: 4, Diff: 2, Sum: 6]
      [Scan RS (ms): Min: 0.0, Avg: 0.0, Max: 0.0, Diff: 0.0, Sum: 0.1]
      [Code Root Scanning (ms): Min: 0.0, Avg: 0.0, Max: 0.0, Diff: 0.0, Sum: 0.0]
      [Object Copy (ms): Min: 9.5, Avg: 9.5, Max: 9.5, Diff: 0.1, Sum: 19.0]
      [Termination (ms): Min: 0.0, Avg: 0.0, Max: 0.0, Diff: 0.0, Sum: 0.0]
      [GC Worker Other (ms): Min: 0.0, Avg: 0.0, Max: 0.0, Diff: 0.0, Sum: 0.1]
      [GC Worker Total (ms): Min: 11.2, Avg: 11.2, Max: 11.2, Diff: 0.0, Sum: 22.3]
      [GC Worker End (ms): Min: 29619.9, Avg: 29619.9, Max: 29619.9, Diff: 0.0]
   [Code Root Fixup: 0.0 ms]
   [Code Root Migration: 0.0 ms]
   [Clear CT: 0.1 ms]
   [Other: 0.4 ms]
      [Choose CSet: 0.0 ms]
      [Ref Proc: 0.1 ms]
      [Ref Enq: 0.0 ms]
      [Free CSet: 0.1 ms]
   [Eden: 15.0M(15.0M)->0.0B(9216.0K) Survivors: 4096.0K->3072.0K Heap: 104.5M(256.0M)->101.5M(256.0M)]
 [Times: user=0.03 sys=0.00, real=0.01 secs] 
2014-07-10T16:12:58.649+0200: 29.635: [GC pause (mixed), 0.0102175 secs]
   [Parallel Time: 9.5 ms, GC Workers: 2]
      [GC Worker Start (ms): Min: 29634.7, Avg: 29634.7, Max: 29634.7, Diff: 0.0]
      [Ext Root Scanning (ms): Min: 1.0, Avg: 1.0, Max: 1.0, Diff: 0.1, Sum: 2.0]
      [Update RS (ms): Min: 0.3, Avg: 0.3, Max: 0.3, Diff: 0.0, Sum: 0.5]
         [Processed Buffers: Min: 1, Avg: 2.5, Max: 4, Diff: 3, Sum: 5]
      [Scan RS (ms): Min: 0.1, Avg: 0.1, Max: 0.2, Diff: 0.0, Sum: 0.3]
      [Code Root Scanning (ms): Min: 0.0, Avg: 0.0, Max: 0.0, Diff: 0.0, Sum: 0.0]
      [Object Copy (ms): Min: 8.0, Avg: 8.0, Max: 8.0, Diff: 0.0, Sum: 15.9]
      [Termination (ms): Min: 0.0, Avg: 0.0, Max: 0.0, Diff: 0.0, Sum: 0.0]
      [GC Worker Other (ms): Min: 0.0, Avg: 0.0, Max: 0.0, Diff: 0.0, Sum: 0.1]
      [GC Worker Total (ms): Min: 9.4, Avg: 9.4, Max: 9.4, Diff: 0.0, Sum: 18.9]
      [GC Worker End (ms): Min: 29644.2, Avg: 29644.2, Max: 29644.2, Diff: 0.0]
   [Code Root Fixup: 0.0 ms]
   [Code Root Migration: 0.0 ms]
   [Clear CT: 0.3 ms]
   [Other: 0.4 ms]
      [Choose CSet: 0.0 ms]
      [Ref Proc: 0.1 ms]
      [Ref Enq: 0.0 ms]
      [Free CSet: 0.2 ms]
   [Eden: 9216.0K(9216.0K)->0.0B(79.0M) Survivors: 3072.0K->2048.0K Heap: 110.5M(256.0M)->89.5M(256.0M)]
 [Times: user=0.00 sys=0.00, real=0.01 secs] 
2014-07-10T16:12:58.789+0200: 29.775: [GC pause (young) (to-space exhausted), 0.0521844 secs]
   [Parallel Time: 50.7 ms, GC Workers: 2]
      [GC Worker Start (ms): Min: 29774.9, Avg: 29774.9, Max: 29774.9, Diff: 0.0]
      [Ext Root Scanning (ms): Min: 1.1, Avg: 1.1, Max: 1.1, Diff: 0.0, Sum: 2.2]
      [Update RS (ms): Min: 0.5, Avg: 0.5, Max: 0.5, Diff: 0.0, Sum: 1.0]
         [Processed Buffers: Min: 2, Avg: 2.5, Max: 3, Diff: 1, Sum: 5]
      [Scan RS (ms): Min: 0.1, Avg: 0.1, Max: 0.1, Diff: 0.0, Sum: 0.2]
      [Code Root Scanning (ms): Min: 0.1, Avg: 0.1, Max: 0.1, Diff: 0.0, Sum: 0.1]
      [Object Copy (ms): Min: 48.8, Avg: 48.8, Max: 48.8, Diff: 0.1, Sum: 97.6]
      [Termination (ms): Min: 0.0, Avg: 0.1, Max: 0.1, Diff: 0.1, Sum: 0.1]
      [GC Worker Other (ms): Min: 0.0, Avg: 0.0, Max: 0.0, Diff: 0.0, Sum: 0.1]
      [GC Worker Total (ms): Min: 50.6, Avg: 50.7, Max: 50.7, Diff: 0.1, Sum: 101.3]
      [GC Worker End (ms): Min: 29825.5, Avg: 29825.5, Max: 29825.6, Diff: 0.1]
   [Code Root Fixup: 0.0 ms]
   [Code Root Migration: 0.0 ms]
   [Clear CT: 0.1 ms]
   [Other: 1.4 ms]
      [Choose CSet: 0.0 ms]
      [Ref Proc: 0.0 ms]
      [Ref Enq: 0.0 ms]
      [Free CSet: 0.1 ms]
   [Eden: 79.0M(79.0M)->0.0B(1024.0K) Survivors: 2048.0K->11.0M Heap: 168.5M(256.0M)->230.5M(256.0M)]
 [Times: user=0.09 sys=0.00, real=0.05 secs] 
2014-07-10T16:12:58.843+0200: 29.829: [GC pause (young) (initial-mark), 0.0075591 secs]
   [Parallel Time: 7.0 ms, GC Workers: 2]
      [GC Worker Start (ms): Min: 29828.7, Avg: 29828.8, Max: 29828.8, Diff: 0.1]
      [Ext Root Scanning (ms): Min: 0.9, Avg: 0.9, Max: 0.9, Diff: 0.0, Sum: 1.8]
      [Code Root Marking (ms): Min: 0.0, Avg: 0.0, Max: 0.0, Diff: 0.0, Sum: 0.1]
      [Update RS (ms): Min: 1.0, Avg: 1.0, Max: 1.1, Diff: 0.1, Sum: 2.1]
         [Processed Buffers: Min: 7, Avg: 7.5, Max: 8, Diff: 1, Sum: 15]
      [Scan RS (ms): Min: 0.0, Avg: 0.0, Max: 0.0, Diff: 0.0, Sum: 0.0]
      [Code Root Scanning (ms): Min: 0.0, Avg: 0.0, Max: 0.0, Diff: 0.0, Sum: 0.0]
      [Object Copy (ms): Min: 4.9, Avg: 4.9, Max: 4.9, Diff: 0.1, Sum: 9.8]
      [Termination (ms): Min: 0.0, Avg: 0.0, Max: 0.0, Diff: 0.0, Sum: 0.0]
      [GC Worker Other (ms): Min: 0.0, Avg: 0.0, Max: 0.0, Diff: 0.0, Sum: 0.1]
      [GC Worker Total (ms): Min: 6.9, Avg: 6.9, Max: 7.0, Diff: 0.1, Sum: 13.9]
      [GC Worker End (ms): Min: 29835.7, Avg: 29835.7, Max: 29835.7, Diff: 0.0]
   [Code Root Fixup: 0.0 ms]
   [Code Root Migration: 0.0 ms]
   [Clear CT: 0.0 ms]
   [Other: 0.5 ms]
      [Choose CSet: 0.0 ms]
      [Ref Proc: 0.3 ms]
      [Ref Enq: 0.0 ms]
      [Free CSet: 0.1 ms]
   [Eden: 1024.0K(1024.0K)->0.0B(10.0M) Survivors: 11.0M->2048.0K Heap: 231.5M(256.0M)->228.7M(256.0M)]
 [Times: user=0.03 sys=0.00, real=0.01 secs] 
2014-07-10T16:12:58.851+0200: 29.836: [GC concurrent-root-region-scan-start]
2014-07-10T16:12:58.851+0200: 29.837: [GC concurrent-root-region-scan-end, 0.0001052 secs]
2014-07-10T16:12:58.851+0200: 29.837: [GC concurrent-mark-start]
2014-07-10T16:12:58.856+0200: 29.842: [GC concurrent-mark-end, 0.0051357 secs]
2014-07-10T16:12:58.856+0200: 29.842: [GC remark 2014-07-10T16:12:58.856+0200: 29.842: [GC ref-proc, 0.0000796 secs], 0.0012671 secs]
 [Times: user=0.00 sys=0.00, real=0.00 secs] 
2014-07-10T16:12:58.857+0200: 29.843: [GC cleanup 233M->158M(256M), 0.0007717 secs]
 [Times: user=0.00 sys=0.00, real=0.00 secs] 
2014-07-10T16:12:58.858+0200: 29.844: [GC concurrent-cleanup-start]
2014-07-10T16:12:58.858+0200: 29.844: [GC concurrent-cleanup-end, 0.0001606 secs]
2014-07-10T16:12:58.866+0200: 29.852: [GC pause (young), 0.0073615 secs]
   [Parallel Time: 6.8 ms, GC Workers: 2]
      [GC Worker Start (ms): Min: 29851.8, Avg: 29851.8, Max: 29851.8, Diff: 0.0]
      [Ext Root Scanning (ms): Min: 1.0, Avg: 1.0, Max: 1.0, Diff: 0.1, Sum: 2.0]
      [Update RS (ms): Min: 0.1, Avg: 0.2, Max: 0.2, Diff: 0.1, Sum: 0.3]
         [Processed Buffers: Min: 3, Avg: 3.0, Max: 3, Diff: 0, Sum: 6]
      [Scan RS (ms): Min: 0.0, Avg: 0.0, Max: 0.0, Diff: 0.0, Sum: 0.0]
      [Code Root Scanning (ms): Min: 0.0, Avg: 0.0, Max: 0.0, Diff: 0.0, Sum: 0.0]
      [Object Copy (ms): Min: 5.6, Avg: 5.6, Max: 5.6, Diff: 0.0, Sum: 11.2]
      [Termination (ms): Min: 0.0, Avg: 0.0, Max: 0.0, Diff: 0.0, Sum: 0.0]
      [GC Worker Other (ms): Min: 0.0, Avg: 0.0, Max: 0.0, Diff: 0.0, Sum: 0.1]
      [GC Worker Total (ms): Min: 6.8, Avg: 6.8, Max: 6.8, Diff: 0.0, Sum: 13.7]
      [GC Worker End (ms): Min: 29858.6, Avg: 29858.6, Max: 29858.6, Diff: 0.0]
   [Code Root Fixup: 0.0 ms]
   [Code Root Migration: 0.0 ms]
   [Clear CT: 0.0 ms]
   [Other: 0.5 ms]
      [Choose CSet: 0.0 ms]
      [Ref Proc: 0.3 ms]
      [Ref Enq: 0.0 ms]
      [Free CSet: 0.0 ms]
   [Eden: 10.0M(10.0M)->0.0B(10.0M) Survivors: 2048.0K->2048.0K Heap: 163.7M(256.0M)->162.5M(256.0M)]
 [Times: user=0.00 sys=0.00, real=0.01 secs] 
2014-07-10T16:12:58.889+0200: 29.875: [GC pause (mixed), 0.0103355 secs]
   [Parallel Time: 9.9 ms, GC Workers: 2]
      [GC Worker Start (ms): Min: 29874.8, Avg: 29874.8, Max: 29874.8, Diff: 0.0]
      [Ext Root Scanning (ms): Min: 1.1, Avg: 1.1, Max: 1.1, Diff: 0.0, Sum: 2.2]
      [Update RS (ms): Min: 0.2, Avg: 0.2, Max: 0.2, Diff: 0.0, Sum: 0.4]
         [Processed Buffers: Min: 2, Avg: 2.5, Max: 3, Diff: 1, Sum: 5]
      [Scan RS (ms): Min: 0.2, Avg: 0.2, Max: 0.2, Diff: 0.0, Sum: 0.3]
      [Code Root Scanning (ms): Min: 0.0, Avg: 0.0, Max: 0.0, Diff: 0.0, Sum: 0.0]
      [Object Copy (ms): Min: 8.1, Avg: 8.2, Max: 8.3, Diff: 0.1, Sum: 16.4]
      [Termination (ms): Min: 0.0, Avg: 0.0, Max: 0.1, Diff: 0.1, Sum: 0.1]
      [GC Worker Other (ms): Min: 0.0, Avg: 0.0, Max: 0.0, Diff: 0.0, Sum: 0.0]
      [GC Worker Total (ms): Min: 9.6, Avg: 9.7, Max: 9.8, Diff: 0.2, Sum: 19.5]
      [GC Worker End (ms): Min: 29884.5, Avg: 29884.6, Max: 29884.7, Diff: 0.2]
   [Code Root Fixup: 0.0 ms]
   [Code Root Migration: 0.0 ms]
   [Clear CT: 0.1 ms]
   [Other: 0.4 ms]
      [Choose CSet: 0.0 ms]
      [Ref Proc: 0.1 ms]
      [Ref Enq: 0.0 ms]
      [Free CSet: 0.2 ms]
   [Eden: 10.0M(10.0M)->0.0B(10.0M) Survivors: 2048.0K->2048.0K Heap: 172.5M(256.0M)->152.0M(256.0M)]
 [Times: user=0.03 sys=0.00, real=0.01 secs] 
2014-07-10T16:12:58.915+0200: 29.901: [GC pause (mixed), 0.0102468 secs]
   [Parallel Time: 9.4 ms, GC Workers: 2]
      [GC Worker Start (ms): Min: 29901.0, Avg: 29901.0, Max: 29901.0, Diff: 0.0]
      [Ext Root Scanning (ms): Min: 0.9, Avg: 1.0, Max: 1.1, Diff: 0.2, Sum: 2.0]
      [Update RS (ms): Min: 0.3, Avg: 0.3, Max: 0.3, Diff: 0.1, Sum: 0.6]
         [Processed Buffers: Min: 1, Avg: 2.5, Max: 4, Diff: 3, Sum: 5]
      [Scan RS (ms): Min: 0.1, Avg: 0.1, Max: 0.2, Diff: 0.0, Sum: 0.3]
      [Code Root Scanning (ms): Min: 0.0, Avg: 0.0, Max: 0.1, Diff: 0.0, Sum: 0.1]
      [Object Copy (ms): Min: 7.8, Avg: 7.9, Max: 7.9, Diff: 0.0, Sum: 15.7]
      [Termination (ms): Min: 0.0, Avg: 0.0, Max: 0.0, Diff: 0.0, Sum: 0.0]
      [GC Worker Other (ms): Min: 0.0, Avg: 0.0, Max: 0.0, Diff: 0.0, Sum: 0.1]
      [GC Worker Total (ms): Min: 9.4, Avg: 9.4, Max: 9.4, Diff: 0.0, Sum: 18.8]
      [GC Worker End (ms): Min: 29910.4, Avg: 29910.4, Max: 29910.4, Diff: 0.0]
   [Code Root Fixup: 0.0 ms]
   [Code Root Migration: 0.0 ms]
   [Clear CT: 0.3 ms]
   [Other: 0.4 ms]
      [Choose CSet: 0.0 ms]
      [Ref Proc: 0.1 ms]
      [Ref Enq: 0.0 ms]
      [Free CSet: 0.2 ms]
   [Eden: 10.0M(10.0M)->0.0B(10.0M) Survivors: 2048.0K->2048.0K Heap: 162.0M(256.0M)->142.5M(256.0M)]
 [Times: user=0.00 sys=0.00, real=0.01 secs] 
2014-07-10T16:12:58.944+0200: 29.930: [GC pause (mixed), 0.0112708 secs]
   [Parallel Time: 10.6 ms, GC Workers: 2]
      [GC Worker Start (ms): Min: 29929.9, Avg: 29929.9, Max: 29929.9, Diff: 0.0]
      [Ext Root Scanning (ms): Min: 1.3, Avg: 2.1, Max: 2.9, Diff: 1.6, Sum: 4.3]
      [Update RS (ms): Min: 0.0, Avg: 0.4, Max: 0.7, Diff: 0.7, Sum: 0.7]
         [Processed Buffers: Min: 0, Avg: 2.5, Max: 5, Diff: 5, Sum: 5]
      [Scan RS (ms): Min: 0.0, Avg: 0.1, Max: 0.2, Diff: 0.1, Sum: 0.2]
      [Code Root Scanning (ms): Min: 0.0, Avg: 0.0, Max: 0.0, Diff: 0.0, Sum: 0.0]
      [Object Copy (ms): Min: 7.6, Avg: 8.0, Max: 8.3, Diff: 0.7, Sum: 16.0]
      [Termination (ms): Min: 0.0, Avg: 0.0, Max: 0.0, Diff: 0.0, Sum: 0.0]
      [GC Worker Other (ms): Min: 0.0, Avg: 0.0, Max: 0.0, Diff: 0.0, Sum: 0.1]
      [GC Worker Total (ms): Min: 10.6, Avg: 10.6, Max: 10.6, Diff: 0.0, Sum: 21.2]
      [GC Worker End (ms): Min: 29940.5, Avg: 29940.5, Max: 29940.5, Diff: 0.0]
   [Code Root Fixup: 0.0 ms]
   [Code Root Migration: 0.0 ms]
   [Clear CT: 0.2 ms]
   [Other: 0.4 ms]
      [Choose CSet: 0.0 ms]
      [Ref Proc: 0.1 ms]
      [Ref Enq: 0.0 ms]
      [Free CSet: 0.1 ms]
   [Eden: 10.0M(10.0M)->0.0B(46.0M) Survivors: 2048.0K->2048.0K Heap: 152.5M(256.0M)->144.0M(256.0M)]
 [Times: user=0.00 sys=0.00, real=0.01 secs] 
2014-07-10T16:12:59.047+0200: 30.033: [GC pause (young), 0.0312581 secs]
   [Parallel Time: 30.8 ms, GC Workers: 2]
      [GC Worker Start (ms): Min: 30032.9, Avg: 30032.9, Max: 30032.9, Diff: 0.0]
      [Ext Root Scanning (ms): Min: 0.9, Avg: 0.9, Max: 1.0, Diff: 0.1, Sum: 1.9]
      [Update RS (ms): Min: 0.4, Avg: 0.4, Max: 0.4, Diff: 0.0, Sum: 0.8]
         [Processed Buffers: Min: 1, Avg: 3.0, Max: 5, Diff: 4, Sum: 6]
      [Scan RS (ms): Min: 0.0, Avg: 0.1, Max: 0.1, Diff: 0.0, Sum: 0.1]
      [Code Root Scanning (ms): Min: 0.0, Avg: 0.0, Max: 0.0, Diff: 0.0, Sum: 0.1]
      [Object Copy (ms): Min: 29.3, Avg: 29.3, Max: 29.4, Diff: 0.0, Sum: 58.7]
      [Termination (ms): Min: 0.0, Avg: 0.0, Max: 0.0, Diff: 0.0, Sum: 0.0]
      [GC Worker Other (ms): Min: 0.0, Avg: 0.0, Max: 0.0, Diff: 0.0, Sum: 0.0]
      [GC Worker Total (ms): Min: 30.8, Avg: 30.8, Max: 30.8, Diff: 0.0, Sum: 61.6]
      [GC Worker End (ms): Min: 30063.7, Avg: 30063.7, Max: 30063.7, Diff: 0.0]
   [Code Root Fixup: 0.0 ms]
   [Code Root Migration: 0.0 ms]
   [Clear CT: 0.1 ms]
   [Other: 0.3 ms]
      [Choose CSet: 0.0 ms]
      [Ref Proc: 0.1 ms]
      [Ref Enq: 0.0 ms]
      [Free CSet: 0.1 ms]
   [Eden: 46.0M(46.0M)->0.0B(17.0M) Survivors: 2048.0K->6144.0K Heap: 190.0M(256.0M)->194.5M(256.0M)]
 [Times: user=0.06 sys=0.00, real=0.03 secs] 
2014-07-10T16:12:59.106+0200: 30.092: [GC pause (young) (initial-mark), 0.0136491 secs]
   [Parallel Time: 13.3 ms, GC Workers: 2]
      [GC Worker Start (ms): Min: 30091.8, Avg: 30091.8, Max: 30091.8, Diff: 0.0]
      [Ext Root Scanning (ms): Min: 1.0, Avg: 1.1, Max: 1.1, Diff: 0.0, Sum: 2.1]
      [Code Root Marking (ms): Min: 0.1, Avg: 0.1, Max: 0.1, Diff: 0.0, Sum: 0.1]
      [Update RS (ms): Min: 0.6, Avg: 0.7, Max: 0.7, Diff: 0.1, Sum: 1.3]
         [Processed Buffers: Min: 3, Avg: 4.5, Max: 6, Diff: 3, Sum: 9]
      [Scan RS (ms): Min: 0.0, Avg: 0.0, Max: 0.0, Diff: 0.0, Sum: 0.1]
      [Code Root Scanning (ms): Min: 0.0, Avg: 0.0, Max: 0.0, Diff: 0.0, Sum: 0.0]
      [Object Copy (ms): Min: 11.4, Avg: 11.4, Max: 11.4, Diff: 0.1, Sum: 22.8]
      [Termination (ms): Min: 0.0, Avg: 0.0, Max: 0.0, Diff: 0.0, Sum: 0.0]
      [GC Worker Other (ms): Min: 0.0, Avg: 0.0, Max: 0.0, Diff: 0.0, Sum: 0.1]
      [GC Worker Total (ms): Min: 13.3, Avg: 13.3, Max: 13.3, Diff: 0.0, Sum: 26.5]
      [GC Worker End (ms): Min: 30105.0, Avg: 30105.0, Max: 30105.0, Diff: 0.0]
   [Code Root Fixup: 0.0 ms]
   [Code Root Migration: 0.0 ms]
   [Clear CT: 0.0 ms]
   [Other: 0.3 ms]
      [Choose CSet: 0.0 ms]
      [Ref Proc: 0.0 ms]
      [Ref Enq: 0.0 ms]
      [Free CSet: 0.1 ms]
   [Eden: 17.0M(17.0M)->0.0B(9216.0K) Survivors: 6144.0K->3072.0K Heap: 211.5M(256.0M)->210.5M(256.0M)]
 [Times: user=0.03 sys=0.00, real=0.01 secs] 
2014-07-10T16:12:59.120+0200: 30.106: [GC concurrent-root-region-scan-start]
2014-07-10T16:12:59.120+0200: 30.106: [GC concurrent-root-region-scan-end, 0.0000675 secs]
2014-07-10T16:12:59.120+0200: 30.106: [GC concurrent-mark-start]
2014-07-10T16:12:59.124+0200: 30.110: [GC concurrent-mark-end, 0.0038144 secs]
2014-07-10T16:12:59.125+0200: 30.111: [GC remark 2014-07-10T16:12:59.125+0200: 30.111: [GC ref-proc, 0.0000667 secs], 0.0011226 secs]
 [Times: user=0.00 sys=0.00, real=0.00 secs] 
2014-07-10T16:12:59.126+0200: 30.112: [GC cleanup 213M->113M(256M), 0.0009367 secs]
 [Times: user=0.00 sys=0.00, real=0.00 secs] 
2014-07-10T16:12:59.127+0200: 30.113: [GC concurrent-cleanup-start]
2014-07-10T16:12:59.127+0200: 30.113: [GC concurrent-cleanup-end, 0.0002222 secs]
2014-07-10T16:12:59.136+0200: 30.122: [GC pause (young), 0.0075224 secs]
   [Parallel Time: 7.2 ms, GC Workers: 2]
      [GC Worker Start (ms): Min: 30121.8, Avg: 30121.8, Max: 30121.8, Diff: 0.0]
      [Ext Root Scanning (ms): Min: 1.1, Avg: 1.2, Max: 1.3, Diff: 0.2, Sum: 2.4]
      [Update RS (ms): Min: 0.3, Avg: 0.4, Max: 0.4, Diff: 0.1, Sum: 0.7]
         [Processed Buffers: Min: 2, Avg: 2.5, Max: 3, Diff: 1, Sum: 5]
      [Scan RS (ms): Min: 0.0, Avg: 0.0, Max: 0.0, Diff: 0.0, Sum: 0.0]
      [Code Root Scanning (ms): Min: 0.0, Avg: 0.0, Max: 0.0, Diff: 0.0, Sum: 0.0]
      [Object Copy (ms): Min: 5.4, Avg: 5.6, Max: 5.7, Diff: 0.3, Sum: 11.2]
      [Termination (ms): Min: 0.0, Avg: 0.0, Max: 0.0, Diff: 0.0, Sum: 0.0]
      [GC Worker Other (ms): Min: 0.0, Avg: 0.0, Max: 0.0, Diff: 0.0, Sum: 0.1]
      [GC Worker Total (ms): Min: 7.2, Avg: 7.2, Max: 7.2, Diff: 0.0, Sum: 14.4]
      [GC Worker End (ms): Min: 30129.0, Avg: 30129.0, Max: 30129.0, Diff: 0.0]
   [Code Root Fixup: 0.0 ms]
   [Code Root Migration: 0.0 ms]
   [Clear CT: 0.0 ms]
   [Other: 0.3 ms]
      [Choose CSet: 0.0 ms]
      [Ref Proc: 0.1 ms]
      [Ref Enq: 0.0 ms]
      [Free CSet: 0.1 ms]
   [Eden: 9216.0K(9216.0K)->0.0B(10.0M) Survivors: 3072.0K->2048.0K Heap: 119.5M(256.0M)->118.0M(256.0M)]
 [Times: user=0.00 sys=0.00, real=0.01 secs] 
2014-07-10T16:12:59.159+0200: 30.145: [GC pause (mixed), 0.0111062 secs]
   [Parallel Time: 10.6 ms, GC Workers: 2]
      [GC Worker Start (ms): Min: 30144.9, Avg: 30144.9, Max: 30144.9, Diff: 0.0]
      [Ext Root Scanning (ms): Min: 1.1, Avg: 1.1, Max: 1.1, Diff: 0.0, Sum: 2.2]
      [Update RS (ms): Min: 0.2, Avg: 0.2, Max: 0.2, Diff: 0.0, Sum: 0.5]
         [Processed Buffers: Min: 1, Avg: 2.5, Max: 4, Diff: 3, Sum: 5]
      [Scan RS (ms): Min: 0.1, Avg: 0.1, Max: 0.2, Diff: 0.0, Sum: 0.3]
      [Code Root Scanning (ms): Min: 0.0, Avg: 0.0, Max: 0.0, Diff: 0.0, Sum: 0.0]
      [Object Copy (ms): Min: 9.0, Avg: 9.0, Max: 9.0, Diff: 0.0, Sum: 17.9]
      [Termination (ms): Min: 0.0, Avg: 0.0, Max: 0.0, Diff: 0.0, Sum: 0.0]
      [GC Worker Other (ms): Min: 0.0, Avg: 0.0, Max: 0.0, Diff: 0.0, Sum: 0.1]
      [GC Worker Total (ms): Min: 10.5, Avg: 10.5, Max: 10.5, Diff: 0.0, Sum: 21.0]
      [GC Worker End (ms): Min: 30155.4, Avg: 30155.4, Max: 30155.4, Diff: 0.0]
   [Code Root Fixup: 0.0 ms]
   [Code Root Migration: 0.0 ms]
   [Clear CT: 0.1 ms]
   [Other: 0.4 ms]
      [Choose CSet: 0.0 ms]
      [Ref Proc: 0.1 ms]
      [Ref Enq: 0.0 ms]
      [Free CSet: 0.2 ms]
   [Eden: 10.0M(10.0M)->0.0B(10.0M) Survivors: 2048.0K->2048.0K Heap: 128.0M(256.0M)->107.0M(256.0M)]
 [Times: user=0.03 sys=0.00, real=0.01 secs] 
2014-07-10T16:12:59.186+0200: 30.172: [GC pause (mixed), 0.0118680 secs]
   [Parallel Time: 11.3 ms, GC Workers: 2]
      [GC Worker Start (ms): Min: 30171.8, Avg: 30171.8, Max: 30171.8, Diff: 0.0]
      [Ext Root Scanning (ms): Min: 1.2, Avg: 1.3, Max: 1.4, Diff: 0.2, Sum: 2.6]
      [Update RS (ms): Min: 0.3, Avg: 0.4, Max: 0.5, Diff: 0.2, Sum: 0.7]
         [Processed Buffers: Min: 1, Avg: 2.5, Max: 4, Diff: 3, Sum: 5]
      [Scan RS (ms): Min: 0.1, Avg: 0.1, Max: 0.2, Diff: 0.0, Sum: 0.3]
      [Code Root Scanning (ms): Min: 0.0, Avg: 0.0, Max: 0.0, Diff: 0.0, Sum: 0.0]
      [Object Copy (ms): Min: 9.4, Avg: 9.4, Max: 9.4, Diff: 0.0, Sum: 18.9]
      [Termination (ms): Min: 0.0, Avg: 0.0, Max: 0.0, Diff: 0.0, Sum: 0.0]
      [GC Worker Other (ms): Min: 0.0, Avg: 0.0, Max: 0.0, Diff: 0.0, Sum: 0.0]
      [GC Worker Total (ms): Min: 11.3, Avg: 11.3, Max: 11.3, Diff: 0.0, Sum: 22.6]
      [GC Worker End (ms): Min: 30183.1, Avg: 30183.1, Max: 30183.1, Diff: 0.0]
   [Code Root Fixup: 0.0 ms]
   [Code Root Migration: 0.0 ms]
   [Clear CT: 0.1 ms]
   [Other: 0.4 ms]
      [Choose CSet: 0.0 ms]
      [Ref Proc: 0.1 ms]
      [Ref Enq: 0.0 ms]
      [Free CSet: 0.2 ms]
   [Eden: 10.0M(10.0M)->0.0B(66.0M) Survivors: 2048.0K->2048.0K Heap: 117.0M(256.0M)->105.5M(256.0M)]
 [Times: user=0.03 sys=0.00, real=0.01 secs] 
2014-07-10T16:12:59.306+0200: 30.292: [GC pause (young), 0.0434019 secs]
   [Parallel Time: 42.9 ms, GC Workers: 2]
      [GC Worker Start (ms): Min: 30292.0, Avg: 30292.0, Max: 30292.0, Diff: 0.0]
      [Ext Root Scanning (ms): Min: 1.0, Avg: 1.0, Max: 1.0, Diff: 0.0, Sum: 2.0]
      [Update RS (ms): Min: 0.5, Avg: 0.6, Max: 0.6, Diff: 0.1, Sum: 1.1]
         [Processed Buffers: Min: 1, Avg: 3.0, Max: 5, Diff: 4, Sum: 6]
      [Scan RS (ms): Min: 0.1, Avg: 0.1, Max: 0.1, Diff: 0.0, Sum: 0.2]
      [Code Root Scanning (ms): Min: 0.0, Avg: 0.0, Max: 0.1, Diff: 0.0, Sum: 0.1]
      [Object Copy (ms): Min: 41.1, Avg: 41.1, Max: 41.1, Diff: 0.0, Sum: 82.2]
      [Termination (ms): Min: 0.0, Avg: 0.0, Max: 0.0, Diff: 0.0, Sum: 0.0]
      [GC Worker Other (ms): Min: 0.0, Avg: 0.0, Max: 0.0, Diff: 0.0, Sum: 0.1]
      [GC Worker Total (ms): Min: 42.8, Avg: 42.8, Max: 42.8, Diff: 0.0, Sum: 85.7]
      [GC Worker End (ms): Min: 30334.8, Avg: 30334.8, Max: 30334.8, Diff: 0.0]
   [Code Root Fixup: 0.0 ms]
   [Code Root Migration: 0.0 ms]
   [Clear CT: 0.1 ms]
   [Other: 0.4 ms]
      [Choose CSet: 0.0 ms]
      [Ref Proc: 0.1 ms]
      [Ref Enq: 0.0 ms]
      [Free CSet: 0.1 ms]
   [Eden: 66.0M(66.0M)->0.0B(28.0M) Survivors: 2048.0K->9216.0K Heap: 171.5M(256.0M)->173.5M(256.0M)]
 [Times: user=0.09 sys=0.00, real=0.04 secs] 
2014-07-10T16:12:59.396+0200: 30.382: [GC pause (young) (initial-mark), 0.0197417 secs]
   [Parallel Time: 19.3 ms, GC Workers: 2]
      [GC Worker Start (ms): Min: 30381.8, Avg: 30381.8, Max: 30381.8, Diff: 0.0]
      [Ext Root Scanning (ms): Min: 1.2, Avg: 1.2, Max: 1.2, Diff: 0.0, Sum: 2.4]
      [Code Root Marking (ms): Min: 0.1, Avg: 0.1, Max: 0.1, Diff: 0.0, Sum: 0.1]
      [Update RS (ms): Min: 1.0, Avg: 1.0, Max: 1.0, Diff: 0.1, Sum: 2.0]
         [Processed Buffers: Min: 4, Avg: 4.5, Max: 5, Diff: 1, Sum: 9]
      [Scan RS (ms): Min: 0.0, Avg: 0.1, Max: 0.1, Diff: 0.0, Sum: 0.1]
      [Code Root Scanning (ms): Min: 0.0, Avg: 0.0, Max: 0.0, Diff: 0.0, Sum: 0.0]
      [Object Copy (ms): Min: 16.9, Avg: 16.9, Max: 16.9, Diff: 0.0, Sum: 33.9]
      [Termination (ms): Min: 0.0, Avg: 0.0, Max: 0.0, Diff: 0.0, Sum: 0.0]
      [GC Worker Other (ms): Min: 0.0, Avg: 0.0, Max: 0.0, Diff: 0.0, Sum: 0.1]
      [GC Worker Total (ms): Min: 19.3, Avg: 19.3, Max: 19.3, Diff: 0.0, Sum: 38.6]
      [GC Worker End (ms): Min: 30401.1, Avg: 30401.1, Max: 30401.1, Diff: 0.0]
   [Code Root Fixup: 0.0 ms]
   [Code Root Migration: 0.0 ms]
   [Clear CT: 0.0 ms]
   [Other: 0.3 ms]
      [Choose CSet: 0.0 ms]
      [Ref Proc: 0.0 ms]
      [Ref Enq: 0.0 ms]
      [Free CSet: 0.1 ms]
   [Eden: 28.0M(28.0M)->0.0B(18.0M) Survivors: 9216.0K->5120.0K Heap: 201.5M(256.0M)->193.5M(256.0M)]
 [Times: user=0.03 sys=0.00, real=0.02 secs] 
2014-07-10T16:12:59.416+0200: 30.402: [GC concurrent-root-region-scan-start]
2014-07-10T16:12:59.416+0200: 30.402: [GC concurrent-root-region-scan-end, 0.0001580 secs]
2014-07-10T16:12:59.416+0200: 30.402: [GC concurrent-mark-start]
2014-07-10T16:12:59.420+0200: 30.406: [GC concurrent-mark-end, 0.0035933 secs]
2014-07-10T16:12:59.421+0200: 30.407: [GC remark 2014-07-10T16:12:59.421+0200: 30.407: [GC ref-proc, 0.0000722 secs], 0.0012381 secs]
 [Times: user=0.00 sys=0.00, real=0.00 secs] 
2014-07-10T16:12:59.422+0200: 30.408: [GC cleanup 196M->106M(256M), 0.0007710 secs]
 [Times: user=0.00 sys=0.00, real=0.00 secs] 
2014-07-10T16:12:59.423+0200: 30.409: [GC concurrent-cleanup-start]
2014-07-10T16:12:59.423+0200: 30.409: [GC concurrent-cleanup-end, 0.0001895 secs]
2014-07-10T16:12:59.447+0200: 30.433: [GC pause (young), 0.0130497 secs]
   [Parallel Time: 12.7 ms, GC Workers: 2]
      [GC Worker Start (ms): Min: 30432.8, Avg: 30432.8, Max: 30432.8, Diff: 0.0]
      [Ext Root Scanning (ms): Min: 1.1, Avg: 1.1, Max: 1.1, Diff: 0.0, Sum: 2.2]
      [Update RS (ms): Min: 0.4, Avg: 0.4, Max: 0.5, Diff: 0.0, Sum: 0.9]
         [Processed Buffers: Min: 3, Avg: 3.5, Max: 4, Diff: 1, Sum: 7]
      [Scan RS (ms): Min: 0.0, Avg: 0.0, Max: 0.0, Diff: 0.0, Sum: 0.1]
      [Code Root Scanning (ms): Min: 0.0, Avg: 0.0, Max: 0.0, Diff: 0.0, Sum: 0.0]
      [Object Copy (ms): Min: 10.9, Avg: 10.9, Max: 10.9, Diff: 0.0, Sum: 21.9]
      [Termination (ms): Min: 0.0, Avg: 0.0, Max: 0.0, Diff: 0.0, Sum: 0.0]
      [GC Worker Other (ms): Min: 0.0, Avg: 0.0, Max: 0.0, Diff: 0.0, Sum: 0.1]
      [GC Worker Total (ms): Min: 12.6, Avg: 12.6, Max: 12.6, Diff: 0.0, Sum: 25.1]
      [GC Worker End (ms): Min: 30445.4, Avg: 30445.4, Max: 30445.4, Diff: 0.0]
   [Code Root Fixup: 0.0 ms]
   [Code Root Migration: 0.0 ms]
   [Clear CT: 0.1 ms]
   [Other: 0.3 ms]
      [Choose CSet: 0.0 ms]
      [Ref Proc: 0.1 ms]
      [Ref Enq: 0.0 ms]
      [Free CSet: 0.1 ms]
   [Eden: 18.0M(18.0M)->0.0B(9216.0K) Survivors: 5120.0K->3072.0K Heap: 121.5M(256.0M)->117.0M(256.0M)]
 [Times: user=0.03 sys=0.00, real=0.01 secs] 
2014-07-10T16:12:59.475+0200: 30.461: [GC pause (mixed), 0.0097515 secs]
   [Parallel Time: 9.2 ms, GC Workers: 2]
      [GC Worker Start (ms): Min: 30460.8, Avg: 30460.8, Max: 30460.8, Diff: 0.0]
      [Ext Root Scanning (ms): Min: 0.9, Avg: 0.9, Max: 0.9, Diff: 0.0, Sum: 1.9]
      [Update RS (ms): Min: 0.3, Avg: 0.3, Max: 0.3, Diff: 0.0, Sum: 0.6]
         [Processed Buffers: Min: 1, Avg: 3.5, Max: 6, Diff: 5, Sum: 7]
      [Scan RS (ms): Min: 0.1, Avg: 0.1, Max: 0.1, Diff: 0.0, Sum: 0.3]
      [Code Root Scanning (ms): Min: 0.0, Avg: 0.0, Max: 0.0, Diff: 0.0, Sum: 0.0]
      [Object Copy (ms): Min: 7.7, Avg: 7.7, Max: 7.7, Diff: 0.0, Sum: 15.5]
      [Termination (ms): Min: 0.0, Avg: 0.0, Max: 0.0, Diff: 0.0, Sum: 0.0]
      [GC Worker Other (ms): Min: 0.0, Avg: 0.0, Max: 0.0, Diff: 0.0, Sum: 0.1]
      [GC Worker Total (ms): Min: 9.2, Avg: 9.2, Max: 9.2, Diff: 0.0, Sum: 18.3]
      [GC Worker End (ms): Min: 30469.9, Avg: 30469.9, Max: 30469.9, Diff: 0.0]
   [Code Root Fixup: 0.0 ms]
   [Code Root Migration: 0.0 ms]
   [Clear CT: 0.1 ms]
   [Other: 0.5 ms]
      [Choose CSet: 0.0 ms]
      [Ref Proc: 0.0 ms]
      [Ref Enq: 0.0 ms]
      [Free CSet: 0.3 ms]
   [Eden: 9216.0K(9216.0K)->0.0B(10.0M) Survivors: 3072.0K->2048.0K Heap: 126.0M(256.0M)->103.5M(256.0M)]
 [Times: user=0.00 sys=0.00, real=0.01 secs] 
2014-07-10T16:12:59.512+0200: 30.498: [GC pause (mixed), 0.0104950 secs]
   [Parallel Time: 10.1 ms, GC Workers: 2]
      [GC Worker Start (ms): Min: 30497.8, Avg: 30497.8, Max: 30497.8, Diff: 0.0]
      [Ext Root Scanning (ms): Min: 0.9, Avg: 0.9, Max: 1.0, Diff: 0.1, Sum: 1.9]
      [Update RS (ms): Min: 0.3, Avg: 0.3, Max: 0.4, Diff: 0.1, Sum: 0.7]
         [Processed Buffers: Min: 1, Avg: 3.0, Max: 5, Diff: 4, Sum: 6]
      [Scan RS (ms): Min: 0.0, Avg: 0.0, Max: 0.1, Diff: 0.0, Sum: 0.1]
      [Code Root Scanning (ms): Min: 0.0, Avg: 0.0, Max: 0.0, Diff: 0.0, Sum: 0.0]
      [Object Copy (ms): Min: 8.1, Avg: 8.4, Max: 8.7, Diff: 0.6, Sum: 16.8]
      [Termination (ms): Min: 0.0, Avg: 0.3, Max: 0.6, Diff: 0.6, Sum: 0.6]
      [GC Worker Other (ms): Min: 0.0, Avg: 0.0, Max: 0.0, Diff: 0.0, Sum: 0.0]
      [GC Worker Total (ms): Min: 10.1, Avg: 10.1, Max: 10.1, Diff: 0.0, Sum: 20.1]
      [GC Worker End (ms): Min: 30507.9, Avg: 30507.9, Max: 30507.9, Diff: 0.0]
   [Code Root Fixup: 0.0 ms]
   [Code Root Migration: 0.0 ms]
   [Clear CT: 0.0 ms]
   [Other: 0.3 ms]
      [Choose CSet: 0.0 ms]
      [Ref Proc: 0.0 ms]
      [Ref Enq: 0.0 ms]
      [Free CSet: 0.2 ms]
   [Eden: 10.0M(10.0M)->0.0B(59.0M) Survivors: 2048.0K->2048.0K Heap: 113.5M(256.0M)->113.5M(256.0M)]
 [Times: user=0.03 sys=0.00, real=0.01 secs] 
2014-07-10T16:12:59.622+0200: 30.608: [GC pause (young), 0.0391670 secs]
   [Parallel Time: 38.7 ms, GC Workers: 2]
      [GC Worker Start (ms): Min: 30608.0, Avg: 30608.0, Max: 30608.0, Diff: 0.0]
      [Ext Root Scanning (ms): Min: 1.1, Avg: 1.1, Max: 1.1, Diff: 0.1, Sum: 2.2]
      [Update RS (ms): Min: 0.4, Avg: 0.4, Max: 0.4, Diff: 0.1, Sum: 0.8]
         [Processed Buffers: Min: 2, Avg: 3.0, Max: 4, Diff: 2, Sum: 6]
      [Scan RS (ms): Min: 0.1, Avg: 0.1, Max: 0.1, Diff: 0.0, Sum: 0.2]
      [Code Root Scanning (ms): Min: 0.0, Avg: 0.0, Max: 0.0, Diff: 0.0, Sum: 0.1]
      [Object Copy (ms): Min: 37.0, Avg: 37.0, Max: 37.0, Diff: 0.0, Sum: 74.0]
      [Termination (ms): Min: 0.0, Avg: 0.0, Max: 0.0, Diff: 0.0, Sum: 0.0]
      [GC Worker Other (ms): Min: 0.0, Avg: 0.0, Max: 0.0, Diff: 0.0, Sum: 0.1]
      [GC Worker Total (ms): Min: 38.7, Avg: 38.7, Max: 38.7, Diff: 0.0, Sum: 77.4]
      [GC Worker End (ms): Min: 30646.7, Avg: 30646.7, Max: 30646.7, Diff: 0.0]
   [Code Root Fixup: 0.0 ms]
   [Code Root Migration: 0.0 ms]
   [Clear CT: 0.0 ms]
   [Other: 0.4 ms]
      [Choose CSet: 0.0 ms]
      [Ref Proc: 0.1 ms]
      [Ref Enq: 0.0 ms]
      [Free CSet: 0.1 ms]
   [Eden: 59.0M(59.0M)->0.0B(25.0M) Survivors: 2048.0K->8192.0K Heap: 172.5M(256.0M)->178.5M(256.0M)]
 [Times: user=0.09 sys=0.00, real=0.04 secs] 
2014-07-10T16:12:59.703+0200: 30.689: [GC pause (young) (initial-mark), 0.0186301 secs]
   [Parallel Time: 18.2 ms, GC Workers: 2]
      [GC Worker Start (ms): Min: 30689.0, Avg: 30689.0, Max: 30689.0, Diff: 0.0]
      [Ext Root Scanning (ms): Min: 1.2, Avg: 1.2, Max: 1.3, Diff: 0.1, Sum: 2.5]
      [Code Root Marking (ms): Min: 0.0, Avg: 0.1, Max: 0.1, Diff: 0.0, Sum: 0.1]
      [Update RS (ms): Min: 0.8, Avg: 0.8, Max: 0.9, Diff: 0.0, Sum: 1.7]
         [Processed Buffers: Min: 4, Avg: 5.0, Max: 6, Diff: 2, Sum: 10]
      [Scan RS (ms): Min: 0.0, Avg: 0.0, Max: 0.1, Diff: 0.0, Sum: 0.1]
      [Code Root Scanning (ms): Min: 0.0, Avg: 0.0, Max: 0.0, Diff: 0.0, Sum: 0.0]
      [Object Copy (ms): Min: 15.9, Avg: 15.9, Max: 15.9, Diff: 0.0, Sum: 31.8]
      [Termination (ms): Min: 0.0, Avg: 0.0, Max: 0.0, Diff: 0.0, Sum: 0.0]
      [GC Worker Other (ms): Min: 0.0, Avg: 0.0, Max: 0.0, Diff: 0.0, Sum: 0.1]
      [GC Worker Total (ms): Min: 18.1, Avg: 18.1, Max: 18.1, Diff: 0.0, Sum: 36.3]
      [GC Worker End (ms): Min: 30707.1, Avg: 30707.1, Max: 30707.1, Diff: 0.0]
   [Code Root Fixup: 0.0 ms]
   [Code Root Migration: 0.0 ms]
   [Clear CT: 0.0 ms]
   [Other: 0.4 ms]
      [Choose CSet: 0.0 ms]
      [Ref Proc: 0.1 ms]
      [Ref Enq: 0.0 ms]
      [Free CSet: 0.1 ms]
   [Eden: 25.0M(25.0M)->0.0B(15.0M) Survivors: 8192.0K->5120.0K Heap: 203.5M(256.0M)->198.5M(256.0M)]
 [Times: user=0.03 sys=0.00, real=0.02 secs] 
2014-07-10T16:12:59.722+0200: 30.708: [GC concurrent-root-region-scan-start]
2014-07-10T16:12:59.722+0200: 30.708: [GC concurrent-root-region-scan-end, 0.0000876 secs]
2014-07-10T16:12:59.722+0200: 30.708: [GC concurrent-mark-start]
2014-07-10T16:12:59.726+0200: 30.712: [GC concurrent-mark-end, 0.0041000 secs]
2014-07-10T16:12:59.727+0200: 30.713: [GC remark 2014-07-10T16:12:59.727+0200: 30.713: [GC ref-proc, 0.0000675 secs], 0.0010112 secs]
 [Times: user=0.00 sys=0.00, real=0.00 secs] 
2014-07-10T16:12:59.730+0200: 30.716: [GC cleanup 199M->94M(256M), 0.0012363 secs]
 [Times: user=0.00 sys=0.00, real=0.00 secs] 
2014-07-10T16:12:59.731+0200: 30.717: [GC concurrent-cleanup-start]
2014-07-10T16:12:59.731+0200: 30.717: [GC concurrent-cleanup-end, 0.0002046 secs]
2014-07-10T16:12:59.751+0200: 30.737: [GC pause (young), 0.0108063 secs]
   [Parallel Time: 10.5 ms, GC Workers: 2]
      [GC Worker Start (ms): Min: 30736.9, Avg: 30736.9, Max: 30736.9, Diff: 0.0]
      [Ext Root Scanning (ms): Min: 0.9, Avg: 0.9, Max: 1.0, Diff: 0.0, Sum: 1.9]
      [Update RS (ms): Min: 0.4, Avg: 0.4, Max: 0.4, Diff: 0.0, Sum: 0.8]
         [Processed Buffers: Min: 2, Avg: 3.5, Max: 5, Diff: 3, Sum: 7]
      [Scan RS (ms): Min: 0.0, Avg: 0.0, Max: 0.0, Diff: 0.0, Sum: 0.1]
      [Code Root Scanning (ms): Min: 0.0, Avg: 0.0, Max: 0.0, Diff: 0.0, Sum: 0.0]
      [Object Copy (ms): Min: 9.0, Avg: 9.0, Max: 9.0, Diff: 0.0, Sum: 18.0]
      [Termination (ms): Min: 0.0, Avg: 0.0, Max: 0.0, Diff: 0.0, Sum: 0.0]
      [GC Worker Other (ms): Min: 0.0, Avg: 0.0, Max: 0.0, Diff: 0.0, Sum: 0.1]
      [GC Worker Total (ms): Min: 10.4, Avg: 10.4, Max: 10.4, Diff: 0.0, Sum: 20.9]
      [GC Worker End (ms): Min: 30747.3, Avg: 30747.3, Max: 30747.3, Diff: 0.0]
   [Code Root Fixup: 0.0 ms]
   [Code Root Migration: 0.0 ms]
   [Clear CT: 0.0 ms]
   [Other: 0.3 ms]
      [Choose CSet: 0.0 ms]
      [Ref Proc: 0.1 ms]
      [Ref Enq: 0.0 ms]
      [Free CSet: 0.1 ms]
   [Eden: 15.0M(15.0M)->0.0B(9216.0K) Survivors: 5120.0K->3072.0K Heap: 108.5M(256.0M)->104.0M(256.0M)]
 [Times: user=0.02 sys=0.00, real=0.01 secs] 
2014-07-10T16:12:59.776+0200: 30.762: [GC pause (mixed), 0.0109555 secs]
   [Parallel Time: 10.5 ms, GC Workers: 2]
      [GC Worker Start (ms): Min: 30761.8, Avg: 30761.8, Max: 30761.8, Diff: 0.0]
      [Ext Root Scanning (ms): Min: 1.0, Avg: 1.1, Max: 1.1, Diff: 0.1, Sum: 2.1]
      [Update RS (ms): Min: 0.2, Avg: 0.3, Max: 0.3, Diff: 0.1, Sum: 0.5]
         [Processed Buffers: Min: 1, Avg: 2.0, Max: 3, Diff: 2, Sum: 4]
      [Scan RS (ms): Min: 0.1, Avg: 0.1, Max: 0.1, Diff: 0.0, Sum: 0.3]
      [Code Root Scanning (ms): Min: 0.0, Avg: 0.0, Max: 0.0, Diff: 0.0, Sum: 0.0]
      [Object Copy (ms): Min: 8.9, Avg: 8.9, Max: 8.9, Diff: 0.0, Sum: 17.9]
      [Termination (ms): Min: 0.0, Avg: 0.0, Max: 0.0, Diff: 0.0, Sum: 0.0]
      [GC Worker Other (ms): Min: 0.0, Avg: 0.0, Max: 0.0, Diff: 0.0, Sum: 0.1]
      [GC Worker Total (ms): Min: 10.5, Avg: 10.5, Max: 10.5, Diff: 0.0, Sum: 20.9]
      [GC Worker End (ms): Min: 30772.2, Avg: 30772.2, Max: 30772.2, Diff: 0.0]
   [Code Root Fixup: 0.0 ms]
   [Code Root Migration: 0.0 ms]
   [Clear CT: 0.1 ms]
   [Other: 0.4 ms]
      [Choose CSet: 0.0 ms]
      [Ref Proc: 0.0 ms]
      [Ref Enq: 0.0 ms]
      [Free CSet: 0.2 ms]
   [Eden: 9216.0K(9216.0K)->0.0B(67.0M) Survivors: 3072.0K->2048.0K Heap: 113.0M(256.0M)->97.1M(256.0M)]
 [Times: user=0.03 sys=0.00, real=0.01 secs] 
2014-07-10T16:12:59.897+0200: 30.883: [GC pause (young), 0.0443056 secs]
   [Parallel Time: 43.8 ms, GC Workers: 2]
      [GC Worker Start (ms): Min: 30882.9, Avg: 30882.9, Max: 30882.9, Diff: 0.0]
      [Ext Root Scanning (ms): Min: 1.1, Avg: 1.1, Max: 1.1, Diff: 0.0, Sum: 2.2]
      [Update RS (ms): Min: 0.5, Avg: 0.5, Max: 0.5, Diff: 0.0, Sum: 1.0]
         [Processed Buffers: Min: 1, Avg: 3.0, Max: 5, Diff: 4, Sum: 6]
      [Scan RS (ms): Min: 0.1, Avg: 0.1, Max: 0.1, Diff: 0.0, Sum: 0.2]
      [Code Root Scanning (ms): Min: 0.0, Avg: 0.0, Max: 0.1, Diff: 0.0, Sum: 0.1]
      [Object Copy (ms): Min: 42.0, Avg: 42.1, Max: 42.1, Diff: 0.0, Sum: 84.1]
      [Termination (ms): Min: 0.0, Avg: 0.0, Max: 0.0, Diff: 0.0, Sum: 0.0]
      [GC Worker Other (ms): Min: 0.0, Avg: 0.0, Max: 0.0, Diff: 0.0, Sum: 0.1]
      [GC Worker Total (ms): Min: 43.8, Avg: 43.8, Max: 43.8, Diff: 0.0, Sum: 87.6]
      [GC Worker End (ms): Min: 30926.7, Avg: 30926.7, Max: 30926.7, Diff: 0.0]
   [Code Root Fixup: 0.0 ms]
   [Code Root Migration: 0.0 ms]
   [Clear CT: 0.1 ms]
   [Other: 0.4 ms]
      [Choose CSet: 0.0 ms]
      [Ref Proc: 0.0 ms]
      [Ref Enq: 0.0 ms]
      [Free CSet: 0.1 ms]
   [Eden: 67.0M(67.0M)->0.0B(28.0M) Survivors: 2048.0K->9216.0K Heap: 164.1M(256.0M)->172.5M(256.0M)]
 [Times: user=0.06 sys=0.00, real=0.04 secs] 
2014-07-10T16:12:59.986+0200: 30.972: [GC pause (young) (initial-mark), 0.0190781 secs]
   [Parallel Time: 18.6 ms, GC Workers: 2]
      [GC Worker Start (ms): Min: 30971.8, Avg: 30971.8, Max: 30971.8, Diff: 0.0]
      [Ext Root Scanning (ms): Min: 0.9, Avg: 0.9, Max: 0.9, Diff: 0.0, Sum: 1.8]
      [Code Root Marking (ms): Min: 0.0, Avg: 0.0, Max: 0.1, Diff: 0.1, Sum: 0.1]
      [Update RS (ms): Min: 1.1, Avg: 1.1, Max: 1.1, Diff: 0.0, Sum: 2.2]
         [Processed Buffers: Min: 4, Avg: 5.5, Max: 7, Diff: 3, Sum: 11]
      [Scan RS (ms): Min: 0.0, Avg: 0.0, Max: 0.1, Diff: 0.0, Sum: 0.1]
      [Code Root Scanning (ms): Min: 0.0, Avg: 0.0, Max: 0.0, Diff: 0.0, Sum: 0.0]
      [Object Copy (ms): Min: 16.3, Avg: 16.4, Max: 16.4, Diff: 0.1, Sum: 32.7]
      [Termination (ms): Min: 0.0, Avg: 0.0, Max: 0.0, Diff: 0.0, Sum: 0.0]
      [GC Worker Other (ms): Min: 0.0, Avg: 0.0, Max: 0.0, Diff: 0.0, Sum: 0.1]
      [GC Worker Total (ms): Min: 18.5, Avg: 18.5, Max: 18.5, Diff: 0.0, Sum: 37.0]
      [GC Worker End (ms): Min: 30990.3, Avg: 30990.3, Max: 30990.3, Diff: 0.0]
   [Code Root Fixup: 0.0 ms]
   [Code Root Migration: 0.0 ms]
   [Clear CT: 0.0 ms]
   [Other: 0.5 ms]
      [Choose CSet: 0.0 ms]
      [Ref Proc: 0.2 ms]
      [Ref Enq: 0.0 ms]
      [Free CSet: 0.1 ms]
   [Eden: 28.0M(28.0M)->0.0B(19.0M) Survivors: 9216.0K->5120.0K Heap: 200.5M(256.0M)->191.0M(256.0M)]
 [Times: user=0.06 sys=0.00, real=0.02 secs] 
2014-07-10T16:13:00.005+0200: 30.991: [GC concurrent-root-region-scan-start]
2014-07-10T16:13:00.005+0200: 30.991: [GC concurrent-root-region-scan-end, 0.0001379 secs]
2014-07-10T16:13:00.005+0200: 30.991: [GC concurrent-mark-start]
2014-07-10T16:13:00.009+0200: 30.995: [GC concurrent-mark-end, 0.0034745 secs]
2014-07-10T16:13:00.010+0200: 30.996: [GC remark 2014-07-10T16:13:00.010+0200: 30.996: [GC ref-proc, 0.0000678 secs], 0.0010617 secs]
 [Times: user=0.00 sys=0.00, real=0.00 secs] 
2014-07-10T16:13:00.013+0200: 30.999: [GC cleanup 193M->91M(256M), 0.0010771 secs]
 [Times: user=0.00 sys=0.00, real=0.00 secs] 
2014-07-10T16:13:00.014+0200: 31.000: [GC concurrent-cleanup-start]
2014-07-10T16:13:00.014+0200: 31.000: [GC concurrent-cleanup-end, 0.0002024 secs]
2014-07-10T16:13:00.041+0200: 31.027: [GC pause (young), 0.0133584 secs]
   [Parallel Time: 13.1 ms, GC Workers: 2]
      [GC Worker Start (ms): Min: 31027.0, Avg: 31027.0, Max: 31027.0, Diff: 0.0]
      [Ext Root Scanning (ms): Min: 0.9, Avg: 1.0, Max: 1.0, Diff: 0.1, Sum: 1.9]
      [Update RS (ms): Min: 0.4, Avg: 0.5, Max: 0.6, Diff: 0.2, Sum: 1.0]
         [Processed Buffers: Min: 2, Avg: 3.0, Max: 4, Diff: 2, Sum: 6]
      [Scan RS (ms): Min: 0.0, Avg: 0.0, Max: 0.1, Diff: 0.1, Sum: 0.1]
      [Code Root Scanning (ms): Min: 0.0, Avg: 0.0, Max: 0.0, Diff: 0.0, Sum: 0.0]
      [Object Copy (ms): Min: 11.3, Avg: 11.3, Max: 11.3, Diff: 0.1, Sum: 22.6]
      [Termination (ms): Min: 0.0, Avg: 0.1, Max: 0.1, Diff: 0.1, Sum: 0.1]
      [GC Worker Other (ms): Min: 0.0, Avg: 0.0, Max: 0.0, Diff: 0.0, Sum: 0.0]
      [GC Worker Total (ms): Min: 12.9, Avg: 12.9, Max: 12.9, Diff: 0.0, Sum: 25.8]
      [GC Worker End (ms): Min: 31039.9, Avg: 31039.9, Max: 31039.9, Diff: 0.0]
   [Code Root Fixup: 0.0 ms]
   [Code Root Migration: 0.0 ms]
   [Clear CT: 0.0 ms]
   [Other: 0.2 ms]
      [Choose CSet: 0.0 ms]
      [Ref Proc: 0.0 ms]
      [Ref Enq: 0.0 ms]
      [Free CSet: 0.1 ms]
   [Eden: 19.0M(19.0M)->0.0B(9216.0K) Survivors: 5120.0K->3072.0K Heap: 108.0M(256.0M)->104.0M(256.0M)]
 [Times: user=0.03 sys=0.00, real=0.01 secs] 
2014-07-10T16:13:00.069+0200: 31.055: [GC pause (mixed), 0.0093830 secs]
   [Parallel Time: 9.0 ms, GC Workers: 2]
      [GC Worker Start (ms): Min: 31054.8, Avg: 31054.8, Max: 31054.8, Diff: 0.0]
      [Ext Root Scanning (ms): Min: 1.0, Avg: 1.0, Max: 1.0, Diff: 0.0, Sum: 2.0]
      [Update RS (ms): Min: 0.3, Avg: 0.3, Max: 0.3, Diff: 0.0, Sum: 0.6]
         [Processed Buffers: Min: 2, Avg: 3.0, Max: 4, Diff: 2, Sum: 6]
      [Scan RS (ms): Min: 0.1, Avg: 0.9, Max: 1.6, Diff: 1.5, Sum: 1.7]
      [Code Root Scanning (ms): Min: 0.0, Avg: 0.0, Max: 0.0, Diff: 0.0, Sum: 0.0]
      [Object Copy (ms): Min: 6.1, Avg: 6.8, Max: 7.5, Diff: 1.4, Sum: 13.5]
      [Termination (ms): Min: 0.0, Avg: 0.0, Max: 0.0, Diff: 0.0, Sum: 0.0]
      [GC Worker Other (ms): Min: 0.0, Avg: 0.0, Max: 0.0, Diff: 0.0, Sum: 0.1]
      [GC Worker Total (ms): Min: 8.9, Avg: 8.9, Max: 8.9, Diff: 0.0, Sum: 17.9]
      [GC Worker End (ms): Min: 31063.7, Avg: 31063.7, Max: 31063.7, Diff: 0.0]
   [Code Root Fixup: 0.0 ms]
   [Code Root Migration: 0.0 ms]
   [Clear CT: 0.1 ms]
   [Other: 0.3 ms]
      [Choose CSet: 0.0 ms]
      [Ref Proc: 0.1 ms]
      [Ref Enq: 0.0 ms]
      [Free CSet: 0.1 ms]
   [Eden: 9216.0K(9216.0K)->0.0B(71.0M) Survivors: 3072.0K->2048.0K Heap: 113.0M(256.0M)->98.5M(256.0M)]
 [Times: user=0.00 sys=0.00, real=0.01 secs] 
2014-07-10T16:13:00.206+0200: 31.192: [GC pause (young), 0.0471154 secs]
   [Parallel Time: 46.6 ms, GC Workers: 2]
      [GC Worker Start (ms): Min: 31191.9, Avg: 31191.9, Max: 31191.9, Diff: 0.0]
      [Ext Root Scanning (ms): Min: 1.1, Avg: 1.1, Max: 1.2, Diff: 0.1, Sum: 2.3]
      [Update RS (ms): Min: 0.4, Avg: 0.5, Max: 0.5, Diff: 0.1, Sum: 0.9]
         [Processed Buffers: Min: 2, Avg: 2.5, Max: 3, Diff: 1, Sum: 5]
      [Scan RS (ms): Min: 0.1, Avg: 0.1, Max: 0.1, Diff: 0.0, Sum: 0.2]
      [Code Root Scanning (ms): Min: 0.0, Avg: 0.0, Max: 0.1, Diff: 0.0, Sum: 0.1]
      [Object Copy (ms): Min: 44.8, Avg: 44.8, Max: 44.8, Diff: 0.0, Sum: 89.5]
      [Termination (ms): Min: 0.0, Avg: 0.0, Max: 0.0, Diff: 0.0, Sum: 0.0]
      [GC Worker Other (ms): Min: 0.0, Avg: 0.0, Max: 0.0, Diff: 0.0, Sum: 0.1]
      [GC Worker Total (ms): Min: 46.5, Avg: 46.5, Max: 46.5, Diff: 0.0, Sum: 93.1]
      [GC Worker End (ms): Min: 31238.5, Avg: 31238.5, Max: 31238.5, Diff: 0.0]
   [Code Root Fixup: 0.0 ms]
   [Code Root Migration: 0.0 ms]
   [Clear CT: 0.1 ms]
   [Other: 0.4 ms]
      [Choose CSet: 0.0 ms]
      [Ref Proc: 0.1 ms]
      [Ref Enq: 0.0 ms]
      [Free CSet: 0.1 ms]
   [Eden: 71.0M(71.0M)->0.0B(24.0M) Survivors: 2048.0K->10.0M Heap: 169.5M(256.0M)->180.5M(256.0M)]
 [Times: user=0.09 sys=0.00, real=0.05 secs] 
2014-07-10T16:13:00.292+0200: 31.278: [GC pause (young) (initial-mark), 0.0163269 secs]
   [Parallel Time: 15.9 ms, GC Workers: 2]
      [GC Worker Start (ms): Min: 31277.9, Avg: 31277.9, Max: 31277.9, Diff: 0.0]
      [Ext Root Scanning (ms): Min: 0.9, Avg: 0.9, Max: 0.9, Diff: 0.0, Sum: 1.8]
      [Code Root Marking (ms): Min: 0.0, Avg: 0.0, Max: 0.1, Diff: 0.0, Sum: 0.1]
      [Update RS (ms): Min: 0.9, Avg: 0.9, Max: 0.9, Diff: 0.0, Sum: 1.8]
         [Processed Buffers: Min: 4, Avg: 5.0, Max: 6, Diff: 2, Sum: 10]
      [Scan RS (ms): Min: 0.0, Avg: 0.0, Max: 0.1, Diff: 0.0, Sum: 0.1]
      [Code Root Scanning (ms): Min: 0.0, Avg: 0.0, Max: 0.0, Diff: 0.0, Sum: 0.0]
      [Object Copy (ms): Min: 13.9, Avg: 14.0, Max: 14.0, Diff: 0.0, Sum: 27.9]
      [Termination (ms): Min: 0.0, Avg: 0.0, Max: 0.0, Diff: 0.0, Sum: 0.0]
      [GC Worker Other (ms): Min: 0.0, Avg: 0.0, Max: 0.0, Diff: 0.0, Sum: 0.1]
      [GC Worker Total (ms): Min: 15.9, Avg: 15.9, Max: 15.9, Diff: 0.0, Sum: 31.8]
      [GC Worker End (ms): Min: 31293.8, Avg: 31293.8, Max: 31293.8, Diff: 0.0]
   [Code Root Fixup: 0.0 ms]
   [Code Root Migration: 0.0 ms]
   [Clear CT: 0.0 ms]
   [Other: 0.3 ms]
      [Choose CSet: 0.0 ms]
      [Ref Proc: 0.1 ms]
      [Ref Enq: 0.0 ms]
      [Free CSet: 0.1 ms]
   [Eden: 24.0M(24.0M)->0.0B(17.0M) Survivors: 10.0M->5120.0K Heap: 204.5M(256.0M)->195.0M(256.0M)]
 [Times: user=0.03 sys=0.00, real=0.02 secs] 
2014-07-10T16:13:00.308+0200: 31.294: [GC concurrent-root-region-scan-start]
2014-07-10T16:13:00.309+0200: 31.295: [GC concurrent-root-region-scan-end, 0.0000935 secs]
2014-07-10T16:13:00.309+0200: 31.295: [GC concurrent-mark-start]
2014-07-10T16:13:00.312+0200: 31.298: [GC concurrent-mark-end, 0.0031797 secs]
2014-07-10T16:13:00.313+0200: 31.299: [GC remark 2014-07-10T16:13:00.313+0200: 31.299: [GC ref-proc, 0.0000704 secs], 0.0011395 secs]
 [Times: user=0.00 sys=0.00, real=0.00 secs] 
2014-07-10T16:13:00.314+0200: 31.300: [GC cleanup 197M->83M(256M), 0.0007985 secs]
 [Times: user=0.00 sys=0.00, real=0.00 secs] 
2014-07-10T16:13:00.315+0200: 31.301: [GC concurrent-cleanup-start]
2014-07-10T16:13:00.315+0200: 31.301: [GC concurrent-cleanup-end, 0.0002295 secs]
2014-07-10T16:13:00.338+0200: 31.324: [GC pause (young), 0.0119318 secs]
   [Parallel Time: 11.6 ms, GC Workers: 2]
      [GC Worker Start (ms): Min: 31324.2, Avg: 31324.2, Max: 31324.2, Diff: 0.0]
      [Ext Root Scanning (ms): Min: 1.0, Avg: 1.1, Max: 1.2, Diff: 0.2, Sum: 2.2]
      [Update RS (ms): Min: 0.3, Avg: 0.4, Max: 0.5, Diff: 0.2, Sum: 0.9]
         [Processed Buffers: Min: 3, Avg: 3.5, Max: 4, Diff: 1, Sum: 7]
      [Scan RS (ms): Min: 0.0, Avg: 0.0, Max: 0.0, Diff: 0.0, Sum: 0.1]
      [Code Root Scanning (ms): Min: 0.0, Avg: 0.0, Max: 0.0, Diff: 0.0, Sum: 0.0]
      [Object Copy (ms): Min: 10.0, Avg: 10.0, Max: 10.0, Diff: 0.0, Sum: 20.0]
      [Termination (ms): Min: 0.0, Avg: 0.0, Max: 0.0, Diff: 0.0, Sum: 0.0]
      [GC Worker Other (ms): Min: 0.0, Avg: 0.0, Max: 0.0, Diff: 0.0, Sum: 0.0]
      [GC Worker Total (ms): Min: 11.6, Avg: 11.6, Max: 11.6, Diff: 0.0, Sum: 23.2]
      [GC Worker End (ms): Min: 31335.8, Avg: 31335.8, Max: 31335.8, Diff: 0.0]
   [Code Root Fixup: 0.0 ms]
   [Code Root Migration: 0.0 ms]
   [Clear CT: 0.0 ms]
   [Other: 0.3 ms]
      [Choose CSet: 0.0 ms]
      [Ref Proc: 0.0 ms]
      [Ref Enq: 0.0 ms]
      [Free CSet: 0.1 ms]
   [Eden: 17.0M(17.0M)->0.0B(9216.0K) Survivors: 5120.0K->3072.0K Heap: 98.0M(256.0M)->93.5M(256.0M)]
 [Times: user=0.03 sys=0.00, real=0.01 secs] 
2014-07-10T16:13:00.364+0200: 31.350: [GC pause (mixed), 0.0088225 secs]
   [Parallel Time: 8.4 ms, GC Workers: 2]
      [GC Worker Start (ms): Min: 31350.1, Avg: 31350.1, Max: 31350.1, Diff: 0.0]
      [Ext Root Scanning (ms): Min: 1.1, Avg: 1.1, Max: 1.1, Diff: 0.1, Sum: 2.2]
      [Update RS (ms): Min: 0.2, Avg: 0.3, Max: 0.3, Diff: 0.0, Sum: 0.5]
         [Processed Buffers: Min: 1, Avg: 2.0, Max: 3, Diff: 2, Sum: 4]
      [Scan RS (ms): Min: 0.1, Avg: 0.1, Max: 0.1, Diff: 0.0, Sum: 0.2]
      [Code Root Scanning (ms): Min: 0.0, Avg: 0.0, Max: 0.0, Diff: 0.0, Sum: 0.0]
      [Object Copy (ms): Min: 6.8, Avg: 6.8, Max: 6.9, Diff: 0.0, Sum: 13.7]
      [Termination (ms): Min: 0.0, Avg: 0.0, Max: 0.0, Diff: 0.0, Sum: 0.0]
      [GC Worker Other (ms): Min: 0.0, Avg: 0.0, Max: 0.0, Diff: 0.0, Sum: 0.1]
      [GC Worker Total (ms): Min: 8.4, Avg: 8.4, Max: 8.4, Diff: 0.0, Sum: 16.8]
      [GC Worker End (ms): Min: 31358.5, Avg: 31358.5, Max: 31358.5, Diff: 0.0]
   [Code Root Fixup: 0.0 ms]
   [Code Root Migration: 0.0 ms]
   [Clear CT: 0.1 ms]
   [Other: 0.3 ms]
      [Choose CSet: 0.0 ms]
      [Ref Proc: 0.1 ms]
      [Ref Enq: 0.0 ms]
      [Free CSet: 0.1 ms]
   [Eden: 9216.0K(9216.0K)->0.0B(72.0M) Survivors: 3072.0K->2048.0K Heap: 102.5M(256.0M)->93.5M(256.0M)]
 [Times: user=0.00 sys=0.00, real=0.01 secs] 
2014-07-10T16:13:00.493+0200: 31.479: [GC pause (young), 0.0479649 secs]
   [Parallel Time: 47.3 ms, GC Workers: 2]
      [GC Worker Start (ms): Min: 31478.8, Avg: 31478.8, Max: 31478.8, Diff: 0.0]
      [Ext Root Scanning (ms): Min: 1.1, Avg: 1.1, Max: 1.2, Diff: 0.0, Sum: 2.3]
      [Update RS (ms): Min: 0.4, Avg: 0.4, Max: 0.5, Diff: 0.0, Sum: 0.9]
         [Processed Buffers: Min: 2, Avg: 2.5, Max: 3, Diff: 1, Sum: 5]
      [Scan RS (ms): Min: 0.1, Avg: 0.1, Max: 0.1, Diff: 0.0, Sum: 0.3]
      [Code Root Scanning (ms): Min: 0.0, Avg: 0.1, Max: 0.1, Diff: 0.0, Sum: 0.1]
      [Object Copy (ms): Min: 45.5, Avg: 45.5, Max: 45.5, Diff: 0.0, Sum: 91.0]
      [Termination (ms): Min: 0.0, Avg: 0.0, Max: 0.0, Diff: 0.0, Sum: 0.0]
      [GC Worker Other (ms): Min: 0.0, Avg: 0.0, Max: 0.0, Diff: 0.0, Sum: 0.1]
      [GC Worker Total (ms): Min: 47.3, Avg: 47.3, Max: 47.3, Diff: 0.0, Sum: 94.6]
      [GC Worker End (ms): Min: 31526.1, Avg: 31526.1, Max: 31526.1, Diff: 0.0]
   [Code Root Fixup: 0.0 ms]
   [Code Root Migration: 0.0 ms]
   [Clear CT: 0.1 ms]
   [Other: 0.6 ms]
      [Choose CSet: 0.0 ms]
      [Ref Proc: 0.2 ms]
      [Ref Enq: 0.0 ms]
      [Free CSet: 0.2 ms]
   [Eden: 72.0M(72.0M)->0.0B(28.0M) Survivors: 2048.0K->10.0M Heap: 165.5M(256.0M)->173.5M(256.0M)]
 [Times: user=0.09 sys=0.00, real=0.05 secs] 
2014-07-10T16:13:00.585+0200: 31.571: [GC pause (young) (initial-mark), 0.0182576 secs]
   [Parallel Time: 17.9 ms, GC Workers: 2]
      [GC Worker Start (ms): Min: 31571.0, Avg: 31571.0, Max: 31571.0, Diff: 0.0]
      [Ext Root Scanning (ms): Min: 0.9, Avg: 0.9, Max: 0.9, Diff: 0.0, Sum: 1.8]
      [Code Root Marking (ms): Min: 0.0, Avg: 0.1, Max: 0.1, Diff: 0.1, Sum: 0.1]
      [Update RS (ms): Min: 0.9, Avg: 0.9, Max: 0.9, Diff: 0.0, Sum: 1.9]
         [Processed Buffers: Min: 4, Avg: 6.0, Max: 8, Diff: 4, Sum: 12]
      [Scan RS (ms): Min: 0.0, Avg: 0.0, Max: 0.1, Diff: 0.0, Sum: 0.1]
      [Code Root Scanning (ms): Min: 0.0, Avg: 0.0, Max: 0.0, Diff: 0.0, Sum: 0.1]
      [Object Copy (ms): Min: 15.8, Avg: 15.8, Max: 15.9, Diff: 0.0, Sum: 31.7]
      [Termination (ms): Min: 0.0, Avg: 0.0, Max: 0.0, Diff: 0.0, Sum: 0.0]
      [GC Worker Other (ms): Min: 0.0, Avg: 0.0, Max: 0.0, Diff: 0.0, Sum: 0.1]
      [GC Worker Total (ms): Min: 17.8, Avg: 17.8, Max: 17.9, Diff: 0.0, Sum: 35.7]
      [GC Worker End (ms): Min: 31588.8, Avg: 31588.8, Max: 31588.8, Diff: 0.0]
   [Code Root Fixup: 0.0 ms]
   [Code Root Migration: 0.0 ms]
   [Clear CT: 0.1 ms]
   [Other: 0.3 ms]
      [Choose CSet: 0.0 ms]
      [Ref Proc: 0.0 ms]
      [Ref Enq: 0.0 ms]
      [Free CSet: 0.1 ms]
   [Eden: 28.0M(28.0M)->0.0B(19.0M) Survivors: 10.0M->5120.0K Heap: 201.5M(256.0M)->191.5M(256.0M)]
 [Times: user=0.03 sys=0.00, real=0.02 secs] 
2014-07-10T16:13:00.603+0200: 31.589: [GC concurrent-root-region-scan-start]
2014-07-10T16:13:00.604+0200: 31.590: [GC concurrent-root-region-scan-end, 0.0000946 secs]
2014-07-10T16:13:00.604+0200: 31.590: [GC concurrent-mark-start]
2014-07-10T16:13:00.608+0200: 31.594: [GC concurrent-mark-end, 0.0036186 secs]
2014-07-10T16:13:00.609+0200: 31.596: [GC remark 2014-07-10T16:13:00.610+0200: 31.596: [GC ref-proc, 0.0000737 secs], 0.0018900 secs]
 [Times: user=0.00 sys=0.00, real=0.00 secs] 
2014-07-10T16:13:00.612+0200: 31.598: [GC cleanup 195M->83M(256M), 0.0016516 secs]
 [Times: user=0.00 sys=0.00, real=0.00 secs] 
2014-07-10T16:13:00.614+0200: 31.600: [GC concurrent-cleanup-start]
2014-07-10T16:13:00.615+0200: 31.601: [GC concurrent-cleanup-end, 0.0003439 secs]
2014-07-10T16:13:00.641+0200: 31.627: [GC pause (young), 0.0140828 secs]
   [Parallel Time: 13.8 ms, GC Workers: 2]
      [GC Worker Start (ms): Min: 31626.9, Avg: 31626.9, Max: 31626.9, Diff: 0.0]
      [Ext Root Scanning (ms): Min: 1.0, Avg: 1.0, Max: 1.1, Diff: 0.1, Sum: 2.1]
      [Update RS (ms): Min: 0.4, Avg: 0.4, Max: 0.4, Diff: 0.0, Sum: 0.9]
         [Processed Buffers: Min: 2, Avg: 3.5, Max: 5, Diff: 3, Sum: 7]
      [Scan RS (ms): Min: 0.0, Avg: 0.0, Max: 0.1, Diff: 0.0, Sum: 0.1]
      [Code Root Scanning (ms): Min: 0.0, Avg: 0.0, Max: 0.0, Diff: 0.0, Sum: 0.0]
      [Object Copy (ms): Min: 12.1, Avg: 12.1, Max: 12.1, Diff: 0.0, Sum: 24.3]
      [Termination (ms): Min: 0.0, Avg: 0.0, Max: 0.0, Diff: 0.0, Sum: 0.0]
      [GC Worker Other (ms): Min: 0.0, Avg: 0.0, Max: 0.0, Diff: 0.0, Sum: 0.1]
      [GC Worker Total (ms): Min: 13.7, Avg: 13.7, Max: 13.7, Diff: 0.0, Sum: 27.4]
      [GC Worker End (ms): Min: 31640.6, Avg: 31640.6, Max: 31640.6, Diff: 0.0]
   [Code Root Fixup: 0.0 ms]
   [Code Root Migration: 0.0 ms]
   [Clear CT: 0.0 ms]
   [Other: 0.2 ms]
      [Choose CSet: 0.0 ms]
      [Ref Proc: 0.0 ms]
      [Ref Enq: 0.0 ms]
      [Free CSet: 0.1 ms]
   [Eden: 19.0M(19.0M)->0.0B(9216.0K) Survivors: 5120.0K->3072.0K Heap: 98.5M(256.0M)->96.0M(256.0M)]
 [Times: user=0.03 sys=0.00, real=0.01 secs] 
2014-07-10T16:13:00.669+0200: 31.655: [GC pause (mixed), 0.0087635 secs]
   [Parallel Time: 8.1 ms, GC Workers: 2]
      [GC Worker Start (ms): Min: 31654.8, Avg: 31654.8, Max: 31654.8, Diff: 0.0]
      [Ext Root Scanning (ms): Min: 1.0, Avg: 1.0, Max: 1.1, Diff: 0.1, Sum: 2.1]
      [Update RS (ms): Min: 0.3, Avg: 0.3, Max: 0.4, Diff: 0.1, Sum: 0.6]
         [Processed Buffers: Min: 2, Avg: 3.5, Max: 5, Diff: 3, Sum: 7]
      [Scan RS (ms): Min: 0.1, Avg: 0.1, Max: 0.1, Diff: 0.0, Sum: 0.1]
      [Code Root Scanning (ms): Min: 0.0, Avg: 0.0, Max: 0.0, Diff: 0.0, Sum: 0.0]
      [Object Copy (ms): Min: 6.6, Avg: 6.6, Max: 6.6, Diff: 0.0, Sum: 13.2]
      [Termination (ms): Min: 0.0, Avg: 0.0, Max: 0.0, Diff: 0.0, Sum: 0.0]
      [GC Worker Other (ms): Min: 0.0, Avg: 0.0, Max: 0.0, Diff: 0.0, Sum: 0.1]
      [GC Worker Total (ms): Min: 8.1, Avg: 8.1, Max: 8.1, Diff: 0.0, Sum: 16.2]
      [GC Worker End (ms): Min: 31662.9, Avg: 31662.9, Max: 31662.9, Diff: 0.0]
   [Code Root Fixup: 0.1 ms]
   [Code Root Migration: 0.0 ms]
   [Clear CT: 0.2 ms]
   [Other: 0.4 ms]
      [Choose CSet: 0.0 ms]
      [Ref Proc: 0.1 ms]
      [Ref Enq: 0.0 ms]
      [Free CSet: 0.1 ms]
   [Eden: 9216.0K(9216.0K)->0.0B(68.0M) Survivors: 3072.0K->2048.0K Heap: 105.0M(256.0M)->100.0M(256.0M)]
 [Times: user=0.03 sys=0.00, real=0.01 secs] 
2014-07-10T16:13:00.790+0200: 31.776: [GC pause (young), 0.0457171 secs]
   [Parallel Time: 45.3 ms, GC Workers: 2]
      [GC Worker Start (ms): Min: 31775.8, Avg: 31775.8, Max: 31775.8, Diff: 0.0]
      [Ext Root Scanning (ms): Min: 1.1, Avg: 1.1, Max: 1.1, Diff: 0.0, Sum: 2.2]
      [Update RS (ms): Min: 0.4, Avg: 0.4, Max: 0.4, Diff: 0.0, Sum: 0.8]
         [Processed Buffers: Min: 1, Avg: 2.5, Max: 4, Diff: 3, Sum: 5]
      [Scan RS (ms): Min: 0.1, Avg: 0.1, Max: 0.1, Diff: 0.0, Sum: 0.2]
      [Code Root Scanning (ms): Min: 0.0, Avg: 0.0, Max: 0.1, Diff: 0.0, Sum: 0.1]
      [Object Copy (ms): Min: 43.5, Avg: 43.5, Max: 43.5, Diff: 0.0, Sum: 87.0]
      [Termination (ms): Min: 0.0, Avg: 0.0, Max: 0.0, Diff: 0.0, Sum: 0.0]
      [GC Worker Other (ms): Min: 0.0, Avg: 0.0, Max: 0.0, Diff: 0.0, Sum: 0.1]
      [GC Worker Total (ms): Min: 45.2, Avg: 45.2, Max: 45.2, Diff: 0.0, Sum: 90.5]
      [GC Worker End (ms): Min: 31821.0, Avg: 31821.0, Max: 31821.0, Diff: 0.0]
   [Code Root Fixup: 0.0 ms]
   [Code Root Migration: 0.0 ms]
   [Clear CT: 0.1 ms]
   [Other: 0.4 ms]
      [Choose CSet: 0.0 ms]
      [Ref Proc: 0.0 ms]
      [Ref Enq: 0.0 ms]
      [Free CSet: 0.1 ms]
   [Eden: 68.0M(68.0M)->0.0B(26.0M) Survivors: 2048.0K->9216.0K Heap: 168.0M(256.0M)->176.5M(256.0M)]
 [Times: user=0.09 sys=0.00, real=0.05 secs] 
2014-07-10T16:13:00.877+0200: 31.863: [GC pause (young) (initial-mark), 0.0171881 secs]
   [Parallel Time: 16.5 ms, GC Workers: 2]
      [GC Worker Start (ms): Min: 31863.0, Avg: 31863.0, Max: 31863.0, Diff: 0.0]
      [Ext Root Scanning (ms): Min: 0.9, Avg: 0.9, Max: 0.9, Diff: 0.0, Sum: 1.8]
      [Code Root Marking (ms): Min: 0.0, Avg: 0.1, Max: 0.1, Diff: 0.0, Sum: 0.1]
      [Update RS (ms): Min: 0.9, Avg: 0.9, Max: 0.9, Diff: 0.0, Sum: 1.8]
         [Processed Buffers: Min: 4, Avg: 5.0, Max: 6, Diff: 2, Sum: 10]
      [Scan RS (ms): Min: 0.0, Avg: 0.0, Max: 0.0, Diff: 0.0, Sum: 0.1]
      [Code Root Scanning (ms): Min: 0.0, Avg: 0.0, Max: 0.0, Diff: 0.0, Sum: 0.0]
      [Object Copy (ms): Min: 14.5, Avg: 14.5, Max: 14.5, Diff: 0.1, Sum: 29.0]
      [Termination (ms): Min: 0.0, Avg: 0.0, Max: 0.0, Diff: 0.0, Sum: 0.0]
      [GC Worker Other (ms): Min: 0.0, Avg: 0.0, Max: 0.0, Diff: 0.0, Sum: 0.1]
      [GC Worker Total (ms): Min: 16.4, Avg: 16.4, Max: 16.4, Diff: 0.0, Sum: 32.9]
      [GC Worker End (ms): Min: 31879.4, Avg: 31879.4, Max: 31879.4, Diff: 0.0]
   [Code Root Fixup: 0.0 ms]
   [Code Root Migration: 0.0 ms]
   [Clear CT: 0.1 ms]
   [Other: 0.5 ms]
      [Choose CSet: 0.0 ms]
      [Ref Proc: 0.2 ms]
      [Ref Enq: 0.1 ms]
      [Free CSet: 0.1 ms]
   [Eden: 26.0M(26.0M)->0.0B(18.0M) Survivors: 9216.0K->5120.0K Heap: 202.5M(256.0M)->193.0M(256.0M)]
 [Times: user=0.03 sys=0.00, real=0.02 secs] 
2014-07-10T16:13:00.894+0200: 31.880: [GC concurrent-root-region-scan-start]
2014-07-10T16:13:00.894+0200: 31.881: [GC concurrent-root-region-scan-end, 0.0000917 secs]
2014-07-10T16:13:00.894+0200: 31.881: [GC concurrent-mark-start]
2014-07-10T16:13:00.900+0200: 31.886: [GC concurrent-mark-end, 0.0033466 secs]
2014-07-10T16:13:00.900+0200: 31.886: [GC remark 2014-07-10T16:13:00.900+0200: 31.886: [GC ref-proc, 0.0000678 secs], 0.0010474 secs]
 [Times: user=0.00 sys=0.00, real=0.00 secs] 
2014-07-10T16:13:00.902+0200: 31.888: [GC cleanup 195M->83M(256M), 0.0007875 secs]
 [Times: user=0.00 sys=0.00, real=0.00 secs] 
2014-07-10T16:13:00.902+0200: 31.888: [GC concurrent-cleanup-start]
2014-07-10T16:13:00.903+0200: 31.889: [GC concurrent-cleanup-end, 0.0002178 secs]
2014-07-10T16:13:00.927+0200: 31.913: [GC pause (young), 0.0134680 secs]
   [Parallel Time: 12.8 ms, GC Workers: 2]
      [GC Worker Start (ms): Min: 31912.9, Avg: 31912.9, Max: 31912.9, Diff: 0.0]
      [Ext Root Scanning (ms): Min: 1.0, Avg: 1.1, Max: 1.1, Diff: 0.1, Sum: 2.1]
      [Update RS (ms): Min: 0.3, Avg: 0.4, Max: 0.4, Diff: 0.1, Sum: 0.8]
         [Processed Buffers: Min: 2, Avg: 4.0, Max: 6, Diff: 4, Sum: 8]
      [Scan RS (ms): Min: 0.0, Avg: 0.0, Max: 0.0, Diff: 0.0, Sum: 0.1]
      [Code Root Scanning (ms): Min: 0.0, Avg: 0.0, Max: 0.0, Diff: 0.0, Sum: 0.0]
      [Object Copy (ms): Min: 11.3, Avg: 11.3, Max: 11.3, Diff: 0.0, Sum: 22.6]
      [Termination (ms): Min: 0.0, Avg: 0.0, Max: 0.0, Diff: 0.0, Sum: 0.0]
      [GC Worker Other (ms): Min: 0.0, Avg: 0.0, Max: 0.0, Diff: 0.0, Sum: 0.1]
      [GC Worker Total (ms): Min: 12.8, Avg: 12.8, Max: 12.8, Diff: 0.0, Sum: 25.6]
      [GC Worker End (ms): Min: 31925.7, Avg: 31925.7, Max: 31925.7, Diff: 0.0]
   [Code Root Fixup: 0.0 ms]
   [Code Root Migration: 0.0 ms]
   [Clear CT: 0.1 ms]
   [Other: 0.5 ms]
      [Choose CSet: 0.0 ms]
      [Ref Proc: 0.2 ms]
      [Ref Enq: 0.0 ms]
      [Free CSet: 0.1 ms]
   [Eden: 18.0M(18.0M)->0.0B(9216.0K) Survivors: 5120.0K->3072.0K Heap: 99.0M(256.0M)->98.5M(256.0M)]
 [Times: user=0.03 sys=0.00, real=0.01 secs] 
2014-07-10T16:13:00.955+0200: 31.941: [GC pause (mixed), 0.0082509 secs]
   [Parallel Time: 7.9 ms, GC Workers: 2]
      [GC Worker Start (ms): Min: 31941.1, Avg: 31941.1, Max: 31941.1, Diff: 0.0]
      [Ext Root Scanning (ms): Min: 1.0, Avg: 1.0, Max: 1.0, Diff: 0.0, Sum: 2.1]
      [Update RS (ms): Min: 0.3, Avg: 0.3, Max: 0.3, Diff: 0.0, Sum: 0.6]
         [Processed Buffers: Min: 1, Avg: 3.0, Max: 5, Diff: 4, Sum: 6]
      [Scan RS (ms): Min: 0.1, Avg: 0.1, Max: 0.1, Diff: 0.1, Sum: 0.2]
      [Code Root Scanning (ms): Min: 0.0, Avg: 0.0, Max: 0.0, Diff: 0.0, Sum: 0.0]
      [Object Copy (ms): Min: 6.4, Avg: 6.4, Max: 6.4, Diff: 0.0, Sum: 12.8]
      [Termination (ms): Min: 0.0, Avg: 0.0, Max: 0.0, Diff: 0.0, Sum: 0.0]
      [GC Worker Other (ms): Min: 0.0, Avg: 0.0, Max: 0.0, Diff: 0.0, Sum: 0.0]
      [GC Worker Total (ms): Min: 7.9, Avg: 7.9, Max: 7.9, Diff: 0.0, Sum: 15.7]
      [GC Worker End (ms): Min: 31949.0, Avg: 31949.0, Max: 31949.0, Diff: 0.0]
   [Code Root Fixup: 0.0 ms]
   [Code Root Migration: 0.0 ms]
   [Clear CT: 0.1 ms]
   [Other: 0.3 ms]
      [Choose CSet: 0.0 ms]
      [Ref Proc: 0.0 ms]
      [Ref Enq: 0.0 ms]
      [Free CSet: 0.1 ms]
   [Eden: 9216.0K(9216.0K)->0.0B(76.0M) Survivors: 3072.0K->2048.0K Heap: 107.5M(256.0M)->97.5M(256.0M)]
 [Times: user=0.00 sys=0.00, real=0.01 secs] 
2014-07-10T16:13:01.088+0200: 32.074: [GC pause (young) (to-space exhausted), 0.0500730 secs]
   [Parallel Time: 48.7 ms, GC Workers: 2]
      [GC Worker Start (ms): Min: 32073.9, Avg: 32074.0, Max: 32074.0, Diff: 0.1]
      [Ext Root Scanning (ms): Min: 1.0, Avg: 1.0, Max: 1.1, Diff: 0.0, Sum: 2.1]
      [Update RS (ms): Min: 0.4, Avg: 0.4, Max: 0.5, Diff: 0.1, Sum: 0.8]
         [Processed Buffers: Min: 1, Avg: 3.0, Max: 5, Diff: 4, Sum: 6]
      [Scan RS (ms): Min: 0.1, Avg: 0.1, Max: 0.1, Diff: 0.0, Sum: 0.2]
      [Code Root Scanning (ms): Min: 0.1, Avg: 0.1, Max: 0.1, Diff: 0.0, Sum: 0.1]
      [Object Copy (ms): Min: 46.9, Avg: 46.9, Max: 46.9, Diff: 0.0, Sum: 93.8]
      [Termination (ms): Min: 0.0, Avg: 0.0, Max: 0.0, Diff: 0.0, Sum: 0.0]
      [GC Worker Other (ms): Min: 0.0, Avg: 0.0, Max: 0.0, Diff: 0.0, Sum: 0.1]
      [GC Worker Total (ms): Min: 48.5, Avg: 48.5, Max: 48.6, Diff: 0.1, Sum: 97.1]
      [GC Worker End (ms): Min: 32122.5, Avg: 32122.5, Max: 32122.5, Diff: 0.0]
   [Code Root Fixup: 0.0 ms]
   [Code Root Migration: 0.0 ms]
   [Clear CT: 0.1 ms]
   [Other: 1.2 ms]
      [Choose CSet: 0.0 ms]
      [Ref Proc: 0.2 ms]
      [Ref Enq: 0.0 ms]
      [Free CSet: 0.1 ms]
   [Eden: 76.0M(76.0M)->0.0B(2048.0K) Survivors: 2048.0K->10.0M Heap: 173.5M(256.0M)->224.5M(256.0M)]
 [Times: user=0.09 sys=0.00, real=0.05 secs] 
2014-07-10T16:13:01.173+0200: 32.159: [GC pause (young) (initial-mark), 0.0033473 secs]
   [Parallel Time: 3.0 ms, GC Workers: 2]
      [GC Worker Start (ms): Min: 32159.2, Avg: 32159.2, Max: 32159.2, Diff: 0.0]
      [Ext Root Scanning (ms): Min: 0.9, Avg: 1.0, Max: 1.0, Diff: 0.1, Sum: 1.9]
      [Code Root Marking (ms): Min: 0.0, Avg: 0.0, Max: 0.1, Diff: 0.1, Sum: 0.1]
      [Update RS (ms): Min: 0.9, Avg: 0.9, Max: 0.9, Diff: 0.0, Sum: 1.8]
         [Processed Buffers: Min: 6, Avg: 7.5, Max: 9, Diff: 3, Sum: 15]
      [Scan RS (ms): Min: 0.0, Avg: 0.0, Max: 0.0, Diff: 0.0, Sum: 0.0]
      [Code Root Scanning (ms): Min: 0.0, Avg: 0.0, Max: 0.0, Diff: 0.0, Sum: 0.0]
      [Object Copy (ms): Min: 0.6, Avg: 0.7, Max: 0.8, Diff: 0.2, Sum: 1.5]
      [Termination (ms): Min: 0.0, Avg: 0.1, Max: 0.2, Diff: 0.2, Sum: 0.2]
      [GC Worker Other (ms): Min: 0.0, Avg: 0.1, Max: 0.2, Diff: 0.2, Sum: 0.2]
      [GC Worker Total (ms): Min: 2.8, Avg: 2.9, Max: 3.0, Diff: 0.3, Sum: 5.8]
      [GC Worker End (ms): Min: 32162.0, Avg: 32162.1, Max: 32162.2, Diff: 0.2]
   [Code Root Fixup: 0.0 ms]
   [Code Root Migration: 0.0 ms]
   [Clear CT: 0.0 ms]
   [Other: 0.3 ms]
      [Choose CSet: 0.0 ms]
      [Ref Proc: 0.1 ms]
      [Ref Enq: 0.0 ms]
      [Free CSet: 0.0 ms]
   [Eden: 2048.0K(2048.0K)->0.0B(10.0M) Survivors: 10.0M->2048.0K Heap: 226.5M(256.0M)->216.5M(256.0M)]
 [Times: user=0.02 sys=0.00, real=0.00 secs] 
2014-07-10T16:13:01.177+0200: 32.163: [GC concurrent-root-region-scan-start]
2014-07-10T16:13:01.177+0200: 32.163: [GC concurrent-root-region-scan-end, 0.0000370 secs]
2014-07-10T16:13:01.177+0200: 32.163: [GC concurrent-mark-start]
2014-07-10T16:13:01.180+0200: 32.166: [GC concurrent-mark-end, 0.0028685 secs]
2014-07-10T16:13:01.202+0200: 32.188: [GC remark 2014-07-10T16:13:01.202+0200: 32.188: [GC ref-proc, 0.0000737 secs], 0.0009877 secs]
 [Times: user=0.00 sys=0.00, real=0.00 secs] 
2014-07-10T16:13:01.203+0200: 32.189: [GC cleanup 218M->58M(256M), 0.0181069 secs]
 [Times: user=0.00 sys=0.02, real=0.02 secs] 
2014-07-10T16:13:01.221+0200: 32.208: [GC concurrent-cleanup-start]
2014-07-10T16:13:01.222+0200: 32.208: [GC concurrent-cleanup-end, 0.0003901 secs]
2014-07-10T16:13:01.238+0200: 32.224: [GC pause (young), 0.0086667 secs]
   [Parallel Time: 8.0 ms, GC Workers: 2]
      [GC Worker Start (ms): Min: 32223.7, Avg: 32224.1, Max: 32224.5, Diff: 0.9]
      [Ext Root Scanning (ms): Min: 0.6, Avg: 0.9, Max: 1.3, Diff: 0.7, Sum: 1.8]
      [Update RS (ms): Min: 0.0, Avg: 0.1, Max: 0.2, Diff: 0.2, Sum: 0.2]
         [Processed Buffers: Min: 0, Avg: 3.0, Max: 6, Diff: 6, Sum: 6]
      [Scan RS (ms): Min: 0.0, Avg: 0.0, Max: 0.0, Diff: 0.0, Sum: 0.0]
      [Code Root Scanning (ms): Min: 0.0, Avg: 0.0, Max: 0.0, Diff: 0.0, Sum: 0.0]
      [Object Copy (ms): Min: 6.4, Avg: 6.4, Max: 6.4, Diff: 0.0, Sum: 12.9]
      [Termination (ms): Min: 0.0, Avg: 0.0, Max: 0.0, Diff: 0.0, Sum: 0.0]
      [GC Worker Other (ms): Min: 0.0, Avg: 0.0, Max: 0.0, Diff: 0.0, Sum: 0.0]
      [GC Worker Total (ms): Min: 7.1, Avg: 7.5, Max: 7.9, Diff: 0.9, Sum: 15.0]
      [GC Worker End (ms): Min: 32231.6, Avg: 32231.6, Max: 32231.6, Diff: 0.0]
   [Code Root Fixup: 0.0 ms]
   [Code Root Migration: 0.0 ms]
   [Clear CT: 0.0 ms]
   [Other: 0.7 ms]
      [Choose CSet: 0.0 ms]
      [Ref Proc: 0.5 ms]
      [Ref Enq: 0.0 ms]
      [Free CSet: 0.0 ms]
   [Eden: 10.0M(10.0M)->0.0B(10.0M) Survivors: 2048.0K->2048.0K Heap: 66.5M(256.0M)->69.5M(256.0M)]
 [Times: user=0.00 sys=0.00, real=0.01 secs] 
2014-07-10T16:13:01.264+0200: 32.250: [GC pause (mixed), 0.0096401 secs]
   [Parallel Time: 9.3 ms, GC Workers: 2]
      [GC Worker Start (ms): Min: 32249.9, Avg: 32249.9, Max: 32249.9, Diff: 0.0]
      [Ext Root Scanning (ms): Min: 0.9, Avg: 0.9, Max: 0.9, Diff: 0.0, Sum: 1.9]
      [Update RS (ms): Min: 0.2, Avg: 0.2, Max: 0.3, Diff: 0.1, Sum: 0.4]
         [Processed Buffers: Min: 1, Avg: 2.0, Max: 3, Diff: 2, Sum: 4]
      [Scan RS (ms): Min: 0.1, Avg: 0.1, Max: 0.1, Diff: 0.0, Sum: 0.1]
      [Code Root Scanning (ms): Min: 0.0, Avg: 0.0, Max: 0.0, Diff: 0.0, Sum: 0.0]
      [Object Copy (ms): Min: 7.8, Avg: 7.8, Max: 7.8, Diff: 0.0, Sum: 15.6]
      [Termination (ms): Min: 0.0, Avg: 0.0, Max: 0.0, Diff: 0.0, Sum: 0.0]
      [GC Worker Other (ms): Min: 0.0, Avg: 0.0, Max: 0.0, Diff: 0.0, Sum: 0.1]
      [GC Worker Total (ms): Min: 9.1, Avg: 9.1, Max: 9.1, Diff: 0.0, Sum: 18.2]
      [GC Worker End (ms): Min: 32259.0, Avg: 32259.0, Max: 32259.0, Diff: 0.0]
   [Code Root Fixup: 0.0 ms]
   [Code Root Migration: 0.0 ms]
   [Clear CT: 0.0 ms]
   [Other: 0.3 ms]
      [Choose CSet: 0.0 ms]
      [Ref Proc: 0.0 ms]
      [Ref Enq: 0.0 ms]
      [Free CSet: 0.1 ms]
   [Eden: 10.0M(10.0M)->0.0B(84.0M) Survivors: 2048.0K->2048.0K Heap: 79.5M(256.0M)->74.5M(256.0M)]
 [Times: user=0.03 sys=0.00, real=0.01 secs] 
2014-07-10T16:13:01.413+0200: 32.399: [GC pause (young), 0.0559731 secs]
   [Parallel Time: 55.4 ms, GC Workers: 2]
      [GC Worker Start (ms): Min: 32398.9, Avg: 32398.9, Max: 32398.9, Diff: 0.0]
      [Ext Root Scanning (ms): Min: 0.9, Avg: 0.9, Max: 0.9, Diff: 0.0, Sum: 1.8]
      [Update RS (ms): Min: 0.3, Avg: 0.4, Max: 0.5, Diff: 0.2, Sum: 0.8]
         [Processed Buffers: Min: 1, Avg: 2.5, Max: 4, Diff: 3, Sum: 5]
      [Scan RS (ms): Min: 0.1, Avg: 0.1, Max: 0.2, Diff: 0.1, Sum: 0.2]
      [Code Root Scanning (ms): Min: 0.0, Avg: 0.1, Max: 0.1, Diff: 0.0, Sum: 0.1]
      [Object Copy (ms): Min: 53.9, Avg: 53.9, Max: 53.9, Diff: 0.0, Sum: 107.8]
      [Termination (ms): Min: 0.0, Avg: 0.0, Max: 0.0, Diff: 0.0, Sum: 0.0]
      [GC Worker Other (ms): Min: 0.0, Avg: 0.0, Max: 0.0, Diff: 0.0, Sum: 0.1]
      [GC Worker Total (ms): Min: 55.4, Avg: 55.4, Max: 55.4, Diff: 0.0, Sum: 110.9]
      [GC Worker End (ms): Min: 32454.3, Avg: 32454.3, Max: 32454.3, Diff: 0.0]
   [Code Root Fixup: 0.0 ms]
   [Code Root Migration: 0.0 ms]
   [Clear CT: 0.1 ms]
   [Other: 0.4 ms]
      [Choose CSet: 0.0 ms]
      [Ref Proc: 0.0 ms]
      [Ref Enq: 0.0 ms]
      [Free CSet: 0.2 ms]
   [Eden: 84.0M(84.0M)->0.0B(33.0M) Survivors: 2048.0K->11.0M Heap: 158.5M(256.0M)->164.0M(256.0M)]
 [Times: user=0.09 sys=0.00, real=0.06 secs] 
2014-07-10T16:13:01.531+0200: 32.517: [GC pause (young) (initial-mark), 0.0235465 secs]
   [Parallel Time: 23.1 ms, GC Workers: 2]
      [GC Worker Start (ms): Min: 32516.9, Avg: 32516.9, Max: 32516.9, Diff: 0.0]
      [Ext Root Scanning (ms): Min: 1.0, Avg: 1.0, Max: 1.0, Diff: 0.0, Sum: 1.9]
      [Code Root Marking (ms): Min: 0.0, Avg: 0.1, Max: 0.1, Diff: 0.0, Sum: 0.1]
      [Update RS (ms): Min: 1.2, Avg: 1.2, Max: 1.2, Diff: 0.0, Sum: 2.4]
         [Processed Buffers: Min: 6, Avg: 6.5, Max: 7, Diff: 1, Sum: 13]
      [Scan RS (ms): Min: 0.1, Avg: 0.1, Max: 0.1, Diff: 0.0, Sum: 0.1]
      [Code Root Scanning (ms): Min: 0.0, Avg: 0.0, Max: 0.0, Diff: 0.0, Sum: 0.1]
      [Object Copy (ms): Min: 20.7, Avg: 20.7, Max: 20.7, Diff: 0.0, Sum: 41.4]
      [Termination (ms): Min: 0.0, Avg: 0.0, Max: 0.0, Diff: 0.0, Sum: 0.0]
      [GC Worker Other (ms): Min: 0.0, Avg: 0.1, Max: 0.1, Diff: 0.0, Sum: 0.1]
      [GC Worker Total (ms): Min: 23.0, Avg: 23.1, Max: 23.1, Diff: 0.0, Sum: 46.1]
      [GC Worker End (ms): Min: 32539.9, Avg: 32539.9, Max: 32540.0, Diff: 0.0]
   [Code Root Fixup: 0.0 ms]
   [Code Root Migration: 0.0 ms]
   [Clear CT: 0.1 ms]
   [Other: 0.3 ms]
      [Choose CSet: 0.0 ms]
      [Ref Proc: 0.1 ms]
      [Ref Enq: 0.0 ms]
      [Free CSet: 0.1 ms]
   [Eden: 33.0M(33.0M)->0.0B(20.0M) Survivors: 11.0M->6144.0K Heap: 197.0M(256.0M)->189.0M(256.0M)]
 [Times: user=0.06 sys=0.00, real=0.02 secs] 
2014-07-10T16:13:01.555+0200: 32.541: [GC concurrent-root-region-scan-start]
2014-07-10T16:13:01.555+0200: 32.541: [GC concurrent-root-region-scan-end, 0.0000975 secs]
2014-07-10T16:13:01.555+0200: 32.541: [GC concurrent-mark-start]
2014-07-10T16:13:01.558+0200: 32.544: [GC concurrent-mark-end, 0.0032974 secs]
2014-07-10T16:13:01.560+0200: 32.546: [GC remark 2014-07-10T16:13:01.560+0200: 32.547: [GC ref-proc, 0.0001686 secs], 0.0095381 secs]
 [Times: user=0.00 sys=0.00, real=0.01 secs] 
2014-07-10T16:13:01.570+0200: 32.557: [GC cleanup 191M->88M(256M), 0.0013653 secs]
 [Times: user=0.00 sys=0.00, real=0.00 secs] 
2014-07-10T16:13:01.572+0200: 32.558: [GC concurrent-cleanup-start]
2014-07-10T16:13:01.572+0200: 32.558: [GC concurrent-cleanup-end, 0.0002376 secs]
2014-07-10T16:13:01.601+0200: 32.587: [GC pause (young), 0.0143167 secs]
   [Parallel Time: 14.0 ms, GC Workers: 2]
      [GC Worker Start (ms): Min: 32587.0, Avg: 32587.1, Max: 32587.1, Diff: 0.0]
      [Ext Root Scanning (ms): Min: 1.1, Avg: 1.1, Max: 1.2, Diff: 0.1, Sum: 2.3]
      [Update RS (ms): Min: 0.6, Avg: 0.7, Max: 0.7, Diff: 0.2, Sum: 1.3]
         [Processed Buffers: Min: 2, Avg: 3.5, Max: 5, Diff: 3, Sum: 7]
      [Scan RS (ms): Min: 0.0, Avg: 0.0, Max: 0.1, Diff: 0.1, Sum: 0.1]
      [Code Root Scanning (ms): Min: 0.0, Avg: 0.0, Max: 0.0, Diff: 0.0, Sum: 0.0]
      [Object Copy (ms): Min: 12.1, Avg: 12.1, Max: 12.1, Diff: 0.0, Sum: 24.2]
      [Termination (ms): Min: 0.0, Avg: 0.0, Max: 0.0, Diff: 0.0, Sum: 0.0]
      [GC Worker Other (ms): Min: 0.0, Avg: 0.0, Max: 0.0, Diff: 0.0, Sum: 0.1]
      [GC Worker Total (ms): Min: 13.9, Avg: 13.9, Max: 13.9, Diff: 0.0, Sum: 27.9]
      [GC Worker End (ms): Min: 32601.0, Avg: 32601.0, Max: 32601.0, Diff: 0.0]
   [Code Root Fixup: 0.0 ms]
   [Code Root Migration: 0.0 ms]
   [Clear CT: 0.0 ms]
   [Other: 0.3 ms]
      [Choose CSet: 0.0 ms]
      [Ref Proc: 0.1 ms]
      [Ref Enq: 0.0 ms]
      [Free CSet: 0.1 ms]
   [Eden: 20.0M(20.0M)->0.0B(8192.0K) Survivors: 6144.0K->4096.0K Heap: 106.0M(256.0M)->100.5M(256.0M)]
 [Times: user=0.03 sys=0.00, real=0.01 secs] 
2014-07-10T16:13:01.628+0200: 32.614: [GC pause (mixed), 0.0081911 secs]
   [Parallel Time: 7.8 ms, GC Workers: 2]
      [GC Worker Start (ms): Min: 32614.0, Avg: 32614.0, Max: 32614.0, Diff: 0.0]
      [Ext Root Scanning (ms): Min: 1.0, Avg: 1.0, Max: 1.0, Diff: 0.0, Sum: 1.9]
      [Update RS (ms): Min: 0.3, Avg: 0.3, Max: 0.4, Diff: 0.0, Sum: 0.7]
         [Processed Buffers: Min: 1, Avg: 2.5, Max: 4, Diff: 3, Sum: 5]
      [Scan RS (ms): Min: 0.1, Avg: 0.1, Max: 0.1, Diff: 0.0, Sum: 0.2]
      [Code Root Scanning (ms): Min: 0.0, Avg: 0.0, Max: 0.0, Diff: 0.0, Sum: 0.0]
      [Object Copy (ms): Min: 6.3, Avg: 6.3, Max: 6.3, Diff: 0.0, Sum: 12.6]
      [Termination (ms): Min: 0.0, Avg: 0.0, Max: 0.0, Diff: 0.0, Sum: 0.0]
      [GC Worker Other (ms): Min: 0.0, Avg: 0.0, Max: 0.0, Diff: 0.0, Sum: 0.1]
      [GC Worker Total (ms): Min: 7.7, Avg: 7.7, Max: 7.7, Diff: 0.0, Sum: 15.5]
      [GC Worker End (ms): Min: 32621.7, Avg: 32621.7, Max: 32621.7, Diff: 0.0]
   [Code Root Fixup: 0.0 ms]
   [Code Root Migration: 0.0 ms]
   [Clear CT: 0.2 ms]
   [Other: 0.2 ms]
      [Choose CSet: 0.0 ms]
      [Ref Proc: 0.0 ms]
      [Ref Enq: 0.0 ms]
      [Free CSet: 0.1 ms]
   [Eden: 8192.0K(8192.0K)->0.0B(67.0M) Survivors: 4096.0K->2048.0K Heap: 108.5M(256.0M)->98.5M(256.0M)]
 [Times: user=0.00 sys=0.00, real=0.01 secs] 
2014-07-10T16:13:01.748+0200: 32.734: [GC pause (young), 0.0446172 secs]
   [Parallel Time: 44.1 ms, GC Workers: 2]
      [GC Worker Start (ms): Min: 32733.8, Avg: 32733.9, Max: 32733.9, Diff: 0.0]
      [Ext Root Scanning (ms): Min: 0.9, Avg: 1.0, Max: 1.0, Diff: 0.1, Sum: 1.9]
      [Update RS (ms): Min: 0.4, Avg: 0.4, Max: 0.5, Diff: 0.1, Sum: 0.9]
         [Processed Buffers: Min: 2, Avg: 3.0, Max: 4, Diff: 2, Sum: 6]
      [Scan RS (ms): Min: 0.1, Avg: 0.1, Max: 0.1, Diff: 0.0, Sum: 0.2]
      [Code Root Scanning (ms): Min: 0.0, Avg: 0.0, Max: 0.0, Diff: 0.0, Sum: 0.1]
      [Object Copy (ms): Min: 42.5, Avg: 42.6, Max: 42.6, Diff: 0.0, Sum: 85.1]
      [Termination (ms): Min: 0.0, Avg: 0.0, Max: 0.0, Diff: 0.0, Sum: 0.0]
      [GC Worker Other (ms): Min: 0.0, Avg: 0.0, Max: 0.0, Diff: 0.0, Sum: 0.0]
      [GC Worker Total (ms): Min: 44.1, Avg: 44.1, Max: 44.1, Diff: 0.0, Sum: 88.2]
      [GC Worker End (ms): Min: 32778.0, Avg: 32778.0, Max: 32778.0, Diff: 0.0]
   [Code Root Fixup: 0.0 ms]
   [Code Root Migration: 0.0 ms]
   [Clear CT: 0.1 ms]
   [Other: 0.4 ms]
      [Choose CSet: 0.0 ms]
      [Ref Proc: 0.0 ms]
      [Ref Enq: 0.0 ms]
      [Free CSet: 0.1 ms]
   [Eden: 67.0M(67.0M)->0.0B(28.0M) Survivors: 2048.0K->9216.0K Heap: 165.5M(256.0M)->173.5M(256.0M)]
 [Times: user=0.09 sys=0.00, real=0.05 secs] 
2014-07-10T16:13:01.846+0200: 32.832: [GC pause (young) (initial-mark), 0.0195323 secs]
   [Parallel Time: 19.1 ms, GC Workers: 2]
      [GC Worker Start (ms): Min: 32831.8, Avg: 32831.8, Max: 32831.8, Diff: 0.0]
      [Ext Root Scanning (ms): Min: 1.0, Avg: 1.0, Max: 1.1, Diff: 0.0, Sum: 2.1]
      [Code Root Marking (ms): Min: 0.1, Avg: 0.1, Max: 0.1, Diff: 0.0, Sum: 0.1]
      [Update RS (ms): Min: 0.9, Avg: 0.9, Max: 0.9, Diff: 0.0, Sum: 1.8]
         [Processed Buffers: Min: 4, Avg: 5.5, Max: 7, Diff: 3, Sum: 11]
      [Scan RS (ms): Min: 0.0, Avg: 0.0, Max: 0.0, Diff: 0.0, Sum: 0.1]
      [Code Root Scanning (ms): Min: 0.0, Avg: 0.0, Max: 0.0, Diff: 0.0, Sum: 0.1]
      [Object Copy (ms): Min: 16.9, Avg: 16.9, Max: 17.0, Diff: 0.0, Sum: 33.9]
      [Termination (ms): Min: 0.0, Avg: 0.0, Max: 0.0, Diff: 0.0, Sum: 0.0]
      [GC Worker Other (ms): Min: 0.0, Avg: 0.0, Max: 0.0, Diff: 0.0, Sum: 0.1]
      [GC Worker Total (ms): Min: 19.0, Avg: 19.0, Max: 19.0, Diff: 0.0, Sum: 38.0]
      [GC Worker End (ms): Min: 32850.8, Avg: 32850.8, Max: 32850.8, Diff: 0.0]
   [Code Root Fixup: 0.0 ms]
   [Code Root Migration: 0.0 ms]
   [Clear CT: 0.0 ms]
   [Other: 0.4 ms]
      [Choose CSet: 0.0 ms]
      [Ref Proc: 0.1 ms]
      [Ref Enq: 0.0 ms]
      [Free CSet: 0.1 ms]
   [Eden: 28.0M(28.0M)->0.0B(18.0M) Survivors: 9216.0K->5120.0K Heap: 201.5M(256.0M)->193.0M(256.0M)]
 [Times: user=0.03 sys=0.00, real=0.02 secs] 
2014-07-10T16:13:01.865+0200: 32.851: [GC concurrent-root-region-scan-start]
2014-07-10T16:13:01.865+0200: 32.852: [GC concurrent-root-region-scan-end, 0.0000895 secs]
2014-07-10T16:13:01.865+0200: 32.852: [GC concurrent-mark-start]
2014-07-10T16:13:01.871+0200: 32.857: [GC concurrent-mark-end, 0.0033073 secs]
2014-07-10T16:13:01.871+0200: 32.858: [GC remark 2014-07-10T16:13:01.872+0200: 32.858: [GC ref-proc, 0.0000675 secs], 0.0014177 secs]
 [Times: user=0.00 sys=0.00, real=0.00 secs] 
2014-07-10T16:13:01.873+0200: 32.859: [GC cleanup 194M->82M(256M), 0.0013935 secs]
 [Times: user=0.00 sys=0.00, real=0.00 secs] 
2014-07-10T16:13:01.874+0200: 32.861: [GC concurrent-cleanup-start]
2014-07-10T16:13:01.875+0200: 32.861: [GC concurrent-cleanup-end, 0.0001998 secs]
2014-07-10T16:13:01.904+0200: 32.890: [GC pause (young), 0.0134915 secs]
   [Parallel Time: 12.6 ms, GC Workers: 2]
      [GC Worker Start (ms): Min: 32890.1, Avg: 32890.1, Max: 32890.1, Diff: 0.0]
      [Ext Root Scanning (ms): Min: 1.2, Avg: 1.2, Max: 1.3, Diff: 0.0, Sum: 2.5]
      [Update RS (ms): Min: 0.4, Avg: 0.5, Max: 0.5, Diff: 0.0, Sum: 0.9]
         [Processed Buffers: Min: 3, Avg: 3.5, Max: 4, Diff: 1, Sum: 7]
      [Scan RS (ms): Min: 0.0, Avg: 0.0, Max: 0.0, Diff: 0.0, Sum: 0.1]
      [Code Root Scanning (ms): Min: 0.0, Avg: 0.0, Max: 0.0, Diff: 0.0, Sum: 0.0]
      [Object Copy (ms): Min: 10.7, Avg: 10.7, Max: 10.7, Diff: 0.0, Sum: 21.5]
      [Termination (ms): Min: 0.0, Avg: 0.0, Max: 0.0, Diff: 0.0, Sum: 0.0]
      [GC Worker Other (ms): Min: 0.0, Avg: 0.0, Max: 0.0, Diff: 0.0, Sum: 0.1]
      [GC Worker Total (ms): Min: 12.5, Avg: 12.5, Max: 12.5, Diff: 0.0, Sum: 25.0]
      [GC Worker End (ms): Min: 32902.6, Avg: 32902.6, Max: 32902.6, Diff: 0.0]
   [Code Root Fixup: 0.0 ms]
   [Code Root Migration: 0.0 ms]
   [Clear CT: 0.0 ms]
   [Other: 0.8 ms]
      [Choose CSet: 0.0 ms]
      [Ref Proc: 0.7 ms]
      [Ref Enq: 0.0 ms]
      [Free CSet: 0.1 ms]
   [Eden: 18.0M(18.0M)->0.0B(9216.0K) Survivors: 5120.0K->3072.0K Heap: 99.0M(256.0M)->94.5M(256.0M)]
 [Times: user=0.03 sys=0.00, real=0.01 secs] 
2014-07-10T16:13:01.932+0200: 32.918: [GC pause (mixed), 0.0080845 secs]
   [Parallel Time: 7.8 ms, GC Workers: 2]
      [GC Worker Start (ms): Min: 32918.0, Avg: 32918.0, Max: 32918.0, Diff: 0.0]
      [Ext Root Scanning (ms): Min: 1.1, Avg: 1.1, Max: 1.2, Diff: 0.1, Sum: 2.3]
      [Update RS (ms): Min: 0.3, Avg: 0.3, Max: 0.3, Diff: 0.1, Sum: 0.6]
         [Processed Buffers: Min: 3, Avg: 4.0, Max: 5, Diff: 2, Sum: 8]
      [Scan RS (ms): Min: 0.1, Avg: 0.1, Max: 0.1, Diff: 0.0, Sum: 0.1]
      [Code Root Scanning (ms): Min: 0.0, Avg: 0.0, Max: 0.0, Diff: 0.0, Sum: 0.0]
      [Object Copy (ms): Min: 6.2, Avg: 6.2, Max: 6.2, Diff: 0.0, Sum: 12.4]
      [Termination (ms): Min: 0.0, Avg: 0.0, Max: 0.0, Diff: 0.0, Sum: 0.0]
      [GC Worker Other (ms): Min: 0.0, Avg: 0.0, Max: 0.0, Diff: 0.0, Sum: 0.1]
      [GC Worker Total (ms): Min: 7.7, Avg: 7.8, Max: 7.8, Diff: 0.0, Sum: 15.5]
      [GC Worker End (ms): Min: 32925.7, Avg: 32925.7, Max: 32925.7, Diff: 0.0]
   [Code Root Fixup: 0.0 ms]
   [Code Root Migration: 0.0 ms]
   [Clear CT: 0.1 ms]
   [Other: 0.2 ms]
      [Choose CSet: 0.0 ms]
      [Ref Proc: 0.0 ms]
      [Ref Enq: 0.0 ms]
      [Free CSet: 0.1 ms]
   [Eden: 9216.0K(9216.0K)->0.0B(68.0M) Survivors: 3072.0K->2048.0K Heap: 103.5M(256.0M)->97.0M(256.0M)]
 [Times: user=0.03 sys=0.00, real=0.01 secs] 
2014-07-10T16:13:02.053+0200: 33.038: [GC pause (young), 0.0454040 secs]
   [Parallel Time: 44.9 ms, GC Workers: 2]
      [GC Worker Start (ms): Min: 33037.9, Avg: 33037.9, Max: 33037.9, Diff: 0.0]
      [Ext Root Scanning (ms): Min: 1.0, Avg: 1.1, Max: 1.1, Diff: 0.0, Sum: 2.1]
      [Update RS (ms): Min: 0.3, Avg: 0.4, Max: 0.4, Diff: 0.1, Sum: 0.8]
         [Processed Buffers: Min: 1, Avg: 3.0, Max: 5, Diff: 4, Sum: 6]
      [Scan RS (ms): Min: 0.1, Avg: 0.1, Max: 0.1, Diff: 0.0, Sum: 0.2]
      [Code Root Scanning (ms): Min: 0.0, Avg: 0.0, Max: 0.0, Diff: 0.0, Sum: 0.1]
      [Object Copy (ms): Min: 43.3, Avg: 43.3, Max: 43.3, Diff: 0.0, Sum: 86.6]
      [Termination (ms): Min: 0.0, Avg: 0.0, Max: 0.0, Diff: 0.0, Sum: 0.0]
      [GC Worker Other (ms): Min: 0.0, Avg: 0.0, Max: 0.0, Diff: 0.0, Sum: 0.1]
      [GC Worker Total (ms): Min: 44.9, Avg: 44.9, Max: 44.9, Diff: 0.0, Sum: 89.9]
      [GC Worker End (ms): Min: 33082.9, Avg: 33082.9, Max: 33082.9, Diff: 0.0]
   [Code Root Fixup: 0.0 ms]
   [Code Root Migration: 0.0 ms]
   [Clear CT: 0.1 ms]
   [Other: 0.4 ms]
      [Choose CSet: 0.0 ms]
      [Ref Proc: 0.0 ms]
      [Ref Enq: 0.0 ms]
      [Free CSet: 0.1 ms]
   [Eden: 68.0M(68.0M)->0.0B(30.0M) Survivors: 2048.0K->9216.0K Heap: 165.0M(256.0M)->169.0M(256.0M)]
 [Times: user=0.09 sys=0.00, real=0.05 secs] 
2014-07-10T16:13:02.151+0200: 33.136: [GC pause (young) (initial-mark), 0.0209277 secs]
   [Parallel Time: 20.5 ms, GC Workers: 2]
      [GC Worker Start (ms): Min: 33136.0, Avg: 33136.0, Max: 33136.0, Diff: 0.0]
      [Ext Root Scanning (ms): Min: 1.1, Avg: 1.1, Max: 1.1, Diff: 0.0, Sum: 2.2]
      [Code Root Marking (ms): Min: 0.1, Avg: 0.1, Max: 0.1, Diff: 0.0, Sum: 0.1]
      [Update RS (ms): Min: 0.9, Avg: 0.9, Max: 0.9, Diff: 0.0, Sum: 1.8]
         [Processed Buffers: Min: 5, Avg: 5.5, Max: 6, Diff: 1, Sum: 11]
      [Scan RS (ms): Min: 0.1, Avg: 0.1, Max: 0.1, Diff: 0.0, Sum: 0.1]
      [Code Root Scanning (ms): Min: 0.0, Avg: 0.0, Max: 0.0, Diff: 0.0, Sum: 0.1]
      [Object Copy (ms): Min: 18.2, Avg: 18.2, Max: 18.2, Diff: 0.0, Sum: 36.5]
      [Termination (ms): Min: 0.0, Avg: 0.0, Max: 0.0, Diff: 0.0, Sum: 0.0]
      [GC Worker Other (ms): Min: 0.0, Avg: 0.0, Max: 0.0, Diff: 0.0, Sum: 0.1]
      [GC Worker Total (ms): Min: 20.4, Avg: 20.4, Max: 20.4, Diff: 0.0, Sum: 40.9]
      [GC Worker End (ms): Min: 33156.4, Avg: 33156.4, Max: 33156.5, Diff: 0.0]
   [Code Root Fixup: 0.0 ms]
   [Code Root Migration: 0.0 ms]
   [Clear CT: 0.0 ms]
   [Other: 0.4 ms]
      [Choose CSet: 0.0 ms]
      [Ref Proc: 0.1 ms]
      [Ref Enq: 0.0 ms]
      [Free CSet: 0.1 ms]
   [Eden: 30.0M(30.0M)->0.0B(19.0M) Survivors: 9216.0K->5120.0K Heap: 199.0M(256.0M)->191.5M(256.0M)]
 [Times: user=0.03 sys=0.00, real=0.02 secs] 
2014-07-10T16:13:02.172+0200: 33.157: [GC concurrent-root-region-scan-start]
2014-07-10T16:13:02.172+0200: 33.157: [GC concurrent-root-region-scan-end, 0.0000906 secs]
2014-07-10T16:13:02.172+0200: 33.157: [GC concurrent-mark-start]
2014-07-10T16:13:02.177+0200: 33.162: [GC concurrent-mark-end, 0.0045110 secs]
2014-07-10T16:13:02.177+0200: 33.162: [GC remark 2014-07-10T16:13:02.177+0200: 33.162: [GC ref-proc, 0.0000722 secs], 0.0010379 secs]
 [Times: user=0.00 sys=0.00, real=0.00 secs] 
2014-07-10T16:13:02.178+0200: 33.163: [GC cleanup 193M->89M(256M), 0.0007530 secs]
 [Times: user=0.00 sys=0.00, real=0.00 secs] 
2014-07-10T16:13:02.179+0200: 33.164: [GC concurrent-cleanup-start]
2014-07-10T16:13:02.179+0200: 33.164: [GC concurrent-cleanup-end, 0.0001807 secs]
2014-07-10T16:13:02.206+0200: 33.191: [GC pause (young), 0.0145143 secs]
   [Parallel Time: 14.0 ms, GC Workers: 2]
      [GC Worker Start (ms): Min: 33191.1, Avg: 33191.7, Max: 33192.3, Diff: 1.2]
      [Ext Root Scanning (ms): Min: 0.3, Avg: 1.0, Max: 1.7, Diff: 1.4, Sum: 2.0]
      [Update RS (ms): Min: 0.4, Avg: 0.5, Max: 0.6, Diff: 0.2, Sum: 1.0]
         [Processed Buffers: Min: 2, Avg: 2.5, Max: 3, Diff: 1, Sum: 5]
      [Scan RS (ms): Min: 0.0, Avg: 0.0, Max: 0.0, Diff: 0.0, Sum: 0.1]
      [Code Root Scanning (ms): Min: 0.0, Avg: 0.0, Max: 0.0, Diff: 0.0, Sum: 0.0]
      [Object Copy (ms): Min: 11.7, Avg: 11.7, Max: 11.8, Diff: 0.1, Sum: 23.4]
      [Termination (ms): Min: 0.0, Avg: 0.0, Max: 0.0, Diff: 0.0, Sum: 0.0]
      [GC Worker Other (ms): Min: 0.0, Avg: 0.0, Max: 0.0, Diff: 0.0, Sum: 0.1]
      [GC Worker Total (ms): Min: 12.7, Avg: 13.3, Max: 13.9, Diff: 1.2, Sum: 26.6]
      [GC Worker End (ms): Min: 33205.0, Avg: 33205.0, Max: 33205.0, Diff: 0.0]
   [Code Root Fixup: 0.0 ms]
   [Code Root Migration: 0.0 ms]
   [Clear CT: 0.1 ms]
   [Other: 0.4 ms]
      [Choose CSet: 0.0 ms]
      [Ref Proc: 0.1 ms]
      [Ref Enq: 0.0 ms]
      [Free CSet: 0.1 ms]
   [Eden: 19.0M(19.0M)->0.0B(9216.0K) Survivors: 5120.0K->3072.0K Heap: 106.5M(256.0M)->104.5M(256.0M)]
 [Times: user=0.03 sys=0.00, real=0.01 secs] 
2014-07-10T16:13:02.235+0200: 33.220: [GC pause (mixed), 0.0077098 secs]
   [Parallel Time: 7.3 ms, GC Workers: 2]
      [GC Worker Start (ms): Min: 33219.8, Avg: 33219.8, Max: 33219.8, Diff: 0.0]
      [Ext Root Scanning (ms): Min: 1.0, Avg: 1.0, Max: 1.0, Diff: 0.0, Sum: 2.1]
      [Update RS (ms): Min: 0.3, Avg: 0.3, Max: 0.3, Diff: 0.0, Sum: 0.7]
         [Processed Buffers: Min: 2, Avg: 3.0, Max: 4, Diff: 2, Sum: 6]
      [Scan RS (ms): Min: 0.1, Avg: 0.1, Max: 0.1, Diff: 0.0, Sum: 0.1]
      [Code Root Scanning (ms): Min: 0.0, Avg: 0.0, Max: 0.0, Diff: 0.0, Sum: 0.0]
      [Object Copy (ms): Min: 5.6, Avg: 5.6, Max: 5.6, Diff: 0.0, Sum: 11.3]
      [Termination (ms): Min: 0.0, Avg: 0.0, Max: 0.0, Diff: 0.0, Sum: 0.0]
      [GC Worker Other (ms): Min: 0.0, Avg: 0.1, Max: 0.1, Diff: 0.1, Sum: 0.2]
      [GC Worker Total (ms): Min: 7.1, Avg: 7.2, Max: 7.2, Diff: 0.1, Sum: 14.4]
      [GC Worker End (ms): Min: 33227.0, Avg: 33227.0, Max: 33227.1, Diff: 0.1]
   [Code Root Fixup: 0.0 ms]
   [Code Root Migration: 0.0 ms]
   [Clear CT: 0.1 ms]
   [Other: 0.3 ms]
      [Choose CSet: 0.0 ms]
      [Ref Proc: 0.0 ms]
      [Ref Enq: 0.0 ms]
      [Free CSet: 0.2 ms]
   [Eden: 9216.0K(9216.0K)->0.0B(64.0M) Survivors: 3072.0K->2048.0K Heap: 113.5M(256.0M)->103.0M(256.0M)]
 [Times: user=0.03 sys=0.00, real=0.01 secs] 
2014-07-10T16:13:02.350+0200: 33.335: [GC pause (young), 0.0432901 secs]
   [Parallel Time: 42.3 ms, GC Workers: 2]
      [GC Worker Start (ms): Min: 33334.9, Avg: 33335.0, Max: 33335.0, Diff: 0.0]
      [Ext Root Scanning (ms): Min: 1.0, Avg: 1.0, Max: 1.1, Diff: 0.1, Sum: 2.0]
      [Update RS (ms): Min: 0.3, Avg: 0.4, Max: 0.4, Diff: 0.1, Sum: 0.7]
         [Processed Buffers: Min: 2, Avg: 2.5, Max: 3, Diff: 1, Sum: 5]
      [Scan RS (ms): Min: 0.1, Avg: 0.1, Max: 0.1, Diff: 0.0, Sum: 0.2]
      [Code Root Scanning (ms): Min: 0.0, Avg: 0.0, Max: 0.0, Diff: 0.0, Sum: 0.1]
      [Object Copy (ms): Min: 40.8, Avg: 40.8, Max: 40.8, Diff: 0.0, Sum: 81.5]
      [Termination (ms): Min: 0.0, Avg: 0.0, Max: 0.0, Diff: 0.0, Sum: 0.0]
      [GC Worker Other (ms): Min: 0.0, Avg: 0.0, Max: 0.0, Diff: 0.0, Sum: 0.1]
      [GC Worker Total (ms): Min: 42.3, Avg: 42.3, Max: 42.3, Diff: 0.0, Sum: 84.6]
      [GC Worker End (ms): Min: 33377.3, Avg: 33377.3, Max: 33377.3, Diff: 0.0]
   [Code Root Fixup: 0.0 ms]
   [Code Root Migration: 0.0 ms]
   [Clear CT: 0.1 ms]
   [Other: 0.8 ms]
      [Choose CSet: 0.0 ms]
      [Ref Proc: 0.5 ms]
      [Ref Enq: 0.0 ms]
      [Free CSet: 0.2 ms]
   [Eden: 64.0M(64.0M)->0.0B(29.0M) Survivors: 2048.0K->9216.0K Heap: 167.0M(256.0M)->171.5M(256.0M)]
 [Times: user=0.09 sys=0.00, real=0.04 secs] 
2014-07-10T16:13:02.440+0200: 33.425: [GC pause (young) (initial-mark), 0.0201479 secs]
   [Parallel Time: 19.4 ms, GC Workers: 2]
      [GC Worker Start (ms): Min: 33425.1, Avg: 33425.1, Max: 33425.1, Diff: 0.0]
      [Ext Root Scanning (ms): Min: 1.1, Avg: 1.2, Max: 1.3, Diff: 0.2, Sum: 2.4]
      [Code Root Marking (ms): Min: 0.0, Avg: 0.1, Max: 0.1, Diff: 0.1, Sum: 0.1]
      [Update RS (ms): Min: 0.9, Avg: 0.9, Max: 0.9, Diff: 0.1, Sum: 1.8]
         [Processed Buffers: Min: 4, Avg: 5.0, Max: 6, Diff: 2, Sum: 10]
      [Scan RS (ms): Min: 0.0, Avg: 0.0, Max: 0.1, Diff: 0.0, Sum: 0.1]
      [Code Root Scanning (ms): Min: 0.0, Avg: 0.0, Max: 0.0, Diff: 0.0, Sum: 0.1]
      [Object Copy (ms): Min: 17.1, Avg: 17.1, Max: 17.1, Diff: 0.0, Sum: 34.1]
      [Termination (ms): Min: 0.0, Avg: 0.0, Max: 0.0, Diff: 0.0, Sum: 0.0]
      [GC Worker Other (ms): Min: 0.0, Avg: 0.0, Max: 0.0, Diff: 0.0, Sum: 0.1]
      [GC Worker Total (ms): Min: 19.3, Avg: 19.3, Max: 19.3, Diff: 0.0, Sum: 38.7]
      [GC Worker End (ms): Min: 33444.5, Avg: 33444.5, Max: 33444.5, Diff: 0.0]
   [Code Root Fixup: 0.0 ms]
   [Code Root Migration: 0.0 ms]
   [Clear CT: 0.3 ms]
   [Other: 0.5 ms]
      [Choose CSet: 0.0 ms]
      [Ref Proc: 0.1 ms]
      [Ref Enq: 0.0 ms]
      [Free CSet: 0.1 ms]
   [Eden: 29.0M(29.0M)->0.0B(19.0M) Survivors: 9216.0K->5120.0K Heap: 200.5M(256.0M)->191.5M(256.0M)]
 [Times: user=0.03 sys=0.00, real=0.02 secs] 
2014-07-10T16:13:02.460+0200: 33.445: [GC concurrent-root-region-scan-start]
2014-07-10T16:13:02.460+0200: 33.446: [GC concurrent-root-region-scan-end, 0.0000770 secs]
2014-07-10T16:13:02.460+0200: 33.446: [GC concurrent-mark-start]
2014-07-10T16:13:02.464+0200: 33.449: [GC concurrent-mark-end, 0.0032094 secs]
2014-07-10T16:13:02.464+0200: 33.449: [GC remark 2014-07-10T16:13:02.465+0200: 33.450: [GC ref-proc, 0.0000682 secs], 0.0012594 secs]
 [Times: user=0.00 sys=0.00, real=0.00 secs] 
2014-07-10T16:13:02.466+0200: 33.451: [GC cleanup 192M->83M(256M), 0.0010412 secs]
 [Times: user=0.00 sys=0.00, real=0.00 secs] 
2014-07-10T16:13:02.467+0200: 33.452: [GC concurrent-cleanup-start]
2014-07-10T16:13:02.467+0200: 33.452: [GC concurrent-cleanup-end, 0.0001672 secs]
2014-07-10T16:13:02.497+0200: 33.483: [GC pause (young), 0.0133760 secs]
   [Parallel Time: 12.9 ms, GC Workers: 2]
      [GC Worker Start (ms): Min: 33482.6, Avg: 33482.6, Max: 33482.6, Diff: 0.0]
      [Ext Root Scanning (ms): Min: 1.0, Avg: 1.0, Max: 1.0, Diff: 0.0, Sum: 2.0]
      [Update RS (ms): Min: 0.4, Avg: 0.4, Max: 0.5, Diff: 0.1, Sum: 0.9]
         [Processed Buffers: Min: 2, Avg: 3.5, Max: 5, Diff: 3, Sum: 7]
      [Scan RS (ms): Min: 0.0, Avg: 0.0, Max: 0.0, Diff: 0.0, Sum: 0.1]
      [Code Root Scanning (ms): Min: 0.0, Avg: 0.0, Max: 0.0, Diff: 0.0, Sum: 0.0]
      [Object Copy (ms): Min: 11.4, Avg: 11.4, Max: 11.4, Diff: 0.0, Sum: 22.7]
      [Termination (ms): Min: 0.0, Avg: 0.0, Max: 0.0, Diff: 0.0, Sum: 0.0]
      [GC Worker Other (ms): Min: 0.0, Avg: 0.0, Max: 0.0, Diff: 0.0, Sum: 0.1]
      [GC Worker Total (ms): Min: 12.9, Avg: 12.9, Max: 12.9, Diff: 0.0, Sum: 25.7]
      [GC Worker End (ms): Min: 33495.5, Avg: 33495.5, Max: 33495.5, Diff: 0.0]
   [Code Root Fixup: 0.0 ms]
   [Code Root Migration: 0.0 ms]
   [Clear CT: 0.0 ms]
   [Other: 0.4 ms]
      [Choose CSet: 0.0 ms]
      [Ref Proc: 0.2 ms]
      [Ref Enq: 0.0 ms]
      [Free CSet: 0.1 ms]
   [Eden: 19.0M(19.0M)->0.0B(9216.0K) Survivors: 5120.0K->3072.0K Heap: 101.5M(256.0M)->97.5M(256.0M)]
 [Times: user=0.02 sys=0.00, real=0.01 secs] 
2014-07-10T16:13:02.527+0200: 33.512: [GC pause (mixed), 0.0093398 secs]
   [Parallel Time: 8.9 ms, GC Workers: 2]
      [GC Worker Start (ms): Min: 33512.0, Avg: 33512.0, Max: 33512.0, Diff: 0.0]
      [Ext Root Scanning (ms): Min: 1.0, Avg: 1.0, Max: 1.1, Diff: 0.0, Sum: 2.1]
      [Update RS (ms): Min: 0.4, Avg: 0.4, Max: 0.4, Diff: 0.0, Sum: 0.7]
         [Processed Buffers: Min: 3, Avg: 3.5, Max: 4, Diff: 1, Sum: 7]
      [Scan RS (ms): Min: 0.1, Avg: 0.1, Max: 0.1, Diff: 0.0, Sum: 0.1]
      [Code Root Scanning (ms): Min: 0.0, Avg: 0.0, Max: 0.0, Diff: 0.0, Sum: 0.0]
      [Object Copy (ms): Min: 7.3, Avg: 7.3, Max: 7.3, Diff: 0.0, Sum: 14.7]
      [Termination (ms): Min: 0.0, Avg: 0.0, Max: 0.0, Diff: 0.0, Sum: 0.0]
      [GC Worker Other (ms): Min: 0.0, Avg: 0.0, Max: 0.0, Diff: 0.0, Sum: 0.1]
      [GC Worker Total (ms): Min: 8.9, Avg: 8.9, Max: 8.9, Diff: 0.0, Sum: 17.7]
      [GC Worker End (ms): Min: 33520.9, Avg: 33520.9, Max: 33520.9, Diff: 0.0]
   [Code Root Fixup: 0.0 ms]
   [Code Root Migration: 0.0 ms]
   [Clear CT: 0.0 ms]
   [Other: 0.4 ms]
      [Choose CSet: 0.0 ms]
      [Ref Proc: 0.1 ms]
      [Ref Enq: 0.0 ms]
      [Free CSet: 0.1 ms]
   [Eden: 9216.0K(9216.0K)->0.0B(65.0M) Survivors: 3072.0K->2048.0K Heap: 106.5M(256.0M)->102.0M(256.0M)]
 [Times: user=0.03 sys=0.00, real=0.01 secs] 
2014-07-10T16:13:02.644+0200: 33.629: [GC pause (young), 0.0436328 secs]
   [Parallel Time: 43.2 ms, GC Workers: 2]
      [GC Worker Start (ms): Min: 33629.0, Avg: 33629.0, Max: 33629.0, Diff: 0.0]
      [Ext Root Scanning (ms): Min: 1.0, Avg: 1.0, Max: 1.0, Diff: 0.1, Sum: 2.0]
      [Update RS (ms): Min: 0.4, Avg: 0.4, Max: 0.4, Diff: 0.1, Sum: 0.8]
         [Processed Buffers: Min: 1, Avg: 3.0, Max: 5, Diff: 4, Sum: 6]
      [Scan RS (ms): Min: 0.1, Avg: 0.1, Max: 0.1, Diff: 0.0, Sum: 0.2]
      [Code Root Scanning (ms): Min: 0.0, Avg: 0.0, Max: 0.0, Diff: 0.0, Sum: 0.1]
      [Object Copy (ms): Min: 41.6, Avg: 41.6, Max: 41.6, Diff: 0.0, Sum: 83.2]
      [Termination (ms): Min: 0.0, Avg: 0.0, Max: 0.0, Diff: 0.0, Sum: 0.0]
      [GC Worker Other (ms): Min: 0.0, Avg: 0.0, Max: 0.0, Diff: 0.0, Sum: 0.1]
      [GC Worker Total (ms): Min: 43.2, Avg: 43.2, Max: 43.2, Diff: 0.0, Sum: 86.4]
      [GC Worker End (ms): Min: 33672.2, Avg: 33672.2, Max: 33672.2, Diff: 0.0]
   [Code Root Fixup: 0.0 ms]
   [Code Root Migration: 0.0 ms]
   [Clear CT: 0.0 ms]
   [Other: 0.3 ms]
      [Choose CSet: 0.0 ms]
      [Ref Proc: 0.0 ms]
      [Ref Enq: 0.0 ms]
      [Free CSet: 0.1 ms]
   [Eden: 65.0M(65.0M)->0.0B(28.0M) Survivors: 2048.0K->9216.0K Heap: 167.0M(256.0M)->172.0M(256.0M)]
 [Times: user=0.06 sys=0.02, real=0.04 secs] 
2014-07-10T16:13:02.733+0200: 33.718: [GC pause (young) (initial-mark), 0.0198146 secs]
   [Parallel Time: 19.4 ms, GC Workers: 2]
      [GC Worker Start (ms): Min: 33717.9, Avg: 33717.9, Max: 33717.9, Diff: 0.0]
      [Ext Root Scanning (ms): Min: 0.9, Avg: 0.9, Max: 1.0, Diff: 0.0, Sum: 1.9]
      [Code Root Marking (ms): Min: 0.1, Avg: 0.1, Max: 0.1, Diff: 0.0, Sum: 0.1]
      [Update RS (ms): Min: 0.8, Avg: 0.8, Max: 0.9, Diff: 0.0, Sum: 1.7]
         [Processed Buffers: Min: 4, Avg: 4.5, Max: 5, Diff: 1, Sum: 9]
      [Scan RS (ms): Min: 0.0, Avg: 0.0, Max: 0.1, Diff: 0.0, Sum: 0.1]
      [Code Root Scanning (ms): Min: 0.0, Avg: 0.0, Max: 0.0, Diff: 0.0, Sum: 0.0]
      [Object Copy (ms): Min: 17.4, Avg: 17.4, Max: 17.4, Diff: 0.0, Sum: 34.8]
      [Termination (ms): Min: 0.0, Avg: 0.0, Max: 0.0, Diff: 0.0, Sum: 0.0]
      [GC Worker Other (ms): Min: 0.0, Avg: 0.0, Max: 0.0, Diff: 0.0, Sum: 0.0]
      [GC Worker Total (ms): Min: 19.4, Avg: 19.4, Max: 19.4, Diff: 0.0, Sum: 38.7]
      [GC Worker End (ms): Min: 33737.3, Avg: 33737.3, Max: 33737.3, Diff: 0.0]
   [Code Root Fixup: 0.0 ms]
   [Code Root Migration: 0.0 ms]
   [Clear CT: 0.0 ms]
   [Other: 0.4 ms]
      [Choose CSet: 0.0 ms]
      [Ref Proc: 0.1 ms]
      [Ref Enq: 0.0 ms]
      [Free CSet: 0.1 ms]
   [Eden: 28.0M(28.0M)->0.0B(18.0M) Survivors: 9216.0K->5120.0K Heap: 200.0M(256.0M)->192.5M(256.0M)]
 [Times: user=0.05 sys=0.00, real=0.02 secs] 
2014-07-10T16:13:02.753+0200: 33.738: [GC concurrent-root-region-scan-start]
2014-07-10T16:13:02.753+0200: 33.738: [GC concurrent-root-region-scan-end, 0.0001723 secs]
2014-07-10T16:13:02.753+0200: 33.738: [GC concurrent-mark-start]
2014-07-10T16:13:02.757+0200: 33.742: [GC concurrent-mark-end, 0.0036545 secs]
2014-07-10T16:13:02.765+0200: 33.750: [GC remark 2014-07-10T16:13:02.765+0200: 33.750: [GC ref-proc, 0.0000693 secs], 0.0011369 secs]
 [Times: user=0.03 sys=0.00, real=0.00 secs] 
2014-07-10T16:13:02.766+0200: 33.751: [GC cleanup 199M->95M(256M), 0.0012883 secs]
 [Times: user=0.00 sys=0.00, real=0.00 secs] 
2014-07-10T16:13:02.768+0200: 33.753: [GC concurrent-cleanup-start]
2014-07-10T16:13:02.768+0200: 33.753: [GC concurrent-cleanup-end, 0.0001668 secs]
2014-07-10T16:13:02.785+0200: 33.770: [GC pause (young), 0.0128957 secs]
   [Parallel Time: 12.2 ms, GC Workers: 2]
      [GC Worker Start (ms): Min: 33770.3, Avg: 33770.3, Max: 33770.4, Diff: 0.1]
      [Ext Root Scanning (ms): Min: 1.1, Avg: 1.2, Max: 1.2, Diff: 0.1, Sum: 2.3]
      [Update RS (ms): Min: 0.4, Avg: 0.5, Max: 0.5, Diff: 0.1, Sum: 0.9]
         [Processed Buffers: Min: 2, Avg: 4.0, Max: 6, Diff: 4, Sum: 8]
      [Scan RS (ms): Min: 0.0, Avg: 0.0, Max: 0.0, Diff: 0.0, Sum: 0.1]
      [Code Root Scanning (ms): Min: 0.0, Avg: 0.0, Max: 0.0, Diff: 0.0, Sum: 0.0]
      [Object Copy (ms): Min: 10.4, Avg: 10.4, Max: 10.4, Diff: 0.0, Sum: 20.8]
      [Termination (ms): Min: 0.0, Avg: 0.0, Max: 0.0, Diff: 0.0, Sum: 0.0]
      [GC Worker Other (ms): Min: 0.0, Avg: 0.1, Max: 0.1, Diff: 0.0, Sum: 0.1]
      [GC Worker Total (ms): Min: 12.1, Avg: 12.1, Max: 12.2, Diff: 0.1, Sum: 24.3]
      [GC Worker End (ms): Min: 33782.5, Avg: 33782.5, Max: 33782.5, Diff: 0.0]
   [Code Root Fixup: 0.0 ms]
   [Code Root Migration: 0.0 ms]
   [Clear CT: 0.2 ms]
   [Other: 0.5 ms]
      [Choose CSet: 0.0 ms]
      [Ref Proc: 0.2 ms]
      [Ref Enq: 0.0 ms]
      [Free CSet: 0.1 ms]
   [Eden: 18.0M(18.0M)->0.0B(9216.0K) Survivors: 5120.0K->3072.0K Heap: 106.5M(256.0M)->101.0M(256.0M)]
 [Times: user=0.03 sys=0.00, real=0.01 secs] 
2014-07-10T16:13:02.812+0200: 33.797: [GC pause (mixed), 0.0097772 secs]
   [Parallel Time: 9.1 ms, GC Workers: 2]
      [GC Worker Start (ms): Min: 33797.0, Avg: 33797.0, Max: 33797.0, Diff: 0.0]
      [Ext Root Scanning (ms): Min: 1.0, Avg: 1.1, Max: 1.2, Diff: 0.2, Sum: 2.2]
      [Update RS (ms): Min: 0.3, Avg: 0.4, Max: 0.5, Diff: 0.2, Sum: 0.8]
         [Processed Buffers: Min: 1, Avg: 2.5, Max: 4, Diff: 3, Sum: 5]
      [Scan RS (ms): Min: 0.1, Avg: 0.1, Max: 0.1, Diff: 0.0, Sum: 0.2]
      [Code Root Scanning (ms): Min: 0.0, Avg: 0.0, Max: 0.0, Diff: 0.0, Sum: 0.0]
      [Object Copy (ms): Min: 7.4, Avg: 7.4, Max: 7.5, Diff: 0.0, Sum: 14.9]
      [Termination (ms): Min: 0.0, Avg: 0.0, Max: 0.0, Diff: 0.0, Sum: 0.0]
      [GC Worker Other (ms): Min: 0.0, Avg: 0.0, Max: 0.0, Diff: 0.0, Sum: 0.1]
      [GC Worker Total (ms): Min: 9.0, Avg: 9.0, Max: 9.0, Diff: 0.0, Sum: 18.1]
      [GC Worker End (ms): Min: 33806.0, Avg: 33806.0, Max: 33806.0, Diff: 0.0]
   [Code Root Fixup: 0.0 ms]
   [Code Root Migration: 0.0 ms]
   [Clear CT: 0.2 ms]
   [Other: 0.4 ms]
      [Choose CSet: 0.0 ms]
      [Ref Proc: 0.1 ms]
      [Ref Enq: 0.0 ms]
      [Free CSet: 0.1 ms]
   [Eden: 9216.0K(9216.0K)->0.0B(68.0M) Survivors: 3072.0K->2048.0K Heap: 110.0M(256.0M)->101.5M(256.0M)]
 [Times: user=0.03 sys=0.00, real=0.01 secs] 
2014-07-10T16:13:02.937+0200: 33.922: [GC pause (young), 0.0466388 secs]
   [Parallel Time: 46.1 ms, GC Workers: 2]
      [GC Worker Start (ms): Min: 33922.1, Avg: 33922.1, Max: 33922.1, Diff: 0.0]
      [Ext Root Scanning (ms): Min: 1.2, Avg: 1.3, Max: 1.4, Diff: 0.3, Sum: 2.6]
      [Update RS (ms): Min: 0.4, Avg: 0.4, Max: 0.5, Diff: 0.0, Sum: 0.9]
         [Processed Buffers: Min: 1, Avg: 2.5, Max: 4, Diff: 3, Sum: 5]
      [Scan RS (ms): Min: 0.0, Avg: 0.1, Max: 0.2, Diff: 0.1, Sum: 0.2]
      [Code Root Scanning (ms): Min: 0.0, Avg: 0.0, Max: 0.1, Diff: 0.1, Sum: 0.1]
      [Object Copy (ms): Min: 44.2, Avg: 44.2, Max: 44.2, Diff: 0.0, Sum: 88.4]
      [Termination (ms): Min: 0.0, Avg: 0.0, Max: 0.0, Diff: 0.0, Sum: 0.0]
      [GC Worker Other (ms): Min: 0.0, Avg: 0.0, Max: 0.0, Diff: 0.0, Sum: 0.1]
      [GC Worker Total (ms): Min: 46.1, Avg: 46.1, Max: 46.1, Diff: 0.0, Sum: 92.2]
      [GC Worker End (ms): Min: 33968.2, Avg: 33968.2, Max: 33968.2, Diff: 0.0]
   [Code Root Fixup: 0.0 ms]
   [Code Root Migration: 0.0 ms]
   [Clear CT: 0.1 ms]
   [Other: 0.4 ms]
      [Choose CSet: 0.0 ms]
      [Ref Proc: 0.1 ms]
      [Ref Enq: 0.0 ms]
      [Free CSet: 0.1 ms]
   [Eden: 68.0M(68.0M)->0.0B(25.0M) Survivors: 2048.0K->9216.0K Heap: 169.5M(256.0M)->179.5M(256.0M)]
 [Times: user=0.11 sys=0.00, real=0.05 secs] 
2014-07-10T16:13:03.025+0200: 34.010: [GC pause (young) (initial-mark), 0.0181073 secs]
   [Parallel Time: 17.7 ms, GC Workers: 2]
      [GC Worker Start (ms): Min: 34010.0, Avg: 34010.0, Max: 34010.0, Diff: 0.0]
      [Ext Root Scanning (ms): Min: 1.1, Avg: 1.2, Max: 1.2, Diff: 0.1, Sum: 2.3]
      [Code Root Marking (ms): Min: 0.0, Avg: 0.1, Max: 0.1, Diff: 0.1, Sum: 0.1]
      [Update RS (ms): Min: 0.9, Avg: 0.9, Max: 1.0, Diff: 0.1, Sum: 1.8]
         [Processed Buffers: Min: 4, Avg: 5.5, Max: 7, Diff: 3, Sum: 11]
      [Scan RS (ms): Min: 0.0, Avg: 0.0, Max: 0.1, Diff: 0.0, Sum: 0.1]
      [Code Root Scanning (ms): Min: 0.0, Avg: 0.0, Max: 0.0, Diff: 0.0, Sum: 0.0]
      [Object Copy (ms): Min: 15.4, Avg: 15.4, Max: 15.5, Diff: 0.1, Sum: 30.8]
      [Termination (ms): Min: 0.0, Avg: 0.1, Max: 0.1, Diff: 0.1, Sum: 0.1]
      [GC Worker Other (ms): Min: 0.0, Avg: 0.0, Max: 0.0, Diff: 0.0, Sum: 0.1]
      [GC Worker Total (ms): Min: 17.7, Avg: 17.7, Max: 17.7, Diff: 0.0, Sum: 35.4]
      [GC Worker End (ms): Min: 34027.8, Avg: 34027.8, Max: 34027.8, Diff: 0.0]
   [Code Root Fixup: 0.0 ms]
   [Code Root Migration: 0.0 ms]
   [Clear CT: 0.0 ms]
   [Other: 0.3 ms]
      [Choose CSet: 0.0 ms]
      [Ref Proc: 0.0 ms]
      [Ref Enq: 0.0 ms]
      [Free CSet: 0.1 ms]
   [Eden: 25.0M(25.0M)->0.0B(16.0M) Survivors: 9216.0K->5120.0K Heap: 204.5M(256.0M)->196.0M(256.0M)]
 [Times: user=0.03 sys=0.00, real=0.02 secs] 
2014-07-10T16:13:03.043+0200: 34.028: [GC concurrent-root-region-scan-start]
2014-07-10T16:13:03.043+0200: 34.028: [GC concurrent-root-region-scan-end, 0.0000884 secs]
2014-07-10T16:13:03.043+0200: 34.028: [GC concurrent-mark-start]
2014-07-10T16:13:03.047+0200: 34.032: [GC concurrent-mark-end, 0.0034455 secs]
2014-07-10T16:13:03.047+0200: 34.032: [GC remark 2014-07-10T16:13:03.047+0200: 34.032: [GC ref-proc, 0.0000642 secs], 0.0012157 secs]
 [Times: user=0.00 sys=0.00, real=0.00 secs] 
2014-07-10T16:13:03.048+0200: 34.034: [GC cleanup 196M->80M(256M), 0.0007780 secs]
 [Times: user=0.00 sys=0.00, real=0.00 secs] 
2014-07-10T16:13:03.049+0200: 34.034: [GC concurrent-cleanup-start]
2014-07-10T16:13:03.050+0200: 34.035: [GC concurrent-cleanup-end, 0.0002449 secs]
2014-07-10T16:13:03.073+0200: 34.058: [GC pause (young), 0.0119938 secs]
   [Parallel Time: 11.5 ms, GC Workers: 2]
      [GC Worker Start (ms): Min: 34058.2, Avg: 34058.6, Max: 34059.0, Diff: 0.9]
      [Ext Root Scanning (ms): Min: 0.8, Avg: 1.1, Max: 1.4, Diff: 0.6, Sum: 2.2]
      [Update RS (ms): Min: 0.4, Avg: 0.5, Max: 0.5, Diff: 0.2, Sum: 0.9]
         [Processed Buffers: Min: 3, Avg: 4.0, Max: 5, Diff: 2, Sum: 8]
      [Scan RS (ms): Min: 0.0, Avg: 0.0, Max: 0.0, Diff: 0.0, Sum: 0.1]
      [Code Root Scanning (ms): Min: 0.0, Avg: 0.0, Max: 0.0, Diff: 0.0, Sum: 0.0]
      [Object Copy (ms): Min: 9.4, Avg: 9.4, Max: 9.5, Diff: 0.1, Sum: 18.9]
      [Termination (ms): Min: 0.0, Avg: 0.0, Max: 0.0, Diff: 0.0, Sum: 0.0]
      [GC Worker Other (ms): Min: 0.0, Avg: 0.0, Max: 0.0, Diff: 0.0, Sum: 0.1]
      [GC Worker Total (ms): Min: 10.6, Avg: 11.1, Max: 11.5, Diff: 0.9, Sum: 22.1]
      [GC Worker End (ms): Min: 34069.7, Avg: 34069.7, Max: 34069.7, Diff: 0.0]
   [Code Root Fixup: 0.0 ms]
   [Code Root Migration: 0.0 ms]
   [Clear CT: 0.0 ms]
   [Other: 0.4 ms]
      [Choose CSet: 0.0 ms]
      [Ref Proc: 0.2 ms]
      [Ref Enq: 0.0 ms]
      [Free CSet: 0.1 ms]
   [Eden: 16.0M(16.0M)->0.0B(9216.0K) Survivors: 5120.0K->3072.0K Heap: 96.0M(256.0M)->91.5M(256.0M)]
 [Times: user=0.03 sys=0.00, real=0.01 secs] 
2014-07-10T16:13:03.098+0200: 34.083: [GC pause (mixed), 0.0084452 secs]
   [Parallel Time: 7.9 ms, GC Workers: 2]
      [GC Worker Start (ms): Min: 34083.2, Avg: 34083.2, Max: 34083.2, Diff: 0.0]
      [Ext Root Scanning (ms): Min: 1.0, Avg: 1.1, Max: 1.1, Diff: 0.1, Sum: 2.1]
      [Update RS (ms): Min: 0.2, Avg: 0.3, Max: 0.3, Diff: 0.0, Sum: 0.5]
         [Processed Buffers: Min: 1, Avg: 3.0, Max: 5, Diff: 4, Sum: 6]
      [Scan RS (ms): Min: 0.0, Avg: 0.1, Max: 0.1, Diff: 0.0, Sum: 0.1]
      [Code Root Scanning (ms): Min: 0.0, Avg: 0.0, Max: 0.0, Diff: 0.0, Sum: 0.0]
      [Object Copy (ms): Min: 6.4, Avg: 6.4, Max: 6.5, Diff: 0.0, Sum: 12.9]
      [Termination (ms): Min: 0.0, Avg: 0.0, Max: 0.0, Diff: 0.0, Sum: 0.0]
      [GC Worker Other (ms): Min: 0.0, Avg: 0.0, Max: 0.0, Diff: 0.0, Sum: 0.1]
      [GC Worker Total (ms): Min: 7.9, Avg: 7.9, Max: 7.9, Diff: 0.0, Sum: 15.8]
      [GC Worker End (ms): Min: 34091.0, Avg: 34091.0, Max: 34091.0, Diff: 0.0]
   [Code Root Fixup: 0.0 ms]
   [Code Root Migration: 0.0 ms]
   [Clear CT: 0.1 ms]
   [Other: 0.4 ms]
      [Choose CSet: 0.0 ms]
      [Ref Proc: 0.2 ms]
      [Ref Enq: 0.0 ms]
      [Free CSet: 0.1 ms]
   [Eden: 9216.0K(9216.0K)->0.0B(68.0M) Survivors: 3072.0K->2048.0K Heap: 100.5M(256.0M)->94.5M(256.0M)]
 [Times: user=0.00 sys=0.00, real=0.01 secs] 
2014-07-10T16:13:03.220+0200: 34.205: [GC pause (young), 0.0453978 secs]
   [Parallel Time: 44.9 ms, GC Workers: 2]
      [GC Worker Start (ms): Min: 34205.2, Avg: 34205.2, Max: 34205.2, Diff: 0.0]
      [Ext Root Scanning (ms): Min: 1.0, Avg: 1.1, Max: 1.1, Diff: 0.1, Sum: 2.1]
      [Update RS (ms): Min: 0.4, Avg: 0.4, Max: 0.4, Diff: 0.0, Sum: 0.8]
         [Processed Buffers: Min: 3, Avg: 3.0, Max: 3, Diff: 0, Sum: 6]
      [Scan RS (ms): Min: 0.1, Avg: 0.1, Max: 0.1, Diff: 0.0, Sum: 0.2]
      [Code Root Scanning (ms): Min: 0.0, Avg: 0.0, Max: 0.1, Diff: 0.0, Sum: 0.1]
      [Object Copy (ms): Min: 43.2, Avg: 43.2, Max: 43.3, Diff: 0.0, Sum: 86.5]
      [Termination (ms): Min: 0.0, Avg: 0.0, Max: 0.0, Diff: 0.0, Sum: 0.0]
      [GC Worker Other (ms): Min: 0.0, Avg: 0.0, Max: 0.0, Diff: 0.0, Sum: 0.1]
      [GC Worker Total (ms): Min: 44.9, Avg: 44.9, Max: 44.9, Diff: 0.0, Sum: 89.8]
      [GC Worker End (ms): Min: 34250.1, Avg: 34250.1, Max: 34250.1, Diff: 0.0]
   [Code Root Fixup: 0.0 ms]
   [Code Root Migration: 0.0 ms]
   [Clear CT: 0.1 ms]
   [Other: 0.4 ms]
      [Choose CSet: 0.0 ms]
      [Ref Proc: 0.0 ms]
      [Ref Enq: 0.0 ms]
      [Free CSet: 0.1 ms]
   [Eden: 68.0M(68.0M)->0.0B(28.0M) Survivors: 2048.0K->9216.0K Heap: 162.5M(256.0M)->172.5M(256.0M)]
 [Times: user=0.09 sys=0.00, real=0.05 secs] 
2014-07-10T16:13:03.311+0200: 34.296: [GC pause (young) (initial-mark), 0.0196559 secs]
   [Parallel Time: 19.2 ms, GC Workers: 2]
      [GC Worker Start (ms): Min: 34296.2, Avg: 34296.2, Max: 34296.2, Diff: 0.0]
      [Ext Root Scanning (ms): Min: 1.0, Avg: 1.1, Max: 1.2, Diff: 0.2, Sum: 2.2]
      [Code Root Marking (ms): Min: 0.0, Avg: 0.1, Max: 0.1, Diff: 0.1, Sum: 0.1]
      [Update RS (ms): Min: 1.1, Avg: 1.1, Max: 1.1, Diff: 0.0, Sum: 2.2]
         [Processed Buffers: Min: 4, Avg: 5.5, Max: 7, Diff: 3, Sum: 11]
      [Scan RS (ms): Min: 0.0, Avg: 0.1, Max: 0.1, Diff: 0.0, Sum: 0.1]
      [Code Root Scanning (ms): Min: 0.0, Avg: 0.0, Max: 0.0, Diff: 0.0, Sum: 0.0]
      [Object Copy (ms): Min: 16.6, Avg: 16.7, Max: 16.7, Diff: 0.0, Sum: 33.3]
      [Termination (ms): Min: 0.0, Avg: 0.0, Max: 0.0, Diff: 0.0, Sum: 0.0]
      [GC Worker Other (ms): Min: 0.0, Avg: 0.1, Max: 0.2, Diff: 0.1, Sum: 0.2]
      [GC Worker Total (ms): Min: 19.0, Avg: 19.1, Max: 19.2, Diff: 0.1, Sum: 38.2]
      [GC Worker End (ms): Min: 34315.2, Avg: 34315.3, Max: 34315.4, Diff: 0.1]
   [Code Root Fixup: 0.0 ms]
   [Code Root Migration: 0.0 ms]
   [Clear CT: 0.1 ms]
   [Other: 0.4 ms]
      [Choose CSet: 0.0 ms]
      [Ref Proc: 0.1 ms]
      [Ref Enq: 0.0 ms]
      [Free CSet: 0.1 ms]
   [Eden: 28.0M(28.0M)->0.0B(19.0M) Survivors: 9216.0K->5120.0K Heap: 200.5M(256.0M)->191.5M(256.0M)]
 [Times: user=0.06 sys=0.00, real=0.02 secs] 
2014-07-10T16:13:03.331+0200: 34.316: [GC concurrent-root-region-scan-start]
2014-07-10T16:13:03.331+0200: 34.316: [GC concurrent-root-region-scan-end, 0.0000898 secs]
2014-07-10T16:13:03.331+0200: 34.316: [GC concurrent-mark-start]
2014-07-10T16:13:03.334+0200: 34.320: [GC concurrent-mark-end, 0.0031354 secs]
2014-07-10T16:13:03.335+0200: 34.320: [GC remark 2014-07-10T16:13:03.335+0200: 34.320: [GC ref-proc, 0.0001100 secs], 0.0012308 secs]
 [Times: user=0.00 sys=0.00, real=0.00 secs] 
2014-07-10T16:13:03.340+0200: 34.326: [GC cleanup 193M->84M(256M), 0.0014889 secs]
 [Times: user=0.00 sys=0.00, real=0.00 secs] 
2014-07-10T16:13:03.342+0200: 34.327: [GC concurrent-cleanup-start]
2014-07-10T16:13:03.342+0200: 34.327: [GC concurrent-cleanup-end, 0.0001826 secs]
2014-07-10T16:13:03.372+0200: 34.357: [GC pause (young), 0.0134728 secs]
   [Parallel Time: 13.1 ms, GC Workers: 2]
      [GC Worker Start (ms): Min: 34357.1, Avg: 34357.1, Max: 34357.2, Diff: 0.0]
      [Ext Root Scanning (ms): Min: 1.1, Avg: 1.2, Max: 1.2, Diff: 0.1, Sum: 2.3]
      [Update RS (ms): Min: 0.4, Avg: 0.5, Max: 0.5, Diff: 0.0, Sum: 0.9]
         [Processed Buffers: Min: 2, Avg: 3.5, Max: 5, Diff: 3, Sum: 7]
      [Scan RS (ms): Min: 0.0, Avg: 0.0, Max: 0.0, Diff: 0.0, Sum: 0.1]
      [Code Root Scanning (ms): Min: 0.0, Avg: 0.0, Max: 0.0, Diff: 0.0, Sum: 0.0]
      [Object Copy (ms): Min: 11.3, Avg: 11.3, Max: 11.4, Diff: 0.0, Sum: 22.7]
      [Termination (ms): Min: 0.0, Avg: 0.0, Max: 0.0, Diff: 0.0, Sum: 0.0]
      [GC Worker Other (ms): Min: 0.0, Avg: 0.0, Max: 0.0, Diff: 0.0, Sum: 0.1]
      [GC Worker Total (ms): Min: 13.1, Avg: 13.1, Max: 13.1, Diff: 0.0, Sum: 26.1]
      [GC Worker End (ms): Min: 34370.2, Avg: 34370.2, Max: 34370.2, Diff: 0.0]
   [Code Root Fixup: 0.0 ms]
   [Code Root Migration: 0.0 ms]
   [Clear CT: 0.0 ms]
   [Other: 0.3 ms]
      [Choose CSet: 0.0 ms]
      [Ref Proc: 0.1 ms]
      [Ref Enq: 0.0 ms]
      [Free CSet: 0.1 ms]
   [Eden: 19.0M(19.0M)->0.0B(9216.0K) Survivors: 5120.0K->3072.0K Heap: 101.5M(256.0M)->97.5M(256.0M)]
 [Times: user=0.03 sys=0.00, real=0.01 secs] 
2014-07-10T16:13:03.415+0200: 34.400: [GC pause (mixed), 0.0112701 secs]
   [Parallel Time: 10.9 ms, GC Workers: 2]
      [GC Worker Start (ms): Min: 34400.0, Avg: 34404.0, Max: 34408.0, Diff: 8.0]
      [Ext Root Scanning (ms): Min: 0.0, Avg: 0.8, Max: 1.7, Diff: 1.7, Sum: 1.7]
      [Update RS (ms): Min: 0.0, Avg: 0.3, Max: 0.5, Diff: 0.5, Sum: 0.5]
         [Processed Buffers: Min: 0, Avg: 3.5, Max: 7, Diff: 7, Sum: 7]
      [Scan RS (ms): Min: 0.0, Avg: 0.1, Max: 0.1, Diff: 0.1, Sum: 0.1]
      [Code Root Scanning (ms): Min: 0.0, Avg: 0.0, Max: 0.0, Diff: 0.0, Sum: 0.0]
      [Object Copy (ms): Min: 2.8, Avg: 5.7, Max: 8.5, Diff: 5.7, Sum: 11.3]
      [Termination (ms): Min: 0.0, Avg: 0.0, Max: 0.0, Diff: 0.0, Sum: 0.0]
      [GC Worker Other (ms): Min: 0.0, Avg: 0.0, Max: 0.0, Diff: 0.0, Sum: 0.1]
      [GC Worker Total (ms): Min: 2.9, Avg: 6.9, Max: 10.9, Diff: 8.0, Sum: 13.8]
      [GC Worker End (ms): Min: 34410.9, Avg: 34410.9, Max: 34410.9, Diff: 0.0]
   [Code Root Fixup: 0.0 ms]
   [Code Root Migration: 0.0 ms]
   [Clear CT: 0.1 ms]
   [Other: 0.2 ms]
      [Choose CSet: 0.0 ms]
      [Ref Proc: 0.0 ms]
      [Ref Enq: 0.0 ms]
      [Free CSet: 0.1 ms]
   [Eden: 9216.0K(9216.0K)->0.0B(67.0M) Survivors: 3072.0K->2048.0K Heap: 106.5M(256.0M)->100.3M(256.0M)]
 [Times: user=0.02 sys=0.00, real=0.01 secs] 
2014-07-10T16:13:03.536+0200: 34.521: [GC pause (young), 0.0435977 secs]
   [Parallel Time: 43.1 ms, GC Workers: 2]
      [GC Worker Start (ms): Min: 34521.2, Avg: 34521.2, Max: 34521.2, Diff: 0.0]
      [Ext Root Scanning (ms): Min: 1.1, Avg: 1.1, Max: 1.2, Diff: 0.0, Sum: 2.3]
      [Update RS (ms): Min: 0.2, Avg: 0.4, Max: 0.6, Diff: 0.3, Sum: 0.8]
         [Processed Buffers: Min: 1, Avg: 2.5, Max: 4, Diff: 3, Sum: 5]
      [Scan RS (ms): Min: 0.0, Avg: 0.1, Max: 0.2, Diff: 0.2, Sum: 0.2]
      [Code Root Scanning (ms): Min: 0.0, Avg: 0.0, Max: 0.1, Diff: 0.1, Sum: 0.1]
      [Object Copy (ms): Min: 41.3, Avg: 41.3, Max: 41.3, Diff: 0.0, Sum: 82.7]
      [Termination (ms): Min: 0.0, Avg: 0.0, Max: 0.0, Diff: 0.0, Sum: 0.0]
      [GC Worker Other (ms): Min: 0.0, Avg: 0.0, Max: 0.0, Diff: 0.0, Sum: 0.1]
      [GC Worker Total (ms): Min: 43.1, Avg: 43.1, Max: 43.1, Diff: 0.0, Sum: 86.2]
      [GC Worker End (ms): Min: 34564.2, Avg: 34564.3, Max: 34564.3, Diff: 0.0]
   [Code Root Fixup: 0.0 ms]
   [Code Root Migration: 0.0 ms]
   [Clear CT: 0.1 ms]
   [Other: 0.4 ms]
      [Choose CSet: 0.0 ms]
      [Ref Proc: 0.0 ms]
      [Ref Enq: 0.0 ms]
      [Free CSet: 0.1 ms]
   [Eden: 67.0M(67.0M)->0.0B(30.0M) Survivors: 2048.0K->9216.0K Heap: 167.3M(256.0M)->169.5M(256.0M)]
 [Times: user=0.09 sys=0.00, real=0.04 secs] 
2014-07-10T16:13:03.630+0200: 34.615: [GC pause (young) (initial-mark), 0.0203774 secs]
   [Parallel Time: 20.0 ms, GC Workers: 2]
      [GC Worker Start (ms): Min: 34615.2, Avg: 34615.2, Max: 34615.2, Diff: 0.0]
      [Ext Root Scanning (ms): Min: 1.1, Avg: 1.1, Max: 1.1, Diff: 0.0, Sum: 2.2]
      [Code Root Marking (ms): Min: 0.1, Avg: 0.1, Max: 0.1, Diff: 0.0, Sum: 0.1]
      [Update RS (ms): Min: 0.9, Avg: 0.9, Max: 0.9, Diff: 0.0, Sum: 1.7]
         [Processed Buffers: Min: 4, Avg: 5.0, Max: 6, Diff: 2, Sum: 10]
      [Scan RS (ms): Min: 0.0, Avg: 0.0, Max: 0.1, Diff: 0.0, Sum: 0.1]
      [Code Root Scanning (ms): Min: 0.0, Avg: 0.0, Max: 0.0, Diff: 0.0, Sum: 0.1]
      [Object Copy (ms): Min: 17.8, Avg: 17.8, Max: 17.8, Diff: 0.0, Sum: 35.6]
      [Termination (ms): Min: 0.0, Avg: 0.0, Max: 0.0, Diff: 0.0, Sum: 0.0]
      [GC Worker Other (ms): Min: 0.0, Avg: 0.0, Max: 0.0, Diff: 0.0, Sum: 0.1]
      [GC Worker Total (ms): Min: 20.0, Avg: 20.0, Max: 20.0, Diff: 0.0, Sum: 39.9]
      [GC Worker End (ms): Min: 34635.1, Avg: 34635.1, Max: 34635.1, Diff: 0.0]
   [Code Root Fixup: 0.0 ms]
   [Code Root Migration: 0.0 ms]
   [Clear CT: 0.0 ms]
   [Other: 0.3 ms]
      [Choose CSet: 0.0 ms]
      [Ref Proc: 0.0 ms]
      [Ref Enq: 0.0 ms]
      [Free CSet: 0.1 ms]
   [Eden: 30.0M(30.0M)->0.0B(19.0M) Survivors: 9216.0K->5120.0K Heap: 199.5M(256.0M)->190.5M(256.0M)]
 [Times: user=0.01 sys=0.00, real=0.02 secs] 
2014-07-10T16:13:03.651+0200: 34.636: [GC concurrent-root-region-scan-start]
2014-07-10T16:13:03.651+0200: 34.636: [GC concurrent-root-region-scan-end, 0.0001151 secs]
2014-07-10T16:13:03.651+0200: 34.636: [GC concurrent-mark-start]
2014-07-10T16:13:03.654+0200: 34.639: [GC concurrent-mark-end, 0.0031621 secs]
2014-07-10T16:13:03.654+0200: 34.639: [GC remark 2014-07-10T16:13:03.654+0200: 34.640: [GC ref-proc, 0.0000726 secs], 0.0011032 secs]
 [Times: user=0.00 sys=0.02, real=0.00 secs] 
2014-07-10T16:13:03.656+0200: 34.641: [GC cleanup 191M->83M(256M), 0.0010013 secs]
 [Times: user=0.00 sys=0.00, real=0.00 secs] 
2014-07-10T16:13:03.657+0200: 34.642: [GC concurrent-cleanup-start]
2014-07-10T16:13:03.657+0200: 34.642: [GC concurrent-cleanup-end, 0.0002398 secs]
2014-07-10T16:13:03.684+0200: 34.669: [GC pause (young), 0.0135684 secs]
   [Parallel Time: 13.3 ms, GC Workers: 2]
      [GC Worker Start (ms): Min: 34669.1, Avg: 34669.1, Max: 34669.1, Diff: 0.0]
      [Ext Root Scanning (ms): Min: 1.0, Avg: 1.0, Max: 1.1, Diff: 0.1, Sum: 2.1]
      [Update RS (ms): Min: 0.4, Avg: 0.5, Max: 0.5, Diff: 0.1, Sum: 0.9]
         [Processed Buffers: Min: 2, Avg: 3.5, Max: 5, Diff: 3, Sum: 7]
      [Scan RS (ms): Min: 0.0, Avg: 0.0, Max: 0.0, Diff: 0.0, Sum: 0.1]
      [Code Root Scanning (ms): Min: 0.0, Avg: 0.0, Max: 0.0, Diff: 0.0, Sum: 0.0]
      [Object Copy (ms): Min: 11.6, Avg: 11.7, Max: 11.7, Diff: 0.0, Sum: 23.3]
      [Termination (ms): Min: 0.0, Avg: 0.0, Max: 0.0, Diff: 0.0, Sum: 0.0]
      [GC Worker Other (ms): Min: 0.0, Avg: 0.0, Max: 0.0, Diff: 0.0, Sum: 0.1]
      [GC Worker Total (ms): Min: 13.2, Avg: 13.2, Max: 13.2, Diff: 0.0, Sum: 26.5]
      [GC Worker End (ms): Min: 34682.3, Avg: 34682.3, Max: 34682.3, Diff: 0.0]
   [Code Root Fixup: 0.0 ms]
   [Code Root Migration: 0.0 ms]
   [Clear CT: 0.0 ms]
   [Other: 0.3 ms]
      [Choose CSet: 0.0 ms]
      [Ref Proc: 0.0 ms]
      [Ref Enq: 0.0 ms]
      [Free CSet: 0.1 ms]
   [Eden: 19.0M(19.0M)->0.0B(9216.0K) Survivors: 5120.0K->3072.0K Heap: 101.5M(256.0M)->97.5M(256.0M)]
 [Times: user=0.03 sys=0.00, real=0.01 secs] 
2014-07-10T16:13:03.712+0200: 34.697: [GC pause (mixed), 0.0078986 secs]
   [Parallel Time: 7.6 ms, GC Workers: 2]
      [GC Worker Start (ms): Min: 34697.0, Avg: 34697.0, Max: 34697.0, Diff: 0.0]
      [Ext Root Scanning (ms): Min: 1.0, Avg: 1.1, Max: 1.1, Diff: 0.1, Sum: 2.2]
      [Update RS (ms): Min: 0.3, Avg: 0.3, Max: 0.3, Diff: 0.0, Sum: 0.6]
         [Processed Buffers: Min: 1, Avg: 3.5, Max: 6, Diff: 5, Sum: 7]
      [Scan RS (ms): Min: 0.0, Avg: 0.1, Max: 0.1, Diff: 0.0, Sum: 0.1]
      [Code Root Scanning (ms): Min: 0.0, Avg: 0.0, Max: 0.0, Diff: 0.0, Sum: 0.0]
      [Object Copy (ms): Min: 6.0, Avg: 6.1, Max: 6.1, Diff: 0.0, Sum: 12.1]
      [Termination (ms): Min: 0.0, Avg: 0.0, Max: 0.0, Diff: 0.0, Sum: 0.0]
      [GC Worker Other (ms): Min: 0.0, Avg: 0.0, Max: 0.0, Diff: 0.0, Sum: 0.1]
      [GC Worker Total (ms): Min: 7.5, Avg: 7.5, Max: 7.6, Diff: 0.0, Sum: 15.1]
      [GC Worker End (ms): Min: 34704.6, Avg: 34704.6, Max: 34704.6, Diff: 0.0]
   [Code Root Fixup: 0.0 ms]
   [Code Root Migration: 0.0 ms]
   [Clear CT: 0.0 ms]
   [Other: 0.3 ms]
      [Choose CSet: 0.0 ms]
      [Ref Proc: 0.0 ms]
      [Ref Enq: 0.0 ms]
      [Free CSet: 0.1 ms]
   [Eden: 9216.0K(9216.0K)->0.0B(67.0M) Survivors: 3072.0K->2048.0K Heap: 106.5M(256.0M)->100.5M(256.0M)]
 [Times: user=0.03 sys=0.00, real=0.01 secs] 
2014-07-10T16:13:03.831+0200: 34.816: [GC pause (young), 0.0447558 secs]
   [Parallel Time: 44.3 ms, GC Workers: 2]
      [GC Worker Start (ms): Min: 34815.9, Avg: 34815.9, Max: 34816.0, Diff: 0.0]
      [Ext Root Scanning (ms): Min: 1.1, Avg: 1.2, Max: 1.3, Diff: 0.2, Sum: 2.4]
      [Update RS (ms): Min: 0.3, Avg: 0.4, Max: 0.5, Diff: 0.2, Sum: 0.8]
         [Processed Buffers: Min: 2, Avg: 2.5, Max: 3, Diff: 1, Sum: 5]
      [Scan RS (ms): Min: 0.1, Avg: 0.1, Max: 0.1, Diff: 0.0, Sum: 0.2]
      [Code Root Scanning (ms): Min: 0.0, Avg: 0.0, Max: 0.0, Diff: 0.0, Sum: 0.1]
      [Object Copy (ms): Min: 42.4, Avg: 42.4, Max: 42.4, Diff: 0.0, Sum: 84.9]
      [Termination (ms): Min: 0.0, Avg: 0.0, Max: 0.0, Diff: 0.0, Sum: 0.0]
      [GC Worker Other (ms): Min: 0.0, Avg: 0.0, Max: 0.0, Diff: 0.0, Sum: 0.1]
      [GC Worker Total (ms): Min: 44.2, Avg: 44.2, Max: 44.2, Diff: 0.0, Sum: 88.5]
      [GC Worker End (ms): Min: 34860.2, Avg: 34860.2, Max: 34860.2, Diff: 0.0]
   [Code Root Fixup: 0.0 ms]
   [Code Root Migration: 0.0 ms]
   [Clear CT: 0.1 ms]
   [Other: 0.4 ms]
      [Choose CSet: 0.0 ms]
      [Ref Proc: 0.1 ms]
      [Ref Enq: 0.0 ms]
      [Free CSet: 0.1 ms]
   [Eden: 67.0M(67.0M)->0.0B(27.0M) Survivors: 2048.0K->9216.0K Heap: 167.5M(256.0M)->175.5M(256.0M)]
 [Times: user=0.09 sys=0.00, real=0.04 secs] 
2014-07-10T16:13:03.919+0200: 34.904: [GC pause (young) (initial-mark), 0.0179467 secs]
   [Parallel Time: 17.5 ms, GC Workers: 2]
      [GC Worker Start (ms): Min: 34904.1, Avg: 34904.1, Max: 34904.1, Diff: 0.0]
      [Ext Root Scanning (ms): Min: 1.0, Avg: 1.0, Max: 1.0, Diff: 0.0, Sum: 1.9]
      [Code Root Marking (ms): Min: 0.1, Avg: 0.1, Max: 0.1, Diff: 0.0, Sum: 0.1]
      [Update RS (ms): Min: 0.8, Avg: 0.9, Max: 0.9, Diff: 0.0, Sum: 1.7]
         [Processed Buffers: Min: 4, Avg: 5.0, Max: 6, Diff: 2, Sum: 10]
      [Scan RS (ms): Min: 0.0, Avg: 0.0, Max: 0.1, Diff: 0.0, Sum: 0.1]
      [Code Root Scanning (ms): Min: 0.0, Avg: 0.0, Max: 0.0, Diff: 0.0, Sum: 0.0]
      [Object Copy (ms): Min: 15.4, Avg: 15.5, Max: 15.5, Diff: 0.0, Sum: 30.9]
      [Termination (ms): Min: 0.0, Avg: 0.0, Max: 0.0, Diff: 0.0, Sum: 0.0]
      [GC Worker Other (ms): Min: 0.0, Avg: 0.0, Max: 0.0, Diff: 0.0, Sum: 0.1]
      [GC Worker Total (ms): Min: 17.4, Avg: 17.4, Max: 17.4, Diff: 0.0, Sum: 34.9]
      [GC Worker End (ms): Min: 34921.5, Avg: 34921.5, Max: 34921.5, Diff: 0.0]
   [Code Root Fixup: 0.0 ms]
   [Code Root Migration: 0.0 ms]
   [Clear CT: 0.0 ms]
   [Other: 0.4 ms]
      [Choose CSet: 0.0 ms]
      [Ref Proc: 0.1 ms]
      [Ref Enq: 0.0 ms]
      [Free CSet: 0.1 ms]
   [Eden: 27.0M(27.0M)->0.0B(18.0M) Survivors: 9216.0K->5120.0K Heap: 202.5M(256.0M)->193.0M(256.0M)]
 [Times: user=0.06 sys=0.00, real=0.02 secs] 
2014-07-10T16:13:03.937+0200: 34.922: [GC concurrent-root-region-scan-start]
2014-07-10T16:13:03.937+0200: 34.922: [GC concurrent-root-region-scan-end, 0.0000876 secs]
2014-07-10T16:13:03.937+0200: 34.922: [GC concurrent-mark-start]
2014-07-10T16:13:03.943+0200: 34.928: [GC concurrent-mark-end, 0.0036465 secs]
2014-07-10T16:13:03.944+0200: 34.929: [GC remark 2014-07-10T16:13:03.944+0200: 34.929: [GC ref-proc, 0.0000682 secs], 0.0011373 secs]
 [Times: user=0.00 sys=0.00, real=0.00 secs] 
2014-07-10T16:13:03.949+0200: 34.934: [GC cleanup 199M->88M(256M), 0.0013338 secs]
 [Times: user=0.00 sys=0.00, real=0.00 secs] 
2014-07-10T16:13:03.950+0200: 34.935: [GC concurrent-cleanup-start]
2014-07-10T16:13:03.950+0200: 34.935: [GC concurrent-cleanup-end, 0.0002049 secs]
2014-07-10T16:13:03.972+0200: 34.957: [GC pause (young), 0.0122838 secs]
   [Parallel Time: 12.0 ms, GC Workers: 2]
      [GC Worker Start (ms): Min: 34957.1, Avg: 34957.1, Max: 34957.1, Diff: 0.0]
      [Ext Root Scanning (ms): Min: 1.0, Avg: 1.1, Max: 1.1, Diff: 0.0, Sum: 2.1]
      [Update RS (ms): Min: 0.0, Avg: 0.5, Max: 0.9, Diff: 0.9, Sum: 0.9]
         [Processed Buffers: Min: 2, Avg: 3.0, Max: 4, Diff: 2, Sum: 6]
      [Scan RS (ms): Min: 0.0, Avg: 0.0, Max: 0.1, Diff: 0.0, Sum: 0.1]
      [Code Root Scanning (ms): Min: 0.0, Avg: 0.0, Max: 0.0, Diff: 0.0, Sum: 0.0]
      [Object Copy (ms): Min: 9.8, Avg: 10.3, Max: 10.8, Diff: 0.9, Sum: 20.6]
      [Termination (ms): Min: 0.0, Avg: 0.0, Max: 0.0, Diff: 0.0, Sum: 0.0]
      [GC Worker Other (ms): Min: 0.0, Avg: 0.0, Max: 0.0, Diff: 0.0, Sum: 0.1]
      [GC Worker Total (ms): Min: 11.9, Avg: 11.9, Max: 11.9, Diff: 0.0, Sum: 23.9]
      [GC Worker End (ms): Min: 34969.0, Avg: 34969.0, Max: 34969.0, Diff: 0.0]
   [Code Root Fixup: 0.0 ms]
   [Code Root Migration: 0.0 ms]
   [Clear CT: 0.0 ms]
   [Other: 0.3 ms]
      [Choose CSet: 0.0 ms]
      [Ref Proc: 0.1 ms]
      [Ref Enq: 0.0 ms]
      [Free CSet: 0.1 ms]
   [Eden: 18.0M(18.0M)->0.0B(9216.0K) Survivors: 5120.0K->3072.0K Heap: 100.0M(256.0M)->95.0M(256.0M)]
 [Times: user=0.03 sys=0.00, real=0.01 secs] 
2014-07-10T16:13:03.999+0200: 34.984: [GC pause (mixed), 0.0083836 secs]
   [Parallel Time: 8.0 ms, GC Workers: 2]
      [GC Worker Start (ms): Min: 34984.0, Avg: 34984.0, Max: 34984.0, Diff: 0.0]
      [Ext Root Scanning (ms): Min: 0.9, Avg: 0.9, Max: 0.9, Diff: 0.0, Sum: 1.8]
      [Update RS (ms): Min: 0.2, Avg: 0.3, Max: 0.3, Diff: 0.1, Sum: 0.5]
         [Processed Buffers: Min: 1, Avg: 2.0, Max: 3, Diff: 2, Sum: 4]
      [Scan RS (ms): Min: 0.1, Avg: 0.1, Max: 0.1, Diff: 0.0, Sum: 0.1]
      [Code Root Scanning (ms): Min: 0.0, Avg: 0.0, Max: 0.0, Diff: 0.0, Sum: 0.0]
      [Object Copy (ms): Min: 6.7, Avg: 6.7, Max: 6.7, Diff: 0.0, Sum: 13.5]
      [Termination (ms): Min: 0.0, Avg: 0.0, Max: 0.0, Diff: 0.0, Sum: 0.0]
      [GC Worker Other (ms): Min: 0.0, Avg: 0.0, Max: 0.0, Diff: 0.0, Sum: 0.1]
      [GC Worker Total (ms): Min: 8.0, Avg: 8.0, Max: 8.0, Diff: 0.0, Sum: 16.0]
      [GC Worker End (ms): Min: 34992.0, Avg: 34992.0, Max: 34992.0, Diff: 0.0]
   [Code Root Fixup: 0.0 ms]
   [Code Root Migration: 0.0 ms]
   [Clear CT: 0.0 ms]
   [Other: 0.3 ms]
      [Choose CSet: 0.0 ms]
      [Ref Proc: 0.0 ms]
      [Ref Enq: 0.0 ms]
      [Free CSet: 0.1 ms]
   [Eden: 9216.0K(9216.0K)->0.0B(77.0M) Survivors: 3072.0K->2048.0K Heap: 104.0M(256.0M)->95.5M(256.0M)]
 [Times: user=0.00 sys=0.00, real=0.01 secs] 
2014-07-10T16:13:04.135+0200: 35.120: [GC pause (young) (to-space exhausted), 0.0484738 secs]
   [Parallel Time: 46.9 ms, GC Workers: 2]
      [GC Worker Start (ms): Min: 35120.2, Avg: 35120.2, Max: 35120.2, Diff: 0.0]
      [Ext Root Scanning (ms): Min: 1.1, Avg: 1.2, Max: 1.2, Diff: 0.1, Sum: 2.4]
      [Update RS (ms): Min: 0.4, Avg: 0.5, Max: 0.5, Diff: 0.1, Sum: 0.9]
         [Processed Buffers: Min: 2, Avg: 2.5, Max: 3, Diff: 1, Sum: 5]
      [Scan RS (ms): Min: 0.1, Avg: 0.1, Max: 0.1, Diff: 0.0, Sum: 0.2]
      [Code Root Scanning (ms): Min: 0.1, Avg: 0.1, Max: 0.1, Diff: 0.0, Sum: 0.1]
      [Object Copy (ms): Min: 45.0, Avg: 45.0, Max: 45.0, Diff: 0.0, Sum: 90.1]
      [Termination (ms): Min: 0.0, Avg: 0.0, Max: 0.0, Diff: 0.0, Sum: 0.0]
      [GC Worker Other (ms): Min: 0.0, Avg: 0.0, Max: 0.0, Diff: 0.0, Sum: 0.0]
      [GC Worker Total (ms): Min: 46.9, Avg: 46.9, Max: 46.9, Diff: 0.0, Sum: 93.7]
      [GC Worker End (ms): Min: 35167.0, Avg: 35167.0, Max: 35167.0, Diff: 0.0]
   [Code Root Fixup: 0.0 ms]
   [Code Root Migration: 0.0 ms]
   [Clear CT: 0.1 ms]
   [Other: 1.4 ms]
      [Choose CSet: 0.0 ms]
      [Ref Proc: 0.0 ms]
      [Ref Enq: 0.0 ms]
      [Free CSet: 0.1 ms]
   [Eden: 77.0M(77.0M)->0.0B(2048.0K) Survivors: 2048.0K->10.0M Heap: 172.5M(256.0M)->250.5M(256.0M)]
 [Times: user=0.09 sys=0.00, real=0.05 secs] 
2014-07-10T16:13:04.187+0200: 35.172: [GC pause (young) (initial-mark), 0.0033766 secs]
   [Parallel Time: 2.7 ms, GC Workers: 2]
      [GC Worker Start (ms): Min: 35172.1, Avg: 35172.1, Max: 35172.1, Diff: 0.0]
      [Ext Root Scanning (ms): Min: 0.9, Avg: 0.9, Max: 0.9, Diff: 0.0, Sum: 1.8]
      [Code Root Marking (ms): Min: 0.0, Avg: 0.1, Max: 0.1, Diff: 0.0, Sum: 0.1]
      [Update RS (ms): Min: 0.9, Avg: 0.9, Max: 0.9, Diff: 0.0, Sum: 1.9]
         [Processed Buffers: Min: 5, Avg: 7.0, Max: 9, Diff: 4, Sum: 14]
      [Scan RS (ms): Min: 0.0, Avg: 0.0, Max: 0.0, Diff: 0.0, Sum: 0.0]
      [Code Root Scanning (ms): Min: 0.0, Avg: 0.0, Max: 0.0, Diff: 0.0, Sum: 0.0]
      [Object Copy (ms): Min: 0.7, Avg: 0.7, Max: 0.7, Diff: 0.0, Sum: 1.4]
      [Termination (ms): Min: 0.0, Avg: 0.0, Max: 0.0, Diff: 0.0, Sum: 0.0]
      [GC Worker Other (ms): Min: 0.0, Avg: 0.0, Max: 0.0, Diff: 0.0, Sum: 0.0]
      [GC Worker Total (ms): Min: 2.7, Avg: 2.7, Max: 2.7, Diff: 0.0, Sum: 5.4]
      [GC Worker End (ms): Min: 35174.8, Avg: 35174.8, Max: 35174.8, Diff: 0.0]
   [Code Root Fixup: 0.0 ms]
   [Code Root Migration: 0.0 ms]
   [Clear CT: 0.0 ms]
   [Other: 0.6 ms]
      [Choose CSet: 0.0 ms]
      [Ref Proc: 0.4 ms]
      [Ref Enq: 0.0 ms]
      [Free CSet: 0.0 ms]
   [Eden: 2048.0K(2048.0K)->0.0B(10.0M) Survivors: 10.0M->2048.0K Heap: 252.5M(256.0M)->242.5M(256.0M)]
 [Times: user=0.00 sys=0.00, real=0.00 secs] 
2014-07-10T16:13:04.190+0200: 35.176: [GC concurrent-root-region-scan-start]
2014-07-10T16:13:04.190+0200: 35.176: [GC concurrent-root-region-scan-end, 0.0000348 secs]
2014-07-10T16:13:04.190+0200: 35.176: [GC concurrent-mark-start]
2014-07-10T16:13:04.194+0200: 35.179: [GC concurrent-mark-end, 0.0031233 secs]
2014-07-10T16:13:04.194+0200: 35.179: [GC remark 2014-07-10T16:13:04.194+0200: 35.179: [GC ref-proc, 0.0001478 secs], 0.0009323 secs]
 [Times: user=0.00 sys=0.00, real=0.00 secs] 
2014-07-10T16:13:04.195+0200: 35.180: [GC cleanup 245M->61M(256M), 0.0008931 secs]
 [Times: user=0.00 sys=0.00, real=0.00 secs] 
2014-07-10T16:13:04.196+0200: 35.181: [GC concurrent-cleanup-start]
2014-07-10T16:13:04.196+0200: 35.181: [GC concurrent-cleanup-end, 0.0003402 secs]
2014-07-10T16:13:04.206+0200: 35.191: [GC pause (young), 0.0086758 secs]
   [Parallel Time: 8.4 ms, GC Workers: 2]
      [GC Worker Start (ms): Min: 35191.1, Avg: 35191.1, Max: 35191.1, Diff: 0.0]
      [Ext Root Scanning (ms): Min: 1.6, Avg: 1.6, Max: 1.6, Diff: 0.0, Sum: 3.1]
      [Update RS (ms): Min: 0.1, Avg: 0.3, Max: 0.6, Diff: 0.5, Sum: 0.7]
         [Processed Buffers: Min: 3, Avg: 3.0, Max: 3, Diff: 0, Sum: 6]
      [Scan RS (ms): Min: 0.0, Avg: 0.0, Max: 0.0, Diff: 0.0, Sum: 0.0]
      [Code Root Scanning (ms): Min: 0.0, Avg: 0.0, Max: 0.0, Diff: 0.0, Sum: 0.0]
      [Object Copy (ms): Min: 6.2, Avg: 6.4, Max: 6.6, Diff: 0.4, Sum: 12.9]
      [Termination (ms): Min: 0.0, Avg: 0.0, Max: 0.0, Diff: 0.0, Sum: 0.0]
      [GC Worker Other (ms): Min: 0.0, Avg: 0.0, Max: 0.0, Diff: 0.0, Sum: 0.1]
      [GC Worker Total (ms): Min: 8.4, Avg: 8.4, Max: 8.4, Diff: 0.0, Sum: 16.8]
      [GC Worker End (ms): Min: 35199.5, Avg: 35199.5, Max: 35199.5, Diff: 0.0]
   [Code Root Fixup: 0.0 ms]
   [Code Root Migration: 0.0 ms]
   [Clear CT: 0.0 ms]
   [Other: 0.2 ms]
      [Choose CSet: 0.0 ms]
      [Ref Proc: 0.0 ms]
      [Ref Enq: 0.0 ms]
      [Free CSet: 0.1 ms]
   [Eden: 10.0M(10.0M)->0.0B(10.0M) Survivors: 2048.0K->2048.0K Heap: 68.5M(256.0M)->72.0M(256.0M)]
 [Times: user=0.00 sys=0.00, real=0.01 secs] 
2014-07-10T16:13:04.231+0200: 35.216: [GC pause (mixed), 0.0110875 secs]
   [Parallel Time: 10.6 ms, GC Workers: 2]
      [GC Worker Start (ms): Min: 35216.0, Avg: 35216.0, Max: 35216.0, Diff: 0.0]
      [Ext Root Scanning (ms): Min: 1.1, Avg: 1.1, Max: 1.2, Diff: 0.1, Sum: 2.2]
      [Update RS (ms): Min: 0.2, Avg: 0.2, Max: 0.3, Diff: 0.1, Sum: 0.5]
         [Processed Buffers: Min: 2, Avg: 2.5, Max: 3, Diff: 1, Sum: 5]
      [Scan RS (ms): Min: 0.1, Avg: 0.1, Max: 0.1, Diff: 0.0, Sum: 0.2]
      [Code Root Scanning (ms): Min: 0.0, Avg: 0.0, Max: 0.0, Diff: 0.0, Sum: 0.0]
      [Object Copy (ms): Min: 9.0, Avg: 9.0, Max: 9.0, Diff: 0.1, Sum: 18.0]
      [Termination (ms): Min: 0.0, Avg: 0.0, Max: 0.1, Diff: 0.1, Sum: 0.1]
      [GC Worker Other (ms): Min: 0.0, Avg: 0.0, Max: 0.0, Diff: 0.0, Sum: 0.0]
      [GC Worker Total (ms): Min: 10.6, Avg: 10.6, Max: 10.6, Diff: 0.0, Sum: 21.1]
      [GC Worker End (ms): Min: 35226.6, Avg: 35226.6, Max: 35226.6, Diff: 0.0]
   [Code Root Fixup: 0.0 ms]
   [Code Root Migration: 0.0 ms]
   [Clear CT: 0.1 ms]
   [Other: 0.3 ms]
      [Choose CSet: 0.0 ms]
      [Ref Proc: 0.0 ms]
      [Ref Enq: 0.0 ms]
      [Free CSet: 0.1 ms]
   [Eden: 10.0M(10.0M)->0.0B(84.0M) Survivors: 2048.0K->2048.0K Heap: 82.0M(256.0M)->75.0M(256.0M)]
 [Times: user=0.03 sys=0.00, real=0.01 secs] 
2014-07-10T16:13:04.382+0200: 35.367: [GC pause (young), 0.0556926 secs]
   [Parallel Time: 55.2 ms, GC Workers: 2]
      [GC Worker Start (ms): Min: 35367.1, Avg: 35367.1, Max: 35367.1, Diff: 0.0]
      [Ext Root Scanning (ms): Min: 1.0, Avg: 1.1, Max: 1.1, Diff: 0.1, Sum: 2.1]
      [Update RS (ms): Min: 0.5, Avg: 0.5, Max: 0.5, Diff: 0.0, Sum: 1.0]
         [Processed Buffers: Min: 1, Avg: 2.5, Max: 4, Diff: 3, Sum: 5]
      [Scan RS (ms): Min: 0.1, Avg: 0.1, Max: 0.1, Diff: 0.0, Sum: 0.2]
      [Code Root Scanning (ms): Min: 0.0, Avg: 0.1, Max: 0.1, Diff: 0.0, Sum: 0.1]
      [Object Copy (ms): Min: 53.3, Avg: 53.3, Max: 53.3, Diff: 0.0, Sum: 106.7]
      [Termination (ms): Min: 0.0, Avg: 0.0, Max: 0.0, Diff: 0.0, Sum: 0.0]
      [GC Worker Other (ms): Min: 0.0, Avg: 0.0, Max: 0.0, Diff: 0.0, Sum: 0.1]
      [GC Worker Total (ms): Min: 55.1, Avg: 55.1, Max: 55.2, Diff: 0.0, Sum: 110.3]
      [GC Worker End (ms): Min: 35422.3, Avg: 35422.3, Max: 35422.3, Diff: 0.0]
   [Code Root Fixup: 0.0 ms]
   [Code Root Migration: 0.0 ms]
   [Clear CT: 0.1 ms]
   [Other: 0.4 ms]
      [Choose CSet: 0.0 ms]
      [Ref Proc: 0.1 ms]
      [Ref Enq: 0.0 ms]
      [Free CSet: 0.1 ms]
   [Eden: 84.0M(84.0M)->0.0B(32.0M) Survivors: 2048.0K->11.0M Heap: 159.0M(256.0M)->165.0M(256.0M)]
 [Times: user=0.13 sys=0.00, real=0.06 secs] 
2014-07-10T16:13:04.489+0200: 35.474: [GC pause (young) (initial-mark), 0.0236701 secs]
   [Parallel Time: 23.1 ms, GC Workers: 2]
      [GC Worker Start (ms): Min: 35474.1, Avg: 35475.7, Max: 35477.3, Diff: 3.2]
      [Ext Root Scanning (ms): Min: 0.0, Avg: 1.5, Max: 3.0, Diff: 3.0, Sum: 3.0]
      [Code Root Marking (ms): Min: 0.0, Avg: 0.1, Max: 0.1, Diff: 0.1, Sum: 0.1]
      [Update RS (ms): Min: 1.1, Avg: 1.1, Max: 1.1, Diff: 0.1, Sum: 2.2]
         [Processed Buffers: Min: 5, Avg: 6.0, Max: 7, Diff: 2, Sum: 12]
      [Scan RS (ms): Min: 0.1, Avg: 0.1, Max: 0.1, Diff: 0.1, Sum: 0.2]
      [Code Root Scanning (ms): Min: 0.0, Avg: 0.0, Max: 0.0, Diff: 0.0, Sum: 0.1]
      [Object Copy (ms): Min: 18.4, Avg: 18.6, Max: 18.8, Diff: 0.4, Sum: 37.3]
      [Termination (ms): Min: 0.0, Avg: 0.0, Max: 0.0, Diff: 0.0, Sum: 0.0]
      [GC Worker Other (ms): Min: 0.0, Avg: 0.1, Max: 0.1, Diff: 0.1, Sum: 0.1]
      [GC Worker Total (ms): Min: 19.9, Avg: 21.5, Max: 23.1, Diff: 3.2, Sum: 43.0]
      [GC Worker End (ms): Min: 35497.2, Avg: 35497.2, Max: 35497.2, Diff: 0.0]
   [Code Root Fixup: 0.0 ms]
   [Code Root Migration: 0.0 ms]
   [Clear CT: 0.0 ms]
   [Other: 0.5 ms]
      [Choose CSet: 0.0 ms]
      [Ref Proc: 0.2 ms]
      [Ref Enq: 0.0 ms]
      [Free CSet: 0.1 ms]
   [Eden: 32.0M(32.0M)->0.0B(21.0M) Survivors: 11.0M->6144.0K Heap: 197.0M(256.0M)->186.0M(256.0M)]
 [Times: user=0.03 sys=0.01, real=0.02 secs] 
2014-07-10T16:13:04.513+0200: 35.498: [GC concurrent-root-region-scan-start]
2014-07-10T16:13:04.515+0200: 35.500: [GC concurrent-root-region-scan-end, 0.0021059 secs]
2014-07-10T16:13:04.515+0200: 35.500: [GC concurrent-mark-start]
2014-07-10T16:13:04.518+0200: 35.504: [GC concurrent-mark-end, 0.0034727 secs]
2014-07-10T16:13:04.518+0200: 35.504: [GC remark 2014-07-10T16:13:04.519+0200: 35.504: [GC ref-proc, 0.0000671 secs], 0.0014056 secs]
 [Times: user=0.00 sys=0.00, real=0.00 secs] 
2014-07-10T16:13:04.520+0200: 35.505: [GC cleanup 189M->85M(256M), 0.0007432 secs]
 [Times: user=0.00 sys=0.00, real=0.00 secs] 
2014-07-10T16:13:04.521+0200: 35.506: [GC concurrent-cleanup-start]
2014-07-10T16:13:04.521+0200: 35.506: [GC concurrent-cleanup-end, 0.0001664 secs]
2014-07-10T16:13:04.561+0200: 35.546: [GC pause (young), 0.0149873 secs]
   [Parallel Time: 14.2 ms, GC Workers: 2]
      [GC Worker Start (ms): Min: 35546.5, Avg: 35546.5, Max: 35546.5, Diff: 0.1]
      [Ext Root Scanning (ms): Min: 1.0, Avg: 1.0, Max: 1.1, Diff: 0.0, Sum: 2.1]
      [Update RS (ms): Min: 0.5, Avg: 0.5, Max: 0.5, Diff: 0.0, Sum: 0.9]
         [Processed Buffers: Min: 2, Avg: 3.5, Max: 5, Diff: 3, Sum: 7]
      [Scan RS (ms): Min: 0.0, Avg: 0.0, Max: 0.1, Diff: 0.0, Sum: 0.1]
      [Code Root Scanning (ms): Min: 0.0, Avg: 0.0, Max: 0.0, Diff: 0.0, Sum: 0.0]
      [Object Copy (ms): Min: 12.5, Avg: 12.6, Max: 12.6, Diff: 0.0, Sum: 25.1]
      [Termination (ms): Min: 0.0, Avg: 0.0, Max: 0.0, Diff: 0.0, Sum: 0.0]
      [GC Worker Other (ms): Min: 0.0, Avg: 0.0, Max: 0.0, Diff: 0.0, Sum: 0.1]
      [GC Worker Total (ms): Min: 14.1, Avg: 14.2, Max: 14.2, Diff: 0.1, Sum: 28.3]
      [GC Worker End (ms): Min: 35560.6, Avg: 35560.6, Max: 35560.6, Diff: 0.0]
   [Code Root Fixup: 0.0 ms]
   [Code Root Migration: 0.1 ms]
   [Clear CT: 0.0 ms]
   [Other: 0.6 ms]
      [Choose CSet: 0.0 ms]
      [Ref Proc: 0.1 ms]
      [Ref Enq: 0.0 ms]
      [Free CSet: 0.2 ms]
   [Eden: 21.0M(21.0M)->0.0B(8192.0K) Survivors: 6144.0K->4096.0K Heap: 103.0M(256.0M)->97.5M(256.0M)]
 [Times: user=0.02 sys=0.00, real=0.01 secs] 
2014-07-10T16:13:04.590+0200: 35.575: [GC pause (mixed), 0.0091532 secs]
   [Parallel Time: 8.4 ms, GC Workers: 2]
      [GC Worker Start (ms): Min: 35575.2, Avg: 35575.3, Max: 35575.4, Diff: 0.2]
      [Ext Root Scanning (ms): Min: 0.9, Avg: 1.0, Max: 1.1, Diff: 0.2, Sum: 2.0]
      [Update RS (ms): Min: 0.5, Avg: 0.5, Max: 0.5, Diff: 0.0, Sum: 1.0]
         [Processed Buffers: Min: 3, Avg: 3.5, Max: 4, Diff: 1, Sum: 7]
      [Scan RS (ms): Min: 0.1, Avg: 0.1, Max: 0.1, Diff: 0.0, Sum: 0.2]
      [Code Root Scanning (ms): Min: 0.0, Avg: 0.0, Max: 0.0, Diff: 0.0, Sum: 0.0]
      [Object Copy (ms): Min: 6.6, Avg: 6.6, Max: 6.6, Diff: 0.0, Sum: 13.2]
      [Termination (ms): Min: 0.0, Avg: 0.0, Max: 0.0, Diff: 0.0, Sum: 0.0]
      [GC Worker Other (ms): Min: 0.0, Avg: 0.0, Max: 0.0, Diff: 0.0, Sum: 0.1]
      [GC Worker Total (ms): Min: 8.1, Avg: 8.2, Max: 8.3, Diff: 0.2, Sum: 16.5]
      [GC Worker End (ms): Min: 35583.5, Avg: 35583.5, Max: 35583.5, Diff: 0.0]
   [Code Root Fixup: 0.0 ms]
   [Code Root Migration: 0.0 ms]
   [Clear CT: 0.1 ms]
   [Other: 0.7 ms]
      [Choose CSet: 0.0 ms]
      [Ref Proc: 0.5 ms]
      [Ref Enq: 0.0 ms]
      [Free CSet: 0.1 ms]
   [Eden: 8192.0K(8192.0K)->0.0B(69.0M) Survivors: 4096.0K->2048.0K Heap: 105.5M(256.0M)->98.5M(256.0M)]
 [Times: user=0.03 sys=0.00, real=0.01 secs] 
2014-07-10T16:13:04.713+0200: 35.698: [GC pause (young), 0.0465409 secs]
   [Parallel Time: 46.1 ms, GC Workers: 2]
      [GC Worker Start (ms): Min: 35698.3, Avg: 35698.4, Max: 35698.4, Diff: 0.1]
      [Ext Root Scanning (ms): Min: 1.0, Avg: 1.0, Max: 1.1, Diff: 0.1, Sum: 2.1]
      [Update RS (ms): Min: 0.4, Avg: 0.4, Max: 0.5, Diff: 0.1, Sum: 0.9]
         [Processed Buffers: Min: 1, Avg: 3.0, Max: 5, Diff: 4, Sum: 6]
      [Scan RS (ms): Min: 0.1, Avg: 0.1, Max: 0.1, Diff: 0.1, Sum: 0.2]
      [Code Root Scanning (ms): Min: 0.0, Avg: 0.0, Max: 0.1, Diff: 0.0, Sum: 0.1]
      [Object Copy (ms): Min: 44.3, Avg: 44.3, Max: 44.4, Diff: 0.0, Sum: 88.7]
      [Termination (ms): Min: 0.0, Avg: 0.0, Max: 0.0, Diff: 0.0, Sum: 0.0]
      [GC Worker Other (ms): Min: 0.0, Avg: 0.0, Max: 0.0, Diff: 0.0, Sum: 0.0]
      [GC Worker Total (ms): Min: 45.9, Avg: 46.0, Max: 46.1, Diff: 0.1, Sum: 92.0]
      [GC Worker End (ms): Min: 35744.4, Avg: 35744.4, Max: 35744.4, Diff: 0.0]
   [Code Root Fixup: 0.0 ms]
   [Code Root Migration: 0.0 ms]
   [Clear CT: 0.1 ms]
   [Other: 0.4 ms]
      [Choose CSet: 0.0 ms]
      [Ref Proc: 0.0 ms]
      [Ref Enq: 0.0 ms]
      [Free CSet: 0.1 ms]
   [Eden: 69.0M(69.0M)->0.0B(26.0M) Survivors: 2048.0K->9216.0K Heap: 167.5M(256.0M)->177.5M(256.0M)]
 [Times: user=0.08 sys=0.00, real=0.05 secs] 
2014-07-10T16:13:04.802+0200: 35.787: [GC pause (young) (initial-mark), 0.0185876 secs]
   [Parallel Time: 18.1 ms, GC Workers: 2]
      [GC Worker Start (ms): Min: 35787.2, Avg: 35787.2, Max: 35787.2, Diff: 0.0]
      [Ext Root Scanning (ms): Min: 1.0, Avg: 1.1, Max: 1.1, Diff: 0.0, Sum: 2.1]
      [Code Root Marking (ms): Min: 0.1, Avg: 0.1, Max: 0.1, Diff: 0.0, Sum: 0.1]
      [Update RS (ms): Min: 0.9, Avg: 1.0, Max: 1.0, Diff: 0.0, Sum: 1.9]
         [Processed Buffers: Min: 4, Avg: 5.0, Max: 6, Diff: 2, Sum: 10]
      [Scan RS (ms): Min: 0.0, Avg: 0.0, Max: 0.0, Diff: 0.0, Sum: 0.1]
      [Code Root Scanning (ms): Min: 0.0, Avg: 0.0, Max: 0.0, Diff: 0.0, Sum: 0.0]
      [Object Copy (ms): Min: 15.8, Avg: 15.8, Max: 15.9, Diff: 0.0, Sum: 31.7]
      [Termination (ms): Min: 0.0, Avg: 0.0, Max: 0.0, Diff: 0.0, Sum: 0.0]
      [GC Worker Other (ms): Min: 0.0, Avg: 0.0, Max: 0.0, Diff: 0.0, Sum: 0.0]
      [GC Worker Total (ms): Min: 18.0, Avg: 18.0, Max: 18.0, Diff: 0.0, Sum: 36.1]
      [GC Worker End (ms): Min: 35805.2, Avg: 35805.2, Max: 35805.2, Diff: 0.0]
   [Code Root Fixup: 0.1 ms]
   [Code Root Migration: 0.0 ms]
   [Clear CT: 0.0 ms]
   [Other: 0.4 ms]
      [Choose CSet: 0.0 ms]
      [Ref Proc: 0.1 ms]
      [Ref Enq: 0.0 ms]
      [Free CSet: 0.1 ms]
   [Eden: 26.0M(26.0M)->0.0B(17.0M) Survivors: 9216.0K->5120.0K Heap: 203.5M(256.0M)->195.5M(256.0M)]
 [Times: user=0.03 sys=0.00, real=0.02 secs] 
2014-07-10T16:13:04.821+0200: 35.806: [GC concurrent-root-region-scan-start]
2014-07-10T16:13:04.821+0200: 35.806: [GC concurrent-root-region-scan-end, 0.0001349 secs]
2014-07-10T16:13:04.821+0200: 35.806: [GC concurrent-mark-start]
2014-07-10T16:13:04.825+0200: 35.811: [GC concurrent-mark-end, 0.0044882 secs]
2014-07-10T16:13:04.826+0200: 35.811: [GC remark 2014-07-10T16:13:04.826+0200: 35.811: [GC ref-proc, 0.0000660 secs], 0.0010060 secs]
 [Times: user=0.00 sys=0.00, real=0.00 secs] 
2014-07-10T16:13:04.827+0200: 35.813: [GC cleanup 198M->85M(256M), 0.0007838 secs]
 [Times: user=0.00 sys=0.00, real=0.00 secs] 
2014-07-10T16:13:04.828+0200: 35.813: [GC concurrent-cleanup-start]
2014-07-10T16:13:04.828+0200: 35.814: [GC concurrent-cleanup-end, 0.0002335 secs]
2014-07-10T16:13:04.851+0200: 35.836: [GC pause (young), 0.0122966 secs]
   [Parallel Time: 11.7 ms, GC Workers: 2]
      [GC Worker Start (ms): Min: 35836.0, Avg: 35836.0, Max: 35836.0, Diff: 0.0]
      [Ext Root Scanning (ms): Min: 1.0, Avg: 1.0, Max: 1.0, Diff: 0.0, Sum: 2.0]
      [Update RS (ms): Min: 0.4, Avg: 0.4, Max: 0.4, Diff: 0.0, Sum: 0.8]
         [Processed Buffers: Min: 2, Avg: 3.5, Max: 5, Diff: 3, Sum: 7]
      [Scan RS (ms): Min: 0.0, Avg: 0.0, Max: 0.0, Diff: 0.0, Sum: 0.1]
      [Code Root Scanning (ms): Min: 0.0, Avg: 0.0, Max: 0.0, Diff: 0.0, Sum: 0.0]
      [Object Copy (ms): Min: 10.1, Avg: 10.1, Max: 10.1, Diff: 0.0, Sum: 20.2]
      [Termination (ms): Min: 0.0, Avg: 0.0, Max: 0.0, Diff: 0.0, Sum: 0.0]
      [GC Worker Other (ms): Min: 0.0, Avg: 0.0, Max: 0.0, Diff: 0.0, Sum: 0.1]
      [GC Worker Total (ms): Min: 11.6, Avg: 11.6, Max: 11.6, Diff: 0.0, Sum: 23.3]
      [GC Worker End (ms): Min: 35847.7, Avg: 35847.7, Max: 35847.7, Diff: 0.0]
   [Code Root Fixup: 0.0 ms]
   [Code Root Migration: 0.0 ms]
   [Clear CT: 0.2 ms]
   [Other: 0.4 ms]
      [Choose CSet: 0.0 ms]
      [Ref Proc: 0.1 ms]
      [Ref Enq: 0.0 ms]
      [Free CSet: 0.1 ms]
   [Eden: 17.0M(17.0M)->0.0B(9216.0K) Survivors: 5120.0K->3072.0K Heap: 99.5M(256.0M)->95.0M(256.0M)]
 [Times: user=0.03 sys=0.00, real=0.01 secs] 
2014-07-10T16:13:04.876+0200: 35.861: [GC pause (mixed), 0.0088745 secs]
   [Parallel Time: 8.5 ms, GC Workers: 2]
      [GC Worker Start (ms): Min: 35861.2, Avg: 35861.9, Max: 35862.5, Diff: 1.3]
      [Ext Root Scanning (ms): Min: 0.3, Avg: 0.9, Max: 1.5, Diff: 1.2, Sum: 1.8]
      [Update RS (ms): Min: 0.3, Avg: 0.3, Max: 0.3, Diff: 0.0, Sum: 0.5]
         [Processed Buffers: Min: 1, Avg: 2.0, Max: 3, Diff: 2, Sum: 4]
      [Scan RS (ms): Min: 0.1, Avg: 0.1, Max: 0.1, Diff: 0.0, Sum: 0.2]
      [Code Root Scanning (ms): Min: 0.0, Avg: 0.0, Max: 0.0, Diff: 0.0, Sum: 0.0]
      [Object Copy (ms): Min: 6.5, Avg: 6.5, Max: 6.6, Diff: 0.1, Sum: 13.1]
      [Termination (ms): Min: 0.0, Avg: 0.0, Max: 0.0, Diff: 0.0, Sum: 0.0]
      [GC Worker Other (ms): Min: 0.0, Avg: 0.0, Max: 0.0, Diff: 0.0, Sum: 0.1]
      [GC Worker Total (ms): Min: 7.2, Avg: 7.8, Max: 8.5, Diff: 1.3, Sum: 15.7]
      [GC Worker End (ms): Min: 35869.7, Avg: 35869.7, Max: 35869.7, Diff: 0.0]
   [Code Root Fixup: 0.0 ms]
   [Code Root Migration: 0.0 ms]
   [Clear CT: 0.0 ms]
   [Other: 0.3 ms]
      [Choose CSet: 0.0 ms]
      [Ref Proc: 0.1 ms]
      [Ref Enq: 0.0 ms]
      [Free CSet: 0.1 ms]
   [Eden: 9216.0K(9216.0K)->0.0B(70.0M) Survivors: 3072.0K->2048.0K Heap: 104.0M(256.0M)->92.5M(256.0M)]
 [Times: user=0.00 sys=0.00, real=0.01 secs] 
2014-07-10T16:13:05.000+0200: 35.985: [GC pause (young), 0.0470366 secs]
   [Parallel Time: 46.5 ms, GC Workers: 2]
      [GC Worker Start (ms): Min: 35985.1, Avg: 35985.1, Max: 35985.1, Diff: 0.0]
      [Ext Root Scanning (ms): Min: 1.0, Avg: 1.1, Max: 1.1, Diff: 0.1, Sum: 2.1]
      [Update RS (ms): Min: 0.4, Avg: 0.6, Max: 0.7, Diff: 0.3, Sum: 1.1]
         [Processed Buffers: Min: 1, Avg: 2.5, Max: 4, Diff: 3, Sum: 5]
      [Scan RS (ms): Min: 0.1, Avg: 0.1, Max: 0.2, Diff: 0.1, Sum: 0.2]
      [Code Root Scanning (ms): Min: 0.0, Avg: 0.1, Max: 0.1, Diff: 0.1, Sum: 0.2]
      [Object Copy (ms): Min: 44.6, Avg: 44.6, Max: 44.6, Diff: 0.0, Sum: 89.3]
      [Termination (ms): Min: 0.0, Avg: 0.0, Max: 0.0, Diff: 0.0, Sum: 0.0]
      [GC Worker Other (ms): Min: 0.0, Avg: 0.0, Max: 0.0, Diff: 0.0, Sum: 0.1]
      [GC Worker Total (ms): Min: 46.5, Avg: 46.5, Max: 46.5, Diff: 0.0, Sum: 93.0]
      [GC Worker End (ms): Min: 36031.6, Avg: 36031.6, Max: 36031.6, Diff: 0.0]
   [Code Root Fixup: 0.0 ms]
   [Code Root Migration: 0.0 ms]
   [Clear CT: 0.1 ms]
   [Other: 0.4 ms]
      [Choose CSet: 0.0 ms]
      [Ref Proc: 0.0 ms]
      [Ref Enq: 0.0 ms]
      [Free CSet: 0.1 ms]
   [Eden: 70.0M(70.0M)->0.0B(30.0M) Survivors: 2048.0K->9216.0K Heap: 162.5M(256.0M)->169.0M(256.0M)]
 [Times: user=0.09 sys=0.00, real=0.05 secs] 
2014-07-10T16:13:05.096+0200: 36.081: [GC pause (young) (initial-mark), 0.0213006 secs]
   [Parallel Time: 20.5 ms, GC Workers: 2]
      [GC Worker Start (ms): Min: 36081.5, Avg: 36081.5, Max: 36081.5, Diff: 0.0]
      [Ext Root Scanning (ms): Min: 1.0, Avg: 1.1, Max: 1.1, Diff: 0.2, Sum: 2.1]
      [Code Root Marking (ms): Min: 0.0, Avg: 0.1, Max: 0.1, Diff: 0.1, Sum: 0.1]
      [Update RS (ms): Min: 1.1, Avg: 1.1, Max: 1.1, Diff: 0.0, Sum: 2.3]
         [Processed Buffers: Min: 4, Avg: 5.0, Max: 6, Diff: 2, Sum: 10]
      [Scan RS (ms): Min: 0.1, Avg: 0.1, Max: 0.1, Diff: 0.0, Sum: 0.1]
      [Code Root Scanning (ms): Min: 0.0, Avg: 0.0, Max: 0.0, Diff: 0.0, Sum: 0.1]
      [Object Copy (ms): Min: 18.1, Avg: 18.1, Max: 18.1, Diff: 0.0, Sum: 36.1]
      [Termination (ms): Min: 0.0, Avg: 0.0, Max: 0.0, Diff: 0.0, Sum: 0.0]
      [GC Worker Other (ms): Min: 0.0, Avg: 0.0, Max: 0.0, Diff: 0.0, Sum: 0.1]
      [GC Worker Total (ms): Min: 20.4, Avg: 20.4, Max: 20.4, Diff: 0.0, Sum: 40.9]
      [GC Worker End (ms): Min: 36101.9, Avg: 36101.9, Max: 36101.9, Diff: 0.0]
   [Code Root Fixup: 0.0 ms]
   [Code Root Migration: 0.0 ms]
   [Clear CT: 0.1 ms]
   [Other: 0.6 ms]
      [Choose CSet: 0.0 ms]
      [Ref Proc: 0.3 ms]
      [Ref Enq: 0.0 ms]
      [Free CSet: 0.1 ms]
   [Eden: 30.0M(30.0M)->0.0B(19.0M) Survivors: 9216.0K->5120.0K Heap: 199.0M(256.0M)->190.5M(256.0M)]
 [Times: user=0.03 sys=0.00, real=0.02 secs] 
2014-07-10T16:13:05.118+0200: 36.103: [GC concurrent-root-region-scan-start]
2014-07-10T16:13:05.118+0200: 36.103: [GC concurrent-root-region-scan-end, 0.0000957 secs]
2014-07-10T16:13:05.118+0200: 36.103: [GC concurrent-mark-start]
2014-07-10T16:13:05.122+0200: 36.108: [GC concurrent-mark-end, 0.0041260 secs]
2014-07-10T16:13:05.124+0200: 36.109: [GC remark 2014-07-10T16:13:05.124+0200: 36.109: [GC ref-proc, 0.0000678 secs], 0.0011255 secs]
 [Times: user=0.00 sys=0.00, real=0.00 secs] 
2014-07-10T16:13:05.126+0200: 36.111: [GC cleanup 193M->92M(256M), 0.0007706 secs]
 [Times: user=0.00 sys=0.00, real=0.00 secs] 
2014-07-10T16:13:05.126+0200: 36.112: [GC concurrent-cleanup-start]
2014-07-10T16:13:05.127+0200: 36.112: [GC concurrent-cleanup-end, 0.0002174 secs]
2014-07-10T16:13:05.165+0200: 36.150: [GC pause (young), 0.0143211 secs]
   [Parallel Time: 13.6 ms, GC Workers: 2]
      [GC Worker Start (ms): Min: 36150.2, Avg: 36150.2, Max: 36150.2, Diff: 0.0]
      [Ext Root Scanning (ms): Min: 1.0, Avg: 1.0, Max: 1.0, Diff: 0.0, Sum: 2.0]
      [Update RS (ms): Min: 0.4, Avg: 0.5, Max: 0.5, Diff: 0.1, Sum: 0.9]
         [Processed Buffers: Min: 2, Avg: 3.5, Max: 5, Diff: 3, Sum: 7]
      [Scan RS (ms): Min: 0.0, Avg: 0.0, Max: 0.0, Diff: 0.0, Sum: 0.1]
      [Code Root Scanning (ms): Min: 0.0, Avg: 0.0, Max: 0.0, Diff: 0.0, Sum: 0.0]
      [Object Copy (ms): Min: 12.0, Avg: 12.0, Max: 12.1, Diff: 0.0, Sum: 24.1]
      [Termination (ms): Min: 0.0, Avg: 0.0, Max: 0.0, Diff: 0.0, Sum: 0.0]
      [GC Worker Other (ms): Min: 0.0, Avg: 0.0, Max: 0.0, Diff: 0.0, Sum: 0.0]
      [GC Worker Total (ms): Min: 13.6, Avg: 13.6, Max: 13.6, Diff: 0.0, Sum: 27.2]
      [GC Worker End (ms): Min: 36163.8, Avg: 36163.8, Max: 36163.8, Diff: 0.0]
   [Code Root Fixup: 0.0 ms]
   [Code Root Migration: 0.0 ms]
   [Clear CT: 0.2 ms]
   [Other: 0.5 ms]
      [Choose CSet: 0.0 ms]
      [Ref Proc: 0.2 ms]
      [Ref Enq: 0.0 ms]
      [Free CSet: 0.1 ms]
   [Eden: 19.0M(19.0M)->0.0B(9216.0K) Survivors: 5120.0K->3072.0K Heap: 108.5M(256.0M)->106.5M(256.0M)]
 [Times: user=0.03 sys=0.00, real=0.01 secs] 
2014-07-10T16:13:05.194+0200: 36.179: [GC pause (mixed), 0.0086641 secs]
   [Parallel Time: 8.1 ms, GC Workers: 2]
      [GC Worker Start (ms): Min: 36179.1, Avg: 36179.1, Max: 36179.1, Diff: 0.0]
      [Ext Root Scanning (ms): Min: 1.0, Avg: 1.1, Max: 1.1, Diff: 0.1, Sum: 2.1]
      [Update RS (ms): Min: 0.3, Avg: 0.3, Max: 0.3, Diff: 0.0, Sum: 0.6]
         [Processed Buffers: Min: 1, Avg: 2.5, Max: 4, Diff: 3, Sum: 5]
      [Scan RS (ms): Min: 0.1, Avg: 0.1, Max: 0.1, Diff: 0.0, Sum: 0.2]
      [Code Root Scanning (ms): Min: 0.0, Avg: 0.0, Max: 0.0, Diff: 0.0, Sum: 0.0]
      [Object Copy (ms): Min: 6.3, Avg: 6.3, Max: 6.3, Diff: 0.0, Sum: 12.5]
      [Termination (ms): Min: 0.0, Avg: 0.2, Max: 0.3, Diff: 0.3, Sum: 0.3]
      [GC Worker Other (ms): Min: 0.0, Avg: 0.0, Max: 0.0, Diff: 0.0, Sum: 0.0]
      [GC Worker Total (ms): Min: 7.8, Avg: 7.9, Max: 8.1, Diff: 0.3, Sum: 15.9]
      [GC Worker End (ms): Min: 36186.9, Avg: 36187.0, Max: 36187.2, Diff: 0.3]
   [Code Root Fixup: 0.0 ms]
   [Code Root Migration: 0.0 ms]
   [Clear CT: 0.1 ms]
   [Other: 0.4 ms]
      [Choose CSet: 0.0 ms]
      [Ref Proc: 0.2 ms]
      [Ref Enq: 0.0 ms]
      [Free CSet: 0.1 ms]
   [Eden: 9216.0K(9216.0K)->0.0B(67.0M) Survivors: 3072.0K->2048.0K Heap: 115.5M(256.0M)->100.5M(256.0M)]
 [Times: user=0.03 sys=0.00, real=0.01 secs] 
2014-07-10T16:13:05.313+0200: 36.298: [GC pause (young), 0.0453688 secs]
   [Parallel Time: 44.9 ms, GC Workers: 2]
      [GC Worker Start (ms): Min: 36298.4, Avg: 36298.4, Max: 36298.4, Diff: 0.1]
      [Ext Root Scanning (ms): Min: 1.1, Avg: 1.1, Max: 1.1, Diff: 0.0, Sum: 2.2]
      [Update RS (ms): Min: 0.4, Avg: 0.4, Max: 0.4, Diff: 0.0, Sum: 0.8]
         [Processed Buffers: Min: 2, Avg: 3.0, Max: 4, Diff: 2, Sum: 6]
      [Scan RS (ms): Min: 0.1, Avg: 0.1, Max: 0.1, Diff: 0.0, Sum: 0.2]
      [Code Root Scanning (ms): Min: 0.0, Avg: 0.0, Max: 0.0, Diff: 0.0, Sum: 0.1]
      [Object Copy (ms): Min: 43.1, Avg: 43.1, Max: 43.1, Diff: 0.0, Sum: 86.3]
      [Termination (ms): Min: 0.0, Avg: 0.0, Max: 0.0, Diff: 0.0, Sum: 0.0]
      [GC Worker Other (ms): Min: 0.0, Avg: 0.0, Max: 0.0, Diff: 0.0, Sum: 0.1]
      [GC Worker Total (ms): Min: 44.8, Avg: 44.8, Max: 44.8, Diff: 0.1, Sum: 89.6]
      [GC Worker End (ms): Min: 36343.2, Avg: 36343.2, Max: 36343.2, Diff: 0.0]
   [Code Root Fixup: 0.0 ms]
   [Code Root Migration: 0.0 ms]
   [Clear CT: 0.1 ms]
   [Other: 0.4 ms]
      [Choose CSet: 0.0 ms]
      [Ref Proc: 0.0 ms]
      [Ref Enq: 0.0 ms]
      [Free CSet: 0.1 ms]
   [Eden: 67.0M(67.0M)->0.0B(26.0M) Survivors: 2048.0K->9216.0K Heap: 167.5M(256.0M)->176.5M(256.0M)]
 [Times: user=0.09 sys=0.00, real=0.05 secs] 
2014-07-10T16:13:05.401+0200: 36.386: [GC pause (young) (initial-mark), 0.0188596 secs]
   [Parallel Time: 18.1 ms, GC Workers: 2]
      [GC Worker Start (ms): Min: 36386.6, Avg: 36386.6, Max: 36386.6, Diff: 0.0]
      [Ext Root Scanning (ms): Min: 1.0, Avg: 1.0, Max: 1.1, Diff: 0.1, Sum: 2.1]
      [Code Root Marking (ms): Min: 0.1, Avg: 0.1, Max: 0.1, Diff: 0.0, Sum: 0.1]
      [Update RS (ms): Min: 1.1, Avg: 1.1, Max: 1.1, Diff: 0.0, Sum: 2.2]
         [Processed Buffers: Min: 4, Avg: 4.5, Max: 5, Diff: 1, Sum: 9]
      [Scan RS (ms): Min: 0.0, Avg: 0.0, Max: 0.1, Diff: 0.0, Sum: 0.1]
      [Code Root Scanning (ms): Min: 0.0, Avg: 0.0, Max: 0.0, Diff: 0.0, Sum: 0.0]
      [Object Copy (ms): Min: 15.7, Avg: 15.7, Max: 15.8, Diff: 0.0, Sum: 31.5]
      [Termination (ms): Min: 0.0, Avg: 0.0, Max: 0.0, Diff: 0.0, Sum: 0.0]
      [GC Worker Other (ms): Min: 0.0, Avg: 0.0, Max: 0.0, Diff: 0.0, Sum: 0.1]
      [GC Worker Total (ms): Min: 18.0, Avg: 18.0, Max: 18.0, Diff: 0.0, Sum: 36.1]
      [GC Worker End (ms): Min: 36404.6, Avg: 36404.6, Max: 36404.6, Diff: 0.0]
   [Code Root Fixup: 0.0 ms]
   [Code Root Migration: 0.0 ms]
   [Clear CT: 0.1 ms]
   [Other: 0.6 ms]
      [Choose CSet: 0.0 ms]
      [Ref Proc: 0.2 ms]
      [Ref Enq: 0.0 ms]
      [Free CSet: 0.1 ms]
   [Eden: 26.0M(26.0M)->0.0B(17.0M) Survivors: 9216.0K->5120.0K Heap: 202.5M(256.0M)->194.5M(256.0M)]
 [Times: user=0.06 sys=0.00, real=0.02 secs] 
2014-07-10T16:13:05.420+0200: 36.406: [GC concurrent-root-region-scan-start]
2014-07-10T16:13:05.420+0200: 36.406: [GC concurrent-root-region-scan-end, 0.0000840 secs]
2014-07-10T16:13:05.420+0200: 36.406: [GC concurrent-mark-start]
2014-07-10T16:13:05.424+0200: 36.409: [GC concurrent-mark-end, 0.0032875 secs]
2014-07-10T16:13:05.425+0200: 36.410: [GC remark 2014-07-10T16:13:05.425+0200: 36.410: [GC ref-proc, 0.0001397 secs], 0.0013855 secs]
 [Times: user=0.00 sys=0.00, real=0.00 secs] 
2014-07-10T16:13:05.426+0200: 36.411: [GC cleanup 195M->84M(256M), 0.0008528 secs]
 [Times: user=0.00 sys=0.00, real=0.00 secs] 
2014-07-10T16:13:05.427+0200: 36.412: [GC concurrent-cleanup-start]
2014-07-10T16:13:05.427+0200: 36.412: [GC concurrent-cleanup-end, 0.0002222 secs]
2014-07-10T16:13:05.451+0200: 36.436: [GC pause (young), 0.0125353 secs]
   [Parallel Time: 11.9 ms, GC Workers: 2]
      [GC Worker Start (ms): Min: 36436.2, Avg: 36436.2, Max: 36436.2, Diff: 0.0]
      [Ext Root Scanning (ms): Min: 1.1, Avg: 1.2, Max: 1.2, Diff: 0.2, Sum: 2.3]
      [Update RS (ms): Min: 0.4, Avg: 0.4, Max: 0.4, Diff: 0.1, Sum: 0.8]
         [Processed Buffers: Min: 2, Avg: 3.0, Max: 4, Diff: 2, Sum: 6]
      [Scan RS (ms): Min: 0.0, Avg: 0.0, Max: 0.1, Diff: 0.0, Sum: 0.1]
      [Code Root Scanning (ms): Min: 0.0, Avg: 0.0, Max: 0.0, Diff: 0.0, Sum: 0.0]
      [Object Copy (ms): Min: 10.2, Avg: 10.2, Max: 10.2, Diff: 0.0, Sum: 20.3]
      [Termination (ms): Min: 0.0, Avg: 0.0, Max: 0.0, Diff: 0.0, Sum: 0.0]
      [GC Worker Other (ms): Min: 0.0, Avg: 0.0, Max: 0.0, Diff: 0.0, Sum: 0.1]
      [GC Worker Total (ms): Min: 11.8, Avg: 11.8, Max: 11.8, Diff: 0.0, Sum: 23.6]
      [GC Worker End (ms): Min: 36448.0, Avg: 36448.0, Max: 36448.0, Diff: 0.0]
   [Code Root Fixup: 0.0 ms]
   [Code Root Migration: 0.0 ms]
   [Clear CT: 0.2 ms]
   [Other: 0.5 ms]
      [Choose CSet: 0.0 ms]
      [Ref Proc: 0.2 ms]
      [Ref Enq: 0.0 ms]
      [Free CSet: 0.1 ms]
   [Eden: 17.0M(17.0M)->0.0B(9216.0K) Survivors: 5120.0K->3072.0K Heap: 100.5M(256.0M)->96.5M(256.0M)]
 [Times: user=0.00 sys=0.00, real=0.01 secs] 
2014-07-10T16:13:05.478+0200: 36.463: [GC pause (mixed), 0.0091458 secs]
   [Parallel Time: 8.4 ms, GC Workers: 2]
      [GC Worker Start (ms): Min: 36463.1, Avg: 36463.1, Max: 36463.1, Diff: 0.0]
      [Ext Root Scanning (ms): Min: 1.0, Avg: 1.1, Max: 1.1, Diff: 0.0, Sum: 2.1]
      [Update RS (ms): Min: 0.3, Avg: 0.3, Max: 0.3, Diff: 0.0, Sum: 0.6]
         [Processed Buffers: Min: 1, Avg: 3.0, Max: 5, Diff: 4, Sum: 6]
      [Scan RS (ms): Min: 0.1, Avg: 0.1, Max: 0.1, Diff: 0.0, Sum: 0.2]
      [Code Root Scanning (ms): Min: 0.0, Avg: 0.0, Max: 0.0, Diff: 0.0, Sum: 0.0]
      [Object Copy (ms): Min: 6.8, Avg: 6.8, Max: 6.8, Diff: 0.0, Sum: 13.7]
      [Termination (ms): Min: 0.0, Avg: 0.0, Max: 0.0, Diff: 0.0, Sum: 0.0]
      [GC Worker Other (ms): Min: 0.0, Avg: 0.0, Max: 0.0, Diff: 0.0, Sum: 0.1]
      [GC Worker Total (ms): Min: 8.3, Avg: 8.3, Max: 8.3, Diff: 0.0, Sum: 16.7]
      [GC Worker End (ms): Min: 36471.4, Avg: 36471.4, Max: 36471.4, Diff: 0.0]
   [Code Root Fixup: 0.0 ms]
   [Code Root Migration: 0.0 ms]
   [Clear CT: 0.3 ms]
   [Other: 0.4 ms]
      [Choose CSet: 0.0 ms]
      [Ref Proc: 0.1 ms]
      [Ref Enq: 0.0 ms]
      [Free CSet: 0.1 ms]
   [Eden: 9216.0K(9216.0K)->0.0B(68.0M) Survivors: 3072.0K->2048.0K Heap: 105.5M(256.0M)->94.0M(256.0M)]
 [Times: user=0.03 sys=0.00, real=0.01 secs] 
2014-07-10T16:13:05.598+0200: 36.583: [GC pause (young), 0.0456926 secs]
   [Parallel Time: 45.2 ms, GC Workers: 2]
      [GC Worker Start (ms): Min: 36583.1, Avg: 36583.1, Max: 36583.1, Diff: 0.0]
      [Ext Root Scanning (ms): Min: 1.0, Avg: 1.0, Max: 1.0, Diff: 0.0, Sum: 2.0]
      [Update RS (ms): Min: 0.4, Avg: 0.4, Max: 0.4, Diff: 0.0, Sum: 0.9]
         [Processed Buffers: Min: 3, Avg: 3.0, Max: 3, Diff: 0, Sum: 6]
      [Scan RS (ms): Min: 0.1, Avg: 0.1, Max: 0.1, Diff: 0.0, Sum: 0.2]
      [Code Root Scanning (ms): Min: 0.0, Avg: 0.0, Max: 0.0, Diff: 0.0, Sum: 0.1]
      [Object Copy (ms): Min: 43.5, Avg: 43.5, Max: 43.5, Diff: 0.0, Sum: 87.0]
      [Termination (ms): Min: 0.0, Avg: 0.0, Max: 0.0, Diff: 0.0, Sum: 0.0]
      [GC Worker Other (ms): Min: 0.0, Avg: 0.0, Max: 0.0, Diff: 0.0, Sum: 0.1]
      [GC Worker Total (ms): Min: 45.1, Avg: 45.1, Max: 45.1, Diff: 0.0, Sum: 90.3]
      [GC Worker End (ms): Min: 36628.3, Avg: 36628.3, Max: 36628.3, Diff: 0.0]
   [Code Root Fixup: 0.1 ms]
   [Code Root Migration: 0.1 ms]
   [Clear CT: 0.1 ms]
   [Other: 0.4 ms]
      [Choose CSet: 0.0 ms]
      [Ref Proc: 0.0 ms]
      [Ref Enq: 0.0 ms]
      [Free CSet: 0.1 ms]
   [Eden: 68.0M(68.0M)->0.0B(27.0M) Survivors: 2048.0K->9216.0K Heap: 162.0M(256.0M)->174.0M(256.0M)]
 [Times: user=0.09 sys=0.00, real=0.05 secs] 
2014-07-10T16:13:05.691+0200: 36.676: [GC pause (young) (initial-mark), 0.0191621 secs]
   [Parallel Time: 18.4 ms, GC Workers: 2]
      [GC Worker Start (ms): Min: 36676.1, Avg: 36676.1, Max: 36676.1, Diff: 0.0]
      [Ext Root Scanning (ms): Min: 1.0, Avg: 1.0, Max: 1.0, Diff: 0.0, Sum: 1.9]
      [Code Root Marking (ms): Min: 0.1, Avg: 0.1, Max: 0.1, Diff: 0.0, Sum: 0.1]
      [Update RS (ms): Min: 0.9, Avg: 0.9, Max: 0.9, Diff: 0.0, Sum: 1.8]
         [Processed Buffers: Min: 4, Avg: 5.5, Max: 7, Diff: 3, Sum: 11]
      [Scan RS (ms): Min: 0.0, Avg: 0.0, Max: 0.1, Diff: 0.0, Sum: 0.1]
      [Code Root Scanning (ms): Min: 0.0, Avg: 0.0, Max: 0.0, Diff: 0.0, Sum: 0.0]
      [Object Copy (ms): Min: 16.3, Avg: 16.3, Max: 16.4, Diff: 0.0, Sum: 32.7]
      [Termination (ms): Min: 0.0, Avg: 0.0, Max: 0.0, Diff: 0.0, Sum: 0.0]
      [GC Worker Other (ms): Min: 0.0, Avg: 0.0, Max: 0.0, Diff: 0.0, Sum: 0.0]
      [GC Worker Total (ms): Min: 18.4, Avg: 18.4, Max: 18.4, Diff: 0.0, Sum: 36.7]
      [GC Worker End (ms): Min: 36694.5, Avg: 36694.5, Max: 36694.5, Diff: 0.0]
   [Code Root Fixup: 0.0 ms]
   [Code Root Migration: 0.0 ms]
   [Clear CT: 0.0 ms]
   [Other: 0.7 ms]
      [Choose CSet: 0.0 ms]
      [Ref Proc: 0.4 ms]
      [Ref Enq: 0.0 ms]
      [Free CSet: 0.1 ms]
   [Eden: 27.0M(27.0M)->0.0B(18.0M) Survivors: 9216.0K->5120.0K Heap: 201.0M(256.0M)->193.0M(256.0M)]
 [Times: user=0.03 sys=0.00, real=0.02 secs] 
2014-07-10T16:13:05.710+0200: 36.695: [GC concurrent-root-region-scan-start]
2014-07-10T16:13:05.710+0200: 36.696: [GC concurrent-root-region-scan-end, 0.0000924 secs]
2014-07-10T16:13:05.710+0200: 36.696: [GC concurrent-mark-start]
2014-07-10T16:13:05.714+0200: 36.699: [GC concurrent-mark-end, 0.0038587 secs]
2014-07-10T16:13:05.715+0200: 36.700: [GC remark 2014-07-10T16:13:05.715+0200: 36.701: [GC ref-proc, 0.0000675 secs], 0.0010592 secs]
 [Times: user=0.00 sys=0.00, real=0.00 secs] 
2014-07-10T16:13:05.717+0200: 36.702: [GC cleanup 196M->93M(256M), 0.0012880 secs]
 [Times: user=0.00 sys=0.00, real=0.00 secs] 
2014-07-10T16:13:05.718+0200: 36.703: [GC concurrent-cleanup-start]
2014-07-10T16:13:05.718+0200: 36.704: [GC concurrent-cleanup-end, 0.0001734 secs]
2014-07-10T16:13:05.742+0200: 36.727: [GC pause (young), 0.0132583 secs]
   [Parallel Time: 12.6 ms, GC Workers: 2]
      [GC Worker Start (ms): Min: 36727.1, Avg: 36727.1, Max: 36727.1, Diff: 0.0]
      [Ext Root Scanning (ms): Min: 1.0, Avg: 1.1, Max: 1.2, Diff: 0.1, Sum: 2.2]
      [Update RS (ms): Min: 0.4, Avg: 0.4, Max: 0.5, Diff: 0.1, Sum: 0.9]
         [Processed Buffers: Min: 2, Avg: 3.0, Max: 4, Diff: 2, Sum: 6]
      [Scan RS (ms): Min: 0.0, Avg: 0.0, Max: 0.0, Diff: 0.0, Sum: 0.1]
      [Code Root Scanning (ms): Min: 0.0, Avg: 0.0, Max: 0.0, Diff: 0.0, Sum: 0.0]
      [Object Copy (ms): Min: 10.9, Avg: 10.9, Max: 10.9, Diff: 0.0, Sum: 21.8]
      [Termination (ms): Min: 0.0, Avg: 0.0, Max: 0.0, Diff: 0.0, Sum: 0.0]
      [GC Worker Other (ms): Min: 0.0, Avg: 0.0, Max: 0.0, Diff: 0.0, Sum: 0.1]
      [GC Worker Total (ms): Min: 12.5, Avg: 12.5, Max: 12.5, Diff: 0.0, Sum: 25.0]
      [GC Worker End (ms): Min: 36739.6, Avg: 36739.6, Max: 36739.6, Diff: 0.0]
   [Code Root Fixup: 0.0 ms]
   [Code Root Migration: 0.0 ms]
   [Clear CT: 0.3 ms]
   [Other: 0.3 ms]
      [Choose CSet: 0.0 ms]
      [Ref Proc: 0.1 ms]
      [Ref Enq: 0.0 ms]
      [Free CSet: 0.1 ms]
   [Eden: 18.0M(18.0M)->0.0B(9216.0K) Survivors: 5120.0K->3072.0K Heap: 108.0M(256.0M)->103.5M(256.0M)]
 [Times: user=0.03 sys=0.00, real=0.01 secs] 
2014-07-10T16:13:05.771+0200: 36.756: [GC pause (mixed), 0.0096049 secs]
   [Parallel Time: 9.2 ms, GC Workers: 2]
      [GC Worker Start (ms): Min: 36756.1, Avg: 36756.1, Max: 36756.1, Diff: 0.0]
      [Ext Root Scanning (ms): Min: 0.9, Avg: 0.9, Max: 1.0, Diff: 0.0, Sum: 1.9]
      [Update RS (ms): Min: 0.3, Avg: 0.3, Max: 0.3, Diff: 0.0, Sum: 0.6]
         [Processed Buffers: Min: 1, Avg: 3.5, Max: 6, Diff: 5, Sum: 7]
      [Scan RS (ms): Min: 0.1, Avg: 0.1, Max: 0.1, Diff: 0.0, Sum: 0.2]
      [Code Root Scanning (ms): Min: 0.0, Avg: 0.0, Max: 0.0, Diff: 0.0, Sum: 0.0]
      [Object Copy (ms): Min: 7.7, Avg: 7.8, Max: 7.8, Diff: 0.0, Sum: 15.5]
      [Termination (ms): Min: 0.0, Avg: 0.0, Max: 0.0, Diff: 0.0, Sum: 0.0]
      [GC Worker Other (ms): Min: 0.0, Avg: 0.0, Max: 0.0, Diff: 0.0, Sum: 0.1]
      [GC Worker Total (ms): Min: 9.1, Avg: 9.1, Max: 9.1, Diff: 0.0, Sum: 18.3]
      [GC Worker End (ms): Min: 36765.2, Avg: 36765.2, Max: 36765.2, Diff: 0.0]
   [Code Root Fixup: 0.0 ms]
   [Code Root Migration: 0.0 ms]
   [Clear CT: 0.1 ms]
   [Other: 0.3 ms]
      [Choose CSet: 0.0 ms]
      [Ref Proc: 0.0 ms]
      [Ref Enq: 0.0 ms]
      [Free CSet: 0.1 ms]
   [Eden: 9216.0K(9216.0K)->0.0B(66.0M) Survivors: 3072.0K->2048.0K Heap: 112.5M(256.0M)->97.5M(256.0M)]
 [Times: user=0.03 sys=0.00, real=0.01 secs] 
2014-07-10T16:13:05.888+0200: 36.873: [GC pause (young), 0.0442271 secs]
   [Parallel Time: 43.7 ms, GC Workers: 2]
      [GC Worker Start (ms): Min: 36873.4, Avg: 36873.4, Max: 36873.4, Diff: 0.0]
      [Ext Root Scanning (ms): Min: 1.1, Avg: 1.2, Max: 1.3, Diff: 0.2, Sum: 2.3]
      [Update RS (ms): Min: 0.5, Avg: 0.6, Max: 0.6, Diff: 0.2, Sum: 1.1]
         [Processed Buffers: Min: 2, Avg: 2.5, Max: 3, Diff: 1, Sum: 5]
      [Scan RS (ms): Min: 0.1, Avg: 0.1, Max: 0.1, Diff: 0.0, Sum: 0.2]
      [Code Root Scanning (ms): Min: 0.0, Avg: 0.0, Max: 0.1, Diff: 0.0, Sum: 0.1]
      [Object Copy (ms): Min: 41.8, Avg: 41.8, Max: 41.8, Diff: 0.0, Sum: 83.6]
      [Termination (ms): Min: 0.0, Avg: 0.0, Max: 0.0, Diff: 0.0, Sum: 0.0]
      [GC Worker Other (ms): Min: 0.0, Avg: 0.0, Max: 0.0, Diff: 0.0, Sum: 0.1]
      [GC Worker Total (ms): Min: 43.7, Avg: 43.7, Max: 43.7, Diff: 0.0, Sum: 87.4]
      [GC Worker End (ms): Min: 36917.1, Avg: 36917.1, Max: 36917.1, Diff: 0.0]
   [Code Root Fixup: 0.0 ms]
   [Code Root Migration: 0.0 ms]
   [Clear CT: 0.1 ms]
   [Other: 0.4 ms]
      [Choose CSet: 0.0 ms]
      [Ref Proc: 0.0 ms]
      [Ref Enq: 0.0 ms]
      [Free CSet: 0.2 ms]
   [Eden: 66.0M(66.0M)->0.0B(27.0M) Survivors: 2048.0K->9216.0K Heap: 163.5M(256.0M)->174.5M(256.0M)]
 [Times: user=0.06 sys=0.00, real=0.05 secs] 
2014-07-10T16:13:05.980+0200: 36.965: [GC pause (young) (initial-mark), 0.0195404 secs]
   [Parallel Time: 18.8 ms, GC Workers: 2]
      [GC Worker Start (ms): Min: 36965.3, Avg: 36965.3, Max: 36965.3, Diff: 0.0]
      [Ext Root Scanning (ms): Min: 1.1, Avg: 1.1, Max: 1.1, Diff: 0.0, Sum: 2.1]
      [Code Root Marking (ms): Min: 0.1, Avg: 0.1, Max: 0.1, Diff: 0.0, Sum: 0.1]
      [Update RS (ms): Min: 0.9, Avg: 0.9, Max: 0.9, Diff: 0.0, Sum: 1.9]
         [Processed Buffers: Min: 4, Avg: 5.5, Max: 7, Diff: 3, Sum: 11]
      [Scan RS (ms): Min: 0.0, Avg: 0.0, Max: 0.1, Diff: 0.0, Sum: 0.1]
      [Code Root Scanning (ms): Min: 0.0, Avg: 0.0, Max: 0.0, Diff: 0.0, Sum: 0.0]
      [Object Copy (ms): Min: 16.5, Avg: 16.5, Max: 16.6, Diff: 0.0, Sum: 33.1]
      [Termination (ms): Min: 0.0, Avg: 0.0, Max: 0.0, Diff: 0.0, Sum: 0.0]
      [GC Worker Other (ms): Min: 0.0, Avg: 0.0, Max: 0.0, Diff: 0.0, Sum: 0.1]
      [GC Worker Total (ms): Min: 18.7, Avg: 18.7, Max: 18.7, Diff: 0.0, Sum: 37.4]
      [GC Worker End (ms): Min: 36984.0, Avg: 36984.0, Max: 36984.0, Diff: 0.0]
   [Code Root Fixup: 0.1 ms]
   [Code Root Migration: 0.0 ms]
   [Clear CT: 0.0 ms]
   [Other: 0.7 ms]
      [Choose CSet: 0.0 ms]
      [Ref Proc: 0.3 ms]
      [Ref Enq: 0.0 ms]
      [Free CSet: 0.1 ms]
   [Eden: 27.0M(27.0M)->0.0B(18.0M) Survivors: 9216.0K->5120.0K Heap: 201.5M(256.0M)->193.0M(256.0M)]
 [Times: user=0.01 sys=0.00, real=0.02 secs] 
2014-07-10T16:13:06.000+0200: 36.985: [GC concurrent-root-region-scan-start]
2014-07-10T16:13:06.000+0200: 36.985: [GC concurrent-root-region-scan-end, 0.0000884 secs]
2014-07-10T16:13:06.000+0200: 36.985: [GC concurrent-mark-start]
2014-07-10T16:13:06.003+0200: 36.989: [GC concurrent-mark-end, 0.0034983 secs]
2014-07-10T16:13:06.004+0200: 36.989: [GC remark 2014-07-10T16:13:06.004+0200: 36.989: [GC ref-proc, 0.0000664 secs], 0.0010258 secs]
 [Times: user=0.00 sys=0.00, real=0.00 secs] 
2014-07-10T16:13:06.005+0200: 36.991: [GC cleanup 196M->87M(256M), 0.0011061 secs]
 [Times: user=0.00 sys=0.00, real=0.00 secs] 
2014-07-10T16:13:06.006+0200: 36.992: [GC concurrent-cleanup-start]
2014-07-10T16:13:06.007+0200: 36.992: [GC concurrent-cleanup-end, 0.0002134 secs]
2014-07-10T16:13:06.030+0200: 37.015: [GC pause (young), 0.0132319 secs]
   [Parallel Time: 12.5 ms, GC Workers: 2]
      [GC Worker Start (ms): Min: 37015.3, Avg: 37015.3, Max: 37015.3, Diff: 0.0]
      [Ext Root Scanning (ms): Min: 1.1, Avg: 1.1, Max: 1.1, Diff: 0.1, Sum: 2.2]
      [Update RS (ms): Min: 0.4, Avg: 0.4, Max: 0.5, Diff: 0.0, Sum: 0.9]
         [Processed Buffers: Min: 3, Avg: 3.0, Max: 3, Diff: 0, Sum: 6]
      [Scan RS (ms): Min: 0.0, Avg: 0.0, Max: 0.0, Diff: 0.0, Sum: 0.1]
      [Code Root Scanning (ms): Min: 0.0, Avg: 0.0, Max: 0.0, Diff: 0.0, Sum: 0.0]
      [Object Copy (ms): Min: 10.9, Avg: 10.9, Max: 10.9, Diff: 0.0, Sum: 21.8]
      [Termination (ms): Min: 0.0, Avg: 0.0, Max: 0.0, Diff: 0.0, Sum: 0.0]
      [GC Worker Other (ms): Min: 0.0, Avg: 0.0, Max: 0.0, Diff: 0.0, Sum: 0.1]
      [GC Worker Total (ms): Min: 12.5, Avg: 12.5, Max: 12.5, Diff: 0.0, Sum: 25.0]
      [GC Worker End (ms): Min: 37027.8, Avg: 37027.8, Max: 37027.8, Diff: 0.0]
   [Code Root Fixup: 0.0 ms]
   [Code Root Migration: 0.0 ms]
   [Clear CT: 0.0 ms]
   [Other: 0.6 ms]
      [Choose CSet: 0.0 ms]
      [Ref Proc: 0.5 ms]
      [Ref Enq: 0.0 ms]
      [Free CSet: 0.1 ms]
   [Eden: 18.0M(18.0M)->0.0B(9216.0K) Survivors: 5120.0K->3072.0K Heap: 102.0M(256.0M)->98.5M(256.0M)]
 [Times: user=0.03 sys=0.00, real=0.01 secs] 
2014-07-10T16:13:06.058+0200: 37.043: [GC pause (mixed), 0.0093182 secs]
   [Parallel Time: 8.9 ms, GC Workers: 2]
      [GC Worker Start (ms): Min: 37043.5, Avg: 37044.1, Max: 37044.7, Diff: 1.2]
      [Ext Root Scanning (ms): Min: 0.3, Avg: 1.0, Max: 1.7, Diff: 1.3, Sum: 2.0]
      [Update RS (ms): Min: 0.3, Avg: 0.3, Max: 0.3, Diff: 0.1, Sum: 0.6]
         [Processed Buffers: Min: 1, Avg: 3.5, Max: 6, Diff: 5, Sum: 7]
      [Scan RS (ms): Min: 0.0, Avg: 0.1, Max: 0.1, Diff: 0.1, Sum: 0.2]
      [Code Root Scanning (ms): Min: 0.0, Avg: 0.0, Max: 0.0, Diff: 0.0, Sum: 0.0]
      [Object Copy (ms): Min: 6.9, Avg: 6.9, Max: 6.9, Diff: 0.1, Sum: 13.8]
      [Termination (ms): Min: 0.0, Avg: 0.0, Max: 0.0, Diff: 0.0, Sum: 0.0]
      [GC Worker Other (ms): Min: 0.0, Avg: 0.0, Max: 0.0, Diff: 0.0, Sum: 0.1]
      [GC Worker Total (ms): Min: 7.7, Avg: 8.3, Max: 8.9, Diff: 1.2, Sum: 16.6]
      [GC Worker End (ms): Min: 37052.4, Avg: 37052.4, Max: 37052.4, Diff: 0.0]
   [Code Root Fixup: 0.0 ms]
   [Code Root Migration: 0.0 ms]
   [Clear CT: 0.1 ms]
   [Other: 0.3 ms]
      [Choose CSet: 0.0 ms]
      [Ref Proc: 0.0 ms]
      [Ref Enq: 0.0 ms]
      [Free CSet: 0.1 ms]
   [Eden: 9216.0K(9216.0K)->0.0B(66.0M) Survivors: 3072.0K->2048.0K Heap: 107.5M(256.0M)->98.0M(256.0M)]
 [Times: user=0.00 sys=0.00, real=0.01 secs] 
2014-07-10T16:13:06.176+0200: 37.161: [GC pause (young), 0.0452533 secs]
   [Parallel Time: 44.8 ms, GC Workers: 2]
      [GC Worker Start (ms): Min: 37161.4, Avg: 37161.4, Max: 37161.4, Diff: 0.0]
      [Ext Root Scanning (ms): Min: 1.2, Avg: 1.2, Max: 1.3, Diff: 0.2, Sum: 2.5]
      [Update RS (ms): Min: 0.4, Avg: 0.4, Max: 0.5, Diff: 0.0, Sum: 0.9]
         [Processed Buffers: Min: 1, Avg: 2.5, Max: 4, Diff: 3, Sum: 5]
      [Scan RS (ms): Min: 0.0, Avg: 0.1, Max: 0.1, Diff: 0.1, Sum: 0.2]
      [Code Root Scanning (ms): Min: 0.0, Avg: 0.0, Max: 0.1, Diff: 0.0, Sum: 0.1]
      [Object Copy (ms): Min: 42.5, Avg: 42.6, Max: 42.7, Diff: 0.2, Sum: 85.2]
      [Termination (ms): Min: 0.0, Avg: 0.2, Max: 0.3, Diff: 0.3, Sum: 0.3]
      [GC Worker Other (ms): Min: 0.0, Avg: 0.1, Max: 0.1, Diff: 0.1, Sum: 0.2]
      [GC Worker Total (ms): Min: 44.5, Avg: 44.6, Max: 44.8, Diff: 0.3, Sum: 89.3]
      [GC Worker End (ms): Min: 37205.9, Avg: 37206.1, Max: 37206.2, Diff: 0.3]
   [Code Root Fixup: 0.0 ms]
   [Code Root Migration: 0.0 ms]
   [Clear CT: 0.1 ms]
   [Other: 0.4 ms]
      [Choose CSet: 0.0 ms]
      [Ref Proc: 0.0 ms]
      [Ref Enq: 0.0 ms]
      [Free CSet: 0.1 ms]
   [Eden: 66.0M(66.0M)->0.0B(27.0M) Survivors: 2048.0K->9216.0K Heap: 164.0M(256.0M)->174.0M(256.0M)]
 [Times: user=0.09 sys=0.00, real=0.04 secs] 
2014-07-10T16:13:06.280+0200: 37.265: [GC pause (young) (initial-mark), 0.0192200 secs]
   [Parallel Time: 18.8 ms, GC Workers: 2]
      [GC Worker Start (ms): Min: 37265.2, Avg: 37265.2, Max: 37265.2, Diff: 0.0]
      [Ext Root Scanning (ms): Min: 1.1, Avg: 1.1, Max: 1.1, Diff: 0.0, Sum: 2.3]
      [Code Root Marking (ms): Min: 0.0, Avg: 0.1, Max: 0.1, Diff: 0.1, Sum: 0.1]
      [Update RS (ms): Min: 0.9, Avg: 0.9, Max: 0.9, Diff: 0.0, Sum: 1.8]
         [Processed Buffers: Min: 4, Avg: 5.5, Max: 7, Diff: 3, Sum: 11]
      [Scan RS (ms): Min: 0.0, Avg: 0.0, Max: 0.1, Diff: 0.0, Sum: 0.1]
      [Code Root Scanning (ms): Min: 0.0, Avg: 0.0, Max: 0.0, Diff: 0.0, Sum: 0.0]
      [Object Copy (ms): Min: 16.4, Avg: 16.4, Max: 16.4, Diff: 0.0, Sum: 32.8]
      [Termination (ms): Min: 0.0, Avg: 0.0, Max: 0.0, Diff: 0.0, Sum: 0.0]
      [GC Worker Other (ms): Min: 0.0, Avg: 0.0, Max: 0.0, Diff: 0.0, Sum: 0.1]
      [GC Worker Total (ms): Min: 18.6, Avg: 18.6, Max: 18.7, Diff: 0.0, Sum: 37.3]
      [GC Worker End (ms): Min: 37283.8, Avg: 37283.8, Max: 37283.8, Diff: 0.0]
   [Code Root Fixup: 0.0 ms]
   [Code Root Migration: 0.0 ms]
   [Clear CT: 0.1 ms]
   [Other: 0.3 ms]
      [Choose CSet: 0.0 ms]
      [Ref Proc: 0.0 ms]
      [Ref Enq: 0.0 ms]
      [Free CSet: 0.1 ms]
   [Eden: 27.0M(27.0M)->0.0B(18.0M) Survivors: 9216.0K->5120.0K Heap: 201.0M(256.0M)->193.5M(256.0M)]
 [Times: user=0.03 sys=0.00, real=0.02 secs] 
2014-07-10T16:13:06.299+0200: 37.285: [GC concurrent-root-region-scan-start]
2014-07-10T16:13:06.299+0200: 37.285: [GC concurrent-root-region-scan-end, 0.0000891 secs]
2014-07-10T16:13:06.299+0200: 37.285: [GC concurrent-mark-start]
2014-07-10T16:13:06.304+0200: 37.289: [GC concurrent-mark-end, 0.0035372 secs]
2014-07-10T16:13:06.304+0200: 37.289: [GC remark 2014-07-10T16:13:06.304+0200: 37.289: [GC ref-proc, 0.0000664 secs], 0.0013609 secs]
 [Times: user=0.00 sys=0.00, real=0.00 secs] 
2014-07-10T16:13:06.305+0200: 37.291: [GC cleanup 195M->87M(256M), 0.0007651 secs]
 [Times: user=0.00 sys=0.00, real=0.00 secs] 
2014-07-10T16:13:06.306+0200: 37.292: [GC concurrent-cleanup-start]
2014-07-10T16:13:06.306+0200: 37.292: [GC concurrent-cleanup-end, 0.0002145 secs]
2014-07-10T16:13:06.332+0200: 37.317: [GC pause (young), 0.0130126 secs]
   [Parallel Time: 12.6 ms, GC Workers: 2]
      [GC Worker Start (ms): Min: 37317.1, Avg: 37317.1, Max: 37317.1, Diff: 0.0]
      [Ext Root Scanning (ms): Min: 1.1, Avg: 1.1, Max: 1.1, Diff: 0.0, Sum: 2.1]
      [Update RS (ms): Min: 0.4, Avg: 0.4, Max: 0.4, Diff: 0.0, Sum: 0.9]
         [Processed Buffers: Min: 2, Avg: 3.0, Max: 4, Diff: 2, Sum: 6]
      [Scan RS (ms): Min: 0.0, Avg: 0.0, Max: 0.0, Diff: 0.0, Sum: 0.1]
      [Code Root Scanning (ms): Min: 0.0, Avg: 0.0, Max: 0.0, Diff: 0.0, Sum: 0.0]
      [Object Copy (ms): Min: 11.0, Avg: 11.0, Max: 11.0, Diff: 0.0, Sum: 22.0]
      [Termination (ms): Min: 0.0, Avg: 0.0, Max: 0.0, Diff: 0.0, Sum: 0.0]
      [GC Worker Other (ms): Min: 0.0, Avg: 0.0, Max: 0.0, Diff: 0.0, Sum: 0.1]
      [GC Worker Total (ms): Min: 12.6, Avg: 12.6, Max: 12.6, Diff: 0.0, Sum: 25.2]
      [GC Worker End (ms): Min: 37329.7, Avg: 37329.7, Max: 37329.7, Diff: 0.0]
   [Code Root Fixup: 0.0 ms]
   [Code Root Migration: 0.0 ms]
   [Clear CT: 0.1 ms]
   [Other: 0.3 ms]
      [Choose CSet: 0.0 ms]
      [Ref Proc: 0.1 ms]
      [Ref Enq: 0.0 ms]
      [Free CSet: 0.1 ms]
   [Eden: 18.0M(18.0M)->0.0B(9216.0K) Survivors: 5120.0K->3072.0K Heap: 103.5M(256.0M)->100.0M(256.0M)]
 [Times: user=0.03 sys=0.00, real=0.01 secs] 
2014-07-10T16:13:06.358+0200: 37.343: [GC pause (mixed), 0.0100767 secs]
   [Parallel Time: 9.6 ms, GC Workers: 2]
      [GC Worker Start (ms): Min: 37343.5, Avg: 37344.2, Max: 37344.8, Diff: 1.3]
      [Ext Root Scanning (ms): Min: 0.3, Avg: 1.0, Max: 1.7, Diff: 1.3, Sum: 2.0]
      [Update RS (ms): Min: 0.2, Avg: 0.3, Max: 0.3, Diff: 0.1, Sum: 0.6]
         [Processed Buffers: Min: 2, Avg: 3.5, Max: 5, Diff: 3, Sum: 7]
      [Scan RS (ms): Min: 0.1, Avg: 0.1, Max: 0.1, Diff: 0.0, Sum: 0.2]
      [Code Root Scanning (ms): Min: 0.0, Avg: 0.0, Max: 0.0, Diff: 0.0, Sum: 0.0]
      [Object Copy (ms): Min: 7.5, Avg: 7.5, Max: 7.5, Diff: 0.0, Sum: 15.0]
      [Termination (ms): Min: 0.0, Avg: 0.0, Max: 0.0, Diff: 0.0, Sum: 0.0]
      [GC Worker Other (ms): Min: 0.0, Avg: 0.0, Max: 0.0, Diff: 0.0, Sum: 0.0]
      [GC Worker Total (ms): Min: 8.3, Avg: 9.0, Max: 9.6, Diff: 1.3, Sum: 17.9]
      [GC Worker End (ms): Min: 37353.1, Avg: 37353.1, Max: 37353.1, Diff: 0.0]
   [Code Root Fixup: 0.0 ms]
   [Code Root Migration: 0.0 ms]
   [Clear CT: 0.1 ms]
   [Other: 0.3 ms]
      [Choose CSet: 0.0 ms]
      [Ref Proc: 0.0 ms]
      [Ref Enq: 0.0 ms]
      [Free CSet: 0.1 ms]
   [Eden: 9216.0K(9216.0K)->0.0B(66.0M) Survivors: 3072.0K->2048.0K Heap: 109.0M(256.0M)->98.0M(256.0M)]
 [Times: user=0.00 sys=0.00, real=0.01 secs] 
2014-07-10T16:13:06.478+0200: 37.463: [GC pause (young), 0.0437780 secs]
   [Parallel Time: 43.2 ms, GC Workers: 2]
      [GC Worker Start (ms): Min: 37463.5, Avg: 37463.5, Max: 37463.5, Diff: 0.0]
      [Ext Root Scanning (ms): Min: 0.9, Avg: 1.0, Max: 1.0, Diff: 0.0, Sum: 1.9]
      [Update RS (ms): Min: 0.4, Avg: 0.4, Max: 0.4, Diff: 0.1, Sum: 0.8]
         [Processed Buffers: Min: 1, Avg: 3.0, Max: 5, Diff: 4, Sum: 6]
      [Scan RS (ms): Min: 0.1, Avg: 0.1, Max: 0.1, Diff: 0.0, Sum: 0.2]
      [Code Root Scanning (ms): Min: 0.0, Avg: 0.0, Max: 0.1, Diff: 0.0, Sum: 0.1]
      [Object Copy (ms): Min: 41.7, Avg: 41.7, Max: 41.7, Diff: 0.0, Sum: 83.3]
      [Termination (ms): Min: 0.0, Avg: 0.0, Max: 0.0, Diff: 0.0, Sum: 0.0]
      [GC Worker Other (ms): Min: 0.0, Avg: 0.0, Max: 0.0, Diff: 0.0, Sum: 0.1]
      [GC Worker Total (ms): Min: 43.2, Avg: 43.2, Max: 43.2, Diff: 0.0, Sum: 86.4]
      [GC Worker End (ms): Min: 37506.7, Avg: 37506.7, Max: 37506.7, Diff: 0.0]
   [Code Root Fixup: 0.0 ms]
   [Code Root Migration: 0.0 ms]
   [Clear CT: 0.1 ms]
   [Other: 0.5 ms]
      [Choose CSet: 0.0 ms]
      [Ref Proc: 0.0 ms]
      [Ref Enq: 0.0 ms]
      [Free CSet: 0.2 ms]
   [Eden: 66.0M(66.0M)->0.0B(28.0M) Survivors: 2048.0K->9216.0K Heap: 164.0M(256.0M)->172.5M(256.0M)]
 [Times: user=0.09 sys=0.00, real=0.04 secs] 
2014-07-10T16:13:06.568+0200: 37.553: [GC pause (young) (initial-mark), 0.0194825 secs]
   [Parallel Time: 19.0 ms, GC Workers: 2]
      [GC Worker Start (ms): Min: 37553.3, Avg: 37553.3, Max: 37553.3, Diff: 0.0]
      [Ext Root Scanning (ms): Min: 1.0, Avg: 1.0, Max: 1.1, Diff: 0.0, Sum: 2.1]
      [Code Root Marking (ms): Min: 0.1, Avg: 0.1, Max: 0.1, Diff: 0.0, Sum: 0.1]
      [Update RS (ms): Min: 0.9, Avg: 0.9, Max: 0.9, Diff: 0.0, Sum: 1.8]
         [Processed Buffers: Min: 4, Avg: 5.0, Max: 6, Diff: 2, Sum: 10]
      [Scan RS (ms): Min: 0.0, Avg: 0.0, Max: 0.1, Diff: 0.0, Sum: 0.1]
      [Code Root Scanning (ms): Min: 0.0, Avg: 0.0, Max: 0.0, Diff: 0.0, Sum: 0.0]
      [Object Copy (ms): Min: 16.8, Avg: 16.9, Max: 16.9, Diff: 0.0, Sum: 33.7]
      [Termination (ms): Min: 0.0, Avg: 0.0, Max: 0.0, Diff: 0.0, Sum: 0.0]
      [GC Worker Other (ms): Min: 0.0, Avg: 0.0, Max: 0.0, Diff: 0.0, Sum: 0.1]
      [GC Worker Total (ms): Min: 19.0, Avg: 19.0, Max: 19.0, Diff: 0.0, Sum: 37.9]
      [GC Worker End (ms): Min: 37572.2, Avg: 37572.2, Max: 37572.3, Diff: 0.0]
   [Code Root Fixup: 0.0 ms]
   [Code Root Migration: 0.0 ms]
   [Clear CT: 0.0 ms]
   [Other: 0.4 ms]
      [Choose CSet: 0.0 ms]
      [Ref Proc: 0.1 ms]
      [Ref Enq: 0.0 ms]
      [Free CSet: 0.1 ms]
   [Eden: 28.0M(28.0M)->0.0B(18.0M) Survivors: 9216.0K->5120.0K Heap: 200.5M(256.0M)->191.5M(256.0M)]
 [Times: user=0.03 sys=0.00, real=0.02 secs] 
2014-07-10T16:13:06.588+0200: 37.573: [GC concurrent-root-region-scan-start]
2014-07-10T16:13:06.588+0200: 37.573: [GC concurrent-root-region-scan-end, 0.0000851 secs]
2014-07-10T16:13:06.588+0200: 37.573: [GC concurrent-mark-start]
2014-07-10T16:13:06.592+0200: 37.577: [GC concurrent-mark-end, 0.0033741 secs]
2014-07-10T16:13:06.592+0200: 37.577: [GC remark 2014-07-10T16:13:06.592+0200: 37.577: [GC ref-proc, 0.0000664 secs], 0.0010903 secs]
 [Times: user=0.00 sys=0.00, real=0.00 secs] 
2014-07-10T16:13:06.593+0200: 37.578: [GC cleanup 193M->88M(256M), 0.0007930 secs]
 [Times: user=0.00 sys=0.00, real=0.00 secs] 
2014-07-10T16:13:06.594+0200: 37.579: [GC concurrent-cleanup-start]
2014-07-10T16:13:06.594+0200: 37.579: [GC concurrent-cleanup-end, 0.0002229 secs]
2014-07-10T16:13:06.618+0200: 37.603: [GC pause (young), 0.0129500 secs]
   [Parallel Time: 12.6 ms, GC Workers: 2]
      [GC Worker Start (ms): Min: 37603.3, Avg: 37603.3, Max: 37603.3, Diff: 0.0]
      [Ext Root Scanning (ms): Min: 1.0, Avg: 1.0, Max: 1.1, Diff: 0.0, Sum: 2.1]
      [Update RS (ms): Min: 0.4, Avg: 0.4, Max: 0.5, Diff: 0.1, Sum: 0.9]
         [Processed Buffers: Min: 2, Avg: 3.0, Max: 4, Diff: 2, Sum: 6]
      [Scan RS (ms): Min: 0.0, Avg: 0.1, Max: 0.1, Diff: 0.0, Sum: 0.1]
      [Code Root Scanning (ms): Min: 0.0, Avg: 0.0, Max: 0.0, Diff: 0.0, Sum: 0.0]
      [Object Copy (ms): Min: 10.9, Avg: 10.9, Max: 11.0, Diff: 0.0, Sum: 21.9]
      [Termination (ms): Min: 0.0, Avg: 0.0, Max: 0.0, Diff: 0.0, Sum: 0.0]
      [GC Worker Other (ms): Min: 0.0, Avg: 0.0, Max: 0.0, Diff: 0.0, Sum: 0.1]
      [GC Worker Total (ms): Min: 12.5, Avg: 12.5, Max: 12.5, Diff: 0.0, Sum: 25.1]
      [GC Worker End (ms): Min: 37615.8, Avg: 37615.8, Max: 37615.8, Diff: 0.0]
   [Code Root Fixup: 0.0 ms]
   [Code Root Migration: 0.0 ms]
   [Clear CT: 0.0 ms]
   [Other: 0.3 ms]
      [Choose CSet: 0.0 ms]
      [Ref Proc: 0.1 ms]
      [Ref Enq: 0.0 ms]
      [Free CSet: 0.1 ms]
   [Eden: 18.0M(18.0M)->0.0B(9216.0K) Survivors: 5120.0K->3072.0K Heap: 104.5M(256.0M)->100.5M(256.0M)]
 [Times: user=0.03 sys=0.00, real=0.01 secs] 
2014-07-10T16:13:06.645+0200: 37.630: [GC pause (mixed), 0.0090417 secs]
   [Parallel Time: 8.6 ms, GC Workers: 2]
      [GC Worker Start (ms): Min: 37630.3, Avg: 37630.3, Max: 37630.3, Diff: 0.0]
      [Ext Root Scanning (ms): Min: 1.1, Avg: 1.2, Max: 1.2, Diff: 0.1, Sum: 2.4]
      [Update RS (ms): Min: 0.2, Avg: 0.3, Max: 0.3, Diff: 0.1, Sum: 0.5]
         [Processed Buffers: Min: 3, Avg: 3.5, Max: 4, Diff: 1, Sum: 7]
      [Scan RS (ms): Min: 0.1, Avg: 0.1, Max: 0.1, Diff: 0.0, Sum: 0.2]
      [Code Root Scanning (ms): Min: 0.0, Avg: 0.0, Max: 0.0, Diff: 0.0, Sum: 0.1]
      [Object Copy (ms): Min: 6.9, Avg: 7.0, Max: 7.0, Diff: 0.0, Sum: 13.9]
      [Termination (ms): Min: 0.0, Avg: 0.0, Max: 0.0, Diff: 0.0, Sum: 0.0]
      [GC Worker Other (ms): Min: 0.0, Avg: 0.0, Max: 0.0, Diff: 0.0, Sum: 0.1]
      [GC Worker Total (ms): Min: 8.6, Avg: 8.6, Max: 8.6, Diff: 0.0, Sum: 17.2]
      [GC Worker End (ms): Min: 37638.8, Avg: 37638.8, Max: 37638.8, Diff: 0.0]
   [Code Root Fixup: 0.0 ms]
   [Code Root Migration: 0.0 ms]
   [Clear CT: 0.1 ms]
   [Other: 0.3 ms]
      [Choose CSet: 0.0 ms]
      [Ref Proc: 0.1 ms]
      [Ref Enq: 0.0 ms]
      [Free CSet: 0.1 ms]
   [Eden: 9216.0K(9216.0K)->0.0B(67.0M) Survivors: 3072.0K->2048.0K Heap: 109.5M(256.0M)->97.5M(256.0M)]
 [Times: user=0.03 sys=0.00, real=0.01 secs] 
2014-07-10T16:13:06.766+0200: 37.752: [GC pause (young), 0.0445029 secs]
   [Parallel Time: 44.0 ms, GC Workers: 2]
      [GC Worker Start (ms): Min: 37751.6, Avg: 37751.6, Max: 37751.7, Diff: 0.0]
      [Ext Root Scanning (ms): Min: 0.9, Avg: 0.9, Max: 0.9, Diff: 0.0, Sum: 1.8]
      [Update RS (ms): Min: 0.4, Avg: 0.4, Max: 0.4, Diff: 0.0, Sum: 0.8]
         [Processed Buffers: Min: 2, Avg: 2.5, Max: 3, Diff: 1, Sum: 5]
      [Scan RS (ms): Min: 0.1, Avg: 0.1, Max: 0.1, Diff: 0.0, Sum: 0.2]
      [Code Root Scanning (ms): Min: 0.0, Avg: 0.0, Max: 0.0, Diff: 0.0, Sum: 0.1]
      [Object Copy (ms): Min: 42.5, Avg: 42.5, Max: 42.5, Diff: 0.0, Sum: 85.0]
      [Termination (ms): Min: 0.0, Avg: 0.0, Max: 0.0, Diff: 0.0, Sum: 0.0]
      [GC Worker Other (ms): Min: 0.0, Avg: 0.0, Max: 0.0, Diff: 0.0, Sum: 0.0]
      [GC Worker Total (ms): Min: 44.0, Avg: 44.0, Max: 44.0, Diff: 0.0, Sum: 88.0]
      [GC Worker End (ms): Min: 37795.6, Avg: 37795.6, Max: 37795.6, Diff: 0.0]
   [Code Root Fixup: 0.0 ms]
   [Code Root Migration: 0.0 ms]
   [Clear CT: 0.1 ms]
   [Other: 0.4 ms]
      [Choose CSet: 0.0 ms]
      [Ref Proc: 0.0 ms]
      [Ref Enq: 0.0 ms]
      [Free CSet: 0.2 ms]
   [Eden: 67.0M(67.0M)->0.0B(29.0M) Survivors: 2048.0K->9216.0K Heap: 164.5M(256.0M)->171.5M(256.0M)]
 [Times: user=0.08 sys=0.00, real=0.05 secs] 
2014-07-10T16:13:06.856+0200: 37.841: [GC pause (young) (initial-mark), 0.0187830 secs]
   [Parallel Time: 18.2 ms, GC Workers: 2]
      [GC Worker Start (ms): Min: 37841.3, Avg: 37841.3, Max: 37841.3, Diff: 0.0]
      [Ext Root Scanning (ms): Min: 0.9, Avg: 0.9, Max: 0.9, Diff: 0.0, Sum: 1.8]
      [Code Root Marking (ms): Min: 0.0, Avg: 0.1, Max: 0.1, Diff: 0.0, Sum: 0.1]
      [Update RS (ms): Min: 0.9, Avg: 1.0, Max: 1.0, Diff: 0.0, Sum: 1.9]
         [Processed Buffers: Min: 4, Avg: 4.5, Max: 5, Diff: 1, Sum: 9]
      [Scan RS (ms): Min: 0.0, Avg: 0.0, Max: 0.0, Diff: 0.0, Sum: 0.1]
      [Code Root Scanning (ms): Min: 0.0, Avg: 0.0, Max: 0.0, Diff: 0.0, Sum: 0.1]
      [Object Copy (ms): Min: 16.1, Avg: 16.1, Max: 16.1, Diff: 0.0, Sum: 32.3]
      [Termination (ms): Min: 0.0, Avg: 0.0, Max: 0.0, Diff: 0.0, Sum: 0.0]
      [GC Worker Other (ms): Min: 0.0, Avg: 0.0, Max: 0.0, Diff: 0.0, Sum: 0.1]
      [GC Worker Total (ms): Min: 18.2, Avg: 18.2, Max: 18.2, Diff: 0.0, Sum: 36.3]
      [GC Worker End (ms): Min: 37859.4, Avg: 37859.4, Max: 37859.4, Diff: 0.0]
   [Code Root Fixup: 0.0 ms]
   [Code Root Migration: 0.0 ms]
   [Clear CT: 0.1 ms]
   [Other: 0.5 ms]
      [Choose CSet: 0.0 ms]
      [Ref Proc: 0.1 ms]
      [Ref Enq: 0.1 ms]
      [Free CSet: 0.1 ms]
   [Eden: 29.0M(29.0M)->0.0B(19.0M) Survivors: 9216.0K->5120.0K Heap: 200.5M(256.0M)->190.0M(256.0M)]
 [Times: user=0.03 sys=0.00, real=0.02 secs] 
2014-07-10T16:13:06.875+0200: 37.860: [GC concurrent-root-region-scan-start]
2014-07-10T16:13:06.875+0200: 37.860: [GC concurrent-root-region-scan-end, 0.0000876 secs]
2014-07-10T16:13:06.875+0200: 37.860: [GC concurrent-mark-start]
2014-07-10T16:13:06.879+0200: 37.865: [GC concurrent-mark-end, 0.0032905 secs]
2014-07-10T16:13:06.880+0200: 37.865: [GC remark 2014-07-10T16:13:06.880+0200: 37.865: [GC ref-proc, 0.0000667 secs], 0.0010526 secs]
 [Times: user=0.00 sys=0.00, real=0.00 secs] 
2014-07-10T16:13:06.883+0200: 37.868: [GC cleanup 194M->90M(256M), 0.0008418 secs]
 [Times: user=0.00 sys=0.03, real=0.00 secs] 
2014-07-10T16:13:06.884+0200: 37.869: [GC concurrent-cleanup-start]
2014-07-10T16:13:06.884+0200: 37.870: [GC concurrent-cleanup-end, 0.0002251 secs]
2014-07-10T16:13:06.905+0200: 37.890: [GC pause (young), 0.0133323 secs]
   [Parallel Time: 13.0 ms, GC Workers: 2]
      [GC Worker Start (ms): Min: 37890.4, Avg: 37890.5, Max: 37890.5, Diff: 0.1]
      [Ext Root Scanning (ms): Min: 1.0, Avg: 1.0, Max: 1.0, Diff: 0.0, Sum: 2.0]
      [Update RS (ms): Min: 0.4, Avg: 0.4, Max: 0.4, Diff: 0.0, Sum: 0.9]
         [Processed Buffers: Min: 2, Avg: 4.0, Max: 6, Diff: 4, Sum: 8]
      [Scan RS (ms): Min: 0.0, Avg: 0.0, Max: 0.1, Diff: 0.0, Sum: 0.1]
      [Code Root Scanning (ms): Min: 0.0, Avg: 0.0, Max: 0.0, Diff: 0.0, Sum: 0.0]
      [Object Copy (ms): Min: 11.4, Avg: 11.4, Max: 11.4, Diff: 0.0, Sum: 22.8]
      [Termination (ms): Min: 0.0, Avg: 0.0, Max: 0.0, Diff: 0.0, Sum: 0.0]
      [GC Worker Other (ms): Min: 0.0, Avg: 0.0, Max: 0.0, Diff: 0.0, Sum: 0.1]
      [GC Worker Total (ms): Min: 12.8, Avg: 12.9, Max: 13.0, Diff: 0.1, Sum: 25.8]
      [GC Worker End (ms): Min: 37903.4, Avg: 37903.4, Max: 37903.4, Diff: 0.0]
   [Code Root Fixup: 0.0 ms]
   [Code Root Migration: 0.0 ms]
   [Clear CT: 0.1 ms]
   [Other: 0.3 ms]
      [Choose CSet: 0.0 ms]
      [Ref Proc: 0.1 ms]
      [Ref Enq: 0.0 ms]
      [Free CSet: 0.1 ms]
   [Eden: 19.0M(19.0M)->0.0B(9216.0K) Survivors: 5120.0K->3072.0K Heap: 105.0M(256.0M)->100.0M(256.0M)]
 [Times: user=0.03 sys=0.00, real=0.01 secs] 
2014-07-10T16:13:06.933+0200: 37.918: [GC pause (mixed), 0.0098523 secs]
   [Parallel Time: 9.5 ms, GC Workers: 2]
      [GC Worker Start (ms): Min: 37918.2, Avg: 37918.2, Max: 37918.2, Diff: 0.0]
      [Ext Root Scanning (ms): Min: 1.1, Avg: 1.1, Max: 1.2, Diff: 0.0, Sum: 2.3]
      [Update RS (ms): Min: 0.3, Avg: 0.3, Max: 0.3, Diff: 0.0, Sum: 0.6]
         [Processed Buffers: Min: 2, Avg: 4.0, Max: 6, Diff: 4, Sum: 8]
      [Scan RS (ms): Min: 0.1, Avg: 0.1, Max: 0.1, Diff: 0.0, Sum: 0.2]
      [Code Root Scanning (ms): Min: 0.0, Avg: 0.0, Max: 0.0, Diff: 0.0, Sum: 0.0]
      [Object Copy (ms): Min: 7.8, Avg: 7.8, Max: 7.8, Diff: 0.0, Sum: 15.7]
      [Termination (ms): Min: 0.0, Avg: 0.0, Max: 0.0, Diff: 0.0, Sum: 0.0]
      [GC Worker Other (ms): Min: 0.0, Avg: 0.0, Max: 0.0, Diff: 0.0, Sum: 0.1]
      [GC Worker Total (ms): Min: 9.4, Avg: 9.5, Max: 9.5, Diff: 0.0, Sum: 18.9]
      [GC Worker End (ms): Min: 37927.7, Avg: 37927.7, Max: 37927.7, Diff: 0.0]
   [Code Root Fixup: 0.0 ms]
   [Code Root Migration: 0.0 ms]
   [Clear CT: 0.1 ms]
   [Other: 0.3 ms]
      [Choose CSet: 0.0 ms]
      [Ref Proc: 0.0 ms]
      [Ref Enq: 0.0 ms]
      [Free CSet: 0.1 ms]
   [Eden: 9216.0K(9216.0K)->0.0B(71.0M) Survivors: 3072.0K->2048.0K Heap: 109.0M(256.0M)->100.5M(256.0M)]
 [Times: user=0.00 sys=0.00, real=0.01 secs] 
2014-07-10T16:13:07.061+0200: 38.046: [GC pause (young), 0.0479092 secs]
   [Parallel Time: 47.4 ms, GC Workers: 2]
      [GC Worker Start (ms): Min: 38046.4, Avg: 38046.4, Max: 38046.4, Diff: 0.0]
      [Ext Root Scanning (ms): Min: 1.2, Avg: 1.2, Max: 1.2, Diff: 0.0, Sum: 2.4]
      [Update RS (ms): Min: 0.4, Avg: 0.4, Max: 0.5, Diff: 0.0, Sum: 0.9]
         [Processed Buffers: Min: 1, Avg: 3.0, Max: 5, Diff: 4, Sum: 6]
      [Scan RS (ms): Min: 0.1, Avg: 0.1, Max: 0.1, Diff: 0.0, Sum: 0.2]
      [Code Root Scanning (ms): Min: 0.0, Avg: 0.0, Max: 0.0, Diff: 0.0, Sum: 0.1]
      [Object Copy (ms): Min: 44.9, Avg: 45.0, Max: 45.1, Diff: 0.1, Sum: 90.0]
      [Termination (ms): Min: 0.0, Avg: 0.3, Max: 0.7, Diff: 0.7, Sum: 0.7]
      [GC Worker Other (ms): Min: 0.0, Avg: 0.0, Max: 0.0, Diff: 0.0, Sum: 0.1]
      [GC Worker Total (ms): Min: 46.9, Avg: 47.1, Max: 47.4, Diff: 0.5, Sum: 94.3]
      [GC Worker End (ms): Min: 38093.3, Avg: 38093.5, Max: 38093.8, Diff: 0.5]
   [Code Root Fixup: 0.0 ms]
   [Code Root Migration: 0.0 ms]
   [Clear CT: 0.1 ms]
   [Other: 0.4 ms]
      [Choose CSet: 0.0 ms]
      [Ref Proc: 0.1 ms]
      [Ref Enq: 0.0 ms]
      [Free CSet: 0.1 ms]
   [Eden: 71.0M(71.0M)->0.0B(26.0M) Survivors: 2048.0K->10.0M Heap: 171.5M(256.0M)->176.5M(256.0M)]
 [Times: user=0.09 sys=0.00, real=0.05 secs] 
2014-07-10T16:13:07.151+0200: 38.136: [GC pause (young) (initial-mark), 0.0180783 secs]
   [Parallel Time: 17.7 ms, GC Workers: 2]
      [GC Worker Start (ms): Min: 38136.3, Avg: 38136.3, Max: 38136.3, Diff: 0.0]
      [Ext Root Scanning (ms): Min: 1.0, Avg: 1.0, Max: 1.0, Diff: 0.0, Sum: 2.1]
      [Code Root Marking (ms): Min: 0.1, Avg: 0.1, Max: 0.1, Diff: 0.0, Sum: 0.1]
      [Update RS (ms): Min: 0.9, Avg: 0.9, Max: 1.0, Diff: 0.1, Sum: 1.9]
         [Processed Buffers: Min: 4, Avg: 4.5, Max: 5, Diff: 1, Sum: 9]
      [Scan RS (ms): Min: 0.0, Avg: 0.0, Max: 0.1, Diff: 0.0, Sum: 0.1]
      [Code Root Scanning (ms): Min: 0.0, Avg: 0.0, Max: 0.0, Diff: 0.0, Sum: 0.0]
      [Object Copy (ms): Min: 15.4, Avg: 15.5, Max: 15.5, Diff: 0.0, Sum: 30.9]
      [Termination (ms): Min: 0.0, Avg: 0.0, Max: 0.0, Diff: 0.0, Sum: 0.0]
      [GC Worker Other (ms): Min: 0.0, Avg: 0.0, Max: 0.0, Diff: 0.0, Sum: 0.1]
      [GC Worker Total (ms): Min: 17.6, Avg: 17.6, Max: 17.6, Diff: 0.0, Sum: 35.1]
      [GC Worker End (ms): Min: 38153.8, Avg: 38153.8, Max: 38153.8, Diff: 0.0]
   [Code Root Fixup: 0.0 ms]
   [Code Root Migration: 0.0 ms]
   [Clear CT: 0.0 ms]
   [Other: 0.3 ms]
      [Choose CSet: 0.0 ms]
      [Ref Proc: 0.1 ms]
      [Ref Enq: 0.0 ms]
      [Free CSet: 0.1 ms]
   [Eden: 26.0M(26.0M)->0.0B(18.0M) Survivors: 10.0M->5120.0K Heap: 202.5M(256.0M)->192.5M(256.0M)]
 [Times: user=0.03 sys=0.00, real=0.02 secs] 
2014-07-10T16:13:07.169+0200: 38.155: [GC concurrent-root-region-scan-start]
2014-07-10T16:13:07.171+0200: 38.156: [GC concurrent-root-region-scan-end, 0.0016403 secs]
2014-07-10T16:13:07.171+0200: 38.156: [GC concurrent-mark-start]
2014-07-10T16:13:07.174+0200: 38.160: [GC concurrent-mark-end, 0.0034063 secs]
2014-07-10T16:13:07.174+0200: 38.160: [GC remark 2014-07-10T16:13:07.175+0200: 38.160: [GC ref-proc, 0.0000664 secs], 0.0012942 secs]
 [Times: user=0.00 sys=0.00, real=0.00 secs] 
2014-07-10T16:13:07.176+0200: 38.161: [GC cleanup 195M->85M(256M), 0.0007695 secs]
 [Times: user=0.00 sys=0.00, real=0.00 secs] 
2014-07-10T16:13:07.177+0200: 38.162: [GC concurrent-cleanup-start]
2014-07-10T16:13:07.177+0200: 38.162: [GC concurrent-cleanup-end, 0.0002277 secs]
2014-07-10T16:13:07.199+0200: 38.184: [GC pause (young), 0.0126094 secs]
   [Parallel Time: 12.3 ms, GC Workers: 2]
      [GC Worker Start (ms): Min: 38184.3, Avg: 38184.4, Max: 38184.5, Diff: 0.2]
      [Ext Root Scanning (ms): Min: 1.0, Avg: 1.0, Max: 1.1, Diff: 0.1, Sum: 2.0]
      [Update RS (ms): Min: 0.4, Avg: 0.4, Max: 0.4, Diff: 0.1, Sum: 0.8]
         [Processed Buffers: Min: 2, Avg: 3.5, Max: 5, Diff: 3, Sum: 7]
      [Scan RS (ms): Min: 0.0, Avg: 0.1, Max: 0.1, Diff: 0.1, Sum: 0.2]
      [Code Root Scanning (ms): Min: 0.0, Avg: 0.0, Max: 0.0, Diff: 0.0, Sum: 0.0]
      [Object Copy (ms): Min: 10.6, Avg: 10.7, Max: 10.7, Diff: 0.1, Sum: 21.3]
      [Termination (ms): Min: 0.0, Avg: 0.0, Max: 0.0, Diff: 0.0, Sum: 0.0]
      [GC Worker Other (ms): Min: 0.0, Avg: 0.0, Max: 0.0, Diff: 0.0, Sum: 0.1]
      [GC Worker Total (ms): Min: 12.1, Avg: 12.2, Max: 12.3, Diff: 0.2, Sum: 24.4]
      [GC Worker End (ms): Min: 38196.6, Avg: 38196.6, Max: 38196.6, Diff: 0.0]
   [Code Root Fixup: 0.0 ms]
   [Code Root Migration: 0.0 ms]
   [Clear CT: 0.0 ms]
   [Other: 0.2 ms]
      [Choose CSet: 0.0 ms]
      [Ref Proc: 0.0 ms]
      [Ref Enq: 0.0 ms]
      [Free CSet: 0.1 ms]
   [Eden: 18.0M(18.0M)->0.0B(9216.0K) Survivors: 5120.0K->3072.0K Heap: 100.5M(256.0M)->96.5M(256.0M)]
 [Times: user=0.02 sys=0.00, real=0.01 secs] 
2014-07-10T16:13:07.226+0200: 38.211: [GC pause (mixed), 0.0088661 secs]
   [Parallel Time: 8.5 ms, GC Workers: 2]
      [GC Worker Start (ms): Min: 38211.2, Avg: 38211.2, Max: 38211.2, Diff: 0.0]
      [Ext Root Scanning (ms): Min: 1.1, Avg: 1.1, Max: 1.2, Diff: 0.1, Sum: 2.2]
      [Update RS (ms): Min: 0.4, Avg: 0.7, Max: 1.1, Diff: 0.7, Sum: 1.4]
         [Processed Buffers: Min: 1, Avg: 4.0, Max: 7, Diff: 6, Sum: 8]
      [Scan RS (ms): Min: 0.0, Avg: 0.1, Max: 0.2, Diff: 0.2, Sum: 0.2]
      [Code Root Scanning (ms): Min: 0.0, Avg: 0.0, Max: 0.0, Diff: 0.0, Sum: 0.0]
      [Object Copy (ms): Min: 6.3, Avg: 6.5, Max: 6.7, Diff: 0.4, Sum: 13.0]
      [Termination (ms): Min: 0.0, Avg: 0.0, Max: 0.0, Diff: 0.0, Sum: 0.0]
      [GC Worker Other (ms): Min: 0.0, Avg: 0.0, Max: 0.0, Diff: 0.0, Sum: 0.1]
      [GC Worker Total (ms): Min: 8.5, Avg: 8.5, Max: 8.5, Diff: 0.0, Sum: 16.9]
      [GC Worker End (ms): Min: 38219.7, Avg: 38219.7, Max: 38219.7, Diff: 0.0]
   [Code Root Fixup: 0.0 ms]
   [Code Root Migration: 0.0 ms]
   [Clear CT: 0.1 ms]
   [Other: 0.3 ms]
      [Choose CSet: 0.0 ms]
      [Ref Proc: 0.0 ms]
      [Ref Enq: 0.0 ms]
      [Free CSet: 0.1 ms]
   [Eden: 9216.0K(9216.0K)->0.0B(69.0M) Survivors: 3072.0K->2048.0K Heap: 105.5M(256.0M)->96.5M(256.0M)]
 [Times: user=0.03 sys=0.00, real=0.01 secs] 
2014-07-10T16:13:07.351+0200: 38.336: [GC pause (young), 0.0459415 secs]
   [Parallel Time: 45.4 ms, GC Workers: 2]
      [GC Worker Start (ms): Min: 38336.2, Avg: 38336.2, Max: 38336.2, Diff: 0.0]
      [Ext Root Scanning (ms): Min: 1.0, Avg: 1.1, Max: 1.1, Diff: 0.1, Sum: 2.1]
      [Update RS (ms): Min: 0.4, Avg: 0.4, Max: 0.5, Diff: 0.1, Sum: 0.8]
         [Processed Buffers: Min: 1, Avg: 2.5, Max: 4, Diff: 3, Sum: 5]
      [Scan RS (ms): Min: 0.0, Avg: 0.1, Max: 0.1, Diff: 0.1, Sum: 0.2]
      [Code Root Scanning (ms): Min: 0.0, Avg: 0.0, Max: 0.1, Diff: 0.1, Sum: 0.1]
      [Object Copy (ms): Min: 43.8, Avg: 43.8, Max: 43.8, Diff: 0.0, Sum: 87.5]
      [Termination (ms): Min: 0.0, Avg: 0.0, Max: 0.0, Diff: 0.0, Sum: 0.0]
      [GC Worker Other (ms): Min: 0.0, Avg: 0.0, Max: 0.0, Diff: 0.0, Sum: 0.1]
      [GC Worker Total (ms): Min: 45.4, Avg: 45.4, Max: 45.4, Diff: 0.0, Sum: 90.8]
      [GC Worker End (ms): Min: 38381.6, Avg: 38381.6, Max: 38381.6, Diff: 0.0]
   [Code Root Fixup: 0.0 ms]
   [Code Root Migration: 0.0 ms]
   [Clear CT: 0.1 ms]
   [Other: 0.4 ms]
      [Choose CSet: 0.0 ms]
      [Ref Proc: 0.0 ms]
      [Ref Enq: 0.0 ms]
      [Free CSet: 0.2 ms]
   [Eden: 69.0M(69.0M)->0.0B(28.0M) Survivors: 2048.0K->9216.0K Heap: 165.5M(256.0M)->172.5M(256.0M)]
 [Times: user=0.09 sys=0.00, real=0.05 secs] 
2014-07-10T16:13:07.443+0200: 38.428: [GC pause (young) (initial-mark), 0.0198920 secs]
   [Parallel Time: 19.5 ms, GC Workers: 2]
      [GC Worker Start (ms): Min: 38428.4, Avg: 38428.4, Max: 38428.4, Diff: 0.0]
      [Ext Root Scanning (ms): Min: 1.0, Avg: 1.0, Max: 1.0, Diff: 0.0, Sum: 2.0]
      [Code Root Marking (ms): Min: 0.1, Avg: 0.1, Max: 0.1, Diff: 0.0, Sum: 0.1]
      [Update RS (ms): Min: 0.9, Avg: 0.9, Max: 1.0, Diff: 0.0, Sum: 1.9]
         [Processed Buffers: Min: 4, Avg: 4.5, Max: 5, Diff: 1, Sum: 9]
      [Scan RS (ms): Min: 0.0, Avg: 0.0, Max: 0.0, Diff: 0.0, Sum: 0.1]
      [Code Root Scanning (ms): Min: 0.0, Avg: 0.0, Max: 0.0, Diff: 0.0, Sum: 0.0]
      [Object Copy (ms): Min: 17.2, Avg: 17.2, Max: 17.3, Diff: 0.1, Sum: 34.5]
      [Termination (ms): Min: 0.0, Avg: 0.1, Max: 0.2, Diff: 0.2, Sum: 0.2]
      [GC Worker Other (ms): Min: 0.0, Avg: 0.0, Max: 0.0, Diff: 0.0, Sum: 0.1]
      [GC Worker Total (ms): Min: 19.4, Avg: 19.4, Max: 19.4, Diff: 0.1, Sum: 38.8]
      [GC Worker End (ms): Min: 38447.8, Avg: 38447.8, Max: 38447.8, Diff: 0.1]
   [Code Root Fixup: 0.0 ms]
   [Code Root Migration: 0.0 ms]
   [Clear CT: 0.1 ms]
   [Other: 0.3 ms]
      [Choose CSet: 0.0 ms]
      [Ref Proc: 0.0 ms]
      [Ref Enq: 0.0 ms]
      [Free CSet: 0.1 ms]
   [Eden: 28.0M(28.0M)->0.0B(17.0M) Survivors: 9216.0K->5120.0K Heap: 200.5M(256.0M)->194.0M(256.0M)]
 [Times: user=0.06 sys=0.00, real=0.02 secs] 
2014-07-10T16:13:07.463+0200: 38.449: [GC concurrent-root-region-scan-start]
2014-07-10T16:13:07.463+0200: 38.449: [GC concurrent-root-region-scan-end, 0.0000851 secs]
2014-07-10T16:13:07.463+0200: 38.449: [GC concurrent-mark-start]
2014-07-10T16:13:07.468+0200: 38.454: [GC concurrent-mark-end, 0.0035966 secs]
2014-07-10T16:13:07.468+0200: 38.454: [GC remark 2014-07-10T16:13:07.468+0200: 38.454: [GC ref-proc, 0.0000642 secs], 0.0012220 secs]
 [Times: user=0.00 sys=0.00, real=0.00 secs] 
2014-07-10T16:13:07.470+0200: 38.455: [GC cleanup 195M->84M(256M), 0.0007593 secs]
 [Times: user=0.00 sys=0.00, real=0.00 secs] 
2014-07-10T16:13:07.470+0200: 38.456: [GC concurrent-cleanup-start]
2014-07-10T16:13:07.471+0200: 38.456: [GC concurrent-cleanup-end, 0.0002280 secs]
2014-07-10T16:13:07.494+0200: 38.479: [GC pause (young), 0.0116935 secs]
   [Parallel Time: 11.4 ms, GC Workers: 2]
      [GC Worker Start (ms): Min: 38479.2, Avg: 38479.2, Max: 38479.3, Diff: 0.0]
      [Ext Root Scanning (ms): Min: 0.9, Avg: 1.0, Max: 1.0, Diff: 0.1, Sum: 1.9]
      [Update RS (ms): Min: 0.4, Avg: 0.4, Max: 0.5, Diff: 0.1, Sum: 0.9]
         [Processed Buffers: Min: 4, Avg: 4.0, Max: 4, Diff: 0, Sum: 8]
      [Scan RS (ms): Min: 0.0, Avg: 0.0, Max: 0.0, Diff: 0.0, Sum: 0.1]
      [Code Root Scanning (ms): Min: 0.0, Avg: 0.0, Max: 0.0, Diff: 0.0, Sum: 0.0]
      [Object Copy (ms): Min: 9.9, Avg: 9.9, Max: 9.9, Diff: 0.0, Sum: 19.8]
      [Termination (ms): Min: 0.0, Avg: 0.0, Max: 0.0, Diff: 0.0, Sum: 0.0]
      [GC Worker Other (ms): Min: 0.0, Avg: 0.0, Max: 0.0, Diff: 0.0, Sum: 0.1]
      [GC Worker Total (ms): Min: 11.4, Avg: 11.4, Max: 11.4, Diff: 0.0, Sum: 22.8]
      [GC Worker End (ms): Min: 38490.7, Avg: 38490.7, Max: 38490.7, Diff: 0.0]
   [Code Root Fixup: 0.0 ms]
   [Code Root Migration: 0.0 ms]
   [Clear CT: 0.0 ms]
   [Other: 0.2 ms]
      [Choose CSet: 0.0 ms]
      [Ref Proc: 0.0 ms]
      [Ref Enq: 0.0 ms]
      [Free CSet: 0.1 ms]
   [Eden: 17.0M(17.0M)->0.0B(9216.0K) Survivors: 5120.0K->3072.0K Heap: 100.0M(256.0M)->96.0M(256.0M)]
 [Times: user=0.00 sys=0.00, real=0.01 secs] 
2014-07-10T16:13:07.520+0200: 38.505: [GC pause (mixed), 0.0096041 secs]
   [Parallel Time: 9.1 ms, GC Workers: 2]
      [GC Worker Start (ms): Min: 38505.2, Avg: 38505.2, Max: 38505.2, Diff: 0.0]
      [Ext Root Scanning (ms): Min: 1.0, Avg: 1.1, Max: 1.1, Diff: 0.1, Sum: 2.2]
      [Update RS (ms): Min: 0.3, Avg: 0.3, Max: 0.3, Diff: 0.1, Sum: 0.6]
         [Processed Buffers: Min: 1, Avg: 3.0, Max: 5, Diff: 4, Sum: 6]
      [Scan RS (ms): Min: 0.1, Avg: 0.1, Max: 0.1, Diff: 0.0, Sum: 0.2]
      [Code Root Scanning (ms): Min: 0.0, Avg: 0.0, Max: 0.0, Diff: 0.0, Sum: 0.0]
      [Object Copy (ms): Min: 7.6, Avg: 7.6, Max: 7.6, Diff: 0.0, Sum: 15.2]
      [Termination (ms): Min: 0.0, Avg: 0.0, Max: 0.0, Diff: 0.0, Sum: 0.0]
      [GC Worker Other (ms): Min: 0.0, Avg: 0.0, Max: 0.0, Diff: 0.0, Sum: 0.1]
      [GC Worker Total (ms): Min: 9.1, Avg: 9.1, Max: 9.1, Diff: 0.0, Sum: 18.2]
      [GC Worker End (ms): Min: 38514.3, Avg: 38514.3, Max: 38514.3, Diff: 0.0]
   [Code Root Fixup: 0.0 ms]
   [Code Root Migration: 0.0 ms]
   [Clear CT: 0.1 ms]
   [Other: 0.4 ms]
      [Choose CSet: 0.0 ms]
      [Ref Proc: 0.2 ms]
      [Ref Enq: 0.0 ms]
      [Free CSet: 0.1 ms]
   [Eden: 9216.0K(9216.0K)->0.0B(66.0M) Survivors: 3072.0K->2048.0K Heap: 105.0M(256.0M)->99.5M(256.0M)]
 [Times: user=0.03 sys=0.00, real=0.01 secs] 
2014-07-10T16:13:07.639+0200: 38.624: [GC pause (young), 0.0468665 secs]
   [Parallel Time: 46.3 ms, GC Workers: 2]
      [GC Worker Start (ms): Min: 38624.3, Avg: 38624.3, Max: 38624.3, Diff: 0.0]
      [Ext Root Scanning (ms): Min: 1.2, Avg: 1.2, Max: 1.2, Diff: 0.0, Sum: 2.3]
      [Update RS (ms): Min: 0.5, Avg: 0.5, Max: 0.5, Diff: 0.0, Sum: 1.0]
         [Processed Buffers: Min: 1, Avg: 2.5, Max: 4, Diff: 3, Sum: 5]
      [Scan RS (ms): Min: 0.1, Avg: 0.1, Max: 0.1, Diff: 0.0, Sum: 0.2]
      [Code Root Scanning (ms): Min: 0.0, Avg: 0.0, Max: 0.0, Diff: 0.0, Sum: 0.1]
      [Object Copy (ms): Min: 44.5, Avg: 44.5, Max: 44.5, Diff: 0.0, Sum: 88.9]
      [Termination (ms): Min: 0.0, Avg: 0.0, Max: 0.0, Diff: 0.0, Sum: 0.0]
      [GC Worker Other (ms): Min: 0.0, Avg: 0.0, Max: 0.0, Diff: 0.0, Sum: 0.1]
      [GC Worker Total (ms): Min: 46.3, Avg: 46.3, Max: 46.3, Diff: 0.0, Sum: 92.6]
      [GC Worker End (ms): Min: 38670.6, Avg: 38670.6, Max: 38670.6, Diff: 0.0]
   [Code Root Fixup: 0.0 ms]
   [Code Root Migration: 0.0 ms]
   [Clear CT: 0.1 ms]
   [Other: 0.4 ms]
      [Choose CSet: 0.0 ms]
      [Ref Proc: 0.0 ms]
      [Ref Enq: 0.0 ms]
      [Free CSet: 0.1 ms]
   [Eden: 66.0M(66.0M)->0.0B(29.0M) Survivors: 2048.0K->9216.0K Heap: 165.5M(256.0M)->170.5M(256.0M)]
 [Times: user=0.08 sys=0.00, real=0.05 secs] 
2014-07-10T16:13:07.732+0200: 38.717: [GC pause (young) (initial-mark), 0.0201431 secs]
   [Parallel Time: 19.7 ms, GC Workers: 2]
      [GC Worker Start (ms): Min: 38717.4, Avg: 38717.4, Max: 38717.4, Diff: 0.0]
      [Ext Root Scanning (ms): Min: 1.1, Avg: 1.1, Max: 1.1, Diff: 0.0, Sum: 2.2]
      [Code Root Marking (ms): Min: 0.0, Avg: 0.1, Max: 0.1, Diff: 0.1, Sum: 0.1]
      [Update RS (ms): Min: 0.8, Avg: 0.9, Max: 1.0, Diff: 0.2, Sum: 1.8]
         [Processed Buffers: Min: 4, Avg: 5.0, Max: 6, Diff: 2, Sum: 10]
      [Scan RS (ms): Min: 0.0, Avg: 0.0, Max: 0.1, Diff: 0.1, Sum: 0.1]
      [Code Root Scanning (ms): Min: 0.0, Avg: 0.0, Max: 0.0, Diff: 0.0, Sum: 0.0]
      [Object Copy (ms): Min: 17.5, Avg: 17.5, Max: 17.6, Diff: 0.0, Sum: 35.1]
      [Termination (ms): Min: 0.0, Avg: 0.0, Max: 0.0, Diff: 0.0, Sum: 0.0]
      [GC Worker Other (ms): Min: 0.0, Avg: 0.0, Max: 0.0, Diff: 0.0, Sum: 0.1]
      [GC Worker Total (ms): Min: 19.7, Avg: 19.7, Max: 19.7, Diff: 0.0, Sum: 39.4]
      [GC Worker End (ms): Min: 38737.1, Avg: 38737.1, Max: 38737.1, Diff: 0.0]
   [Code Root Fixup: 0.0 ms]
   [Code Root Migration: 0.0 ms]
   [Clear CT: 0.1 ms]
   [Other: 0.3 ms]
      [Choose CSet: 0.0 ms]
      [Ref Proc: 0.0 ms]
      [Ref Enq: 0.0 ms]
      [Free CSet: 0.1 ms]
   [Eden: 29.0M(29.0M)->0.0B(19.0M) Survivors: 9216.0K->5120.0K Heap: 199.5M(256.0M)->190.5M(256.0M)]
 [Times: user=0.01 sys=0.00, real=0.02 secs] 
2014-07-10T16:13:07.752+0200: 38.738: [GC concurrent-root-region-scan-start]
2014-07-10T16:13:07.752+0200: 38.738: [GC concurrent-root-region-scan-end, 0.0000895 secs]
2014-07-10T16:13:07.752+0200: 38.738: [GC concurrent-mark-start]
2014-07-10T16:13:07.756+0200: 38.741: [GC concurrent-mark-end, 0.0032109 secs]
2014-07-10T16:13:07.758+0200: 38.743: [GC remark 2014-07-10T16:13:07.759+0200: 38.744: [GC ref-proc, 0.0000799 secs], 0.0021862 secs]
 [Times: user=0.00 sys=0.00, real=0.00 secs] 
2014-07-10T16:13:07.761+0200: 38.746: [GC cleanup 191M->81M(256M), 0.0008689 secs]
 [Times: user=0.00 sys=0.00, real=0.00 secs] 
2014-07-10T16:13:07.762+0200: 38.747: [GC concurrent-cleanup-start]
2014-07-10T16:13:07.762+0200: 38.747: [GC concurrent-cleanup-end, 0.0002486 secs]
2014-07-10T16:13:07.798+0200: 38.783: [GC pause (young), 0.0131765 secs]
   [Parallel Time: 12.9 ms, GC Workers: 2]
      [GC Worker Start (ms): Min: 38783.3, Avg: 38783.3, Max: 38783.3, Diff: 0.0]
      [Ext Root Scanning (ms): Min: 1.0, Avg: 1.0, Max: 1.1, Diff: 0.0, Sum: 2.1]
      [Update RS (ms): Min: 0.4, Avg: 0.4, Max: 0.4, Diff: 0.0, Sum: 0.9]
         [Processed Buffers: Min: 2, Avg: 3.5, Max: 5, Diff: 3, Sum: 7]
      [Scan RS (ms): Min: 0.0, Avg: 0.0, Max: 0.0, Diff: 0.0, Sum: 0.1]
      [Code Root Scanning (ms): Min: 0.0, Avg: 0.0, Max: 0.0, Diff: 0.0, Sum: 0.0]
      [Object Copy (ms): Min: 11.2, Avg: 11.2, Max: 11.2, Diff: 0.0, Sum: 22.5]
      [Termination (ms): Min: 0.0, Avg: 0.0, Max: 0.0, Diff: 0.0, Sum: 0.0]
      [GC Worker Other (ms): Min: 0.0, Avg: 0.0, Max: 0.0, Diff: 0.0, Sum: 0.1]
      [GC Worker Total (ms): Min: 12.8, Avg: 12.8, Max: 12.8, Diff: 0.0, Sum: 25.6]
      [GC Worker End (ms): Min: 38796.1, Avg: 38796.1, Max: 38796.1, Diff: 0.0]
   [Code Root Fixup: 0.0 ms]
   [Code Root Migration: 0.0 ms]
   [Clear CT: 0.0 ms]
   [Other: 0.2 ms]
      [Choose CSet: 0.0 ms]
      [Ref Proc: 0.0 ms]
      [Ref Enq: 0.0 ms]
      [Free CSet: 0.1 ms]
   [Eden: 19.0M(19.0M)->0.0B(9216.0K) Survivors: 5120.0K->3072.0K Heap: 99.5M(256.0M)->94.0M(256.0M)]
 [Times: user=0.03 sys=0.00, real=0.01 secs] 
2014-07-10T16:13:07.825+0200: 38.810: [GC pause (mixed), 0.0094270 secs]
   [Parallel Time: 9.1 ms, GC Workers: 2]
      [GC Worker Start (ms): Min: 38810.5, Avg: 38810.5, Max: 38810.5, Diff: 0.0]
      [Ext Root Scanning (ms): Min: 1.1, Avg: 1.2, Max: 1.2, Diff: 0.1, Sum: 2.3]
      [Update RS (ms): Min: 0.3, Avg: 0.3, Max: 0.3, Diff: 0.1, Sum: 0.6]
         [Processed Buffers: Min: 2, Avg: 3.0, Max: 4, Diff: 2, Sum: 6]
      [Scan RS (ms): Min: 0.1, Avg: 0.1, Max: 0.1, Diff: 0.0, Sum: 0.2]
      [Code Root Scanning (ms): Min: 0.0, Avg: 0.0, Max: 0.0, Diff: 0.0, Sum: 0.0]
      [Object Copy (ms): Min: 7.5, Avg: 7.5, Max: 7.5, Diff: 0.0, Sum: 15.0]
      [Termination (ms): Min: 0.0, Avg: 0.0, Max: 0.0, Diff: 0.0, Sum: 0.0]
      [GC Worker Other (ms): Min: 0.0, Avg: 0.0, Max: 0.0, Diff: 0.0, Sum: 0.1]
      [GC Worker Total (ms): Min: 9.1, Avg: 9.1, Max: 9.1, Diff: 0.0, Sum: 18.2]
      [GC Worker End (ms): Min: 38819.6, Avg: 38819.6, Max: 38819.6, Diff: 0.0]
   [Code Root Fixup: 0.0 ms]
   [Code Root Migration: 0.0 ms]
   [Clear CT: 0.0 ms]
   [Other: 0.2 ms]
      [Choose CSet: 0.0 ms]
      [Ref Proc: 0.0 ms]
      [Ref Enq: 0.0 ms]
      [Free CSet: 0.1 ms]
   [Eden: 9216.0K(9216.0K)->0.0B(73.0M) Survivors: 3072.0K->2048.0K Heap: 103.0M(256.0M)->98.0M(256.0M)]
 [Times: user=0.00 sys=0.00, real=0.01 secs] 
2014-07-10T16:13:07.961+0200: 38.947: [GC pause (young), 0.0480162 secs]
   [Parallel Time: 47.5 ms, GC Workers: 2]
      [GC Worker Start (ms): Min: 38946.8, Avg: 38946.8, Max: 38946.8, Diff: 0.0]
      [Ext Root Scanning (ms): Min: 0.9, Avg: 0.9, Max: 1.0, Diff: 0.1, Sum: 1.9]
      [Update RS (ms): Min: 0.5, Avg: 0.5, Max: 0.5, Diff: 0.1, Sum: 1.0]
         [Processed Buffers: Min: 1, Avg: 3.0, Max: 5, Diff: 4, Sum: 6]
      [Scan RS (ms): Min: 0.1, Avg: 0.1, Max: 0.1, Diff: 0.0, Sum: 0.2]
      [Code Root Scanning (ms): Min: 0.0, Avg: 0.0, Max: 0.0, Diff: 0.0, Sum: 0.1]
      [Object Copy (ms): Min: 45.9, Avg: 45.9, Max: 45.9, Diff: 0.0, Sum: 91.8]
      [Termination (ms): Min: 0.0, Avg: 0.0, Max: 0.0, Diff: 0.0, Sum: 0.0]
      [GC Worker Other (ms): Min: 0.0, Avg: 0.0, Max: 0.0, Diff: 0.0, Sum: 0.1]
      [GC Worker Total (ms): Min: 47.5, Avg: 47.5, Max: 47.5, Diff: 0.0, Sum: 95.0]
      [GC Worker End (ms): Min: 38994.3, Avg: 38994.3, Max: 38994.3, Diff: 0.0]
   [Code Root Fixup: 0.0 ms]
   [Code Root Migration: 0.0 ms]
   [Clear CT: 0.1 ms]
   [Other: 0.4 ms]
      [Choose CSet: 0.0 ms]
      [Ref Proc: 0.0 ms]
      [Ref Enq: 0.0 ms]
      [Free CSet: 0.1 ms]
   [Eden: 73.0M(73.0M)->0.0B(25.0M) Survivors: 2048.0K->10.0M Heap: 171.0M(256.0M)->179.0M(256.0M)]
 [Times: user=0.08 sys=0.00, real=0.05 secs] 
2014-07-10T16:13:08.051+0200: 39.036: [GC pause (young) (initial-mark), 0.0178594 secs]
   [Parallel Time: 17.4 ms, GC Workers: 2]
      [GC Worker Start (ms): Min: 39036.5, Avg: 39036.5, Max: 39036.5, Diff: 0.0]
      [Ext Root Scanning (ms): Min: 1.1, Avg: 1.1, Max: 1.1, Diff: 0.0, Sum: 2.3]
      [Code Root Marking (ms): Min: 0.1, Avg: 0.1, Max: 0.1, Diff: 0.0, Sum: 0.1]
      [Update RS (ms): Min: 1.0, Avg: 1.0, Max: 1.0, Diff: 0.0, Sum: 1.9]
         [Processed Buffers: Min: 5, Avg: 5.0, Max: 5, Diff: 0, Sum: 10]
      [Scan RS (ms): Min: 0.0, Avg: 0.0, Max: 0.0, Diff: 0.0, Sum: 0.1]
      [Code Root Scanning (ms): Min: 0.0, Avg: 0.0, Max: 0.0, Diff: 0.0, Sum: 0.0]
      [Object Copy (ms): Min: 15.0, Avg: 15.0, Max: 15.1, Diff: 0.0, Sum: 30.1]
      [Termination (ms): Min: 0.0, Avg: 0.0, Max: 0.0, Diff: 0.0, Sum: 0.0]
      [GC Worker Other (ms): Min: 0.0, Avg: 0.0, Max: 0.0, Diff: 0.0, Sum: 0.1]
      [GC Worker Total (ms): Min: 17.3, Avg: 17.3, Max: 17.3, Diff: 0.0, Sum: 34.6]
      [GC Worker End (ms): Min: 39053.8, Avg: 39053.8, Max: 39053.8, Diff: 0.0]
   [Code Root Fixup: 0.0 ms]
   [Code Root Migration: 0.0 ms]
   [Clear CT: 0.0 ms]
   [Other: 0.4 ms]
      [Choose CSet: 0.0 ms]
      [Ref Proc: 0.1 ms]
      [Ref Enq: 0.0 ms]
      [Free CSet: 0.1 ms]
   [Eden: 25.0M(25.0M)->0.0B(17.0M) Survivors: 10.0M->5120.0K Heap: 204.0M(256.0M)->194.5M(256.0M)]
 [Times: user=0.03 sys=0.00, real=0.02 secs] 
2014-07-10T16:13:08.069+0200: 39.055: [GC concurrent-root-region-scan-start]
2014-07-10T16:13:08.069+0200: 39.055: [GC concurrent-root-region-scan-end, 0.0000887 secs]
2014-07-10T16:13:08.069+0200: 39.055: [GC concurrent-mark-start]
2014-07-10T16:13:08.074+0200: 39.059: [GC concurrent-mark-end, 0.0036377 secs]
2014-07-10T16:13:08.074+0200: 39.059: [GC remark 2014-07-10T16:13:08.074+0200: 39.059: [GC ref-proc, 0.0000715 secs], 0.0016516 secs]
 [Times: user=0.00 sys=0.00, real=0.00 secs] 
2014-07-10T16:13:08.076+0200: 39.061: [GC cleanup 195M->77M(256M), 0.0013616 secs]
 [Times: user=0.00 sys=0.00, real=0.00 secs] 
2014-07-10T16:13:08.077+0200: 39.063: [GC concurrent-cleanup-start]
2014-07-10T16:13:08.077+0200: 39.063: [GC concurrent-cleanup-end, 0.0002174 secs]
2014-07-10T16:13:08.103+0200: 39.088: [GC pause (young), 0.0127406 secs]
   [Parallel Time: 11.8 ms, GC Workers: 2]
      [GC Worker Start (ms): Min: 39088.4, Avg: 39088.7, Max: 39088.9, Diff: 0.5]
      [Ext Root Scanning (ms): Min: 0.7, Avg: 0.9, Max: 1.1, Diff: 0.4, Sum: 1.9]
      [Update RS (ms): Min: 0.4, Avg: 0.4, Max: 0.4, Diff: 0.0, Sum: 0.8]
         [Processed Buffers: Min: 2, Avg: 3.5, Max: 5, Diff: 3, Sum: 7]
      [Scan RS (ms): Min: 0.0, Avg: 0.0, Max: 0.1, Diff: 0.1, Sum: 0.1]
      [Code Root Scanning (ms): Min: 0.0, Avg: 0.0, Max: 0.0, Diff: 0.0, Sum: 0.0]
      [Object Copy (ms): Min: 10.0, Avg: 10.0, Max: 10.1, Diff: 0.1, Sum: 20.1]
      [Termination (ms): Min: 0.0, Avg: 0.0, Max: 0.0, Diff: 0.0, Sum: 0.0]
      [GC Worker Other (ms): Min: 0.0, Avg: 0.0, Max: 0.0, Diff: 0.0, Sum: 0.1]
      [GC Worker Total (ms): Min: 11.2, Avg: 11.5, Max: 11.7, Diff: 0.5, Sum: 23.0]
      [GC Worker End (ms): Min: 39100.1, Avg: 39100.1, Max: 39100.2, Diff: 0.0]
   [Code Root Fixup: 0.0 ms]
   [Code Root Migration: 0.0 ms]
   [Clear CT: 0.1 ms]
   [Other: 0.8 ms]
      [Choose CSet: 0.0 ms]
      [Ref Proc: 0.6 ms]
      [Ref Enq: 0.0 ms]
      [Free CSet: 0.1 ms]
   [Eden: 17.0M(17.0M)->0.0B(9216.0K) Survivors: 5120.0K->3072.0K Heap: 93.5M(256.0M)->89.5M(256.0M)]
 [Times: user=0.00 sys=0.00, real=0.01 secs] 
2014-07-10T16:13:08.132+0200: 39.117: [GC pause (mixed), 0.0089919 secs]
   [Parallel Time: 8.3 ms, GC Workers: 2]
      [GC Worker Start (ms): Min: 39117.2, Avg: 39117.2, Max: 39117.2, Diff: 0.0]
      [Ext Root Scanning (ms): Min: 0.9, Avg: 1.0, Max: 1.0, Diff: 0.1, Sum: 2.0]
      [Update RS (ms): Min: 0.3, Avg: 0.3, Max: 0.3, Diff: 0.1, Sum: 0.6]
         [Processed Buffers: Min: 2, Avg: 3.0, Max: 4, Diff: 2, Sum: 6]
      [Scan RS (ms): Min: 0.1, Avg: 0.1, Max: 0.1, Diff: 0.0, Sum: 0.1]
      [Code Root Scanning (ms): Min: 0.0, Avg: 0.0, Max: 0.0, Diff: 0.0, Sum: 0.0]
      [Object Copy (ms): Min: 6.8, Avg: 6.8, Max: 6.8, Diff: 0.0, Sum: 13.7]
      [Termination (ms): Min: 0.0, Avg: 0.0, Max: 0.0, Diff: 0.0, Sum: 0.0]
      [GC Worker Other (ms): Min: 0.0, Avg: 0.0, Max: 0.0, Diff: 0.0, Sum: 0.1]
      [GC Worker Total (ms): Min: 8.2, Avg: 8.2, Max: 8.2, Diff: 0.0, Sum: 16.5]
      [GC Worker End (ms): Min: 39125.5, Avg: 39125.5, Max: 39125.5, Diff: 0.0]
   [Code Root Fixup: 0.0 ms]
   [Code Root Migration: 0.0 ms]
   [Clear CT: 0.1 ms]
   [Other: 0.6 ms]
      [Choose CSet: 0.0 ms]
      [Ref Proc: 0.4 ms]
      [Ref Enq: 0.0 ms]
      [Free CSet: 0.1 ms]
   [Eden: 9216.0K(9216.0K)->0.0B(69.0M) Survivors: 3072.0K->2048.0K Heap: 98.5M(256.0M)->97.5M(256.0M)]
 [Times: user=0.00 sys=0.00, real=0.01 secs] 
2014-07-10T16:13:08.263+0200: 39.248: [GC pause (young), 0.0505056 secs]
   [Parallel Time: 49.9 ms, GC Workers: 2]
      [GC Worker Start (ms): Min: 39248.3, Avg: 39249.4, Max: 39250.5, Diff: 2.2]
      [Ext Root Scanning (ms): Min: 0.0, Avg: 1.1, Max: 2.1, Diff: 2.1, Sum: 2.1]
      [Update RS (ms): Min: 0.4, Avg: 0.4, Max: 0.4, Diff: 0.0, Sum: 0.8]
         [Processed Buffers: Min: 2, Avg: 2.5, Max: 3, Diff: 1, Sum: 5]
      [Scan RS (ms): Min: 0.1, Avg: 0.1, Max: 0.1, Diff: 0.0, Sum: 0.2]
      [Code Root Scanning (ms): Min: 0.0, Avg: 0.1, Max: 0.1, Diff: 0.0, Sum: 0.1]
      [Object Copy (ms): Min: 47.2, Avg: 47.2, Max: 47.3, Diff: 0.1, Sum: 94.5]
      [Termination (ms): Min: 0.0, Avg: 0.0, Max: 0.0, Diff: 0.0, Sum: 0.0]
      [GC Worker Other (ms): Min: 0.0, Avg: 0.0, Max: 0.0, Diff: 0.0, Sum: 0.1]
      [GC Worker Total (ms): Min: 47.8, Avg: 48.8, Max: 49.9, Diff: 2.2, Sum: 97.7]
      [GC Worker End (ms): Min: 39298.2, Avg: 39298.2, Max: 39298.2, Diff: 0.0]
   [Code Root Fixup: 0.0 ms]
   [Code Root Migration: 0.0 ms]
   [Clear CT: 0.1 ms]
   [Other: 0.5 ms]
      [Choose CSet: 0.0 ms]
      [Ref Proc: 0.2 ms]
      [Ref Enq: 0.0 ms]
      [Free CSet: 0.1 ms]
   [Eden: 69.0M(69.0M)->0.0B(27.0M) Survivors: 2048.0K->9216.0K Heap: 166.5M(256.0M)->174.5M(256.0M)]
 [Times: user=0.08 sys=0.00, real=0.05 secs] 
2014-07-10T16:13:08.356+0200: 39.341: [GC pause (young) (initial-mark), 0.0193197 secs]
   [Parallel Time: 18.8 ms, GC Workers: 2]
      [GC Worker Start (ms): Min: 39341.5, Avg: 39341.5, Max: 39341.5, Diff: 0.0]
      [Ext Root Scanning (ms): Min: 1.1, Avg: 1.1, Max: 1.2, Diff: 0.0, Sum: 2.3]
      [Code Root Marking (ms): Min: 0.1, Avg: 0.1, Max: 0.1, Diff: 0.0, Sum: 0.1]
      [Update RS (ms): Min: 0.9, Avg: 1.0, Max: 1.1, Diff: 0.1, Sum: 2.0]
         [Processed Buffers: Min: 4, Avg: 5.0, Max: 6, Diff: 2, Sum: 10]
      [Scan RS (ms): Min: 0.0, Avg: 0.1, Max: 0.1, Diff: 0.0, Sum: 0.1]
      [Code Root Scanning (ms): Min: 0.0, Avg: 0.1, Max: 0.1, Diff: 0.1, Sum: 0.1]
      [Object Copy (ms): Min: 16.4, Avg: 16.4, Max: 16.4, Diff: 0.0, Sum: 32.8]
      [Termination (ms): Min: 0.0, Avg: 0.0, Max: 0.0, Diff: 0.0, Sum: 0.0]
      [GC Worker Other (ms): Min: 0.0, Avg: 0.1, Max: 0.1, Diff: 0.0, Sum: 0.1]
      [GC Worker Total (ms): Min: 18.7, Avg: 18.8, Max: 18.8, Diff: 0.0, Sum: 37.5]
      [GC Worker End (ms): Min: 39360.2, Avg: 39360.2, Max: 39360.3, Diff: 0.0]
   [Code Root Fixup: 0.0 ms]
   [Code Root Migration: 0.0 ms]
   [Clear CT: 0.0 ms]
   [Other: 0.5 ms]
      [Choose CSet: 0.0 ms]
      [Ref Proc: 0.0 ms]
      [Ref Enq: 0.1 ms]
      [Free CSet: 0.1 ms]
   [Eden: 27.0M(27.0M)->0.0B(17.0M) Survivors: 9216.0K->5120.0K Heap: 201.5M(256.0M)->194.0M(256.0M)]
 [Times: user=0.03 sys=0.00, real=0.02 secs] 
2014-07-10T16:13:08.375+0200: 39.361: [GC concurrent-root-region-scan-start]
2014-07-10T16:13:08.376+0200: 39.361: [GC concurrent-root-region-scan-end, 0.0001049 secs]
2014-07-10T16:13:08.376+0200: 39.361: [GC concurrent-mark-start]
2014-07-10T16:13:08.379+0200: 39.364: [GC concurrent-mark-end, 0.0032340 secs]
2014-07-10T16:13:08.379+0200: 39.365: [GC remark 2014-07-10T16:13:08.380+0200: 39.365: [GC ref-proc, 0.0000671 secs], 0.0011116 secs]
 [Times: user=0.00 sys=0.00, real=0.00 secs] 
2014-07-10T16:13:08.381+0200: 39.366: [GC cleanup 195M->79M(256M), 0.0008007 secs]
 [Times: user=0.00 sys=0.00, real=0.00 secs] 
2014-07-10T16:13:08.382+0200: 39.367: [GC concurrent-cleanup-start]
2014-07-10T16:13:08.382+0200: 39.367: [GC concurrent-cleanup-end, 0.0002350 secs]
2014-07-10T16:13:08.405+0200: 39.390: [GC pause (young), 0.0130651 secs]
   [Parallel Time: 12.2 ms, GC Workers: 2]
      [GC Worker Start (ms): Min: 39390.4, Avg: 39390.4, Max: 39390.4, Diff: 0.0]
      [Ext Root Scanning (ms): Min: 1.1, Avg: 1.1, Max: 1.2, Diff: 0.1, Sum: 2.2]
      [Update RS (ms): Min: 0.4, Avg: 0.5, Max: 0.5, Diff: 0.1, Sum: 0.9]
         [Processed Buffers: Min: 2, Avg: 4.0, Max: 6, Diff: 4, Sum: 8]
      [Scan RS (ms): Min: 0.0, Avg: 0.0, Max: 0.0, Diff: 0.0, Sum: 0.1]
      [Code Root Scanning (ms): Min: 0.0, Avg: 0.0, Max: 0.0, Diff: 0.0, Sum: 0.0]
      [Object Copy (ms): Min: 10.5, Avg: 10.5, Max: 10.5, Diff: 0.0, Sum: 21.0]
      [Termination (ms): Min: 0.0, Avg: 0.0, Max: 0.0, Diff: 0.0, Sum: 0.0]
      [GC Worker Other (ms): Min: 0.0, Avg: 0.0, Max: 0.0, Diff: 0.0, Sum: 0.1]
      [GC Worker Total (ms): Min: 12.2, Avg: 12.2, Max: 12.2, Diff: 0.0, Sum: 24.3]
      [GC Worker End (ms): Min: 39402.6, Avg: 39402.6, Max: 39402.6, Diff: 0.0]
   [Code Root Fixup: 0.0 ms]
   [Code Root Migration: 0.0 ms]
   [Clear CT: 0.0 ms]
   [Other: 0.8 ms]
      [Choose CSet: 0.0 ms]
      [Ref Proc: 0.6 ms]
      [Ref Enq: 0.0 ms]
      [Free CSet: 0.1 ms]
   [Eden: 17.0M(17.0M)->0.0B(9216.0K) Survivors: 5120.0K->3072.0K Heap: 95.0M(256.0M)->90.5M(256.0M)]
 [Times: user=0.03 sys=0.00, real=0.01 secs] 
2014-07-10T16:13:08.432+0200: 39.417: [GC pause (mixed), 0.0092529 secs]
   [Parallel Time: 8.9 ms, GC Workers: 2]
      [GC Worker Start (ms): Min: 39417.2, Avg: 39417.2, Max: 39417.2, Diff: 0.0]
      [Ext Root Scanning (ms): Min: 1.0, Avg: 1.0, Max: 1.1, Diff: 0.1, Sum: 2.0]
      [Update RS (ms): Min: 0.2, Avg: 0.3, Max: 0.3, Diff: 0.1, Sum: 0.5]
         [Processed Buffers: Min: 3, Avg: 3.5, Max: 4, Diff: 1, Sum: 7]
      [Scan RS (ms): Min: 0.1, Avg: 0.1, Max: 0.1, Diff: 0.0, Sum: 0.2]
      [Code Root Scanning (ms): Min: 0.0, Avg: 0.0, Max: 0.0, Diff: 0.0, Sum: 0.0]
      [Object Copy (ms): Min: 7.4, Avg: 7.4, Max: 7.5, Diff: 0.0, Sum: 14.9]
      [Termination (ms): Min: 0.0, Avg: 0.0, Max: 0.0, Diff: 0.0, Sum: 0.0]
      [GC Worker Other (ms): Min: 0.0, Avg: 0.0, Max: 0.0, Diff: 0.0, Sum: 0.0]
      [GC Worker Total (ms): Min: 8.9, Avg: 8.9, Max: 8.9, Diff: 0.0, Sum: 17.7]
      [GC Worker End (ms): Min: 39426.1, Avg: 39426.1, Max: 39426.1, Diff: 0.0]
   [Code Root Fixup: 0.0 ms]
   [Code Root Migration: 0.0 ms]
   [Clear CT: 0.0 ms]
   [Other: 0.3 ms]
      [Choose CSet: 0.0 ms]
      [Ref Proc: 0.1 ms]
      [Ref Enq: 0.0 ms]
      [Free CSet: 0.1 ms]
   [Eden: 9216.0K(9216.0K)->0.0B(68.0M) Survivors: 3072.0K->2048.0K Heap: 99.5M(256.0M)->94.5M(256.0M)]
 [Times: user=0.00 sys=0.00, real=0.01 secs] 
2014-07-10T16:13:08.552+0200: 39.537: [GC pause (young), 0.0453677 secs]
   [Parallel Time: 44.9 ms, GC Workers: 2]
      [GC Worker Start (ms): Min: 39537.4, Avg: 39537.4, Max: 39537.4, Diff: 0.0]
      [Ext Root Scanning (ms): Min: 1.1, Avg: 1.1, Max: 1.1, Diff: 0.0, Sum: 2.2]
      [Update RS (ms): Min: 0.4, Avg: 0.4, Max: 0.5, Diff: 0.0, Sum: 0.9]
         [Processed Buffers: Min: 1, Avg: 2.5, Max: 4, Diff: 3, Sum: 5]
      [Scan RS (ms): Min: 0.1, Avg: 0.1, Max: 0.1, Diff: 0.0, Sum: 0.2]
      [Code Root Scanning (ms): Min: 0.0, Avg: 0.0, Max: 0.1, Diff: 0.0, Sum: 0.1]
      [Object Copy (ms): Min: 43.2, Avg: 43.2, Max: 43.2, Diff: 0.0, Sum: 86.3]
      [Termination (ms): Min: 0.0, Avg: 0.0, Max: 0.0, Diff: 0.0, Sum: 0.0]
      [GC Worker Other (ms): Min: 0.0, Avg: 0.0, Max: 0.0, Diff: 0.0, Sum: 0.1]
      [GC Worker Total (ms): Min: 44.9, Avg: 44.9, Max: 44.9, Diff: 0.0, Sum: 89.8]
      [GC Worker End (ms): Min: 39582.3, Avg: 39582.3, Max: 39582.3, Diff: 0.0]
   [Code Root Fixup: 0.0 ms]
   [Code Root Migration: 0.0 ms]
   [Clear CT: 0.1 ms]
   [Other: 0.4 ms]
      [Choose CSet: 0.0 ms]
      [Ref Proc: 0.0 ms]
      [Ref Enq: 0.0 ms]
      [Free CSet: 0.1 ms]
   [Eden: 68.0M(68.0M)->0.0B(30.0M) Survivors: 2048.0K->9216.0K Heap: 162.5M(256.0M)->168.5M(256.0M)]
 [Times: user=0.09 sys=0.00, real=0.04 secs] 
2014-07-10T16:13:08.646+0200: 39.631: [GC pause (young) (initial-mark), 0.0210846 secs]
   [Parallel Time: 20.6 ms, GC Workers: 2]
      [GC Worker Start (ms): Min: 39631.6, Avg: 39631.6, Max: 39631.6, Diff: 0.0]
      [Ext Root Scanning (ms): Min: 1.1, Avg: 1.2, Max: 1.2, Diff: 0.1, Sum: 2.3]
      [Code Root Marking (ms): Min: 0.1, Avg: 0.1, Max: 0.1, Diff: 0.0, Sum: 0.1]
      [Update RS (ms): Min: 0.9, Avg: 1.0, Max: 1.0, Diff: 0.0, Sum: 1.9]
         [Processed Buffers: Min: 4, Avg: 4.5, Max: 5, Diff: 1, Sum: 9]
      [Scan RS (ms): Min: 0.1, Avg: 0.1, Max: 0.1, Diff: 0.0, Sum: 0.1]
      [Code Root Scanning (ms): Min: 0.0, Avg: 0.0, Max: 0.0, Diff: 0.0, Sum: 0.1]
      [Object Copy (ms): Min: 18.2, Avg: 18.2, Max: 18.2, Diff: 0.0, Sum: 36.4]
      [Termination (ms): Min: 0.0, Avg: 0.0, Max: 0.0, Diff: 0.0, Sum: 0.0]
      [GC Worker Other (ms): Min: 0.0, Avg: 0.0, Max: 0.0, Diff: 0.0, Sum: 0.1]
      [GC Worker Total (ms): Min: 20.5, Avg: 20.5, Max: 20.5, Diff: 0.0, Sum: 41.1]
      [GC Worker End (ms): Min: 39652.1, Avg: 39652.1, Max: 39652.1, Diff: 0.0]
   [Code Root Fixup: 0.0 ms]
   [Code Root Migration: 0.0 ms]
   [Clear CT: 0.1 ms]
   [Other: 0.4 ms]
      [Choose CSet: 0.0 ms]
      [Ref Proc: 0.1 ms]
      [Ref Enq: 0.0 ms]
      [Free CSet: 0.1 ms]
   [Eden: 30.0M(30.0M)->0.0B(19.0M) Survivors: 9216.0K->5120.0K Heap: 198.5M(256.0M)->190.5M(256.0M)]
 [Times: user=0.06 sys=0.00, real=0.02 secs] 
2014-07-10T16:13:08.667+0200: 39.653: [GC concurrent-root-region-scan-start]
2014-07-10T16:13:08.667+0200: 39.653: [GC concurrent-root-region-scan-end, 0.0000880 secs]
2014-07-10T16:13:08.667+0200: 39.653: [GC concurrent-mark-start]
2014-07-10T16:13:08.671+0200: 39.657: [GC concurrent-mark-end, 0.0037898 secs]
2014-07-10T16:13:08.671+0200: 39.657: [GC remark 2014-07-10T16:13:08.672+0200: 39.657: [GC ref-proc, 0.0000675 secs], 0.0014034 secs]
 [Times: user=0.00 sys=0.00, real=0.00 secs] 
2014-07-10T16:13:08.673+0200: 39.659: [GC cleanup 193M->96M(256M), 0.0012308 secs]
 [Times: user=0.00 sys=0.00, real=0.00 secs] 
2014-07-10T16:13:08.674+0200: 39.660: [GC concurrent-cleanup-start]
2014-07-10T16:13:08.674+0200: 39.660: [GC concurrent-cleanup-end, 0.0001478 secs]
2014-07-10T16:13:08.703+0200: 39.688: [GC pause (young), 0.0137026 secs]
   [Parallel Time: 13.4 ms, GC Workers: 2]
      [GC Worker Start (ms): Min: 39688.2, Avg: 39688.2, Max: 39688.2, Diff: 0.0]
      [Ext Root Scanning (ms): Min: 1.0, Avg: 1.1, Max: 1.1, Diff: 0.0, Sum: 2.1]
      [Update RS (ms): Min: 0.5, Avg: 0.5, Max: 0.5, Diff: 0.0, Sum: 1.0]
         [Processed Buffers: Min: 2, Avg: 4.0, Max: 6, Diff: 4, Sum: 8]
      [Scan RS (ms): Min: 0.0, Avg: 0.0, Max: 0.0, Diff: 0.0, Sum: 0.1]
      [Code Root Scanning (ms): Min: 0.0, Avg: 0.0, Max: 0.0, Diff: 0.0, Sum: 0.0]
      [Object Copy (ms): Min: 11.7, Avg: 11.7, Max: 11.7, Diff: 0.0, Sum: 23.4]
      [Termination (ms): Min: 0.0, Avg: 0.0, Max: 0.0, Diff: 0.0, Sum: 0.0]
      [GC Worker Other (ms): Min: 0.0, Avg: 0.0, Max: 0.0, Diff: 0.0, Sum: 0.1]
      [GC Worker Total (ms): Min: 13.3, Avg: 13.3, Max: 13.3, Diff: 0.0, Sum: 26.6]
      [GC Worker End (ms): Min: 39701.5, Avg: 39701.5, Max: 39701.5, Diff: 0.0]
   [Code Root Fixup: 0.0 ms]
   [Code Root Migration: 0.0 ms]
   [Clear CT: 0.0 ms]
   [Other: 0.3 ms]
      [Choose CSet: 0.0 ms]
      [Ref Proc: 0.1 ms]
      [Ref Enq: 0.0 ms]
      [Free CSet: 0.1 ms]
   [Eden: 19.0M(19.0M)->0.0B(9216.0K) Survivors: 5120.0K->3072.0K Heap: 112.5M(256.0M)->108.0M(256.0M)]
 [Times: user=0.01 sys=0.00, real=0.01 secs] 
2014-07-10T16:13:08.730+0200: 39.715: [GC pause (mixed), 0.0100686 secs]
   [Parallel Time: 9.7 ms, GC Workers: 2]
      [GC Worker Start (ms): Min: 39715.4, Avg: 39715.4, Max: 39715.4, Diff: 0.0]
      [Ext Root Scanning (ms): Min: 1.1, Avg: 1.1, Max: 1.1, Diff: 0.1, Sum: 2.2]
      [Update RS (ms): Min: 0.3, Avg: 0.3, Max: 0.4, Diff: 0.1, Sum: 0.7]
         [Processed Buffers: Min: 2, Avg: 3.5, Max: 5, Diff: 3, Sum: 7]
      [Scan RS (ms): Min: 0.1, Avg: 0.1, Max: 0.1, Diff: 0.0, Sum: 0.2]
      [Code Root Scanning (ms): Min: 0.0, Avg: 0.0, Max: 0.0, Diff: 0.0, Sum: 0.0]
      [Object Copy (ms): Min: 8.0, Avg: 8.0, Max: 8.0, Diff: 0.0, Sum: 16.1]
      [Termination (ms): Min: 0.0, Avg: 0.0, Max: 0.0, Diff: 0.0, Sum: 0.0]
      [GC Worker Other (ms): Min: 0.0, Avg: 0.0, Max: 0.0, Diff: 0.0, Sum: 0.1]
      [GC Worker Total (ms): Min: 9.6, Avg: 9.6, Max: 9.6, Diff: 0.0, Sum: 19.3]
      [GC Worker End (ms): Min: 39725.0, Avg: 39725.0, Max: 39725.0, Diff: 0.0]
   [Code Root Fixup: 0.0 ms]
   [Code Root Migration: 0.0 ms]
   [Clear CT: 0.1 ms]
   [Other: 0.3 ms]
      [Choose CSet: 0.0 ms]
      [Ref Proc: 0.0 ms]
      [Ref Enq: 0.0 ms]
      [Free CSet: 0.1 ms]
   [Eden: 9216.0K(9216.0K)->0.0B(64.0M) Survivors: 3072.0K->2048.0K Heap: 117.0M(256.0M)->101.0M(256.0M)]
 [Times: user=0.03 sys=0.00, real=0.01 secs] 
2014-07-10T16:13:08.845+0200: 39.830: [GC pause (young), 0.0424376 secs]
   [Parallel Time: 41.9 ms, GC Workers: 2]
      [GC Worker Start (ms): Min: 39830.5, Avg: 39830.5, Max: 39830.5, Diff: 0.0]
      [Ext Root Scanning (ms): Min: 1.0, Avg: 1.0, Max: 1.0, Diff: 0.0, Sum: 1.9]
      [Update RS (ms): Min: 0.4, Avg: 0.4, Max: 0.4, Diff: 0.1, Sum: 0.8]
         [Processed Buffers: Min: 1, Avg: 3.0, Max: 5, Diff: 4, Sum: 6]
      [Scan RS (ms): Min: 0.2, Avg: 0.2, Max: 0.2, Diff: 0.0, Sum: 0.3]
      [Code Root Scanning (ms): Min: 0.0, Avg: 0.1, Max: 0.1, Diff: 0.1, Sum: 0.1]
      [Object Copy (ms): Min: 40.2, Avg: 40.2, Max: 40.2, Diff: 0.0, Sum: 80.5]
      [Termination (ms): Min: 0.0, Avg: 0.0, Max: 0.0, Diff: 0.0, Sum: 0.0]
      [GC Worker Other (ms): Min: 0.0, Avg: 0.0, Max: 0.0, Diff: 0.0, Sum: 0.1]
      [GC Worker Total (ms): Min: 41.9, Avg: 41.9, Max: 41.9, Diff: 0.0, Sum: 83.8]
      [GC Worker End (ms): Min: 39872.4, Avg: 39872.4, Max: 39872.4, Diff: 0.0]
   [Code Root Fixup: 0.0 ms]
   [Code Root Migration: 0.0 ms]
   [Clear CT: 0.1 ms]
   [Other: 0.4 ms]
      [Choose CSet: 0.0 ms]
      [Ref Proc: 0.0 ms]
      [Ref Enq: 0.0 ms]
      [Free CSet: 0.1 ms]
   [Eden: 64.0M(64.0M)->0.0B(28.0M) Survivors: 2048.0K->9216.0K Heap: 165.0M(256.0M)->172.0M(256.0M)]
 [Times: user=0.09 sys=0.00, real=0.04 secs] 
2014-07-10T16:13:08.933+0200: 39.918: [GC pause (young) (initial-mark), 0.0191430 secs]
   [Parallel Time: 18.7 ms, GC Workers: 2]
      [GC Worker Start (ms): Min: 39918.4, Avg: 39918.4, Max: 39918.4, Diff: 0.0]
      [Ext Root Scanning (ms): Min: 1.1, Avg: 1.1, Max: 1.1, Diff: 0.0, Sum: 2.2]
      [Code Root Marking (ms): Min: 0.1, Avg: 0.1, Max: 0.1, Diff: 0.0, Sum: 0.1]
      [Update RS (ms): Min: 0.9, Avg: 0.9, Max: 0.9, Diff: 0.0, Sum: 1.7]
         [Processed Buffers: Min: 4, Avg: 5.0, Max: 6, Diff: 2, Sum: 10]
      [Scan RS (ms): Min: 0.0, Avg: 0.0, Max: 0.1, Diff: 0.0, Sum: 0.1]
      [Code Root Scanning (ms): Min: 0.0, Avg: 0.0, Max: 0.0, Diff: 0.0, Sum: 0.1]
      [Object Copy (ms): Min: 16.5, Avg: 16.5, Max: 16.5, Diff: 0.0, Sum: 33.0]
      [Termination (ms): Min: 0.0, Avg: 0.0, Max: 0.0, Diff: 0.0, Sum: 0.0]
      [GC Worker Other (ms): Min: 0.0, Avg: 0.0, Max: 0.0, Diff: 0.0, Sum: 0.1]
      [GC Worker Total (ms): Min: 18.6, Avg: 18.6, Max: 18.6, Diff: 0.0, Sum: 37.3]
      [GC Worker End (ms): Min: 39937.0, Avg: 39937.0, Max: 39937.0, Diff: 0.0]
   [Code Root Fixup: 0.0 ms]
   [Code Root Migration: 0.0 ms]
   [Clear CT: 0.0 ms]
   [Other: 0.3 ms]
      [Choose CSet: 0.0 ms]
      [Ref Proc: 0.1 ms]
      [Ref Enq: 0.0 ms]
      [Free CSet: 0.1 ms]
   [Eden: 28.0M(28.0M)->0.0B(19.0M) Survivors: 9216.0K->5120.0K Heap: 200.0M(256.0M)->190.0M(256.0M)]
 [Times: user=0.03 sys=0.00, real=0.02 secs] 
2014-07-10T16:13:08.952+0200: 39.938: [GC concurrent-root-region-scan-start]
2014-07-10T16:13:08.952+0200: 39.938: [GC concurrent-root-region-scan-end, 0.0000876 secs]
2014-07-10T16:13:08.952+0200: 39.938: [GC concurrent-mark-start]
2014-07-10T16:13:08.956+0200: 39.941: [GC concurrent-mark-end, 0.0034426 secs]
2014-07-10T16:13:08.957+0200: 39.942: [GC remark 2014-07-10T16:13:08.957+0200: 39.942: [GC ref-proc, 0.0000682 secs], 0.0021143 secs]
 [Times: user=0.02 sys=0.00, real=0.00 secs] 
2014-07-10T16:13:08.959+0200: 39.945: [GC cleanup 194M->98M(256M), 0.0009012 secs]
 [Times: user=0.00 sys=0.00, real=0.00 secs] 
2014-07-10T16:13:08.960+0200: 39.946: [GC concurrent-cleanup-start]
2014-07-10T16:13:08.960+0200: 39.946: [GC concurrent-cleanup-end, 0.0001426 secs]
2014-07-10T16:13:08.984+0200: 39.969: [GC pause (young), 0.0132938 secs]
   [Parallel Time: 13.0 ms, GC Workers: 2]
      [GC Worker Start (ms): Min: 39969.3, Avg: 39969.3, Max: 39969.3, Diff: 0.0]
      [Ext Root Scanning (ms): Min: 1.0, Avg: 1.1, Max: 1.1, Diff: 0.1, Sum: 2.2]
      [Update RS (ms): Min: 0.3, Avg: 0.4, Max: 0.5, Diff: 0.2, Sum: 0.8]
         [Processed Buffers: Min: 2, Avg: 3.0, Max: 4, Diff: 2, Sum: 6]
      [Scan RS (ms): Min: 0.0, Avg: 0.0, Max: 0.1, Diff: 0.1, Sum: 0.1]
      [Code Root Scanning (ms): Min: 0.0, Avg: 0.0, Max: 0.0, Diff: 0.0, Sum: 0.0]
      [Object Copy (ms): Min: 11.3, Avg: 11.3, Max: 11.3, Diff: 0.0, Sum: 22.6]
      [Termination (ms): Min: 0.0, Avg: 0.1, Max: 0.1, Diff: 0.1, Sum: 0.1]
      [GC Worker Other (ms): Min: 0.0, Avg: 0.0, Max: 0.0, Diff: 0.0, Sum: 0.1]
      [GC Worker Total (ms): Min: 12.9, Avg: 12.9, Max: 13.0, Diff: 0.1, Sum: 25.9]
      [GC Worker End (ms): Min: 39982.1, Avg: 39982.2, Max: 39982.3, Diff: 0.1]
   [Code Root Fixup: 0.0 ms]
   [Code Root Migration: 0.0 ms]
   [Clear CT: 0.0 ms]
   [Other: 0.2 ms]
      [Choose CSet: 0.0 ms]
      [Ref Proc: 0.0 ms]
      [Ref Enq: 0.0 ms]
      [Free CSet: 0.1 ms]
   [Eden: 19.0M(19.0M)->0.0B(9216.0K) Survivors: 5120.0K->3072.0K Heap: 113.0M(256.0M)->108.5M(256.0M)]
 [Times: user=0.03 sys=0.00, real=0.01 secs] 
2014-07-10T16:13:09.010+0200: 39.995: [GC pause (mixed), 0.0099609 secs]
   [Parallel Time: 9.4 ms, GC Workers: 2]
      [GC Worker Start (ms): Min: 39995.4, Avg: 39995.4, Max: 39995.4, Diff: 0.0]
      [Ext Root Scanning (ms): Min: 1.1, Avg: 1.1, Max: 1.1, Diff: 0.0, Sum: 2.2]
      [Update RS (ms): Min: 0.3, Avg: 0.3, Max: 0.3, Diff: 0.0, Sum: 0.6]
         [Processed Buffers: Min: 2, Avg: 2.5, Max: 3, Diff: 1, Sum: 5]
      [Scan RS (ms): Min: 0.1, Avg: 0.1, Max: 0.1, Diff: 0.0, Sum: 0.3]
      [Code Root Scanning (ms): Min: 0.0, Avg: 0.0, Max: 0.0, Diff: 0.0, Sum: 0.0]
      [Object Copy (ms): Min: 7.8, Avg: 7.8, Max: 7.8, Diff: 0.0, Sum: 15.6]
      [Termination (ms): Min: 0.0, Avg: 0.0, Max: 0.0, Diff: 0.0, Sum: 0.0]
      [GC Worker Other (ms): Min: 0.0, Avg: 0.0, Max: 0.0, Diff: 0.0, Sum: 0.1]
      [GC Worker Total (ms): Min: 9.4, Avg: 9.4, Max: 9.4, Diff: 0.0, Sum: 18.8]
      [GC Worker End (ms): Min: 40004.8, Avg: 40004.8, Max: 40004.8, Diff: 0.0]
   [Code Root Fixup: 0.0 ms]
   [Code Root Migration: 0.0 ms]
   [Clear CT: 0.2 ms]
   [Other: 0.3 ms]
      [Choose CSet: 0.0 ms]
      [Ref Proc: 0.0 ms]
      [Ref Enq: 0.0 ms]
      [Free CSet: 0.2 ms]
   [Eden: 9216.0K(9216.0K)->0.0B(70.0M) Survivors: 3072.0K->2048.0K Heap: 117.5M(256.0M)->98.5M(256.0M)]
 [Times: user=0.00 sys=0.00, real=0.01 secs] 
2014-07-10T16:13:09.135+0200: 40.120: [GC pause (young), 0.0469328 secs]
   [Parallel Time: 46.4 ms, GC Workers: 2]
      [GC Worker Start (ms): Min: 40120.4, Avg: 40120.4, Max: 40120.4, Diff: 0.0]
      [Ext Root Scanning (ms): Min: 1.1, Avg: 1.1, Max: 1.1, Diff: 0.0, Sum: 2.2]
      [Update RS (ms): Min: 0.5, Avg: 0.5, Max: 0.5, Diff: 0.1, Sum: 1.0]
         [Processed Buffers: Min: 1, Avg: 2.5, Max: 4, Diff: 3, Sum: 5]
      [Scan RS (ms): Min: 0.1, Avg: 0.1, Max: 0.1, Diff: 0.1, Sum: 0.2]
      [Code Root Scanning (ms): Min: 0.0, Avg: 0.0, Max: 0.1, Diff: 0.0, Sum: 0.1]
      [Object Copy (ms): Min: 44.5, Avg: 44.5, Max: 44.5, Diff: 0.0, Sum: 89.1]
      [Termination (ms): Min: 0.0, Avg: 0.0, Max: 0.0, Diff: 0.0, Sum: 0.0]
      [GC Worker Other (ms): Min: 0.0, Avg: 0.0, Max: 0.0, Diff: 0.0, Sum: 0.1]
      [GC Worker Total (ms): Min: 46.3, Avg: 46.3, Max: 46.3, Diff: 0.0, Sum: 92.7]
      [GC Worker End (ms): Min: 40166.8, Avg: 40166.8, Max: 40166.8, Diff: 0.0]
   [Code Root Fixup: 0.0 ms]
   [Code Root Migration: 0.0 ms]
   [Clear CT: 0.1 ms]
   [Other: 0.5 ms]
      [Choose CSet: 0.0 ms]
      [Ref Proc: 0.2 ms]
      [Ref Enq: 0.0 ms]
      [Free CSet: 0.1 ms]
   [Eden: 70.0M(70.0M)->0.0B(25.0M) Survivors: 2048.0K->9216.0K Heap: 168.5M(256.0M)->178.0M(256.0M)]
 [Times: user=0.09 sys=0.00, real=0.05 secs] 
2014-07-10T16:13:09.222+0200: 40.207: [GC pause (young) (initial-mark), 0.0171313 secs]
   [Parallel Time: 16.7 ms, GC Workers: 2]
      [GC Worker Start (ms): Min: 40207.5, Avg: 40207.5, Max: 40207.5, Diff: 0.0]
      [Ext Root Scanning (ms): Min: 1.1, Avg: 1.1, Max: 1.1, Diff: 0.0, Sum: 2.2]
      [Code Root Marking (ms): Min: 0.1, Avg: 0.1, Max: 0.1, Diff: 0.0, Sum: 0.1]
      [Update RS (ms): Min: 0.9, Avg: 0.9, Max: 0.9, Diff: 0.0, Sum: 1.9]
         [Processed Buffers: Min: 4, Avg: 5.5, Max: 7, Diff: 3, Sum: 11]
      [Scan RS (ms): Min: 0.0, Avg: 0.0, Max: 0.0, Diff: 0.0, Sum: 0.1]
      [Code Root Scanning (ms): Min: 0.0, Avg: 0.0, Max: 0.0, Diff: 0.0, Sum: 0.0]
      [Object Copy (ms): Min: 14.4, Avg: 14.4, Max: 14.4, Diff: 0.0, Sum: 28.8]
      [Termination (ms): Min: 0.0, Avg: 0.0, Max: 0.0, Diff: 0.0, Sum: 0.0]
      [GC Worker Other (ms): Min: 0.0, Avg: 0.0, Max: 0.0, Diff: 0.0, Sum: 0.1]
      [GC Worker Total (ms): Min: 16.6, Avg: 16.6, Max: 16.6, Diff: 0.0, Sum: 33.2]
      [GC Worker End (ms): Min: 40224.1, Avg: 40224.1, Max: 40224.1, Diff: 0.0]
   [Code Root Fixup: 0.0 ms]
   [Code Root Migration: 0.0 ms]
   [Clear CT: 0.1 ms]
   [Other: 0.4 ms]
      [Choose CSet: 0.0 ms]
      [Ref Proc: 0.1 ms]
      [Ref Enq: 0.0 ms]
      [Free CSet: 0.1 ms]
   [Eden: 25.0M(25.0M)->0.0B(17.0M) Survivors: 9216.0K->5120.0K Heap: 203.0M(256.0M)->194.0M(256.0M)]
 [Times: user=0.03 sys=0.00, real=0.02 secs] 
2014-07-10T16:13:09.239+0200: 40.225: [GC concurrent-root-region-scan-start]
2014-07-10T16:13:09.239+0200: 40.225: [GC concurrent-root-region-scan-end, 0.0000862 secs]
2014-07-10T16:13:09.239+0200: 40.225: [GC concurrent-mark-start]
2014-07-10T16:13:09.245+0200: 40.231: [GC concurrent-mark-end, 0.0057641 secs]
2014-07-10T16:13:09.245+0200: 40.231: [GC remark 2014-07-10T16:13:09.245+0200: 40.231: [GC ref-proc, 0.0001181 secs], 0.0009877 secs]
 [Times: user=0.00 sys=0.00, real=0.00 secs] 
2014-07-10T16:13:09.247+0200: 40.232: [GC cleanup 198M->88M(256M), 0.0008814 secs]
 [Times: user=0.00 sys=0.00, real=0.00 secs] 
2014-07-10T16:13:09.248+0200: 40.233: [GC concurrent-cleanup-start]
2014-07-10T16:13:09.248+0200: 40.233: [GC concurrent-cleanup-end, 0.0002049 secs]
2014-07-10T16:13:09.266+0200: 40.251: [GC pause (young), 0.0136271 secs]
   [Parallel Time: 12.4 ms, GC Workers: 2]
      [GC Worker Start (ms): Min: 40251.3, Avg: 40251.4, Max: 40251.4, Diff: 0.0]
      [Ext Root Scanning (ms): Min: 1.1, Avg: 1.1, Max: 1.1, Diff: 0.0, Sum: 2.2]
      [Update RS (ms): Min: 0.4, Avg: 0.4, Max: 0.4, Diff: 0.1, Sum: 0.8]
         [Processed Buffers: Min: 2, Avg: 3.5, Max: 5, Diff: 3, Sum: 7]
      [Scan RS (ms): Min: 0.0, Avg: 0.0, Max: 0.1, Diff: 0.0, Sum: 0.1]
      [Code Root Scanning (ms): Min: 0.0, Avg: 0.0, Max: 0.0, Diff: 0.0, Sum: 0.0]
      [Object Copy (ms): Min: 10.8, Avg: 10.8, Max: 10.8, Diff: 0.0, Sum: 21.5]
      [Termination (ms): Min: 0.0, Avg: 0.0, Max: 0.0, Diff: 0.0, Sum: 0.0]
      [GC Worker Other (ms): Min: 0.0, Avg: 0.0, Max: 0.0, Diff: 0.0, Sum: 0.1]
      [GC Worker Total (ms): Min: 12.3, Avg: 12.3, Max: 12.3, Diff: 0.0, Sum: 24.7]
      [GC Worker End (ms): Min: 40263.7, Avg: 40263.7, Max: 40263.7, Diff: 0.0]
   [Code Root Fixup: 0.0 ms]
   [Code Root Migration: 0.0 ms]
   [Clear CT: 0.0 ms]
   [Other: 1.2 ms]
      [Choose CSet: 0.0 ms]
      [Ref Proc: 1.0 ms]
      [Ref Enq: 0.0 ms]
      [Free CSet: 0.1 ms]
   [Eden: 17.0M(17.0M)->0.0B(9216.0K) Survivors: 5120.0K->3072.0K Heap: 101.0M(256.0M)->99.5M(256.0M)]
 [Times: user=0.03 sys=0.00, real=0.01 secs] 
2014-07-10T16:13:09.294+0200: 40.279: [GC pause (mixed), 0.0092008 secs]
   [Parallel Time: 8.8 ms, GC Workers: 2]
      [GC Worker Start (ms): Min: 40279.3, Avg: 40279.3, Max: 40279.3, Diff: 0.0]
      [Ext Root Scanning (ms): Min: 1.1, Avg: 1.1, Max: 1.2, Diff: 0.0, Sum: 2.3]
      [Update RS (ms): Min: 0.3, Avg: 0.3, Max: 0.3, Diff: 0.1, Sum: 0.6]
         [Processed Buffers: Min: 1, Avg: 3.0, Max: 5, Diff: 4, Sum: 6]
      [Scan RS (ms): Min: 0.1, Avg: 0.1, Max: 0.1, Diff: 0.0, Sum: 0.2]
      [Code Root Scanning (ms): Min: 0.0, Avg: 0.0, Max: 0.0, Diff: 0.0, Sum: 0.0]
      [Object Copy (ms): Min: 7.2, Avg: 7.2, Max: 7.2, Diff: 0.0, Sum: 14.4]
      [Termination (ms): Min: 0.0, Avg: 0.0, Max: 0.0, Diff: 0.0, Sum: 0.0]
      [GC Worker Other (ms): Min: 0.0, Avg: 0.0, Max: 0.0, Diff: 0.0, Sum: 0.1]
      [GC Worker Total (ms): Min: 8.8, Avg: 8.8, Max: 8.8, Diff: 0.0, Sum: 17.6]
      [GC Worker End (ms): Min: 40288.1, Avg: 40288.1, Max: 40288.1, Diff: 0.0]
   [Code Root Fixup: 0.0 ms]
   [Code Root Migration: 0.0 ms]
   [Clear CT: 0.1 ms]
   [Other: 0.3 ms]
      [Choose CSet: 0.0 ms]
      [Ref Proc: 0.0 ms]
      [Ref Enq: 0.0 ms]
      [Free CSet: 0.1 ms]
   [Eden: 9216.0K(9216.0K)->0.0B(72.0M) Survivors: 3072.0K->2048.0K Heap: 108.5M(256.0M)->95.0M(256.0M)]
 [Times: user=0.03 sys=0.00, real=0.01 secs] 
2014-07-10T16:13:09.421+0200: 40.407: [GC pause (young), 0.0477427 secs]
   [Parallel Time: 47.2 ms, GC Workers: 2]
      [GC Worker Start (ms): Min: 40406.6, Avg: 40406.6, Max: 40406.6, Diff: 0.0]
      [Ext Root Scanning (ms): Min: 1.1, Avg: 1.1, Max: 1.1, Diff: 0.0, Sum: 2.2]
      [Update RS (ms): Min: 0.4, Avg: 0.4, Max: 0.4, Diff: 0.0, Sum: 0.8]
         [Processed Buffers: Min: 2, Avg: 3.0, Max: 4, Diff: 2, Sum: 6]
      [Scan RS (ms): Min: 0.1, Avg: 0.1, Max: 0.1, Diff: 0.0, Sum: 0.2]
      [Code Root Scanning (ms): Min: 0.0, Avg: 0.0, Max: 0.0, Diff: 0.0, Sum: 0.1]
      [Object Copy (ms): Min: 45.5, Avg: 45.5, Max: 45.5, Diff: 0.0, Sum: 91.0]
      [Termination (ms): Min: 0.0, Avg: 0.0, Max: 0.0, Diff: 0.0, Sum: 0.0]
      [GC Worker Other (ms): Min: 0.0, Avg: 0.0, Max: 0.0, Diff: 0.0, Sum: 0.1]
      [GC Worker Total (ms): Min: 47.2, Avg: 47.2, Max: 47.2, Diff: 0.0, Sum: 94.4]
      [GC Worker End (ms): Min: 40453.8, Avg: 40453.8, Max: 40453.8, Diff: 0.0]
   [Code Root Fixup: 0.0 ms]
   [Code Root Migration: 0.0 ms]
   [Clear CT: 0.1 ms]
   [Other: 0.4 ms]
      [Choose CSet: 0.0 ms]
      [Ref Proc: 0.0 ms]
      [Ref Enq: 0.0 ms]
      [Free CSet: 0.2 ms]
   [Eden: 72.0M(72.0M)->0.0B(26.0M) Survivors: 2048.0K->10.0M Heap: 167.0M(256.0M)->176.0M(256.0M)]
 [Times: user=0.09 sys=0.00, real=0.05 secs] 
2014-07-10T16:13:09.510+0200: 40.495: [GC pause (young) (initial-mark), 0.0180853 secs]
   [Parallel Time: 17.7 ms, GC Workers: 2]
      [GC Worker Start (ms): Min: 40495.6, Avg: 40495.6, Max: 40495.6, Diff: 0.0]
      [Ext Root Scanning (ms): Min: 1.1, Avg: 1.1, Max: 1.1, Diff: 0.0, Sum: 2.2]
      [Code Root Marking (ms): Min: 0.1, Avg: 0.1, Max: 0.1, Diff: 0.0, Sum: 0.1]
      [Update RS (ms): Min: 0.9, Avg: 0.9, Max: 1.0, Diff: 0.0, Sum: 1.9]
         [Processed Buffers: Min: 5, Avg: 5.5, Max: 6, Diff: 1, Sum: 11]
      [Scan RS (ms): Min: 0.0, Avg: 0.0, Max: 0.1, Diff: 0.0, Sum: 0.1]
      [Code Root Scanning (ms): Min: 0.0, Avg: 0.0, Max: 0.0, Diff: 0.0, Sum: 0.0]
      [Object Copy (ms): Min: 15.4, Avg: 15.4, Max: 15.4, Diff: 0.0, Sum: 30.9]
      [Termination (ms): Min: 0.0, Avg: 0.0, Max: 0.0, Diff: 0.0, Sum: 0.0]
      [GC Worker Other (ms): Min: 0.0, Avg: 0.0, Max: 0.0, Diff: 0.0, Sum: 0.1]
      [GC Worker Total (ms): Min: 17.7, Avg: 17.7, Max: 17.7, Diff: 0.0, Sum: 35.4]
      [GC Worker End (ms): Min: 40513.3, Avg: 40513.3, Max: 40513.3, Diff: 0.0]
   [Code Root Fixup: 0.0 ms]
   [Code Root Migration: 0.0 ms]
   [Clear CT: 0.0 ms]
   [Other: 0.3 ms]
      [Choose CSet: 0.0 ms]
      [Ref Proc: 0.0 ms]
      [Ref Enq: 0.0 ms]
      [Free CSet: 0.1 ms]
   [Eden: 26.0M(26.0M)->0.0B(18.0M) Survivors: 10.0M->5120.0K Heap: 202.0M(256.0M)->192.0M(256.0M)]
 [Times: user=0.03 sys=0.00, real=0.02 secs] 
2014-07-10T16:13:09.528+0200: 40.514: [GC concurrent-root-region-scan-start]
2014-07-10T16:13:09.528+0200: 40.514: [GC concurrent-root-region-scan-end, 0.0000876 secs]
2014-07-10T16:13:09.528+0200: 40.514: [GC concurrent-mark-start]
2014-07-10T16:13:09.532+0200: 40.518: [GC concurrent-mark-end, 0.0035090 secs]
2014-07-10T16:13:09.533+0200: 40.518: [GC remark 2014-07-10T16:13:09.533+0200: 40.518: [GC ref-proc, 0.0000689 secs], 0.0009987 secs]
 [Times: user=0.00 sys=0.00, real=0.00 secs] 
2014-07-10T16:13:09.534+0200: 40.519: [GC cleanup 194M->82M(256M), 0.0007871 secs]
 [Times: user=0.00 sys=0.00, real=0.00 secs] 
2014-07-10T16:13:09.534+0200: 40.520: [GC concurrent-cleanup-start]
2014-07-10T16:13:09.535+0200: 40.520: [GC concurrent-cleanup-end, 0.0002757 secs]
2014-07-10T16:13:09.559+0200: 40.544: [GC pause (young), 0.0133793 secs]
   [Parallel Time: 12.9 ms, GC Workers: 2]
      [GC Worker Start (ms): Min: 40544.5, Avg: 40545.1, Max: 40545.6, Diff: 1.1]
      [Ext Root Scanning (ms): Min: 0.5, Avg: 1.1, Max: 1.8, Diff: 1.3, Sum: 2.3]
      [Update RS (ms): Min: 0.3, Avg: 0.5, Max: 0.7, Diff: 0.4, Sum: 0.9]
         [Processed Buffers: Min: 3, Avg: 3.5, Max: 4, Diff: 1, Sum: 7]
      [Scan RS (ms): Min: 0.0, Avg: 0.0, Max: 0.1, Diff: 0.0, Sum: 0.1]
      [Code Root Scanning (ms): Min: 0.0, Avg: 0.0, Max: 0.0, Diff: 0.0, Sum: 0.0]
      [Object Copy (ms): Min: 10.7, Avg: 10.7, Max: 10.7, Diff: 0.1, Sum: 21.4]
      [Termination (ms): Min: 0.0, Avg: 0.0, Max: 0.0, Diff: 0.0, Sum: 0.0]
      [GC Worker Other (ms): Min: 0.0, Avg: 0.0, Max: 0.0, Diff: 0.0, Sum: 0.1]
      [GC Worker Total (ms): Min: 11.8, Avg: 12.4, Max: 12.9, Diff: 1.1, Sum: 24.7]
      [GC Worker End (ms): Min: 40557.5, Avg: 40557.5, Max: 40557.5, Diff: 0.0]
   [Code Root Fixup: 0.0 ms]
   [Code Root Migration: 0.0 ms]
   [Clear CT: 0.0 ms]
   [Other: 0.4 ms]
      [Choose CSet: 0.0 ms]
      [Ref Proc: 0.2 ms]
      [Ref Enq: 0.0 ms]
      [Free CSet: 0.1 ms]
   [Eden: 18.0M(18.0M)->0.0B(9216.0K) Survivors: 5120.0K->3072.0K Heap: 98.0M(256.0M)->93.5M(256.0M)]
 [Times: user=0.03 sys=0.00, real=0.01 secs] 
2014-07-10T16:13:09.587+0200: 40.572: [GC pause (mixed), 0.0091777 secs]
   [Parallel Time: 8.8 ms, GC Workers: 2]
      [GC Worker Start (ms): Min: 40572.6, Avg: 40572.6, Max: 40572.6, Diff: 0.0]
      [Ext Root Scanning (ms): Min: 1.0, Avg: 1.0, Max: 1.0, Diff: 0.1, Sum: 2.0]
      [Update RS (ms): Min: 0.3, Avg: 0.3, Max: 0.3, Diff: 0.1, Sum: 0.6]
         [Processed Buffers: Min: 3, Avg: 3.0, Max: 3, Diff: 0, Sum: 6]
      [Scan RS (ms): Min: 0.1, Avg: 0.1, Max: 0.1, Diff: 0.0, Sum: 0.1]
      [Code Root Scanning (ms): Min: 0.0, Avg: 0.0, Max: 0.0, Diff: 0.0, Sum: 0.0]
      [Object Copy (ms): Min: 7.4, Avg: 7.4, Max: 7.4, Diff: 0.0, Sum: 14.8]
      [Termination (ms): Min: 0.0, Avg: 0.0, Max: 0.0, Diff: 0.0, Sum: 0.0]
      [GC Worker Other (ms): Min: 0.0, Avg: 0.0, Max: 0.0, Diff: 0.0, Sum: 0.0]
      [GC Worker Total (ms): Min: 8.8, Avg: 8.8, Max: 8.8, Diff: 0.0, Sum: 17.6]
      [GC Worker End (ms): Min: 40581.3, Avg: 40581.3, Max: 40581.3, Diff: 0.0]
   [Code Root Fixup: 0.0 ms]
   [Code Root Migration: 0.0 ms]
   [Clear CT: 0.0 ms]
   [Other: 0.3 ms]
      [Choose CSet: 0.0 ms]
      [Ref Proc: 0.0 ms]
      [Ref Enq: 0.0 ms]
      [Free CSet: 0.1 ms]
   [Eden: 9216.0K(9216.0K)->0.0B(70.0M) Survivors: 3072.0K->2048.0K Heap: 102.5M(256.0M)->96.5M(256.0M)]
 [Times: user=0.00 sys=0.00, real=0.01 secs] 
2014-07-10T16:13:09.713+0200: 40.698: [GC pause (young), 0.0468815 secs]
   [Parallel Time: 46.4 ms, GC Workers: 2]
      [GC Worker Start (ms): Min: 40698.4, Avg: 40698.4, Max: 40698.4, Diff: 0.0]
      [Ext Root Scanning (ms): Min: 1.1, Avg: 1.2, Max: 1.2, Diff: 0.1, Sum: 2.4]
      [Update RS (ms): Min: 0.4, Avg: 0.4, Max: 0.5, Diff: 0.1, Sum: 0.9]
         [Processed Buffers: Min: 1, Avg: 3.0, Max: 5, Diff: 4, Sum: 6]
      [Scan RS (ms): Min: 0.1, Avg: 0.1, Max: 0.1, Diff: 0.0, Sum: 0.2]
      [Code Root Scanning (ms): Min: 0.0, Avg: 0.0, Max: 0.1, Diff: 0.0, Sum: 0.1]
      [Object Copy (ms): Min: 44.6, Avg: 44.6, Max: 44.6, Diff: 0.0, Sum: 89.2]
      [Termination (ms): Min: 0.0, Avg: 0.0, Max: 0.0, Diff: 0.0, Sum: 0.0]
      [GC Worker Other (ms): Min: 0.0, Avg: 0.0, Max: 0.0, Diff: 0.0, Sum: 0.1]
      [GC Worker Total (ms): Min: 46.4, Avg: 46.4, Max: 46.4, Diff: 0.0, Sum: 92.8]
      [GC Worker End (ms): Min: 40744.8, Avg: 40744.8, Max: 40744.8, Diff: 0.0]
   [Code Root Fixup: 0.0 ms]
   [Code Root Migration: 0.0 ms]
   [Clear CT: 0.1 ms]
   [Other: 0.4 ms]
      [Choose CSet: 0.0 ms]
      [Ref Proc: 0.0 ms]
      [Ref Enq: 0.0 ms]
      [Free CSet: 0.2 ms]
   [Eden: 70.0M(70.0M)->0.0B(28.0M) Survivors: 2048.0K->9216.0K Heap: 166.5M(256.0M)->173.5M(256.0M)]
 [Times: user=0.09 sys=0.00, real=0.05 secs] 
2014-07-10T16:13:09.804+0200: 40.789: [GC pause (young) (initial-mark), 0.0196731 secs]
   [Parallel Time: 19.3 ms, GC Workers: 2]
      [GC Worker Start (ms): Min: 40789.5, Avg: 40789.5, Max: 40789.5, Diff: 0.0]
      [Ext Root Scanning (ms): Min: 1.1, Avg: 1.1, Max: 1.1, Diff: 0.0, Sum: 2.2]
      [Code Root Marking (ms): Min: 0.1, Avg: 0.1, Max: 0.1, Diff: 0.0, Sum: 0.1]
      [Update RS (ms): Min: 0.9, Avg: 0.9, Max: 0.9, Diff: 0.0, Sum: 1.9]
         [Processed Buffers: Min: 4, Avg: 5.0, Max: 6, Diff: 2, Sum: 10]
      [Scan RS (ms): Min: 0.0, Avg: 0.0, Max: 0.1, Diff: 0.0, Sum: 0.1]
      [Code Root Scanning (ms): Min: 0.0, Avg: 0.0, Max: 0.0, Diff: 0.0, Sum: 0.0]
      [Object Copy (ms): Min: 17.0, Avg: 17.0, Max: 17.0, Diff: 0.0, Sum: 34.1]
      [Termination (ms): Min: 0.0, Avg: 0.0, Max: 0.0, Diff: 0.0, Sum: 0.0]
      [GC Worker Other (ms): Min: 0.0, Avg: 0.0, Max: 0.0, Diff: 0.0, Sum: 0.1]
      [GC Worker Total (ms): Min: 19.3, Avg: 19.3, Max: 19.3, Diff: 0.0, Sum: 38.5]
      [GC Worker End (ms): Min: 40808.7, Avg: 40808.7, Max: 40808.7, Diff: 0.0]
   [Code Root Fixup: 0.0 ms]
   [Code Root Migration: 0.0 ms]
   [Clear CT: 0.0 ms]
   [Other: 0.3 ms]
      [Choose CSet: 0.0 ms]
      [Ref Proc: 0.0 ms]
      [Ref Enq: 0.0 ms]
      [Free CSet: 0.1 ms]
   [Eden: 28.0M(28.0M)->0.0B(18.0M) Survivors: 9216.0K->5120.0K Heap: 201.5M(256.0M)->193.0M(256.0M)]
 [Times: user=0.03 sys=0.00, real=0.02 secs] 
2014-07-10T16:13:09.824+0200: 40.809: [GC concurrent-root-region-scan-start]
2014-07-10T16:13:09.824+0200: 40.810: [GC concurrent-root-region-scan-end, 0.0000851 secs]
2014-07-10T16:13:09.824+0200: 40.810: [GC concurrent-mark-start]
2014-07-10T16:13:09.828+0200: 40.813: [GC concurrent-mark-end, 0.0035790 secs]
2014-07-10T16:13:09.828+0200: 40.814: [GC remark 2014-07-10T16:13:09.828+0200: 40.814: [GC ref-proc, 0.0000667 secs], 0.0014779 secs]
 [Times: user=0.00 sys=0.00, real=0.00 secs] 
2014-07-10T16:13:09.830+0200: 40.815: [GC cleanup 196M->90M(256M), 0.0013254 secs]
 [Times: user=0.00 sys=0.00, real=0.00 secs] 
2014-07-10T16:13:09.831+0200: 40.817: [GC concurrent-cleanup-start]
2014-07-10T16:13:09.832+0200: 40.817: [GC concurrent-cleanup-end, 0.0002614 secs]
2014-07-10T16:13:09.854+0200: 40.839: [GC pause (young), 0.0130552 secs]
   [Parallel Time: 12.8 ms, GC Workers: 2]
      [GC Worker Start (ms): Min: 40839.5, Avg: 40839.5, Max: 40839.5, Diff: 0.0]
      [Ext Root Scanning (ms): Min: 1.1, Avg: 1.1, Max: 1.1, Diff: 0.0, Sum: 2.2]
      [Update RS (ms): Min: 0.4, Avg: 0.5, Max: 0.5, Diff: 0.0, Sum: 0.9]
         [Processed Buffers: Min: 2, Avg: 4.0, Max: 6, Diff: 4, Sum: 8]
      [Scan RS (ms): Min: 0.0, Avg: 0.0, Max: 0.0, Diff: 0.0, Sum: 0.1]
      [Code Root Scanning (ms): Min: 0.0, Avg: 0.0, Max: 0.0, Diff: 0.0, Sum: 0.0]
      [Object Copy (ms): Min: 11.0, Avg: 11.1, Max: 11.1, Diff: 0.0, Sum: 22.1]
      [Termination (ms): Min: 0.0, Avg: 0.0, Max: 0.0, Diff: 0.0, Sum: 0.0]
      [GC Worker Other (ms): Min: 0.0, Avg: 0.0, Max: 0.0, Diff: 0.0, Sum: 0.1]
      [GC Worker Total (ms): Min: 12.7, Avg: 12.7, Max: 12.7, Diff: 0.0, Sum: 25.4]
      [GC Worker End (ms): Min: 40852.2, Avg: 40852.2, Max: 40852.2, Diff: 0.0]
   [Code Root Fixup: 0.0 ms]
   [Code Root Migration: 0.0 ms]
   [Clear CT: 0.0 ms]
   [Other: 0.2 ms]
      [Choose CSet: 0.0 ms]
      [Ref Proc: 0.0 ms]
      [Ref Enq: 0.0 ms]
      [Free CSet: 0.1 ms]
   [Eden: 18.0M(18.0M)->0.0B(9216.0K) Survivors: 5120.0K->3072.0K Heap: 105.0M(256.0M)->100.5M(256.0M)]
 [Times: user=0.03 sys=0.00, real=0.01 secs] 
2014-07-10T16:13:09.881+0200: 40.866: [GC pause (mixed), 0.0090857 secs]
   [Parallel Time: 8.7 ms, GC Workers: 2]
      [GC Worker Start (ms): Min: 40866.4, Avg: 40866.4, Max: 40866.5, Diff: 0.0]
      [Ext Root Scanning (ms): Min: 1.1, Avg: 1.1, Max: 1.1, Diff: 0.0, Sum: 2.3]
      [Update RS (ms): Min: 0.3, Avg: 0.4, Max: 0.5, Diff: 0.2, Sum: 0.8]
         [Processed Buffers: Min: 1, Avg: 3.0, Max: 5, Diff: 4, Sum: 6]
      [Scan RS (ms): Min: 0.0, Avg: 0.1, Max: 0.2, Diff: 0.1, Sum: 0.2]
      [Code Root Scanning (ms): Min: 0.0, Avg: 0.0, Max: 0.0, Diff: 0.0, Sum: 0.0]
      [Object Copy (ms): Min: 7.0, Avg: 7.0, Max: 7.0, Diff: 0.0, Sum: 14.0]
      [Termination (ms): Min: 0.0, Avg: 0.0, Max: 0.0, Diff: 0.0, Sum: 0.1]
      [GC Worker Other (ms): Min: 0.0, Avg: 0.0, Max: 0.0, Diff: 0.0, Sum: 0.1]
      [GC Worker Total (ms): Min: 8.7, Avg: 8.7, Max: 8.7, Diff: 0.0, Sum: 17.4]
      [GC Worker End (ms): Min: 40875.1, Avg: 40875.1, Max: 40875.1, Diff: 0.0]
   [Code Root Fixup: 0.0 ms]
   [Code Root Migration: 0.0 ms]
   [Clear CT: 0.1 ms]
   [Other: 0.3 ms]
      [Choose CSet: 0.0 ms]
      [Ref Proc: 0.0 ms]
      [Ref Enq: 0.0 ms]
      [Free CSet: 0.1 ms]
   [Eden: 9216.0K(9216.0K)->0.0B(69.0M) Survivors: 3072.0K->2048.0K Heap: 109.5M(256.0M)->98.0M(256.0M)]
 [Times: user=0.00 sys=0.00, real=0.01 secs] 
2014-07-10T16:13:10.003+0200: 40.988: [GC pause (young), 0.0459741 secs]
   [Parallel Time: 45.4 ms, GC Workers: 2]
      [GC Worker Start (ms): Min: 40988.4, Avg: 40988.4, Max: 40988.4, Diff: 0.0]
      [Ext Root Scanning (ms): Min: 1.0, Avg: 1.0, Max: 1.0, Diff: 0.0, Sum: 2.0]
      [Update RS (ms): Min: 0.4, Avg: 0.4, Max: 0.4, Diff: 0.0, Sum: 0.8]
         [Processed Buffers: Min: 1, Avg: 3.0, Max: 5, Diff: 4, Sum: 6]
      [Scan RS (ms): Min: 0.1, Avg: 0.1, Max: 0.1, Diff: 0.0, Sum: 0.2]
      [Code Root Scanning (ms): Min: 0.0, Avg: 0.0, Max: 0.1, Diff: 0.0, Sum: 0.1]
      [Object Copy (ms): Min: 43.8, Avg: 43.8, Max: 43.8, Diff: 0.0, Sum: 87.6]
      [Termination (ms): Min: 0.0, Avg: 0.0, Max: 0.0, Diff: 0.0, Sum: 0.0]
      [GC Worker Other (ms): Min: 0.0, Avg: 0.0, Max: 0.0, Diff: 0.0, Sum: 0.1]
      [GC Worker Total (ms): Min: 45.4, Avg: 45.4, Max: 45.4, Diff: 0.0, Sum: 90.8]
      [GC Worker End (ms): Min: 41033.8, Avg: 41033.8, Max: 41033.8, Diff: 0.0]
   [Code Root Fixup: 0.0 ms]
   [Code Root Migration: 0.0 ms]
   [Clear CT: 0.1 ms]
   [Other: 0.5 ms]
      [Choose CSet: 0.0 ms]
      [Ref Proc: 0.1 ms]
      [Ref Enq: 0.0 ms]
      [Free CSet: 0.1 ms]
   [Eden: 69.0M(69.0M)->0.0B(27.0M) Survivors: 2048.0K->9216.0K Heap: 167.0M(256.0M)->175.0M(256.0M)]
 [Times: user=0.09 sys=0.00, real=0.05 secs] 
2014-07-10T16:13:10.092+0200: 41.077: [GC pause (young) (initial-mark), 0.0180827 secs]
   [Parallel Time: 17.7 ms, GC Workers: 2]
      [GC Worker Start (ms): Min: 41077.5, Avg: 41077.5, Max: 41077.5, Diff: 0.0]
      [Ext Root Scanning (ms): Min: 1.1, Avg: 1.3, Max: 1.4, Diff: 0.3, Sum: 2.5]
      [Code Root Marking (ms): Min: 0.0, Avg: 0.1, Max: 0.1, Diff: 0.1, Sum: 0.1]
      [Update RS (ms): Min: 0.9, Avg: 0.9, Max: 1.0, Diff: 0.1, Sum: 1.8]
         [Processed Buffers: Min: 4, Avg: 4.5, Max: 5, Diff: 1, Sum: 9]
      [Scan RS (ms): Min: 0.0, Avg: 0.0, Max: 0.1, Diff: 0.0, Sum: 0.1]
      [Code Root Scanning (ms): Min: 0.0, Avg: 0.0, Max: 0.0, Diff: 0.0, Sum: 0.0]
      [Object Copy (ms): Min: 15.2, Avg: 15.3, Max: 15.3, Diff: 0.1, Sum: 30.5]
      [Termination (ms): Min: 0.0, Avg: 0.0, Max: 0.0, Diff: 0.0, Sum: 0.0]
      [GC Worker Other (ms): Min: 0.1, Avg: 0.1, Max: 0.1, Diff: 0.0, Sum: 0.1]
      [GC Worker Total (ms): Min: 17.7, Avg: 17.7, Max: 17.7, Diff: 0.0, Sum: 35.3]
      [GC Worker End (ms): Min: 41095.1, Avg: 41095.1, Max: 41095.1, Diff: 0.0]
   [Code Root Fixup: 0.0 ms]
   [Code Root Migration: 0.0 ms]
   [Clear CT: 0.1 ms]
   [Other: 0.3 ms]
      [Choose CSet: 0.0 ms]
      [Ref Proc: 0.0 ms]
      [Ref Enq: 0.0 ms]
      [Free CSet: 0.1 ms]
   [Eden: 27.0M(27.0M)->0.0B(18.0M) Survivors: 9216.0K->5120.0K Heap: 202.0M(256.0M)->191.5M(256.0M)]
 [Times: user=0.02 sys=0.00, real=0.02 secs] 
2014-07-10T16:13:10.110+0200: 41.096: [GC concurrent-root-region-scan-start]
2014-07-10T16:13:10.112+0200: 41.098: [GC concurrent-root-region-scan-end, 0.0019002 secs]
2014-07-10T16:13:10.112+0200: 41.098: [GC concurrent-mark-start]
2014-07-10T16:13:10.116+0200: 41.101: [GC concurrent-mark-end, 0.0037451 secs]
2014-07-10T16:13:10.116+0200: 41.102: [GC remark 2014-07-10T16:13:10.116+0200: 41.102: [GC ref-proc, 0.0000645 secs], 0.0010691 secs]
 [Times: user=0.00 sys=0.00, real=0.00 secs] 
2014-07-10T16:13:10.117+0200: 41.103: [GC cleanup 196M->89M(256M), 0.0007974 secs]
 [Times: user=0.00 sys=0.00, real=0.00 secs] 
2014-07-10T16:13:10.118+0200: 41.104: [GC concurrent-cleanup-start]
2014-07-10T16:13:10.119+0200: 41.104: [GC concurrent-cleanup-end, 0.0002566 secs]
2014-07-10T16:13:10.138+0200: 41.123: [GC pause (young), 0.0132781 secs]
   [Parallel Time: 12.9 ms, GC Workers: 2]
      [GC Worker Start (ms): Min: 41123.5, Avg: 41123.5, Max: 41123.5, Diff: 0.0]
      [Ext Root Scanning (ms): Min: 1.0, Avg: 1.0, Max: 1.0, Diff: 0.0, Sum: 2.0]
      [Update RS (ms): Min: 0.3, Avg: 0.4, Max: 0.4, Diff: 0.1, Sum: 0.8]
         [Processed Buffers: Min: 2, Avg: 3.5, Max: 5, Diff: 3, Sum: 7]
      [Scan RS (ms): Min: 0.0, Avg: 0.0, Max: 0.1, Diff: 0.0, Sum: 0.1]
      [Code Root Scanning (ms): Min: 0.0, Avg: 0.0, Max: 0.0, Diff: 0.0, Sum: 0.0]
      [Object Copy (ms): Min: 11.4, Avg: 11.4, Max: 11.4, Diff: 0.0, Sum: 22.8]
      [Termination (ms): Min: 0.0, Avg: 0.0, Max: 0.0, Diff: 0.0, Sum: 0.0]
      [GC Worker Other (ms): Min: 0.0, Avg: 0.0, Max: 0.0, Diff: 0.0, Sum: 0.1]
      [GC Worker Total (ms): Min: 12.9, Avg: 12.9, Max: 12.9, Diff: 0.0, Sum: 25.7]
      [GC Worker End (ms): Min: 41136.4, Avg: 41136.4, Max: 41136.4, Diff: 0.0]
   [Code Root Fixup: 0.0 ms]
   [Code Root Migration: 0.0 ms]
   [Clear CT: 0.0 ms]
   [Other: 0.3 ms]
      [Choose CSet: 0.0 ms]
      [Ref Proc: 0.1 ms]
      [Ref Enq: 0.0 ms]
      [Free CSet: 0.1 ms]
   [Eden: 18.0M(18.0M)->0.0B(9216.0K) Survivors: 5120.0K->3072.0K Heap: 102.5M(256.0M)->99.5M(256.0M)]
 [Times: user=0.02 sys=0.00, real=0.01 secs] 
2014-07-10T16:13:10.165+0200: 41.150: [GC pause (mixed), 0.0089442 secs]
   [Parallel Time: 8.6 ms, GC Workers: 2]
      [GC Worker Start (ms): Min: 41150.3, Avg: 41150.3, Max: 41150.3, Diff: 0.0]
      [Ext Root Scanning (ms): Min: 0.9, Avg: 1.0, Max: 1.0, Diff: 0.0, Sum: 1.9]
      [Update RS (ms): Min: 0.3, Avg: 0.3, Max: 0.3, Diff: 0.0, Sum: 0.6]
         [Processed Buffers: Min: 1, Avg: 3.0, Max: 5, Diff: 4, Sum: 6]
      [Scan RS (ms): Min: 0.1, Avg: 0.1, Max: 0.1, Diff: 0.0, Sum: 0.2]
      [Code Root Scanning (ms): Min: 0.0, Avg: 0.0, Max: 0.0, Diff: 0.0, Sum: 0.0]
      [Object Copy (ms): Min: 7.1, Avg: 7.2, Max: 7.2, Diff: 0.0, Sum: 14.3]
      [Termination (ms): Min: 0.0, Avg: 0.0, Max: 0.0, Diff: 0.0, Sum: 0.0]
      [GC Worker Other (ms): Min: 0.0, Avg: 0.0, Max: 0.0, Diff: 0.0, Sum: 0.1]
      [GC Worker Total (ms): Min: 8.5, Avg: 8.5, Max: 8.5, Diff: 0.0, Sum: 17.1]
      [GC Worker End (ms): Min: 41158.9, Avg: 41158.9, Max: 41158.9, Diff: 0.0]
   [Code Root Fixup: 0.0 ms]
   [Code Root Migration: 0.0 ms]
   [Clear CT: 0.1 ms]
   [Other: 0.3 ms]
      [Choose CSet: 0.0 ms]
      [Ref Proc: 0.0 ms]
      [Ref Enq: 0.0 ms]
      [Free CSet: 0.1 ms]
   [Eden: 9216.0K(9216.0K)->0.0B(71.0M) Survivors: 3072.0K->2048.0K Heap: 108.5M(256.0M)->98.0M(256.0M)]
 [Times: user=0.00 sys=0.00, real=0.01 secs] 
2014-07-10T16:13:10.290+0200: 41.276: [GC pause (young), 0.0471323 secs]
   [Parallel Time: 46.6 ms, GC Workers: 2]
      [GC Worker Start (ms): Min: 41275.6, Avg: 41275.6, Max: 41275.6, Diff: 0.0]
      [Ext Root Scanning (ms): Min: 1.1, Avg: 1.1, Max: 1.1, Diff: 0.0, Sum: 2.1]
      [Update RS (ms): Min: 0.4, Avg: 0.5, Max: 0.5, Diff: 0.0, Sum: 0.9]
         [Processed Buffers: Min: 1, Avg: 2.5, Max: 4, Diff: 3, Sum: 5]
      [Scan RS (ms): Min: 0.1, Avg: 0.1, Max: 0.1, Diff: 0.0, Sum: 0.2]
      [Code Root Scanning (ms): Min: 0.0, Avg: 0.1, Max: 0.1, Diff: 0.0, Sum: 0.1]
      [Object Copy (ms): Min: 44.9, Avg: 44.9, Max: 44.9, Diff: 0.0, Sum: 89.8]
      [Termination (ms): Min: 0.0, Avg: 0.0, Max: 0.0, Diff: 0.0, Sum: 0.0]
      [GC Worker Other (ms): Min: 0.0, Avg: 0.0, Max: 0.0, Diff: 0.0, Sum: 0.1]
      [GC Worker Total (ms): Min: 46.6, Avg: 46.6, Max: 46.6, Diff: 0.0, Sum: 93.2]
      [GC Worker End (ms): Min: 41322.2, Avg: 41322.2, Max: 41322.2, Diff: 0.0]
   [Code Root Fixup: 0.0 ms]
   [Code Root Migration: 0.0 ms]
   [Clear CT: 0.1 ms]
   [Other: 0.4 ms]
      [Choose CSet: 0.0 ms]
      [Ref Proc: 0.0 ms]
      [Ref Enq: 0.0 ms]
      [Free CSet: 0.1 ms]
   [Eden: 71.0M(71.0M)->0.0B(27.0M) Survivors: 2048.0K->10.0M Heap: 169.0M(256.0M)->175.0M(256.0M)]
 [Times: user=0.09 sys=0.00, real=0.05 secs] 
2014-07-10T16:13:10.380+0200: 41.365: [GC pause (young) (initial-mark), 0.0187448 secs]
   [Parallel Time: 18.3 ms, GC Workers: 2]
      [GC Worker Start (ms): Min: 41365.6, Avg: 41365.6, Max: 41365.6, Diff: 0.0]
      [Ext Root Scanning (ms): Min: 1.1, Avg: 1.1, Max: 1.1, Diff: 0.0, Sum: 2.2]
      [Code Root Marking (ms): Min: 0.0, Avg: 0.1, Max: 0.1, Diff: 0.1, Sum: 0.1]
      [Update RS (ms): Min: 1.0, Avg: 1.0, Max: 1.0, Diff: 0.0, Sum: 1.9]
         [Processed Buffers: Min: 4, Avg: 5.0, Max: 6, Diff: 2, Sum: 10]
      [Scan RS (ms): Min: 0.0, Avg: 0.0, Max: 0.1, Diff: 0.0, Sum: 0.1]
      [Code Root Scanning (ms): Min: 0.0, Avg: 0.0, Max: 0.0, Diff: 0.0, Sum: 0.0]
      [Object Copy (ms): Min: 16.0, Avg: 16.0, Max: 16.1, Diff: 0.1, Sum: 32.1]
      [Termination (ms): Min: 0.0, Avg: 0.0, Max: 0.0, Diff: 0.0, Sum: 0.0]
      [GC Worker Other (ms): Min: 0.0, Avg: 0.0, Max: 0.0, Diff: 0.0, Sum: 0.1]
      [GC Worker Total (ms): Min: 18.3, Avg: 18.3, Max: 18.3, Diff: 0.0, Sum: 36.6]
      [GC Worker End (ms): Min: 41383.8, Avg: 41383.8, Max: 41383.8, Diff: 0.0]
   [Code Root Fixup: 0.0 ms]
   [Code Root Migration: 0.0 ms]
   [Clear CT: 0.0 ms]
   [Other: 0.3 ms]
      [Choose CSet: 0.0 ms]
      [Ref Proc: 0.0 ms]
      [Ref Enq: 0.0 ms]
      [Free CSet: 0.1 ms]
   [Eden: 27.0M(27.0M)->0.0B(18.0M) Survivors: 10.0M->5120.0K Heap: 202.0M(256.0M)->192.0M(256.0M)]
 [Times: user=0.03 sys=0.00, real=0.02 secs] 
2014-07-10T16:13:10.399+0200: 41.385: [GC concurrent-root-region-scan-start]
2014-07-10T16:13:10.399+0200: 41.385: [GC concurrent-root-region-scan-end, 0.0000887 secs]
2014-07-10T16:13:10.399+0200: 41.385: [GC concurrent-mark-start]
2014-07-10T16:13:10.404+0200: 41.390: [GC concurrent-mark-end, 0.0031808 secs]
2014-07-10T16:13:10.405+0200: 41.390: [GC remark 2014-07-10T16:13:10.405+0200: 41.390: [GC ref-proc, 0.0000667 secs], 0.0013895 secs]
 [Times: user=0.00 sys=0.00, real=0.00 secs] 
2014-07-10T16:13:10.406+0200: 41.392: [GC cleanup 192M->86M(256M), 0.0011758 secs]
 [Times: user=0.00 sys=0.00, real=0.00 secs] 
2014-07-10T16:13:10.408+0200: 41.393: [GC concurrent-cleanup-start]
2014-07-10T16:13:10.408+0200: 41.393: [GC concurrent-cleanup-end, 0.0001914 secs]
2014-07-10T16:13:10.433+0200: 41.418: [GC pause (young), 0.0129536 secs]
   [Parallel Time: 12.7 ms, GC Workers: 2]
      [GC Worker Start (ms): Min: 41418.5, Avg: 41418.5, Max: 41418.5, Diff: 0.0]
      [Ext Root Scanning (ms): Min: 1.1, Avg: 1.1, Max: 1.1, Diff: 0.0, Sum: 2.2]
      [Update RS (ms): Min: 0.5, Avg: 0.5, Max: 0.5, Diff: 0.1, Sum: 1.0]
         [Processed Buffers: Min: 3, Avg: 4.0, Max: 5, Diff: 2, Sum: 8]
      [Scan RS (ms): Min: 0.0, Avg: 0.0, Max: 0.0, Diff: 0.0, Sum: 0.1]
      [Code Root Scanning (ms): Min: 0.0, Avg: 0.0, Max: 0.0, Diff: 0.0, Sum: 0.0]
      [Object Copy (ms): Min: 10.9, Avg: 10.9, Max: 10.9, Diff: 0.0, Sum: 21.8]
      [Termination (ms): Min: 0.0, Avg: 0.0, Max: 0.0, Diff: 0.0, Sum: 0.0]
      [GC Worker Other (ms): Min: 0.0, Avg: 0.0, Max: 0.0, Diff: 0.0, Sum: 0.1]
      [GC Worker Total (ms): Min: 12.6, Avg: 12.6, Max: 12.6, Diff: 0.0, Sum: 25.2]
      [GC Worker End (ms): Min: 41431.1, Avg: 41431.1, Max: 41431.1, Diff: 0.0]
   [Code Root Fixup: 0.0 ms]
   [Code Root Migration: 0.0 ms]
   [Clear CT: 0.0 ms]
   [Other: 0.2 ms]
      [Choose CSet: 0.0 ms]
      [Ref Proc: 0.1 ms]
      [Ref Enq: 0.0 ms]
      [Free CSet: 0.1 ms]
   [Eden: 18.0M(18.0M)->0.0B(9216.0K) Survivors: 5120.0K->3072.0K Heap: 104.0M(256.0M)->99.5M(256.0M)]
 [Times: user=0.03 sys=0.00, real=0.01 secs] 
2014-07-10T16:13:10.460+0200: 41.445: [GC pause (mixed), 0.0091851 secs]
   [Parallel Time: 8.8 ms, GC Workers: 2]
      [GC Worker Start (ms): Min: 41445.5, Avg: 41445.5, Max: 41445.5, Diff: 0.0]
      [Ext Root Scanning (ms): Min: 1.1, Avg: 1.1, Max: 1.1, Diff: 0.0, Sum: 2.3]
      [Update RS (ms): Min: 0.3, Avg: 0.3, Max: 0.3, Diff: 0.0, Sum: 0.6]
         [Processed Buffers: Min: 2, Avg: 2.5, Max: 3, Diff: 1, Sum: 5]
      [Scan RS (ms): Min: 0.1, Avg: 0.1, Max: 0.1, Diff: 0.0, Sum: 0.2]
      [Code Root Scanning (ms): Min: 0.0, Avg: 0.0, Max: 0.0, Diff: 0.0, Sum: 0.0]
      [Object Copy (ms): Min: 7.2, Avg: 7.2, Max: 7.2, Diff: 0.0, Sum: 14.3]
      [Termination (ms): Min: 0.0, Avg: 0.0, Max: 0.0, Diff: 0.0, Sum: 0.0]
      [GC Worker Other (ms): Min: 0.0, Avg: 0.0, Max: 0.0, Diff: 0.0, Sum: 0.1]
      [GC Worker Total (ms): Min: 8.8, Avg: 8.8, Max: 8.8, Diff: 0.0, Sum: 17.5]
      [GC Worker End (ms): Min: 41454.2, Avg: 41454.2, Max: 41454.2, Diff: 0.0]
   [Code Root Fixup: 0.0 ms]
   [Code Root Migration: 0.0 ms]
   [Clear CT: 0.1 ms]
   [Other: 0.3 ms]
      [Choose CSet: 0.0 ms]
      [Ref Proc: 0.0 ms]
      [Ref Enq: 0.0 ms]
      [Free CSet: 0.1 ms]
   [Eden: 9216.0K(9216.0K)->0.0B(70.0M) Survivors: 3072.0K->2048.0K Heap: 108.5M(256.0M)->97.5M(256.0M)]
 [Times: user=0.00 sys=0.00, real=0.01 secs] 
2014-07-10T16:13:10.584+0200: 41.570: [GC pause (young), 0.0467268 secs]
   [Parallel Time: 46.2 ms, GC Workers: 2]
      [GC Worker Start (ms): Min: 41569.7, Avg: 41569.7, Max: 41569.7, Diff: 0.0]
      [Ext Root Scanning (ms): Min: 1.1, Avg: 1.1, Max: 1.2, Diff: 0.1, Sum: 2.2]
      [Update RS (ms): Min: 0.4, Avg: 0.5, Max: 0.5, Diff: 0.1, Sum: 1.0]
         [Processed Buffers: Min: 1, Avg: 3.0, Max: 5, Diff: 4, Sum: 6]
      [Scan RS (ms): Min: 0.1, Avg: 0.1, Max: 0.1, Diff: 0.0, Sum: 0.2]
      [Code Root Scanning (ms): Min: 0.0, Avg: 0.0, Max: 0.0, Diff: 0.0, Sum: 0.1]
      [Object Copy (ms): Min: 44.4, Avg: 44.4, Max: 44.4, Diff: 0.0, Sum: 88.8]
      [Termination (ms): Min: 0.0, Avg: 0.0, Max: 0.0, Diff: 0.0, Sum: 0.0]
      [GC Worker Other (ms): Min: 0.0, Avg: 0.0, Max: 0.0, Diff: 0.0, Sum: 0.1]
      [GC Worker Total (ms): Min: 46.2, Avg: 46.2, Max: 46.2, Diff: 0.0, Sum: 92.3]
      [GC Worker End (ms): Min: 41615.8, Avg: 41615.8, Max: 41615.8, Diff: 0.0]
   [Code Root Fixup: 0.0 ms]
   [Code Root Migration: 0.0 ms]
   [Clear CT: 0.1 ms]
   [Other: 0.4 ms]
      [Choose CSet: 0.0 ms]
      [Ref Proc: 0.0 ms]
      [Ref Enq: 0.0 ms]
      [Free CSet: 0.2 ms]
   [Eden: 70.0M(70.0M)->0.0B(26.0M) Survivors: 2048.0K->9216.0K Heap: 167.5M(256.0M)->177.5M(256.0M)]
 [Times: user=0.09 sys=0.00, real=0.05 secs] 
2014-07-10T16:13:10.673+0200: 41.658: [GC pause (young) (initial-mark), 0.0178800 secs]
   [Parallel Time: 17.1 ms, GC Workers: 2]
      [GC Worker Start (ms): Min: 41658.6, Avg: 41658.6, Max: 41658.6, Diff: 0.0]
      [Ext Root Scanning (ms): Min: 1.0, Avg: 1.0, Max: 1.0, Diff: 0.0, Sum: 2.0]
      [Code Root Marking (ms): Min: 0.1, Avg: 0.1, Max: 0.1, Diff: 0.0, Sum: 0.1]
      [Update RS (ms): Min: 0.9, Avg: 0.9, Max: 0.9, Diff: 0.0, Sum: 1.9]
         [Processed Buffers: Min: 4, Avg: 5.5, Max: 7, Diff: 3, Sum: 11]
      [Scan RS (ms): Min: 0.0, Avg: 0.0, Max: 0.0, Diff: 0.0, Sum: 0.1]
      [Code Root Scanning (ms): Min: 0.0, Avg: 0.0, Max: 0.0, Diff: 0.0, Sum: 0.0]
      [Object Copy (ms): Min: 15.0, Avg: 15.0, Max: 15.0, Diff: 0.0, Sum: 30.0]
      [Termination (ms): Min: 0.0, Avg: 0.0, Max: 0.0, Diff: 0.0, Sum: 0.0]
      [GC Worker Other (ms): Min: 0.0, Avg: 0.0, Max: 0.0, Diff: 0.0, Sum: 0.1]
      [GC Worker Total (ms): Min: 17.1, Avg: 17.1, Max: 17.1, Diff: 0.0, Sum: 34.2]
      [GC Worker End (ms): Min: 41675.7, Avg: 41675.7, Max: 41675.7, Diff: 0.0]
   [Code Root Fixup: 0.0 ms]
   [Code Root Migration: 0.0 ms]
   [Clear CT: 0.0 ms]
   [Other: 0.7 ms]
      [Choose CSet: 0.0 ms]
      [Ref Proc: 0.4 ms]
      [Ref Enq: 0.0 ms]
      [Free CSet: 0.1 ms]
   [Eden: 26.0M(26.0M)->0.0B(17.0M) Survivors: 9216.0K->5120.0K Heap: 203.5M(256.0M)->194.5M(256.0M)]
 [Times: user=0.06 sys=0.00, real=0.02 secs] 
2014-07-10T16:13:10.691+0200: 41.677: [GC concurrent-root-region-scan-start]
2014-07-10T16:13:10.691+0200: 41.677: [GC concurrent-root-region-scan-end, 0.0000869 secs]
2014-07-10T16:13:10.691+0200: 41.677: [GC concurrent-mark-start]
2014-07-10T16:13:10.695+0200: 41.681: [GC concurrent-mark-end, 0.0035181 secs]
2014-07-10T16:13:10.699+0200: 41.685: [GC remark 2014-07-10T16:13:10.699+0200: 41.685: [GC ref-proc, 0.0000689 secs], 0.0010614 secs]
 [Times: user=0.00 sys=0.00, real=0.00 secs] 
2014-07-10T16:13:10.701+0200: 41.687: [GC cleanup 197M->85M(256M), 0.0008014 secs]
 [Times: user=0.00 sys=0.00, real=0.00 secs] 
2014-07-10T16:13:10.702+0200: 41.687: [GC concurrent-cleanup-start]
2014-07-10T16:13:10.702+0200: 41.688: [GC concurrent-cleanup-end, 0.0002141 secs]
2014-07-10T16:13:10.728+0200: 41.713: [GC pause (young), 0.0112829 secs]
   [Parallel Time: 11.0 ms, GC Workers: 2]
      [GC Worker Start (ms): Min: 41713.4, Avg: 41713.4, Max: 41713.4, Diff: 0.0]
      [Ext Root Scanning (ms): Min: 1.0, Avg: 1.0, Max: 1.0, Diff: 0.0, Sum: 1.9]
      [Update RS (ms): Min: 0.4, Avg: 0.4, Max: 0.4, Diff: 0.0, Sum: 0.8]
         [Processed Buffers: Min: 2, Avg: 3.0, Max: 4, Diff: 2, Sum: 6]
      [Scan RS (ms): Min: 0.0, Avg: 0.0, Max: 0.0, Diff: 0.0, Sum: 0.1]
      [Code Root Scanning (ms): Min: 0.0, Avg: 0.0, Max: 0.0, Diff: 0.0, Sum: 0.0]
      [Object Copy (ms): Min: 9.5, Avg: 9.5, Max: 9.5, Diff: 0.0, Sum: 19.1]
      [Termination (ms): Min: 0.0, Avg: 0.0, Max: 0.0, Diff: 0.0, Sum: 0.0]
      [GC Worker Other (ms): Min: 0.0, Avg: 0.0, Max: 0.0, Diff: 0.0, Sum: 0.1]
      [GC Worker Total (ms): Min: 11.0, Avg: 11.0, Max: 11.0, Diff: 0.0, Sum: 21.9]
      [GC Worker End (ms): Min: 41724.4, Avg: 41724.4, Max: 41724.4, Diff: 0.0]
   [Code Root Fixup: 0.0 ms]
   [Code Root Migration: 0.0 ms]
   [Clear CT: 0.0 ms]
   [Other: 0.2 ms]
      [Choose CSet: 0.0 ms]
      [Ref Proc: 0.0 ms]
      [Ref Enq: 0.0 ms]
      [Free CSet: 0.1 ms]
   [Eden: 17.0M(17.0M)->0.0B(9216.0K) Survivors: 5120.0K->3072.0K Heap: 99.5M(256.0M)->94.5M(256.0M)]
 [Times: user=0.03 sys=0.00, real=0.01 secs] 
2014-07-10T16:13:10.754+0200: 41.739: [GC pause (mixed), 0.0122871 secs]
   [Parallel Time: 9.6 ms, GC Workers: 2]
      [GC Worker Start (ms): Min: 41739.3, Avg: 41739.3, Max: 41739.3, Diff: 0.0]
      [Ext Root Scanning (ms): Min: 1.0, Avg: 1.0, Max: 1.0, Diff: 0.0, Sum: 1.9]
      [Update RS (ms): Min: 0.3, Avg: 0.3, Max: 0.3, Diff: 0.0, Sum: 0.6]
         [Processed Buffers: Min: 1, Avg: 2.5, Max: 4, Diff: 3, Sum: 5]
      [Scan RS (ms): Min: 0.1, Avg: 0.1, Max: 0.1, Diff: 0.0, Sum: 0.2]
      [Code Root Scanning (ms): Min: 0.0, Avg: 0.0, Max: 0.0, Diff: 0.0, Sum: 0.0]
      [Object Copy (ms): Min: 8.2, Avg: 8.2, Max: 8.2, Diff: 0.0, Sum: 16.4]
      [Termination (ms): Min: 0.0, Avg: 0.0, Max: 0.0, Diff: 0.0, Sum: 0.0]
      [GC Worker Other (ms): Min: 0.0, Avg: 0.0, Max: 0.0, Diff: 0.0, Sum: 0.0]
      [GC Worker Total (ms): Min: 9.6, Avg: 9.6, Max: 9.6, Diff: 0.0, Sum: 19.2]
      [GC Worker End (ms): Min: 41748.9, Avg: 41748.9, Max: 41748.9, Diff: 0.0]
   [Code Root Fixup: 0.0 ms]
   [Code Root Migration: 0.0 ms]
   [Clear CT: 2.4 ms]
   [Other: 0.3 ms]
      [Choose CSet: 0.0 ms]
      [Ref Proc: 0.1 ms]
      [Ref Enq: 0.0 ms]
      [Free CSet: 0.1 ms]
   [Eden: 9216.0K(9216.0K)->0.0B(76.0M) Survivors: 3072.0K->2048.0K Heap: 103.5M(256.0M)->95.0M(256.0M)]
 [Times: user=0.00 sys=0.00, real=0.01 secs] 
2014-07-10T16:13:10.892+0200: 41.878: [GC pause (young), 0.0500345 secs]
   [Parallel Time: 49.5 ms, GC Workers: 2]
      [GC Worker Start (ms): Min: 41877.8, Avg: 41877.8, Max: 41877.8, Diff: 0.0]
      [Ext Root Scanning (ms): Min: 1.7, Avg: 1.7, Max: 1.7, Diff: 0.0, Sum: 3.4]
      [Update RS (ms): Min: 0.4, Avg: 0.5, Max: 0.6, Diff: 0.2, Sum: 0.9]
         [Processed Buffers: Min: 1, Avg: 3.0, Max: 5, Diff: 4, Sum: 6]
      [Scan RS (ms): Min: 0.0, Avg: 0.1, Max: 0.3, Diff: 0.2, Sum: 0.3]
      [Code Root Scanning (ms): Min: 0.0, Avg: 0.1, Max: 0.1, Diff: 0.1, Sum: 0.1]
      [Object Copy (ms): Min: 47.1, Avg: 47.1, Max: 47.2, Diff: 0.1, Sum: 94.2]
      [Termination (ms): Min: 0.0, Avg: 0.0, Max: 0.0, Diff: 0.0, Sum: 0.0]
      [GC Worker Other (ms): Min: 0.0, Avg: 0.0, Max: 0.0, Diff: 0.0, Sum: 0.0]
      [GC Worker Total (ms): Min: 49.5, Avg: 49.5, Max: 49.5, Diff: 0.0, Sum: 99.0]
      [GC Worker End (ms): Min: 41927.3, Avg: 41927.3, Max: 41927.3, Diff: 0.0]
   [Code Root Fixup: 0.0 ms]
   [Code Root Migration: 0.0 ms]
   [Clear CT: 0.1 ms]
   [Other: 0.4 ms]
      [Choose CSet: 0.0 ms]
      [Ref Proc: 0.0 ms]
      [Ref Enq: 0.0 ms]
      [Free CSet: 0.1 ms]
   [Eden: 76.0M(76.0M)->0.0B(28.0M) Survivors: 2048.0K->10.0M Heap: 171.0M(256.0M)->173.5M(256.0M)]
 [Times: user=0.13 sys=0.00, real=0.05 secs] 
2014-07-10T16:13:10.987+0200: 41.972: [GC pause (young) (initial-mark), 0.0188123 secs]
   [Parallel Time: 18.3 ms, GC Workers: 2]
      [GC Worker Start (ms): Min: 41972.5, Avg: 41972.5, Max: 41972.5, Diff: 0.0]
      [Ext Root Scanning (ms): Min: 1.1, Avg: 1.2, Max: 1.2, Diff: 0.1, Sum: 2.3]
      [Code Root Marking (ms): Min: 0.0, Avg: 0.1, Max: 0.1, Diff: 0.1, Sum: 0.1]
      [Update RS (ms): Min: 1.0, Avg: 1.0, Max: 1.0, Diff: 0.0, Sum: 2.1]
         [Processed Buffers: Min: 5, Avg: 6.5, Max: 8, Diff: 3, Sum: 13]
      [Scan RS (ms): Min: 0.0, Avg: 0.0, Max: 0.1, Diff: 0.0, Sum: 0.1]
      [Code Root Scanning (ms): Min: 0.0, Avg: 0.0, Max: 0.0, Diff: 0.0, Sum: 0.1]
      [Object Copy (ms): Min: 15.8, Avg: 15.8, Max: 15.8, Diff: 0.0, Sum: 31.7]
      [Termination (ms): Min: 0.0, Avg: 0.0, Max: 0.0, Diff: 0.0, Sum: 0.0]
      [GC Worker Other (ms): Min: 0.0, Avg: 0.0, Max: 0.0, Diff: 0.0, Sum: 0.1]
      [GC Worker Total (ms): Min: 18.2, Avg: 18.2, Max: 18.2, Diff: 0.0, Sum: 36.4]
      [GC Worker End (ms): Min: 41990.7, Avg: 41990.7, Max: 41990.7, Diff: 0.0]
   [Code Root Fixup: 0.0 ms]
   [Code Root Migration: 0.0 ms]
   [Clear CT: 0.0 ms]
   [Other: 0.5 ms]
      [Choose CSet: 0.0 ms]
      [Ref Proc: 0.1 ms]
      [Ref Enq: 0.0 ms]
      [Free CSet: 0.1 ms]
   [Eden: 28.0M(28.0M)->0.0B(19.0M) Survivors: 10.0M->5120.0K Heap: 201.5M(256.0M)->190.5M(256.0M)]
 [Times: user=0.03 sys=0.00, real=0.02 secs] 
2014-07-10T16:13:11.006+0200: 41.992: [GC concurrent-root-region-scan-start]
2014-07-10T16:13:11.006+0200: 41.992: [GC concurrent-root-region-scan-end, 0.0000862 secs]
2014-07-10T16:13:11.006+0200: 41.992: [GC concurrent-mark-start]
2014-07-10T16:13:11.010+0200: 41.995: [GC concurrent-mark-end, 0.0033202 secs]
2014-07-10T16:13:11.010+0200: 41.996: [GC remark 2014-07-10T16:13:11.010+0200: 41.996: [GC ref-proc, 0.0000660 secs], 0.0009833 secs]
 [Times: user=0.00 sys=0.00, real=0.00 secs] 
2014-07-10T16:13:11.012+0200: 41.998: [GC cleanup 194M->85M(256M), 0.0013536 secs]
 [Times: user=0.00 sys=0.00, real=0.00 secs] 
2014-07-10T16:13:11.014+0200: 42.000: [GC concurrent-cleanup-start]
2014-07-10T16:13:11.014+0200: 42.000: [GC concurrent-cleanup-end, 0.0002031 secs]
2014-07-10T16:13:11.038+0200: 42.023: [GC pause (young), 0.0170507 secs]
   [Parallel Time: 15.1 ms, GC Workers: 2]
      [GC Worker Start (ms): Min: 42023.4, Avg: 42027.3, Max: 42031.2, Diff: 7.8]
      [Ext Root Scanning (ms): Min: 0.0, Avg: 0.8, Max: 1.7, Diff: 1.6, Sum: 1.7]
      [Update RS (ms): Min: 0.0, Avg: 0.4, Max: 0.7, Diff: 0.7, Sum: 0.7]
         [Processed Buffers: Min: 0, Avg: 4.0, Max: 8, Diff: 8, Sum: 8]
      [Scan RS (ms): Min: 0.0, Avg: 0.0, Max: 0.1, Diff: 0.1, Sum: 0.1]
      [Code Root Scanning (ms): Min: 0.0, Avg: 0.0, Max: 0.0, Diff: 0.0, Sum: 0.0]
      [Object Copy (ms): Min: 7.2, Avg: 9.9, Max: 12.6, Diff: 5.4, Sum: 19.9]
      [Termination (ms): Min: 0.0, Avg: 0.0, Max: 0.0, Diff: 0.0, Sum: 0.0]
      [GC Worker Other (ms): Min: 0.0, Avg: 0.0, Max: 0.0, Diff: 0.0, Sum: 0.0]
      [GC Worker Total (ms): Min: 7.3, Avg: 11.2, Max: 15.1, Diff: 7.8, Sum: 22.4]
      [GC Worker End (ms): Min: 42038.5, Avg: 42038.5, Max: 42038.5, Diff: 0.0]
   [Code Root Fixup: 0.0 ms]
   [Code Root Migration: 0.0 ms]
   [Clear CT: 0.0 ms]
   [Other: 1.9 ms]
      [Choose CSet: 0.0 ms]
      [Ref Proc: 1.7 ms]
      [Ref Enq: 0.0 ms]
      [Free CSet: 0.1 ms]
   [Eden: 19.0M(19.0M)->0.0B(9216.0K) Survivors: 5120.0K->3072.0K Heap: 100.5M(256.0M)->97.5M(256.0M)]
 [Times: user=0.02 sys=0.00, real=0.02 secs] 
2014-07-10T16:13:11.068+0200: 42.053: [GC pause (mixed), 0.0072911 secs]
   [Parallel Time: 7.0 ms, GC Workers: 2]
      [GC Worker Start (ms): Min: 42053.5, Avg: 42053.5, Max: 42053.5, Diff: 0.0]
      [Ext Root Scanning (ms): Min: 1.0, Avg: 1.0, Max: 1.1, Diff: 0.1, Sum: 2.1]
      [Update RS (ms): Min: 0.2, Avg: 0.3, Max: 0.3, Diff: 0.1, Sum: 0.5]
         [Processed Buffers: Min: 2, Avg: 2.5, Max: 3, Diff: 1, Sum: 5]
      [Scan RS (ms): Min: 0.1, Avg: 0.1, Max: 0.1, Diff: 0.0, Sum: 0.2]
      [Code Root Scanning (ms): Min: 0.0, Avg: 0.0, Max: 0.0, Diff: 0.0, Sum: 0.0]
      [Object Copy (ms): Min: 5.5, Avg: 5.5, Max: 5.5, Diff: 0.0, Sum: 11.0]
      [Termination (ms): Min: 0.0, Avg: 0.0, Max: 0.0, Diff: 0.0, Sum: 0.0]
      [GC Worker Other (ms): Min: 0.0, Avg: 0.0, Max: 0.0, Diff: 0.0, Sum: 0.1]
      [GC Worker Total (ms): Min: 6.9, Avg: 6.9, Max: 6.9, Diff: 0.0, Sum: 13.9]
      [GC Worker End (ms): Min: 42060.4, Avg: 42060.4, Max: 42060.4, Diff: 0.0]
   [Code Root Fixup: 0.0 ms]
   [Code Root Migration: 0.0 ms]
   [Clear CT: 0.0 ms]
   [Other: 0.3 ms]
      [Choose CSet: 0.0 ms]
      [Ref Proc: 0.0 ms]
      [Ref Enq: 0.0 ms]
      [Free CSet: 0.1 ms]
   [Eden: 9216.0K(9216.0K)->0.0B(80.0M) Survivors: 3072.0K->2048.0K Heap: 106.5M(256.0M)->95.5M(256.0M)]
 [Times: user=0.00 sys=0.00, real=0.01 secs] 
2014-07-10T16:13:11.207+0200: 42.192: [GC pause (young) (to-space exhausted), 0.0475664 secs]
   [Parallel Time: 46.2 ms, GC Workers: 2]
      [GC Worker Start (ms): Min: 42192.5, Avg: 42192.5, Max: 42192.5, Diff: 0.0]
      [Ext Root Scanning (ms): Min: 1.1, Avg: 1.1, Max: 1.1, Diff: 0.0, Sum: 2.2]
      [Update RS (ms): Min: 0.4, Avg: 0.4, Max: 0.4, Diff: 0.0, Sum: 0.8]
         [Processed Buffers: Min: 1, Avg: 2.5, Max: 4, Diff: 3, Sum: 5]
      [Scan RS (ms): Min: 0.1, Avg: 0.1, Max: 0.1, Diff: 0.0, Sum: 0.2]
      [Code Root Scanning (ms): Min: 0.1, Avg: 0.1, Max: 0.1, Diff: 0.0, Sum: 0.1]
      [Object Copy (ms): Min: 44.4, Avg: 44.4, Max: 44.4, Diff: 0.0, Sum: 88.9]
      [Termination (ms): Min: 0.0, Avg: 0.0, Max: 0.0, Diff: 0.0, Sum: 0.0]
      [GC Worker Other (ms): Min: 0.0, Avg: 0.0, Max: 0.0, Diff: 0.0, Sum: 0.0]
      [GC Worker Total (ms): Min: 46.2, Avg: 46.2, Max: 46.2, Diff: 0.0, Sum: 92.3]
      [GC Worker End (ms): Min: 42238.6, Avg: 42238.6, Max: 42238.6, Diff: 0.0]
   [Code Root Fixup: 0.0 ms]
   [Code Root Migration: 0.0 ms]
   [Clear CT: 0.1 ms]
   [Other: 1.3 ms]
      [Choose CSet: 0.0 ms]
      [Ref Proc: 0.0 ms]
      [Ref Enq: 0.0 ms]
      [Free CSet: 0.1 ms]
   [Eden: 80.0M(80.0M)->0.0B(1024.0K) Survivors: 2048.0K->11.0M Heap: 175.5M(256.0M)->250.5M(256.0M)]
 [Times: user=0.09 sys=0.00, real=0.05 secs] 
2014-07-10T16:13:11.256+0200: 42.241: [GC pause (young) (initial-mark) (to-space exhausted), 0.0047408 secs]
   [Parallel Time: 4.3 ms, GC Workers: 2]
      [GC Worker Start (ms): Min: 42241.5, Avg: 42241.5, Max: 42241.5, Diff: 0.0]
      [Ext Root Scanning (ms): Min: 0.9, Avg: 0.9, Max: 0.9, Diff: 0.0, Sum: 1.8]
      [Code Root Marking (ms): Min: 0.0, Avg: 0.1, Max: 0.1, Diff: 0.0, Sum: 0.1]
      [Update RS (ms): Min: 1.0, Avg: 1.0, Max: 1.1, Diff: 0.0, Sum: 2.1]
         [Processed Buffers: Min: 5, Avg: 7.0, Max: 9, Diff: 4, Sum: 14]
      [Scan RS (ms): Min: 0.0, Avg: 0.0, Max: 0.0, Diff: 0.0, Sum: 0.0]
      [Code Root Scanning (ms): Min: 0.0, Avg: 0.0, Max: 0.0, Diff: 0.0, Sum: 0.0]
      [Object Copy (ms): Min: 2.3, Avg: 2.3, Max: 2.3, Diff: 0.0, Sum: 4.5]
      [Termination (ms): Min: 0.0, Avg: 0.0, Max: 0.0, Diff: 0.0, Sum: 0.0]
      [GC Worker Other (ms): Min: 0.0, Avg: 0.0, Max: 0.0, Diff: 0.0, Sum: 0.0]
      [GC Worker Total (ms): Min: 4.3, Avg: 4.3, Max: 4.3, Diff: 0.0, Sum: 8.6]
      [GC Worker End (ms): Min: 42245.8, Avg: 42245.8, Max: 42245.8, Diff: 0.0]
   [Code Root Fixup: 0.0 ms]
   [Code Root Migration: 0.0 ms]
   [Clear CT: 0.0 ms]
   [Other: 0.4 ms]
      [Choose CSet: 0.0 ms]
      [Ref Proc: 0.0 ms]
      [Ref Enq: 0.0 ms]
      [Free CSet: 0.0 ms]
   [Eden: 1024.0K(1024.0K)->0.0B(11.0M) Survivors: 11.0M->1024.0K Heap: 251.5M(256.0M)->252.5M(256.0M)]
 [Times: user=0.00 sys=0.00, real=0.00 secs] 
2014-07-10T16:13:11.261+0200: 42.247: [GC concurrent-root-region-scan-start]
2014-07-10T16:13:11.261+0200: 42.247: [GC concurrent-root-region-scan-end, 0.0000623 secs]
2014-07-10T16:13:11.261+0200: 42.247: [GC concurrent-mark-start]
2014-07-10T16:13:11.266+0200: 42.251: [GC pause (young)2014-07-10T16:13:11.268+0200: 42.253: [GC concurrent-mark-end, 0.0049450 secs]
 (to-space exhausted), 0.0023328 secs]
   [Parallel Time: 2.0 ms, GC Workers: 2]
      [GC Worker Start (ms): Min: 42251.8, Avg: 42251.8, Max: 42251.8, Diff: 0.0]
      [Ext Root Scanning (ms): Min: 1.0, Avg: 1.1, Max: 1.1, Diff: 0.1, Sum: 2.1]
      [SATB Filtering (ms): Min: 0.0, Avg: 0.0, Max: 0.0, Diff: 0.0, Sum: 0.0]
      [Update RS (ms): Min: 0.2, Avg: 0.4, Max: 0.6, Diff: 0.4, Sum: 0.7]
         [Processed Buffers: Min: 4, Avg: 5.0, Max: 6, Diff: 2, Sum: 10]
      [Scan RS (ms): Min: 0.0, Avg: 0.0, Max: 0.0, Diff: 0.0, Sum: 0.0]
      [Code Root Scanning (ms): Min: 0.0, Avg: 0.0, Max: 0.0, Diff: 0.0, Sum: 0.0]
      [Object Copy (ms): Min: 0.1, Avg: 0.2, Max: 0.3, Diff: 0.2, Sum: 0.3]
      [Termination (ms): Min: 0.0, Avg: 0.1, Max: 0.2, Diff: 0.2, Sum: 0.2]
      [GC Worker Other (ms): Min: 0.0, Avg: 0.0, Max: 0.0, Diff: 0.0, Sum: 0.0]
      [GC Worker Total (ms): Min: 1.7, Avg: 1.7, Max: 1.7, Diff: 0.0, Sum: 3.5]
      [GC Worker End (ms): Min: 42253.5, Avg: 42253.5, Max: 42253.5, Diff: 0.0]
   [Code Root Fixup: 0.0 ms]
   [Code Root Migration: 0.0 ms]
   [Clear CT: 0.0 ms]
   [Other: 0.3 ms]
      [Choose CSet: 0.0 ms]
      [Ref Proc: 0.0 ms]
      [Ref Enq: 0.0 ms]
      [Free CSet: 0.0 ms]
   [Eden: 3072.0K(11.0M)->0.0B(12.0M) Survivors: 1024.0K->0.0B Heap: 255.5M(256.0M)->255.5M(256.0M)]
 [Times: user=0.03 sys=0.00, real=0.00 secs] 
2014-07-10T16:13:11.269+0200: 42.255: [Full GC 255M->490K(7168K), 0.0434191 secs]
   [Eden: 0.0B(12.0M)->0.0B(2048.0K) Survivors: 0.0B->0.0B Heap: 255.5M(256.0M)->490.4K(7168.0K)]
 [Times: user=0.02 sys=0.02, real=0.04 secs] 
2014-07-10T16:13:11.322+0200: 42.308: [GC remark, 0.0000821 secs]
 [Times: user=0.00 sys=0.00, real=0.00 secs] 
2014-07-10T16:13:11.322+0200: 42.308: [GC concurrent-mark-abort]
2014-07-10T16:13:11.326+0200: 42.312: [GC pause (young), 0.0034041 secs]
   [Parallel Time: 3.1 ms, GC Workers: 2]
      [GC Worker Start (ms): Min: 42311.8, Avg: 42311.8, Max: 42311.8, Diff: 0.0]
      [Ext Root Scanning (ms): Min: 2.1, Avg: 2.1, Max: 2.1, Diff: 0.0, Sum: 4.3]
      [Update RS (ms): Min: 0.0, Avg: 0.0, Max: 0.1, Diff: 0.1, Sum: 0.1]
         [Processed Buffers: Min: 0, Avg: 2.0, Max: 4, Diff: 4, Sum: 4]
      [Scan RS (ms): Min: 0.0, Avg: 0.0, Max: 0.0, Diff: 0.0, Sum: 0.0]
      [Code Root Scanning (ms): Min: 0.0, Avg: 0.0, Max: 0.0, Diff: 0.0, Sum: 0.0]
      [Object Copy (ms): Min: 0.9, Avg: 0.9, Max: 0.9, Diff: 0.0, Sum: 1.8]
      [Termination (ms): Min: 0.0, Avg: 0.0, Max: 0.0, Diff: 0.0, Sum: 0.0]
      [GC Worker Other (ms): Min: 0.0, Avg: 0.0, Max: 0.0, Diff: 0.0, Sum: 0.1]
      [GC Worker Total (ms): Min: 3.1, Avg: 3.1, Max: 3.1, Diff: 0.0, Sum: 6.2]
      [GC Worker End (ms): Min: 42314.9, Avg: 42314.9, Max: 42314.9, Diff: 0.0]
   [Code Root Fixup: 0.0 ms]
   [Code Root Migration: 0.0 ms]
   [Clear CT: 0.0 ms]
   [Other: 0.3 ms]
      [Choose CSet: 0.0 ms]
      [Ref Proc: 0.1 ms]
      [Ref Enq: 0.0 ms]
      [Free CSet: 0.0 ms]
   [Eden: 2048.0K(2048.0K)->0.0B(4096.0K) Survivors: 0.0B->1024.0K Heap: 2538.4K(7168.0K)->2538.4K(14.0M)]
 [Times: user=0.02 sys=0.00, real=0.00 secs] 
2014-07-10T16:13:11.335+0200: 42.320: [GC pause (young), 0.0044178 secs]
   [Parallel Time: 4.1 ms, GC Workers: 2]
      [GC Worker Start (ms): Min: 42320.5, Avg: 42320.5, Max: 42320.5, Diff: 0.0]
      [Ext Root Scanning (ms): Min: 1.0, Avg: 1.0, Max: 1.0, Diff: 0.0, Sum: 2.0]
      [Update RS (ms): Min: 0.0, Avg: 0.1, Max: 0.1, Diff: 0.1, Sum: 0.1]
         [Processed Buffers: Min: 2, Avg: 2.5, Max: 3, Diff: 1, Sum: 5]
      [Scan RS (ms): Min: 0.0, Avg: 0.0, Max: 0.0, Diff: 0.0, Sum: 0.0]
      [Code Root Scanning (ms): Min: 0.0, Avg: 0.0, Max: 0.0, Diff: 0.0, Sum: 0.0]
      [Object Copy (ms): Min: 3.0, Avg: 3.0, Max: 3.0, Diff: 0.0, Sum: 6.0]
      [Termination (ms): Min: 0.0, Avg: 0.0, Max: 0.0, Diff: 0.0, Sum: 0.0]
      [GC Worker Other (ms): Min: 0.0, Avg: 0.0, Max: 0.0, Diff: 0.0, Sum: 0.1]
      [GC Worker Total (ms): Min: 4.1, Avg: 4.1, Max: 4.1, Diff: 0.0, Sum: 8.3]
      [GC Worker End (ms): Min: 42324.6, Avg: 42324.6, Max: 42324.6, Diff: 0.0]
   [Code Root Fixup: 0.0 ms]
   [Code Root Migration: 0.0 ms]
   [Clear CT: 0.0 ms]
   [Other: 0.2 ms]
      [Choose CSet: 0.0 ms]
      [Ref Proc: 0.0 ms]
      [Ref Enq: 0.0 ms]
      [Free CSet: 0.0 ms]
   [Eden: 4096.0K(4096.0K)->0.0B(9216.0K) Survivors: 1024.0K->1024.0K Heap: 6634.4K(14.0M)->9194.4K(30.0M)]
 [Times: user=0.00 sys=0.00, real=0.00 secs] 
2014-07-10T16:13:11.353+0200: 42.339: [GC pause (young), 0.0079972 secs]
   [Parallel Time: 7.7 ms, GC Workers: 2]
      [GC Worker Start (ms): Min: 42338.8, Avg: 42338.8, Max: 42338.8, Diff: 0.0]
      [Ext Root Scanning (ms): Min: 0.9, Avg: 0.9, Max: 0.9, Diff: 0.1, Sum: 1.8]
      [Update RS (ms): Min: 0.1, Avg: 0.1, Max: 0.1, Diff: 0.0, Sum: 0.3]
         [Processed Buffers: Min: 1, Avg: 3.0, Max: 5, Diff: 4, Sum: 6]
      [Scan RS (ms): Min: 0.0, Avg: 0.0, Max: 0.0, Diff: 0.0, Sum: 0.0]
      [Code Root Scanning (ms): Min: 0.0, Avg: 0.0, Max: 0.0, Diff: 0.0, Sum: 0.0]
      [Object Copy (ms): Min: 6.5, Avg: 6.5, Max: 6.5, Diff: 0.0, Sum: 12.9]
      [Termination (ms): Min: 0.0, Avg: 0.0, Max: 0.0, Diff: 0.0, Sum: 0.0]
      [GC Worker Other (ms): Min: 0.0, Avg: 0.0, Max: 0.0, Diff: 0.0, Sum: 0.1]
      [GC Worker Total (ms): Min: 7.6, Avg: 7.6, Max: 7.6, Diff: 0.0, Sum: 15.2]
      [GC Worker End (ms): Min: 42346.4, Avg: 42346.4, Max: 42346.4, Diff: 0.0]
   [Code Root Fixup: 0.0 ms]
   [Code Root Migration: 0.0 ms]
   [Clear CT: 0.0 ms]
   [Other: 0.3 ms]
      [Choose CSet: 0.0 ms]
      [Ref Proc: 0.0 ms]
      [Ref Enq: 0.0 ms]
      [Free CSet: 0.0 ms]
   [Eden: 9216.0K(9216.0K)->0.0B(17.0M) Survivors: 1024.0K->2048.0K Heap: 18.0M(30.0M)->20.0M(62.0M)]
 [Times: user=0.03 sys=0.00, real=0.01 secs] 
2014-07-10T16:13:11.388+0200: 42.373: [GC pause (young), 0.0147475 secs]
   [Parallel Time: 14.3 ms, GC Workers: 2]
      [GC Worker Start (ms): Min: 42373.4, Avg: 42373.4, Max: 42373.4, Diff: 0.0]
      [Ext Root Scanning (ms): Min: 1.2, Avg: 1.2, Max: 1.2, Diff: 0.0, Sum: 2.3]
      [Update RS (ms): Min: 0.2, Avg: 0.2, Max: 0.2, Diff: 0.0, Sum: 0.5]
         [Processed Buffers: Min: 1, Avg: 2.5, Max: 4, Diff: 3, Sum: 5]
      [Scan RS (ms): Min: 0.0, Avg: 0.0, Max: 0.0, Diff: 0.0, Sum: 0.1]
      [Code Root Scanning (ms): Min: 0.0, Avg: 0.0, Max: 0.0, Diff: 0.0, Sum: 0.0]
      [Object Copy (ms): Min: 12.9, Avg: 12.9, Max: 12.9, Diff: 0.0, Sum: 25.7]
      [Termination (ms): Min: 0.0, Avg: 0.0, Max: 0.0, Diff: 0.0, Sum: 0.0]
      [GC Worker Other (ms): Min: 0.0, Avg: 0.0, Max: 0.0, Diff: 0.0, Sum: 0.1]
      [GC Worker Total (ms): Min: 14.3, Avg: 14.3, Max: 14.3, Diff: 0.0, Sum: 28.6]
      [GC Worker End (ms): Min: 42387.7, Avg: 42387.7, Max: 42387.7, Diff: 0.0]
   [Code Root Fixup: 0.0 ms]
   [Code Root Migration: 0.0 ms]
   [Clear CT: 0.0 ms]
   [Other: 0.3 ms]
      [Choose CSet: 0.0 ms]
      [Ref Proc: 0.0 ms]
      [Ref Enq: 0.0 ms]
      [Free CSet: 0.1 ms]
   [Eden: 17.0M(17.0M)->0.0B(26.0M) Survivors: 2048.0K->3072.0K Heap: 37.0M(62.0M)->37.5M(101.0M)]
 [Times: user=0.03 sys=0.00, real=0.02 secs] 
2014-07-10T16:13:11.444+0200: 42.430: [GC pause (young), 0.0207778 secs]
   [Parallel Time: 20.3 ms, GC Workers: 2]
      [GC Worker Start (ms): Min: 42429.6, Avg: 42429.6, Max: 42429.6, Diff: 0.0]
      [Ext Root Scanning (ms): Min: 1.1, Avg: 1.1, Max: 1.1, Diff: 0.0, Sum: 2.3]
      [Update RS (ms): Min: 0.3, Avg: 0.4, Max: 0.4, Diff: 0.0, Sum: 0.7]
         [Processed Buffers: Min: 2, Avg: 3.0, Max: 4, Diff: 2, Sum: 6]
      [Scan RS (ms): Min: 0.0, Avg: 0.1, Max: 0.1, Diff: 0.0, Sum: 0.1]
      [Code Root Scanning (ms): Min: 0.0, Avg: 0.0, Max: 0.0, Diff: 0.0, Sum: 0.0]
      [Object Copy (ms): Min: 18.7, Avg: 18.7, Max: 18.7, Diff: 0.0, Sum: 37.4]
      [Termination (ms): Min: 0.0, Avg: 0.0, Max: 0.0, Diff: 0.0, Sum: 0.0]
      [GC Worker Other (ms): Min: 0.0, Avg: 0.0, Max: 0.0, Diff: 0.0, Sum: 0.1]
      [GC Worker Total (ms): Min: 20.3, Avg: 20.3, Max: 20.3, Diff: 0.0, Sum: 40.6]
      [GC Worker End (ms): Min: 42449.9, Avg: 42449.9, Max: 42449.9, Diff: 0.0]
   [Code Root Fixup: 0.0 ms]
   [Code Root Migration: 0.0 ms]
   [Clear CT: 0.0 ms]
   [Other: 0.4 ms]
      [Choose CSet: 0.0 ms]
      [Ref Proc: 0.0 ms]
      [Ref Enq: 0.0 ms]
      [Free CSet: 0.1 ms]
   [Eden: 26.0M(26.0M)->0.0B(26.0M) Survivors: 3072.0K->4096.0K Heap: 63.5M(101.0M)->64.5M(132.0M)]
 [Times: user=0.03 sys=0.00, real=0.02 secs] 
2014-07-10T16:13:11.507+0200: 42.492: [GC pause (young) (initial-mark), 0.0220547 secs]
   [Parallel Time: 21.6 ms, GC Workers: 2]
      [GC Worker Start (ms): Min: 42492.5, Avg: 42492.5, Max: 42492.5, Diff: 0.0]
      [Ext Root Scanning (ms): Min: 1.1, Avg: 1.1, Max: 1.1, Diff: 0.0, Sum: 2.2]
      [Code Root Marking (ms): Min: 0.0, Avg: 0.0, Max: 0.1, Diff: 0.1, Sum: 0.1]
      [Update RS (ms): Min: 0.4, Avg: 0.5, Max: 0.5, Diff: 0.0, Sum: 0.9]
         [Processed Buffers: Min: 2, Avg: 4.0, Max: 6, Diff: 4, Sum: 8]
      [Scan RS (ms): Min: 0.0, Avg: 0.0, Max: 0.0, Diff: 0.0, Sum: 0.1]
      [Code Root Scanning (ms): Min: 0.0, Avg: 0.0, Max: 0.0, Diff: 0.0, Sum: 0.0]
      [Object Copy (ms): Min: 19.9, Avg: 19.9, Max: 19.9, Diff: 0.0, Sum: 39.8]
      [Termination (ms): Min: 0.0, Avg: 0.0, Max: 0.0, Diff: 0.0, Sum: 0.0]
      [GC Worker Other (ms): Min: 0.0, Avg: 0.0, Max: 0.0, Diff: 0.0, Sum: 0.1]
      [GC Worker Total (ms): Min: 21.6, Avg: 21.6, Max: 21.6, Diff: 0.0, Sum: 43.2]
      [GC Worker End (ms): Min: 42514.1, Avg: 42514.1, Max: 42514.1, Diff: 0.0]
   [Code Root Fixup: 0.0 ms]
   [Code Root Migration: 0.0 ms]
   [Clear CT: 0.0 ms]
   [Other: 0.3 ms]
      [Choose CSet: 0.0 ms]
      [Ref Proc: 0.0 ms]
      [Ref Enq: 0.0 ms]
      [Free CSet: 0.1 ms]
   [Eden: 26.0M(26.0M)->0.0B(24.0M) Survivors: 4096.0K->4096.0K Heap: 90.5M(132.0M)->91.0M(157.0M)]
 [Times: user=0.02 sys=0.02, real=0.02 secs] 
2014-07-10T16:13:11.529+0200: 42.515: [GC concurrent-root-region-scan-start]
2014-07-10T16:13:11.529+0200: 42.515: [GC concurrent-root-region-scan-end, 0.0000814 secs]
2014-07-10T16:13:11.529+0200: 42.515: [GC concurrent-mark-start]
2014-07-10T16:13:11.532+0200: 42.517: [GC concurrent-mark-end, 0.0023427 secs]
2014-07-10T16:13:11.533+0200: 42.518: [GC remark 2014-07-10T16:13:11.533+0200: 42.518: [GC ref-proc, 0.0000671 secs], 0.0014137 secs]
 [Times: user=0.00 sys=0.00, real=0.00 secs] 
2014-07-10T16:13:11.534+0200: 42.520: [GC cleanup 93M->79M(157M), 0.0005437 secs]
 [Times: user=0.00 sys=0.00, real=0.00 secs] 
2014-07-10T16:13:11.535+0200: 42.520: [GC concurrent-cleanup-start]
2014-07-10T16:13:11.535+0200: 42.520: [GC concurrent-cleanup-end, 0.0000359 secs]
2014-07-10T16:13:11.571+0200: 42.556: [GC pause (young), 0.0171984 secs]
   [Parallel Time: 16.8 ms, GC Workers: 2]
      [GC Worker Start (ms): Min: 42556.4, Avg: 42556.4, Max: 42556.4, Diff: 0.0]
      [Ext Root Scanning (ms): Min: 1.1, Avg: 1.1, Max: 1.1, Diff: 0.0, Sum: 2.2]
      [Update RS (ms): Min: 0.5, Avg: 0.5, Max: 0.5, Diff: 0.0, Sum: 1.0]
         [Processed Buffers: Min: 2, Avg: 3.0, Max: 4, Diff: 2, Sum: 6]
      [Scan RS (ms): Min: 0.0, Avg: 0.0, Max: 0.0, Diff: 0.0, Sum: 0.1]
      [Code Root Scanning (ms): Min: 0.0, Avg: 0.0, Max: 0.0, Diff: 0.0, Sum: 0.0]
      [Object Copy (ms): Min: 15.1, Avg: 15.1, Max: 15.1, Diff: 0.0, Sum: 30.2]
      [Termination (ms): Min: 0.0, Avg: 0.0, Max: 0.0, Diff: 0.0, Sum: 0.0]
      [GC Worker Other (ms): Min: 0.0, Avg: 0.0, Max: 0.0, Diff: 0.0, Sum: 0.1]
      [GC Worker Total (ms): Min: 16.8, Avg: 16.8, Max: 16.8, Diff: 0.0, Sum: 33.6]
      [GC Worker End (ms): Min: 42573.2, Avg: 42573.2, Max: 42573.2, Diff: 0.0]
   [Code Root Fixup: 0.0 ms]
   [Code Root Migration: 0.0 ms]
   [Clear CT: 0.0 ms]
   [Other: 0.3 ms]
      [Choose CSet: 0.0 ms]
      [Ref Proc: 0.0 ms]
      [Ref Enq: 0.0 ms]
      [Free CSet: 0.1 ms]
   [Eden: 24.0M(24.0M)->0.0B(4096.0K) Survivors: 4096.0K->4096.0K Heap: 101.0M(157.0M)->98.5M(177.0M)]
 [Times: user=0.03 sys=0.00, real=0.02 secs] 
2014-07-10T16:13:11.593+0200: 42.578: [GC pause (mixed), 0.0060358 secs]
   [Parallel Time: 5.6 ms, GC Workers: 2]
      [GC Worker Start (ms): Min: 42578.5, Avg: 42581.2, Max: 42584.0, Diff: 5.5]
      [Ext Root Scanning (ms): Min: 0.0, Avg: 0.9, Max: 1.7, Diff: 1.7, Sum: 1.8]
      [Update RS (ms): Min: 0.0, Avg: 0.4, Max: 0.7, Diff: 0.7, Sum: 0.7]
         [Processed Buffers: Min: 0, Avg: 3.5, Max: 7, Diff: 7, Sum: 7]
      [Scan RS (ms): Min: 0.0, Avg: 0.1, Max: 0.2, Diff: 0.2, Sum: 0.2]
      [Code Root Scanning (ms): Min: 0.0, Avg: 0.0, Max: 0.0, Diff: 0.0, Sum: 0.0]
      [Object Copy (ms): Min: 0.0, Avg: 1.4, Max: 2.8, Diff: 2.8, Sum: 2.8]
      [Termination (ms): Min: 0.0, Avg: 0.0, Max: 0.1, Diff: 0.1, Sum: 0.1]
      [GC Worker Other (ms): Min: 0.0, Avg: 0.0, Max: 0.0, Diff: 0.0, Sum: 0.0]
      [GC Worker Total (ms): Min: 0.0, Avg: 2.8, Max: 5.6, Diff: 5.5, Sum: 5.6]
      [GC Worker End (ms): Min: 42584.0, Avg: 42584.0, Max: 42584.1, Diff: 0.0]
   [Code Root Fixup: 0.0 ms]
   [Code Root Migration: 0.0 ms]
   [Clear CT: 0.1 ms]
   [Other: 0.3 ms]
      [Choose CSet: 0.0 ms]
      [Ref Proc: 0.1 ms]
      [Ref Enq: 0.0 ms]
      [Free CSet: 0.1 ms]
   [Eden: 4096.0K(4096.0K)->0.0B(47.0M) Survivors: 4096.0K->1024.0K Heap: 102.5M(177.0M)->83.0M(193.0M)]
 [Times: user=0.03 sys=0.00, real=0.01 secs] 
2014-07-10T16:13:11.675+0200: 42.661: [GC pause (young), 0.0346879 secs]
   [Parallel Time: 34.2 ms, GC Workers: 2]
      [GC Worker Start (ms): Min: 42660.7, Avg: 42660.7, Max: 42660.7, Diff: 0.0]
      [Ext Root Scanning (ms): Min: 1.1, Avg: 1.1, Max: 1.1, Diff: 0.1, Sum: 2.2]
      [Update RS (ms): Min: 0.2, Avg: 0.3, Max: 0.5, Diff: 0.4, Sum: 0.7]
         [Processed Buffers: Min: 1, Avg: 2.5, Max: 4, Diff: 3, Sum: 5]
      [Scan RS (ms): Min: 0.0, Avg: 0.1, Max: 0.3, Diff: 0.3, Sum: 0.3]
      [Code Root Scanning (ms): Min: 0.0, Avg: 0.0, Max: 0.1, Diff: 0.0, Sum: 0.1]
      [Object Copy (ms): Min: 32.5, Avg: 32.5, Max: 32.5, Diff: 0.0, Sum: 65.1]
      [Termination (ms): Min: 0.0, Avg: 0.0, Max: 0.0, Diff: 0.0, Sum: 0.0]
      [GC Worker Other (ms): Min: 0.0, Avg: 0.0, Max: 0.0, Diff: 0.0, Sum: 0.1]
      [GC Worker Total (ms): Min: 34.2, Avg: 34.2, Max: 34.2, Diff: 0.0, Sum: 68.4]
      [GC Worker End (ms): Min: 42694.9, Avg: 42694.9, Max: 42694.9, Diff: 0.0]
   [Code Root Fixup: 0.0 ms]
   [Code Root Migration: 0.0 ms]
   [Clear CT: 0.0 ms]
   [Other: 0.4 ms]
      [Choose CSet: 0.0 ms]
      [Ref Proc: 0.1 ms]
      [Ref Enq: 0.0 ms]
      [Free CSet: 0.1 ms]
   [Eden: 47.0M(47.0M)->0.0B(23.0M) Survivors: 1024.0K->6144.0K Heap: 130.0M(193.0M)->138.0M(206.0M)]
 [Times: user=0.02 sys=0.05, real=0.04 secs] 
2014-07-10T16:13:11.747+0200: 42.732: [GC pause (young) (initial-mark), 0.0164890 secs]
   [Parallel Time: 16.1 ms, GC Workers: 2]
      [GC Worker Start (ms): Min: 42732.5, Avg: 42732.5, Max: 42732.5, Diff: 0.0]
      [Ext Root Scanning (ms): Min: 1.0, Avg: 1.1, Max: 1.1, Diff: 0.2, Sum: 2.1]
      [Code Root Marking (ms): Min: 0.0, Avg: 0.0, Max: 0.1, Diff: 0.1, Sum: 0.1]
      [Update RS (ms): Min: 0.7, Avg: 0.8, Max: 0.9, Diff: 0.2, Sum: 1.6]
         [Processed Buffers: Min: 4, Avg: 4.5, Max: 5, Diff: 1, Sum: 9]
      [Scan RS (ms): Min: 0.0, Avg: 0.0, Max: 0.1, Diff: 0.1, Sum: 0.1]
      [Code Root Scanning (ms): Min: 0.0, Avg: 0.0, Max: 0.0, Diff: 0.0, Sum: 0.0]
      [Object Copy (ms): Min: 14.1, Avg: 14.1, Max: 14.2, Diff: 0.0, Sum: 28.3]
      [Termination (ms): Min: 0.0, Avg: 0.0, Max: 0.0, Diff: 0.0, Sum: 0.0]
      [GC Worker Other (ms): Min: 0.0, Avg: 0.0, Max: 0.0, Diff: 0.0, Sum: 0.1]
      [GC Worker Total (ms): Min: 16.1, Avg: 16.1, Max: 16.1, Diff: 0.0, Sum: 32.2]
      [GC Worker End (ms): Min: 42748.6, Avg: 42748.6, Max: 42748.6, Diff: 0.0]
   [Code Root Fixup: 0.0 ms]
   [Code Root Migration: 0.0 ms]
   [Clear CT: 0.0 ms]
   [Other: 0.3 ms]
      [Choose CSet: 0.0 ms]
      [Ref Proc: 0.0 ms]
      [Ref Enq: 0.0 ms]
      [Free CSet: 0.1 ms]
   [Eden: 23.0M(23.0M)->0.0B(18.0M) Survivors: 6144.0K->4096.0K Heap: 161.0M(206.0M)->157.5M(216.0M)]
 [Times: user=0.03 sys=0.00, real=0.02 secs] 
2014-07-10T16:13:11.765+0200: 42.750: [GC concurrent-root-region-scan-start]
2014-07-10T16:13:11.765+0200: 42.750: [GC concurrent-root-region-scan-end, 0.0000785 secs]
2014-07-10T16:13:11.765+0200: 42.751: [GC concurrent-mark-start]
2014-07-10T16:13:11.768+0200: 42.754: [GC concurrent-mark-end, 0.0029418 secs]
2014-07-10T16:13:11.768+0200: 42.754: [GC remark 2014-07-10T16:13:11.769+0200: 42.754: [GC ref-proc, 0.0000704 secs], 0.0010573 secs]
 [Times: user=0.00 sys=0.00, real=0.00 secs] 
2014-07-10T16:13:11.773+0200: 42.758: [GC cleanup 161M->95M(216M), 0.0010387 secs]
 [Times: user=0.00 sys=0.00, real=0.00 secs] 
2014-07-10T16:13:11.774+0200: 42.759: [GC concurrent-cleanup-start]
2014-07-10T16:13:11.774+0200: 42.760: [GC concurrent-cleanup-end, 0.0001426 secs]
2014-07-10T16:13:11.795+0200: 42.780: [GC pause (young), 0.0123373 secs]
   [Parallel Time: 12.0 ms, GC Workers: 2]
      [GC Worker Start (ms): Min: 42780.5, Avg: 42780.5, Max: 42780.5, Diff: 0.0]
      [Ext Root Scanning (ms): Min: 0.9, Avg: 1.0, Max: 1.1, Diff: 0.2, Sum: 2.0]
      [Update RS (ms): Min: 0.3, Avg: 0.4, Max: 0.5, Diff: 0.2, Sum: 0.8]
         [Processed Buffers: Min: 3, Avg: 4.0, Max: 5, Diff: 2, Sum: 8]
      [Scan RS (ms): Min: 0.0, Avg: 0.0, Max: 0.0, Diff: 0.0, Sum: 0.1]
      [Code Root Scanning (ms): Min: 0.0, Avg: 0.0, Max: 0.0, Diff: 0.0, Sum: 0.0]
      [Object Copy (ms): Min: 10.4, Avg: 10.4, Max: 10.4, Diff: 0.0, Sum: 20.9]
      [Termination (ms): Min: 0.0, Avg: 0.0, Max: 0.0, Diff: 0.0, Sum: 0.0]
      [GC Worker Other (ms): Min: 0.0, Avg: 0.0, Max: 0.0, Diff: 0.0, Sum: 0.1]
      [GC Worker Total (ms): Min: 11.9, Avg: 11.9, Max: 11.9, Diff: 0.0, Sum: 23.8]
      [GC Worker End (ms): Min: 42792.4, Avg: 42792.4, Max: 42792.4, Diff: 0.0]
   [Code Root Fixup: 0.0 ms]
   [Code Root Migration: 0.0 ms]
   [Clear CT: 0.0 ms]
   [Other: 0.3 ms]
      [Choose CSet: 0.0 ms]
      [Ref Proc: 0.1 ms]
      [Ref Enq: 0.0 ms]
      [Free CSet: 0.1 ms]
   [Eden: 18.0M(18.0M)->0.0B(8192.0K) Survivors: 4096.0K->3072.0K Heap: 109.5M(216.0M)->106.0M(224.0M)]
 [Times: user=0.03 sys=0.00, real=0.01 secs] 
2014-07-10T16:13:11.819+0200: 42.804: [GC pause (mixed), 0.0084943 secs]
   [Parallel Time: 8.0 ms, GC Workers: 2]
      [GC Worker Start (ms): Min: 42804.5, Avg: 42804.5, Max: 42804.5, Diff: 0.0]
      [Ext Root Scanning (ms): Min: 1.1, Avg: 1.1, Max: 1.1, Diff: 0.1, Sum: 2.2]
      [Update RS (ms): Min: 0.3, Avg: 0.3, Max: 0.3, Diff: 0.1, Sum: 0.6]
         [Processed Buffers: Min: 1, Avg: 2.5, Max: 4, Diff: 3, Sum: 5]
      [Scan RS (ms): Min: 0.1, Avg: 0.1, Max: 0.1, Diff: 0.0, Sum: 0.3]
      [Code Root Scanning (ms): Min: 0.0, Avg: 0.0, Max: 0.0, Diff: 0.0, Sum: 0.0]
      [Object Copy (ms): Min: 6.4, Avg: 6.4, Max: 6.4, Diff: 0.0, Sum: 12.8]
      [Termination (ms): Min: 0.0, Avg: 0.0, Max: 0.0, Diff: 0.0, Sum: 0.0]
      [GC Worker Other (ms): Min: 0.0, Avg: 0.0, Max: 0.0, Diff: 0.0, Sum: 0.1]
      [GC Worker Total (ms): Min: 8.0, Avg: 8.0, Max: 8.0, Diff: 0.0, Sum: 16.0]
      [GC Worker End (ms): Min: 42812.5, Avg: 42812.5, Max: 42812.5, Diff: 0.0]
   [Code Root Fixup: 0.0 ms]
   [Code Root Migration: 0.0 ms]
   [Clear CT: 0.1 ms]
   [Other: 0.4 ms]
      [Choose CSet: 0.0 ms]
      [Ref Proc: 0.0 ms]
      [Ref Enq: 0.0 ms]
      [Free CSet: 0.2 ms]
   [Eden: 8192.0K(8192.0K)->0.0B(9216.0K) Survivors: 3072.0K->2048.0K Heap: 114.0M(224.0M)->92.0M(231.0M)]
 [Times: user=0.00 sys=0.00, real=0.01 secs] 
2014-07-10T16:13:11.842+0200: 42.827: [GC pause (mixed), 0.0093035 secs]
   [Parallel Time: 8.9 ms, GC Workers: 2]
      [GC Worker Start (ms): Min: 42827.5, Avg: 42827.5, Max: 42827.5, Diff: 0.0]
      [Ext Root Scanning (ms): Min: 0.9, Avg: 0.9, Max: 1.0, Diff: 0.0, Sum: 1.9]
      [Update RS (ms): Min: 0.3, Avg: 0.4, Max: 0.5, Diff: 0.3, Sum: 0.8]
         [Processed Buffers: Min: 1, Avg: 2.5, Max: 4, Diff: 3, Sum: 5]
      [Scan RS (ms): Min: 0.0, Avg: 0.1, Max: 0.1, Diff: 0.1, Sum: 0.1]
      [Code Root Scanning (ms): Min: 0.0, Avg: 0.0, Max: 0.0, Diff: 0.0, Sum: 0.0]
      [Object Copy (ms): Min: 7.4, Avg: 7.5, Max: 7.6, Diff: 0.2, Sum: 15.0]
      [Termination (ms): Min: 0.0, Avg: 0.0, Max: 0.0, Diff: 0.0, Sum: 0.0]
      [GC Worker Other (ms): Min: 0.0, Avg: 0.0, Max: 0.0, Diff: 0.0, Sum: 0.1]
      [GC Worker Total (ms): Min: 8.9, Avg: 8.9, Max: 8.9, Diff: 0.0, Sum: 17.8]
      [GC Worker End (ms): Min: 42836.4, Avg: 42836.4, Max: 42836.4, Diff: 0.0]
   [Code Root Fixup: 0.0 ms]
   [Code Root Migration: 0.0 ms]
   [Clear CT: 0.0 ms]
   [Other: 0.3 ms]
      [Choose CSet: 0.0 ms]
      [Ref Proc: 0.1 ms]
      [Ref Enq: 0.0 ms]
      [Free CSet: 0.1 ms]
   [Eden: 9216.0K(9216.0K)->0.0B(62.0M) Survivors: 2048.0K->2048.0K Heap: 101.0M(231.0M)->97.5M(236.0M)]
 [Times: user=0.03 sys=0.00, real=0.01 secs] 
2014-07-10T16:13:11.972+0200: 42.958: [GC pause (young), 0.0462025 secs]
   [Parallel Time: 45.6 ms, GC Workers: 2]
      [GC Worker Start (ms): Min: 42957.8, Avg: 42957.8, Max: 42957.8, Diff: 0.0]
      [Ext Root Scanning (ms): Min: 1.0, Avg: 1.1, Max: 1.1, Diff: 0.1, Sum: 2.2]
      [Update RS (ms): Min: 0.4, Avg: 0.4, Max: 0.5, Diff: 0.1, Sum: 0.9]
         [Processed Buffers: Min: 2, Avg: 3.0, Max: 4, Diff: 2, Sum: 6]
      [Scan RS (ms): Min: 0.1, Avg: 0.1, Max: 0.1, Diff: 0.0, Sum: 0.2]
      [Code Root Scanning (ms): Min: 0.0, Avg: 0.0, Max: 0.0, Diff: 0.0, Sum: 0.1]
      [Object Copy (ms): Min: 43.8, Avg: 43.8, Max: 43.9, Diff: 0.1, Sum: 87.7]
      [Termination (ms): Min: 0.0, Avg: 0.1, Max: 0.1, Diff: 0.1, Sum: 0.1]
      [GC Worker Other (ms): Min: 0.0, Avg: 0.0, Max: 0.0, Diff: 0.0, Sum: 0.0]
      [GC Worker Total (ms): Min: 45.5, Avg: 45.6, Max: 45.6, Diff: 0.1, Sum: 91.1]
      [GC Worker End (ms): Min: 43003.3, Avg: 43003.3, Max: 43003.4, Diff: 0.1]
   [Code Root Fixup: 0.0 ms]
   [Code Root Migration: 0.0 ms]
   [Clear CT: 0.0 ms]
   [Other: 0.5 ms]
      [Choose CSet: 0.0 ms]
      [Ref Proc: 0.0 ms]
      [Ref Enq: 0.0 ms]
      [Free CSet: 0.1 ms]
   [Eden: 62.0M(62.0M)->0.0B(25.0M) Survivors: 2048.0K->8192.0K Heap: 159.5M(236.0M)->165.5M(240.0M)]
 [Times: user=0.08 sys=0.02, real=0.05 secs] 
2014-07-10T16:13:12.059+0200: 43.043: [GC pause (young) (initial-mark), 0.0177392 secs]
   [Parallel Time: 17.3 ms, GC Workers: 2]
      [GC Worker Start (ms): Min: 43043.6, Avg: 43043.6, Max: 43043.6, Diff: 0.0]
      [Ext Root Scanning (ms): Min: 1.1, Avg: 1.1, Max: 1.2, Diff: 0.1, Sum: 2.3]
      [Code Root Marking (ms): Min: 0.0, Avg: 0.1, Max: 0.1, Diff: 0.0, Sum: 0.1]
      [Update RS (ms): Min: 1.0, Avg: 1.0, Max: 1.1, Diff: 0.1, Sum: 2.1]
         [Processed Buffers: Min: 4, Avg: 5.5, Max: 7, Diff: 3, Sum: 11]
      [Scan RS (ms): Min: 0.0, Avg: 0.0, Max: 0.1, Diff: 0.0, Sum: 0.1]
      [Code Root Scanning (ms): Min: 0.0, Avg: 0.0, Max: 0.0, Diff: 0.0, Sum: 0.0]
      [Object Copy (ms): Min: 14.8, Avg: 14.9, Max: 14.9, Diff: 0.0, Sum: 29.7]
      [Termination (ms): Min: 0.0, Avg: 0.0, Max: 0.0, Diff: 0.0, Sum: 0.0]
      [GC Worker Other (ms): Min: 0.0, Avg: 0.0, Max: 0.1, Diff: 0.0, Sum: 0.1]
      [GC Worker Total (ms): Min: 17.2, Avg: 17.2, Max: 17.3, Diff: 0.0, Sum: 34.5]
      [GC Worker End (ms): Min: 43060.8, Avg: 43060.8, Max: 43060.8, Diff: 0.0]
   [Code Root Fixup: 0.0 ms]
   [Code Root Migration: 0.0 ms]
   [Clear CT: 0.0 ms]
   [Other: 0.4 ms]
      [Choose CSet: 0.0 ms]
      [Ref Proc: 0.1 ms]
      [Ref Enq: 0.0 ms]
      [Free CSet: 0.1 ms]
   [Eden: 25.0M(25.0M)->0.0B(17.0M) Survivors: 8192.0K->5120.0K Heap: 190.5M(240.0M)->183.0M(244.0M)]
 [Times: user=0.03 sys=0.00, real=0.02 secs] 
2014-07-10T16:13:12.077+0200: 43.062: [GC concurrent-root-region-scan-start]
2014-07-10T16:13:12.077+0200: 43.062: [GC concurrent-root-region-scan-end, 0.0000935 secs]
2014-07-10T16:13:12.077+0200: 43.062: [GC concurrent-mark-start]
2014-07-10T16:13:12.082+0200: 43.067: [GC concurrent-mark-end, 0.0049736 secs]
2014-07-10T16:13:12.082+0200: 43.067: [GC remark 2014-07-10T16:13:12.082+0200: 43.067: [GC ref-proc, 0.0000675 secs], 0.0015296 secs]
 [Times: user=0.00 sys=0.00, real=0.00 secs] 
2014-07-10T16:13:12.084+0200: 43.069: [GC cleanup 187M->96M(244M), 0.0007497 secs]
 [Times: user=0.00 sys=0.00, real=0.00 secs] 
2014-07-10T16:13:12.085+0200: 43.070: [GC concurrent-cleanup-start]
2014-07-10T16:13:12.085+0200: 43.070: [GC concurrent-cleanup-end, 0.0001928 secs]
2014-07-10T16:13:12.104+0200: 43.089: [GC pause (young), 0.0137936 secs]
   [Parallel Time: 13.5 ms, GC Workers: 2]
      [GC Worker Start (ms): Min: 43088.6, Avg: 43088.6, Max: 43088.6, Diff: 0.0]
      [Ext Root Scanning (ms): Min: 1.1, Avg: 1.1, Max: 1.1, Diff: 0.0, Sum: 2.2]
      [Update RS (ms): Min: 0.4, Avg: 0.5, Max: 0.5, Diff: 0.0, Sum: 0.9]
         [Processed Buffers: Min: 3, Avg: 3.5, Max: 4, Diff: 1, Sum: 7]
      [Scan RS (ms): Min: 0.0, Avg: 0.0, Max: 0.0, Diff: 0.0, Sum: 0.1]
      [Code Root Scanning (ms): Min: 0.0, Avg: 0.0, Max: 0.0, Diff: 0.0, Sum: 0.0]
      [Object Copy (ms): Min: 11.7, Avg: 11.7, Max: 11.7, Diff: 0.0, Sum: 23.3]
      [Termination (ms): Min: 0.0, Avg: 0.0, Max: 0.0, Diff: 0.0, Sum: 0.0]
      [GC Worker Other (ms): Min: 0.0, Avg: 0.0, Max: 0.0, Diff: 0.0, Sum: 0.1]
      [GC Worker Total (ms): Min: 13.3, Avg: 13.3, Max: 13.3, Diff: 0.0, Sum: 26.6]
      [GC Worker End (ms): Min: 43102.0, Avg: 43102.0, Max: 43102.0, Diff: 0.0]
   [Code Root Fixup: 0.0 ms]
   [Code Root Migration: 0.0 ms]
   [Clear CT: 0.0 ms]
   [Other: 0.3 ms]
      [Choose CSet: 0.0 ms]
      [Ref Proc: 0.0 ms]
      [Ref Enq: 0.0 ms]
      [Free CSet: 0.1 ms]
   [Eden: 17.0M(17.0M)->0.0B(9216.0K) Survivors: 5120.0K->3072.0K Heap: 109.0M(244.0M)->107.0M(247.0M)]
 [Times: user=0.03 sys=0.00, real=0.01 secs] 
2014-07-10T16:13:12.132+0200: 43.116: [GC pause (mixed), 0.0132337 secs]
   [Parallel Time: 12.5 ms, GC Workers: 2]
      [GC Worker Start (ms): Min: 43116.6, Avg: 43117.9, Max: 43119.2, Diff: 2.7]
      [Ext Root Scanning (ms): Min: 0.0, Avg: 0.9, Max: 1.8, Diff: 1.8, Sum: 1.8]
      [Update RS (ms): Min: 0.0, Avg: 0.3, Max: 0.6, Diff: 0.6, Sum: 0.6]
         [Processed Buffers: Min: 0, Avg: 3.0, Max: 6, Diff: 6, Sum: 6]
      [Scan RS (ms): Min: 0.1, Avg: 4.8, Max: 9.6, Diff: 9.5, Sum: 9.7]
      [Code Root Scanning (ms): Min: 0.0, Avg: 0.0, Max: 0.0, Diff: 0.0, Sum: 0.0]
      [Object Copy (ms): Min: 0.5, Avg: 4.7, Max: 9.0, Diff: 8.5, Sum: 9.4]
      [Termination (ms): Min: 0.0, Avg: 0.3, Max: 0.6, Diff: 0.6, Sum: 0.6]
      [GC Worker Other (ms): Min: 0.0, Avg: 0.0, Max: 0.0, Diff: 0.0, Sum: 0.0]
      [GC Worker Total (ms): Min: 9.8, Avg: 11.1, Max: 12.4, Diff: 2.7, Sum: 22.2]
      [GC Worker End (ms): Min: 43129.0, Avg: 43129.0, Max: 43129.0, Diff: 0.0]
   [Code Root Fixup: 0.0 ms]
   [Code Root Migration: 0.0 ms]
   [Clear CT: 0.1 ms]
   [Other: 0.6 ms]
      [Choose CSet: 0.0 ms]
      [Ref Proc: 0.3 ms]
      [Ref Enq: 0.0 ms]
      [Free CSet: 0.2 ms]
   [Eden: 9216.0K(9216.0K)->0.0B(10.0M) Survivors: 3072.0K->2048.0K Heap: 116.0M(247.0M)->92.7M(249.0M)]
 [Times: user=0.02 sys=0.00, real=0.01 secs] 
2014-07-10T16:13:12.160+0200: 43.145: [GC pause (mixed), 0.0079495 secs]
   [Parallel Time: 7.6 ms, GC Workers: 2]
      [GC Worker Start (ms): Min: 43144.7, Avg: 43144.8, Max: 43144.8, Diff: 0.1]
      [Ext Root Scanning (ms): Min: 1.2, Avg: 1.6, Max: 2.0, Diff: 0.8, Sum: 3.3]
      [Update RS (ms): Min: 0.0, Avg: 0.3, Max: 0.6, Diff: 0.6, Sum: 0.6]
         [Processed Buffers: Min: 0, Avg: 2.5, Max: 5, Diff: 5, Sum: 5]
      [Scan RS (ms): Min: 0.0, Avg: 0.0, Max: 0.1, Diff: 0.1, Sum: 0.1]
      [Code Root Scanning (ms): Min: 0.0, Avg: 0.0, Max: 0.0, Diff: 0.0, Sum: 0.0]
      [Object Copy (ms): Min: 5.5, Avg: 5.5, Max: 5.6, Diff: 0.1, Sum: 11.1]
      [Termination (ms): Min: 0.0, Avg: 0.0, Max: 0.0, Diff: 0.0, Sum: 0.0]
      [GC Worker Other (ms): Min: 0.0, Avg: 0.0, Max: 0.0, Diff: 0.0, Sum: 0.1]
      [GC Worker Total (ms): Min: 7.5, Avg: 7.6, Max: 7.6, Diff: 0.1, Sum: 15.1]
      [GC Worker End (ms): Min: 43152.3, Avg: 43152.3, Max: 43152.3, Diff: 0.0]
   [Code Root Fixup: 0.0 ms]
   [Code Root Migration: 0.0 ms]
   [Clear CT: 0.0 ms]
   [Other: 0.3 ms]
      [Choose CSet: 0.0 ms]
      [Ref Proc: 0.0 ms]
      [Ref Enq: 0.0 ms]
      [Free CSet: 0.1 ms]
   [Eden: 10.0M(10.0M)->0.0B(66.0M) Survivors: 2048.0K->2048.0K Heap: 102.7M(249.0M)->100.0M(251.0M)]
 [Times: user=0.00 sys=0.00, real=0.01 secs] 
2014-07-10T16:13:12.277+0200: 43.262: [GC pause (young), 0.0459976 secs]
   [Parallel Time: 45.5 ms, GC Workers: 2]
      [GC Worker Start (ms): Min: 43261.7, Avg: 43261.7, Max: 43261.7, Diff: 0.0]
      [Ext Root Scanning (ms): Min: 1.2, Avg: 1.3, Max: 1.3, Diff: 0.1, Sum: 2.5]
      [Update RS (ms): Min: 0.3, Avg: 0.4, Max: 0.4, Diff: 0.1, Sum: 0.8]
         [Processed Buffers: Min: 1, Avg: 2.5, Max: 4, Diff: 3, Sum: 5]
      [Scan RS (ms): Min: 0.1, Avg: 0.1, Max: 0.1, Diff: 0.0, Sum: 0.2]
      [Code Root Scanning (ms): Min: 0.0, Avg: 0.0, Max: 0.1, Diff: 0.0, Sum: 0.1]
      [Object Copy (ms): Min: 43.6, Avg: 43.7, Max: 43.7, Diff: 0.0, Sum: 87.3]
      [Termination (ms): Min: 0.0, Avg: 0.0, Max: 0.0, Diff: 0.0, Sum: 0.0]
      [GC Worker Other (ms): Min: 0.0, Avg: 0.0, Max: 0.0, Diff: 0.0, Sum: 0.1]
      [GC Worker Total (ms): Min: 45.5, Avg: 45.5, Max: 45.5, Diff: 0.0, Sum: 91.0]
      [GC Worker End (ms): Min: 43307.1, Avg: 43307.1, Max: 43307.1, Diff: 0.0]
   [Code Root Fixup: 0.0 ms]
   [Code Root Migration: 0.0 ms]
   [Clear CT: 0.1 ms]
   [Other: 0.4 ms]
      [Choose CSet: 0.0 ms]
      [Ref Proc: 0.0 ms]
      [Ref Enq: 0.0 ms]
      [Free CSet: 0.1 ms]
   [Eden: 66.0M(66.0M)->0.0B(26.0M) Survivors: 2048.0K->9216.0K Heap: 166.0M(251.0M)->172.0M(252.0M)]
 [Times: user=0.09 sys=0.00, real=0.05 secs] 
2014-07-10T16:13:12.364+0200: 43.349: [GC pause (young) (initial-mark), 0.0193351 secs]
   [Parallel Time: 18.9 ms, GC Workers: 2]
      [GC Worker Start (ms): Min: 43348.7, Avg: 43348.7, Max: 43348.7, Diff: 0.0]
      [Ext Root Scanning (ms): Min: 1.1, Avg: 1.1, Max: 1.1, Diff: 0.0, Sum: 2.2]
      [Code Root Marking (ms): Min: 0.1, Avg: 0.1, Max: 0.1, Diff: 0.0, Sum: 0.1]
      [Update RS (ms): Min: 0.9, Avg: 0.9, Max: 1.0, Diff: 0.1, Sum: 1.8]
         [Processed Buffers: Min: 4, Avg: 5.5, Max: 7, Diff: 3, Sum: 11]
      [Scan RS (ms): Min: 0.0, Avg: 0.0, Max: 0.1, Diff: 0.1, Sum: 0.1]
      [Code Root Scanning (ms): Min: 0.0, Avg: 0.0, Max: 0.0, Diff: 0.0, Sum: 0.0]
      [Object Copy (ms): Min: 16.7, Avg: 16.7, Max: 16.7, Diff: 0.0, Sum: 33.4]
      [Termination (ms): Min: 0.0, Avg: 0.0, Max: 0.0, Diff: 0.0, Sum: 0.0]
      [GC Worker Other (ms): Min: 0.0, Avg: 0.0, Max: 0.0, Diff: 0.0, Sum: 0.1]
      [GC Worker Total (ms): Min: 18.9, Avg: 18.9, Max: 18.9, Diff: 0.0, Sum: 37.8]
      [GC Worker End (ms): Min: 43367.6, Avg: 43367.6, Max: 43367.6, Diff: 0.0]
   [Code Root Fixup: 0.0 ms]
   [Code Root Migration: 0.0 ms]
   [Clear CT: 0.1 ms]
   [Other: 0.3 ms]
      [Choose CSet: 0.0 ms]
      [Ref Proc: 0.0 ms]
      [Ref Enq: 0.0 ms]
      [Free CSet: 0.1 ms]
   [Eden: 26.0M(26.0M)->0.0B(16.0M) Survivors: 9216.0K->5120.0K Heap: 198.0M(252.0M)->193.0M(253.0M)]
 [Times: user=0.03 sys=0.00, real=0.02 secs] 
2014-07-10T16:13:12.384+0200: 43.368: [GC concurrent-root-region-scan-start]
2014-07-10T16:13:12.384+0200: 43.369: [GC concurrent-root-region-scan-end, 0.0001719 secs]
2014-07-10T16:13:12.384+0200: 43.369: [GC concurrent-mark-start]
2014-07-10T16:13:12.388+0200: 43.373: [GC concurrent-mark-end, 0.0032325 secs]
2014-07-10T16:13:12.388+0200: 43.373: [GC remark 2014-07-10T16:13:12.388+0200: 43.373: [GC ref-proc, 0.0000678 secs], 0.0015941 secs]
 [Times: user=0.00 sys=0.00, real=0.00 secs] 
2014-07-10T16:13:12.390+0200: 43.375: [GC cleanup 196M->90M(253M), 0.0015717 secs]
 [Times: user=0.01 sys=0.00, real=0.00 secs] 
2014-07-10T16:13:12.392+0200: 43.377: [GC concurrent-cleanup-start]
2014-07-10T16:13:12.392+0200: 43.377: [GC concurrent-cleanup-end, 0.0002827 secs]
2014-07-10T16:13:12.416+0200: 43.400: [GC pause (young), 0.0112998 secs]
   [Parallel Time: 11.0 ms, GC Workers: 2]
      [GC Worker Start (ms): Min: 43400.5, Avg: 43400.5, Max: 43400.5, Diff: 0.0]
      [Ext Root Scanning (ms): Min: 0.9, Avg: 1.0, Max: 1.1, Diff: 0.1, Sum: 2.0]
      [Update RS (ms): Min: 0.4, Avg: 0.4, Max: 0.5, Diff: 0.1, Sum: 0.8]
         [Processed Buffers: Min: 2, Avg: 3.0, Max: 4, Diff: 2, Sum: 6]
      [Scan RS (ms): Min: 0.0, Avg: 0.0, Max: 0.1, Diff: 0.0, Sum: 0.1]
      [Code Root Scanning (ms): Min: 0.0, Avg: 0.0, Max: 0.0, Diff: 0.0, Sum: 0.0]
      [Object Copy (ms): Min: 9.3, Avg: 9.3, Max: 9.3, Diff: 0.0, Sum: 18.7]
      [Termination (ms): Min: 0.0, Avg: 0.0, Max: 0.0, Diff: 0.0, Sum: 0.0]
      [GC Worker Other (ms): Min: 0.0, Avg: 0.1, Max: 0.2, Diff: 0.2, Sum: 0.2]
      [GC Worker Total (ms): Min: 10.8, Avg: 10.9, Max: 11.0, Diff: 0.2, Sum: 21.8]
      [GC Worker End (ms): Min: 43411.4, Avg: 43411.4, Max: 43411.5, Diff: 0.2]
   [Code Root Fixup: 0.0 ms]
   [Code Root Migration: 0.0 ms]
   [Clear CT: 0.0 ms]
   [Other: 0.2 ms]
      [Choose CSet: 0.0 ms]
      [Ref Proc: 0.0 ms]
      [Ref Enq: 0.0 ms]
      [Free CSet: 0.1 ms]
   [Eden: 16.0M(16.0M)->0.0B(9216.0K) Survivors: 5120.0K->3072.0K Heap: 103.0M(253.0M)->99.0M(254.0M)]
 [Times: user=0.03 sys=0.00, real=0.01 secs] 
2014-07-10T16:13:12.441+0200: 43.426: [GC pause (mixed), 0.0103176 secs]
   [Parallel Time: 9.8 ms, GC Workers: 2]
      [GC Worker Start (ms): Min: 43425.8, Avg: 43425.8, Max: 43425.8, Diff: 0.0]
      [Ext Root Scanning (ms): Min: 1.1, Avg: 1.1, Max: 1.2, Diff: 0.0, Sum: 2.3]
      [Update RS (ms): Min: 0.3, Avg: 0.3, Max: 0.3, Diff: 0.0, Sum: 0.6]
         [Processed Buffers: Min: 1, Avg: 2.5, Max: 4, Diff: 3, Sum: 5]
      [Scan RS (ms): Min: 0.1, Avg: 0.1, Max: 0.2, Diff: 0.1, Sum: 0.2]
      [Code Root Scanning (ms): Min: 0.0, Avg: 0.0, Max: 0.0, Diff: 0.0, Sum: 0.0]
      [Object Copy (ms): Min: 8.2, Avg: 8.2, Max: 8.2, Diff: 0.0, Sum: 16.4]
      [Termination (ms): Min: 0.0, Avg: 0.0, Max: 0.0, Diff: 0.0, Sum: 0.0]
      [GC Worker Other (ms): Min: 0.0, Avg: 0.0, Max: 0.0, Diff: 0.0, Sum: 0.1]
      [GC Worker Total (ms): Min: 9.8, Avg: 9.8, Max: 9.8, Diff: 0.0, Sum: 19.6]
      [GC Worker End (ms): Min: 43435.6, Avg: 43435.6, Max: 43435.6, Diff: 0.0]
   [Code Root Fixup: 0.0 ms]
   [Code Root Migration: 0.0 ms]
   [Clear CT: 0.1 ms]
   [Other: 0.4 ms]
      [Choose CSet: 0.0 ms]
      [Ref Proc: 0.0 ms]
      [Ref Enq: 0.0 ms]
      [Free CSet: 0.2 ms]
   [Eden: 9216.0K(9216.0K)->0.0B(71.0M) Survivors: 3072.0K->2048.0K Heap: 108.0M(254.0M)->89.5M(255.0M)]
 [Times: user=0.00 sys=0.00, real=0.01 secs] 
2014-07-10T16:13:12.570+0200: 43.554: [GC pause (young), 0.0471165 secs]
   [Parallel Time: 46.6 ms, GC Workers: 2]
      [GC Worker Start (ms): Min: 43554.5, Avg: 43554.5, Max: 43554.5, Diff: 0.0]
      [Ext Root Scanning (ms): Min: 1.0, Avg: 1.1, Max: 1.1, Diff: 0.1, Sum: 2.1]
      [Update RS (ms): Min: 0.4, Avg: 0.4, Max: 0.5, Diff: 0.0, Sum: 0.9]
         [Processed Buffers: Min: 2, Avg: 2.5, Max: 3, Diff: 1, Sum: 5]
      [Scan RS (ms): Min: 0.1, Avg: 0.1, Max: 0.1, Diff: 0.0, Sum: 0.2]
      [Code Root Scanning (ms): Min: 0.0, Avg: 0.1, Max: 0.1, Diff: 0.0, Sum: 0.1]
      [Object Copy (ms): Min: 44.8, Avg: 44.8, Max: 44.8, Diff: 0.0, Sum: 89.6]
      [Termination (ms): Min: 0.0, Avg: 0.0, Max: 0.0, Diff: 0.0, Sum: 0.0]
      [GC Worker Other (ms): Min: 0.0, Avg: 0.0, Max: 0.0, Diff: 0.0, Sum: 0.0]
      [GC Worker Total (ms): Min: 46.5, Avg: 46.5, Max: 46.5, Diff: 0.0, Sum: 93.0]
      [GC Worker End (ms): Min: 43601.1, Avg: 43601.1, Max: 43601.1, Diff: 0.0]
   [Code Root Fixup: 0.0 ms]
   [Code Root Migration: 0.0 ms]
   [Clear CT: 0.1 ms]
   [Other: 0.5 ms]
      [Choose CSet: 0.0 ms]
      [Ref Proc: 0.1 ms]
      [Ref Enq: 0.0 ms]
      [Free CSet: 0.1 ms]
   [Eden: 71.0M(71.0M)->0.0B(31.0M) Survivors: 2048.0K->10.0M Heap: 160.5M(255.0M)->166.0M(256.0M)]
 [Times: user=0.09 sys=0.00, real=0.05 secs] 
2014-07-10T16:13:12.666+0200: 43.651: [GC pause (young) (initial-mark), 0.0223590 secs]
   [Parallel Time: 21.9 ms, GC Workers: 2]
      [GC Worker Start (ms): Min: 43650.6, Avg: 43650.6, Max: 43650.6, Diff: 0.0]
      [Ext Root Scanning (ms): Min: 1.0, Avg: 1.1, Max: 1.2, Diff: 0.1, Sum: 2.2]
      [Code Root Marking (ms): Min: 0.0, Avg: 0.0, Max: 0.1, Diff: 0.1, Sum: 0.1]
      [Update RS (ms): Min: 0.9, Avg: 0.9, Max: 0.9, Diff: 0.0, Sum: 1.9]
         [Processed Buffers: Min: 4, Avg: 5.5, Max: 7, Diff: 3, Sum: 11]
      [Scan RS (ms): Min: 0.0, Avg: 0.1, Max: 0.1, Diff: 0.0, Sum: 0.1]
      [Code Root Scanning (ms): Min: 0.0, Avg: 0.0, Max: 0.0, Diff: 0.0, Sum: 0.1]
      [Object Copy (ms): Min: 19.7, Avg: 19.7, Max: 19.7, Diff: 0.0, Sum: 39.3]
      [Termination (ms): Min: 0.0, Avg: 0.0, Max: 0.0, Diff: 0.0, Sum: 0.0]
      [GC Worker Other (ms): Min: 0.0, Avg: 0.0, Max: 0.0, Diff: 0.0, Sum: 0.1]
      [GC Worker Total (ms): Min: 21.9, Avg: 21.9, Max: 21.9, Diff: 0.0, Sum: 43.7]
      [GC Worker End (ms): Min: 43672.5, Avg: 43672.5, Max: 43672.5, Diff: 0.0]
   [Code Root Fixup: 0.0 ms]
   [Code Root Migration: 0.0 ms]
   [Clear CT: 0.1 ms]
   [Other: 0.3 ms]
      [Choose CSet: 0.0 ms]
      [Ref Proc: 0.1 ms]
      [Ref Enq: 0.0 ms]
      [Free CSet: 0.1 ms]
   [Eden: 31.0M(31.0M)->0.0B(19.0M) Survivors: 10.0M->6144.0K Heap: 197.0M(256.0M)->190.5M(256.0M)]
 [Times: user=0.06 sys=0.00, real=0.02 secs] 
2014-07-10T16:13:12.688+0200: 43.673: [GC concurrent-root-region-scan-start]
2014-07-10T16:13:12.689+0200: 43.673: [GC concurrent-root-region-scan-end, 0.0001412 secs]
2014-07-10T16:13:12.689+0200: 43.673: [GC concurrent-mark-start]
2014-07-10T16:13:12.694+0200: 43.679: [GC concurrent-mark-end, 0.0038228 secs]
2014-07-10T16:13:12.694+0200: 43.679: [GC remark 2014-07-10T16:13:12.694+0200: 43.679: [GC ref-proc, 0.0000664 secs], 0.0011941 secs]
 [Times: user=0.00 sys=0.00, real=0.00 secs] 
2014-07-10T16:13:12.695+0200: 43.680: [GC cleanup 193M->89M(256M), 0.0009305 secs]
 [Times: user=0.00 sys=0.00, real=0.00 secs] 
2014-07-10T16:13:12.696+0200: 43.681: [GC concurrent-cleanup-start]
2014-07-10T16:13:12.697+0200: 43.681: [GC concurrent-cleanup-end, 0.0002075 secs]
2014-07-10T16:13:12.720+0200: 43.705: [GC pause (young), 0.0135355 secs]
   [Parallel Time: 13.2 ms, GC Workers: 2]
      [GC Worker Start (ms): Min: 43704.7, Avg: 43704.7, Max: 43704.7, Diff: 0.0]
      [Ext Root Scanning (ms): Min: 1.1, Avg: 1.1, Max: 1.1, Diff: 0.0, Sum: 2.2]
      [Update RS (ms): Min: 0.5, Avg: 0.6, Max: 0.7, Diff: 0.2, Sum: 1.2]
         [Processed Buffers: Min: 2, Avg: 3.0, Max: 4, Diff: 2, Sum: 6]
      [Scan RS (ms): Min: 0.0, Avg: 0.0, Max: 0.1, Diff: 0.1, Sum: 0.1]
      [Code Root Scanning (ms): Min: 0.0, Avg: 0.0, Max: 0.0, Diff: 0.0, Sum: 0.0]
      [Object Copy (ms): Min: 11.2, Avg: 11.3, Max: 11.3, Diff: 0.1, Sum: 22.5]
      [Termination (ms): Min: 0.0, Avg: 0.0, Max: 0.0, Diff: 0.0, Sum: 0.0]
      [GC Worker Other (ms): Min: 0.0, Avg: 0.0, Max: 0.0, Diff: 0.0, Sum: 0.1]
      [GC Worker Total (ms): Min: 13.1, Avg: 13.1, Max: 13.1, Diff: 0.0, Sum: 26.1]
      [GC Worker End (ms): Min: 43717.7, Avg: 43717.7, Max: 43717.7, Diff: 0.0]
   [Code Root Fixup: 0.0 ms]
   [Code Root Migration: 0.0 ms]
   [Clear CT: 0.0 ms]
   [Other: 0.3 ms]
      [Choose CSet: 0.0 ms]
      [Ref Proc: 0.1 ms]
      [Ref Enq: 0.0 ms]
      [Free CSet: 0.1 ms]
   [Eden: 19.0M(19.0M)->0.0B(8192.0K) Survivors: 6144.0K->4096.0K Heap: 105.5M(256.0M)->100.0M(256.0M)]
 [Times: user=0.00 sys=0.00, real=0.01 secs] 
2014-07-10T16:13:12.746+0200: 43.731: [GC pause (mixed), 0.0090395 secs]
   [Parallel Time: 8.5 ms, GC Workers: 2]
      [GC Worker Start (ms): Min: 43730.6, Avg: 43731.0, Max: 43731.4, Diff: 0.8]
      [Ext Root Scanning (ms): Min: 0.4, Avg: 0.9, Max: 1.4, Diff: 1.0, Sum: 1.8]
      [Update RS (ms): Min: 0.0, Avg: 0.3, Max: 0.6, Diff: 0.6, Sum: 0.6]
         [Processed Buffers: Min: 2, Avg: 3.5, Max: 5, Diff: 3, Sum: 7]
      [Scan RS (ms): Min: 0.0, Avg: 0.1, Max: 0.2, Diff: 0.2, Sum: 0.2]
      [Code Root Scanning (ms): Min: 0.0, Avg: 0.0, Max: 0.0, Diff: 0.0, Sum: 0.0]
      [Object Copy (ms): Min: 6.7, Avg: 6.7, Max: 6.8, Diff: 0.2, Sum: 13.5]
      [Termination (ms): Min: 0.0, Avg: 0.0, Max: 0.0, Diff: 0.0, Sum: 0.0]
      [GC Worker Other (ms): Min: 0.0, Avg: 0.0, Max: 0.0, Diff: 0.0, Sum: 0.1]
      [GC Worker Total (ms): Min: 7.7, Avg: 8.1, Max: 8.5, Diff: 0.8, Sum: 16.2]
      [GC Worker End (ms): Min: 43739.1, Avg: 43739.1, Max: 43739.1, Diff: 0.0]
   [Code Root Fixup: 0.0 ms]
   [Code Root Migration: 0.0 ms]
   [Clear CT: 0.1 ms]
   [Other: 0.4 ms]
      [Choose CSet: 0.0 ms]
      [Ref Proc: 0.2 ms]
      [Ref Enq: 0.0 ms]
      [Free CSet: 0.1 ms]
   [Eden: 8192.0K(8192.0K)->0.0B(69.0M) Survivors: 4096.0K->2048.0K Heap: 108.0M(256.0M)->97.5M(256.0M)]
 [Times: user=0.02 sys=0.00, real=0.01 secs] 
2014-07-10T16:13:12.868+0200: 43.853: [GC pause (young), 0.0463389 secs]
   [Parallel Time: 45.5 ms, GC Workers: 2]
      [GC Worker Start (ms): Min: 43852.6, Avg: 43852.6, Max: 43852.6, Diff: 0.0]
      [Ext Root Scanning (ms): Min: 1.1, Avg: 1.1, Max: 1.1, Diff: 0.0, Sum: 2.2]
      [Update RS (ms): Min: 0.4, Avg: 0.4, Max: 0.4, Diff: 0.0, Sum: 0.8]
         [Processed Buffers: Min: 2, Avg: 2.5, Max: 3, Diff: 1, Sum: 5]
      [Scan RS (ms): Min: 0.1, Avg: 0.1, Max: 0.1, Diff: 0.0, Sum: 0.2]
      [Code Root Scanning (ms): Min: 0.1, Avg: 0.1, Max: 0.1, Diff: 0.0, Sum: 0.1]
      [Object Copy (ms): Min: 43.8, Avg: 43.8, Max: 43.8, Diff: 0.0, Sum: 87.5]
      [Termination (ms): Min: 0.0, Avg: 0.0, Max: 0.0, Diff: 0.0, Sum: 0.0]
      [GC Worker Other (ms): Min: 0.0, Avg: 0.0, Max: 0.0, Diff: 0.0, Sum: 0.1]
      [GC Worker Total (ms): Min: 45.5, Avg: 45.5, Max: 45.5, Diff: 0.0, Sum: 90.9]
      [GC Worker End (ms): Min: 43898.1, Avg: 43898.1, Max: 43898.1, Diff: 0.0]
   [Code Root Fixup: 0.0 ms]
   [Code Root Migration: 0.0 ms]
   [Clear CT: 0.1 ms]
   [Other: 0.8 ms]
      [Choose CSet: 0.0 ms]
      [Ref Proc: 0.5 ms]
      [Ref Enq: 0.0 ms]
      [Free CSet: 0.1 ms]
   [Eden: 69.0M(69.0M)->0.0B(28.0M) Survivors: 2048.0K->9216.0K Heap: 166.5M(256.0M)->173.5M(256.0M)]
 [Times: user=0.09 sys=0.00, real=0.05 secs] 
2014-07-10T16:13:12.958+0200: 43.943: [GC pause (young) (initial-mark), 0.0190744 secs]
   [Parallel Time: 18.7 ms, GC Workers: 2]
      [GC Worker Start (ms): Min: 43942.7, Avg: 43942.7, Max: 43942.7, Diff: 0.0]
      [Ext Root Scanning (ms): Min: 1.0, Avg: 1.0, Max: 1.0, Diff: 0.0, Sum: 2.0]
      [Code Root Marking (ms): Min: 0.0, Avg: 0.1, Max: 0.1, Diff: 0.0, Sum: 0.1]
      [Update RS (ms): Min: 0.9, Avg: 0.9, Max: 0.9, Diff: 0.0, Sum: 1.9]
         [Processed Buffers: Min: 4, Avg: 4.5, Max: 5, Diff: 1, Sum: 9]
      [Scan RS (ms): Min: 0.0, Avg: 0.0, Max: 0.0, Diff: 0.0, Sum: 0.1]
      [Code Root Scanning (ms): Min: 0.0, Avg: 0.0, Max: 0.0, Diff: 0.0, Sum: 0.1]
      [Object Copy (ms): Min: 16.5, Avg: 16.5, Max: 16.6, Diff: 0.0, Sum: 33.1]
      [Termination (ms): Min: 0.0, Avg: 0.0, Max: 0.0, Diff: 0.0, Sum: 0.0]
      [GC Worker Other (ms): Min: 0.0, Avg: 0.0, Max: 0.0, Diff: 0.0, Sum: 0.1]
      [GC Worker Total (ms): Min: 18.6, Avg: 18.6, Max: 18.6, Diff: 0.0, Sum: 37.3]
      [GC Worker End (ms): Min: 43961.3, Avg: 43961.3, Max: 43961.3, Diff: 0.0]
   [Code Root Fixup: 0.0 ms]
   [Code Root Migration: 0.0 ms]
   [Clear CT: 0.0 ms]
   [Other: 0.3 ms]
      [Choose CSet: 0.0 ms]
      [Ref Proc: 0.1 ms]
      [Ref Enq: 0.0 ms]
      [Free CSet: 0.1 ms]
   [Eden: 28.0M(28.0M)->0.0B(18.0M) Survivors: 9216.0K->5120.0K Heap: 201.5M(256.0M)->192.5M(256.0M)]
 [Times: user=0.03 sys=0.00, real=0.02 secs] 
2014-07-10T16:13:12.977+0200: 43.962: [GC concurrent-root-region-scan-start]
2014-07-10T16:13:12.977+0200: 43.962: [GC concurrent-root-region-scan-end, 0.0000895 secs]
2014-07-10T16:13:12.977+0200: 43.962: [GC concurrent-mark-start]
2014-07-10T16:13:12.981+0200: 43.966: [GC concurrent-mark-end, 0.0035625 secs]
2014-07-10T16:13:12.981+0200: 43.966: [GC remark 2014-07-10T16:13:12.981+0200: 43.966: [GC ref-proc, 0.0000645 secs], 0.0009631 secs]
 [Times: user=0.00 sys=0.00, real=0.00 secs] 
2014-07-10T16:13:12.982+0200: 43.967: [GC cleanup 194M->88M(256M), 0.0007853 secs]
 [Times: user=0.00 sys=0.00, real=0.00 secs] 
2014-07-10T16:13:12.983+0200: 43.968: [GC concurrent-cleanup-start]
2014-07-10T16:13:12.983+0200: 43.968: [GC concurrent-cleanup-end, 0.0002247 secs]
2014-07-10T16:13:13.006+0200: 43.991: [GC pause (young), 0.0132458 secs]
   [Parallel Time: 13.0 ms, GC Workers: 2]
      [GC Worker Start (ms): Min: 43990.7, Avg: 43990.7, Max: 43990.7, Diff: 0.0]
      [Ext Root Scanning (ms): Min: 1.0, Avg: 1.1, Max: 1.1, Diff: 0.1, Sum: 2.2]
      [Update RS (ms): Min: 0.4, Avg: 0.5, Max: 0.5, Diff: 0.1, Sum: 0.9]
         [Processed Buffers: Min: 2, Avg: 3.0, Max: 4, Diff: 2, Sum: 6]
      [Scan RS (ms): Min: 0.0, Avg: 0.0, Max: 0.1, Diff: 0.1, Sum: 0.1]
      [Code Root Scanning (ms): Min: 0.0, Avg: 0.0, Max: 0.0, Diff: 0.0, Sum: 0.0]
      [Object Copy (ms): Min: 11.2, Avg: 11.2, Max: 11.3, Diff: 0.1, Sum: 22.5]
      [Termination (ms): Min: 0.0, Avg: 0.0, Max: 0.0, Diff: 0.0, Sum: 0.0]
      [GC Worker Other (ms): Min: 0.0, Avg: 0.0, Max: 0.0, Diff: 0.0, Sum: 0.0]
      [GC Worker Total (ms): Min: 12.9, Avg: 12.9, Max: 12.9, Diff: 0.0, Sum: 25.8]
      [GC Worker End (ms): Min: 44003.6, Avg: 44003.6, Max: 44003.6, Diff: 0.0]
   [Code Root Fixup: 0.0 ms]
   [Code Root Migration: 0.0 ms]
   [Clear CT: 0.0 ms]
   [Other: 0.2 ms]
      [Choose CSet: 0.0 ms]
      [Ref Proc: 0.1 ms]
      [Ref Enq: 0.0 ms]
      [Free CSet: 0.1 ms]
   [Eden: 18.0M(18.0M)->0.0B(9216.0K) Survivors: 5120.0K->3072.0K Heap: 104.5M(256.0M)->100.0M(256.0M)]
 [Times: user=0.03 sys=0.00, real=0.01 secs] 
2014-07-10T16:13:13.033+0200: 44.018: [GC pause (mixed), 0.0098278 secs]
   [Parallel Time: 9.4 ms, GC Workers: 2]
      [GC Worker Start (ms): Min: 44017.6, Avg: 44017.6, Max: 44017.6, Diff: 0.0]
      [Ext Root Scanning (ms): Min: 1.1, Avg: 1.2, Max: 1.2, Diff: 0.1, Sum: 2.3]
      [Update RS (ms): Min: 0.2, Avg: 0.3, Max: 0.4, Diff: 0.1, Sum: 0.6]
         [Processed Buffers: Min: 3, Avg: 3.5, Max: 4, Diff: 1, Sum: 7]
      [Scan RS (ms): Min: 0.1, Avg: 0.1, Max: 0.1, Diff: 0.0, Sum: 0.3]
      [Code Root Scanning (ms): Min: 0.0, Avg: 0.0, Max: 0.0, Diff: 0.0, Sum: 0.0]
      [Object Copy (ms): Min: 7.7, Avg: 7.7, Max: 7.8, Diff: 0.0, Sum: 15.5]
      [Termination (ms): Min: 0.0, Avg: 0.0, Max: 0.0, Diff: 0.0, Sum: 0.0]
      [GC Worker Other (ms): Min: 0.0, Avg: 0.0, Max: 0.0, Diff: 0.0, Sum: 0.1]
      [GC Worker Total (ms): Min: 9.4, Avg: 9.4, Max: 9.4, Diff: 0.0, Sum: 18.8]
      [GC Worker End (ms): Min: 44027.0, Avg: 44027.0, Max: 44027.0, Diff: 0.0]
   [Code Root Fixup: 0.0 ms]
   [Code Root Migration: 0.0 ms]
   [Clear CT: 0.1 ms]
   [Other: 0.3 ms]
      [Choose CSet: 0.0 ms]
      [Ref Proc: 0.0 ms]
      [Ref Enq: 0.0 ms]
      [Free CSet: 0.1 ms]
   [Eden: 9216.0K(9216.0K)->0.0B(70.0M) Survivors: 3072.0K->2048.0K Heap: 109.0M(256.0M)->95.5M(256.0M)]
 [Times: user=0.00 sys=0.00, real=0.01 secs] 
2014-07-10T16:13:13.158+0200: 44.143: [GC pause (young), 0.0468665 secs]
   [Parallel Time: 46.4 ms, GC Workers: 2]
      [GC Worker Start (ms): Min: 44142.6, Avg: 44142.6, Max: 44142.6, Diff: 0.0]
      [Ext Root Scanning (ms): Min: 1.1, Avg: 1.1, Max: 1.1, Diff: 0.0, Sum: 2.3]
      [Update RS (ms): Min: 0.5, Avg: 0.5, Max: 0.5, Diff: 0.0, Sum: 0.9]
         [Processed Buffers: Min: 1, Avg: 3.0, Max: 5, Diff: 4, Sum: 6]
      [Scan RS (ms): Min: 0.1, Avg: 0.1, Max: 0.1, Diff: 0.0, Sum: 0.2]
      [Code Root Scanning (ms): Min: 0.0, Avg: 0.0, Max: 0.1, Diff: 0.0, Sum: 0.1]
      [Object Copy (ms): Min: 44.6, Avg: 44.6, Max: 44.6, Diff: 0.0, Sum: 89.2]
      [Termination (ms): Min: 0.0, Avg: 0.0, Max: 0.0, Diff: 0.0, Sum: 0.0]
      [GC Worker Other (ms): Min: 0.0, Avg: 0.0, Max: 0.0, Diff: 0.0, Sum: 0.1]
      [GC Worker Total (ms): Min: 46.4, Avg: 46.4, Max: 46.4, Diff: 0.0, Sum: 92.8]
      [GC Worker End (ms): Min: 44189.0, Avg: 44189.0, Max: 44189.0, Diff: 0.0]
   [Code Root Fixup: 0.0 ms]
   [Code Root Migration: 0.0 ms]
   [Clear CT: 0.1 ms]
   [Other: 0.4 ms]
      [Choose CSet: 0.0 ms]
      [Ref Proc: 0.0 ms]
      [Ref Enq: 0.0 ms]
      [Free CSet: 0.1 ms]
   [Eden: 70.0M(70.0M)->0.0B(26.0M) Survivors: 2048.0K->9216.0K Heap: 165.5M(256.0M)->176.0M(256.0M)]
 [Times: user=0.09 sys=0.00, real=0.05 secs] 
2014-07-10T16:13:13.247+0200: 44.232: [GC pause (young) (initial-mark), 0.0188988 secs]
   [Parallel Time: 18.4 ms, GC Workers: 2]
      [GC Worker Start (ms): Min: 44231.8, Avg: 44231.8, Max: 44231.8, Diff: 0.0]
      [Ext Root Scanning (ms): Min: 1.0, Avg: 1.0, Max: 1.1, Diff: 0.1, Sum: 2.1]
      [Code Root Marking (ms): Min: 0.0, Avg: 0.1, Max: 0.1, Diff: 0.0, Sum: 0.1]
      [Update RS (ms): Min: 0.9, Avg: 0.9, Max: 1.0, Diff: 0.0, Sum: 1.9]
         [Processed Buffers: Min: 4, Avg: 5.0, Max: 6, Diff: 2, Sum: 10]
      [Scan RS (ms): Min: 0.0, Avg: 0.0, Max: 0.1, Diff: 0.0, Sum: 0.1]
      [Code Root Scanning (ms): Min: 0.0, Avg: 0.0, Max: 0.0, Diff: 0.0, Sum: 0.0]
      [Object Copy (ms): Min: 16.2, Avg: 16.2, Max: 16.2, Diff: 0.0, Sum: 32.4]
      [Termination (ms): Min: 0.0, Avg: 0.0, Max: 0.0, Diff: 0.0, Sum: 0.0]
      [GC Worker Other (ms): Min: 0.0, Avg: 0.0, Max: 0.0, Diff: 0.0, Sum: 0.1]
      [GC Worker Total (ms): Min: 18.4, Avg: 18.4, Max: 18.4, Diff: 0.0, Sum: 36.7]
      [GC Worker End (ms): Min: 44250.2, Avg: 44250.2, Max: 44250.2, Diff: 0.0]
   [Code Root Fixup: 0.0 ms]
   [Code Root Migration: 0.0 ms]
   [Clear CT: 0.1 ms]
   [Other: 0.4 ms]
      [Choose CSet: 0.0 ms]
      [Ref Proc: 0.1 ms]
      [Ref Enq: 0.0 ms]
      [Free CSet: 0.1 ms]
   [Eden: 26.0M(26.0M)->0.0B(17.0M) Survivors: 9216.0K->5120.0K Heap: 202.0M(256.0M)->195.5M(256.0M)]
 [Times: user=0.06 sys=0.00, real=0.02 secs] 
2014-07-10T16:13:13.266+0200: 44.251: [GC concurrent-root-region-scan-start]
2014-07-10T16:13:13.266+0200: 44.251: [GC concurrent-root-region-scan-end, 0.0000884 secs]
2014-07-10T16:13:13.266+0200: 44.251: [GC concurrent-mark-start]
2014-07-10T16:13:13.270+0200: 44.254: [GC concurrent-mark-end, 0.0032036 secs]
2014-07-10T16:13:13.270+0200: 44.255: [GC remark 2014-07-10T16:13:13.270+0200: 44.255: [GC ref-proc, 0.0000671 secs], 0.0010328 secs]
 [Times: user=0.00 sys=0.00, real=0.00 secs] 
2014-07-10T16:13:13.273+0200: 44.258: [GC cleanup 198M->90M(256M), 0.0010049 secs]
 [Times: user=0.00 sys=0.00, real=0.00 secs] 
2014-07-10T16:13:13.274+0200: 44.259: [GC concurrent-cleanup-start]
2014-07-10T16:13:13.274+0200: 44.259: [GC concurrent-cleanup-end, 0.0002152 secs]
2014-07-10T16:13:13.297+0200: 44.282: [GC pause (young), 0.0119084 secs]
   [Parallel Time: 11.6 ms, GC Workers: 2]
      [GC Worker Start (ms): Min: 44281.7, Avg: 44281.7, Max: 44281.8, Diff: 0.0]
      [Ext Root Scanning (ms): Min: 1.0, Avg: 1.0, Max: 1.1, Diff: 0.1, Sum: 2.0]
      [Update RS (ms): Min: 0.4, Avg: 0.4, Max: 0.4, Diff: 0.0, Sum: 0.9]
         [Processed Buffers: Min: 2, Avg: 3.5, Max: 5, Diff: 3, Sum: 7]
      [Scan RS (ms): Min: 0.0, Avg: 0.0, Max: 0.1, Diff: 0.0, Sum: 0.1]
      [Code Root Scanning (ms): Min: 0.0, Avg: 0.0, Max: 0.0, Diff: 0.0, Sum: 0.0]
      [Object Copy (ms): Min: 10.0, Avg: 10.0, Max: 10.1, Diff: 0.1, Sum: 20.1]
      [Termination (ms): Min: 0.0, Avg: 0.0, Max: 0.1, Diff: 0.1, Sum: 0.1]
      [GC Worker Other (ms): Min: 0.0, Avg: 0.0, Max: 0.0, Diff: 0.0, Sum: 0.1]
      [GC Worker Total (ms): Min: 11.6, Avg: 11.6, Max: 11.6, Diff: 0.0, Sum: 23.2]
      [GC Worker End (ms): Min: 44293.4, Avg: 44293.4, Max: 44293.4, Diff: 0.0]
   [Code Root Fixup: 0.0 ms]
   [Code Root Migration: 0.0 ms]
   [Clear CT: 0.0 ms]
   [Other: 0.2 ms]
      [Choose CSet: 0.0 ms]
      [Ref Proc: 0.0 ms]
      [Ref Enq: 0.0 ms]
      [Free CSet: 0.1 ms]
   [Eden: 17.0M(17.0M)->0.0B(9216.0K) Survivors: 5120.0K->3072.0K Heap: 104.5M(256.0M)->100.0M(256.0M)]
 [Times: user=0.00 sys=0.00, real=0.01 secs] 
2014-07-10T16:13:13.323+0200: 44.307: [GC pause (mixed), 0.0100514 secs]
   [Parallel Time: 9.6 ms, GC Workers: 2]
      [GC Worker Start (ms): Min: 44307.5, Avg: 44307.5, Max: 44307.5, Diff: 0.0]
      [Ext Root Scanning (ms): Min: 1.0, Avg: 1.0, Max: 1.1, Diff: 0.0, Sum: 2.1]
      [Update RS (ms): Min: 0.3, Avg: 0.3, Max: 0.3, Diff: 0.1, Sum: 0.6]
         [Processed Buffers: Min: 1, Avg: 3.0, Max: 5, Diff: 4, Sum: 6]
      [Scan RS (ms): Min: 0.1, Avg: 0.1, Max: 0.1, Diff: 0.0, Sum: 0.2]
      [Code Root Scanning (ms): Min: 0.0, Avg: 0.0, Max: 0.0, Diff: 0.0, Sum: 0.0]
      [Object Copy (ms): Min: 8.0, Avg: 8.0, Max: 8.0, Diff: 0.0, Sum: 16.0]
      [Termination (ms): Min: 0.0, Avg: 0.0, Max: 0.0, Diff: 0.0, Sum: 0.0]
      [GC Worker Other (ms): Min: 0.0, Avg: 0.0, Max: 0.0, Diff: 0.0, Sum: 0.1]
      [GC Worker Total (ms): Min: 9.5, Avg: 9.5, Max: 9.5, Diff: 0.0, Sum: 19.0]
      [GC Worker End (ms): Min: 44317.0, Avg: 44317.0, Max: 44317.0, Diff: 0.0]
   [Code Root Fixup: 0.0 ms]
   [Code Root Migration: 0.0 ms]
   [Clear CT: 0.1 ms]
   [Other: 0.4 ms]
      [Choose CSet: 0.0 ms]
      [Ref Proc: 0.1 ms]
      [Ref Enq: 0.0 ms]
      [Free CSet: 0.2 ms]
   [Eden: 9216.0K(9216.0K)->0.0B(68.0M) Survivors: 3072.0K->2048.0K Heap: 109.0M(256.0M)->95.5M(256.0M)]
 [Times: user=0.03 sys=0.00, real=0.01 secs] 
2014-07-10T16:13:13.445+0200: 44.430: [GC pause (young), 0.0454623 secs]
   [Parallel Time: 45.0 ms, GC Workers: 2]
      [GC Worker Start (ms): Min: 44429.9, Avg: 44429.9, Max: 44429.9, Diff: 0.0]
      [Ext Root Scanning (ms): Min: 1.2, Avg: 1.2, Max: 1.2, Diff: 0.0, Sum: 2.3]
      [Update RS (ms): Min: 0.5, Avg: 0.5, Max: 0.5, Diff: 0.0, Sum: 1.0]
         [Processed Buffers: Min: 1, Avg: 2.5, Max: 4, Diff: 3, Sum: 5]
      [Scan RS (ms): Min: 0.1, Avg: 0.1, Max: 0.1, Diff: 0.0, Sum: 0.2]
      [Code Root Scanning (ms): Min: 0.0, Avg: 0.0, Max: 0.1, Diff: 0.0, Sum: 0.1]
      [Object Copy (ms): Min: 43.1, Avg: 43.1, Max: 43.1, Diff: 0.0, Sum: 86.2]
      [Termination (ms): Min: 0.0, Avg: 0.0, Max: 0.0, Diff: 0.0, Sum: 0.0]
      [GC Worker Other (ms): Min: 0.0, Avg: 0.0, Max: 0.0, Diff: 0.0, Sum: 0.1]
      [GC Worker Total (ms): Min: 44.9, Avg: 44.9, Max: 44.9, Diff: 0.0, Sum: 89.9]
      [GC Worker End (ms): Min: 44474.8, Avg: 44474.8, Max: 44474.8, Diff: 0.0]
   [Code Root Fixup: 0.0 ms]
   [Code Root Migration: 0.0 ms]
   [Clear CT: 0.1 ms]
   [Other: 0.4 ms]
      [Choose CSet: 0.0 ms]
      [Ref Proc: 0.0 ms]
      [Ref Enq: 0.0 ms]
      [Free CSet: 0.1 ms]
   [Eden: 68.0M(68.0M)->0.0B(28.0M) Survivors: 2048.0K->9216.0K Heap: 163.5M(256.0M)->173.0M(256.0M)]
 [Times: user=0.08 sys=0.00, real=0.05 secs] 
2014-07-10T16:13:13.536+0200: 44.521: [GC pause (young) (initial-mark), 0.0197817 secs]
   [Parallel Time: 19.2 ms, GC Workers: 2]
      [GC Worker Start (ms): Min: 44520.8, Avg: 44520.8, Max: 44520.8, Diff: 0.0]
      [Ext Root Scanning (ms): Min: 1.1, Avg: 1.1, Max: 1.1, Diff: 0.0, Sum: 2.2]
      [Code Root Marking (ms): Min: 0.1, Avg: 0.1, Max: 0.1, Diff: 0.0, Sum: 0.1]
      [Update RS (ms): Min: 1.0, Avg: 1.0, Max: 1.0, Diff: 0.0, Sum: 1.9]
         [Processed Buffers: Min: 4, Avg: 5.0, Max: 6, Diff: 2, Sum: 10]
      [Scan RS (ms): Min: 0.0, Avg: 0.1, Max: 0.1, Diff: 0.0, Sum: 0.1]
      [Code Root Scanning (ms): Min: 0.0, Avg: 0.0, Max: 0.0, Diff: 0.0, Sum: 0.0]
      [Object Copy (ms): Min: 16.9, Avg: 16.9, Max: 16.9, Diff: 0.0, Sum: 33.8]
      [Termination (ms): Min: 0.0, Avg: 0.0, Max: 0.0, Diff: 0.0, Sum: 0.0]
      [GC Worker Other (ms): Min: 0.0, Avg: 0.0, Max: 0.0, Diff: 0.0, Sum: 0.1]
      [GC Worker Total (ms): Min: 19.1, Avg: 19.1, Max: 19.1, Diff: 0.0, Sum: 38.2]
      [GC Worker End (ms): Min: 44539.9, Avg: 44539.9, Max: 44539.9, Diff: 0.0]
   [Code Root Fixup: 0.0 ms]
   [Code Root Migration: 0.0 ms]
   [Clear CT: 0.0 ms]
   [Other: 0.5 ms]
      [Choose CSet: 0.0 ms]
      [Ref Proc: 0.2 ms]
      [Ref Enq: 0.0 ms]
      [Free CSet: 0.2 ms]
   [Eden: 28.0M(28.0M)->0.0B(18.0M) Survivors: 9216.0K->5120.0K Heap: 201.0M(256.0M)->192.5M(256.0M)]
 [Times: user=0.03 sys=0.00, real=0.02 secs] 
2014-07-10T16:13:13.556+0200: 44.541: [GC concurrent-root-region-scan-start]
2014-07-10T16:13:13.556+0200: 44.541: [GC concurrent-root-region-scan-end, 0.0000891 secs]
2014-07-10T16:13:13.556+0200: 44.541: [GC concurrent-mark-start]
2014-07-10T16:13:13.559+0200: 44.544: [GC concurrent-mark-end, 0.0033964 secs]
2014-07-10T16:13:13.560+0200: 44.545: [GC remark 2014-07-10T16:13:13.560+0200: 44.545: [GC ref-proc, 0.0000667 secs], 0.0011615 secs]
 [Times: user=0.00 sys=0.00, real=0.00 secs] 
2014-07-10T16:13:13.561+0200: 44.546: [GC cleanup 194M->92M(256M), 0.0009870 secs]
 [Times: user=0.00 sys=0.03, real=0.00 secs] 
2014-07-10T16:13:13.562+0200: 44.547: [GC concurrent-cleanup-start]
2014-07-10T16:13:13.563+0200: 44.547: [GC concurrent-cleanup-end, 0.0002108 secs]
2014-07-10T16:13:13.587+0200: 44.572: [GC pause (young), 0.0127795 secs]
   [Parallel Time: 12.4 ms, GC Workers: 2]
      [GC Worker Start (ms): Min: 44571.7, Avg: 44571.7, Max: 44571.7, Diff: 0.0]
      [Ext Root Scanning (ms): Min: 1.1, Avg: 1.1, Max: 1.1, Diff: 0.0, Sum: 2.1]
      [Update RS (ms): Min: 0.5, Avg: 0.5, Max: 0.5, Diff: 0.0, Sum: 1.0]
         [Processed Buffers: Min: 2, Avg: 4.0, Max: 6, Diff: 4, Sum: 8]
      [Scan RS (ms): Min: 0.0, Avg: 0.0, Max: 0.0, Diff: 0.0, Sum: 0.1]
      [Code Root Scanning (ms): Min: 0.0, Avg: 0.0, Max: 0.0, Diff: 0.0, Sum: 0.0]
      [Object Copy (ms): Min: 10.8, Avg: 10.8, Max: 10.8, Diff: 0.0, Sum: 21.5]
      [Termination (ms): Min: 0.0, Avg: 0.0, Max: 0.0, Diff: 0.0, Sum: 0.0]
      [GC Worker Other (ms): Min: 0.0, Avg: 0.0, Max: 0.0, Diff: 0.0, Sum: 0.1]
      [GC Worker Total (ms): Min: 12.4, Avg: 12.4, Max: 12.4, Diff: 0.0, Sum: 24.8]
      [GC Worker End (ms): Min: 44584.1, Avg: 44584.1, Max: 44584.1, Diff: 0.0]
   [Code Root Fixup: 0.0 ms]
   [Code Root Migration: 0.0 ms]
   [Clear CT: 0.0 ms]
   [Other: 0.3 ms]
      [Choose CSet: 0.0 ms]
      [Ref Proc: 0.1 ms]
      [Ref Enq: 0.0 ms]
      [Free CSet: 0.1 ms]
   [Eden: 18.0M(18.0M)->0.0B(9216.0K) Survivors: 5120.0K->3072.0K Heap: 108.5M(256.0M)->104.5M(256.0M)]
 [Times: user=0.03 sys=0.00, real=0.01 secs] 
2014-07-10T16:13:13.614+0200: 44.599: [GC pause (mixed), 0.0095730 secs]
   [Parallel Time: 9.1 ms, GC Workers: 2]
      [GC Worker Start (ms): Min: 44598.7, Avg: 44598.7, Max: 44598.7, Diff: 0.0]
      [Ext Root Scanning (ms): Min: 1.1, Avg: 1.1, Max: 1.2, Diff: 0.1, Sum: 2.2]
      [Update RS (ms): Min: 0.3, Avg: 0.3, Max: 0.4, Diff: 0.1, Sum: 0.6]
         [Processed Buffers: Min: 1, Avg: 3.5, Max: 6, Diff: 5, Sum: 7]
      [Scan RS (ms): Min: 0.1, Avg: 0.1, Max: 0.2, Diff: 0.1, Sum: 0.3]
      [Code Root Scanning (ms): Min: 0.0, Avg: 0.0, Max: 0.1, Diff: 0.1, Sum: 0.1]
      [Object Copy (ms): Min: 7.4, Avg: 7.4, Max: 7.4, Diff: 0.0, Sum: 14.9]
      [Termination (ms): Min: 0.0, Avg: 0.0, Max: 0.0, Diff: 0.0, Sum: 0.0]
      [GC Worker Other (ms): Min: 0.0, Avg: 0.0, Max: 0.0, Diff: 0.0, Sum: 0.1]
      [GC Worker Total (ms): Min: 9.1, Avg: 9.1, Max: 9.1, Diff: 0.0, Sum: 18.1]
      [GC Worker End (ms): Min: 44607.7, Avg: 44607.7, Max: 44607.7, Diff: 0.0]
   [Code Root Fixup: 0.0 ms]
   [Code Root Migration: 0.0 ms]
   [Clear CT: 0.1 ms]
   [Other: 0.3 ms]
      [Choose CSet: 0.0 ms]
      [Ref Proc: 0.0 ms]
      [Ref Enq: 0.0 ms]
      [Free CSet: 0.2 ms]
   [Eden: 9216.0K(9216.0K)->0.0B(67.0M) Survivors: 3072.0K->2048.0K Heap: 113.5M(256.0M)->96.5M(256.0M)]
 [Times: user=0.00 sys=0.01, real=0.01 secs] 
2014-07-10T16:13:13.735+0200: 44.720: [GC pause (young), 0.0453949 secs]
   [Parallel Time: 44.8 ms, GC Workers: 2]
      [GC Worker Start (ms): Min: 44719.6, Avg: 44719.6, Max: 44719.6, Diff: 0.0]
      [Ext Root Scanning (ms): Min: 1.1, Avg: 1.1, Max: 1.1, Diff: 0.0, Sum: 2.2]
      [Update RS (ms): Min: 0.4, Avg: 0.4, Max: 0.5, Diff: 0.1, Sum: 0.9]
         [Processed Buffers: Min: 1, Avg: 3.0, Max: 5, Diff: 4, Sum: 6]
      [Scan RS (ms): Min: 0.1, Avg: 0.1, Max: 0.1, Diff: 0.0, Sum: 0.2]
      [Code Root Scanning (ms): Min: 0.0, Avg: 0.0, Max: 0.0, Diff: 0.0, Sum: 0.1]
      [Object Copy (ms): Min: 43.0, Avg: 43.0, Max: 43.1, Diff: 0.0, Sum: 86.1]
      [Termination (ms): Min: 0.0, Avg: 0.0, Max: 0.0, Diff: 0.0, Sum: 0.0]
      [GC Worker Other (ms): Min: 0.0, Avg: 0.0, Max: 0.0, Diff: 0.0, Sum: 0.1]
      [GC Worker Total (ms): Min: 44.8, Avg: 44.8, Max: 44.8, Diff: 0.0, Sum: 89.5]
      [GC Worker End (ms): Min: 44764.4, Avg: 44764.4, Max: 44764.4, Diff: 0.0]
   [Code Root Fixup: 0.0 ms]
   [Code Root Migration: 0.0 ms]
   [Clear CT: 0.1 ms]
   [Other: 0.5 ms]
      [Choose CSet: 0.0 ms]
      [Ref Proc: 0.1 ms]
      [Ref Enq: 0.0 ms]
      [Free CSet: 0.2 ms]
   [Eden: 67.0M(67.0M)->0.0B(30.0M) Survivors: 2048.0K->9216.0K Heap: 163.5M(256.0M)->169.0M(256.0M)]
 [Times: user=0.09 sys=0.00, real=0.05 secs] 
2014-07-10T16:13:13.833+0200: 44.818: [GC pause (young) (initial-mark), 0.0210095 secs]
   [Parallel Time: 20.5 ms, GC Workers: 2]
      [GC Worker Start (ms): Min: 44817.9, Avg: 44817.9, Max: 44817.9, Diff: 0.0]
      [Ext Root Scanning (ms): Min: 1.1, Avg: 1.1, Max: 1.1, Diff: 0.0, Sum: 2.2]
      [Code Root Marking (ms): Min: 0.0, Avg: 0.1, Max: 0.1, Diff: 0.1, Sum: 0.1]
      [Update RS (ms): Min: 0.9, Avg: 0.9, Max: 0.9, Diff: 0.0, Sum: 1.8]
         [Processed Buffers: Min: 4, Avg: 5.5, Max: 7, Diff: 3, Sum: 11]
      [Scan RS (ms): Min: 0.0, Avg: 0.1, Max: 0.1, Diff: 0.0, Sum: 0.1]
      [Code Root Scanning (ms): Min: 0.0, Avg: 0.0, Max: 0.0, Diff: 0.0, Sum: 0.1]
      [Object Copy (ms): Min: 18.3, Avg: 18.3, Max: 18.4, Diff: 0.1, Sum: 36.7]
      [Termination (ms): Min: 0.0, Avg: 0.0, Max: 0.0, Diff: 0.0, Sum: 0.0]
      [GC Worker Other (ms): Min: 0.0, Avg: 0.0, Max: 0.0, Diff: 0.0, Sum: 0.1]
      [GC Worker Total (ms): Min: 20.5, Avg: 20.5, Max: 20.5, Diff: 0.0, Sum: 41.0]
      [GC Worker End (ms): Min: 44838.4, Avg: 44838.4, Max: 44838.4, Diff: 0.0]
   [Code Root Fixup: 0.0 ms]
   [Code Root Migration: 0.0 ms]
   [Clear CT: 0.1 ms]
   [Other: 0.4 ms]
      [Choose CSet: 0.0 ms]
      [Ref Proc: 0.0 ms]
      [Ref Enq: 0.0 ms]
      [Free CSet: 0.1 ms]
   [Eden: 30.0M(30.0M)->0.0B(19.0M) Survivors: 9216.0K->5120.0K Heap: 199.0M(256.0M)->191.5M(256.0M)]
 [Times: user=0.03 sys=0.00, real=0.02 secs] 
2014-07-10T16:13:13.854+0200: 44.839: [GC concurrent-root-region-scan-start]
2014-07-10T16:13:13.854+0200: 44.839: [GC concurrent-root-region-scan-end, 0.0000862 secs]
2014-07-10T16:13:13.854+0200: 44.839: [GC concurrent-mark-start]
2014-07-10T16:13:13.858+0200: 44.843: [GC concurrent-mark-end, 0.0032465 secs]
2014-07-10T16:13:13.859+0200: 44.844: [GC remark 2014-07-10T16:13:13.859+0200: 44.844: [GC ref-proc, 0.0000664 secs], 0.0013466 secs]
 [Times: user=0.00 sys=0.00, real=0.00 secs] 
2014-07-10T16:13:13.861+0200: 44.845: [GC cleanup 192M->88M(256M), 0.0007585 secs]
 [Times: user=0.00 sys=0.00, real=0.00 secs] 
2014-07-10T16:13:13.861+0200: 44.846: [GC concurrent-cleanup-start]
2014-07-10T16:13:13.862+0200: 44.846: [GC concurrent-cleanup-end, 0.0001932 secs]
2014-07-10T16:13:13.890+0200: 44.875: [GC pause (young), 0.0137360 secs]
   [Parallel Time: 13.4 ms, GC Workers: 2]
      [GC Worker Start (ms): Min: 44874.7, Avg: 44874.7, Max: 44874.7, Diff: 0.0]
      [Ext Root Scanning (ms): Min: 1.2, Avg: 1.2, Max: 1.2, Diff: 0.0, Sum: 2.4]
      [Update RS (ms): Min: 0.5, Avg: 0.5, Max: 0.5, Diff: 0.0, Sum: 1.0]
         [Processed Buffers: Min: 2, Avg: 3.0, Max: 4, Diff: 2, Sum: 6]
      [Scan RS (ms): Min: 0.0, Avg: 0.0, Max: 0.0, Diff: 0.0, Sum: 0.1]
      [Code Root Scanning (ms): Min: 0.0, Avg: 0.0, Max: 0.0, Diff: 0.0, Sum: 0.0]
      [Object Copy (ms): Min: 11.5, Avg: 11.5, Max: 11.5, Diff: 0.0, Sum: 23.0]
      [Termination (ms): Min: 0.0, Avg: 0.0, Max: 0.0, Diff: 0.0, Sum: 0.0]
      [GC Worker Other (ms): Min: 0.0, Avg: 0.0, Max: 0.0, Diff: 0.0, Sum: 0.1]
      [GC Worker Total (ms): Min: 13.3, Avg: 13.3, Max: 13.3, Diff: 0.0, Sum: 26.6]
      [GC Worker End (ms): Min: 44888.1, Avg: 44888.1, Max: 44888.1, Diff: 0.0]
   [Code Root Fixup: 0.0 ms]
   [Code Root Migration: 0.0 ms]
   [Clear CT: 0.0 ms]
   [Other: 0.3 ms]
      [Choose CSet: 0.0 ms]
      [Ref Proc: 0.1 ms]
      [Ref Enq: 0.0 ms]
      [Free CSet: 0.1 ms]
   [Eden: 19.0M(19.0M)->0.0B(9216.0K) Survivors: 5120.0K->3072.0K Heap: 106.5M(256.0M)->103.0M(256.0M)]
 [Times: user=0.00 sys=0.00, real=0.01 secs] 
2014-07-10T16:13:13.918+0200: 44.903: [GC pause (mixed), 0.0087814 secs]
   [Parallel Time: 8.2 ms, GC Workers: 2]
      [GC Worker Start (ms): Min: 44902.7, Avg: 44902.7, Max: 44902.7, Diff: 0.0]
      [Ext Root Scanning (ms): Min: 1.1, Avg: 1.1, Max: 1.2, Diff: 0.2, Sum: 2.3]
      [Update RS (ms): Min: 0.2, Avg: 0.3, Max: 0.4, Diff: 0.2, Sum: 0.6]
         [Processed Buffers: Min: 3, Avg: 3.5, Max: 4, Diff: 1, Sum: 7]
      [Scan RS (ms): Min: 0.1, Avg: 0.2, Max: 0.2, Diff: 0.0, Sum: 0.3]
      [Code Root Scanning (ms): Min: 0.0, Avg: 0.0, Max: 0.0, Diff: 0.0, Sum: 0.0]
      [Object Copy (ms): Min: 6.5, Avg: 6.5, Max: 6.5, Diff: 0.0, Sum: 13.0]
      [Termination (ms): Min: 0.0, Avg: 0.0, Max: 0.0, Diff: 0.0, Sum: 0.0]
      [GC Worker Other (ms): Min: 0.0, Avg: 0.0, Max: 0.0, Diff: 0.0, Sum: 0.1]
      [GC Worker Total (ms): Min: 8.2, Avg: 8.2, Max: 8.2, Diff: 0.0, Sum: 16.3]
      [GC Worker End (ms): Min: 44910.8, Avg: 44910.8, Max: 44910.8, Diff: 0.0]
   [Code Root Fixup: 0.0 ms]
   [Code Root Migration: 0.0 ms]
   [Clear CT: 0.1 ms]
   [Other: 0.4 ms]
      [Choose CSet: 0.0 ms]
      [Ref Proc: 0.2 ms]
      [Ref Enq: 0.0 ms]
      [Free CSet: 0.1 ms]
   [Eden: 9216.0K(9216.0K)->0.0B(67.0M) Survivors: 3072.0K->2048.0K Heap: 112.0M(256.0M)->97.0M(256.0M)]
 [Times: user=0.03 sys=0.00, real=0.01 secs] 
2014-07-10T16:13:14.037+0200: 45.022: [GC pause (young), 0.0443720 secs]
   [Parallel Time: 43.8 ms, GC Workers: 2]
      [GC Worker Start (ms): Min: 45021.6, Avg: 45021.6, Max: 45021.6, Diff: 0.0]
      [Ext Root Scanning (ms): Min: 1.0, Avg: 1.0, Max: 1.0, Diff: 0.1, Sum: 2.0]
      [Update RS (ms): Min: 0.4, Avg: 0.4, Max: 0.4, Diff: 0.0, Sum: 0.8]
         [Processed Buffers: Min: 1, Avg: 2.5, Max: 4, Diff: 3, Sum: 5]
      [Scan RS (ms): Min: 0.1, Avg: 0.1, Max: 0.1, Diff: 0.0, Sum: 0.2]
      [Code Root Scanning (ms): Min: 0.0, Avg: 0.0, Max: 0.1, Diff: 0.0, Sum: 0.1]
      [Object Copy (ms): Min: 42.3, Avg: 42.3, Max: 42.3, Diff: 0.0, Sum: 84.5]
      [Termination (ms): Min: 0.0, Avg: 0.0, Max: 0.0, Diff: 0.0, Sum: 0.0]
      [GC Worker Other (ms): Min: 0.0, Avg: 0.0, Max: 0.0, Diff: 0.0, Sum: 0.1]
      [GC Worker Total (ms): Min: 43.8, Avg: 43.8, Max: 43.8, Diff: 0.0, Sum: 87.6]
      [GC Worker End (ms): Min: 45065.4, Avg: 45065.4, Max: 45065.4, Diff: 0.0]
   [Code Root Fixup: 0.0 ms]
   [Code Root Migration: 0.0 ms]
   [Clear CT: 0.1 ms]
   [Other: 0.4 ms]
      [Choose CSet: 0.0 ms]
      [Ref Proc: 0.0 ms]
      [Ref Enq: 0.0 ms]
      [Free CSet: 0.1 ms]
   [Eden: 67.0M(67.0M)->0.0B(29.0M) Survivors: 2048.0K->9216.0K Heap: 164.0M(256.0M)->170.0M(256.0M)]
 [Times: user=0.09 sys=0.00, real=0.04 secs] 
2014-07-10T16:13:14.131+0200: 45.116: [GC pause (young) (initial-mark), 0.0197949 secs]
   [Parallel Time: 19.4 ms, GC Workers: 2]
      [GC Worker Start (ms): Min: 45115.7, Avg: 45115.7, Max: 45115.7, Diff: 0.0]
      [Ext Root Scanning (ms): Min: 1.0, Avg: 1.0, Max: 1.0, Diff: 0.0, Sum: 2.0]
      [Code Root Marking (ms): Min: 0.0, Avg: 0.1, Max: 0.1, Diff: 0.0, Sum: 0.1]
      [Update RS (ms): Min: 1.0, Avg: 1.0, Max: 1.0, Diff: 0.0, Sum: 2.0]
         [Processed Buffers: Min: 5, Avg: 6.0, Max: 7, Diff: 2, Sum: 12]
      [Scan RS (ms): Min: 0.0, Avg: 0.0, Max: 0.0, Diff: 0.0, Sum: 0.1]
      [Code Root Scanning (ms): Min: 0.0, Avg: 0.0, Max: 0.0, Diff: 0.0, Sum: 0.1]
      [Object Copy (ms): Min: 17.1, Avg: 17.1, Max: 17.1, Diff: 0.0, Sum: 34.3]
      [Termination (ms): Min: 0.0, Avg: 0.0, Max: 0.0, Diff: 0.0, Sum: 0.0]
      [GC Worker Other (ms): Min: 0.0, Avg: 0.0, Max: 0.1, Diff: 0.0, Sum: 0.1]
      [GC Worker Total (ms): Min: 19.3, Avg: 19.3, Max: 19.3, Diff: 0.0, Sum: 38.6]
      [GC Worker End (ms): Min: 45135.0, Avg: 45135.0, Max: 45135.0, Diff: 0.0]
   [Code Root Fixup: 0.0 ms]
   [Code Root Migration: 0.0 ms]
   [Clear CT: 0.0 ms]
   [Other: 0.4 ms]
      [Choose CSet: 0.0 ms]
      [Ref Proc: 0.1 ms]
      [Ref Enq: 0.0 ms]
      [Free CSet: 0.1 ms]
   [Eden: 29.0M(29.0M)->0.0B(19.0M) Survivors: 9216.0K->5120.0K Heap: 199.0M(256.0M)->190.0M(256.0M)]
 [Times: user=0.03 sys=0.00, real=0.02 secs] 
2014-07-10T16:13:14.151+0200: 45.136: [GC concurrent-root-region-scan-start]
2014-07-10T16:13:14.151+0200: 45.136: [GC concurrent-root-region-scan-end, 0.0000887 secs]
2014-07-10T16:13:14.151+0200: 45.136: [GC concurrent-mark-start]
2014-07-10T16:13:14.155+0200: 45.139: [GC concurrent-mark-end, 0.0034173 secs]
2014-07-10T16:13:14.155+0200: 45.140: [GC remark 2014-07-10T16:13:14.155+0200: 45.140: [GC ref-proc, 0.0000708 secs], 0.0010892 secs]
 [Times: user=0.00 sys=0.00, real=0.00 secs] 
2014-07-10T16:13:14.156+0200: 45.141: [GC cleanup 192M->92M(256M), 0.0007915 secs]
 [Times: user=0.00 sys=0.00, real=0.00 secs] 
2014-07-10T16:13:14.157+0200: 45.142: [GC concurrent-cleanup-start]
2014-07-10T16:13:14.157+0200: 45.142: [GC concurrent-cleanup-end, 0.0002244 secs]
2014-07-10T16:13:14.183+0200: 45.168: [GC pause (young), 0.0133166 secs]
   [Parallel Time: 13.1 ms, GC Workers: 2]
      [GC Worker Start (ms): Min: 45167.6, Avg: 45167.6, Max: 45167.6, Diff: 0.0]
      [Ext Root Scanning (ms): Min: 0.9, Avg: 0.9, Max: 1.0, Diff: 0.0, Sum: 1.9]
      [Update RS (ms): Min: 0.4, Avg: 0.5, Max: 0.5, Diff: 0.0, Sum: 0.9]
         [Processed Buffers: Min: 2, Avg: 3.0, Max: 4, Diff: 2, Sum: 6]
      [Scan RS (ms): Min: 0.0, Avg: 0.0, Max: 0.0, Diff: 0.0, Sum: 0.1]
      [Code Root Scanning (ms): Min: 0.0, Avg: 0.0, Max: 0.0, Diff: 0.0, Sum: 0.0]
      [Object Copy (ms): Min: 11.5, Avg: 11.5, Max: 11.6, Diff: 0.0, Sum: 23.1]
      [Termination (ms): Min: 0.0, Avg: 0.0, Max: 0.0, Diff: 0.0, Sum: 0.0]
      [GC Worker Other (ms): Min: 0.0, Avg: 0.0, Max: 0.0, Diff: 0.0, Sum: 0.1]
      [GC Worker Total (ms): Min: 13.0, Avg: 13.0, Max: 13.0, Diff: 0.0, Sum: 26.1]
      [GC Worker End (ms): Min: 45180.6, Avg: 45180.6, Max: 45180.6, Diff: 0.0]
   [Code Root Fixup: 0.0 ms]
   [Code Root Migration: 0.0 ms]
   [Clear CT: 0.0 ms]
   [Other: 0.2 ms]
      [Choose CSet: 0.0 ms]
      [Ref Proc: 0.0 ms]
      [Ref Enq: 0.0 ms]
      [Free CSet: 0.1 ms]
   [Eden: 19.0M(19.0M)->0.0B(9216.0K) Survivors: 5120.0K->3072.0K Heap: 109.0M(256.0M)->105.0M(256.0M)]
 [Times: user=0.03 sys=0.00, real=0.01 secs] 
2014-07-10T16:13:14.211+0200: 45.196: [GC pause (mixed), 0.0101416 secs]
   [Parallel Time: 9.7 ms, GC Workers: 2]
      [GC Worker Start (ms): Min: 45195.6, Avg: 45195.6, Max: 45195.6, Diff: 0.0]
      [Ext Root Scanning (ms): Min: 1.0, Avg: 1.1, Max: 1.2, Diff: 0.2, Sum: 2.2]
      [Update RS (ms): Min: 0.3, Avg: 0.4, Max: 0.5, Diff: 0.2, Sum: 0.8]
         [Processed Buffers: Min: 1, Avg: 3.0, Max: 5, Diff: 4, Sum: 6]
      [Scan RS (ms): Min: 0.1, Avg: 0.1, Max: 0.2, Diff: 0.0, Sum: 0.3]
      [Code Root Scanning (ms): Min: 0.0, Avg: 0.0, Max: 0.0, Diff: 0.0, Sum: 0.0]
      [Object Copy (ms): Min: 7.9, Avg: 7.9, Max: 7.9, Diff: 0.0, Sum: 15.8]
      [Termination (ms): Min: 0.0, Avg: 0.0, Max: 0.0, Diff: 0.0, Sum: 0.0]
      [GC Worker Other (ms): Min: 0.0, Avg: 0.0, Max: 0.0, Diff: 0.0, Sum: 0.1]
      [GC Worker Total (ms): Min: 9.6, Avg: 9.6, Max: 9.6, Diff: 0.0, Sum: 19.2]
      [GC Worker End (ms): Min: 45205.2, Avg: 45205.2, Max: 45205.2, Diff: 0.0]
   [Code Root Fixup: 0.0 ms]
   [Code Root Migration: 0.0 ms]
   [Clear CT: 0.1 ms]
   [Other: 0.3 ms]
      [Choose CSet: 0.0 ms]
      [Ref Proc: 0.1 ms]
      [Ref Enq: 0.0 ms]
      [Free CSet: 0.1 ms]
   [Eden: 9216.0K(9216.0K)->0.0B(66.0M) Survivors: 3072.0K->2048.0K Heap: 114.0M(256.0M)->100.5M(256.0M)]
 [Times: user=0.03 sys=0.00, real=0.01 secs] 
2014-07-10T16:13:14.330+0200: 45.315: [GC pause (young), 0.0448764 secs]
   [Parallel Time: 44.4 ms, GC Workers: 2]
      [GC Worker Start (ms): Min: 45314.6, Avg: 45314.6, Max: 45314.6, Diff: 0.0]
      [Ext Root Scanning (ms): Min: 1.1, Avg: 1.1, Max: 1.1, Diff: 0.1, Sum: 2.2]
      [Update RS (ms): Min: 0.4, Avg: 0.4, Max: 0.5, Diff: 0.1, Sum: 0.9]
         [Processed Buffers: Min: 2, Avg: 3.0, Max: 4, Diff: 2, Sum: 6]
      [Scan RS (ms): Min: 0.1, Avg: 0.1, Max: 0.1, Diff: 0.0, Sum: 0.2]
      [Code Root Scanning (ms): Min: 0.0, Avg: 0.0, Max: 0.0, Diff: 0.0, Sum: 0.1]
      [Object Copy (ms): Min: 42.1, Avg: 42.1, Max: 42.1, Diff: 0.0, Sum: 84.2]
      [Termination (ms): Min: 0.0, Avg: 0.3, Max: 0.7, Diff: 0.7, Sum: 0.7]
      [GC Worker Other (ms): Min: 0.0, Avg: 0.0, Max: 0.0, Diff: 0.0, Sum: 0.1]
      [GC Worker Total (ms): Min: 43.8, Avg: 44.1, Max: 44.4, Diff: 0.6, Sum: 88.3]
      [GC Worker End (ms): Min: 45358.5, Avg: 45358.7, Max: 45359.0, Diff: 0.6]
   [Code Root Fixup: 0.0 ms]
   [Code Root Migration: 0.0 ms]
   [Clear CT: 0.0 ms]
   [Other: 0.3 ms]
      [Choose CSet: 0.0 ms]
      [Ref Proc: 0.0 ms]
      [Ref Enq: 0.0 ms]
      [Free CSet: 0.1 ms]
   [Eden: 66.0M(66.0M)->0.0B(27.0M) Survivors: 2048.0K->9216.0K Heap: 166.5M(256.0M)->175.0M(256.0M)]
 [Times: user=0.09 sys=0.00, real=0.05 secs] 
2014-07-10T16:13:14.419+0200: 45.403: [GC pause (young) (initial-mark), 0.0221776 secs]
   [Parallel Time: 21.7 ms, GC Workers: 2]
      [GC Worker Start (ms): Min: 45403.7, Avg: 45403.7, Max: 45403.8, Diff: 0.1]
      [Ext Root Scanning (ms): Min: 1.0, Avg: 1.0, Max: 1.0, Diff: 0.0, Sum: 2.0]
      [Code Root Marking (ms): Min: 0.0, Avg: 0.1, Max: 0.1, Diff: 0.1, Sum: 0.1]
      [Update RS (ms): Min: 1.1, Avg: 1.1, Max: 1.1, Diff: 0.0, Sum: 2.2]
         [Processed Buffers: Min: 4, Avg: 5.5, Max: 7, Diff: 3, Sum: 11]
      [Scan RS (ms): Min: 0.0, Avg: 0.0, Max: 0.1, Diff: 0.0, Sum: 0.1]
      [Code Root Scanning (ms): Min: 0.0, Avg: 0.0, Max: 0.0, Diff: 0.0, Sum: 0.0]
      [Object Copy (ms): Min: 16.3, Avg: 16.4, Max: 16.5, Diff: 0.2, Sum: 32.8]
      [Termination (ms): Min: 0.0, Avg: 1.5, Max: 2.9, Diff: 2.9, Sum: 2.9]
      [GC Worker Other (ms): Min: 0.0, Avg: 0.0, Max: 0.0, Diff: 0.0, Sum: 0.1]
      [GC Worker Total (ms): Min: 18.8, Avg: 20.2, Max: 21.5, Diff: 2.7, Sum: 40.3]
      [GC Worker End (ms): Min: 45422.5, Avg: 45423.9, Max: 45425.3, Diff: 2.8]
   [Code Root Fixup: 0.0 ms]
   [Code Root Migration: 0.0 ms]
   [Clear CT: 0.1 ms]
   [Other: 0.4 ms]
      [Choose CSet: 0.0 ms]
      [Ref Proc: 0.1 ms]
      [Ref Enq: 0.0 ms]
      [Free CSet: 0.1 ms]
   [Eden: 27.0M(27.0M)->0.0B(17.0M) Survivors: 9216.0K->5120.0K Heap: 202.0M(256.0M)->194.0M(256.0M)]
 [Times: user=0.06 sys=0.00, real=0.02 secs] 
2014-07-10T16:13:14.441+0200: 45.426: [GC concurrent-root-region-scan-start]
2014-07-10T16:13:14.442+0200: 45.427: [GC concurrent-root-region-scan-end, 0.0010042 secs]
2014-07-10T16:13:14.442+0200: 45.427: [GC concurrent-mark-start]
2014-07-10T16:13:14.446+0200: 45.431: [GC concurrent-mark-end, 0.0036501 secs]
2014-07-10T16:13:14.446+0200: 45.431: [GC remark 2014-07-10T16:13:14.446+0200: 45.431: [GC ref-proc, 0.0000693 secs], 0.0009426 secs]
 [Times: user=0.00 sys=0.00, real=0.00 secs] 
2014-07-10T16:13:14.447+0200: 45.432: [GC cleanup 197M->94M(256M), 0.0008253 secs]
 [Times: user=0.00 sys=0.00, real=0.00 secs] 
2014-07-10T16:13:14.448+0200: 45.433: [GC concurrent-cleanup-start]
2014-07-10T16:13:14.448+0200: 45.433: [GC concurrent-cleanup-end, 0.0002196 secs]
2014-07-10T16:13:14.470+0200: 45.455: [GC pause (young), 0.0122383 secs]
   [Parallel Time: 12.0 ms, GC Workers: 2]
      [GC Worker Start (ms): Min: 45454.6, Avg: 45454.6, Max: 45454.6, Diff: 0.0]
      [Ext Root Scanning (ms): Min: 1.0, Avg: 1.1, Max: 1.1, Diff: 0.1, Sum: 2.1]
      [Update RS (ms): Min: 0.4, Avg: 0.4, Max: 0.5, Diff: 0.1, Sum: 0.9]
         [Processed Buffers: Min: 2, Avg: 3.0, Max: 4, Diff: 2, Sum: 6]
      [Scan RS (ms): Min: 0.0, Avg: 0.0, Max: 0.0, Diff: 0.0, Sum: 0.1]
      [Code Root Scanning (ms): Min: 0.0, Avg: 0.0, Max: 0.0, Diff: 0.0, Sum: 0.0]
      [Object Copy (ms): Min: 10.2, Avg: 10.2, Max: 10.2, Diff: 0.0, Sum: 20.4]
      [Termination (ms): Min: 0.0, Avg: 0.1, Max: 0.2, Diff: 0.2, Sum: 0.2]
      [GC Worker Other (ms): Min: 0.0, Avg: 0.0, Max: 0.0, Diff: 0.0, Sum: 0.0]
      [GC Worker Total (ms): Min: 11.8, Avg: 11.9, Max: 11.9, Diff: 0.2, Sum: 23.7]
      [GC Worker End (ms): Min: 45466.4, Avg: 45466.5, Max: 45466.6, Diff: 0.1]
   [Code Root Fixup: 0.0 ms]
   [Code Root Migration: 0.0 ms]
   [Clear CT: 0.0 ms]
   [Other: 0.2 ms]
      [Choose CSet: 0.0 ms]
      [Ref Proc: 0.0 ms]
      [Ref Enq: 0.0 ms]
      [Free CSet: 0.1 ms]
   [Eden: 17.0M(17.0M)->0.0B(9216.0K) Survivors: 5120.0K->3072.0K Heap: 108.0M(256.0M)->103.5M(256.0M)]
 [Times: user=0.02 sys=0.02, real=0.01 secs] 
2014-07-10T16:13:14.495+0200: 45.480: [GC pause (mixed), 0.0108345 secs]
   [Parallel Time: 10.3 ms, GC Workers: 2]
      [GC Worker Start (ms): Min: 45479.9, Avg: 45479.9, Max: 45479.9, Diff: 0.0]
      [Ext Root Scanning (ms): Min: 1.2, Avg: 1.3, Max: 1.3, Diff: 0.1, Sum: 2.6]
      [Update RS (ms): Min: 0.3, Avg: 0.4, Max: 0.4, Diff: 0.1, Sum: 0.8]
         [Processed Buffers: Min: 1, Avg: 2.5, Max: 4, Diff: 3, Sum: 5]
      [Scan RS (ms): Min: 0.1, Avg: 0.1, Max: 0.1, Diff: 0.0, Sum: 0.2]
      [Code Root Scanning (ms): Min: 0.0, Avg: 0.0, Max: 0.0, Diff: 0.0, Sum: 0.0]
      [Object Copy (ms): Min: 8.5, Avg: 8.5, Max: 8.5, Diff: 0.0, Sum: 16.9]
      [Termination (ms): Min: 0.0, Avg: 0.0, Max: 0.0, Diff: 0.0, Sum: 0.0]
      [GC Worker Other (ms): Min: 0.0, Avg: 0.0, Max: 0.0, Diff: 0.0, Sum: 0.1]
      [GC Worker Total (ms): Min: 10.3, Avg: 10.3, Max: 10.3, Diff: 0.0, Sum: 20.6]
      [GC Worker End (ms): Min: 45490.2, Avg: 45490.2, Max: 45490.2, Diff: 0.0]
   [Code Root Fixup: 0.0 ms]
   [Code Root Migration: 0.0 ms]
   [Clear CT: 0.1 ms]
   [Other: 0.4 ms]
      [Choose CSet: 0.0 ms]
      [Ref Proc: 0.0 ms]
      [Ref Enq: 0.0 ms]
      [Free CSet: 0.2 ms]
   [Eden: 9216.0K(9216.0K)->0.0B(67.0M) Survivors: 3072.0K->2048.0K Heap: 112.5M(256.0M)->97.5M(256.0M)]
 [Times: user=0.03 sys=0.00, real=0.01 secs] 
2014-07-10T16:13:14.618+0200: 45.603: [GC pause (young), 0.0438627 secs]
   [Parallel Time: 43.3 ms, GC Workers: 2]
      [GC Worker Start (ms): Min: 45603.0, Avg: 45603.0, Max: 45603.0, Diff: 0.0]
      [Ext Root Scanning (ms): Min: 1.1, Avg: 1.1, Max: 1.1, Diff: 0.0, Sum: 2.1]
      [Update RS (ms): Min: 0.4, Avg: 0.5, Max: 0.5, Diff: 0.0, Sum: 0.9]
         [Processed Buffers: Min: 1, Avg: 3.0, Max: 5, Diff: 4, Sum: 6]
      [Scan RS (ms): Min: 0.1, Avg: 0.1, Max: 0.2, Diff: 0.0, Sum: 0.3]
      [Code Root Scanning (ms): Min: 0.0, Avg: 0.0, Max: 0.0, Diff: 0.0, Sum: 0.1]
      [Object Copy (ms): Min: 41.5, Avg: 41.5, Max: 41.5, Diff: 0.0, Sum: 83.0]
      [Termination (ms): Min: 0.0, Avg: 0.0, Max: 0.0, Diff: 0.0, Sum: 0.0]
      [GC Worker Other (ms): Min: 0.0, Avg: 0.0, Max: 0.0, Diff: 0.0, Sum: 0.1]
      [GC Worker Total (ms): Min: 43.3, Avg: 43.3, Max: 43.3, Diff: 0.0, Sum: 86.5]
      [GC Worker End (ms): Min: 45646.3, Avg: 45646.3, Max: 45646.3, Diff: 0.0]
   [Code Root Fixup: 0.0 ms]
   [Code Root Migration: 0.0 ms]
   [Clear CT: 0.1 ms]
   [Other: 0.5 ms]
      [Choose CSet: 0.0 ms]
      [Ref Proc: 0.1 ms]
      [Ref Enq: 0.0 ms]
      [Free CSet: 0.1 ms]
   [Eden: 67.0M(67.0M)->0.0B(32.0M) Survivors: 2048.0K->9216.0K Heap: 164.5M(256.0M)->165.0M(256.0M)]
 [Times: user=0.09 sys=0.00, real=0.04 secs] 
2014-07-10T16:13:14.748+0200: 45.733: [GC pause (young) (initial-mark), 0.0281132 secs]
   [Parallel Time: 27.1 ms, GC Workers: 2]
      [GC Worker Start (ms): Min: 45733.3, Avg: 45735.8, Max: 45738.3, Diff: 5.0]
      [Ext Root Scanning (ms): Min: 0.0, Avg: 1.0, Max: 2.0, Diff: 2.0, Sum: 2.0]
      [Code Root Marking (ms): Min: 0.0, Avg: 0.1, Max: 0.1, Diff: 0.1, Sum: 0.1]
      [Update RS (ms): Min: 0.0, Avg: 1.0, Max: 2.1, Diff: 2.1, Sum: 2.1]
         [Processed Buffers: Min: 0, Avg: 5.0, Max: 10, Diff: 10, Sum: 10]
      [Scan RS (ms): Min: 0.0, Avg: 0.1, Max: 0.1, Diff: 0.1, Sum: 0.1]
      [Code Root Scanning (ms): Min: 0.0, Avg: 0.0, Max: 0.0, Diff: 0.0, Sum: 0.0]
      [Object Copy (ms): Min: 21.9, Avg: 22.3, Max: 22.6, Diff: 0.7, Sum: 44.6]
      [Termination (ms): Min: 0.0, Avg: 0.0, Max: 0.0, Diff: 0.0, Sum: 0.0]
      [GC Worker Other (ms): Min: 0.0, Avg: 0.0, Max: 0.0, Diff: 0.0, Sum: 0.1]
      [GC Worker Total (ms): Min: 22.0, Avg: 24.5, Max: 27.1, Diff: 5.0, Sum: 49.1]
      [GC Worker End (ms): Min: 45760.3, Avg: 45760.3, Max: 45760.3, Diff: 0.0]
   [Code Root Fixup: 0.0 ms]
   [Code Root Migration: 0.0 ms]
   [Clear CT: 0.0 ms]
   [Other: 0.9 ms]
      [Choose CSet: 0.0 ms]
      [Ref Proc: 0.7 ms]
      [Ref Enq: 0.0 ms]
      [Free CSet: 0.1 ms]
   [Eden: 32.0M(32.0M)->0.0B(20.0M) Survivors: 9216.0K->6144.0K Heap: 197.0M(256.0M)->188.5M(256.0M)]
 [Times: user=0.01 sys=0.00, real=0.03 secs] 
2014-07-10T16:13:14.777+0200: 45.762: [GC concurrent-root-region-scan-start]
2014-07-10T16:13:14.777+0200: 45.762: [GC concurrent-root-region-scan-end, 0.0001034 secs]
2014-07-10T16:13:14.777+0200: 45.762: [GC concurrent-mark-start]
2014-07-10T16:13:14.780+0200: 45.765: [GC concurrent-mark-end, 0.0034558 secs]
2014-07-10T16:13:14.781+0200: 45.766: [GC remark 2014-07-10T16:13:14.781+0200: 45.766: [GC ref-proc, 0.0000660 secs], 0.0011219 secs]
 [Times: user=0.00 sys=0.00, real=0.00 secs] 
2014-07-10T16:13:14.782+0200: 45.767: [GC cleanup 191M->91M(256M), 0.0008458 secs]
 [Times: user=0.00 sys=0.00, real=0.00 secs] 
2014-07-10T16:13:14.783+0200: 45.768: [GC concurrent-cleanup-start]
2014-07-10T16:13:14.783+0200: 45.768: [GC concurrent-cleanup-end, 0.0001826 secs]
2014-07-10T16:13:14.811+0200: 45.796: [GC pause (young), 0.0144135 secs]
   [Parallel Time: 14.1 ms, GC Workers: 2]
      [GC Worker Start (ms): Min: 45795.7, Avg: 45795.7, Max: 45795.7, Diff: 0.0]
      [Ext Root Scanning (ms): Min: 1.1, Avg: 1.1, Max: 1.1, Diff: 0.0, Sum: 2.3]
      [Update RS (ms): Min: 0.8, Avg: 1.0, Max: 1.1, Diff: 0.3, Sum: 1.9]
         [Processed Buffers: Min: 1, Avg: 4.0, Max: 7, Diff: 6, Sum: 8]
      [Scan RS (ms): Min: 0.0, Avg: 0.0, Max: 0.1, Diff: 0.1, Sum: 0.1]
      [Code Root Scanning (ms): Min: 0.0, Avg: 0.0, Max: 0.0, Diff: 0.0, Sum: 0.0]
      [Object Copy (ms): Min: 11.8, Avg: 11.9, Max: 12.0, Diff: 0.2, Sum: 23.7]
      [Termination (ms): Min: 0.0, Avg: 0.0, Max: 0.0, Diff: 0.0, Sum: 0.0]
      [GC Worker Other (ms): Min: 0.0, Avg: 0.0, Max: 0.0, Diff: 0.0, Sum: 0.1]
      [GC Worker Total (ms): Min: 14.1, Avg: 14.1, Max: 14.1, Diff: 0.0, Sum: 28.1]
      [GC Worker End (ms): Min: 45809.7, Avg: 45809.7, Max: 45809.7, Diff: 0.0]
   [Code Root Fixup: 0.0 ms]
   [Code Root Migration: 0.0 ms]
   [Clear CT: 0.0 ms]
   [Other: 0.3 ms]
      [Choose CSet: 0.0 ms]
      [Ref Proc: 0.0 ms]
      [Ref Enq: 0.0 ms]
      [Free CSet: 0.1 ms]
   [Eden: 20.0M(20.0M)->0.0B(8192.0K) Survivors: 6144.0K->4096.0K Heap: 108.5M(256.0M)->103.0M(256.0M)]
 [Times: user=0.03 sys=0.00, real=0.01 secs] 
2014-07-10T16:13:14.838+0200: 45.823: [GC pause (mixed), 0.0078073 secs]
   [Parallel Time: 7.4 ms, GC Workers: 2]
      [GC Worker Start (ms): Min: 45822.6, Avg: 45822.6, Max: 45822.6, Diff: 0.0]
      [Ext Root Scanning (ms): Min: 1.1, Avg: 1.1, Max: 1.2, Diff: 0.0, Sum: 2.3]
      [Update RS (ms): Min: 0.3, Avg: 0.3, Max: 0.3, Diff: 0.0, Sum: 0.6]
         [Processed Buffers: Min: 1, Avg: 2.5, Max: 4, Diff: 3, Sum: 5]
      [Scan RS (ms): Min: 0.1, Avg: 0.1, Max: 0.1, Diff: 0.0, Sum: 0.2]
      [Code Root Scanning (ms): Min: 0.0, Avg: 0.0, Max: 0.0, Diff: 0.0, Sum: 0.0]
      [Object Copy (ms): Min: 5.7, Avg: 5.8, Max: 5.8, Diff: 0.0, Sum: 11.5]
      [Termination (ms): Min: 0.0, Avg: 0.0, Max: 0.0, Diff: 0.0, Sum: 0.0]
      [GC Worker Other (ms): Min: 0.0, Avg: 0.0, Max: 0.0, Diff: 0.0, Sum: 0.1]
      [GC Worker Total (ms): Min: 7.4, Avg: 7.4, Max: 7.4, Diff: 0.0, Sum: 14.8]
      [GC Worker End (ms): Min: 45830.0, Avg: 45830.0, Max: 45830.0, Diff: 0.0]
   [Code Root Fixup: 0.0 ms]
   [Code Root Migration: 0.0 ms]
   [Clear CT: 0.1 ms]
   [Other: 0.3 ms]
      [Choose CSet: 0.0 ms]
      [Ref Proc: 0.0 ms]
      [Ref Enq: 0.0 ms]
      [Free CSet: 0.1 ms]
   [Eden: 8192.0K(8192.0K)->0.0B(67.0M) Survivors: 4096.0K->2048.0K Heap: 111.0M(256.0M)->96.5M(256.0M)]
 [Times: user=0.03 sys=0.00, real=0.01 secs] 
2014-07-10T16:13:14.956+0200: 45.941: [GC pause (young), 0.0448017 secs]
   [Parallel Time: 44.3 ms, GC Workers: 2]
      [GC Worker Start (ms): Min: 45940.9, Avg: 45940.9, Max: 45940.9, Diff: 0.0]
      [Ext Root Scanning (ms): Min: 1.0, Avg: 1.0, Max: 1.1, Diff: 0.0, Sum: 2.1]
      [Update RS (ms): Min: 0.4, Avg: 0.4, Max: 0.5, Diff: 0.1, Sum: 0.9]
         [Processed Buffers: Min: 1, Avg: 3.0, Max: 5, Diff: 4, Sum: 6]
      [Scan RS (ms): Min: 0.1, Avg: 0.1, Max: 0.1, Diff: 0.0, Sum: 0.2]
      [Code Root Scanning (ms): Min: 0.0, Avg: 0.0, Max: 0.1, Diff: 0.0, Sum: 0.1]
      [Object Copy (ms): Min: 42.6, Avg: 42.6, Max: 42.6, Diff: 0.0, Sum: 85.2]
      [Termination (ms): Min: 0.0, Avg: 0.0, Max: 0.0, Diff: 0.0, Sum: 0.0]
      [GC Worker Other (ms): Min: 0.0, Avg: 0.0, Max: 0.0, Diff: 0.0, Sum: 0.1]
      [GC Worker Total (ms): Min: 44.3, Avg: 44.3, Max: 44.3, Diff: 0.0, Sum: 88.5]
      [GC Worker End (ms): Min: 45985.2, Avg: 45985.2, Max: 45985.2, Diff: 0.0]
   [Code Root Fixup: 0.0 ms]
   [Code Root Migration: 0.0 ms]
   [Clear CT: 0.1 ms]
   [Other: 0.4 ms]
      [Choose CSet: 0.0 ms]
      [Ref Proc: 0.1 ms]
      [Ref Enq: 0.0 ms]
      [Free CSet: 0.1 ms]
   [Eden: 67.0M(67.0M)->0.0B(28.0M) Survivors: 2048.0K->9216.0K Heap: 163.5M(256.0M)->172.0M(256.0M)]
 [Times: user=0.09 sys=0.00, real=0.04 secs] 
2014-07-10T16:13:15.047+0200: 46.032: [GC pause (young) (initial-mark), 0.0197677 secs]
   [Parallel Time: 19.3 ms, GC Workers: 2]
      [GC Worker Start (ms): Min: 46031.9, Avg: 46031.9, Max: 46031.9, Diff: 0.0]
      [Ext Root Scanning (ms): Min: 1.1, Avg: 1.1, Max: 1.1, Diff: 0.0, Sum: 2.2]
      [Code Root Marking (ms): Min: 0.1, Avg: 0.1, Max: 0.1, Diff: 0.0, Sum: 0.1]
      [Update RS (ms): Min: 0.9, Avg: 0.9, Max: 0.9, Diff: 0.0, Sum: 1.8]
         [Processed Buffers: Min: 4, Avg: 4.5, Max: 5, Diff: 1, Sum: 9]
      [Scan RS (ms): Min: 0.0, Avg: 0.0, Max: 0.1, Diff: 0.0, Sum: 0.1]
      [Code Root Scanning (ms): Min: 0.0, Avg: 0.0, Max: 0.0, Diff: 0.0, Sum: 0.0]
      [Object Copy (ms): Min: 17.1, Avg: 17.1, Max: 17.2, Diff: 0.0, Sum: 34.3]
      [Termination (ms): Min: 0.0, Avg: 0.0, Max: 0.0, Diff: 0.0, Sum: 0.0]
      [GC Worker Other (ms): Min: 0.0, Avg: 0.0, Max: 0.0, Diff: 0.0, Sum: 0.1]
      [GC Worker Total (ms): Min: 19.3, Avg: 19.3, Max: 19.3, Diff: 0.0, Sum: 38.6]
      [GC Worker End (ms): Min: 46051.2, Avg: 46051.2, Max: 46051.2, Diff: 0.0]
   [Code Root Fixup: 0.0 ms]
   [Code Root Migration: 0.0 ms]
   [Clear CT: 0.0 ms]
   [Other: 0.4 ms]
      [Choose CSet: 0.0 ms]
      [Ref Proc: 0.0 ms]
      [Ref Enq: 0.0 ms]
      [Free CSet: 0.1 ms]
   [Eden: 28.0M(28.0M)->0.0B(18.0M) Survivors: 9216.0K->5120.0K Heap: 200.0M(256.0M)->192.5M(256.0M)]
 [Times: user=0.03 sys=0.00, real=0.02 secs] 
2014-07-10T16:13:15.067+0200: 46.052: [GC concurrent-root-region-scan-start]
2014-07-10T16:13:15.067+0200: 46.052: [GC concurrent-root-region-scan-end, 0.0001012 secs]
2014-07-10T16:13:15.067+0200: 46.052: [GC concurrent-mark-start]
2014-07-10T16:13:15.070+0200: 46.055: [GC concurrent-mark-end, 0.0031772 secs]
2014-07-10T16:13:15.071+0200: 46.056: [GC remark 2014-07-10T16:13:15.071+0200: 46.056: [GC ref-proc, 0.0000671 secs], 0.0010698 secs]
 [Times: user=0.00 sys=0.00, real=0.00 secs] 
2014-07-10T16:13:15.072+0200: 46.057: [GC cleanup 194M->99M(256M), 0.0007611 secs]
 [Times: user=0.00 sys=0.00, real=0.00 secs] 
2014-07-10T16:13:15.073+0200: 46.058: [GC concurrent-cleanup-start]
2014-07-10T16:13:15.073+0200: 46.058: [GC concurrent-cleanup-end, 0.0002035 secs]
2014-07-10T16:13:15.099+0200: 46.084: [GC pause (young), 0.0126918 secs]
   [Parallel Time: 12.4 ms, GC Workers: 2]
      [GC Worker Start (ms): Min: 46083.7, Avg: 46083.7, Max: 46083.7, Diff: 0.0]
      [Ext Root Scanning (ms): Min: 1.0, Avg: 1.0, Max: 1.1, Diff: 0.1, Sum: 2.0]
      [Update RS (ms): Min: 0.4, Avg: 0.5, Max: 0.5, Diff: 0.0, Sum: 0.9]
         [Processed Buffers: Min: 2, Avg: 3.5, Max: 5, Diff: 3, Sum: 7]
      [Scan RS (ms): Min: 0.0, Avg: 0.0, Max: 0.0, Diff: 0.0, Sum: 0.1]
      [Code Root Scanning (ms): Min: 0.0, Avg: 0.0, Max: 0.0, Diff: 0.0, Sum: 0.0]
      [Object Copy (ms): Min: 10.7, Avg: 10.8, Max: 10.8, Diff: 0.0, Sum: 21.5]
      [Termination (ms): Min: 0.0, Avg: 0.0, Max: 0.0, Diff: 0.0, Sum: 0.0]
      [GC Worker Other (ms): Min: 0.0, Avg: 0.0, Max: 0.0, Diff: 0.0, Sum: 0.0]
      [GC Worker Total (ms): Min: 12.3, Avg: 12.3, Max: 12.3, Diff: 0.0, Sum: 24.6]
      [GC Worker End (ms): Min: 46096.0, Avg: 46096.0, Max: 46096.0, Diff: 0.0]
   [Code Root Fixup: 0.0 ms]
   [Code Root Migration: 0.0 ms]
   [Clear CT: 0.0 ms]
   [Other: 0.3 ms]
      [Choose CSet: 0.0 ms]
      [Ref Proc: 0.1 ms]
      [Ref Enq: 0.0 ms]
      [Free CSet: 0.1 ms]
   [Eden: 18.0M(18.0M)->0.0B(9216.0K) Survivors: 5120.0K->3072.0K Heap: 115.5M(256.0M)->111.5M(256.0M)]
 [Times: user=0.03 sys=0.00, real=0.01 secs] 
2014-07-10T16:13:15.125+0200: 46.110: [GC pause (mixed), 0.0092892 secs]
   [Parallel Time: 8.7 ms, GC Workers: 2]
      [GC Worker Start (ms): Min: 46109.8, Avg: 46109.8, Max: 46109.8, Diff: 0.0]
      [Ext Root Scanning (ms): Min: 1.0, Avg: 1.1, Max: 1.1, Diff: 0.1, Sum: 2.1]
      [Update RS (ms): Min: 0.3, Avg: 0.3, Max: 0.3, Diff: 0.0, Sum: 0.6]
         [Processed Buffers: Min: 1, Avg: 4.0, Max: 7, Diff: 6, Sum: 8]
      [Scan RS (ms): Min: 0.1, Avg: 0.1, Max: 0.2, Diff: 0.0, Sum: 0.3]
      [Code Root Scanning (ms): Min: 0.0, Avg: 0.0, Max: 0.0, Diff: 0.0, Sum: 0.1]
      [Object Copy (ms): Min: 7.2, Avg: 7.2, Max: 7.2, Diff: 0.0, Sum: 14.3]
      [Termination (ms): Min: 0.0, Avg: 0.0, Max: 0.0, Diff: 0.0, Sum: 0.0]
      [GC Worker Other (ms): Min: 0.0, Avg: 0.0, Max: 0.0, Diff: 0.0, Sum: 0.1]
      [GC Worker Total (ms): Min: 8.7, Avg: 8.7, Max: 8.7, Diff: 0.0, Sum: 17.4]
      [GC Worker End (ms): Min: 46118.5, Avg: 46118.5, Max: 46118.5, Diff: 0.0]
   [Code Root Fixup: 0.0 ms]
   [Code Root Migration: 0.0 ms]
   [Clear CT: 0.1 ms]
   [Other: 0.4 ms]
      [Choose CSet: 0.0 ms]
      [Ref Proc: 0.0 ms]
      [Ref Enq: 0.0 ms]
      [Free CSet: 0.2 ms]
   [Eden: 9216.0K(9216.0K)->0.0B(68.0M) Survivors: 3072.0K->2048.0K Heap: 120.5M(256.0M)->95.5M(256.0M)]
 [Times: user=0.00 sys=0.00, real=0.01 secs] 
2014-07-10T16:13:15.246+0200: 46.231: [GC pause (young), 0.0453219 secs]
   [Parallel Time: 44.8 ms, GC Workers: 2]
      [GC Worker Start (ms): Min: 46231.0, Avg: 46231.0, Max: 46231.0, Diff: 0.0]
      [Ext Root Scanning (ms): Min: 1.1, Avg: 1.2, Max: 1.2, Diff: 0.1, Sum: 2.4]
      [Update RS (ms): Min: 0.4, Avg: 0.4, Max: 0.5, Diff: 0.0, Sum: 0.9]
         [Processed Buffers: Min: 1, Avg: 3.0, Max: 5, Diff: 4, Sum: 6]
      [Scan RS (ms): Min: 0.1, Avg: 0.1, Max: 0.1, Diff: 0.0, Sum: 0.2]
      [Code Root Scanning (ms): Min: 0.0, Avg: 0.0, Max: 0.0, Diff: 0.0, Sum: 0.1]
      [Object Copy (ms): Min: 43.0, Avg: 43.0, Max: 43.0, Diff: 0.0, Sum: 86.0]
      [Termination (ms): Min: 0.0, Avg: 0.0, Max: 0.0, Diff: 0.0, Sum: 0.0]
      [GC Worker Other (ms): Min: 0.0, Avg: 0.0, Max: 0.0, Diff: 0.0, Sum: 0.1]
      [GC Worker Total (ms): Min: 44.8, Avg: 44.8, Max: 44.8, Diff: 0.0, Sum: 89.6]
      [GC Worker End (ms): Min: 46275.8, Avg: 46275.8, Max: 46275.8, Diff: 0.0]
   [Code Root Fixup: 0.0 ms]
   [Code Root Migration: 0.0 ms]
   [Clear CT: 0.1 ms]
   [Other: 0.4 ms]
      [Choose CSet: 0.0 ms]
      [Ref Proc: 0.0 ms]
      [Ref Enq: 0.0 ms]
      [Free CSet: 0.1 ms]
   [Eden: 68.0M(68.0M)->0.0B(28.0M) Survivors: 2048.0K->9216.0K Heap: 163.5M(256.0M)->173.0M(256.0M)]
 [Times: user=0.06 sys=0.00, real=0.05 secs] 
2014-07-10T16:13:15.337+0200: 46.322: [GC pause (young) (initial-mark), 0.0192636 secs]
   [Parallel Time: 18.8 ms, GC Workers: 2]
      [GC Worker Start (ms): Min: 46321.9, Avg: 46321.9, Max: 46321.9, Diff: 0.0]
      [Ext Root Scanning (ms): Min: 1.2, Avg: 1.2, Max: 1.2, Diff: 0.0, Sum: 2.3]
      [Code Root Marking (ms): Min: 0.1, Avg: 0.1, Max: 0.1, Diff: 0.0, Sum: 0.1]
      [Update RS (ms): Min: 0.9, Avg: 1.0, Max: 1.0, Diff: 0.0, Sum: 1.9]
         [Processed Buffers: Min: 4, Avg: 4.5, Max: 5, Diff: 1, Sum: 9]
      [Scan RS (ms): Min: 0.0, Avg: 0.0, Max: 0.1, Diff: 0.0, Sum: 0.1]
      [Code Root Scanning (ms): Min: 0.0, Avg: 0.0, Max: 0.0, Diff: 0.0, Sum: 0.1]
      [Object Copy (ms): Min: 16.5, Avg: 16.5, Max: 16.5, Diff: 0.0, Sum: 33.0]
      [Termination (ms): Min: 0.0, Avg: 0.0, Max: 0.0, Diff: 0.0, Sum: 0.0]
      [GC Worker Other (ms): Min: 0.0, Avg: 0.0, Max: 0.0, Diff: 0.0, Sum: 0.1]
      [GC Worker Total (ms): Min: 18.8, Avg: 18.8, Max: 18.8, Diff: 0.0, Sum: 37.6]
      [GC Worker End (ms): Min: 46340.7, Avg: 46340.7, Max: 46340.7, Diff: 0.0]
   [Code Root Fixup: 0.0 ms]
   [Code Root Migration: 0.0 ms]
   [Clear CT: 0.1 ms]
   [Other: 0.3 ms]
      [Choose CSet: 0.0 ms]
      [Ref Proc: 0.0 ms]
      [Ref Enq: 0.0 ms]
      [Free CSet: 0.1 ms]
   [Eden: 28.0M(28.0M)->0.0B(18.0M) Survivors: 9216.0K->5120.0K Heap: 201.0M(256.0M)->192.0M(256.0M)]
 [Times: user=0.06 sys=0.00, real=0.02 secs] 
2014-07-10T16:13:15.356+0200: 46.341: [GC concurrent-root-region-scan-start]
2014-07-10T16:13:15.357+0200: 46.341: [GC concurrent-root-region-scan-end, 0.0000898 secs]
2014-07-10T16:13:15.357+0200: 46.341: [GC concurrent-mark-start]
2014-07-10T16:13:15.360+0200: 46.345: [GC concurrent-mark-end, 0.0034188 secs]
2014-07-10T16:13:15.361+0200: 46.346: [GC remark 2014-07-10T16:13:15.361+0200: 46.346: [GC ref-proc, 0.0000667 secs], 0.0010518 secs]
 [Times: user=0.00 sys=0.00, real=0.00 secs] 
2014-07-10T16:13:15.363+0200: 46.348: [GC cleanup 196M->88M(256M), 0.0008487 secs]
 [Times: user=0.00 sys=0.00, real=0.00 secs] 
2014-07-10T16:13:15.364+0200: 46.349: [GC concurrent-cleanup-start]
2014-07-10T16:13:15.364+0200: 46.349: [GC concurrent-cleanup-end, 0.0002277 secs]
2014-07-10T16:13:15.386+0200: 46.371: [GC pause (young), 0.0144531 secs]
   [Parallel Time: 14.2 ms, GC Workers: 2]
      [GC Worker Start (ms): Min: 46370.7, Avg: 46370.7, Max: 46370.7, Diff: 0.0]
      [Ext Root Scanning (ms): Min: 1.1, Avg: 1.2, Max: 1.3, Diff: 0.2, Sum: 2.4]
      [Update RS (ms): Min: 0.4, Avg: 0.4, Max: 0.5, Diff: 0.1, Sum: 0.9]
         [Processed Buffers: Min: 2, Avg: 3.5, Max: 5, Diff: 3, Sum: 7]
      [Scan RS (ms): Min: 0.0, Avg: 0.0, Max: 0.0, Diff: 0.0, Sum: 0.1]
      [Code Root Scanning (ms): Min: 0.0, Avg: 0.0, Max: 0.1, Diff: 0.0, Sum: 0.1]
      [Object Copy (ms): Min: 11.1, Avg: 11.2, Max: 11.2, Diff: 0.1, Sum: 22.3]
      [Termination (ms): Min: 0.0, Avg: 0.7, Max: 1.3, Diff: 1.3, Sum: 1.3]
      [GC Worker Other (ms): Min: 0.0, Avg: 0.0, Max: 0.0, Diff: 0.0, Sum: 0.1]
      [GC Worker Total (ms): Min: 13.0, Avg: 13.6, Max: 14.2, Diff: 1.2, Sum: 27.1]
      [GC Worker End (ms): Min: 46383.6, Avg: 46384.2, Max: 46384.8, Diff: 1.2]
   [Code Root Fixup: 0.0 ms]
   [Code Root Migration: 0.0 ms]
   [Clear CT: 0.0 ms]
   [Other: 0.2 ms]
      [Choose CSet: 0.0 ms]
      [Ref Proc: 0.0 ms]
      [Ref Enq: 0.0 ms]
      [Free CSet: 0.1 ms]
   [Eden: 18.0M(18.0M)->0.0B(9216.0K) Survivors: 5120.0K->3072.0K Heap: 102.0M(256.0M)->99.5M(256.0M)]
 [Times: user=0.03 sys=0.00, real=0.01 secs] 
2014-07-10T16:13:15.414+0200: 46.399: [GC pause (mixed), 0.0124462 secs]
   [Parallel Time: 11.8 ms, GC Workers: 2]
      [GC Worker Start (ms): Min: 46398.8, Avg: 46404.3, Max: 46409.9, Diff: 11.1]
      [Ext Root Scanning (ms): Min: 0.0, Avg: 0.9, Max: 1.7, Diff: 1.7, Sum: 1.7]
      [Update RS (ms): Min: 0.0, Avg: 0.3, Max: 0.6, Diff: 0.6, Sum: 0.6]
         [Processed Buffers: Min: 0, Avg: 2.5, Max: 5, Diff: 5, Sum: 5]
      [Scan RS (ms): Min: 0.0, Avg: 0.1, Max: 0.2, Diff: 0.2, Sum: 0.2]
      [Code Root Scanning (ms): Min: 0.0, Avg: 0.0, Max: 0.0, Diff: 0.0, Sum: 0.0]
      [Object Copy (ms): Min: 0.0, Avg: 4.3, Max: 8.6, Diff: 8.6, Sum: 8.6]
      [Termination (ms): Min: 0.0, Avg: 0.4, Max: 0.8, Diff: 0.8, Sum: 0.8]
      [GC Worker Other (ms): Min: 0.0, Avg: 0.0, Max: 0.0, Diff: 0.0, Sum: 0.0]
      [GC Worker Total (ms): Min: 0.1, Avg: 5.9, Max: 11.8, Diff: 11.8, Sum: 11.9]
      [GC Worker End (ms): Min: 46409.9, Avg: 46410.2, Max: 46410.6, Diff: 0.7]
   [Code Root Fixup: 0.0 ms]
   [Code Root Migration: 0.0 ms]
   [Clear CT: 0.3 ms]
   [Other: 0.3 ms]
      [Choose CSet: 0.0 ms]
      [Ref Proc: 0.1 ms]
      [Ref Enq: 0.0 ms]
      [Free CSet: 0.1 ms]
   [Eden: 9216.0K(9216.0K)->0.0B(68.0M) Survivors: 3072.0K->2048.0K Heap: 108.5M(256.0M)->97.0M(256.0M)]
 [Times: user=0.02 sys=0.00, real=0.01 secs] 
2014-07-10T16:13:15.539+0200: 46.524: [GC pause (young), 0.0443316 secs]
   [Parallel Time: 43.8 ms, GC Workers: 2]
      [GC Worker Start (ms): Min: 46523.8, Avg: 46523.8, Max: 46523.8, Diff: 0.0]
      [Ext Root Scanning (ms): Min: 1.1, Avg: 1.1, Max: 1.2, Diff: 0.1, Sum: 2.2]
      [Update RS (ms): Min: 0.2, Avg: 0.4, Max: 0.7, Diff: 0.5, Sum: 0.9]
         [Processed Buffers: Min: 1, Avg: 3.0, Max: 5, Diff: 4, Sum: 6]
      [Scan RS (ms): Min: 0.0, Avg: 0.1, Max: 0.2, Diff: 0.2, Sum: 0.2]
      [Code Root Scanning (ms): Min: 0.0, Avg: 0.0, Max: 0.1, Diff: 0.1, Sum: 0.1]
      [Object Copy (ms): Min: 42.0, Avg: 42.1, Max: 42.1, Diff: 0.1, Sum: 84.1]
      [Termination (ms): Min: 0.0, Avg: 0.0, Max: 0.0, Diff: 0.0, Sum: 0.0]
      [GC Worker Other (ms): Min: 0.0, Avg: 0.0, Max: 0.0, Diff: 0.0, Sum: 0.1]
      [GC Worker Total (ms): Min: 43.8, Avg: 43.8, Max: 43.8, Diff: 0.0, Sum: 87.6]
      [GC Worker End (ms): Min: 46567.6, Avg: 46567.6, Max: 46567.6, Diff: 0.0]
   [Code Root Fixup: 0.0 ms]
   [Code Root Migration: 0.0 ms]
   [Clear CT: 0.1 ms]
   [Other: 0.4 ms]
      [Choose CSet: 0.0 ms]
      [Ref Proc: 0.0 ms]
      [Ref Enq: 0.0 ms]
      [Free CSet: 0.1 ms]
   [Eden: 68.0M(68.0M)->0.0B(33.0M) Survivors: 2048.0K->9216.0K Heap: 165.0M(256.0M)->163.5M(256.0M)]
 [Times: user=0.09 sys=0.00, real=0.04 secs] 
2014-07-10T16:13:15.637+0200: 46.622: [GC pause (young) (initial-mark), 0.0222395 secs]
   [Parallel Time: 21.8 ms, GC Workers: 2]
      [GC Worker Start (ms): Min: 46622.0, Avg: 46622.0, Max: 46622.0, Diff: 0.0]
      [Ext Root Scanning (ms): Min: 1.1, Avg: 1.1, Max: 1.2, Diff: 0.0, Sum: 2.3]
      [Code Root Marking (ms): Min: 0.1, Avg: 0.1, Max: 0.1, Diff: 0.0, Sum: 0.1]
      [Update RS (ms): Min: 0.9, Avg: 0.9, Max: 0.9, Diff: 0.0, Sum: 1.8]
         [Processed Buffers: Min: 4, Avg: 5.5, Max: 7, Diff: 3, Sum: 11]
      [Scan RS (ms): Min: 0.0, Avg: 0.1, Max: 0.1, Diff: 0.0, Sum: 0.1]
      [Code Root Scanning (ms): Min: 0.0, Avg: 0.0, Max: 0.0, Diff: 0.0, Sum: 0.1]
      [Object Copy (ms): Min: 19.5, Avg: 19.5, Max: 19.5, Diff: 0.0, Sum: 39.0]
      [Termination (ms): Min: 0.0, Avg: 0.0, Max: 0.0, Diff: 0.0, Sum: 0.0]
      [GC Worker Other (ms): Min: 0.0, Avg: 0.0, Max: 0.0, Diff: 0.0, Sum: 0.1]
      [GC Worker Total (ms): Min: 21.7, Avg: 21.7, Max: 21.7, Diff: 0.0, Sum: 43.4]
      [GC Worker End (ms): Min: 46643.7, Avg: 46643.7, Max: 46643.7, Diff: 0.0]
   [Code Root Fixup: 0.0 ms]
   [Code Root Migration: 0.0 ms]
   [Clear CT: 0.0 ms]
   [Other: 0.4 ms]
      [Choose CSet: 0.0 ms]
      [Ref Proc: 0.0 ms]
      [Ref Enq: 0.0 ms]
      [Free CSet: 0.1 ms]
   [Eden: 33.0M(33.0M)->0.0B(21.0M) Survivors: 9216.0K->6144.0K Heap: 196.5M(256.0M)->187.0M(256.0M)]
 [Times: user=0.03 sys=0.00, real=0.02 secs] 
2014-07-10T16:13:15.660+0200: 46.644: [GC concurrent-root-region-scan-start]
2014-07-10T16:13:15.660+0200: 46.645: [GC concurrent-root-region-scan-end, 0.0001001 secs]
2014-07-10T16:13:15.660+0200: 46.645: [GC concurrent-mark-start]
2014-07-10T16:13:15.663+0200: 46.648: [GC concurrent-mark-end, 0.0033700 secs]
2014-07-10T16:13:15.663+0200: 46.648: [GC remark 2014-07-10T16:13:15.664+0200: 46.649: [GC ref-proc, 0.0000671 secs], 0.0012748 secs]
 [Times: user=0.00 sys=0.00, real=0.00 secs] 
2014-07-10T16:13:15.665+0200: 46.650: [GC cleanup 187M->85M(256M), 0.0008216 secs]
 [Times: user=0.00 sys=0.00, real=0.00 secs] 
2014-07-10T16:13:15.666+0200: 46.651: [GC concurrent-cleanup-start]
2014-07-10T16:13:15.666+0200: 46.651: [GC concurrent-cleanup-end, 0.0001917 secs]
2014-07-10T16:13:15.697+0200: 46.682: [GC pause (young), 0.0147248 secs]
   [Parallel Time: 14.3 ms, GC Workers: 2]
      [GC Worker Start (ms): Min: 46682.0, Avg: 46682.0, Max: 46682.0, Diff: 0.0]
      [Ext Root Scanning (ms): Min: 1.0, Avg: 1.1, Max: 1.1, Diff: 0.1, Sum: 2.2]
      [Update RS (ms): Min: 0.5, Avg: 0.5, Max: 0.5, Diff: 0.0, Sum: 1.0]
         [Processed Buffers: Min: 2, Avg: 3.0, Max: 4, Diff: 2, Sum: 6]
      [Scan RS (ms): Min: 0.0, Avg: 0.0, Max: 0.1, Diff: 0.1, Sum: 0.1]
      [Code Root Scanning (ms): Min: 0.0, Avg: 0.0, Max: 0.0, Diff: 0.0, Sum: 0.0]
      [Object Copy (ms): Min: 12.6, Avg: 12.6, Max: 12.6, Diff: 0.0, Sum: 25.2]
      [Termination (ms): Min: 0.0, Avg: 0.0, Max: 0.0, Diff: 0.0, Sum: 0.0]
      [GC Worker Other (ms): Min: 0.0, Avg: 0.0, Max: 0.0, Diff: 0.0, Sum: 0.1]
      [GC Worker Total (ms): Min: 14.3, Avg: 14.3, Max: 14.3, Diff: 0.0, Sum: 28.5]
      [GC Worker End (ms): Min: 46696.2, Avg: 46696.3, Max: 46696.3, Diff: 0.0]
   [Code Root Fixup: 0.0 ms]
   [Code Root Migration: 0.0 ms]
   [Clear CT: 0.2 ms]
   [Other: 0.2 ms]
      [Choose CSet: 0.0 ms]
      [Ref Proc: 0.0 ms]
      [Ref Enq: 0.0 ms]
      [Free CSet: 0.1 ms]
   [Eden: 21.0M(21.0M)->0.0B(8192.0K) Survivors: 6144.0K->4096.0K Heap: 106.0M(256.0M)->101.0M(256.0M)]
 [Times: user=0.03 sys=0.00, real=0.01 secs] 
2014-07-10T16:13:15.725+0200: 46.710: [GC pause (mixed), 0.0080016 secs]
   [Parallel Time: 7.7 ms, GC Workers: 2]
      [GC Worker Start (ms): Min: 46709.8, Avg: 46709.8, Max: 46709.8, Diff: 0.0]
      [Ext Root Scanning (ms): Min: 1.0, Avg: 1.0, Max: 1.1, Diff: 0.0, Sum: 2.1]
      [Update RS (ms): Min: 0.3, Avg: 0.3, Max: 0.3, Diff: 0.0, Sum: 0.6]
         [Processed Buffers: Min: 3, Avg: 3.5, Max: 4, Diff: 1, Sum: 7]
      [Scan RS (ms): Min: 0.0, Avg: 0.1, Max: 0.1, Diff: 0.0, Sum: 0.1]
      [Code Root Scanning (ms): Min: 0.0, Avg: 0.0, Max: 0.0, Diff: 0.0, Sum: 0.0]
      [Object Copy (ms): Min: 6.1, Avg: 6.1, Max: 6.1, Diff: 0.0, Sum: 12.3]
      [Termination (ms): Min: 0.0, Avg: 0.0, Max: 0.0, Diff: 0.0, Sum: 0.0]
      [GC Worker Other (ms): Min: 0.0, Avg: 0.0, Max: 0.0, Diff: 0.0, Sum: 0.0]
      [GC Worker Total (ms): Min: 7.6, Avg: 7.6, Max: 7.6, Diff: 0.0, Sum: 15.2]
      [GC Worker End (ms): Min: 46717.4, Avg: 46717.4, Max: 46717.4, Diff: 0.0]
   [Code Root Fixup: 0.0 ms]
   [Code Root Migration: 0.0 ms]
   [Clear CT: 0.1 ms]
   [Other: 0.3 ms]
      [Choose CSet: 0.0 ms]
      [Ref Proc: 0.0 ms]
      [Ref Enq: 0.0 ms]
      [Free CSet: 0.1 ms]
   [Eden: 8192.0K(8192.0K)->0.0B(66.0M) Survivors: 4096.0K->2048.0K Heap: 109.0M(256.0M)->100.5M(256.0M)]
 [Times: user=0.03 sys=0.00, real=0.01 secs] 
2014-07-10T16:13:15.843+0200: 46.828: [GC pause (young), 0.0442429 secs]
   [Parallel Time: 43.8 ms, GC Workers: 2]
      [GC Worker Start (ms): Min: 46827.7, Avg: 46827.7, Max: 46827.7, Diff: 0.0]
      [Ext Root Scanning (ms): Min: 1.1, Avg: 1.2, Max: 1.2, Diff: 0.0, Sum: 2.3]
      [Update RS (ms): Min: 0.3, Avg: 0.4, Max: 0.4, Diff: 0.1, Sum: 0.7]
         [Processed Buffers: Min: 2, Avg: 3.0, Max: 4, Diff: 2, Sum: 6]
      [Scan RS (ms): Min: 0.1, Avg: 0.1, Max: 0.1, Diff: 0.0, Sum: 0.2]
      [Code Root Scanning (ms): Min: 0.0, Avg: 0.0, Max: 0.0, Diff: 0.0, Sum: 0.1]
      [Object Copy (ms): Min: 42.0, Avg: 42.1, Max: 42.1, Diff: 0.0, Sum: 84.1]
      [Termination (ms): Min: 0.0, Avg: 0.0, Max: 0.0, Diff: 0.0, Sum: 0.0]
      [GC Worker Other (ms): Min: 0.0, Avg: 0.0, Max: 0.0, Diff: 0.0, Sum: 0.1]
      [GC Worker Total (ms): Min: 43.8, Avg: 43.8, Max: 43.8, Diff: 0.0, Sum: 87.6]
      [GC Worker End (ms): Min: 46871.5, Avg: 46871.5, Max: 46871.5, Diff: 0.0]
   [Code Root Fixup: 0.0 ms]
   [Code Root Migration: 0.0 ms]
   [Clear CT: 0.1 ms]
   [Other: 0.4 ms]
      [Choose CSet: 0.0 ms]
      [Ref Proc: 0.0 ms]
      [Ref Enq: 0.0 ms]
      [Free CSet: 0.1 ms]
   [Eden: 66.0M(66.0M)->0.0B(27.0M) Survivors: 2048.0K->9216.0K Heap: 166.5M(256.0M)->175.0M(256.0M)]
 [Times: user=0.09 sys=0.00, real=0.04 secs] 
2014-07-10T16:13:15.931+0200: 46.916: [GC pause (young) (initial-mark), 0.0200845 secs]
   [Parallel Time: 19.7 ms, GC Workers: 2]
      [GC Worker Start (ms): Min: 46915.9, Avg: 46915.9, Max: 46915.9, Diff: 0.0]
      [Ext Root Scanning (ms): Min: 1.2, Avg: 1.2, Max: 1.2, Diff: 0.0, Sum: 2.3]
      [Code Root Marking (ms): Min: 0.1, Avg: 0.1, Max: 0.1, Diff: 0.0, Sum: 0.1]
      [Update RS (ms): Min: 0.9, Avg: 0.9, Max: 0.9, Diff: 0.0, Sum: 1.8]
         [Processed Buffers: Min: 4, Avg: 5.0, Max: 6, Diff: 2, Sum: 10]
      [Scan RS (ms): Min: 0.0, Avg: 0.0, Max: 0.1, Diff: 0.0, Sum: 0.1]
      [Code Root Scanning (ms): Min: 0.0, Avg: 0.0, Max: 0.0, Diff: 0.0, Sum: 0.0]
      [Object Copy (ms): Min: 17.4, Avg: 17.4, Max: 17.4, Diff: 0.0, Sum: 34.8]
      [Termination (ms): Min: 0.0, Avg: 0.0, Max: 0.0, Diff: 0.0, Sum: 0.0]
      [GC Worker Other (ms): Min: 0.0, Avg: 0.0, Max: 0.0, Diff: 0.0, Sum: 0.1]
      [GC Worker Total (ms): Min: 19.6, Avg: 19.6, Max: 19.6, Diff: 0.0, Sum: 39.3]
      [GC Worker End (ms): Min: 46935.5, Avg: 46935.5, Max: 46935.5, Diff: 0.0]
   [Code Root Fixup: 0.0 ms]
   [Code Root Migration: 0.0 ms]
   [Clear CT: 0.0 ms]
   [Other: 0.3 ms]
      [Choose CSet: 0.0 ms]
      [Ref Proc: 0.1 ms]
      [Ref Enq: 0.0 ms]
      [Free CSet: 0.1 ms]
   [Eden: 27.0M(27.0M)->0.0B(17.0M) Survivors: 9216.0K->5120.0K Heap: 202.0M(256.0M)->194.5M(256.0M)]
 [Times: user=0.05 sys=0.00, real=0.02 secs] 
2014-07-10T16:13:15.951+0200: 46.936: [GC concurrent-root-region-scan-start]
2014-07-10T16:13:15.951+0200: 46.936: [GC concurrent-root-region-scan-end, 0.0000862 secs]
2014-07-10T16:13:15.951+0200: 46.936: [GC concurrent-mark-start]
2014-07-10T16:13:15.955+0200: 46.940: [GC concurrent-mark-end, 0.0033719 secs]
2014-07-10T16:13:15.956+0200: 46.941: [GC remark 2014-07-10T16:13:15.956+0200: 46.941: [GC ref-proc, 0.0000730 secs], 0.0010911 secs]
 [Times: user=0.00 sys=0.00, real=0.00 secs] 
2014-07-10T16:13:15.957+0200: 46.942: [GC cleanup 197M->83M(256M), 0.0007787 secs]
 [Times: user=0.00 sys=0.00, real=0.00 secs] 
2014-07-10T16:13:15.958+0200: 46.943: [GC concurrent-cleanup-start]
2014-07-10T16:13:15.958+0200: 46.943: [GC concurrent-cleanup-end, 0.0002376 secs]
2014-07-10T16:13:15.980+0200: 46.965: [GC pause (young), 0.0125177 secs]
   [Parallel Time: 12.2 ms, GC Workers: 2]
      [GC Worker Start (ms): Min: 46965.1, Avg: 46965.4, Max: 46965.6, Diff: 0.5]
      [Ext Root Scanning (ms): Min: 1.0, Avg: 1.2, Max: 1.3, Diff: 0.4, Sum: 2.3]
      [Update RS (ms): Min: 0.4, Avg: 0.4, Max: 0.5, Diff: 0.1, Sum: 0.9]
         [Processed Buffers: Min: 2, Avg: 4.0, Max: 6, Diff: 4, Sum: 8]
      [Scan RS (ms): Min: 0.0, Avg: 0.0, Max: 0.0, Diff: 0.0, Sum: 0.1]
      [Code Root Scanning (ms): Min: 0.0, Avg: 0.0, Max: 0.0, Diff: 0.0, Sum: 0.0]
      [Object Copy (ms): Min: 10.1, Avg: 10.1, Max: 10.1, Diff: 0.0, Sum: 20.2]
      [Termination (ms): Min: 0.0, Avg: 0.0, Max: 0.0, Diff: 0.0, Sum: 0.0]
      [GC Worker Other (ms): Min: 0.0, Avg: 0.1, Max: 0.1, Diff: 0.1, Sum: 0.2]
      [GC Worker Total (ms): Min: 11.6, Avg: 11.8, Max: 12.1, Diff: 0.5, Sum: 23.7]
      [GC Worker End (ms): Min: 46977.2, Avg: 46977.2, Max: 46977.2, Diff: 0.0]
   [Code Root Fixup: 0.0 ms]
   [Code Root Migration: 0.0 ms]
   [Clear CT: 0.0 ms]
   [Other: 0.3 ms]
      [Choose CSet: 0.0 ms]
      [Ref Proc: 0.0 ms]
      [Ref Enq: 0.0 ms]
      [Free CSet: 0.1 ms]
   [Eden: 17.0M(17.0M)->0.0B(9216.0K) Survivors: 5120.0K->3072.0K Heap: 97.5M(256.0M)->93.0M(256.0M)]
 [Times: user=0.00 sys=0.00, real=0.01 secs] 
2014-07-10T16:13:16.007+0200: 46.992: [GC pause (mixed), 0.0091092 secs]
   [Parallel Time: 8.7 ms, GC Workers: 2]
      [GC Worker Start (ms): Min: 46991.7, Avg: 46991.7, Max: 46991.7, Diff: 0.0]
      [Ext Root Scanning (ms): Min: 1.1, Avg: 1.1, Max: 1.1, Diff: 0.1, Sum: 2.2]
      [Update RS (ms): Min: 0.3, Avg: 0.3, Max: 0.3, Diff: 0.0, Sum: 0.6]
         [Processed Buffers: Min: 1, Avg: 2.5, Max: 4, Diff: 3, Sum: 5]
      [Scan RS (ms): Min: 0.0, Avg: 0.1, Max: 0.1, Diff: 0.1, Sum: 0.1]
      [Code Root Scanning (ms): Min: 0.0, Avg: 0.0, Max: 0.0, Diff: 0.0, Sum: 0.0]
      [Object Copy (ms): Min: 7.1, Avg: 7.1, Max: 7.1, Diff: 0.0, Sum: 14.1]
      [Termination (ms): Min: 0.0, Avg: 0.0, Max: 0.0, Diff: 0.0, Sum: 0.0]
      [GC Worker Other (ms): Min: 0.0, Avg: 0.0, Max: 0.0, Diff: 0.0, Sum: 0.1]
      [GC Worker Total (ms): Min: 8.6, Avg: 8.6, Max: 8.6, Diff: 0.0, Sum: 17.2]
      [GC Worker End (ms): Min: 47000.3, Avg: 47000.3, Max: 47000.3, Diff: 0.0]
   [Code Root Fixup: 0.0 ms]
   [Code Root Migration: 0.0 ms]
   [Clear CT: 0.0 ms]
   [Other: 0.4 ms]
      [Choose CSet: 0.0 ms]
      [Ref Proc: 0.2 ms]
      [Ref Enq: 0.0 ms]
      [Free CSet: 0.1 ms]
   [Eden: 9216.0K(9216.0K)->0.0B(69.0M) Survivors: 3072.0K->2048.0K Heap: 102.0M(256.0M)->94.5M(256.0M)]
 [Times: user=0.03 sys=0.00, real=0.01 secs] 
2014-07-10T16:13:16.129+0200: 47.114: [GC pause (young), 0.0464841 secs]
   [Parallel Time: 45.9 ms, GC Workers: 2]
      [GC Worker Start (ms): Min: 47113.9, Avg: 47113.9, Max: 47113.9, Diff: 0.0]
      [Ext Root Scanning (ms): Min: 1.1, Avg: 1.3, Max: 1.4, Diff: 0.3, Sum: 2.6]
      [Update RS (ms): Min: 0.4, Avg: 0.4, Max: 0.5, Diff: 0.1, Sum: 0.9]
         [Processed Buffers: Min: 1, Avg: 3.0, Max: 5, Diff: 4, Sum: 6]
      [Scan RS (ms): Min: 0.0, Avg: 0.1, Max: 0.2, Diff: 0.2, Sum: 0.2]
      [Code Root Scanning (ms): Min: 0.0, Avg: 0.0, Max: 0.1, Diff: 0.1, Sum: 0.1]
      [Object Copy (ms): Min: 44.0, Avg: 44.0, Max: 44.0, Diff: 0.0, Sum: 88.0]
      [Termination (ms): Min: 0.0, Avg: 0.0, Max: 0.0, Diff: 0.0, Sum: 0.0]
      [GC Worker Other (ms): Min: 0.0, Avg: 0.0, Max: 0.0, Diff: 0.0, Sum: 0.1]
      [GC Worker Total (ms): Min: 45.9, Avg: 45.9, Max: 45.9, Diff: 0.0, Sum: 91.8]
      [GC Worker End (ms): Min: 47159.8, Avg: 47159.8, Max: 47159.8, Diff: 0.0]
   [Code Root Fixup: 0.0 ms]
   [Code Root Migration: 0.0 ms]
   [Clear CT: 0.0 ms]
   [Other: 0.5 ms]
      [Choose CSet: 0.0 ms]
      [Ref Proc: 0.2 ms]
      [Ref Enq: 0.0 ms]
      [Free CSet: 0.1 ms]
   [Eden: 69.0M(69.0M)->0.0B(29.0M) Survivors: 2048.0K->9216.0K Heap: 163.5M(256.0M)->170.5M(256.0M)]
 [Times: user=0.09 sys=0.00, real=0.05 secs] 
2014-07-10T16:13:16.222+0200: 47.207: [GC pause (young) (initial-mark), 0.0203272 secs]
   [Parallel Time: 19.9 ms, GC Workers: 2]
      [GC Worker Start (ms): Min: 47207.0, Avg: 47207.0, Max: 47207.0, Diff: 0.0]
      [Ext Root Scanning (ms): Min: 1.2, Avg: 1.2, Max: 1.2, Diff: 0.0, Sum: 2.4]
      [Code Root Marking (ms): Min: 0.1, Avg: 0.1, Max: 0.1, Diff: 0.0, Sum: 0.1]
      [Update RS (ms): Min: 0.9, Avg: 0.9, Max: 1.0, Diff: 0.1, Sum: 1.8]
         [Processed Buffers: Min: 4, Avg: 5.0, Max: 6, Diff: 2, Sum: 10]
      [Scan RS (ms): Min: 0.0, Avg: 0.0, Max: 0.1, Diff: 0.0, Sum: 0.1]
      [Code Root Scanning (ms): Min: 0.0, Avg: 0.0, Max: 0.0, Diff: 0.0, Sum: 0.1]
      [Object Copy (ms): Min: 17.6, Avg: 17.6, Max: 17.6, Diff: 0.0, Sum: 35.2]
      [Termination (ms): Min: 0.0, Avg: 0.0, Max: 0.0, Diff: 0.0, Sum: 0.0]
      [GC Worker Other (ms): Min: 0.0, Avg: 0.0, Max: 0.0, Diff: 0.0, Sum: 0.1]
      [GC Worker Total (ms): Min: 19.9, Avg: 19.9, Max: 19.9, Diff: 0.0, Sum: 39.8]
      [GC Worker End (ms): Min: 47226.9, Avg: 47226.9, Max: 47226.9, Diff: 0.0]
   [Code Root Fixup: 0.0 ms]
   [Code Root Migration: 0.0 ms]
   [Clear CT: 0.0 ms]
   [Other: 0.3 ms]
      [Choose CSet: 0.0 ms]
      [Ref Proc: 0.0 ms]
      [Ref Enq: 0.0 ms]
      [Free CSet: 0.1 ms]
   [Eden: 29.0M(29.0M)->0.0B(19.0M) Survivors: 9216.0K->5120.0K Heap: 199.5M(256.0M)->191.5M(256.0M)]
 [Times: user=0.03 sys=0.00, real=0.02 secs] 
2014-07-10T16:13:16.243+0200: 47.228: [GC concurrent-root-region-scan-start]
2014-07-10T16:13:16.243+0200: 47.228: [GC concurrent-root-region-scan-end, 0.0000884 secs]
2014-07-10T16:13:16.243+0200: 47.228: [GC concurrent-mark-start]
2014-07-10T16:13:16.247+0200: 47.232: [GC concurrent-mark-end, 0.0044087 secs]
2014-07-10T16:13:16.247+0200: 47.232: [GC remark 2014-07-10T16:13:16.247+0200: 47.232: [GC ref-proc, 0.0000686 secs], 0.0014636 secs]
 [Times: user=0.00 sys=0.00, real=0.00 secs] 
2014-07-10T16:13:16.249+0200: 47.234: [GC cleanup 193M->88M(256M), 0.0008700 secs]
 [Times: user=0.00 sys=0.00, real=0.00 secs] 
2014-07-10T16:13:16.250+0200: 47.235: [GC concurrent-cleanup-start]
2014-07-10T16:13:16.250+0200: 47.235: [GC concurrent-cleanup-end, 0.0001840 secs]
2014-07-10T16:13:16.277+0200: 47.262: [GC pause (young), 0.0144755 secs]
   [Parallel Time: 14.0 ms, GC Workers: 2]
      [GC Worker Start (ms): Min: 47262.3, Avg: 47262.3, Max: 47262.3, Diff: 0.0]
      [Ext Root Scanning (ms): Min: 1.0, Avg: 1.0, Max: 1.0, Diff: 0.0, Sum: 2.0]
      [Update RS (ms): Min: 0.5, Avg: 0.5, Max: 0.5, Diff: 0.0, Sum: 1.0]
         [Processed Buffers: Min: 2, Avg: 3.5, Max: 5, Diff: 3, Sum: 7]
      [Scan RS (ms): Min: 0.0, Avg: 0.0, Max: 0.0, Diff: 0.0, Sum: 0.1]
      [Code Root Scanning (ms): Min: 0.0, Avg: 0.0, Max: 0.0, Diff: 0.0, Sum: 0.0]
      [Object Copy (ms): Min: 12.5, Avg: 12.5, Max: 12.5, Diff: 0.0, Sum: 24.9]
      [Termination (ms): Min: 0.0, Avg: 0.0, Max: 0.0, Diff: 0.0, Sum: 0.0]
      [GC Worker Other (ms): Min: 0.0, Avg: 0.0, Max: 0.0, Diff: 0.0, Sum: 0.0]
      [GC Worker Total (ms): Min: 14.0, Avg: 14.0, Max: 14.0, Diff: 0.0, Sum: 28.0]
      [GC Worker End (ms): Min: 47276.3, Avg: 47276.3, Max: 47276.3, Diff: 0.0]
   [Code Root Fixup: 0.0 ms]
   [Code Root Migration: 0.0 ms]
   [Clear CT: 0.0 ms]
   [Other: 0.4 ms]
      [Choose CSet: 0.0 ms]
      [Ref Proc: 0.0 ms]
      [Ref Enq: 0.0 ms]
      [Free CSet: 0.2 ms]
   [Eden: 19.0M(19.0M)->0.0B(9216.0K) Survivors: 5120.0K->3072.0K Heap: 105.5M(256.0M)->105.0M(256.0M)]
 [Times: user=0.02 sys=0.00, real=0.02 secs] 
2014-07-10T16:13:16.310+0200: 47.295: [GC pause (mixed), 0.0083649 secs]
   [Parallel Time: 8.0 ms, GC Workers: 2]
      [GC Worker Start (ms): Min: 47294.8, Avg: 47294.8, Max: 47294.8, Diff: 0.0]
      [Ext Root Scanning (ms): Min: 0.9, Avg: 0.9, Max: 0.9, Diff: 0.0, Sum: 1.9]
      [Update RS (ms): Min: 0.3, Avg: 0.3, Max: 0.3, Diff: 0.0, Sum: 0.6]
         [Processed Buffers: Min: 1, Avg: 3.5, Max: 6, Diff: 5, Sum: 7]
      [Scan RS (ms): Min: 0.1, Avg: 0.1, Max: 0.1, Diff: 0.0, Sum: 0.2]
      [Code Root Scanning (ms): Min: 0.0, Avg: 0.0, Max: 0.0, Diff: 0.0, Sum: 0.0]
      [Object Copy (ms): Min: 6.6, Avg: 6.6, Max: 6.6, Diff: 0.0, Sum: 13.1]
      [Termination (ms): Min: 0.0, Avg: 0.0, Max: 0.0, Diff: 0.0, Sum: 0.0]
      [GC Worker Other (ms): Min: 0.0, Avg: 0.0, Max: 0.0, Diff: 0.0, Sum: 0.1]
      [GC Worker Total (ms): Min: 7.9, Avg: 7.9, Max: 7.9, Diff: 0.0, Sum: 15.9]
      [GC Worker End (ms): Min: 47302.7, Avg: 47302.7, Max: 47302.7, Diff: 0.0]
   [Code Root Fixup: 0.0 ms]
   [Code Root Migration: 0.0 ms]
   [Clear CT: 0.1 ms]
   [Other: 0.3 ms]
      [Choose CSet: 0.0 ms]
      [Ref Proc: 0.0 ms]
      [Ref Enq: 0.0 ms]
      [Free CSet: 0.1 ms]
   [Eden: 9216.0K(9216.0K)->0.0B(64.0M) Survivors: 3072.0K->2048.0K Heap: 114.0M(256.0M)->101.0M(256.0M)]
 [Times: user=0.00 sys=0.00, real=0.01 secs] 
2014-07-10T16:13:16.424+0200: 47.409: [GC pause (young), 0.0426815 secs]
   [Parallel Time: 42.2 ms, GC Workers: 2]
      [GC Worker Start (ms): Min: 47408.8, Avg: 47408.8, Max: 47408.8, Diff: 0.0]
      [Ext Root Scanning (ms): Min: 1.0, Avg: 1.1, Max: 1.1, Diff: 0.1, Sum: 2.1]
      [Update RS (ms): Min: 0.3, Avg: 0.4, Max: 0.4, Diff: 0.1, Sum: 0.8]
         [Processed Buffers: Min: 1, Avg: 2.5, Max: 4, Diff: 3, Sum: 5]
      [Scan RS (ms): Min: 0.1, Avg: 0.1, Max: 0.1, Diff: 0.0, Sum: 0.2]
      [Code Root Scanning (ms): Min: 0.0, Avg: 0.0, Max: 0.0, Diff: 0.0, Sum: 0.1]
      [Object Copy (ms): Min: 40.6, Avg: 40.6, Max: 40.6, Diff: 0.0, Sum: 81.2]
      [Termination (ms): Min: 0.0, Avg: 0.0, Max: 0.0, Diff: 0.0, Sum: 0.0]
      [GC Worker Other (ms): Min: 0.0, Avg: 0.0, Max: 0.0, Diff: 0.0, Sum: 0.0]
      [GC Worker Total (ms): Min: 42.2, Avg: 42.2, Max: 42.2, Diff: 0.0, Sum: 84.4]
      [GC Worker End (ms): Min: 47451.0, Avg: 47451.0, Max: 47451.0, Diff: 0.0]
   [Code Root Fixup: 0.0 ms]
   [Code Root Migration: 0.0 ms]
   [Clear CT: 0.1 ms]
   [Other: 0.4 ms]
      [Choose CSet: 0.0 ms]
      [Ref Proc: 0.0 ms]
      [Ref Enq: 0.0 ms]
      [Free CSet: 0.1 ms]
   [Eden: 64.0M(64.0M)->0.0B(28.0M) Survivors: 2048.0K->9216.0K Heap: 165.0M(256.0M)->172.5M(256.0M)]
 [Times: user=0.09 sys=0.00, real=0.04 secs] 
2014-07-10T16:13:16.511+0200: 47.496: [GC pause (young) (initial-mark), 0.0202861 secs]
   [Parallel Time: 19.9 ms, GC Workers: 2]
      [GC Worker Start (ms): Min: 47495.8, Avg: 47495.8, Max: 47495.8, Diff: 0.0]
      [Ext Root Scanning (ms): Min: 1.0, Avg: 1.0, Max: 1.1, Diff: 0.1, Sum: 2.1]
      [Code Root Marking (ms): Min: 0.0, Avg: 0.1, Max: 0.1, Diff: 0.0, Sum: 0.1]
      [Update RS (ms): Min: 1.1, Avg: 1.1, Max: 1.1, Diff: 0.0, Sum: 2.2]
         [Processed Buffers: Min: 3, Avg: 4.5, Max: 6, Diff: 3, Sum: 9]
      [Scan RS (ms): Min: 0.0, Avg: 0.0, Max: 0.1, Diff: 0.0, Sum: 0.1]
      [Code Root Scanning (ms): Min: 0.0, Avg: 0.0, Max: 0.0, Diff: 0.0, Sum: 0.1]
      [Object Copy (ms): Min: 16.3, Avg: 16.4, Max: 16.5, Diff: 0.2, Sum: 32.9]
      [Termination (ms): Min: 0.0, Avg: 0.6, Max: 1.3, Diff: 1.3, Sum: 1.3]
      [GC Worker Other (ms): Min: 0.0, Avg: 0.0, Max: 0.0, Diff: 0.0, Sum: 0.1]
      [GC Worker Total (ms): Min: 18.8, Avg: 19.4, Max: 19.9, Diff: 1.1, Sum: 38.7]
      [GC Worker End (ms): Min: 47514.7, Avg: 47515.2, Max: 47515.7, Diff: 1.1]
   [Code Root Fixup: 0.0 ms]
   [Code Root Migration: 0.0 ms]
   [Clear CT: 0.0 ms]
   [Other: 0.3 ms]
      [Choose CSet: 0.0 ms]
      [Ref Proc: 0.0 ms]
      [Ref Enq: 0.0 ms]
      [Free CSet: 0.1 ms]
   [Eden: 28.0M(28.0M)->0.0B(19.0M) Survivors: 9216.0K->5120.0K Heap: 200.5M(256.0M)->191.5M(256.0M)]
 [Times: user=0.03 sys=0.00, real=0.02 secs] 
2014-07-10T16:13:16.531+0200: 47.516: [GC concurrent-root-region-scan-start]
2014-07-10T16:13:16.531+0200: 47.516: [GC concurrent-root-region-scan-end, 0.0000880 secs]
2014-07-10T16:13:16.531+0200: 47.516: [GC concurrent-mark-start]
2014-07-10T16:13:16.535+0200: 47.520: [GC concurrent-mark-end, 0.0033073 secs]
2014-07-10T16:13:16.535+0200: 47.520: [GC remark 2014-07-10T16:13:16.535+0200: 47.520: [GC ref-proc, 0.0000671 secs], 0.0016942 secs]
 [Times: user=0.00 sys=0.00, real=0.00 secs] 
2014-07-10T16:13:16.537+0200: 47.522: [GC cleanup 193M->84M(256M), 0.0007827 secs]
 [Times: user=0.00 sys=0.00, real=0.00 secs] 
2014-07-10T16:13:16.538+0200: 47.523: [GC concurrent-cleanup-start]
2014-07-10T16:13:16.538+0200: 47.523: [GC concurrent-cleanup-end, 0.0002082 secs]
2014-07-10T16:13:16.567+0200: 47.552: [GC pause (young), 0.0133496 secs]
   [Parallel Time: 13.0 ms, GC Workers: 2]
      [GC Worker Start (ms): Min: 47551.8, Avg: 47551.9, Max: 47551.9, Diff: 0.0]
      [Ext Root Scanning (ms): Min: 1.0, Avg: 1.0, Max: 1.0, Diff: 0.0, Sum: 2.0]
      [Update RS (ms): Min: 0.4, Avg: 0.4, Max: 0.5, Diff: 0.1, Sum: 0.9]
         [Processed Buffers: Min: 2, Avg: 3.5, Max: 5, Diff: 3, Sum: 7]
      [Scan RS (ms): Min: 0.0, Avg: 0.0, Max: 0.1, Diff: 0.0, Sum: 0.1]
      [Code Root Scanning (ms): Min: 0.0, Avg: 0.0, Max: 0.0, Diff: 0.0, Sum: 0.0]
      [Object Copy (ms): Min: 11.4, Avg: 11.5, Max: 11.5, Diff: 0.0, Sum: 22.9]
      [Termination (ms): Min: 0.0, Avg: 0.0, Max: 0.0, Diff: 0.0, Sum: 0.0]
      [GC Worker Other (ms): Min: 0.0, Avg: 0.0, Max: 0.0, Diff: 0.0, Sum: 0.0]
      [GC Worker Total (ms): Min: 13.0, Avg: 13.0, Max: 13.0, Diff: 0.0, Sum: 26.0]
      [GC Worker End (ms): Min: 47564.9, Avg: 47564.9, Max: 47564.9, Diff: 0.0]
   [Code Root Fixup: 0.0 ms]
   [Code Root Migration: 0.0 ms]
   [Clear CT: 0.0 ms]
   [Other: 0.2 ms]
      [Choose CSet: 0.0 ms]
      [Ref Proc: 0.1 ms]
      [Ref Enq: 0.0 ms]
      [Free CSet: 0.1 ms]
   [Eden: 19.0M(19.0M)->0.0B(9216.0K) Survivors: 5120.0K->3072.0K Heap: 101.5M(256.0M)->98.0M(256.0M)]
 [Times: user=0.03 sys=0.00, real=0.01 secs] 
2014-07-10T16:13:16.595+0200: 47.580: [GC pause (mixed), 0.0072662 secs]
   [Parallel Time: 7.0 ms, GC Workers: 2]
      [GC Worker Start (ms): Min: 47579.8, Avg: 47579.8, Max: 47579.8, Diff: 0.0]
      [Ext Root Scanning (ms): Min: 0.9, Avg: 0.9, Max: 0.9, Diff: 0.0, Sum: 1.8]
      [Update RS (ms): Min: 0.3, Avg: 0.3, Max: 0.3, Diff: 0.0, Sum: 0.6]
         [Processed Buffers: Min: 1, Avg: 3.5, Max: 6, Diff: 5, Sum: 7]
      [Scan RS (ms): Min: 0.0, Avg: 0.0, Max: 0.1, Diff: 0.0, Sum: 0.1]
      [Code Root Scanning (ms): Min: 0.0, Avg: 0.0, Max: 0.0, Diff: 0.0, Sum: 0.0]
      [Object Copy (ms): Min: 5.6, Avg: 5.6, Max: 5.7, Diff: 0.0, Sum: 11.3]
      [Termination (ms): Min: 0.0, Avg: 0.0, Max: 0.0, Diff: 0.0, Sum: 0.0]
      [GC Worker Other (ms): Min: 0.0, Avg: 0.0, Max: 0.0, Diff: 0.0, Sum: 0.1]
      [GC Worker Total (ms): Min: 6.9, Avg: 6.9, Max: 6.9, Diff: 0.0, Sum: 13.9]
      [GC Worker End (ms): Min: 47586.7, Avg: 47586.7, Max: 47586.7, Diff: 0.0]
   [Code Root Fixup: 0.0 ms]
   [Code Root Migration: 0.0 ms]
   [Clear CT: 0.0 ms]
   [Other: 0.2 ms]
      [Choose CSet: 0.0 ms]
      [Ref Proc: 0.0 ms]
      [Ref Enq: 0.0 ms]
      [Free CSet: 0.1 ms]
   [Eden: 9216.0K(9216.0K)->0.0B(68.0M) Survivors: 3072.0K->2048.0K Heap: 107.0M(256.0M)->97.5M(256.0M)]
 [Times: user=0.00 sys=0.00, real=0.01 secs] 
2014-07-10T16:13:16.714+0200: 47.699: [GC pause (young), 0.0468243 secs]
   [Parallel Time: 46.3 ms, GC Workers: 2]
      [GC Worker Start (ms): Min: 47699.0, Avg: 47699.0, Max: 47699.0, Diff: 0.0]
      [Ext Root Scanning (ms): Min: 1.1, Avg: 1.1, Max: 1.2, Diff: 0.0, Sum: 2.3]
      [Update RS (ms): Min: 0.4, Avg: 0.4, Max: 0.4, Diff: 0.0, Sum: 0.8]
         [Processed Buffers: Min: 1, Avg: 3.0, Max: 5, Diff: 4, Sum: 6]
      [Scan RS (ms): Min: 0.1, Avg: 0.1, Max: 0.1, Diff: 0.0, Sum: 0.2]
      [Code Root Scanning (ms): Min: 0.0, Avg: 0.0, Max: 0.1, Diff: 0.0, Sum: 0.1]
      [Object Copy (ms): Min: 44.6, Avg: 44.6, Max: 44.6, Diff: 0.0, Sum: 89.2]
      [Termination (ms): Min: 0.0, Avg: 0.0, Max: 0.0, Diff: 0.0, Sum: 0.0]
      [GC Worker Other (ms): Min: 0.0, Avg: 0.0, Max: 0.0, Diff: 0.0, Sum: 0.1]
      [GC Worker Total (ms): Min: 46.3, Avg: 46.3, Max: 46.3, Diff: 0.0, Sum: 92.6]
      [GC Worker End (ms): Min: 47745.3, Avg: 47745.3, Max: 47745.3, Diff: 0.0]
   [Code Root Fixup: 0.0 ms]
   [Code Root Migration: 0.0 ms]
   [Clear CT: 0.1 ms]
   [Other: 0.4 ms]
      [Choose CSet: 0.0 ms]
      [Ref Proc: 0.0 ms]
      [Ref Enq: 0.0 ms]
      [Free CSet: 0.1 ms]
   [Eden: 68.0M(68.0M)->0.0B(27.0M) Survivors: 2048.0K->9216.0K Heap: 165.5M(256.0M)->175.5M(256.0M)]
 [Times: user=0.09 sys=0.00, real=0.05 secs] 
2014-07-10T16:13:16.813+0200: 47.798: [GC pause (young) (initial-mark), 0.0193270 secs]
   [Parallel Time: 18.8 ms, GC Workers: 2]
      [GC Worker Start (ms): Min: 47798.2, Avg: 47798.2, Max: 47798.2, Diff: 0.0]
      [Ext Root Scanning (ms): Min: 1.1, Avg: 1.1, Max: 1.1, Diff: 0.0, Sum: 2.2]
      [Code Root Marking (ms): Min: 0.0, Avg: 0.1, Max: 0.1, Diff: 0.1, Sum: 0.1]
      [Update RS (ms): Min: 1.1, Avg: 1.1, Max: 1.1, Diff: 0.0, Sum: 2.2]
         [Processed Buffers: Min: 4, Avg: 5.0, Max: 6, Diff: 2, Sum: 10]
      [Scan RS (ms): Min: 0.0, Avg: 0.0, Max: 0.1, Diff: 0.0, Sum: 0.1]
      [Code Root Scanning (ms): Min: 0.0, Avg: 0.0, Max: 0.0, Diff: 0.0, Sum: 0.0]
      [Object Copy (ms): Min: 16.3, Avg: 16.3, Max: 16.3, Diff: 0.1, Sum: 32.6]
      [Termination (ms): Min: 0.0, Avg: 0.0, Max: 0.0, Diff: 0.0, Sum: 0.0]
      [GC Worker Other (ms): Min: 0.0, Avg: 0.0, Max: 0.0, Diff: 0.0, Sum: 0.1]
      [GC Worker Total (ms): Min: 18.7, Avg: 18.7, Max: 18.7, Diff: 0.0, Sum: 37.5]
      [GC Worker End (ms): Min: 47817.0, Avg: 47817.0, Max: 47817.0, Diff: 0.0]
   [Code Root Fixup: 0.0 ms]
   [Code Root Migration: 0.0 ms]
   [Clear CT: 0.1 ms]
   [Other: 0.5 ms]
      [Choose CSet: 0.0 ms]
      [Ref Proc: 0.0 ms]
      [Ref Enq: 0.0 ms]
      [Free CSet: 0.1 ms]
   [Eden: 27.0M(27.0M)->0.0B(17.0M) Survivors: 9216.0K->5120.0K Heap: 202.5M(256.0M)->194.0M(256.0M)]
 [Times: user=0.03 sys=0.00, real=0.02 secs] 
2014-07-10T16:13:16.833+0200: 47.818: [GC concurrent-root-region-scan-start]
2014-07-10T16:13:16.833+0200: 47.818: [GC concurrent-root-region-scan-end, 0.0000887 secs]
2014-07-10T16:13:16.833+0200: 47.818: [GC concurrent-mark-start]
2014-07-10T16:13:16.837+0200: 47.822: [GC concurrent-mark-end, 0.0032285 secs]
2014-07-10T16:13:16.840+0200: 47.825: [GC remark 2014-07-10T16:13:16.840+0200: 47.825: [GC ref-proc, 0.0000722 secs], 0.0018350 secs]
 [Times: user=0.00 sys=0.00, real=0.00 secs] 
2014-07-10T16:13:16.842+0200: 47.827: [GC cleanup 194M->83M(256M), 0.0008146 secs]
 [Times: user=0.00 sys=0.00, real=0.00 secs] 
2014-07-10T16:13:16.843+0200: 47.828: [GC concurrent-cleanup-start]
2014-07-10T16:13:16.843+0200: 47.828: [GC concurrent-cleanup-end, 0.0001976 secs]
2014-07-10T16:13:16.871+0200: 47.856: [GC pause (young), 0.0119656 secs]
   [Parallel Time: 11.7 ms, GC Workers: 2]
      [GC Worker Start (ms): Min: 47855.8, Avg: 47855.8, Max: 47855.8, Diff: 0.0]
      [Ext Root Scanning (ms): Min: 1.0, Avg: 1.0, Max: 1.0, Diff: 0.0, Sum: 2.0]
      [Update RS (ms): Min: 0.4, Avg: 0.4, Max: 0.5, Diff: 0.1, Sum: 0.9]
         [Processed Buffers: Min: 3, Avg: 3.5, Max: 4, Diff: 1, Sum: 7]
      [Scan RS (ms): Min: 0.0, Avg: 0.0, Max: 0.0, Diff: 0.0, Sum: 0.1]
      [Code Root Scanning (ms): Min: 0.0, Avg: 0.0, Max: 0.0, Diff: 0.0, Sum: 0.0]
      [Object Copy (ms): Min: 10.1, Avg: 10.1, Max: 10.1, Diff: 0.0, Sum: 20.1]
      [Termination (ms): Min: 0.0, Avg: 0.0, Max: 0.0, Diff: 0.0, Sum: 0.0]
      [GC Worker Other (ms): Min: 0.0, Avg: 0.0, Max: 0.0, Diff: 0.0, Sum: 0.1]
      [GC Worker Total (ms): Min: 11.6, Avg: 11.6, Max: 11.6, Diff: 0.0, Sum: 23.2]
      [GC Worker End (ms): Min: 47867.4, Avg: 47867.4, Max: 47867.4, Diff: 0.0]
   [Code Root Fixup: 0.0 ms]
   [Code Root Migration: 0.0 ms]
   [Clear CT: 0.0 ms]
   [Other: 0.2 ms]
      [Choose CSet: 0.0 ms]
      [Ref Proc: 0.0 ms]
      [Ref Enq: 0.0 ms]
      [Free CSet: 0.1 ms]
   [Eden: 17.0M(17.0M)->0.0B(9216.0K) Survivors: 5120.0K->3072.0K Heap: 100.0M(256.0M)->96.5M(256.0M)]
 [Times: user=0.00 sys=0.00, real=0.01 secs] 
2014-07-10T16:13:16.898+0200: 47.883: [GC pause (mixed), 0.0082238 secs]
   [Parallel Time: 7.7 ms, GC Workers: 2]
      [GC Worker Start (ms): Min: 47882.8, Avg: 47882.8, Max: 47882.8, Diff: 0.0]
      [Ext Root Scanning (ms): Min: 1.0, Avg: 1.1, Max: 1.1, Diff: 0.0, Sum: 2.1]
      [Update RS (ms): Min: 0.3, Avg: 0.3, Max: 0.3, Diff: 0.0, Sum: 0.6]
         [Processed Buffers: Min: 1, Avg: 3.0, Max: 5, Diff: 4, Sum: 6]
      [Scan RS (ms): Min: 0.1, Avg: 0.1, Max: 0.1, Diff: 0.0, Sum: 0.1]
      [Code Root Scanning (ms): Min: 0.0, Avg: 0.0, Max: 0.0, Diff: 0.0, Sum: 0.0]
      [Object Copy (ms): Min: 6.2, Avg: 6.2, Max: 6.2, Diff: 0.0, Sum: 12.3]
      [Termination (ms): Min: 0.0, Avg: 0.0, Max: 0.0, Diff: 0.0, Sum: 0.0]
      [GC Worker Other (ms): Min: 0.0, Avg: 0.0, Max: 0.0, Diff: 0.0, Sum: 0.1]
      [GC Worker Total (ms): Min: 7.6, Avg: 7.6, Max: 7.7, Diff: 0.0, Sum: 15.3]
      [GC Worker End (ms): Min: 47890.5, Avg: 47890.5, Max: 47890.5, Diff: 0.0]
   [Code Root Fixup: 0.0 ms]
   [Code Root Migration: 0.0 ms]
   [Clear CT: 0.1 ms]
   [Other: 0.4 ms]
      [Choose CSet: 0.0 ms]
      [Ref Proc: 0.1 ms]
      [Ref Enq: 0.0 ms]
      [Free CSet: 0.1 ms]
   [Eden: 9216.0K(9216.0K)->0.0B(67.0M) Survivors: 3072.0K->2048.0K Heap: 105.5M(256.0M)->95.0M(256.0M)]
 [Times: user=0.03 sys=0.00, real=0.01 secs] 
2014-07-10T16:13:17.017+0200: 48.002: [GC pause (young), 0.0448002 secs]
   [Parallel Time: 44.3 ms, GC Workers: 2]
      [GC Worker Start (ms): Min: 48001.8, Avg: 48001.8, Max: 48001.8, Diff: 0.0]
      [Ext Root Scanning (ms): Min: 1.1, Avg: 1.1, Max: 1.2, Diff: 0.0, Sum: 2.3]
      [Update RS (ms): Min: 0.4, Avg: 0.4, Max: 0.4, Diff: 0.0, Sum: 0.8]
         [Processed Buffers: Min: 3, Avg: 3.0, Max: 3, Diff: 0, Sum: 6]
      [Scan RS (ms): Min: 0.1, Avg: 0.1, Max: 0.1, Diff: 0.0, Sum: 0.2]
      [Code Root Scanning (ms): Min: 0.0, Avg: 0.0, Max: 0.1, Diff: 0.0, Sum: 0.1]
      [Object Copy (ms): Min: 42.5, Avg: 42.5, Max: 42.5, Diff: 0.0, Sum: 85.1]
      [Termination (ms): Min: 0.0, Avg: 0.0, Max: 0.0, Diff: 0.0, Sum: 0.0]
      [GC Worker Other (ms): Min: 0.0, Avg: 0.0, Max: 0.0, Diff: 0.0, Sum: 0.1]
      [GC Worker Total (ms): Min: 44.3, Avg: 44.3, Max: 44.3, Diff: 0.0, Sum: 88.6]
      [GC Worker End (ms): Min: 48046.0, Avg: 48046.0, Max: 48046.0, Diff: 0.0]
   [Code Root Fixup: 0.0 ms]
   [Code Root Migration: 0.0 ms]
   [Clear CT: 0.1 ms]
   [Other: 0.4 ms]
      [Choose CSet: 0.0 ms]
      [Ref Proc: 0.0 ms]
      [Ref Enq: 0.0 ms]
      [Free CSet: 0.1 ms]
   [Eden: 67.0M(67.0M)->0.0B(29.0M) Survivors: 2048.0K->9216.0K Heap: 162.0M(256.0M)->171.0M(256.0M)]
 [Times: user=0.09 sys=0.00, real=0.05 secs] 
2014-07-10T16:13:17.109+0200: 48.094: [GC pause (young) (initial-mark), 0.0204313 secs]
   [Parallel Time: 20.1 ms, GC Workers: 2]
      [GC Worker Start (ms): Min: 48093.8, Avg: 48093.8, Max: 48093.8, Diff: 0.0]
      [Ext Root Scanning (ms): Min: 1.1, Avg: 1.1, Max: 1.1, Diff: 0.0, Sum: 2.2]
      [Code Root Marking (ms): Min: 0.0, Avg: 0.1, Max: 0.1, Diff: 0.1, Sum: 0.1]
      [Update RS (ms): Min: 1.0, Avg: 1.0, Max: 1.0, Diff: 0.0, Sum: 2.0]
         [Processed Buffers: Min: 4, Avg: 4.5, Max: 5, Diff: 1, Sum: 9]
      [Scan RS (ms): Min: 0.0, Avg: 0.1, Max: 0.1, Diff: 0.0, Sum: 0.1]
      [Code Root Scanning (ms): Min: 0.0, Avg: 0.0, Max: 0.0, Diff: 0.0, Sum: 0.0]
      [Object Copy (ms): Min: 17.8, Avg: 17.8, Max: 17.8, Diff: 0.0, Sum: 35.5]
      [Termination (ms): Min: 0.0, Avg: 0.0, Max: 0.0, Diff: 0.0, Sum: 0.0]
      [GC Worker Other (ms): Min: 0.0, Avg: 0.0, Max: 0.0, Diff: 0.0, Sum: 0.1]
      [GC Worker Total (ms): Min: 20.0, Avg: 20.0, Max: 20.0, Diff: 0.0, Sum: 40.1]
      [GC Worker End (ms): Min: 48113.8, Avg: 48113.8, Max: 48113.8, Diff: 0.0]
   [Code Root Fixup: 0.0 ms]
   [Code Root Migration: 0.0 ms]
   [Clear CT: 0.0 ms]
   [Other: 0.3 ms]
      [Choose CSet: 0.0 ms]
      [Ref Proc: 0.0 ms]
      [Ref Enq: 0.0 ms]
      [Free CSet: 0.1 ms]
   [Eden: 29.0M(29.0M)->0.0B(18.0M) Survivors: 9216.0K->5120.0K Heap: 200.0M(256.0M)->192.0M(256.0M)]
 [Times: user=0.03 sys=0.00, real=0.02 secs] 
2014-07-10T16:13:17.129+0200: 48.114: [GC concurrent-root-region-scan-start]
2014-07-10T16:13:17.130+0200: 48.115: [GC concurrent-root-region-scan-end, 0.0001371 secs]
2014-07-10T16:13:17.130+0200: 48.115: [GC concurrent-mark-start]
2014-07-10T16:13:17.133+0200: 48.118: [GC concurrent-mark-end, 0.0033931 secs]
2014-07-10T16:13:17.133+0200: 48.118: [GC remark 2014-07-10T16:13:17.134+0200: 48.119: [GC ref-proc, 0.0000719 secs], 0.0011142 secs]
 [Times: user=0.00 sys=0.02, real=0.00 secs] 
2014-07-10T16:13:17.135+0200: 48.120: [GC cleanup 193M->83M(256M), 0.0007886 secs]
 [Times: user=0.00 sys=0.00, real=0.00 secs] 
2014-07-10T16:13:17.136+0200: 48.121: [GC concurrent-cleanup-start]
2014-07-10T16:13:17.136+0200: 48.121: [GC concurrent-cleanup-end, 0.0002075 secs]
2014-07-10T16:13:17.161+0200: 48.146: [GC pause (young), 0.0135945 secs]
   [Parallel Time: 13.3 ms, GC Workers: 2]
      [GC Worker Start (ms): Min: 48145.9, Avg: 48145.9, Max: 48145.9, Diff: 0.0]
      [Ext Root Scanning (ms): Min: 1.2, Avg: 1.2, Max: 1.2, Diff: 0.0, Sum: 2.3]
      [Update RS (ms): Min: 0.5, Avg: 0.5, Max: 0.5, Diff: 0.1, Sum: 1.0]
         [Processed Buffers: Min: 2, Avg: 4.0, Max: 6, Diff: 4, Sum: 8]
      [Scan RS (ms): Min: 0.0, Avg: 0.0, Max: 0.1, Diff: 0.0, Sum: 0.1]
      [Code Root Scanning (ms): Min: 0.0, Avg: 0.0, Max: 0.0, Diff: 0.0, Sum: 0.0]
      [Object Copy (ms): Min: 11.5, Avg: 11.5, Max: 11.5, Diff: 0.0, Sum: 23.0]
      [Termination (ms): Min: 0.0, Avg: 0.0, Max: 0.0, Diff: 0.0, Sum: 0.0]
      [GC Worker Other (ms): Min: 0.0, Avg: 0.0, Max: 0.0, Diff: 0.0, Sum: 0.1]
      [GC Worker Total (ms): Min: 13.3, Avg: 13.3, Max: 13.3, Diff: 0.0, Sum: 26.6]
      [GC Worker End (ms): Min: 48159.2, Avg: 48159.2, Max: 48159.2, Diff: 0.0]
   [Code Root Fixup: 0.0 ms]
   [Code Root Migration: 0.0 ms]
   [Clear CT: 0.0 ms]
   [Other: 0.2 ms]
      [Choose CSet: 0.0 ms]
      [Ref Proc: 0.0 ms]
      [Ref Enq: 0.0 ms]
      [Free CSet: 0.1 ms]
   [Eden: 18.0M(18.0M)->0.0B(9216.0K) Survivors: 5120.0K->3072.0K Heap: 100.0M(256.0M)->96.0M(256.0M)]
 [Times: user=0.03 sys=0.00, real=0.01 secs] 
2014-07-10T16:13:17.189+0200: 48.174: [GC pause (mixed), 0.0087602 secs]
   [Parallel Time: 8.4 ms, GC Workers: 2]
      [GC Worker Start (ms): Min: 48173.7, Avg: 48173.7, Max: 48173.7, Diff: 0.0]
      [Ext Root Scanning (ms): Min: 1.1, Avg: 1.1, Max: 1.2, Diff: 0.0, Sum: 2.3]
      [Update RS (ms): Min: 0.3, Avg: 0.3, Max: 0.3, Diff: 0.0, Sum: 0.6]
         [Processed Buffers: Min: 1, Avg: 2.5, Max: 4, Diff: 3, Sum: 5]
      [Scan RS (ms): Min: 0.1, Avg: 0.1, Max: 0.1, Diff: 0.0, Sum: 0.1]
      [Code Root Scanning (ms): Min: 0.0, Avg: 0.0, Max: 0.0, Diff: 0.0, Sum: 0.0]
      [Object Copy (ms): Min: 6.8, Avg: 6.8, Max: 6.8, Diff: 0.0, Sum: 13.6]
      [Termination (ms): Min: 0.0, Avg: 0.0, Max: 0.0, Diff: 0.0, Sum: 0.0]
      [GC Worker Other (ms): Min: 0.0, Avg: 0.0, Max: 0.0, Diff: 0.0, Sum: 0.1]
      [GC Worker Total (ms): Min: 8.3, Avg: 8.4, Max: 8.4, Diff: 0.0, Sum: 16.7]
      [GC Worker End (ms): Min: 48182.1, Avg: 48182.1, Max: 48182.1, Diff: 0.0]
   [Code Root Fixup: 0.0 ms]
   [Code Root Migration: 0.0 ms]
   [Clear CT: 0.1 ms]
   [Other: 0.2 ms]
      [Choose CSet: 0.0 ms]
      [Ref Proc: 0.0 ms]
      [Ref Enq: 0.0 ms]
      [Free CSet: 0.1 ms]
   [Eden: 9216.0K(9216.0K)->0.0B(66.0M) Survivors: 3072.0K->2048.0K Heap: 105.0M(256.0M)->100.0M(256.0M)]
 [Times: user=0.03 sys=0.00, real=0.01 secs] 
2014-07-10T16:13:17.306+0200: 48.291: [GC pause (young), 0.0444680 secs]
   [Parallel Time: 44.0 ms, GC Workers: 2]
      [GC Worker Start (ms): Min: 48290.8, Avg: 48290.9, Max: 48290.9, Diff: 0.1]
      [Ext Root Scanning (ms): Min: 1.0, Avg: 1.1, Max: 1.1, Diff: 0.0, Sum: 2.1]
      [Update RS (ms): Min: 0.3, Avg: 0.4, Max: 0.4, Diff: 0.1, Sum: 0.8]
         [Processed Buffers: Min: 1, Avg: 3.0, Max: 5, Diff: 4, Sum: 6]
      [Scan RS (ms): Min: 0.1, Avg: 0.1, Max: 0.1, Diff: 0.0, Sum: 0.2]
      [Code Root Scanning (ms): Min: 0.0, Avg: 0.0, Max: 0.0, Diff: 0.0, Sum: 0.1]
      [Object Copy (ms): Min: 42.2, Avg: 42.3, Max: 42.3, Diff: 0.0, Sum: 84.5]
      [Termination (ms): Min: 0.0, Avg: 0.0, Max: 0.0, Diff: 0.0, Sum: 0.0]
      [GC Worker Other (ms): Min: 0.0, Avg: 0.0, Max: 0.0, Diff: 0.0, Sum: 0.1]
      [GC Worker Total (ms): Min: 43.8, Avg: 43.9, Max: 43.9, Diff: 0.1, Sum: 87.8]
      [GC Worker End (ms): Min: 48334.7, Avg: 48334.7, Max: 48334.7, Diff: 0.0]
   [Code Root Fixup: 0.0 ms]
   [Code Root Migration: 0.0 ms]
   [Clear CT: 0.0 ms]
   [Other: 0.4 ms]
      [Choose CSet: 0.0 ms]
      [Ref Proc: 0.1 ms]
      [Ref Enq: 0.0 ms]
      [Free CSet: 0.1 ms]
   [Eden: 66.0M(66.0M)->0.0B(27.0M) Survivors: 2048.0K->9216.0K Heap: 166.0M(256.0M)->174.0M(256.0M)]
 [Times: user=0.06 sys=0.00, real=0.04 secs] 
2014-07-10T16:13:17.393+0200: 48.378: [GC pause (young) (initial-mark), 0.0188171 secs]
   [Parallel Time: 18.4 ms, GC Workers: 2]
      [GC Worker Start (ms): Min: 48378.0, Avg: 48378.0, Max: 48378.0, Diff: 0.0]
      [Ext Root Scanning (ms): Min: 0.9, Avg: 0.9, Max: 1.0, Diff: 0.0, Sum: 1.9]
      [Code Root Marking (ms): Min: 0.0, Avg: 0.1, Max: 0.1, Diff: 0.0, Sum: 0.1]
      [Update RS (ms): Min: 0.9, Avg: 0.9, Max: 0.9, Diff: 0.0, Sum: 1.8]
         [Processed Buffers: Min: 4, Avg: 4.5, Max: 5, Diff: 1, Sum: 9]
      [Scan RS (ms): Min: 0.0, Avg: 0.0, Max: 0.0, Diff: 0.0, Sum: 0.1]
      [Code Root Scanning (ms): Min: 0.0, Avg: 0.0, Max: 0.0, Diff: 0.0, Sum: 0.1]
      [Object Copy (ms): Min: 16.3, Avg: 16.3, Max: 16.3, Diff: 0.0, Sum: 32.7]
      [Termination (ms): Min: 0.0, Avg: 0.0, Max: 0.0, Diff: 0.0, Sum: 0.0]
      [GC Worker Other (ms): Min: 0.0, Avg: 0.0, Max: 0.0, Diff: 0.0, Sum: 0.1]
      [GC Worker Total (ms): Min: 18.3, Avg: 18.3, Max: 18.3, Diff: 0.0, Sum: 36.6]
      [GC Worker End (ms): Min: 48396.3, Avg: 48396.3, Max: 48396.3, Diff: 0.0]
   [Code Root Fixup: 0.0 ms]
   [Code Root Migration: 0.0 ms]
   [Clear CT: 0.0 ms]
   [Other: 0.3 ms]
      [Choose CSet: 0.0 ms]
      [Ref Proc: 0.0 ms]
      [Ref Enq: 0.0 ms]
      [Free CSet: 0.1 ms]
   [Eden: 27.0M(27.0M)->0.0B(18.0M) Survivors: 9216.0K->5120.0K Heap: 201.0M(256.0M)->193.5M(256.0M)]
 [Times: user=0.03 sys=0.00, real=0.02 secs] 
2014-07-10T16:13:17.412+0200: 48.397: [GC concurrent-root-region-scan-start]
2014-07-10T16:13:17.412+0200: 48.397: [GC concurrent-root-region-scan-end, 0.0000902 secs]
2014-07-10T16:13:17.412+0200: 48.397: [GC concurrent-mark-start]
2014-07-10T16:13:17.415+0200: 48.400: [GC concurrent-mark-end, 0.0033682 secs]
2014-07-10T16:13:17.419+0200: 48.404: [GC remark 2014-07-10T16:13:17.419+0200: 48.404: [GC ref-proc, 0.0000733 secs], 0.0014379 secs]
 [Times: user=0.00 sys=0.00, real=0.00 secs] 
2014-07-10T16:13:17.421+0200: 48.406: [GC cleanup 196M->84M(256M), 0.0008938 secs]
 [Times: user=0.00 sys=0.00, real=0.00 secs] 
2014-07-10T16:13:17.422+0200: 48.407: [GC concurrent-cleanup-start]
2014-07-10T16:13:17.423+0200: 48.408: [GC concurrent-cleanup-end, 0.0003131 secs]
2014-07-10T16:13:17.450+0200: 48.435: [GC pause (young), 0.0126479 secs]
   [Parallel Time: 12.4 ms, GC Workers: 2]
      [GC Worker Start (ms): Min: 48434.7, Avg: 48434.7, Max: 48434.7, Diff: 0.0]
      [Ext Root Scanning (ms): Min: 0.9, Avg: 0.9, Max: 0.9, Diff: 0.1, Sum: 1.8]
      [Update RS (ms): Min: 0.4, Avg: 0.5, Max: 0.5, Diff: 0.1, Sum: 1.0]
         [Processed Buffers: Min: 2, Avg: 3.5, Max: 5, Diff: 3, Sum: 7]
      [Scan RS (ms): Min: 0.0, Avg: 0.0, Max: 0.0, Diff: 0.0, Sum: 0.1]
      [Code Root Scanning (ms): Min: 0.0, Avg: 0.0, Max: 0.0, Diff: 0.0, Sum: 0.0]
      [Object Copy (ms): Min: 10.8, Avg: 10.8, Max: 10.8, Diff: 0.0, Sum: 21.7]
      [Termination (ms): Min: 0.0, Avg: 0.0, Max: 0.0, Diff: 0.0, Sum: 0.0]
      [GC Worker Other (ms): Min: 0.0, Avg: 0.0, Max: 0.0, Diff: 0.0, Sum: 0.0]
      [GC Worker Total (ms): Min: 12.3, Avg: 12.3, Max: 12.3, Diff: 0.0, Sum: 24.6]
      [GC Worker End (ms): Min: 48447.0, Avg: 48447.0, Max: 48447.0, Diff: 0.0]
   [Code Root Fixup: 0.0 ms]
   [Code Root Migration: 0.0 ms]
   [Clear CT: 0.0 ms]
   [Other: 0.2 ms]
      [Choose CSet: 0.0 ms]
      [Ref Proc: 0.1 ms]
      [Ref Enq: 0.0 ms]
      [Free CSet: 0.1 ms]
   [Eden: 18.0M(18.0M)->0.0B(9216.0K) Survivors: 5120.0K->3072.0K Heap: 99.5M(256.0M)->96.0M(256.0M)]
 [Times: user=0.03 sys=0.00, real=0.01 secs] 
2014-07-10T16:13:17.476+0200: 48.461: [GC pause (mixed), 0.0079422 secs]
   [Parallel Time: 7.5 ms, GC Workers: 2]
      [GC Worker Start (ms): Min: 48460.9, Avg: 48460.9, Max: 48460.9, Diff: 0.0]
      [Ext Root Scanning (ms): Min: 1.1, Avg: 1.1, Max: 1.1, Diff: 0.0, Sum: 2.2]
      [Update RS (ms): Min: 0.3, Avg: 0.3, Max: 0.3, Diff: 0.0, Sum: 0.6]
         [Processed Buffers: Min: 1, Avg: 4.0, Max: 7, Diff: 6, Sum: 8]
      [Scan RS (ms): Min: 0.1, Avg: 0.1, Max: 0.1, Diff: 0.0, Sum: 0.2]
      [Code Root Scanning (ms): Min: 0.0, Avg: 0.0, Max: 0.0, Diff: 0.0, Sum: 0.0]
      [Object Copy (ms): Min: 6.0, Avg: 6.0, Max: 6.0, Diff: 0.0, Sum: 11.9]
      [Termination (ms): Min: 0.0, Avg: 0.0, Max: 0.0, Diff: 0.0, Sum: 0.0]
      [GC Worker Other (ms): Min: 0.0, Avg: 0.0, Max: 0.0, Diff: 0.0, Sum: 0.1]
      [GC Worker Total (ms): Min: 7.5, Avg: 7.5, Max: 7.5, Diff: 0.0, Sum: 15.0]
      [GC Worker End (ms): Min: 48468.4, Avg: 48468.4, Max: 48468.4, Diff: 0.0]
   [Code Root Fixup: 0.0 ms]
   [Code Root Migration: 0.0 ms]
   [Clear CT: 0.1 ms]
   [Other: 0.3 ms]
      [Choose CSet: 0.0 ms]
      [Ref Proc: 0.0 ms]
      [Ref Enq: 0.0 ms]
      [Free CSet: 0.1 ms]
   [Eden: 9216.0K(9216.0K)->0.0B(68.0M) Survivors: 3072.0K->2048.0K Heap: 105.0M(256.0M)->95.5M(256.0M)]
 [Times: user=0.03 sys=0.00, real=0.01 secs] 
2014-07-10T16:13:17.596+0200: 48.581: [GC pause (young), 0.0478615 secs]
   [Parallel Time: 47.4 ms, GC Workers: 2]
      [GC Worker Start (ms): Min: 48580.9, Avg: 48584.0, Max: 48587.1, Diff: 6.1]
      [Ext Root Scanning (ms): Min: 0.0, Avg: 0.9, Max: 1.8, Diff: 1.7, Sum: 1.8]
      [Update RS (ms): Min: 0.0, Avg: 0.4, Max: 0.8, Diff: 0.8, Sum: 0.8]
         [Processed Buffers: Min: 0, Avg: 3.0, Max: 6, Diff: 6, Sum: 6]
      [Scan RS (ms): Min: 0.0, Avg: 0.1, Max: 0.2, Diff: 0.2, Sum: 0.2]
      [Code Root Scanning (ms): Min: 0.0, Avg: 0.0, Max: 0.1, Diff: 0.1, Sum: 0.1]
      [Object Copy (ms): Min: 41.0, Avg: 42.7, Max: 44.3, Diff: 3.4, Sum: 85.3]
      [Termination (ms): Min: 0.0, Avg: 0.0, Max: 0.0, Diff: 0.0, Sum: 0.0]
      [GC Worker Other (ms): Min: 0.0, Avg: 0.0, Max: 0.0, Diff: 0.0, Sum: 0.1]
      [GC Worker Total (ms): Min: 41.1, Avg: 44.1, Max: 47.2, Diff: 6.1, Sum: 88.3]
      [GC Worker End (ms): Min: 48628.2, Avg: 48628.2, Max: 48628.2, Diff: 0.0]
   [Code Root Fixup: 0.0 ms]
   [Code Root Migration: 0.0 ms]
   [Clear CT: 0.1 ms]
   [Other: 0.4 ms]
      [Choose CSet: 0.0 ms]
      [Ref Proc: 0.0 ms]
      [Ref Enq: 0.0 ms]
      [Free CSet: 0.1 ms]
   [Eden: 68.0M(68.0M)->0.0B(27.0M) Survivors: 2048.0K->9216.0K Heap: 163.5M(256.0M)->175.0M(256.0M)]
 [Times: user=0.08 sys=0.00, real=0.05 secs] 
2014-07-10T16:13:17.686+0200: 48.671: [GC pause (young) (initial-mark), 0.0189644 secs]
   [Parallel Time: 18.5 ms, GC Workers: 2]
      [GC Worker Start (ms): Min: 48671.0, Avg: 48671.0, Max: 48671.0, Diff: 0.0]
      [Ext Root Scanning (ms): Min: 1.1, Avg: 1.2, Max: 1.2, Diff: 0.1, Sum: 2.4]
      [Code Root Marking (ms): Min: 0.0, Avg: 0.1, Max: 0.1, Diff: 0.1, Sum: 0.1]
      [Update RS (ms): Min: 0.9, Avg: 0.9, Max: 0.9, Diff: 0.0, Sum: 1.8]
         [Processed Buffers: Min: 4, Avg: 4.5, Max: 5, Diff: 1, Sum: 9]
      [Scan RS (ms): Min: 0.0, Avg: 0.1, Max: 0.1, Diff: 0.0, Sum: 0.1]
      [Code Root Scanning (ms): Min: 0.0, Avg: 0.0, Max: 0.0, Diff: 0.0, Sum: 0.0]
      [Object Copy (ms): Min: 16.2, Avg: 16.2, Max: 16.2, Diff: 0.0, Sum: 32.3]
      [Termination (ms): Min: 0.0, Avg: 0.0, Max: 0.0, Diff: 0.0, Sum: 0.0]
      [GC Worker Other (ms): Min: 0.0, Avg: 0.0, Max: 0.0, Diff: 0.0, Sum: 0.1]
      [GC Worker Total (ms): Min: 18.4, Avg: 18.4, Max: 18.4, Diff: 0.0, Sum: 36.9]
      [GC Worker End (ms): Min: 48689.5, Avg: 48689.5, Max: 48689.5, Diff: 0.0]
   [Code Root Fixup: 0.0 ms]
   [Code Root Migration: 0.0 ms]
   [Clear CT: 0.1 ms]
   [Other: 0.3 ms]
      [Choose CSet: 0.0 ms]
      [Ref Proc: 0.1 ms]
      [Ref Enq: 0.0 ms]
      [Free CSet: 0.1 ms]
   [Eden: 27.0M(27.0M)->0.0B(18.0M) Survivors: 9216.0K->5120.0K Heap: 202.0M(256.0M)->193.0M(256.0M)]
 [Times: user=0.03 sys=0.00, real=0.02 secs] 
2014-07-10T16:13:17.705+0200: 48.690: [GC concurrent-root-region-scan-start]
2014-07-10T16:13:17.705+0200: 48.690: [GC concurrent-root-region-scan-end, 0.0000858 secs]
2014-07-10T16:13:17.705+0200: 48.690: [GC concurrent-mark-start]
2014-07-10T16:13:17.709+0200: 48.694: [GC concurrent-mark-end, 0.0032355 secs]
2014-07-10T16:13:17.709+0200: 48.694: [GC remark 2014-07-10T16:13:17.709+0200: 48.694: [GC ref-proc, 0.0000667 secs], 0.0010038 secs]
 [Times: user=0.00 sys=0.00, real=0.00 secs] 
2014-07-10T16:13:17.711+0200: 48.696: [GC cleanup 195M->88M(256M), 0.0007633 secs]
 [Times: user=0.00 sys=0.00, real=0.00 secs] 
2014-07-10T16:13:17.711+0200: 48.696: [GC concurrent-cleanup-start]
2014-07-10T16:13:17.712+0200: 48.697: [GC concurrent-cleanup-end, 0.0002258 secs]
2014-07-10T16:13:17.737+0200: 48.722: [GC pause (young), 0.0131329 secs]
   [Parallel Time: 12.7 ms, GC Workers: 2]
      [GC Worker Start (ms): Min: 48721.7, Avg: 48721.7, Max: 48721.7, Diff: 0.0]
      [Ext Root Scanning (ms): Min: 1.0, Avg: 1.1, Max: 1.1, Diff: 0.1, Sum: 2.2]
      [Update RS (ms): Min: 0.4, Avg: 0.4, Max: 0.4, Diff: 0.0, Sum: 0.9]
         [Processed Buffers: Min: 2, Avg: 3.0, Max: 4, Diff: 2, Sum: 6]
      [Scan RS (ms): Min: 0.0, Avg: 0.0, Max: 0.1, Diff: 0.1, Sum: 0.1]
      [Code Root Scanning (ms): Min: 0.0, Avg: 0.0, Max: 0.0, Diff: 0.0, Sum: 0.0]
      [Object Copy (ms): Min: 11.1, Avg: 11.1, Max: 11.1, Diff: 0.0, Sum: 22.1]
      [Termination (ms): Min: 0.0, Avg: 0.0, Max: 0.0, Diff: 0.0, Sum: 0.0]
      [GC Worker Other (ms): Min: 0.0, Avg: 0.0, Max: 0.0, Diff: 0.0, Sum: 0.1]
      [GC Worker Total (ms): Min: 12.7, Avg: 12.7, Max: 12.7, Diff: 0.0, Sum: 25.4]
      [GC Worker End (ms): Min: 48734.4, Avg: 48734.4, Max: 48734.4, Diff: 0.0]
   [Code Root Fixup: 0.0 ms]
   [Code Root Migration: 0.0 ms]
   [Clear CT: 0.1 ms]
   [Other: 0.3 ms]
      [Choose CSet: 0.0 ms]
      [Ref Proc: 0.1 ms]
      [Ref Enq: 0.0 ms]
      [Free CSet: 0.1 ms]
   [Eden: 18.0M(18.0M)->0.0B(9216.0K) Survivors: 5120.0K->3072.0K Heap: 104.0M(256.0M)->100.0M(256.0M)]
 [Times: user=0.03 sys=0.00, real=0.01 secs] 
2014-07-10T16:13:17.763+0200: 48.748: [GC pause (mixed), 0.0087081 secs]
   [Parallel Time: 8.3 ms, GC Workers: 2]
      [GC Worker Start (ms): Min: 48747.9, Avg: 48747.9, Max: 48747.9, Diff: 0.0]
      [Ext Root Scanning (ms): Min: 1.1, Avg: 1.1, Max: 1.2, Diff: 0.1, Sum: 2.2]
      [Update RS (ms): Min: 0.2, Avg: 0.3, Max: 0.4, Diff: 0.1, Sum: 0.6]
         [Processed Buffers: Min: 1, Avg: 2.5, Max: 4, Diff: 3, Sum: 5]
      [Scan RS (ms): Min: 0.1, Avg: 0.1, Max: 0.1, Diff: 0.0, Sum: 0.2]
      [Code Root Scanning (ms): Min: 0.0, Avg: 0.0, Max: 0.0, Diff: 0.0, Sum: 0.0]
      [Object Copy (ms): Min: 6.7, Avg: 6.7, Max: 6.7, Diff: 0.0, Sum: 13.4]
      [Termination (ms): Min: 0.0, Avg: 0.0, Max: 0.0, Diff: 0.0, Sum: 0.0]
      [GC Worker Other (ms): Min: 0.0, Avg: 0.0, Max: 0.0, Diff: 0.0, Sum: 0.1]
      [GC Worker Total (ms): Min: 8.2, Avg: 8.2, Max: 8.2, Diff: 0.0, Sum: 16.5]
      [GC Worker End (ms): Min: 48756.1, Avg: 48756.1, Max: 48756.1, Diff: 0.0]
   [Code Root Fixup: 0.0 ms]
   [Code Root Migration: 0.0 ms]
   [Clear CT: 0.1 ms]
   [Other: 0.3 ms]
      [Choose CSet: 0.0 ms]
      [Ref Proc: 0.0 ms]
      [Ref Enq: 0.0 ms]
      [Free CSet: 0.1 ms]
   [Eden: 9216.0K(9216.0K)->0.0B(68.0M) Survivors: 3072.0K->2048.0K Heap: 109.0M(256.0M)->95.0M(256.0M)]
 [Times: user=0.00 sys=0.00, real=0.01 secs] 
2014-07-10T16:13:17.884+0200: 48.869: [GC pause (young), 0.0451323 secs]
   [Parallel Time: 44.7 ms, GC Workers: 2]
      [GC Worker Start (ms): Min: 48868.9, Avg: 48868.9, Max: 48868.9, Diff: 0.0]
      [Ext Root Scanning (ms): Min: 1.0, Avg: 1.1, Max: 1.1, Diff: 0.1, Sum: 2.2]
      [Update RS (ms): Min: 0.4, Avg: 0.4, Max: 0.4, Diff: 0.1, Sum: 0.8]
         [Processed Buffers: Min: 2, Avg: 2.5, Max: 3, Diff: 1, Sum: 5]
      [Scan RS (ms): Min: 0.1, Avg: 0.1, Max: 0.1, Diff: 0.0, Sum: 0.2]
      [Code Root Scanning (ms): Min: 0.1, Avg: 0.1, Max: 0.1, Diff: 0.0, Sum: 0.1]
      [Object Copy (ms): Min: 42.9, Avg: 42.9, Max: 43.0, Diff: 0.0, Sum: 85.9]
      [Termination (ms): Min: 0.0, Avg: 0.0, Max: 0.0, Diff: 0.0, Sum: 0.0]
      [GC Worker Other (ms): Min: 0.0, Avg: 0.0, Max: 0.0, Diff: 0.0, Sum: 0.1]
      [GC Worker Total (ms): Min: 44.6, Avg: 44.6, Max: 44.7, Diff: 0.0, Sum: 89.3]
      [GC Worker End (ms): Min: 48913.5, Avg: 48913.5, Max: 48913.6, Diff: 0.0]
   [Code Root Fixup: 0.0 ms]
   [Code Root Migration: 0.0 ms]
   [Clear CT: 0.1 ms]
   [Other: 0.4 ms]
      [Choose CSet: 0.0 ms]
      [Ref Proc: 0.0 ms]
      [Ref Enq: 0.0 ms]
      [Free CSet: 0.1 ms]
   [Eden: 68.0M(68.0M)->0.0B(30.0M) Survivors: 2048.0K->9216.0K Heap: 163.0M(256.0M)->168.5M(256.0M)]
 [Times: user=0.05 sys=0.03, real=0.04 secs] 
2014-07-10T16:13:17.980+0200: 48.965: [GC pause (young) (initial-mark), 0.0205618 secs]
   [Parallel Time: 20.2 ms, GC Workers: 2]
      [GC Worker Start (ms): Min: 48964.8, Avg: 48964.8, Max: 48964.8, Diff: 0.0]
      [Ext Root Scanning (ms): Min: 1.1, Avg: 1.1, Max: 1.2, Diff: 0.1, Sum: 2.3]
      [Code Root Marking (ms): Min: 0.0, Avg: 0.1, Max: 0.1, Diff: 0.0, Sum: 0.1]
      [Update RS (ms): Min: 0.9, Avg: 0.9, Max: 0.9, Diff: 0.0, Sum: 1.8]
         [Processed Buffers: Min: 4, Avg: 5.5, Max: 7, Diff: 3, Sum: 11]
      [Scan RS (ms): Min: 0.0, Avg: 0.0, Max: 0.0, Diff: 0.0, Sum: 0.1]
      [Code Root Scanning (ms): Min: 0.0, Avg: 0.0, Max: 0.0, Diff: 0.0, Sum: 0.1]
      [Object Copy (ms): Min: 17.8, Avg: 17.8, Max: 17.9, Diff: 0.0, Sum: 35.7]
      [Termination (ms): Min: 0.0, Avg: 0.0, Max: 0.0, Diff: 0.0, Sum: 0.0]
      [GC Worker Other (ms): Min: 0.0, Avg: 0.0, Max: 0.0, Diff: 0.0, Sum: 0.1]
      [GC Worker Total (ms): Min: 20.1, Avg: 20.1, Max: 20.1, Diff: 0.0, Sum: 40.1]
      [GC Worker End (ms): Min: 48984.9, Avg: 48984.9, Max: 48984.9, Diff: 0.0]
   [Code Root Fixup: 0.0 ms]
   [Code Root Migration: 0.0 ms]
   [Clear CT: 0.1 ms]
   [Other: 0.3 ms]
      [Choose CSet: 0.0 ms]
      [Ref Proc: 0.0 ms]
      [Ref Enq: 0.0 ms]
      [Free CSet: 0.1 ms]
   [Eden: 30.0M(30.0M)->0.0B(19.0M) Survivors: 9216.0K->5120.0K Heap: 198.5M(256.0M)->190.0M(256.0M)]
 [Times: user=0.03 sys=0.00, real=0.02 secs] 
2014-07-10T16:13:18.001+0200: 48.986: [GC concurrent-root-region-scan-start]
2014-07-10T16:13:18.001+0200: 48.986: [GC concurrent-root-region-scan-end, 0.0000843 secs]
2014-07-10T16:13:18.001+0200: 48.986: [GC concurrent-mark-start]
2014-07-10T16:13:18.005+0200: 48.990: [GC concurrent-mark-end, 0.0037407 secs]
2014-07-10T16:13:18.005+0200: 48.990: [GC remark 2014-07-10T16:13:18.006+0200: 48.991: [GC ref-proc, 0.0000664 secs], 0.0014680 secs]
 [Times: user=0.03 sys=0.00, real=0.00 secs] 
2014-07-10T16:13:18.007+0200: 48.992: [GC cleanup 192M->96M(256M), 0.0007384 secs]
 [Times: user=0.00 sys=0.00, real=0.00 secs] 
2014-07-10T16:13:18.008+0200: 48.993: [GC concurrent-cleanup-start]
2014-07-10T16:13:18.008+0200: 48.993: [GC concurrent-cleanup-end, 0.0001430 secs]
2014-07-10T16:13:18.037+0200: 49.022: [GC pause (young), 0.0134849 secs]
   [Parallel Time: 13.2 ms, GC Workers: 2]
      [GC Worker Start (ms): Min: 49021.8, Avg: 49021.8, Max: 49021.8, Diff: 0.0]
      [Ext Root Scanning (ms): Min: 1.0, Avg: 1.1, Max: 1.2, Diff: 0.2, Sum: 2.2]
      [Update RS (ms): Min: 0.5, Avg: 0.5, Max: 0.5, Diff: 0.1, Sum: 1.0]
         [Processed Buffers: Min: 2, Avg: 3.0, Max: 4, Diff: 2, Sum: 6]
      [Scan RS (ms): Min: 0.0, Avg: 0.0, Max: 0.1, Diff: 0.1, Sum: 0.1]
      [Code Root Scanning (ms): Min: 0.0, Avg: 0.0, Max: 0.0, Diff: 0.0, Sum: 0.0]
      [Object Copy (ms): Min: 11.5, Avg: 11.5, Max: 11.5, Diff: 0.0, Sum: 23.0]
      [Termination (ms): Min: 0.0, Avg: 0.0, Max: 0.0, Diff: 0.0, Sum: 0.0]
      [GC Worker Other (ms): Min: 0.0, Avg: 0.0, Max: 0.0, Diff: 0.0, Sum: 0.1]
      [GC Worker Total (ms): Min: 13.2, Avg: 13.2, Max: 13.2, Diff: 0.0, Sum: 26.3]
      [GC Worker End (ms): Min: 49035.0, Avg: 49035.0, Max: 49035.0, Diff: 0.0]
   [Code Root Fixup: 0.0 ms]
   [Code Root Migration: 0.0 ms]
   [Clear CT: 0.0 ms]
   [Other: 0.3 ms]
      [Choose CSet: 0.0 ms]
      [Ref Proc: 0.1 ms]
      [Ref Enq: 0.0 ms]
      [Free CSet: 0.1 ms]
   [Eden: 19.0M(19.0M)->0.0B(9216.0K) Survivors: 5120.0K->3072.0K Heap: 113.0M(256.0M)->109.5M(256.0M)]
 [Times: user=0.03 sys=0.00, real=0.01 secs] 
2014-07-10T16:13:18.063+0200: 49.048: [GC pause (mixed), 0.0085805 secs]
   [Parallel Time: 8.1 ms, GC Workers: 2]
      [GC Worker Start (ms): Min: 49048.0, Avg: 49048.0, Max: 49048.0, Diff: 0.0]
      [Ext Root Scanning (ms): Min: 1.3, Avg: 1.3, Max: 1.3, Diff: 0.1, Sum: 2.6]
      [Update RS (ms): Min: 0.3, Avg: 0.3, Max: 0.3, Diff: 0.0, Sum: 0.7]
         [Processed Buffers: Min: 3, Avg: 3.5, Max: 4, Diff: 1, Sum: 7]
      [Scan RS (ms): Min: 0.1, Avg: 0.1, Max: 0.1, Diff: 0.0, Sum: 0.2]
      [Code Root Scanning (ms): Min: 0.0, Avg: 0.0, Max: 0.0, Diff: 0.0, Sum: 0.0]
      [Object Copy (ms): Min: 6.3, Avg: 6.3, Max: 6.3, Diff: 0.0, Sum: 12.5]
      [Termination (ms): Min: 0.0, Avg: 0.0, Max: 0.0, Diff: 0.0, Sum: 0.0]
      [GC Worker Other (ms): Min: 0.0, Avg: 0.0, Max: 0.0, Diff: 0.0, Sum: 0.1]
      [GC Worker Total (ms): Min: 8.0, Avg: 8.1, Max: 8.1, Diff: 0.0, Sum: 16.1]
      [GC Worker End (ms): Min: 49056.1, Avg: 49056.1, Max: 49056.1, Diff: 0.0]
   [Code Root Fixup: 0.0 ms]
   [Code Root Migration: 0.0 ms]
   [Clear CT: 0.1 ms]
   [Other: 0.3 ms]
      [Choose CSet: 0.0 ms]
      [Ref Proc: 0.0 ms]
      [Ref Enq: 0.0 ms]
      [Free CSet: 0.1 ms]
   [Eden: 9216.0K(9216.0K)->0.0B(65.0M) Survivors: 3072.0K->2048.0K Heap: 118.5M(256.0M)->102.5M(256.0M)]
 [Times: user=0.03 sys=0.00, real=0.01 secs] 
2014-07-10T16:13:18.179+0200: 49.164: [GC pause (young), 0.0435104 secs]
   [Parallel Time: 43.0 ms, GC Workers: 2]
      [GC Worker Start (ms): Min: 49164.3, Avg: 49164.3, Max: 49164.3, Diff: 0.0]
      [Ext Root Scanning (ms): Min: 1.2, Avg: 1.2, Max: 1.2, Diff: 0.0, Sum: 2.5]
      [Update RS (ms): Min: 0.4, Avg: 0.4, Max: 0.4, Diff: 0.0, Sum: 0.8]
         [Processed Buffers: Min: 1, Avg: 3.0, Max: 5, Diff: 4, Sum: 6]
      [Scan RS (ms): Min: 0.1, Avg: 0.1, Max: 0.1, Diff: 0.0, Sum: 0.2]
      [Code Root Scanning (ms): Min: 0.0, Avg: 0.0, Max: 0.0, Diff: 0.0, Sum: 0.1]
      [Object Copy (ms): Min: 41.2, Avg: 41.2, Max: 41.2, Diff: 0.0, Sum: 82.4]
      [Termination (ms): Min: 0.0, Avg: 0.0, Max: 0.0, Diff: 0.0, Sum: 0.0]
      [GC Worker Other (ms): Min: 0.0, Avg: 0.0, Max: 0.0, Diff: 0.0, Sum: 0.1]
      [GC Worker Total (ms): Min: 43.0, Avg: 43.0, Max: 43.0, Diff: 0.0, Sum: 86.0]
      [GC Worker End (ms): Min: 49207.3, Avg: 49207.3, Max: 49207.3, Diff: 0.0]
   [Code Root Fixup: 0.0 ms]
   [Code Root Migration: 0.0 ms]
   [Clear CT: 0.1 ms]
   [Other: 0.4 ms]
      [Choose CSet: 0.0 ms]
      [Ref Proc: 0.0 ms]
      [Ref Enq: 0.0 ms]
      [Free CSet: 0.1 ms]
   [Eden: 65.0M(65.0M)->0.0B(27.0M) Survivors: 2048.0K->9216.0K Heap: 167.5M(256.0M)->174.5M(256.0M)]
 [Times: user=0.06 sys=0.00, real=0.04 secs] 
2014-07-10T16:13:18.267+0200: 49.252: [GC pause (young) (initial-mark), 0.0188739 secs]
   [Parallel Time: 18.4 ms, GC Workers: 2]
      [GC Worker Start (ms): Min: 49251.9, Avg: 49251.9, Max: 49251.9, Diff: 0.0]
      [Ext Root Scanning (ms): Min: 1.1, Avg: 1.1, Max: 1.2, Diff: 0.0, Sum: 2.3]
      [Code Root Marking (ms): Min: 0.1, Avg: 0.1, Max: 0.1, Diff: 0.0, Sum: 0.1]
      [Update RS (ms): Min: 0.9, Avg: 0.9, Max: 0.9, Diff: 0.0, Sum: 1.8]
         [Processed Buffers: Min: 4, Avg: 5.5, Max: 7, Diff: 3, Sum: 11]
      [Scan RS (ms): Min: 0.0, Avg: 0.0, Max: 0.1, Diff: 0.0, Sum: 0.1]
      [Code Root Scanning (ms): Min: 0.0, Avg: 0.0, Max: 0.0, Diff: 0.0, Sum: 0.0]
      [Object Copy (ms): Min: 16.1, Avg: 16.2, Max: 16.2, Diff: 0.0, Sum: 32.3]
      [Termination (ms): Min: 0.0, Avg: 0.0, Max: 0.0, Diff: 0.0, Sum: 0.0]
      [GC Worker Other (ms): Min: 0.0, Avg: 0.1, Max: 0.1, Diff: 0.1, Sum: 0.1]
      [GC Worker Total (ms): Min: 18.3, Avg: 18.4, Max: 18.4, Diff: 0.1, Sum: 36.8]
      [GC Worker End (ms): Min: 49270.3, Avg: 49270.3, Max: 49270.3, Diff: 0.1]
   [Code Root Fixup: 0.0 ms]
   [Code Root Migration: 0.0 ms]
   [Clear CT: 0.0 ms]
   [Other: 0.4 ms]
      [Choose CSet: 0.0 ms]
      [Ref Proc: 0.0 ms]
      [Ref Enq: 0.0 ms]
      [Free CSet: 0.1 ms]
   [Eden: 27.0M(27.0M)->0.0B(18.0M) Survivors: 9216.0K->5120.0K Heap: 201.5M(256.0M)->193.0M(256.0M)]
 [Times: user=0.03 sys=0.00, real=0.02 secs] 
2014-07-10T16:13:18.286+0200: 49.271: [GC concurrent-root-region-scan-start]
2014-07-10T16:13:18.286+0200: 49.271: [GC concurrent-root-region-scan-end, 0.0000913 secs]
2014-07-10T16:13:18.286+0200: 49.271: [GC concurrent-mark-start]
2014-07-10T16:13:18.290+0200: 49.275: [GC concurrent-mark-end, 0.0033638 secs]
2014-07-10T16:13:18.290+0200: 49.275: [GC remark 2014-07-10T16:13:18.290+0200: 49.275: [GC ref-proc, 0.0000649 secs], 0.0010449 secs]
 [Times: user=0.00 sys=0.00, real=0.00 secs] 
2014-07-10T16:13:18.291+0200: 49.276: [GC cleanup 195M->87M(256M), 0.0007857 secs]
 [Times: user=0.00 sys=0.00, real=0.00 secs] 
2014-07-10T16:13:18.292+0200: 49.277: [GC concurrent-cleanup-start]
2014-07-10T16:13:18.292+0200: 49.277: [GC concurrent-cleanup-end, 0.0002376 secs]
2014-07-10T16:13:18.317+0200: 49.302: [GC pause (young), 0.0135574 secs]
   [Parallel Time: 13.2 ms, GC Workers: 2]
      [GC Worker Start (ms): Min: 49301.9, Avg: 49301.9, Max: 49301.9, Diff: 0.0]
      [Ext Root Scanning (ms): Min: 1.0, Avg: 1.0, Max: 1.0, Diff: 0.0, Sum: 2.0]
      [Update RS (ms): Min: 0.4, Avg: 0.4, Max: 0.4, Diff: 0.0, Sum: 0.9]
         [Processed Buffers: Min: 2, Avg: 4.0, Max: 6, Diff: 4, Sum: 8]
      [Scan RS (ms): Min: 0.0, Avg: 0.0, Max: 0.0, Diff: 0.0, Sum: 0.1]
      [Code Root Scanning (ms): Min: 0.0, Avg: 0.0, Max: 0.0, Diff: 0.0, Sum: 0.0]
      [Object Copy (ms): Min: 11.6, Avg: 11.6, Max: 11.6, Diff: 0.0, Sum: 23.2]
      [Termination (ms): Min: 0.0, Avg: 0.0, Max: 0.0, Diff: 0.0, Sum: 0.0]
      [GC Worker Other (ms): Min: 0.0, Avg: 0.0, Max: 0.0, Diff: 0.0, Sum: 0.1]
      [GC Worker Total (ms): Min: 13.1, Avg: 13.1, Max: 13.1, Diff: 0.0, Sum: 26.3]
      [GC Worker End (ms): Min: 49315.0, Avg: 49315.0, Max: 49315.0, Diff: 0.0]
   [Code Root Fixup: 0.0 ms]
   [Code Root Migration: 0.0 ms]
   [Clear CT: 0.1 ms]
   [Other: 0.3 ms]
      [Choose CSet: 0.0 ms]
      [Ref Proc: 0.1 ms]
      [Ref Enq: 0.0 ms]
      [Free CSet: 0.1 ms]
   [Eden: 18.0M(18.0M)->0.0B(9216.0K) Survivors: 5120.0K->3072.0K Heap: 103.0M(256.0M)->101.5M(256.0M)]
 [Times: user=0.03 sys=0.00, real=0.01 secs] 
2014-07-10T16:13:18.346+0200: 49.331: [GC pause (mixed), 0.0091447 secs]
   [Parallel Time: 8.7 ms, GC Workers: 2]
      [GC Worker Start (ms): Min: 49330.9, Avg: 49330.9, Max: 49330.9, Diff: 0.0]
      [Ext Root Scanning (ms): Min: 1.1, Avg: 1.2, Max: 1.3, Diff: 0.2, Sum: 2.4]
      [Update RS (ms): Min: 0.3, Avg: 0.4, Max: 0.5, Diff: 0.2, Sum: 0.8]
         [Processed Buffers: Min: 3, Avg: 3.5, Max: 4, Diff: 1, Sum: 7]
      [Scan RS (ms): Min: 0.1, Avg: 0.1, Max: 0.1, Diff: 0.0, Sum: 0.1]
      [Code Root Scanning (ms): Min: 0.0, Avg: 0.0, Max: 0.0, Diff: 0.0, Sum: 0.0]
      [Object Copy (ms): Min: 6.9, Avg: 6.9, Max: 6.9, Diff: 0.0, Sum: 13.8]
      [Termination (ms): Min: 0.0, Avg: 0.0, Max: 0.0, Diff: 0.0, Sum: 0.0]
      [GC Worker Other (ms): Min: 0.0, Avg: 0.0, Max: 0.0, Diff: 0.0, Sum: 0.1]
      [GC Worker Total (ms): Min: 8.6, Avg: 8.6, Max: 8.6, Diff: 0.0, Sum: 17.2]
      [GC Worker End (ms): Min: 49339.6, Avg: 49339.6, Max: 49339.6, Diff: 0.0]
   [Code Root Fixup: 0.0 ms]
   [Code Root Migration: 0.0 ms]
   [Clear CT: 0.1 ms]
   [Other: 0.4 ms]
      [Choose CSet: 0.0 ms]
      [Ref Proc: 0.1 ms]
      [Ref Enq: 0.0 ms]
      [Free CSet: 0.1 ms]
   [Eden: 9216.0K(9216.0K)->0.0B(66.0M) Survivors: 3072.0K->2048.0K Heap: 110.5M(256.0M)->100.0M(256.0M)]
 [Times: user=0.03 sys=0.00, real=0.01 secs] 
2014-07-10T16:13:18.463+0200: 49.448: [GC pause (young), 0.0441927 secs]
   [Parallel Time: 43.7 ms, GC Workers: 2]
      [GC Worker Start (ms): Min: 49447.9, Avg: 49447.9, Max: 49447.9, Diff: 0.0]
      [Ext Root Scanning (ms): Min: 1.2, Avg: 1.3, Max: 1.3, Diff: 0.1, Sum: 2.6]
      [Update RS (ms): Min: 0.4, Avg: 0.4, Max: 0.4, Diff: 0.0, Sum: 0.8]
         [Processed Buffers: Min: 1, Avg: 2.5, Max: 4, Diff: 3, Sum: 5]
      [Scan RS (ms): Min: 0.1, Avg: 0.1, Max: 0.1, Diff: 0.1, Sum: 0.2]
      [Code Root Scanning (ms): Min: 0.0, Avg: 0.0, Max: 0.1, Diff: 0.0, Sum: 0.1]
      [Object Copy (ms): Min: 41.7, Avg: 41.7, Max: 41.7, Diff: 0.0, Sum: 83.5]
      [Termination (ms): Min: 0.0, Avg: 0.0, Max: 0.0, Diff: 0.0, Sum: 0.0]
      [GC Worker Other (ms): Min: 0.0, Avg: 0.0, Max: 0.0, Diff: 0.0, Sum: 0.1]
      [GC Worker Total (ms): Min: 43.6, Avg: 43.6, Max: 43.6, Diff: 0.0, Sum: 87.3]
      [GC Worker End (ms): Min: 49491.5, Avg: 49491.5, Max: 49491.5, Diff: 0.0]
   [Code Root Fixup: 0.0 ms]
   [Code Root Migration: 0.1 ms]
   [Clear CT: 0.1 ms]
   [Other: 0.4 ms]
      [Choose CSet: 0.0 ms]
      [Ref Proc: 0.1 ms]
      [Ref Enq: 0.0 ms]
      [Free CSet: 0.1 ms]
   [Eden: 66.0M(66.0M)->0.0B(27.0M) Survivors: 2048.0K->9216.0K Heap: 166.0M(256.0M)->174.0M(256.0M)]
 [Times: user=0.08 sys=0.00, real=0.04 secs] 
2014-07-10T16:13:18.550+0200: 49.535: [GC pause (young) (initial-mark), 0.0179540 secs]
   [Parallel Time: 17.6 ms, GC Workers: 2]
      [GC Worker Start (ms): Min: 49534.9, Avg: 49534.9, Max: 49534.9, Diff: 0.0]
      [Ext Root Scanning (ms): Min: 0.9, Avg: 0.9, Max: 0.9, Diff: 0.0, Sum: 1.9]
      [Code Root Marking (ms): Min: 0.0, Avg: 0.1, Max: 0.1, Diff: 0.0, Sum: 0.1]
      [Update RS (ms): Min: 0.9, Avg: 0.9, Max: 0.9, Diff: 0.0, Sum: 1.7]
         [Processed Buffers: Min: 4, Avg: 5.0, Max: 6, Diff: 2, Sum: 10]
      [Scan RS (ms): Min: 0.0, Avg: 0.0, Max: 0.0, Diff: 0.0, Sum: 0.1]
      [Code Root Scanning (ms): Min: 0.0, Avg: 0.0, Max: 0.0, Diff: 0.0, Sum: 0.1]
      [Object Copy (ms): Min: 15.5, Avg: 15.5, Max: 15.5, Diff: 0.0, Sum: 31.1]
      [Termination (ms): Min: 0.0, Avg: 0.0, Max: 0.0, Diff: 0.0, Sum: 0.0]
      [GC Worker Other (ms): Min: 0.0, Avg: 0.0, Max: 0.0, Diff: 0.0, Sum: 0.1]
      [GC Worker Total (ms): Min: 17.5, Avg: 17.5, Max: 17.5, Diff: 0.0, Sum: 35.0]
      [GC Worker End (ms): Min: 49552.4, Avg: 49552.4, Max: 49552.4, Diff: 0.0]
   [Code Root Fixup: 0.0 ms]
   [Code Root Migration: 0.0 ms]
   [Clear CT: 0.0 ms]
   [Other: 0.3 ms]
      [Choose CSet: 0.0 ms]
      [Ref Proc: 0.1 ms]
      [Ref Enq: 0.0 ms]
      [Free CSet: 0.1 ms]
   [Eden: 27.0M(27.0M)->0.0B(19.0M) Survivors: 9216.0K->5120.0K Heap: 201.0M(256.0M)->191.5M(256.0M)]
 [Times: user=0.03 sys=0.00, real=0.02 secs] 
2014-07-10T16:13:18.568+0200: 49.553: [GC concurrent-root-region-scan-start]
2014-07-10T16:13:18.568+0200: 49.553: [GC concurrent-root-region-scan-end, 0.0000906 secs]
2014-07-10T16:13:18.568+0200: 49.553: [GC concurrent-mark-start]
2014-07-10T16:13:18.572+0200: 49.558: [GC concurrent-mark-end, 0.0043933 secs]
2014-07-10T16:13:18.573+0200: 49.558: [GC remark 2014-07-10T16:13:18.573+0200: 49.558: [GC ref-proc, 0.0000656 secs], 0.0010251 secs]
 [Times: user=0.00 sys=0.00, real=0.00 secs] 
2014-07-10T16:13:18.574+0200: 49.559: [GC cleanup 193M->87M(256M), 0.0007662 secs]
 [Times: user=0.00 sys=0.00, real=0.00 secs] 
2014-07-10T16:13:18.575+0200: 49.560: [GC concurrent-cleanup-start]
2014-07-10T16:13:18.575+0200: 49.560: [GC concurrent-cleanup-end, 0.0001785 secs]
2014-07-10T16:13:18.603+0200: 49.588: [GC pause (young), 0.0132198 secs]
   [Parallel Time: 12.8 ms, GC Workers: 2]
      [GC Worker Start (ms): Min: 49587.9, Avg: 49587.9, Max: 49587.9, Diff: 0.0]
      [Ext Root Scanning (ms): Min: 1.0, Avg: 1.0, Max: 1.0, Diff: 0.0, Sum: 2.0]
      [Update RS (ms): Min: 0.4, Avg: 0.4, Max: 0.5, Diff: 0.1, Sum: 0.8]
         [Processed Buffers: Min: 2, Avg: 2.5, Max: 3, Diff: 1, Sum: 5]
      [Scan RS (ms): Min: 0.0, Avg: 0.0, Max: 0.0, Diff: 0.0, Sum: 0.1]
      [Code Root Scanning (ms): Min: 0.0, Avg: 0.0, Max: 0.0, Diff: 0.0, Sum: 0.0]
      [Object Copy (ms): Min: 11.2, Avg: 11.2, Max: 11.2, Diff: 0.0, Sum: 22.4]
      [Termination (ms): Min: 0.0, Avg: 0.0, Max: 0.0, Diff: 0.0, Sum: 0.0]
      [GC Worker Other (ms): Min: 0.0, Avg: 0.0, Max: 0.0, Diff: 0.0, Sum: 0.1]
      [GC Worker Total (ms): Min: 12.7, Avg: 12.7, Max: 12.7, Diff: 0.0, Sum: 25.5]
      [GC Worker End (ms): Min: 49600.6, Avg: 49600.6, Max: 49600.6, Diff: 0.0]
   [Code Root Fixup: 0.0 ms]
   [Code Root Migration: 0.0 ms]
   [Clear CT: 0.2 ms]
   [Other: 0.3 ms]
      [Choose CSet: 0.0 ms]
      [Ref Proc: 0.1 ms]
      [Ref Enq: 0.0 ms]
      [Free CSet: 0.1 ms]
   [Eden: 19.0M(19.0M)->0.0B(9216.0K) Survivors: 5120.0K->3072.0K Heap: 104.5M(256.0M)->99.5M(256.0M)]
 [Times: user=0.03 sys=0.00, real=0.01 secs] 
2014-07-10T16:13:18.630+0200: 49.615: [GC pause (mixed), 0.0101511 secs]
   [Parallel Time: 9.8 ms, GC Workers: 2]
      [GC Worker Start (ms): Min: 49614.9, Avg: 49614.9, Max: 49614.9, Diff: 0.0]
      [Ext Root Scanning (ms): Min: 1.2, Avg: 1.3, Max: 1.4, Diff: 0.3, Sum: 2.6]
      [Update RS (ms): Min: 0.3, Avg: 0.3, Max: 0.4, Diff: 0.1, Sum: 0.6]
         [Processed Buffers: Min: 1, Avg: 3.0, Max: 5, Diff: 4, Sum: 6]
      [Scan RS (ms): Min: 0.0, Avg: 0.1, Max: 0.1, Diff: 0.1, Sum: 0.2]
      [Code Root Scanning (ms): Min: 0.0, Avg: 0.0, Max: 0.0, Diff: 0.0, Sum: 0.0]
      [Object Copy (ms): Min: 7.9, Avg: 7.9, Max: 8.0, Diff: 0.0, Sum: 15.9]
      [Termination (ms): Min: 0.0, Avg: 0.0, Max: 0.0, Diff: 0.0, Sum: 0.0]
      [GC Worker Other (ms): Min: 0.0, Avg: 0.0, Max: 0.0, Diff: 0.0, Sum: 0.0]
      [GC Worker Total (ms): Min: 9.7, Avg: 9.7, Max: 9.7, Diff: 0.0, Sum: 19.4]
      [GC Worker End (ms): Min: 49624.6, Avg: 49624.6, Max: 49624.6, Diff: 0.0]
   [Code Root Fixup: 0.0 ms]
   [Code Root Migration: 0.0 ms]
   [Clear CT: 0.1 ms]
   [Other: 0.3 ms]
      [Choose CSet: 0.0 ms]
      [Ref Proc: 0.1 ms]
      [Ref Enq: 0.0 ms]
      [Free CSet: 0.1 ms]
   [Eden: 9216.0K(9216.0K)->0.0B(71.0M) Survivors: 3072.0K->2048.0K Heap: 108.5M(256.0M)->98.5M(256.0M)]
 [Times: user=0.02 sys=0.00, real=0.01 secs] 
2014-07-10T16:13:18.760+0200: 49.745: [GC pause (young), 0.0476445 secs]
   [Parallel Time: 47.2 ms, GC Workers: 2]
      [GC Worker Start (ms): Min: 49745.0, Avg: 49745.0, Max: 49745.0, Diff: 0.0]
      [Ext Root Scanning (ms): Min: 1.0, Avg: 1.1, Max: 1.1, Diff: 0.1, Sum: 2.1]
      [Update RS (ms): Min: 0.4, Avg: 0.4, Max: 0.5, Diff: 0.0, Sum: 0.9]
         [Processed Buffers: Min: 3, Avg: 3.0, Max: 3, Diff: 0, Sum: 6]
      [Scan RS (ms): Min: 0.1, Avg: 0.1, Max: 0.1, Diff: 0.0, Sum: 0.2]
      [Code Root Scanning (ms): Min: 0.0, Avg: 0.1, Max: 0.1, Diff: 0.0, Sum: 0.1]
      [Object Copy (ms): Min: 45.5, Avg: 45.5, Max: 45.5, Diff: 0.0, Sum: 90.9]
      [Termination (ms): Min: 0.0, Avg: 0.0, Max: 0.0, Diff: 0.0, Sum: 0.0]
      [GC Worker Other (ms): Min: 0.0, Avg: 0.0, Max: 0.0, Diff: 0.0, Sum: 0.1]
      [GC Worker Total (ms): Min: 47.1, Avg: 47.1, Max: 47.1, Diff: 0.0, Sum: 94.3]
      [GC Worker End (ms): Min: 49792.1, Avg: 49792.1, Max: 49792.1, Diff: 0.0]
   [Code Root Fixup: 0.0 ms]
   [Code Root Migration: 0.0 ms]
   [Clear CT: 0.1 ms]
   [Other: 0.4 ms]
      [Choose CSet: 0.0 ms]
      [Ref Proc: 0.0 ms]
      [Ref Enq: 0.0 ms]
      [Free CSet: 0.1 ms]
   [Eden: 71.0M(71.0M)->0.0B(25.0M) Survivors: 2048.0K->10.0M Heap: 169.5M(256.0M)->179.5M(256.0M)]
 [Times: user=0.09 sys=0.00, real=0.05 secs] 
2014-07-10T16:13:18.848+0200: 49.833: [GC pause (young) (initial-mark), 0.0171394 secs]
   [Parallel Time: 16.7 ms, GC Workers: 2]
      [GC Worker Start (ms): Min: 49833.0, Avg: 49833.0, Max: 49833.0, Diff: 0.0]
      [Ext Root Scanning (ms): Min: 1.1, Avg: 1.1, Max: 1.1, Diff: 0.0, Sum: 2.2]
      [Code Root Marking (ms): Min: 0.0, Avg: 0.1, Max: 0.1, Diff: 0.0, Sum: 0.1]
      [Update RS (ms): Min: 1.0, Avg: 1.0, Max: 1.0, Diff: 0.0, Sum: 2.0]
         [Processed Buffers: Min: 4, Avg: 5.0, Max: 6, Diff: 2, Sum: 10]
      [Scan RS (ms): Min: 0.0, Avg: 0.0, Max: 0.0, Diff: 0.0, Sum: 0.1]
      [Code Root Scanning (ms): Min: 0.0, Avg: 0.0, Max: 0.0, Diff: 0.0, Sum: 0.0]
      [Object Copy (ms): Min: 14.5, Avg: 14.5, Max: 14.5, Diff: 0.0, Sum: 29.0]
      [Termination (ms): Min: 0.0, Avg: 0.0, Max: 0.0, Diff: 0.0, Sum: 0.0]
      [GC Worker Other (ms): Min: 0.0, Avg: 0.0, Max: 0.0, Diff: 0.0, Sum: 0.1]
      [GC Worker Total (ms): Min: 16.7, Avg: 16.7, Max: 16.7, Diff: 0.0, Sum: 33.4]
      [GC Worker End (ms): Min: 49849.7, Avg: 49849.7, Max: 49849.7, Diff: 0.0]
   [Code Root Fixup: 0.0 ms]
   [Code Root Migration: 0.0 ms]
   [Clear CT: 0.1 ms]
   [Other: 0.3 ms]
      [Choose CSet: 0.0 ms]
      [Ref Proc: 0.0 ms]
      [Ref Enq: 0.0 ms]
      [Free CSet: 0.1 ms]
   [Eden: 25.0M(25.0M)->0.0B(17.0M) Survivors: 10.0M->5120.0K Heap: 204.5M(256.0M)->194.0M(256.0M)]
 [Times: user=0.06 sys=0.00, real=0.02 secs] 
2014-07-10T16:13:18.865+0200: 49.850: [GC concurrent-root-region-scan-start]
2014-07-10T16:13:18.865+0200: 49.850: [GC concurrent-root-region-scan-end, 0.0000851 secs]
2014-07-10T16:13:18.865+0200: 49.850: [GC concurrent-mark-start]
2014-07-10T16:13:18.869+0200: 49.854: [GC concurrent-mark-end, 0.0033561 secs]
2014-07-10T16:13:18.869+0200: 49.854: [GC remark 2014-07-10T16:13:18.870+0200: 49.855: [GC ref-proc, 0.0000752 secs], 0.0010562 secs]
 [Times: user=0.00 sys=0.00, real=0.00 secs] 
2014-07-10T16:13:18.871+0200: 49.856: [GC cleanup 198M->83M(256M), 0.0009349 secs]
 [Times: user=0.00 sys=0.00, real=0.00 secs] 
2014-07-10T16:13:18.872+0200: 49.857: [GC concurrent-cleanup-start]
2014-07-10T16:13:18.872+0200: 49.857: [GC concurrent-cleanup-end, 0.0002405 secs]
2014-07-10T16:13:18.892+0200: 49.877: [GC pause (young), 0.0138617 secs]
   [Parallel Time: 13.6 ms, GC Workers: 2]
      [GC Worker Start (ms): Min: 49877.1, Avg: 49877.1, Max: 49877.1, Diff: 0.0]
      [Ext Root Scanning (ms): Min: 1.4, Avg: 2.6, Max: 3.8, Diff: 2.4, Sum: 5.3]
      [Update RS (ms): Min: 0.0, Avg: 0.4, Max: 0.7, Diff: 0.7, Sum: 0.7]
         [Processed Buffers: Min: 0, Avg: 3.5, Max: 7, Diff: 7, Sum: 7]
      [Scan RS (ms): Min: 0.0, Avg: 0.0, Max: 0.1, Diff: 0.1, Sum: 0.1]
      [Code Root Scanning (ms): Min: 0.0, Avg: 0.0, Max: 0.0, Diff: 0.0, Sum: 0.0]
      [Object Copy (ms): Min: 9.7, Avg: 10.5, Max: 11.3, Diff: 1.6, Sum: 21.0]
      [Termination (ms): Min: 0.0, Avg: 0.0, Max: 0.0, Diff: 0.0, Sum: 0.0]
      [GC Worker Other (ms): Min: 0.0, Avg: 0.0, Max: 0.0, Diff: 0.0, Sum: 0.1]
      [GC Worker Total (ms): Min: 13.6, Avg: 13.6, Max: 13.6, Diff: 0.0, Sum: 27.1]
      [GC Worker End (ms): Min: 49890.7, Avg: 49890.7, Max: 49890.7, Diff: 0.0]
   [Code Root Fixup: 0.0 ms]
   [Code Root Migration: 0.0 ms]
   [Clear CT: 0.0 ms]
   [Other: 0.2 ms]
      [Choose CSet: 0.0 ms]
      [Ref Proc: 0.0 ms]
      [Ref Enq: 0.0 ms]
      [Free CSet: 0.1 ms]
   [Eden: 17.0M(17.0M)->0.0B(9216.0K) Survivors: 5120.0K->3072.0K Heap: 96.0M(256.0M)->95.0M(256.0M)]
 [Times: user=0.03 sys=0.00, real=0.01 secs] 
2014-07-10T16:13:18.920+0200: 49.905: [GC pause (mixed), 0.0086062 secs]
   [Parallel Time: 8.3 ms, GC Workers: 2]
      [GC Worker Start (ms): Min: 49904.9, Avg: 49904.9, Max: 49904.9, Diff: 0.0]
      [Ext Root Scanning (ms): Min: 1.1, Avg: 1.2, Max: 1.4, Diff: 0.3, Sum: 2.5]
      [Update RS (ms): Min: 0.2, Avg: 0.4, Max: 0.5, Diff: 0.2, Sum: 0.7]
         [Processed Buffers: Min: 1, Avg: 2.5, Max: 4, Diff: 3, Sum: 5]
      [Scan RS (ms): Min: 0.0, Avg: 0.1, Max: 0.1, Diff: 0.1, Sum: 0.1]
      [Code Root Scanning (ms): Min: 0.0, Avg: 0.0, Max: 0.0, Diff: 0.0, Sum: 0.0]
      [Object Copy (ms): Min: 6.5, Avg: 6.5, Max: 6.5, Diff: 0.0, Sum: 13.0]
      [Termination (ms): Min: 0.0, Avg: 0.0, Max: 0.0, Diff: 0.0, Sum: 0.0]
      [GC Worker Other (ms): Min: 0.0, Avg: 0.0, Max: 0.0, Diff: 0.0, Sum: 0.1]
      [GC Worker Total (ms): Min: 8.2, Avg: 8.2, Max: 8.3, Diff: 0.0, Sum: 16.5]
      [GC Worker End (ms): Min: 49913.2, Avg: 49913.2, Max: 49913.2, Diff: 0.0]
   [Code Root Fixup: 0.0 ms]
   [Code Root Migration: 0.0 ms]
   [Clear CT: 0.0 ms]
   [Other: 0.3 ms]
      [Choose CSet: 0.0 ms]
      [Ref Proc: 0.1 ms]
      [Ref Enq: 0.0 ms]
      [Free CSet: 0.1 ms]
   [Eden: 9216.0K(9216.0K)->0.0B(71.0M) Survivors: 3072.0K->2048.0K Heap: 104.0M(256.0M)->98.0M(256.0M)]
 [Times: user=0.03 sys=0.00, real=0.01 secs] 
2014-07-10T16:13:19.046+0200: 50.031: [GC pause (young), 0.0472870 secs]
   [Parallel Time: 46.7 ms, GC Workers: 2]
      [GC Worker Start (ms): Min: 50031.0, Avg: 50031.0, Max: 50031.0, Diff: 0.0]
      [Ext Root Scanning (ms): Min: 1.1, Avg: 1.1, Max: 1.1, Diff: 0.0, Sum: 2.3]
      [Update RS (ms): Min: 0.5, Avg: 0.5, Max: 0.6, Diff: 0.1, Sum: 1.1]
         [Processed Buffers: Min: 1, Avg: 2.5, Max: 4, Diff: 3, Sum: 5]
      [Scan RS (ms): Min: 0.1, Avg: 0.1, Max: 0.1, Diff: 0.1, Sum: 0.2]
      [Code Root Scanning (ms): Min: 0.0, Avg: 0.0, Max: 0.1, Diff: 0.0, Sum: 0.1]
      [Object Copy (ms): Min: 44.8, Avg: 44.9, Max: 44.9, Diff: 0.0, Sum: 89.7]
      [Termination (ms): Min: 0.0, Avg: 0.0, Max: 0.0, Diff: 0.0, Sum: 0.0]
      [GC Worker Other (ms): Min: 0.0, Avg: 0.0, Max: 0.0, Diff: 0.0, Sum: 0.1]
      [GC Worker Total (ms): Min: 46.7, Avg: 46.7, Max: 46.7, Diff: 0.0, Sum: 93.4]
      [GC Worker End (ms): Min: 50077.8, Avg: 50077.8, Max: 50077.8, Diff: 0.0]
   [Code Root Fixup: 0.0 ms]
   [Code Root Migration: 0.0 ms]
   [Clear CT: 0.1 ms]
   [Other: 0.4 ms]
      [Choose CSet: 0.0 ms]
      [Ref Proc: 0.1 ms]
      [Ref Enq: 0.0 ms]
      [Free CSet: 0.1 ms]
   [Eden: 71.0M(71.0M)->0.0B(27.0M) Survivors: 2048.0K->10.0M Heap: 169.0M(256.0M)->175.5M(256.0M)]
 [Times: user=0.09 sys=0.00, real=0.05 secs] 
2014-07-10T16:13:19.139+0200: 50.124: [GC pause (young) (initial-mark), 0.0188427 secs]
   [Parallel Time: 18.4 ms, GC Workers: 2]
      [GC Worker Start (ms): Min: 50124.0, Avg: 50124.0, Max: 50124.0, Diff: 0.0]
      [Ext Root Scanning (ms): Min: 1.1, Avg: 1.1, Max: 1.1, Diff: 0.0, Sum: 2.1]
      [Code Root Marking (ms): Min: 0.1, Avg: 0.1, Max: 0.1, Diff: 0.0, Sum: 0.1]
      [Update RS (ms): Min: 1.1, Avg: 1.1, Max: 1.1, Diff: 0.0, Sum: 2.2]
         [Processed Buffers: Min: 5, Avg: 5.0, Max: 5, Diff: 0, Sum: 10]
      [Scan RS (ms): Min: 0.1, Avg: 0.1, Max: 0.1, Diff: 0.0, Sum: 0.1]
      [Code Root Scanning (ms): Min: 0.0, Avg: 0.0, Max: 0.0, Diff: 0.0, Sum: 0.0]
      [Object Copy (ms): Min: 16.0, Avg: 16.0, Max: 16.0, Diff: 0.0, Sum: 32.0]
      [Termination (ms): Min: 0.0, Avg: 0.0, Max: 0.0, Diff: 0.0, Sum: 0.0]
      [GC Worker Other (ms): Min: 0.0, Avg: 0.0, Max: 0.0, Diff: 0.0, Sum: 0.1]
      [GC Worker Total (ms): Min: 18.3, Avg: 18.3, Max: 18.3, Diff: 0.0, Sum: 36.6]
      [GC Worker End (ms): Min: 50142.4, Avg: 50142.4, Max: 50142.4, Diff: 0.0]
   [Code Root Fixup: 0.0 ms]
   [Code Root Migration: 0.0 ms]
   [Clear CT: 0.0 ms]
   [Other: 0.4 ms]
      [Choose CSet: 0.0 ms]
      [Ref Proc: 0.1 ms]
      [Ref Enq: 0.0 ms]
      [Free CSet: 0.1 ms]
   [Eden: 27.0M(27.0M)->0.0B(18.0M) Survivors: 10.0M->5120.0K Heap: 202.5M(256.0M)->193.0M(256.0M)]
 [Times: user=0.03 sys=0.00, real=0.02 secs] 
2014-07-10T16:13:19.158+0200: 50.143: [GC concurrent-root-region-scan-start]
2014-07-10T16:13:19.158+0200: 50.143: [GC concurrent-root-region-scan-end, 0.0000865 secs]
2014-07-10T16:13:19.158+0200: 50.143: [GC concurrent-mark-start]
2014-07-10T16:13:19.162+0200: 50.147: [GC concurrent-mark-end, 0.0034236 secs]
2014-07-10T16:13:19.162+0200: 50.147: [GC remark 2014-07-10T16:13:19.162+0200: 50.147: [GC ref-proc, 0.0000671 secs], 0.0010346 secs]
 [Times: user=0.00 sys=0.00, real=0.00 secs] 
2014-07-10T16:13:19.164+0200: 50.149: [GC cleanup 195M->80M(256M), 0.0009895 secs]
 [Times: user=0.00 sys=0.00, real=0.00 secs] 
2014-07-10T16:13:19.165+0200: 50.150: [GC concurrent-cleanup-start]
2014-07-10T16:13:19.165+0200: 50.150: [GC concurrent-cleanup-end, 0.0003274 secs]
2014-07-10T16:13:19.188+0200: 50.173: [GC pause (young), 0.0128436 secs]
   [Parallel Time: 12.5 ms, GC Workers: 2]
      [GC Worker Start (ms): Min: 50172.8, Avg: 50172.8, Max: 50172.8, Diff: 0.0]
      [Ext Root Scanning (ms): Min: 1.1, Avg: 1.1, Max: 1.2, Diff: 0.1, Sum: 2.3]
      [Update RS (ms): Min: 0.4, Avg: 0.4, Max: 0.5, Diff: 0.1, Sum: 0.9]
         [Processed Buffers: Min: 3, Avg: 3.5, Max: 4, Diff: 1, Sum: 7]
      [Scan RS (ms): Min: 0.0, Avg: 0.0, Max: 0.0, Diff: 0.0, Sum: 0.1]
      [Code Root Scanning (ms): Min: 0.0, Avg: 0.0, Max: 0.0, Diff: 0.0, Sum: 0.0]
      [Object Copy (ms): Min: 10.8, Avg: 10.8, Max: 10.8, Diff: 0.0, Sum: 21.6]
      [Termination (ms): Min: 0.0, Avg: 0.0, Max: 0.0, Diff: 0.0, Sum: 0.0]
      [GC Worker Other (ms): Min: 0.0, Avg: 0.0, Max: 0.0, Diff: 0.0, Sum: 0.1]
      [GC Worker Total (ms): Min: 12.5, Avg: 12.5, Max: 12.5, Diff: 0.0, Sum: 24.9]
      [GC Worker End (ms): Min: 50185.3, Avg: 50185.3, Max: 50185.3, Diff: 0.0]
   [Code Root Fixup: 0.0 ms]
   [Code Root Migration: 0.0 ms]
   [Clear CT: 0.0 ms]
   [Other: 0.2 ms]
      [Choose CSet: 0.0 ms]
      [Ref Proc: 0.0 ms]
      [Ref Enq: 0.0 ms]
      [Free CSet: 0.1 ms]
   [Eden: 18.0M(18.0M)->0.0B(9216.0K) Survivors: 5120.0K->3072.0K Heap: 96.0M(256.0M)->92.0M(256.0M)]
 [Times: user=0.03 sys=0.00, real=0.01 secs] 
2014-07-10T16:13:19.215+0200: 50.200: [GC pause (mixed), 0.0093039 secs]
   [Parallel Time: 8.9 ms, GC Workers: 2]
      [GC Worker Start (ms): Min: 50199.7, Avg: 50199.7, Max: 50199.7, Diff: 0.0]
      [Ext Root Scanning (ms): Min: 0.9, Avg: 3.3, Max: 5.7, Diff: 4.8, Sum: 6.6]
      [Update RS (ms): Min: 0.0, Avg: 0.3, Max: 0.6, Diff: 0.6, Sum: 0.6]
         [Processed Buffers: Min: 0, Avg: 3.5, Max: 7, Diff: 7, Sum: 7]
      [Scan RS (ms): Min: 0.0, Avg: 0.0, Max: 0.1, Diff: 0.1, Sum: 0.1]
      [Code Root Scanning (ms): Min: 0.0, Avg: 0.0, Max: 0.0, Diff: 0.0, Sum: 0.0]
      [Object Copy (ms): Min: 3.1, Avg: 5.2, Max: 7.3, Diff: 4.1, Sum: 10.4]
      [Termination (ms): Min: 0.0, Avg: 0.0, Max: 0.0, Diff: 0.0, Sum: 0.0]
      [GC Worker Other (ms): Min: 0.0, Avg: 0.0, Max: 0.0, Diff: 0.0, Sum: 0.1]
      [GC Worker Total (ms): Min: 8.9, Avg: 8.9, Max: 8.9, Diff: 0.0, Sum: 17.8]
      [GC Worker End (ms): Min: 50208.6, Avg: 50208.6, Max: 50208.6, Diff: 0.0]
   [Code Root Fixup: 0.1 ms]
   [Code Root Migration: 0.0 ms]
   [Clear CT: 0.0 ms]
   [Other: 0.3 ms]
      [Choose CSet: 0.0 ms]
      [Ref Proc: 0.0 ms]
      [Ref Enq: 0.0 ms]
      [Free CSet: 0.1 ms]
   [Eden: 9216.0K(9216.0K)->0.0B(70.0M) Survivors: 3072.0K->2048.0K Heap: 101.0M(256.0M)->96.7M(256.0M)]
 [Times: user=0.03 sys=0.00, real=0.01 secs] 
2014-07-10T16:13:19.340+0200: 50.325: [GC pause (young), 0.0466868 secs]
   [Parallel Time: 46.2 ms, GC Workers: 2]
      [GC Worker Start (ms): Min: 50325.2, Avg: 50325.2, Max: 50325.2, Diff: 0.0]
      [Ext Root Scanning (ms): Min: 1.1, Avg: 1.1, Max: 1.1, Diff: 0.0, Sum: 2.2]
      [Update RS (ms): Min: 0.3, Avg: 0.4, Max: 0.6, Diff: 0.3, Sum: 0.9]
         [Processed Buffers: Min: 1, Avg: 2.5, Max: 4, Diff: 3, Sum: 5]
      [Scan RS (ms): Min: 0.0, Avg: 0.1, Max: 0.2, Diff: 0.2, Sum: 0.2]
      [Code Root Scanning (ms): Min: 0.0, Avg: 0.0, Max: 0.1, Diff: 0.1, Sum: 0.1]
      [Object Copy (ms): Min: 44.4, Avg: 44.4, Max: 44.4, Diff: 0.0, Sum: 88.8]
      [Termination (ms): Min: 0.0, Avg: 0.0, Max: 0.0, Diff: 0.0, Sum: 0.0]
      [GC Worker Other (ms): Min: 0.0, Avg: 0.0, Max: 0.0, Diff: 0.0, Sum: 0.1]
      [GC Worker Total (ms): Min: 46.1, Avg: 46.1, Max: 46.2, Diff: 0.0, Sum: 92.3]
      [GC Worker End (ms): Min: 50371.3, Avg: 50371.3, Max: 50371.3, Diff: 0.0]
   [Code Root Fixup: 0.0 ms]
   [Code Root Migration: 0.0 ms]
   [Clear CT: 0.1 ms]
   [Other: 0.4 ms]
      [Choose CSet: 0.0 ms]
      [Ref Proc: 0.0 ms]
      [Ref Enq: 0.0 ms]
      [Free CSet: 0.1 ms]
   [Eden: 70.0M(70.0M)->0.0B(25.0M) Survivors: 2048.0K->9216.0K Heap: 166.7M(256.0M)->178.0M(256.0M)]
 [Times: user=0.09 sys=0.00, real=0.05 secs] 
2014-07-10T16:13:19.427+0200: 50.412: [GC pause (young) (initial-mark), 0.0173938 secs]
   [Parallel Time: 17.0 ms, GC Workers: 2]
      [GC Worker Start (ms): Min: 50412.2, Avg: 50412.2, Max: 50412.2, Diff: 0.0]
      [Ext Root Scanning (ms): Min: 1.1, Avg: 1.1, Max: 1.1, Diff: 0.0, Sum: 2.2]
      [Code Root Marking (ms): Min: 0.1, Avg: 0.1, Max: 0.1, Diff: 0.0, Sum: 0.1]
      [Update RS (ms): Min: 1.0, Avg: 1.0, Max: 1.0, Diff: 0.0, Sum: 2.1]
         [Processed Buffers: Min: 4, Avg: 4.5, Max: 5, Diff: 1, Sum: 9]
      [Scan RS (ms): Min: 0.0, Avg: 0.1, Max: 0.1, Diff: 0.0, Sum: 0.1]
      [Code Root Scanning (ms): Min: 0.0, Avg: 0.0, Max: 0.0, Diff: 0.0, Sum: 0.0]
      [Object Copy (ms): Min: 14.7, Avg: 14.7, Max: 14.7, Diff: 0.0, Sum: 29.3]
      [Termination (ms): Min: 0.0, Avg: 0.0, Max: 0.0, Diff: 0.0, Sum: 0.0]
      [GC Worker Other (ms): Min: 0.0, Avg: 0.0, Max: 0.0, Diff: 0.0, Sum: 0.1]
      [GC Worker Total (ms): Min: 17.0, Avg: 17.0, Max: 17.0, Diff: 0.0, Sum: 33.9]
      [GC Worker End (ms): Min: 50429.2, Avg: 50429.2, Max: 50429.2, Diff: 0.0]
   [Code Root Fixup: 0.0 ms]
   [Code Root Migration: 0.0 ms]
   [Clear CT: 0.0 ms]
   [Other: 0.3 ms]
      [Choose CSet: 0.0 ms]
      [Ref Proc: 0.0 ms]
      [Ref Enq: 0.0 ms]
      [Free CSet: 0.1 ms]
   [Eden: 25.0M(25.0M)->0.0B(17.0M) Survivors: 9216.0K->5120.0K Heap: 203.0M(256.0M)->194.0M(256.0M)]
 [Times: user=0.03 sys=0.00, real=0.02 secs] 
2014-07-10T16:13:19.445+0200: 50.430: [GC concurrent-root-region-scan-start]
2014-07-10T16:13:19.445+0200: 50.430: [GC concurrent-root-region-scan-end, 0.0000840 secs]
2014-07-10T16:13:19.445+0200: 50.430: [GC concurrent-mark-start]
2014-07-10T16:13:19.448+0200: 50.433: [GC concurrent-mark-end, 0.0034994 secs]
2014-07-10T16:13:19.449+0200: 50.434: [GC remark 2014-07-10T16:13:19.449+0200: 50.434: [GC ref-proc, 0.0000638 secs], 0.0009650 secs]
 [Times: user=0.00 sys=0.00, real=0.00 secs] 
2014-07-10T16:13:19.451+0200: 50.436: [GC cleanup 197M->86M(256M), 0.0007882 secs]
 [Times: user=0.00 sys=0.00, real=0.00 secs] 
2014-07-10T16:13:19.451+0200: 50.437: [GC concurrent-cleanup-start]
2014-07-10T16:13:19.452+0200: 50.437: [GC concurrent-cleanup-end, 0.0002907 secs]
2014-07-10T16:13:19.472+0200: 50.457: [GC pause (young), 0.0116121 secs]
   [Parallel Time: 11.3 ms, GC Workers: 2]
      [GC Worker Start (ms): Min: 50457.1, Avg: 50457.1, Max: 50457.1, Diff: 0.0]
      [Ext Root Scanning (ms): Min: 1.1, Avg: 1.2, Max: 1.3, Diff: 0.1, Sum: 2.4]
      [Update RS (ms): Min: 0.4, Avg: 0.5, Max: 0.5, Diff: 0.1, Sum: 0.9]
         [Processed Buffers: Min: 2, Avg: 2.5, Max: 3, Diff: 1, Sum: 5]
      [Scan RS (ms): Min: 0.0, Avg: 0.0, Max: 0.1, Diff: 0.0, Sum: 0.1]
      [Code Root Scanning (ms): Min: 0.0, Avg: 0.0, Max: 0.0, Diff: 0.0, Sum: 0.0]
      [Object Copy (ms): Min: 9.4, Avg: 9.5, Max: 9.6, Diff: 0.1, Sum: 19.0]
      [Termination (ms): Min: 0.0, Avg: 0.1, Max: 0.1, Diff: 0.1, Sum: 0.1]
      [GC Worker Other (ms): Min: 0.0, Avg: 0.0, Max: 0.0, Diff: 0.0, Sum: 0.1]
      [GC Worker Total (ms): Min: 11.3, Avg: 11.3, Max: 11.3, Diff: 0.0, Sum: 22.6]
      [GC Worker End (ms): Min: 50468.4, Avg: 50468.4, Max: 50468.4, Diff: 0.0]
   [Code Root Fixup: 0.0 ms]
   [Code Root Migration: 0.0 ms]
   [Clear CT: 0.0 ms]
   [Other: 0.2 ms]
      [Choose CSet: 0.0 ms]
      [Ref Proc: 0.0 ms]
      [Ref Enq: 0.0 ms]
      [Free CSet: 0.1 ms]
   [Eden: 17.0M(17.0M)->0.0B(9216.0K) Survivors: 5120.0K->3072.0K Heap: 100.0M(256.0M)->96.0M(256.0M)]
 [Times: user=0.03 sys=0.00, real=0.01 secs] 
2014-07-10T16:13:19.498+0200: 50.483: [GC pause (mixed), 0.0086304 secs]
   [Parallel Time: 8.3 ms, GC Workers: 2]
      [GC Worker Start (ms): Min: 50483.3, Avg: 50483.3, Max: 50483.3, Diff: 0.0]
      [Ext Root Scanning (ms): Min: 1.0, Avg: 1.1, Max: 1.2, Diff: 0.2, Sum: 2.2]
      [Update RS (ms): Min: 0.2, Avg: 0.3, Max: 0.3, Diff: 0.1, Sum: 0.5]
         [Processed Buffers: Min: 1, Avg: 2.5, Max: 4, Diff: 3, Sum: 5]
      [Scan RS (ms): Min: 0.0, Avg: 0.1, Max: 0.1, Diff: 0.0, Sum: 0.1]
      [Code Root Scanning (ms): Min: 0.0, Avg: 0.0, Max: 0.0, Diff: 0.0, Sum: 0.0]
      [Object Copy (ms): Min: 6.7, Avg: 6.7, Max: 6.7, Diff: 0.0, Sum: 13.4]
      [Termination (ms): Min: 0.0, Avg: 0.0, Max: 0.0, Diff: 0.0, Sum: 0.0]
      [GC Worker Other (ms): Min: 0.0, Avg: 0.0, Max: 0.0, Diff: 0.0, Sum: 0.1]
      [GC Worker Total (ms): Min: 8.2, Avg: 8.2, Max: 8.2, Diff: 0.0, Sum: 16.4]
      [GC Worker End (ms): Min: 50491.5, Avg: 50491.5, Max: 50491.5, Diff: 0.0]
   [Code Root Fixup: 0.0 ms]
   [Code Root Migration: 0.0 ms]
   [Clear CT: 0.1 ms]
   [Other: 0.3 ms]
      [Choose CSet: 0.0 ms]
      [Ref Proc: 0.0 ms]
      [Ref Enq: 0.0 ms]
      [Free CSet: 0.1 ms]
   [Eden: 9216.0K(9216.0K)->0.0B(76.0M) Survivors: 3072.0K->2048.0K Heap: 105.0M(256.0M)->94.5M(256.0M)]
 [Times: user=0.03 sys=0.00, real=0.01 secs] 
2014-07-10T16:13:19.632+0200: 50.617: [GC pause (young), 0.0502926 secs]
   [Parallel Time: 49.7 ms, GC Workers: 2]
      [GC Worker Start (ms): Min: 50617.1, Avg: 50617.1, Max: 50617.1, Diff: 0.0]
      [Ext Root Scanning (ms): Min: 1.0, Avg: 1.0, Max: 1.0, Diff: 0.1, Sum: 2.0]
      [Update RS (ms): Min: 0.4, Avg: 0.4, Max: 0.4, Diff: 0.0, Sum: 0.8]
         [Processed Buffers: Min: 1, Avg: 2.5, Max: 4, Diff: 3, Sum: 5]
      [Scan RS (ms): Min: 0.1, Avg: 0.1, Max: 0.1, Diff: 0.0, Sum: 0.2]
      [Code Root Scanning (ms): Min: 0.1, Avg: 0.1, Max: 0.1, Diff: 0.0, Sum: 0.1]
      [Object Copy (ms): Min: 48.1, Avg: 48.1, Max: 48.1, Diff: 0.0, Sum: 96.2]
      [Termination (ms): Min: 0.0, Avg: 0.0, Max: 0.0, Diff: 0.0, Sum: 0.0]
      [GC Worker Other (ms): Min: 0.0, Avg: 0.0, Max: 0.0, Diff: 0.0, Sum: 0.1]
      [GC Worker Total (ms): Min: 49.7, Avg: 49.7, Max: 49.7, Diff: 0.0, Sum: 99.4]
      [GC Worker End (ms): Min: 50666.8, Avg: 50666.8, Max: 50666.8, Diff: 0.0]
   [Code Root Fixup: 0.0 ms]
   [Code Root Migration: 0.0 ms]
   [Clear CT: 0.1 ms]
   [Other: 0.5 ms]
      [Choose CSet: 0.0 ms]
      [Ref Proc: 0.1 ms]
      [Ref Enq: 0.0 ms]
      [Free CSet: 0.2 ms]
   [Eden: 76.0M(76.0M)->0.0B(26.0M) Survivors: 2048.0K->10.0M Heap: 170.5M(256.0M)->177.5M(256.0M)]
 [Times: user=0.09 sys=0.00, real=0.05 secs] 
2014-07-10T16:13:19.725+0200: 50.710: [GC pause (young) (initial-mark), 0.0186392 secs]
   [Parallel Time: 18.2 ms, GC Workers: 2]
      [GC Worker Start (ms): Min: 50710.1, Avg: 50710.1, Max: 50710.1, Diff: 0.0]
      [Ext Root Scanning (ms): Min: 1.1, Avg: 1.2, Max: 1.2, Diff: 0.1, Sum: 2.3]
      [Code Root Marking (ms): Min: 0.1, Avg: 0.1, Max: 0.1, Diff: 0.0, Sum: 0.1]
      [Update RS (ms): Min: 1.0, Avg: 1.0, Max: 1.0, Diff: 0.0, Sum: 2.1]
         [Processed Buffers: Min: 5, Avg: 5.5, Max: 6, Diff: 1, Sum: 11]
      [Scan RS (ms): Min: 0.0, Avg: 0.0, Max: 0.0, Diff: 0.0, Sum: 0.1]
      [Code Root Scanning (ms): Min: 0.0, Avg: 0.0, Max: 0.0, Diff: 0.0, Sum: 0.1]
      [Object Copy (ms): Min: 15.8, Avg: 15.8, Max: 15.8, Diff: 0.0, Sum: 31.6]
      [Termination (ms): Min: 0.0, Avg: 0.0, Max: 0.0, Diff: 0.0, Sum: 0.0]
      [GC Worker Other (ms): Min: 0.0, Avg: 0.0, Max: 0.0, Diff: 0.0, Sum: 0.1]
      [GC Worker Total (ms): Min: 18.1, Avg: 18.1, Max: 18.1, Diff: 0.0, Sum: 36.3]
      [GC Worker End (ms): Min: 50728.2, Avg: 50728.2, Max: 50728.2, Diff: 0.0]
   [Code Root Fixup: 0.0 ms]
   [Code Root Migration: 0.0 ms]
   [Clear CT: 0.0 ms]
   [Other: 0.4 ms]
      [Choose CSet: 0.0 ms]
      [Ref Proc: 0.1 ms]
      [Ref Enq: 0.0 ms]
      [Free CSet: 0.1 ms]
   [Eden: 26.0M(26.0M)->0.0B(17.0M) Survivors: 10.0M->5120.0K Heap: 203.5M(256.0M)->194.0M(256.0M)]
 [Times: user=0.03 sys=0.00, real=0.02 secs] 
2014-07-10T16:13:19.744+0200: 50.729: [GC concurrent-root-region-scan-start]
2014-07-10T16:13:19.745+0200: 50.731: [GC concurrent-root-region-scan-end, 0.0016568 secs]
2014-07-10T16:13:19.745+0200: 50.731: [GC concurrent-mark-start]
2014-07-10T16:13:19.750+0200: 50.735: [GC concurrent-mark-end, 0.0041579 secs]
2014-07-10T16:13:19.750+0200: 50.735: [GC remark 2014-07-10T16:13:19.751+0200: 50.736: [GC ref-proc, 0.0000697 secs], 0.0022221 secs]
 [Times: user=0.00 sys=0.00, real=0.00 secs] 
2014-07-10T16:13:19.753+0200: 50.738: [GC cleanup 196M->83M(256M), 0.0013631 secs]
 [Times: user=0.00 sys=0.00, real=0.00 secs] 
2014-07-10T16:13:19.754+0200: 50.739: [GC concurrent-cleanup-start]
2014-07-10T16:13:19.754+0200: 50.739: [GC concurrent-cleanup-end, 0.0002020 secs]
2014-07-10T16:13:19.781+0200: 50.766: [GC pause (young), 0.0137217 secs]
   [Parallel Time: 12.8 ms, GC Workers: 2]
      [GC Worker Start (ms): Min: 50766.3, Avg: 50767.4, Max: 50768.4, Diff: 2.1]
      [Ext Root Scanning (ms): Min: 0.0, Avg: 0.9, Max: 1.9, Diff: 1.8, Sum: 1.9]
      [Update RS (ms): Min: 0.4, Avg: 0.4, Max: 0.5, Diff: 0.1, Sum: 0.9]
         [Processed Buffers: Min: 2, Avg: 3.0, Max: 4, Diff: 2, Sum: 6]
      [Scan RS (ms): Min: 0.0, Avg: 0.0, Max: 0.1, Diff: 0.1, Sum: 0.1]
      [Code Root Scanning (ms): Min: 0.0, Avg: 0.0, Max: 0.0, Diff: 0.0, Sum: 0.0]
      [Object Copy (ms): Min: 10.1, Avg: 10.1, Max: 10.2, Diff: 0.1, Sum: 20.3]
      [Termination (ms): Min: 0.0, Avg: 0.0, Max: 0.0, Diff: 0.0, Sum: 0.0]
      [GC Worker Other (ms): Min: 0.0, Avg: 0.0, Max: 0.0, Diff: 0.0, Sum: 0.1]
      [GC Worker Total (ms): Min: 10.5, Avg: 11.6, Max: 12.6, Diff: 2.1, Sum: 23.1]
      [GC Worker End (ms): Min: 50778.9, Avg: 50778.9, Max: 50778.9, Diff: 0.0]
   [Code Root Fixup: 0.0 ms]
   [Code Root Migration: 0.0 ms]
   [Clear CT: 0.2 ms]
   [Other: 0.7 ms]
      [Choose CSet: 0.0 ms]
      [Ref Proc: 0.5 ms]
      [Ref Enq: 0.0 ms]
      [Free CSet: 0.1 ms]
   [Eden: 17.0M(17.0M)->0.0B(9216.0K) Survivors: 5120.0K->3072.0K Heap: 98.0M(256.0M)->94.0M(256.0M)]
 [Times: user=0.03 sys=0.00, real=0.01 secs] 
2014-07-10T16:13:19.808+0200: 50.793: [GC pause (mixed), 0.0094593 secs]
   [Parallel Time: 9.1 ms, GC Workers: 2]
      [GC Worker Start (ms): Min: 50793.0, Avg: 50793.0, Max: 50793.0, Diff: 0.0]
      [Ext Root Scanning (ms): Min: 1.1, Avg: 1.1, Max: 1.1, Diff: 0.0, Sum: 2.2]
      [Update RS (ms): Min: 0.3, Avg: 0.3, Max: 0.4, Diff: 0.1, Sum: 0.7]
         [Processed Buffers: Min: 1, Avg: 2.0, Max: 3, Diff: 2, Sum: 4]
      [Scan RS (ms): Min: 0.0, Avg: 0.1, Max: 0.1, Diff: 0.1, Sum: 0.2]
      [Code Root Scanning (ms): Min: 0.0, Avg: 0.0, Max: 0.0, Diff: 0.0, Sum: 0.0]
      [Object Copy (ms): Min: 7.5, Avg: 7.5, Max: 7.6, Diff: 0.1, Sum: 15.1]
      [Termination (ms): Min: 0.0, Avg: 0.0, Max: 0.1, Diff: 0.1, Sum: 0.1]
      [GC Worker Other (ms): Min: 0.0, Avg: 0.0, Max: 0.0, Diff: 0.0, Sum: 0.0]
      [GC Worker Total (ms): Min: 9.1, Avg: 9.1, Max: 9.1, Diff: 0.0, Sum: 18.2]
      [GC Worker End (ms): Min: 50802.1, Avg: 50802.1, Max: 50802.2, Diff: 0.0]
   [Code Root Fixup: 0.0 ms]
   [Code Root Migration: 0.0 ms]
   [Clear CT: 0.0 ms]
   [Other: 0.3 ms]
      [Choose CSet: 0.0 ms]
      [Ref Proc: 0.0 ms]
      [Ref Enq: 0.0 ms]
      [Free CSet: 0.1 ms]
   [Eden: 9216.0K(9216.0K)->0.0B(68.0M) Survivors: 3072.0K->2048.0K Heap: 103.0M(256.0M)->97.0M(256.0M)]
 [Times: user=0.03 sys=0.00, real=0.01 secs] 
2014-07-10T16:13:19.930+0200: 50.915: [GC pause (young), 0.0463976 secs]
   [Parallel Time: 46.0 ms, GC Workers: 2]
      [GC Worker Start (ms): Min: 50915.2, Avg: 50915.2, Max: 50915.2, Diff: 0.0]
      [Ext Root Scanning (ms): Min: 1.1, Avg: 1.6, Max: 2.1, Diff: 1.0, Sum: 3.3]
      [Update RS (ms): Min: 0.0, Avg: 0.5, Max: 0.9, Diff: 0.9, Sum: 1.0]
         [Processed Buffers: Min: 0, Avg: 3.0, Max: 6, Diff: 6, Sum: 6]
      [Scan RS (ms): Min: 0.1, Avg: 0.1, Max: 0.1, Diff: 0.1, Sum: 0.2]
      [Code Root Scanning (ms): Min: 0.0, Avg: 0.0, Max: 0.1, Diff: 0.0, Sum: 0.1]
      [Object Copy (ms): Min: 43.6, Avg: 43.6, Max: 43.6, Diff: 0.0, Sum: 87.3]
      [Termination (ms): Min: 0.0, Avg: 0.0, Max: 0.0, Diff: 0.0, Sum: 0.0]
      [GC Worker Other (ms): Min: 0.0, Avg: 0.0, Max: 0.0, Diff: 0.0, Sum: 0.1]
      [GC Worker Total (ms): Min: 45.9, Avg: 45.9, Max: 45.9, Diff: 0.0, Sum: 91.8]
      [GC Worker End (ms): Min: 50961.1, Avg: 50961.1, Max: 50961.1, Diff: 0.0]
   [Code Root Fixup: 0.0 ms]
   [Code Root Migration: 0.0 ms]
   [Clear CT: 0.1 ms]
   [Other: 0.4 ms]
      [Choose CSet: 0.0 ms]
      [Ref Proc: 0.0 ms]
      [Ref Enq: 0.0 ms]
      [Free CSet: 0.1 ms]
   [Eden: 68.0M(68.0M)->0.0B(26.0M) Survivors: 2048.0K->9216.0K Heap: 165.0M(256.0M)->177.0M(256.0M)]
 [Times: user=0.09 sys=0.00, real=0.05 secs] 
2014-07-10T16:13:20.019+0200: 51.004: [GC pause (young) (initial-mark), 0.0180134 secs]
   [Parallel Time: 17.6 ms, GC Workers: 2]
      [GC Worker Start (ms): Min: 51003.9, Avg: 51003.9, Max: 51003.9, Diff: 0.0]
      [Ext Root Scanning (ms): Min: 1.0, Avg: 1.0, Max: 1.0, Diff: 0.1, Sum: 2.0]
      [Code Root Marking (ms): Min: 0.0, Avg: 0.1, Max: 0.1, Diff: 0.0, Sum: 0.1]
      [Update RS (ms): Min: 0.9, Avg: 0.9, Max: 0.9, Diff: 0.1, Sum: 1.8]
         [Processed Buffers: Min: 4, Avg: 5.0, Max: 6, Diff: 2, Sum: 10]
      [Scan RS (ms): Min: 0.0, Avg: 0.0, Max: 0.1, Diff: 0.0, Sum: 0.1]
      [Code Root Scanning (ms): Min: 0.0, Avg: 0.0, Max: 0.0, Diff: 0.0, Sum: 0.0]
      [Object Copy (ms): Min: 15.5, Avg: 15.5, Max: 15.5, Diff: 0.0, Sum: 31.0]
      [Termination (ms): Min: 0.0, Avg: 0.0, Max: 0.0, Diff: 0.0, Sum: 0.0]
      [GC Worker Other (ms): Min: 0.0, Avg: 0.0, Max: 0.0, Diff: 0.0, Sum: 0.1]
      [GC Worker Total (ms): Min: 17.5, Avg: 17.5, Max: 17.5, Diff: 0.0, Sum: 35.1]
      [GC Worker End (ms): Min: 51021.4, Avg: 51021.4, Max: 51021.4, Diff: 0.0]
   [Code Root Fixup: 0.1 ms]
   [Code Root Migration: 0.0 ms]
   [Clear CT: 0.0 ms]
   [Other: 0.3 ms]
      [Choose CSet: 0.0 ms]
      [Ref Proc: 0.1 ms]
      [Ref Enq: 0.0 ms]
      [Free CSet: 0.1 ms]
   [Eden: 26.0M(26.0M)->0.0B(18.0M) Survivors: 9216.0K->5120.0K Heap: 203.0M(256.0M)->193.5M(256.0M)]
 [Times: user=0.06 sys=0.00, real=0.02 secs] 
2014-07-10T16:13:20.037+0200: 51.022: [GC concurrent-root-region-scan-start]
2014-07-10T16:13:20.037+0200: 51.022: [GC concurrent-root-region-scan-end, 0.0000961 secs]
2014-07-10T16:13:20.037+0200: 51.022: [GC concurrent-mark-start]
2014-07-10T16:13:20.041+0200: 51.026: [GC concurrent-mark-end, 0.0039357 secs]
2014-07-10T16:13:20.042+0200: 51.027: [GC remark 2014-07-10T16:13:20.042+0200: 51.027: [GC ref-proc, 0.0000671 secs], 0.0011358 secs]
 [Times: user=0.00 sys=0.00, real=0.00 secs] 
2014-07-10T16:13:20.043+0200: 51.028: [GC cleanup 197M->84M(256M), 0.0007838 secs]
 [Times: user=0.00 sys=0.00, real=0.00 secs] 
2014-07-10T16:13:20.044+0200: 51.029: [GC concurrent-cleanup-start]
2014-07-10T16:13:20.044+0200: 51.029: [GC concurrent-cleanup-end, 0.0002299 secs]
2014-07-10T16:13:20.066+0200: 51.051: [GC pause (young), 0.0124345 secs]
   [Parallel Time: 12.0 ms, GC Workers: 2]
      [GC Worker Start (ms): Min: 51051.5, Avg: 51051.5, Max: 51051.5, Diff: 0.0]
      [Ext Root Scanning (ms): Min: 1.0, Avg: 1.0, Max: 1.0, Diff: 0.1, Sum: 2.0]
      [Update RS (ms): Min: 0.4, Avg: 0.4, Max: 0.4, Diff: 0.1, Sum: 0.8]
         [Processed Buffers: Min: 2, Avg: 3.0, Max: 4, Diff: 2, Sum: 6]
      [Scan RS (ms): Min: 0.0, Avg: 0.0, Max: 0.0, Diff: 0.0, Sum: 0.1]
      [Code Root Scanning (ms): Min: 0.0, Avg: 0.0, Max: 0.0, Diff: 0.0, Sum: 0.0]
      [Object Copy (ms): Min: 10.5, Avg: 10.5, Max: 10.5, Diff: 0.0, Sum: 20.9]
      [Termination (ms): Min: 0.0, Avg: 0.0, Max: 0.0, Diff: 0.0, Sum: 0.0]
      [GC Worker Other (ms): Min: 0.0, Avg: 0.0, Max: 0.0, Diff: 0.0, Sum: 0.1]
      [GC Worker Total (ms): Min: 11.9, Avg: 11.9, Max: 12.0, Diff: 0.0, Sum: 23.9]
      [GC Worker End (ms): Min: 51063.4, Avg: 51063.4, Max: 51063.4, Diff: 0.0]
   [Code Root Fixup: 0.0 ms]
   [Code Root Migration: 0.0 ms]
   [Clear CT: 0.1 ms]
   [Other: 0.3 ms]
      [Choose CSet: 0.0 ms]
      [Ref Proc: 0.1 ms]
      [Ref Enq: 0.0 ms]
      [Free CSet: 0.1 ms]
   [Eden: 18.0M(18.0M)->0.0B(9216.0K) Survivors: 5120.0K->3072.0K Heap: 98.5M(256.0M)->93.5M(256.0M)]
 [Times: user=0.03 sys=0.00, real=0.01 secs] 
2014-07-10T16:13:20.093+0200: 51.078: [GC pause (mixed), 0.0090223 secs]
   [Parallel Time: 8.6 ms, GC Workers: 2]
      [GC Worker Start (ms): Min: 51077.9, Avg: 51077.9, Max: 51077.9, Diff: 0.0]
      [Ext Root Scanning (ms): Min: 1.0, Avg: 1.1, Max: 1.1, Diff: 0.0, Sum: 2.1]
      [Update RS (ms): Min: 0.3, Avg: 0.3, Max: 0.3, Diff: 0.1, Sum: 0.6]
         [Processed Buffers: Min: 1, Avg: 3.0, Max: 5, Diff: 4, Sum: 6]
      [Scan RS (ms): Min: 0.1, Avg: 0.1, Max: 0.1, Diff: 0.0, Sum: 0.2]
      [Code Root Scanning (ms): Min: 0.0, Avg: 0.0, Max: 0.0, Diff: 0.0, Sum: 0.0]
      [Object Copy (ms): Min: 7.0, Avg: 7.0, Max: 7.1, Diff: 0.0, Sum: 14.1]
      [Termination (ms): Min: 0.0, Avg: 0.0, Max: 0.0, Diff: 0.0, Sum: 0.0]
      [GC Worker Other (ms): Min: 0.0, Avg: 0.0, Max: 0.0, Diff: 0.0, Sum: 0.1]
      [GC Worker Total (ms): Min: 8.6, Avg: 8.6, Max: 8.6, Diff: 0.0, Sum: 17.1]
      [GC Worker End (ms): Min: 51086.5, Avg: 51086.5, Max: 51086.5, Diff: 0.0]
   [Code Root Fixup: 0.0 ms]
   [Code Root Migration: 0.0 ms]
   [Clear CT: 0.1 ms]
   [Other: 0.3 ms]
      [Choose CSet: 0.0 ms]
      [Ref Proc: 0.1 ms]
      [Ref Enq: 0.0 ms]
      [Free CSet: 0.1 ms]
   [Eden: 9216.0K(9216.0K)->0.0B(74.0M) Survivors: 3072.0K->2048.0K Heap: 102.5M(256.0M)->94.0M(256.0M)]
 [Times: user=0.03 sys=0.00, real=0.01 secs] 
2014-07-10T16:13:20.228+0200: 51.213: [GC pause (young), 0.0488639 secs]
   [Parallel Time: 48.4 ms, GC Workers: 2]
      [GC Worker Start (ms): Min: 51213.1, Avg: 51213.1, Max: 51213.1, Diff: 0.0]
      [Ext Root Scanning (ms): Min: 0.9, Avg: 0.9, Max: 1.0, Diff: 0.0, Sum: 1.9]
      [Update RS (ms): Min: 0.4, Avg: 0.4, Max: 0.4, Diff: 0.0, Sum: 0.8]
         [Processed Buffers: Min: 1, Avg: 2.5, Max: 4, Diff: 3, Sum: 5]
      [Scan RS (ms): Min: 0.1, Avg: 0.1, Max: 0.1, Diff: 0.0, Sum: 0.2]
      [Code Root Scanning (ms): Min: 0.0, Avg: 0.0, Max: 0.1, Diff: 0.0, Sum: 0.1]
      [Object Copy (ms): Min: 46.8, Avg: 46.8, Max: 46.8, Diff: 0.0, Sum: 93.6]
      [Termination (ms): Min: 0.0, Avg: 0.0, Max: 0.0, Diff: 0.0, Sum: 0.0]
      [GC Worker Other (ms): Min: 0.0, Avg: 0.0, Max: 0.0, Diff: 0.0, Sum: 0.1]
      [GC Worker Total (ms): Min: 48.4, Avg: 48.4, Max: 48.4, Diff: 0.0, Sum: 96.7]
      [GC Worker End (ms): Min: 51261.5, Avg: 51261.5, Max: 51261.5, Diff: 0.0]
   [Code Root Fixup: 0.0 ms]
   [Code Root Migration: 0.0 ms]
   [Clear CT: 0.1 ms]
   [Other: 0.4 ms]
      [Choose CSet: 0.0 ms]
      [Ref Proc: 0.0 ms]
      [Ref Enq: 0.0 ms]
      [Free CSet: 0.1 ms]
   [Eden: 74.0M(74.0M)->0.0B(29.0M) Survivors: 2048.0K->10.0M Heap: 168.0M(256.0M)->172.5M(256.0M)]
 [Times: user=0.09 sys=0.00, real=0.05 secs] 
2014-07-10T16:13:20.330+0200: 51.315: [GC pause (young) (initial-mark), 0.0205252 secs]
   [Parallel Time: 20.1 ms, GC Workers: 2]
      [GC Worker Start (ms): Min: 51315.1, Avg: 51315.1, Max: 51315.1, Diff: 0.0]
      [Ext Root Scanning (ms): Min: 1.1, Avg: 1.1, Max: 1.2, Diff: 0.0, Sum: 2.3]
      [Code Root Marking (ms): Min: 0.1, Avg: 0.1, Max: 0.2, Diff: 0.1, Sum: 0.3]
      [Update RS (ms): Min: 1.0, Avg: 1.0, Max: 1.1, Diff: 0.1, Sum: 2.1]
         [Processed Buffers: Min: 5, Avg: 6.0, Max: 7, Diff: 2, Sum: 12]
      [Scan RS (ms): Min: 0.0, Avg: 0.1, Max: 0.1, Diff: 0.0, Sum: 0.1]
      [Code Root Scanning (ms): Min: 0.0, Avg: 0.0, Max: 0.0, Diff: 0.0, Sum: 0.1]
      [Object Copy (ms): Min: 17.6, Avg: 17.6, Max: 17.6, Diff: 0.0, Sum: 35.3]
      [Termination (ms): Min: 0.0, Avg: 0.0, Max: 0.0, Diff: 0.0, Sum: 0.0]
      [GC Worker Other (ms): Min: 0.0, Avg: 0.0, Max: 0.0, Diff: 0.0, Sum: 0.1]
      [GC Worker Total (ms): Min: 20.0, Avg: 20.0, Max: 20.1, Diff: 0.0, Sum: 40.1]
      [GC Worker End (ms): Min: 51335.1, Avg: 51335.1, Max: 51335.1, Diff: 0.0]
   [Code Root Fixup: 0.0 ms]
   [Code Root Migration: 0.0 ms]
   [Clear CT: 0.0 ms]
   [Other: 0.3 ms]
      [Choose CSet: 0.0 ms]
      [Ref Proc: 0.1 ms]
      [Ref Enq: 0.0 ms]
      [Free CSet: 0.1 ms]
   [Eden: 29.0M(29.0M)->0.0B(18.0M) Survivors: 10.0M->5120.0K Heap: 201.5M(256.0M)->193.0M(256.0M)]
 [Times: user=0.06 sys=0.00, real=0.02 secs] 
2014-07-10T16:13:20.351+0200: 51.336: [GC concurrent-root-region-scan-start]
2014-07-10T16:13:20.351+0200: 51.336: [GC concurrent-root-region-scan-end, 0.0000869 secs]
2014-07-10T16:13:20.351+0200: 51.336: [GC concurrent-mark-start]
2014-07-10T16:13:20.354+0200: 51.340: [GC concurrent-mark-end, 0.0033785 secs]
2014-07-10T16:13:20.354+0200: 51.340: [GC remark 2014-07-10T16:13:20.355+0200: 51.340: [GC ref-proc, 0.0000678 secs], 0.0010324 secs]
 [Times: user=0.00 sys=0.00, real=0.00 secs] 
2014-07-10T16:13:20.356+0200: 51.341: [GC cleanup 194M->90M(256M), 0.0008003 secs]
 [Times: user=0.00 sys=0.00, real=0.00 secs] 
2014-07-10T16:13:20.357+0200: 51.342: [GC concurrent-cleanup-start]
2014-07-10T16:13:20.357+0200: 51.342: [GC concurrent-cleanup-end, 0.0002163 secs]
2014-07-10T16:13:20.382+0200: 51.367: [GC pause (young), 0.0130992 secs]
   [Parallel Time: 12.6 ms, GC Workers: 2]
      [GC Worker Start (ms): Min: 51367.3, Avg: 51367.4, Max: 51367.6, Diff: 0.3]
      [Ext Root Scanning (ms): Min: 1.0, Avg: 1.0, Max: 1.1, Diff: 0.2, Sum: 2.1]
      [Update RS (ms): Min: 0.5, Avg: 0.5, Max: 0.6, Diff: 0.0, Sum: 1.1]
         [Processed Buffers: Min: 2, Avg: 3.0, Max: 4, Diff: 2, Sum: 6]
      [Scan RS (ms): Min: 0.0, Avg: 0.0, Max: 0.1, Diff: 0.0, Sum: 0.1]
      [Code Root Scanning (ms): Min: 0.0, Avg: 0.0, Max: 0.0, Diff: 0.0, Sum: 0.0]
      [Object Copy (ms): Min: 10.7, Avg: 10.7, Max: 10.7, Diff: 0.0, Sum: 21.4]
      [Termination (ms): Min: 0.0, Avg: 0.0, Max: 0.0, Diff: 0.0, Sum: 0.0]
      [GC Worker Other (ms): Min: 0.0, Avg: 0.0, Max: 0.0, Diff: 0.0, Sum: 0.1]
      [GC Worker Total (ms): Min: 12.2, Avg: 12.4, Max: 12.5, Diff: 0.3, Sum: 24.7]
      [GC Worker End (ms): Min: 51379.8, Avg: 51379.8, Max: 51379.8, Diff: 0.0]
   [Code Root Fixup: 0.0 ms]
   [Code Root Migration: 0.0 ms]
   [Clear CT: 0.1 ms]
   [Other: 0.4 ms]
      [Choose CSet: 0.0 ms]
      [Ref Proc: 0.1 ms]
      [Ref Enq: 0.0 ms]
      [Free CSet: 0.1 ms]
   [Eden: 18.0M(18.0M)->0.0B(9216.0K) Survivors: 5120.0K->3072.0K Heap: 107.0M(256.0M)->103.0M(256.0M)]
 [Times: user=0.03 sys=0.00, real=0.01 secs] 
2014-07-10T16:13:20.409+0200: 51.394: [GC pause (mixed), 0.0087286 secs]
   [Parallel Time: 8.3 ms, GC Workers: 2]
      [GC Worker Start (ms): Min: 51394.2, Avg: 51394.2, Max: 51394.3, Diff: 0.1]
      [Ext Root Scanning (ms): Min: 1.1, Avg: 1.2, Max: 1.3, Diff: 0.2, Sum: 2.4]
      [Update RS (ms): Min: 0.2, Avg: 0.3, Max: 0.4, Diff: 0.1, Sum: 0.6]
         [Processed Buffers: Min: 1, Avg: 3.5, Max: 6, Diff: 5, Sum: 7]
      [Scan RS (ms): Min: 0.1, Avg: 0.1, Max: 0.1, Diff: 0.0, Sum: 0.2]
      [Code Root Scanning (ms): Min: 0.0, Avg: 0.0, Max: 0.0, Diff: 0.0, Sum: 0.0]
      [Object Copy (ms): Min: 6.4, Avg: 6.4, Max: 6.4, Diff: 0.0, Sum: 12.9]
      [Termination (ms): Min: 0.0, Avg: 0.0, Max: 0.0, Diff: 0.0, Sum: 0.0]
      [GC Worker Other (ms): Min: 0.1, Avg: 0.1, Max: 0.1, Diff: 0.0, Sum: 0.2]
      [GC Worker Total (ms): Min: 8.2, Avg: 8.2, Max: 8.2, Diff: 0.0, Sum: 16.3]
      [GC Worker End (ms): Min: 51402.4, Avg: 51402.4, Max: 51402.4, Diff: 0.1]
   [Code Root Fixup: 0.0 ms]
   [Code Root Migration: 0.0 ms]
   [Clear CT: 0.1 ms]
   [Other: 0.3 ms]
      [Choose CSet: 0.0 ms]
      [Ref Proc: 0.0 ms]
      [Ref Enq: 0.0 ms]
      [Free CSet: 0.1 ms]
   [Eden: 9216.0K(9216.0K)->0.0B(66.0M) Survivors: 3072.0K->2048.0K Heap: 112.0M(256.0M)->99.0M(256.0M)]
 [Times: user=0.03 sys=0.00, real=0.01 secs] 
2014-07-10T16:13:20.527+0200: 51.512: [GC pause (young), 0.0441949 secs]
   [Parallel Time: 43.6 ms, GC Workers: 2]
      [GC Worker Start (ms): Min: 51512.0, Avg: 51512.0, Max: 51512.0, Diff: 0.0]
      [Ext Root Scanning (ms): Min: 1.1, Avg: 1.1, Max: 1.1, Diff: 0.0, Sum: 2.3]
      [Update RS (ms): Min: 0.4, Avg: 0.4, Max: 0.4, Diff: 0.1, Sum: 0.8]
         [Processed Buffers: Min: 2, Avg: 2.5, Max: 3, Diff: 1, Sum: 5]
      [Scan RS (ms): Min: 0.1, Avg: 0.1, Max: 0.1, Diff: 0.0, Sum: 0.2]
      [Code Root Scanning (ms): Min: 0.0, Avg: 0.0, Max: 0.0, Diff: 0.0, Sum: 0.1]
      [Object Copy (ms): Min: 41.8, Avg: 41.8, Max: 41.9, Diff: 0.0, Sum: 83.7]
      [Termination (ms): Min: 0.0, Avg: 0.0, Max: 0.0, Diff: 0.0, Sum: 0.0]
      [GC Worker Other (ms): Min: 0.0, Avg: 0.0, Max: 0.0, Diff: 0.0, Sum: 0.1]
      [GC Worker Total (ms): Min: 43.6, Avg: 43.6, Max: 43.6, Diff: 0.0, Sum: 87.2]
      [GC Worker End (ms): Min: 51555.6, Avg: 51555.6, Max: 51555.6, Diff: 0.0]
   [Code Root Fixup: 0.0 ms]
   [Code Root Migration: 0.0 ms]
   [Clear CT: 0.1 ms]
   [Other: 0.5 ms]
      [Choose CSet: 0.0 ms]
      [Ref Proc: 0.2 ms]
      [Ref Enq: 0.0 ms]
      [Free CSet: 0.1 ms]
   [Eden: 66.0M(66.0M)->0.0B(29.0M) Survivors: 2048.0K->9216.0K Heap: 165.0M(256.0M)->171.5M(256.0M)]
 [Times: user=0.09 sys=0.00, real=0.04 secs] 
2014-07-10T16:13:20.619+0200: 51.604: [GC pause (young) (initial-mark), 0.0203261 secs]
   [Parallel Time: 19.9 ms, GC Workers: 2]
      [GC Worker Start (ms): Min: 51604.1, Avg: 51604.1, Max: 51604.1, Diff: 0.0]
      [Ext Root Scanning (ms): Min: 1.1, Avg: 1.1, Max: 1.1, Diff: 0.0, Sum: 2.2]
      [Code Root Marking (ms): Min: 0.1, Avg: 0.1, Max: 0.1, Diff: 0.0, Sum: 0.1]
      [Update RS (ms): Min: 0.9, Avg: 0.9, Max: 0.9, Diff: 0.0, Sum: 1.8]
         [Processed Buffers: Min: 4, Avg: 4.5, Max: 5, Diff: 1, Sum: 9]
      [Scan RS (ms): Min: 0.0, Avg: 0.1, Max: 0.1, Diff: 0.0, Sum: 0.1]
      [Code Root Scanning (ms): Min: 0.0, Avg: 0.0, Max: 0.0, Diff: 0.0, Sum: 0.0]
      [Object Copy (ms): Min: 17.7, Avg: 17.7, Max: 17.7, Diff: 0.0, Sum: 35.4]
      [Termination (ms): Min: 0.0, Avg: 0.0, Max: 0.0, Diff: 0.0, Sum: 0.0]
      [GC Worker Other (ms): Min: 0.0, Avg: 0.0, Max: 0.0, Diff: 0.0, Sum: 0.1]
      [GC Worker Total (ms): Min: 19.9, Avg: 19.9, Max: 19.9, Diff: 0.0, Sum: 39.7]
      [GC Worker End (ms): Min: 51624.0, Avg: 51624.0, Max: 51624.0, Diff: 0.0]
   [Code Root Fixup: 0.0 ms]
   [Code Root Migration: 0.0 ms]
   [Clear CT: 0.1 ms]
   [Other: 0.3 ms]
      [Choose CSet: 0.0 ms]
      [Ref Proc: 0.0 ms]
      [Ref Enq: 0.0 ms]
      [Free CSet: 0.1 ms]
   [Eden: 29.0M(29.0M)->0.0B(18.0M) Survivors: 9216.0K->5120.0K Heap: 200.5M(256.0M)->192.5M(256.0M)]
 [Times: user=0.03 sys=0.00, real=0.02 secs] 
2014-07-10T16:13:20.640+0200: 51.625: [GC concurrent-root-region-scan-start]
2014-07-10T16:13:20.640+0200: 51.625: [GC concurrent-root-region-scan-end, 0.0000873 secs]
2014-07-10T16:13:20.640+0200: 51.625: [GC concurrent-mark-start]
2014-07-10T16:13:20.643+0200: 51.628: [GC concurrent-mark-end, 0.0031962 secs]
2014-07-10T16:13:20.643+0200: 51.629: [GC remark 2014-07-10T16:13:20.644+0200: 51.629: [GC ref-proc, 0.0000700 secs], 0.0011780 secs]
 [Times: user=0.00 sys=0.02, real=0.00 secs] 
2014-07-10T16:13:20.645+0200: 51.630: [GC cleanup 194M->83M(256M), 0.0007824 secs]
 [Times: user=0.00 sys=0.00, real=0.00 secs] 
2014-07-10T16:13:20.646+0200: 51.631: [GC concurrent-cleanup-start]
2014-07-10T16:13:20.646+0200: 51.631: [GC concurrent-cleanup-end, 0.0002398 secs]
2014-07-10T16:13:20.672+0200: 51.657: [GC pause (young), 0.0128253 secs]
   [Parallel Time: 12.5 ms, GC Workers: 2]
      [GC Worker Start (ms): Min: 51656.9, Avg: 51656.9, Max: 51656.9, Diff: 0.0]
      [Ext Root Scanning (ms): Min: 1.0, Avg: 1.1, Max: 1.2, Diff: 0.2, Sum: 2.2]
      [Update RS (ms): Min: 0.4, Avg: 0.5, Max: 0.5, Diff: 0.1, Sum: 0.9]
         [Processed Buffers: Min: 2, Avg: 3.0, Max: 4, Diff: 2, Sum: 6]
      [Scan RS (ms): Min: 0.0, Avg: 0.0, Max: 0.1, Diff: 0.0, Sum: 0.1]
      [Code Root Scanning (ms): Min: 0.0, Avg: 0.0, Max: 0.0, Diff: 0.0, Sum: 0.0]
      [Object Copy (ms): Min: 10.8, Avg: 10.8, Max: 10.9, Diff: 0.0, Sum: 21.7]
      [Termination (ms): Min: 0.0, Avg: 0.0, Max: 0.0, Diff: 0.0, Sum: 0.0]
      [GC Worker Other (ms): Min: 0.0, Avg: 0.0, Max: 0.0, Diff: 0.0, Sum: 0.0]
      [GC Worker Total (ms): Min: 12.5, Avg: 12.5, Max: 12.5, Diff: 0.0, Sum: 25.0]
      [GC Worker End (ms): Min: 51669.4, Avg: 51669.4, Max: 51669.4, Diff: 0.0]
   [Code Root Fixup: 0.0 ms]
   [Code Root Migration: 0.0 ms]
   [Clear CT: 0.0 ms]
   [Other: 0.2 ms]
      [Choose CSet: 0.0 ms]
      [Ref Proc: 0.0 ms]
      [Ref Enq: 0.0 ms]
      [Free CSet: 0.1 ms]
   [Eden: 18.0M(18.0M)->0.0B(9216.0K) Survivors: 5120.0K->3072.0K Heap: 99.5M(256.0M)->96.0M(256.0M)]
 [Times: user=0.03 sys=0.00, real=0.01 secs] 
2014-07-10T16:13:20.698+0200: 51.683: [GC pause (mixed), 0.0092646 secs]
   [Parallel Time: 9.0 ms, GC Workers: 2]
      [GC Worker Start (ms): Min: 51683.2, Avg: 51683.2, Max: 51683.2, Diff: 0.0]
      [Ext Root Scanning (ms): Min: 1.2, Avg: 1.3, Max: 1.3, Diff: 0.1, Sum: 2.5]
      [Update RS (ms): Min: 0.3, Avg: 0.3, Max: 0.3, Diff: 0.1, Sum: 0.6]
         [Processed Buffers: Min: 2, Avg: 2.5, Max: 3, Diff: 1, Sum: 5]
      [Scan RS (ms): Min: 0.0, Avg: 0.1, Max: 0.1, Diff: 0.0, Sum: 0.1]
      [Code Root Scanning (ms): Min: 0.0, Avg: 0.0, Max: 0.0, Diff: 0.0, Sum: 0.0]
      [Object Copy (ms): Min: 7.3, Avg: 7.3, Max: 7.3, Diff: 0.0, Sum: 14.5]
      [Termination (ms): Min: 0.0, Avg: 0.0, Max: 0.0, Diff: 0.0, Sum: 0.0]
      [GC Worker Other (ms): Min: 0.0, Avg: 0.0, Max: 0.0, Diff: 0.0, Sum: 0.0]
      [GC Worker Total (ms): Min: 8.9, Avg: 8.9, Max: 8.9, Diff: 0.0, Sum: 17.8]
      [GC Worker End (ms): Min: 51692.1, Avg: 51692.1, Max: 51692.1, Diff: 0.0]
   [Code Root Fixup: 0.0 ms]
   [Code Root Migration: 0.0 ms]
   [Clear CT: 0.1 ms]
   [Other: 0.2 ms]
      [Choose CSet: 0.0 ms]
      [Ref Proc: 0.0 ms]
      [Ref Enq: 0.0 ms]
      [Free CSet: 0.1 ms]
   [Eden: 9216.0K(9216.0K)->0.0B(64.0M) Survivors: 3072.0K->2048.0K Heap: 105.0M(256.0M)->101.0M(256.0M)]
 [Times: user=0.03 sys=0.00, real=0.01 secs] 
2014-07-10T16:13:20.813+0200: 51.798: [GC pause (young), 0.0425542 secs]
   [Parallel Time: 42.1 ms, GC Workers: 2]
      [GC Worker Start (ms): Min: 51798.0, Avg: 51798.0, Max: 51798.0, Diff: 0.0]
      [Ext Root Scanning (ms): Min: 0.9, Avg: 1.0, Max: 1.0, Diff: 0.1, Sum: 1.9]
      [Update RS (ms): Min: 0.3, Avg: 0.4, Max: 0.5, Diff: 0.1, Sum: 0.8]
         [Processed Buffers: Min: 1, Avg: 2.5, Max: 4, Diff: 3, Sum: 5]
      [Scan RS (ms): Min: 0.0, Avg: 0.1, Max: 0.2, Diff: 0.1, Sum: 0.2]
      [Code Root Scanning (ms): Min: 0.0, Avg: 0.0, Max: 0.1, Diff: 0.1, Sum: 0.1]
      [Object Copy (ms): Min: 40.6, Avg: 40.6, Max: 40.6, Diff: 0.0, Sum: 81.1]
      [Termination (ms): Min: 0.0, Avg: 0.0, Max: 0.0, Diff: 0.0, Sum: 0.0]
      [GC Worker Other (ms): Min: 0.0, Avg: 0.0, Max: 0.0, Diff: 0.0, Sum: 0.1]
      [GC Worker Total (ms): Min: 42.1, Avg: 42.1, Max: 42.1, Diff: 0.0, Sum: 84.2]
      [GC Worker End (ms): Min: 51840.1, Avg: 51840.1, Max: 51840.1, Diff: 0.0]
   [Code Root Fixup: 0.0 ms]
   [Code Root Migration: 0.0 ms]
   [Clear CT: 0.1 ms]
   [Other: 0.4 ms]
      [Choose CSet: 0.0 ms]
      [Ref Proc: 0.0 ms]
      [Ref Enq: 0.0 ms]
      [Free CSet: 0.1 ms]
   [Eden: 64.0M(64.0M)->0.0B(30.0M) Survivors: 2048.0K->9216.0K Heap: 165.0M(256.0M)->169.5M(256.0M)]
 [Times: user=0.09 sys=0.00, real=0.04 secs] 
2014-07-10T16:13:20.919+0200: 51.904: [GC pause (young) (initial-mark), 0.0211620 secs]
   [Parallel Time: 20.8 ms, GC Workers: 2]
      [GC Worker Start (ms): Min: 51904.1, Avg: 51904.1, Max: 51904.1, Diff: 0.0]
      [Ext Root Scanning (ms): Min: 1.0, Avg: 1.0, Max: 1.0, Diff: 0.0, Sum: 2.0]
      [Code Root Marking (ms): Min: 0.0, Avg: 0.1, Max: 0.1, Diff: 0.0, Sum: 0.1]
      [Update RS (ms): Min: 0.8, Avg: 0.8, Max: 0.8, Diff: 0.0, Sum: 1.7]
         [Processed Buffers: Min: 4, Avg: 5.5, Max: 7, Diff: 3, Sum: 11]
      [Scan RS (ms): Min: 0.0, Avg: 0.1, Max: 0.1, Diff: 0.0, Sum: 0.1]
      [Code Root Scanning (ms): Min: 0.0, Avg: 0.0, Max: 0.0, Diff: 0.0, Sum: 0.1]
      [Object Copy (ms): Min: 18.6, Avg: 18.7, Max: 18.8, Diff: 0.1, Sum: 37.4]
      [Termination (ms): Min: 0.0, Avg: 0.1, Max: 0.2, Diff: 0.2, Sum: 0.2]
      [GC Worker Other (ms): Min: 0.0, Avg: 0.0, Max: 0.0, Diff: 0.0, Sum: 0.1]
      [GC Worker Total (ms): Min: 20.8, Avg: 20.8, Max: 20.8, Diff: 0.0, Sum: 41.5]
      [GC Worker End (ms): Min: 51924.9, Avg: 51924.9, Max: 51924.9, Diff: 0.0]
   [Code Root Fixup: 0.0 ms]
   [Code Root Migration: 0.0 ms]
   [Clear CT: 0.0 ms]
   [Other: 0.3 ms]
      [Choose CSet: 0.0 ms]
      [Ref Proc: 0.1 ms]
      [Ref Enq: 0.0 ms]
      [Free CSet: 0.1 ms]
   [Eden: 30.0M(30.0M)->0.0B(18.0M) Survivors: 9216.0K->5120.0K Heap: 199.5M(256.0M)->192.5M(256.0M)]
 [Times: user=0.06 sys=0.00, real=0.02 secs] 
2014-07-10T16:13:20.940+0200: 51.925: [GC concurrent-root-region-scan-start]
2014-07-10T16:13:20.940+0200: 51.926: [GC concurrent-root-region-scan-end, 0.0000928 secs]
2014-07-10T16:13:20.940+0200: 51.926: [GC concurrent-mark-start]
2014-07-10T16:13:20.944+0200: 51.930: [GC concurrent-mark-end, 0.0039643 secs]
2014-07-10T16:13:20.944+0200: 51.930: [GC remark 2014-07-10T16:13:20.945+0200: 51.930: [GC ref-proc, 0.0000645 secs], 0.0010145 secs]
 [Times: user=0.00 sys=0.00, real=0.00 secs] 
2014-07-10T16:13:20.946+0200: 51.931: [GC cleanup 195M->89M(256M), 0.0013191 secs]
 [Times: user=0.00 sys=0.00, real=0.00 secs] 
2014-07-10T16:13:20.948+0200: 51.933: [GC concurrent-cleanup-start]
2014-07-10T16:13:20.948+0200: 51.933: [GC concurrent-cleanup-end, 0.0002075 secs]
2014-07-10T16:13:20.971+0200: 51.956: [GC pause (young), 0.0129994 secs]
   [Parallel Time: 12.7 ms, GC Workers: 2]
      [GC Worker Start (ms): Min: 51956.3, Avg: 51956.3, Max: 51956.3, Diff: 0.0]
      [Ext Root Scanning (ms): Min: 1.1, Avg: 1.1, Max: 1.1, Diff: 0.0, Sum: 2.1]
      [Update RS (ms): Min: 0.5, Avg: 0.6, Max: 0.6, Diff: 0.1, Sum: 1.1]
         [Processed Buffers: Min: 2, Avg: 3.0, Max: 4, Diff: 2, Sum: 6]
      [Scan RS (ms): Min: 0.0, Avg: 0.0, Max: 0.1, Diff: 0.1, Sum: 0.1]
      [Code Root Scanning (ms): Min: 0.0, Avg: 0.0, Max: 0.1, Diff: 0.1, Sum: 0.1]
      [Object Copy (ms): Min: 10.8, Avg: 10.9, Max: 10.9, Diff: 0.1, Sum: 21.7]
      [Termination (ms): Min: 0.0, Avg: 0.1, Max: 0.2, Diff: 0.2, Sum: 0.2]
      [GC Worker Other (ms): Min: 0.0, Avg: 0.0, Max: 0.0, Diff: 0.0, Sum: 0.1]
      [GC Worker Total (ms): Min: 12.7, Avg: 12.7, Max: 12.7, Diff: 0.0, Sum: 25.3]
      [GC Worker End (ms): Min: 51969.0, Avg: 51969.0, Max: 51969.0, Diff: 0.0]
   [Code Root Fixup: 0.0 ms]
   [Code Root Migration: 0.0 ms]
   [Clear CT: 0.0 ms]
   [Other: 0.3 ms]
      [Choose CSet: 0.0 ms]
      [Ref Proc: 0.1 ms]
      [Ref Enq: 0.0 ms]
      [Free CSet: 0.1 ms]
   [Eden: 18.0M(18.0M)->0.0B(9216.0K) Survivors: 5120.0K->3072.0K Heap: 104.5M(256.0M)->101.0M(256.0M)]
 [Times: user=0.00 sys=0.00, real=0.01 secs] 
2014-07-10T16:13:20.998+0200: 51.983: [GC pause (mixed), 0.0091363 secs]
   [Parallel Time: 8.8 ms, GC Workers: 2]
      [GC Worker Start (ms): Min: 51983.0, Avg: 51983.0, Max: 51983.0, Diff: 0.0]
      [Ext Root Scanning (ms): Min: 1.0, Avg: 1.2, Max: 1.3, Diff: 0.2, Sum: 2.3]
      [Update RS (ms): Min: 0.3, Avg: 0.3, Max: 0.3, Diff: 0.0, Sum: 0.6]
         [Processed Buffers: Min: 1, Avg: 3.5, Max: 6, Diff: 5, Sum: 7]
      [Scan RS (ms): Min: 0.0, Avg: 0.1, Max: 0.1, Diff: 0.1, Sum: 0.1]
      [Code Root Scanning (ms): Min: 0.0, Avg: 0.0, Max: 0.0, Diff: 0.0, Sum: 0.0]
      [Object Copy (ms): Min: 7.1, Avg: 7.2, Max: 7.2, Diff: 0.1, Sum: 14.3]
      [Termination (ms): Min: 0.0, Avg: 0.0, Max: 0.0, Diff: 0.0, Sum: 0.0]
      [GC Worker Other (ms): Min: 0.0, Avg: 0.0, Max: 0.0, Diff: 0.0, Sum: 0.1]
      [GC Worker Total (ms): Min: 8.7, Avg: 8.7, Max: 8.7, Diff: 0.0, Sum: 17.4]
      [GC Worker End (ms): Min: 51991.8, Avg: 51991.8, Max: 51991.8, Diff: 0.0]
   [Code Root Fixup: 0.0 ms]
   [Code Root Migration: 0.0 ms]
   [Clear CT: 0.0 ms]
   [Other: 0.3 ms]
      [Choose CSet: 0.0 ms]
      [Ref Proc: 0.0 ms]
      [Ref Enq: 0.0 ms]
      [Free CSet: 0.1 ms]
   [Eden: 9216.0K(9216.0K)->0.0B(63.0M) Survivors: 3072.0K->2048.0K Heap: 110.0M(256.0M)->103.0M(256.0M)]
 [Times: user=0.03 sys=0.00, real=0.01 secs] 
2014-07-10T16:13:21.110+0200: 52.095: [GC pause (young), 0.0425564 secs]
   [Parallel Time: 41.9 ms, GC Workers: 2]
      [GC Worker Start (ms): Min: 52095.1, Avg: 52095.1, Max: 52095.1, Diff: 0.0]
      [Ext Root Scanning (ms): Min: 1.1, Avg: 1.1, Max: 1.1, Diff: 0.0, Sum: 2.2]
      [Update RS (ms): Min: 0.4, Avg: 0.4, Max: 0.4, Diff: 0.0, Sum: 0.8]
         [Processed Buffers: Min: 1, Avg: 2.5, Max: 4, Diff: 3, Sum: 5]
      [Scan RS (ms): Min: 0.1, Avg: 0.1, Max: 0.1, Diff: 0.0, Sum: 0.2]
      [Code Root Scanning (ms): Min: 0.0, Avg: 0.1, Max: 0.1, Diff: 0.0, Sum: 0.1]
      [Object Copy (ms): Min: 40.2, Avg: 40.2, Max: 40.2, Diff: 0.0, Sum: 80.4]
      [Termination (ms): Min: 0.0, Avg: 0.0, Max: 0.0, Diff: 0.0, Sum: 0.0]
      [GC Worker Other (ms): Min: 0.0, Avg: 0.0, Max: 0.0, Diff: 0.0, Sum: 0.1]
      [GC Worker Total (ms): Min: 41.9, Avg: 41.9, Max: 41.9, Diff: 0.0, Sum: 83.8]
      [GC Worker End (ms): Min: 52137.0, Avg: 52137.0, Max: 52137.0, Diff: 0.0]
   [Code Root Fixup: 0.0 ms]
   [Code Root Migration: 0.0 ms]
   [Clear CT: 0.1 ms]
   [Other: 0.5 ms]
      [Choose CSet: 0.0 ms]
      [Ref Proc: 0.2 ms]
      [Ref Enq: 0.0 ms]
      [Free CSet: 0.2 ms]
   [Eden: 63.0M(63.0M)->0.0B(29.0M) Survivors: 2048.0K->9216.0K Heap: 166.0M(256.0M)->170.5M(256.0M)]
 [Times: user=0.06 sys=0.03, real=0.04 secs] 
2014-07-10T16:13:21.202+0200: 52.187: [GC pause (young) (initial-mark), 0.0203169 secs]
   [Parallel Time: 19.9 ms, GC Workers: 2]
      [GC Worker Start (ms): Min: 52187.3, Avg: 52187.3, Max: 52187.3, Diff: 0.0]
      [Ext Root Scanning (ms): Min: 1.0, Avg: 1.0, Max: 1.0, Diff: 0.0, Sum: 2.0]
      [Code Root Marking (ms): Min: 0.0, Avg: 0.1, Max: 0.1, Diff: 0.1, Sum: 0.1]
      [Update RS (ms): Min: 0.8, Avg: 0.9, Max: 0.9, Diff: 0.0, Sum: 1.7]
         [Processed Buffers: Min: 4, Avg: 5.0, Max: 6, Diff: 2, Sum: 10]
      [Scan RS (ms): Min: 0.0, Avg: 0.1, Max: 0.1, Diff: 0.0, Sum: 0.1]
      [Code Root Scanning (ms): Min: 0.0, Avg: 0.0, Max: 0.0, Diff: 0.0, Sum: 0.0]
      [Object Copy (ms): Min: 17.6, Avg: 17.6, Max: 17.6, Diff: 0.0, Sum: 35.1]
      [Termination (ms): Min: 0.0, Avg: 0.0, Max: 0.0, Diff: 0.0, Sum: 0.0]
      [GC Worker Other (ms): Min: 0.0, Avg: 0.0, Max: 0.0, Diff: 0.0, Sum: 0.1]
      [GC Worker Total (ms): Min: 19.6, Avg: 19.6, Max: 19.6, Diff: 0.0, Sum: 39.2]
      [GC Worker End (ms): Min: 52206.9, Avg: 52206.9, Max: 52206.9, Diff: 0.0]
   [Code Root Fixup: 0.0 ms]
   [Code Root Migration: 0.0 ms]
   [Clear CT: 0.0 ms]
   [Other: 0.4 ms]
      [Choose CSet: 0.0 ms]
      [Ref Proc: 0.1 ms]
      [Ref Enq: 0.0 ms]
      [Free CSet: 0.1 ms]
   [Eden: 29.0M(29.0M)->0.0B(19.0M) Survivors: 9216.0K->5120.0K Heap: 199.5M(256.0M)->191.0M(256.0M)]
 [Times: user=0.06 sys=0.00, real=0.02 secs] 
2014-07-10T16:13:21.223+0200: 52.208: [GC concurrent-root-region-scan-start]
2014-07-10T16:13:21.223+0200: 52.208: [GC concurrent-root-region-scan-end, 0.0000884 secs]
2014-07-10T16:13:21.223+0200: 52.208: [GC concurrent-mark-start]
2014-07-10T16:13:21.227+0200: 52.212: [GC concurrent-mark-end, 0.0034818 secs]
2014-07-10T16:13:21.227+0200: 52.212: [GC remark 2014-07-10T16:13:21.227+0200: 52.213: [GC ref-proc, 0.0000700 secs], 0.0012649 secs]
 [Times: user=0.00 sys=0.00, real=0.00 secs] 
2014-07-10T16:13:21.229+0200: 52.214: [GC cleanup 194M->87M(256M), 0.0009536 secs]
 [Times: user=0.00 sys=0.00, real=0.00 secs] 
2014-07-10T16:13:21.230+0200: 52.215: [GC concurrent-cleanup-start]
2014-07-10T16:13:21.230+0200: 52.215: [GC concurrent-cleanup-end, 0.0001741 secs]
2014-07-10T16:13:21.255+0200: 52.240: [GC pause (young), 0.0141917 secs]
   [Parallel Time: 13.3 ms, GC Workers: 2]
      [GC Worker Start (ms): Min: 52240.1, Avg: 52240.1, Max: 52240.1, Diff: 0.0]
      [Ext Root Scanning (ms): Min: 1.0, Avg: 1.0, Max: 1.0, Diff: 0.1, Sum: 2.0]
      [Update RS (ms): Min: 0.4, Avg: 0.5, Max: 0.7, Diff: 0.2, Sum: 1.1]
         [Processed Buffers: Min: 3, Avg: 3.0, Max: 3, Diff: 0, Sum: 6]
      [Scan RS (ms): Min: 0.0, Avg: 0.0, Max: 0.1, Diff: 0.1, Sum: 0.1]
      [Code Root Scanning (ms): Min: 0.0, Avg: 0.0, Max: 0.0, Diff: 0.0, Sum: 0.0]
      [Object Copy (ms): Min: 11.5, Avg: 11.6, Max: 11.6, Diff: 0.1, Sum: 23.1]
      [Termination (ms): Min: 0.0, Avg: 0.0, Max: 0.0, Diff: 0.0, Sum: 0.0]
      [GC Worker Other (ms): Min: 0.0, Avg: 0.0, Max: 0.0, Diff: 0.0, Sum: 0.1]
      [GC Worker Total (ms): Min: 13.2, Avg: 13.2, Max: 13.2, Diff: 0.0, Sum: 26.4]
      [GC Worker End (ms): Min: 52253.3, Avg: 52253.3, Max: 52253.3, Diff: 0.0]
   [Code Root Fixup: 0.0 ms]
   [Code Root Migration: 0.0 ms]
   [Clear CT: 0.0 ms]
   [Other: 0.9 ms]
      [Choose CSet: 0.0 ms]
      [Ref Proc: 0.7 ms]
      [Ref Enq: 0.0 ms]
      [Free CSet: 0.1 ms]
   [Eden: 19.0M(19.0M)->0.0B(9216.0K) Survivors: 5120.0K->3072.0K Heap: 103.0M(256.0M)->98.5M(256.0M)]
 [Times: user=0.03 sys=0.00, real=0.01 secs] 
2014-07-10T16:13:21.283+0200: 52.268: [GC pause (mixed), 0.0080108 secs]
   [Parallel Time: 7.2 ms, GC Workers: 2]
      [GC Worker Start (ms): Min: 52268.3, Avg: 52268.3, Max: 52268.3, Diff: 0.0]
      [Ext Root Scanning (ms): Min: 1.1, Avg: 1.1, Max: 1.1, Diff: 0.0, Sum: 2.1]
      [Update RS (ms): Min: 0.3, Avg: 0.4, Max: 0.5, Diff: 0.2, Sum: 0.9]
         [Processed Buffers: Min: 1, Avg: 3.5, Max: 6, Diff: 5, Sum: 7]
      [Scan RS (ms): Min: 0.0, Avg: 0.0, Max: 0.1, Diff: 0.1, Sum: 0.1]
      [Code Root Scanning (ms): Min: 0.0, Avg: 0.0, Max: 0.0, Diff: 0.0, Sum: 0.0]
      [Object Copy (ms): Min: 5.6, Avg: 5.6, Max: 5.6, Diff: 0.0, Sum: 11.2]
      [Termination (ms): Min: 0.0, Avg: 0.0, Max: 0.0, Diff: 0.0, Sum: 0.0]
      [GC Worker Other (ms): Min: 0.0, Avg: 0.0, Max: 0.0, Diff: 0.0, Sum: 0.1]
      [GC Worker Total (ms): Min: 7.2, Avg: 7.2, Max: 7.2, Diff: 0.0, Sum: 14.4]
      [GC Worker End (ms): Min: 52275.5, Avg: 52275.5, Max: 52275.5, Diff: 0.0]
   [Code Root Fixup: 0.0 ms]
   [Code Root Migration: 0.1 ms]
   [Clear CT: 0.0 ms]
   [Other: 0.6 ms]
      [Choose CSet: 0.0 ms]
      [Ref Proc: 0.4 ms]
      [Ref Enq: 0.0 ms]
      [Free CSet: 0.1 ms]
   [Eden: 9216.0K(9216.0K)->0.0B(66.0M) Survivors: 3072.0K->2048.0K Heap: 107.5M(256.0M)->99.5M(256.0M)]
 [Times: user=0.00 sys=0.00, real=0.01 secs] 
2014-07-10T16:13:21.400+0200: 52.385: [GC pause (young), 0.0440842 secs]
   [Parallel Time: 43.6 ms, GC Workers: 2]
      [GC Worker Start (ms): Min: 52385.0, Avg: 52385.0, Max: 52385.0, Diff: 0.0]
      [Ext Root Scanning (ms): Min: 1.0, Avg: 1.0, Max: 1.1, Diff: 0.1, Sum: 2.1]
      [Update RS (ms): Min: 0.3, Avg: 0.3, Max: 0.4, Diff: 0.1, Sum: 0.7]
         [Processed Buffers: Min: 1, Avg: 2.5, Max: 4, Diff: 3, Sum: 5]
      [Scan RS (ms): Min: 0.1, Avg: 0.1, Max: 0.1, Diff: 0.0, Sum: 0.2]
      [Code Root Scanning (ms): Min: 0.0, Avg: 0.0, Max: 0.0, Diff: 0.0, Sum: 0.1]
      [Object Copy (ms): Min: 42.0, Avg: 42.0, Max: 42.0, Diff: 0.0, Sum: 84.0]
      [Termination (ms): Min: 0.0, Avg: 0.0, Max: 0.0, Diff: 0.0, Sum: 0.0]
      [GC Worker Other (ms): Min: 0.0, Avg: 0.0, Max: 0.0, Diff: 0.0, Sum: 0.1]
      [GC Worker Total (ms): Min: 43.6, Avg: 43.6, Max: 43.6, Diff: 0.0, Sum: 87.1]
      [GC Worker End (ms): Min: 52428.6, Avg: 52428.6, Max: 52428.6, Diff: 0.0]
   [Code Root Fixup: 0.0 ms]
   [Code Root Migration: 0.0 ms]
   [Clear CT: 0.1 ms]
   [Other: 0.4 ms]
      [Choose CSet: 0.0 ms]
      [Ref Proc: 0.0 ms]
      [Ref Enq: 0.0 ms]
      [Free CSet: 0.1 ms]
   [Eden: 66.0M(66.0M)->0.0B(26.0M) Survivors: 2048.0K->9216.0K Heap: 165.5M(256.0M)->176.5M(256.0M)]
 [Times: user=0.09 sys=0.00, real=0.04 secs] 
2014-07-10T16:13:21.487+0200: 52.472: [GC pause (young) (initial-mark), 0.0183452 secs]
   [Parallel Time: 18.0 ms, GC Workers: 2]
      [GC Worker Start (ms): Min: 52472.1, Avg: 52472.1, Max: 52472.1, Diff: 0.0]
      [Ext Root Scanning (ms): Min: 1.0, Avg: 1.0, Max: 1.0, Diff: 0.0, Sum: 2.1]
      [Code Root Marking (ms): Min: 0.0, Avg: 0.1, Max: 0.1, Diff: 0.1, Sum: 0.1]
      [Update RS (ms): Min: 1.0, Avg: 1.0, Max: 1.0, Diff: 0.0, Sum: 2.0]
         [Processed Buffers: Min: 4, Avg: 4.5, Max: 5, Diff: 1, Sum: 9]
      [Scan RS (ms): Min: 0.0, Avg: 0.0, Max: 0.1, Diff: 0.0, Sum: 0.1]
      [Code Root Scanning (ms): Min: 0.0, Avg: 0.0, Max: 0.0, Diff: 0.0, Sum: 0.0]
      [Object Copy (ms): Min: 15.5, Avg: 15.6, Max: 15.7, Diff: 0.2, Sum: 31.1]
      [Termination (ms): Min: 0.0, Avg: 0.1, Max: 0.3, Diff: 0.3, Sum: 0.3]
      [GC Worker Other (ms): Min: 0.0, Avg: 0.0, Max: 0.0, Diff: 0.0, Sum: 0.0]
      [GC Worker Total (ms): Min: 17.9, Avg: 17.9, Max: 17.9, Diff: 0.1, Sum: 35.8]
      [GC Worker End (ms): Min: 52490.0, Avg: 52490.0, Max: 52490.1, Diff: 0.1]
   [Code Root Fixup: 0.0 ms]
   [Code Root Migration: 0.0 ms]
   [Clear CT: 0.0 ms]
   [Other: 0.3 ms]
      [Choose CSet: 0.0 ms]
      [Ref Proc: 0.1 ms]
      [Ref Enq: 0.0 ms]
      [Free CSet: 0.1 ms]
   [Eden: 26.0M(26.0M)->0.0B(18.0M) Survivors: 9216.0K->5120.0K Heap: 202.5M(256.0M)->193.5M(256.0M)]
 [Times: user=0.03 sys=0.00, real=0.02 secs] 
2014-07-10T16:13:21.505+0200: 52.491: [GC concurrent-root-region-scan-start]
2014-07-10T16:13:21.506+0200: 52.491: [GC concurrent-root-region-scan-end, 0.0001016 secs]
2014-07-10T16:13:21.506+0200: 52.491: [GC concurrent-mark-start]
2014-07-10T16:13:21.509+0200: 52.494: [GC concurrent-mark-end, 0.0035097 secs]
2014-07-10T16:13:21.510+0200: 52.495: [GC remark 2014-07-10T16:13:21.510+0200: 52.495: [GC ref-proc, 0.0000671 secs], 0.0010540 secs]
 [Times: user=0.00 sys=0.00, real=0.00 secs] 
2014-07-10T16:13:21.511+0200: 52.496: [GC cleanup 196M->82M(256M), 0.0013166 secs]
 [Times: user=0.00 sys=0.00, real=0.00 secs] 
2014-07-10T16:13:21.512+0200: 52.498: [GC concurrent-cleanup-start]
2014-07-10T16:13:21.513+0200: 52.498: [GC concurrent-cleanup-end, 0.0002170 secs]
2014-07-10T16:13:21.537+0200: 52.522: [GC pause (young), 0.0128249 secs]
   [Parallel Time: 12.5 ms, GC Workers: 2]
      [GC Worker Start (ms): Min: 52522.0, Avg: 52522.0, Max: 52522.0, Diff: 0.0]
      [Ext Root Scanning (ms): Min: 0.9, Avg: 0.9, Max: 0.9, Diff: 0.0, Sum: 1.9]
      [Update RS (ms): Min: 0.3, Avg: 0.4, Max: 0.4, Diff: 0.1, Sum: 0.8]
         [Processed Buffers: Min: 2, Avg: 3.0, Max: 4, Diff: 2, Sum: 6]
      [Scan RS (ms): Min: 0.0, Avg: 0.0, Max: 0.1, Diff: 0.0, Sum: 0.1]
      [Code Root Scanning (ms): Min: 0.0, Avg: 0.0, Max: 0.0, Diff: 0.0, Sum: 0.0]
      [Object Copy (ms): Min: 11.1, Avg: 11.1, Max: 11.1, Diff: 0.0, Sum: 22.1]
      [Termination (ms): Min: 0.0, Avg: 0.0, Max: 0.0, Diff: 0.0, Sum: 0.0]
      [GC Worker Other (ms): Min: 0.0, Avg: 0.0, Max: 0.0, Diff: 0.0, Sum: 0.0]
      [GC Worker Total (ms): Min: 12.5, Avg: 12.5, Max: 12.5, Diff: 0.0, Sum: 24.9]
      [GC Worker End (ms): Min: 52534.4, Avg: 52534.4, Max: 52534.4, Diff: 0.0]
   [Code Root Fixup: 0.0 ms]
   [Code Root Migration: 0.0 ms]
   [Clear CT: 0.0 ms]
   [Other: 0.3 ms]
      [Choose CSet: 0.0 ms]
      [Ref Proc: 0.1 ms]
      [Ref Enq: 0.0 ms]
      [Free CSet: 0.1 ms]
   [Eden: 18.0M(18.0M)->0.0B(9216.0K) Survivors: 5120.0K->3072.0K Heap: 97.5M(256.0M)->93.5M(256.0M)]
 [Times: user=0.03 sys=0.00, real=0.01 secs] 
2014-07-10T16:13:21.563+0200: 52.548: [GC pause (mixed), 0.0088155 secs]
   [Parallel Time: 8.4 ms, GC Workers: 2]
      [GC Worker Start (ms): Min: 52548.0, Avg: 52548.0, Max: 52548.0, Diff: 0.0]
      [Ext Root Scanning (ms): Min: 0.9, Avg: 0.9, Max: 0.9, Diff: 0.0, Sum: 1.9]
      [Update RS (ms): Min: 0.3, Avg: 0.3, Max: 0.3, Diff: 0.0, Sum: 0.6]
         [Processed Buffers: Min: 2, Avg: 2.5, Max: 3, Diff: 1, Sum: 5]
      [Scan RS (ms): Min: 0.0, Avg: 0.1, Max: 0.1, Diff: 0.0, Sum: 0.1]
      [Code Root Scanning (ms): Min: 0.0, Avg: 0.0, Max: 0.0, Diff: 0.0, Sum: 0.0]
      [Object Copy (ms): Min: 7.0, Avg: 7.1, Max: 7.1, Diff: 0.0, Sum: 14.1]
      [Termination (ms): Min: 0.0, Avg: 0.0, Max: 0.0, Diff: 0.0, Sum: 0.0]
      [GC Worker Other (ms): Min: 0.0, Avg: 0.0, Max: 0.0, Diff: 0.0, Sum: 0.1]
      [GC Worker Total (ms): Min: 8.4, Avg: 8.4, Max: 8.4, Diff: 0.0, Sum: 16.7]
      [GC Worker End (ms): Min: 52556.4, Avg: 52556.4, Max: 52556.4, Diff: 0.0]
   [Code Root Fixup: 0.0 ms]
   [Code Root Migration: 0.0 ms]
   [Clear CT: 0.1 ms]
   [Other: 0.3 ms]
      [Choose CSet: 0.0 ms]
      [Ref Proc: 0.1 ms]
      [Ref Enq: 0.0 ms]
      [Free CSet: 0.1 ms]
   [Eden: 9216.0K(9216.0K)->0.0B(67.0M) Survivors: 3072.0K->2048.0K Heap: 102.5M(256.0M)->98.0M(256.0M)]
 [Times: user=0.02 sys=0.02, real=0.01 secs] 
2014-07-10T16:13:21.682+0200: 52.667: [GC pause (young), 0.0450510 secs]
   [Parallel Time: 44.5 ms, GC Workers: 2]
      [GC Worker Start (ms): Min: 52667.2, Avg: 52667.3, Max: 52667.3, Diff: 0.1]
      [Ext Root Scanning (ms): Min: 1.1, Avg: 1.2, Max: 1.2, Diff: 0.1, Sum: 2.3]
      [Update RS (ms): Min: 0.4, Avg: 0.4, Max: 0.4, Diff: 0.1, Sum: 0.8]
         [Processed Buffers: Min: 2, Avg: 2.5, Max: 3, Diff: 1, Sum: 5]
      [Scan RS (ms): Min: 0.1, Avg: 0.1, Max: 0.1, Diff: 0.0, Sum: 0.2]
      [Code Root Scanning (ms): Min: 0.0, Avg: 0.0, Max: 0.0, Diff: 0.0, Sum: 0.1]
      [Object Copy (ms): Min: 42.6, Avg: 42.6, Max: 42.6, Diff: 0.0, Sum: 85.3]
      [Termination (ms): Min: 0.0, Avg: 0.0, Max: 0.0, Diff: 0.0, Sum: 0.0]
      [GC Worker Other (ms): Min: 0.0, Avg: 0.0, Max: 0.0, Diff: 0.0, Sum: 0.1]
      [GC Worker Total (ms): Min: 44.3, Avg: 44.4, Max: 44.4, Diff: 0.1, Sum: 88.8]
      [GC Worker End (ms): Min: 52711.7, Avg: 52711.7, Max: 52711.7, Diff: 0.0]
   [Code Root Fixup: 0.0 ms]
   [Code Root Migration: 0.0 ms]
   [Clear CT: 0.1 ms]
   [Other: 0.5 ms]
      [Choose CSet: 0.0 ms]
      [Ref Proc: 0.0 ms]
      [Ref Enq: 0.0 ms]
      [Free CSet: 0.1 ms]
   [Eden: 67.0M(67.0M)->0.0B(29.0M) Survivors: 2048.0K->9216.0K Heap: 165.0M(256.0M)->170.5M(256.0M)]
 [Times: user=0.09 sys=0.00, real=0.05 secs] 
2014-07-10T16:13:21.773+0200: 52.758: [GC pause (young) (initial-mark), 0.0197685 secs]
   [Parallel Time: 19.3 ms, GC Workers: 2]
      [GC Worker Start (ms): Min: 52758.2, Avg: 52758.2, Max: 52758.2, Diff: 0.0]
      [Ext Root Scanning (ms): Min: 1.1, Avg: 1.2, Max: 1.3, Diff: 0.2, Sum: 2.4]
      [Code Root Marking (ms): Min: 0.0, Avg: 0.1, Max: 0.1, Diff: 0.1, Sum: 0.1]
      [Update RS (ms): Min: 0.9, Avg: 0.9, Max: 0.9, Diff: 0.1, Sum: 1.8]
         [Processed Buffers: Min: 4, Avg: 5.0, Max: 6, Diff: 2, Sum: 10]
      [Scan RS (ms): Min: 0.0, Avg: 0.1, Max: 0.1, Diff: 0.0, Sum: 0.1]
      [Code Root Scanning (ms): Min: 0.0, Avg: 0.0, Max: 0.0, Diff: 0.0, Sum: 0.1]
      [Object Copy (ms): Min: 16.8, Avg: 16.8, Max: 16.9, Diff: 0.1, Sum: 33.7]
      [Termination (ms): Min: 0.0, Avg: 0.0, Max: 0.0, Diff: 0.0, Sum: 0.0]
      [GC Worker Other (ms): Min: 0.0, Avg: 0.0, Max: 0.0, Diff: 0.0, Sum: 0.1]
      [GC Worker Total (ms): Min: 19.1, Avg: 19.1, Max: 19.1, Diff: 0.0, Sum: 38.2]
      [GC Worker End (ms): Min: 52777.3, Avg: 52777.3, Max: 52777.3, Diff: 0.0]
   [Code Root Fixup: 0.0 ms]
   [Code Root Migration: 0.0 ms]
   [Clear CT: 0.0 ms]
   [Other: 0.3 ms]
      [Choose CSet: 0.0 ms]
      [Ref Proc: 0.1 ms]
      [Ref Enq: 0.0 ms]
      [Free CSet: 0.1 ms]
   [Eden: 29.0M(29.0M)->0.0B(19.0M) Survivors: 9216.0K->5120.0K Heap: 199.5M(256.0M)->190.5M(256.0M)]
 [Times: user=0.03 sys=0.00, real=0.02 secs] 
2014-07-10T16:13:21.793+0200: 52.778: [GC concurrent-root-region-scan-start]
2014-07-10T16:13:21.793+0200: 52.778: [GC concurrent-root-region-scan-end, 0.0001151 secs]
2014-07-10T16:13:21.793+0200: 52.778: [GC concurrent-mark-start]
2014-07-10T16:13:21.800+0200: 52.786: [GC concurrent-mark-end, 0.0072951 secs]
2014-07-10T16:13:21.801+0200: 52.786: [GC remark 2014-07-10T16:13:21.801+0200: 52.786: [GC ref-proc, 0.0000704 secs], 0.0023633 secs]
 [Times: user=0.00 sys=0.00, real=0.00 secs] 
2014-07-10T16:13:21.804+0200: 52.789: [GC cleanup 196M->93M(256M), 0.0014130 secs]
 [Times: user=0.00 sys=0.00, real=0.00 secs] 
2014-07-10T16:13:21.805+0200: 52.791: [GC concurrent-cleanup-start]
2014-07-10T16:13:21.805+0200: 52.791: [GC concurrent-cleanup-end, 0.0001712 secs]
2014-07-10T16:13:21.825+0200: 52.810: [GC pause (young), 0.0138944 secs]
   [Parallel Time: 13.6 ms, GC Workers: 2]
      [GC Worker Start (ms): Min: 52810.1, Avg: 52810.1, Max: 52810.1, Diff: 0.0]
      [Ext Root Scanning (ms): Min: 0.9, Avg: 0.9, Max: 0.9, Diff: 0.0, Sum: 1.8]
      [Update RS (ms): Min: 0.4, Avg: 0.4, Max: 0.4, Diff: 0.0, Sum: 0.8]
         [Processed Buffers: Min: 2, Avg: 3.5, Max: 5, Diff: 3, Sum: 7]
      [Scan RS (ms): Min: 0.0, Avg: 0.0, Max: 0.0, Diff: 0.0, Sum: 0.1]
      [Code Root Scanning (ms): Min: 0.0, Avg: 0.0, Max: 0.0, Diff: 0.0, Sum: 0.0]
      [Object Copy (ms): Min: 12.1, Avg: 12.1, Max: 12.1, Diff: 0.0, Sum: 24.1]
      [Termination (ms): Min: 0.0, Avg: 0.0, Max: 0.0, Diff: 0.0, Sum: 0.0]
      [GC Worker Other (ms): Min: 0.0, Avg: 0.0, Max: 0.0, Diff: 0.0, Sum: 0.1]
      [GC Worker Total (ms): Min: 13.5, Avg: 13.5, Max: 13.5, Diff: 0.0, Sum: 27.0]
      [GC Worker End (ms): Min: 52823.6, Avg: 52823.6, Max: 52823.6, Diff: 0.0]
   [Code Root Fixup: 0.0 ms]
   [Code Root Migration: 0.0 ms]
   [Clear CT: 0.0 ms]
   [Other: 0.3 ms]
      [Choose CSet: 0.0 ms]
      [Ref Proc: 0.1 ms]
      [Ref Enq: 0.0 ms]
      [Free CSet: 0.1 ms]
   [Eden: 19.0M(19.0M)->0.0B(9216.0K) Survivors: 5120.0K->3072.0K Heap: 106.5M(256.0M)->102.5M(256.0M)]
 [Times: user=0.03 sys=0.00, real=0.01 secs] 
2014-07-10T16:13:21.853+0200: 52.838: [GC pause (mixed), 0.0084053 secs]
   [Parallel Time: 8.0 ms, GC Workers: 2]
      [GC Worker Start (ms): Min: 52838.0, Avg: 52838.0, Max: 52838.0, Diff: 0.0]
      [Ext Root Scanning (ms): Min: 0.9, Avg: 0.9, Max: 1.0, Diff: 0.0, Sum: 1.9]
      [Update RS (ms): Min: 0.3, Avg: 0.4, Max: 0.4, Diff: 0.1, Sum: 0.7]
         [Processed Buffers: Min: 1, Avg: 3.0, Max: 5, Diff: 4, Sum: 6]
      [Scan RS (ms): Min: 0.1, Avg: 0.1, Max: 0.1, Diff: 0.0, Sum: 0.2]
      [Code Root Scanning (ms): Min: 0.0, Avg: 0.0, Max: 0.0, Diff: 0.0, Sum: 0.0]
      [Object Copy (ms): Min: 6.5, Avg: 6.5, Max: 6.6, Diff: 0.0, Sum: 13.1]
      [Termination (ms): Min: 0.0, Avg: 0.0, Max: 0.0, Diff: 0.0, Sum: 0.0]
      [GC Worker Other (ms): Min: 0.0, Avg: 0.0, Max: 0.0, Diff: 0.0, Sum: 0.1]
      [GC Worker Total (ms): Min: 8.0, Avg: 8.0, Max: 8.0, Diff: 0.0, Sum: 16.0]
      [GC Worker End (ms): Min: 52846.0, Avg: 52846.0, Max: 52846.0, Diff: 0.0]
   [Code Root Fixup: 0.0 ms]
   [Code Root Migration: 0.0 ms]
   [Clear CT: 0.1 ms]
   [Other: 0.3 ms]
      [Choose CSet: 0.0 ms]
      [Ref Proc: 0.1 ms]
      [Ref Enq: 0.0 ms]
      [Free CSet: 0.1 ms]
   [Eden: 9216.0K(9216.0K)->0.0B(67.0M) Survivors: 3072.0K->2048.0K Heap: 111.5M(256.0M)->100.0M(256.0M)]
 [Times: user=0.03 sys=0.00, real=0.01 secs] 
2014-07-10T16:13:21.974+0200: 52.959: [GC pause (young), 0.0448940 secs]
   [Parallel Time: 44.4 ms, GC Workers: 2]
      [GC Worker Start (ms): Min: 52959.2, Avg: 52959.2, Max: 52959.2, Diff: 0.0]
      [Ext Root Scanning (ms): Min: 0.9, Avg: 0.9, Max: 0.9, Diff: 0.0, Sum: 1.8]
      [Update RS (ms): Min: 0.3, Avg: 0.4, Max: 0.4, Diff: 0.0, Sum: 0.7]
         [Processed Buffers: Min: 2, Avg: 2.5, Max: 3, Diff: 1, Sum: 5]
      [Scan RS (ms): Min: 0.1, Avg: 0.1, Max: 0.1, Diff: 0.0, Sum: 0.2]
      [Code Root Scanning (ms): Min: 0.0, Avg: 0.0, Max: 0.0, Diff: 0.0, Sum: 0.1]
      [Object Copy (ms): Min: 43.0, Avg: 43.0, Max: 43.0, Diff: 0.0, Sum: 85.9]
      [Termination (ms): Min: 0.0, Avg: 0.0, Max: 0.0, Diff: 0.0, Sum: 0.0]
      [GC Worker Other (ms): Min: 0.0, Avg: 0.0, Max: 0.0, Diff: 0.0, Sum: 0.1]
      [GC Worker Total (ms): Min: 44.4, Avg: 44.4, Max: 44.4, Diff: 0.0, Sum: 88.8]
      [GC Worker End (ms): Min: 53003.6, Avg: 53003.6, Max: 53003.6, Diff: 0.0]
   [Code Root Fixup: 0.0 ms]
   [Code Root Migration: 0.0 ms]
   [Clear CT: 0.1 ms]
   [Other: 0.4 ms]
      [Choose CSet: 0.0 ms]
      [Ref Proc: 0.0 ms]
      [Ref Enq: 0.0 ms]
      [Free CSet: 0.1 ms]
   [Eden: 67.0M(67.0M)->0.0B(27.0M) Survivors: 2048.0K->9216.0K Heap: 167.0M(256.0M)->175.0M(256.0M)]
 [Times: user=0.08 sys=0.00, real=0.05 secs] 
2014-07-10T16:13:22.062+0200: 53.046: [GC pause (young) (initial-mark), 0.0165268 secs]
   [Parallel Time: 15.9 ms, GC Workers: 2]
      [GC Worker Start (ms): Min: 53046.2, Avg: 53046.2, Max: 53046.2, Diff: 0.0]
      [Ext Root Scanning (ms): Min: 1.1, Avg: 1.1, Max: 1.2, Diff: 0.0, Sum: 2.3]
      [Code Root Marking (ms): Min: 0.0, Avg: 0.1, Max: 0.1, Diff: 0.0, Sum: 0.1]
      [Update RS (ms): Min: 0.9, Avg: 0.9, Max: 0.9, Diff: 0.0, Sum: 1.8]
         [Processed Buffers: Min: 4, Avg: 5.0, Max: 6, Diff: 2, Sum: 10]
      [Scan RS (ms): Min: 0.0, Avg: 0.0, Max: 0.1, Diff: 0.0, Sum: 0.1]
      [Code Root Scanning (ms): Min: 0.0, Avg: 0.0, Max: 0.0, Diff: 0.0, Sum: 0.0]
      [Object Copy (ms): Min: 13.7, Avg: 13.7, Max: 13.7, Diff: 0.0, Sum: 27.4]
      [Termination (ms): Min: 0.0, Avg: 0.0, Max: 0.0, Diff: 0.0, Sum: 0.0]
      [GC Worker Other (ms): Min: 0.0, Avg: 0.0, Max: 0.0, Diff: 0.0, Sum: 0.1]
      [GC Worker Total (ms): Min: 15.9, Avg: 15.9, Max: 15.9, Diff: 0.0, Sum: 31.8]
      [GC Worker End (ms): Min: 53062.1, Avg: 53062.1, Max: 53062.1, Diff: 0.0]
   [Code Root Fixup: 0.0 ms]
   [Code Root Migration: 0.0 ms]
   [Clear CT: 0.1 ms]
   [Other: 0.4 ms]
      [Choose CSet: 0.0 ms]
      [Ref Proc: 0.1 ms]
      [Ref Enq: 0.0 ms]
      [Free CSet: 0.1 ms]
   [Eden: 27.0M(27.0M)->0.0B(20.0M) Survivors: 9216.0K->5120.0K Heap: 202.0M(256.0M)->188.5M(256.0M)]
 [Times: user=0.03 sys=0.00, real=0.02 secs] 
2014-07-10T16:13:22.079+0200: 53.063: [GC concurrent-root-region-scan-start]
2014-07-10T16:13:22.079+0200: 53.063: [GC concurrent-root-region-scan-end, 0.0000862 secs]
2014-07-10T16:13:22.079+0200: 53.063: [GC concurrent-mark-start]
2014-07-10T16:13:22.084+0200: 53.068: [GC concurrent-mark-end, 0.0050638 secs]
2014-07-10T16:13:22.084+0200: 53.068: [GC remark 2014-07-10T16:13:22.084+0200: 53.068: [GC ref-proc, 0.0000700 secs], 0.0009906 secs]
 [Times: user=0.00 sys=0.00, real=0.00 secs] 
2014-07-10T16:13:22.085+0200: 53.069: [GC cleanup 192M->86M(256M), 0.0007736 secs]
 [Times: user=0.00 sys=0.00, real=0.00 secs] 
2014-07-10T16:13:22.086+0200: 53.070: [GC concurrent-cleanup-start]
2014-07-10T16:13:22.086+0200: 53.070: [GC concurrent-cleanup-end, 0.0002112 secs]
2014-07-10T16:13:22.111+0200: 53.095: [GC pause (young), 0.0149759 secs]
   [Parallel Time: 14.4 ms, GC Workers: 2]
      [GC Worker Start (ms): Min: 53095.0, Avg: 53095.0, Max: 53095.0, Diff: 0.0]
      [Ext Root Scanning (ms): Min: 1.1, Avg: 1.2, Max: 1.2, Diff: 0.0, Sum: 2.3]
      [Update RS (ms): Min: 0.4, Avg: 0.4, Max: 0.4, Diff: 0.0, Sum: 0.7]
         [Processed Buffers: Min: 2, Avg: 3.5, Max: 5, Diff: 3, Sum: 7]
      [Scan RS (ms): Min: 0.0, Avg: 0.0, Max: 0.0, Diff: 0.0, Sum: 0.1]
      [Code Root Scanning (ms): Min: 0.0, Avg: 0.0, Max: 0.0, Diff: 0.0, Sum: 0.0]
      [Object Copy (ms): Min: 12.7, Avg: 12.7, Max: 12.7, Diff: 0.0, Sum: 25.4]
      [Termination (ms): Min: 0.0, Avg: 0.0, Max: 0.0, Diff: 0.0, Sum: 0.0]
      [GC Worker Other (ms): Min: 0.0, Avg: 0.0, Max: 0.0, Diff: 0.0, Sum: 0.0]
      [GC Worker Total (ms): Min: 14.3, Avg: 14.3, Max: 14.3, Diff: 0.0, Sum: 28.6]
      [GC Worker End (ms): Min: 53109.3, Avg: 53109.3, Max: 53109.3, Diff: 0.0]
   [Code Root Fixup: 0.0 ms]
   [Code Root Migration: 0.0 ms]
   [Clear CT: 0.0 ms]
   [Other: 0.5 ms]
      [Choose CSet: 0.0 ms]
      [Ref Proc: 0.2 ms]
      [Ref Enq: 0.0 ms]
      [Free CSet: 0.2 ms]
   [Eden: 20.0M(20.0M)->0.0B(8192.0K) Survivors: 5120.0K->4096.0K Heap: 102.5M(256.0M)->99.0M(256.0M)]
 [Times: user=0.00 sys=0.00, real=0.01 secs] 
2014-07-10T16:13:22.137+0200: 53.121: [GC pause (mixed), 0.0080515 secs]
   [Parallel Time: 7.4 ms, GC Workers: 2]
      [GC Worker Start (ms): Min: 53121.2, Avg: 53121.2, Max: 53121.2, Diff: 0.0]
      [Ext Root Scanning (ms): Min: 1.0, Avg: 1.1, Max: 1.3, Diff: 0.2, Sum: 2.3]
      [Update RS (ms): Min: 0.2, Avg: 0.3, Max: 0.4, Diff: 0.2, Sum: 0.6]
         [Processed Buffers: Min: 2, Avg: 3.5, Max: 5, Diff: 3, Sum: 7]
      [Scan RS (ms): Min: 0.1, Avg: 0.1, Max: 0.1, Diff: 0.0, Sum: 0.2]
      [Code Root Scanning (ms): Min: 0.0, Avg: 0.0, Max: 0.0, Diff: 0.0, Sum: 0.0]
      [Object Copy (ms): Min: 5.7, Avg: 5.7, Max: 5.7, Diff: 0.0, Sum: 11.3]
      [Termination (ms): Min: 0.0, Avg: 0.0, Max: 0.0, Diff: 0.0, Sum: 0.0]
      [GC Worker Other (ms): Min: 0.0, Avg: 0.0, Max: 0.0, Diff: 0.0, Sum: 0.1]
      [GC Worker Total (ms): Min: 7.3, Avg: 7.3, Max: 7.3, Diff: 0.0, Sum: 14.6]
      [GC Worker End (ms): Min: 53128.5, Avg: 53128.5, Max: 53128.5, Diff: 0.0]
   [Code Root Fixup: 0.0 ms]
   [Code Root Migration: 0.0 ms]
   [Clear CT: 0.1 ms]
   [Other: 0.6 ms]
      [Choose CSet: 0.0 ms]
      [Ref Proc: 0.3 ms]
      [Ref Enq: 0.0 ms]
      [Free CSet: 0.1 ms]
   [Eden: 8192.0K(8192.0K)->0.0B(72.0M) Survivors: 4096.0K->2048.0K Heap: 107.0M(256.0M)->95.5M(256.0M)]
 [Times: user=0.03 sys=0.00, real=0.01 secs] 
2014-07-10T16:13:22.264+0200: 53.248: [GC pause (young), 0.0479356 secs]
   [Parallel Time: 47.4 ms, GC Workers: 2]
      [GC Worker Start (ms): Min: 53248.1, Avg: 53248.1, Max: 53248.1, Diff: 0.0]
      [Ext Root Scanning (ms): Min: 1.0, Avg: 1.1, Max: 1.2, Diff: 0.2, Sum: 2.3]
      [Update RS (ms): Min: 0.4, Avg: 0.4, Max: 0.4, Diff: 0.1, Sum: 0.8]
         [Processed Buffers: Min: 1, Avg: 3.0, Max: 5, Diff: 4, Sum: 6]
      [Scan RS (ms): Min: 0.1, Avg: 0.1, Max: 0.2, Diff: 0.1, Sum: 0.3]
      [Code Root Scanning (ms): Min: 0.1, Avg: 0.1, Max: 0.2, Diff: 0.2, Sum: 0.3]
      [Object Copy (ms): Min: 45.6, Avg: 45.6, Max: 45.6, Diff: 0.0, Sum: 91.2]
      [Termination (ms): Min: 0.0, Avg: 0.0, Max: 0.0, Diff: 0.0, Sum: 0.0]
      [GC Worker Other (ms): Min: 0.0, Avg: 0.0, Max: 0.0, Diff: 0.0, Sum: 0.1]
      [GC Worker Total (ms): Min: 47.4, Avg: 47.4, Max: 47.4, Diff: 0.0, Sum: 94.8]
      [GC Worker End (ms): Min: 53295.5, Avg: 53295.5, Max: 53295.5, Diff: 0.0]
   [Code Root Fixup: 0.0 ms]
   [Code Root Migration: 0.0 ms]
   [Clear CT: 0.1 ms]
   [Other: 0.4 ms]
      [Choose CSet: 0.0 ms]
      [Ref Proc: 0.0 ms]
      [Ref Enq: 0.0 ms]
      [Free CSet: 0.2 ms]
   [Eden: 72.0M(72.0M)->0.0B(26.0M) Survivors: 2048.0K->10.0M Heap: 167.5M(256.0M)->177.0M(256.0M)]
 [Times: user=0.08 sys=0.00, real=0.05 secs] 
2014-07-10T16:13:22.354+0200: 53.338: [GC pause (young) (initial-mark), 0.0174946 secs]
   [Parallel Time: 17.0 ms, GC Workers: 2]
      [GC Worker Start (ms): Min: 53338.2, Avg: 53338.2, Max: 53338.2, Diff: 0.0]
      [Ext Root Scanning (ms): Min: 1.1, Avg: 1.1, Max: 1.1, Diff: 0.0, Sum: 2.1]
      [Code Root Marking (ms): Min: 0.1, Avg: 0.1, Max: 0.1, Diff: 0.0, Sum: 0.1]
      [Update RS (ms): Min: 0.9, Avg: 0.9, Max: 0.9, Diff: 0.0, Sum: 1.9]
         [Processed Buffers: Min: 4, Avg: 5.0, Max: 6, Diff: 2, Sum: 10]
      [Scan RS (ms): Min: 0.0, Avg: 0.0, Max: 0.0, Diff: 0.0, Sum: 0.1]
      [Code Root Scanning (ms): Min: 0.0, Avg: 0.0, Max: 0.0, Diff: 0.0, Sum: 0.0]
      [Object Copy (ms): Min: 14.7, Avg: 14.7, Max: 14.8, Diff: 0.0, Sum: 29.5]
      [Termination (ms): Min: 0.0, Avg: 0.0, Max: 0.0, Diff: 0.0, Sum: 0.0]
      [GC Worker Other (ms): Min: 0.0, Avg: 0.0, Max: 0.0, Diff: 0.0, Sum: 0.1]
      [GC Worker Total (ms): Min: 16.9, Avg: 16.9, Max: 16.9, Diff: 0.0, Sum: 33.8]
      [GC Worker End (ms): Min: 53355.1, Avg: 53355.1, Max: 53355.1, Diff: 0.0]
   [Code Root Fixup: 0.1 ms]
   [Code Root Migration: 0.0 ms]
   [Clear CT: 0.0 ms]
   [Other: 0.4 ms]
      [Choose CSet: 0.0 ms]
      [Ref Proc: 0.1 ms]
      [Ref Enq: 0.0 ms]
      [Free CSet: 0.1 ms]
   [Eden: 26.0M(26.0M)->0.0B(18.0M) Survivors: 10.0M->5120.0K Heap: 203.0M(256.0M)->192.5M(256.0M)]
 [Times: user=0.03 sys=0.00, real=0.02 secs] 
2014-07-10T16:13:22.372+0200: 53.356: [GC concurrent-root-region-scan-start]
2014-07-10T16:13:22.372+0200: 53.356: [GC concurrent-root-region-scan-end, 0.0001074 secs]
2014-07-10T16:13:22.372+0200: 53.356: [GC concurrent-mark-start]
2014-07-10T16:13:22.376+0200: 53.360: [GC concurrent-mark-end, 0.0034005 secs]
2014-07-10T16:13:22.376+0200: 53.361: [GC remark 2014-07-10T16:13:22.376+0200: 53.361: [GC ref-proc, 0.0000865 secs], 0.0012183 secs]
 [Times: user=0.00 sys=0.00, real=0.00 secs] 
2014-07-10T16:13:22.378+0200: 53.362: [GC cleanup 196M->85M(256M), 0.0008300 secs]
 [Times: user=0.00 sys=0.00, real=0.00 secs] 
2014-07-10T16:13:22.379+0200: 53.363: [GC concurrent-cleanup-start]
2014-07-10T16:13:22.379+0200: 53.363: [GC concurrent-cleanup-end, 0.0002365 secs]
2014-07-10T16:13:22.402+0200: 53.386: [GC pause (young), 0.0136161 secs]
   [Parallel Time: 12.9 ms, GC Workers: 2]
      [GC Worker Start (ms): Min: 53386.4, Avg: 53386.5, Max: 53386.6, Diff: 0.2]
      [Ext Root Scanning (ms): Min: 0.9, Avg: 1.0, Max: 1.0, Diff: 0.1, Sum: 2.0]
      [Update RS (ms): Min: 0.4, Avg: 0.4, Max: 0.4, Diff: 0.1, Sum: 0.8]
         [Processed Buffers: Min: 2, Avg: 3.0, Max: 4, Diff: 2, Sum: 6]
      [Scan RS (ms): Min: 0.0, Avg: 0.0, Max: 0.1, Diff: 0.0, Sum: 0.1]
      [Code Root Scanning (ms): Min: 0.0, Avg: 0.0, Max: 0.0, Diff: 0.0, Sum: 0.0]
      [Object Copy (ms): Min: 11.3, Avg: 11.3, Max: 11.3, Diff: 0.0, Sum: 22.6]
      [Termination (ms): Min: 0.0, Avg: 0.0, Max: 0.0, Diff: 0.0, Sum: 0.0]
      [GC Worker Other (ms): Min: 0.0, Avg: 0.0, Max: 0.0, Diff: 0.0, Sum: 0.1]
      [GC Worker Total (ms): Min: 12.7, Avg: 12.8, Max: 12.8, Diff: 0.2, Sum: 25.5]
      [GC Worker End (ms): Min: 53399.2, Avg: 53399.2, Max: 53399.2, Diff: 0.0]
   [Code Root Fixup: 0.0 ms]
   [Code Root Migration: 0.0 ms]
   [Clear CT: 0.1 ms]
   [Other: 0.6 ms]
      [Choose CSet: 0.0 ms]
      [Ref Proc: 0.4 ms]
      [Ref Enq: 0.0 ms]
      [Free CSet: 0.1 ms]
   [Eden: 18.0M(18.0M)->0.0B(9216.0K) Survivors: 5120.0K->3072.0K Heap: 99.5M(256.0M)->97.0M(256.0M)]
 [Times: user=0.03 sys=0.00, real=0.01 secs] 
2014-07-10T16:13:22.430+0200: 53.414: [GC pause (mixed), 0.0098296 secs]
   [Parallel Time: 9.2 ms, GC Workers: 2]
      [GC Worker Start (ms): Min: 53414.0, Avg: 53414.0, Max: 53414.0, Diff: 0.0]
      [Ext Root Scanning (ms): Min: 1.0, Avg: 1.0, Max: 1.0, Diff: 0.1, Sum: 2.0]
      [Update RS (ms): Min: 0.3, Avg: 0.3, Max: 0.3, Diff: 0.0, Sum: 0.6]
         [Processed Buffers: Min: 1, Avg: 3.0, Max: 5, Diff: 4, Sum: 6]
      [Scan RS (ms): Min: 0.1, Avg: 0.1, Max: 0.1, Diff: 0.1, Sum: 0.2]
      [Code Root Scanning (ms): Min: 0.0, Avg: 0.0, Max: 0.0, Diff: 0.0, Sum: 0.0]
      [Object Copy (ms): Min: 7.7, Avg: 7.7, Max: 7.7, Diff: 0.0, Sum: 15.4]
      [Termination (ms): Min: 0.0, Avg: 0.0, Max: 0.0, Diff: 0.0, Sum: 0.0]
      [GC Worker Other (ms): Min: 0.0, Avg: 0.0, Max: 0.0, Diff: 0.0, Sum: 0.0]
      [GC Worker Total (ms): Min: 9.2, Avg: 9.2, Max: 9.2, Diff: 0.0, Sum: 18.3]
      [GC Worker End (ms): Min: 53423.2, Avg: 53423.2, Max: 53423.2, Diff: 0.0]
   [Code Root Fixup: 0.0 ms]
   [Code Root Migration: 0.0 ms]
   [Clear CT: 0.1 ms]
   [Other: 0.5 ms]
      [Choose CSet: 0.0 ms]
      [Ref Proc: 0.2 ms]
      [Ref Enq: 0.0 ms]
      [Free CSet: 0.1 ms]
   [Eden: 9216.0K(9216.0K)->0.0B(70.0M) Survivors: 3072.0K->2048.0K Heap: 106.0M(256.0M)->97.5M(256.0M)]
 [Times: user=0.03 sys=0.00, real=0.01 secs] 
2014-07-10T16:13:22.555+0200: 53.539: [GC pause (young), 0.0471532 secs]
   [Parallel Time: 46.7 ms, GC Workers: 2]
      [GC Worker Start (ms): Min: 53539.5, Avg: 53539.5, Max: 53539.5, Diff: 0.0]
      [Ext Root Scanning (ms): Min: 0.9, Avg: 0.9, Max: 1.0, Diff: 0.0, Sum: 1.9]
      [Update RS (ms): Min: 0.4, Avg: 0.5, Max: 0.5, Diff: 0.1, Sum: 0.9]
         [Processed Buffers: Min: 1, Avg: 2.5, Max: 4, Diff: 3, Sum: 5]
      [Scan RS (ms): Min: 0.1, Avg: 0.1, Max: 0.1, Diff: 0.1, Sum: 0.2]
      [Code Root Scanning (ms): Min: 0.0, Avg: 0.0, Max: 0.1, Diff: 0.0, Sum: 0.1]
      [Object Copy (ms): Min: 45.0, Avg: 45.1, Max: 45.1, Diff: 0.1, Sum: 90.1]
      [Termination (ms): Min: 0.0, Avg: 0.1, Max: 0.1, Diff: 0.1, Sum: 0.1]
      [GC Worker Other (ms): Min: 0.0, Avg: 0.0, Max: 0.0, Diff: 0.0, Sum: 0.0]
      [GC Worker Total (ms): Min: 46.7, Avg: 46.7, Max: 46.7, Diff: 0.0, Sum: 93.4]
      [GC Worker End (ms): Min: 53586.2, Avg: 53586.2, Max: 53586.2, Diff: 0.0]
   [Code Root Fixup: 0.0 ms]
   [Code Root Migration: 0.0 ms]
   [Clear CT: 0.1 ms]
   [Other: 0.4 ms]
      [Choose CSet: 0.0 ms]
      [Ref Proc: 0.0 ms]
      [Ref Enq: 0.0 ms]
      [Free CSet: 0.1 ms]
   [Eden: 70.0M(70.0M)->0.0B(26.0M) Survivors: 2048.0K->9216.0K Heap: 167.5M(256.0M)->176.5M(256.0M)]
 [Times: user=0.09 sys=0.00, real=0.05 secs] 
2014-07-10T16:13:22.646+0200: 53.630: [GC pause (young) (initial-mark), 0.0180372 secs]
   [Parallel Time: 17.6 ms, GC Workers: 2]
      [GC Worker Start (ms): Min: 53630.1, Avg: 53630.1, Max: 53630.1, Diff: 0.0]
      [Ext Root Scanning (ms): Min: 1.1, Avg: 1.1, Max: 1.1, Diff: 0.0, Sum: 2.2]
      [Code Root Marking (ms): Min: 0.0, Avg: 0.0, Max: 0.1, Diff: 0.0, Sum: 0.1]
      [Update RS (ms): Min: 0.9, Avg: 0.9, Max: 0.9, Diff: 0.0, Sum: 1.8]
         [Processed Buffers: Min: 5, Avg: 5.5, Max: 6, Diff: 1, Sum: 11]
      [Scan RS (ms): Min: 0.0, Avg: 0.0, Max: 0.0, Diff: 0.0, Sum: 0.1]
      [Code Root Scanning (ms): Min: 0.0, Avg: 0.0, Max: 0.0, Diff: 0.0, Sum: 0.0]
      [Object Copy (ms): Min: 15.4, Avg: 15.4, Max: 15.4, Diff: 0.0, Sum: 30.7]
      [Termination (ms): Min: 0.0, Avg: 0.0, Max: 0.0, Diff: 0.0, Sum: 0.0]
      [GC Worker Other (ms): Min: 0.0, Avg: 0.0, Max: 0.0, Diff: 0.0, Sum: 0.1]
      [GC Worker Total (ms): Min: 17.5, Avg: 17.5, Max: 17.5, Diff: 0.0, Sum: 35.1]
      [GC Worker End (ms): Min: 53647.7, Avg: 53647.7, Max: 53647.7, Diff: 0.0]
   [Code Root Fixup: 0.0 ms]
   [Code Root Migration: 0.0 ms]
   [Clear CT: 0.0 ms]
   [Other: 0.4 ms]
      [Choose CSet: 0.0 ms]
      [Ref Proc: 0.1 ms]
      [Ref Enq: 0.0 ms]
      [Free CSet: 0.1 ms]
   [Eden: 26.0M(26.0M)->0.0B(18.0M) Survivors: 9216.0K->5120.0K Heap: 202.5M(256.0M)->193.0M(256.0M)]
 [Times: user=0.03 sys=0.00, real=0.02 secs] 
2014-07-10T16:13:22.664+0200: 53.648: [GC concurrent-root-region-scan-start]
2014-07-10T16:13:22.664+0200: 53.649: [GC concurrent-root-region-scan-end, 0.0001881 secs]
2014-07-10T16:13:22.664+0200: 53.649: [GC concurrent-mark-start]
2014-07-10T16:13:22.668+0200: 53.653: [GC concurrent-mark-end, 0.0039889 secs]
2014-07-10T16:13:22.669+0200: 53.654: [GC remark 2014-07-10T16:13:22.670+0200: 53.654: [GC ref-proc, 0.0000689 secs], 0.0010683 secs]
 [Times: user=0.00 sys=0.00, real=0.00 secs] 
2014-07-10T16:13:22.672+0200: 53.656: [GC cleanup 197M->86M(256M), 0.0008583 secs]
 [Times: user=0.03 sys=0.00, real=0.00 secs] 
2014-07-10T16:13:22.673+0200: 53.657: [GC concurrent-cleanup-start]
2014-07-10T16:13:22.673+0200: 53.657: [GC concurrent-cleanup-end, 0.0001914 secs]
2014-07-10T16:13:22.696+0200: 53.680: [GC pause (young), 0.0136355 secs]
   [Parallel Time: 13.0 ms, GC Workers: 2]
      [GC Worker Start (ms): Min: 53680.2, Avg: 53680.2, Max: 53680.2, Diff: 0.0]
      [Ext Root Scanning (ms): Min: 1.0, Avg: 1.1, Max: 1.1, Diff: 0.0, Sum: 2.1]
      [Update RS (ms): Min: 0.4, Avg: 0.4, Max: 0.4, Diff: 0.0, Sum: 0.8]
         [Processed Buffers: Min: 2, Avg: 3.0, Max: 4, Diff: 2, Sum: 6]
      [Scan RS (ms): Min: 0.0, Avg: 0.0, Max: 0.1, Diff: 0.0, Sum: 0.1]
      [Code Root Scanning (ms): Min: 0.0, Avg: 0.0, Max: 0.0, Diff: 0.0, Sum: 0.0]
      [Object Copy (ms): Min: 11.4, Avg: 11.4, Max: 11.4, Diff: 0.0, Sum: 22.8]
      [Termination (ms): Min: 0.0, Avg: 0.0, Max: 0.0, Diff: 0.0, Sum: 0.0]
      [GC Worker Other (ms): Min: 0.0, Avg: 0.0, Max: 0.0, Diff: 0.0, Sum: 0.0]
      [GC Worker Total (ms): Min: 13.0, Avg: 13.0, Max: 13.0, Diff: 0.0, Sum: 25.9]
      [GC Worker End (ms): Min: 53693.2, Avg: 53693.2, Max: 53693.2, Diff: 0.0]
   [Code Root Fixup: 0.1 ms]
   [Code Root Migration: 0.0 ms]
   [Clear CT: 0.0 ms]
   [Other: 0.5 ms]
      [Choose CSet: 0.0 ms]
      [Ref Proc: 0.2 ms]
      [Ref Enq: 0.0 ms]
      [Free CSet: 0.1 ms]
   [Eden: 18.0M(18.0M)->0.0B(9216.0K) Survivors: 5120.0K->3072.0K Heap: 100.0M(256.0M)->96.5M(256.0M)]
 [Times: user=0.03 sys=0.00, real=0.01 secs] 
2014-07-10T16:13:22.724+0200: 53.708: [GC pause (mixed), 0.0083785 secs]
   [Parallel Time: 8.0 ms, GC Workers: 2]
      [GC Worker Start (ms): Min: 53708.2, Avg: 53708.2, Max: 53708.2, Diff: 0.0]
      [Ext Root Scanning (ms): Min: 1.0, Avg: 1.0, Max: 1.1, Diff: 0.0, Sum: 2.1]
      [Update RS (ms): Min: 0.3, Avg: 0.4, Max: 0.5, Diff: 0.2, Sum: 0.7]
         [Processed Buffers: Min: 1, Avg: 4.0, Max: 7, Diff: 6, Sum: 8]
      [Scan RS (ms): Min: 0.0, Avg: 0.1, Max: 0.1, Diff: 0.1, Sum: 0.1]
      [Code Root Scanning (ms): Min: 0.0, Avg: 0.0, Max: 0.0, Diff: 0.0, Sum: 0.0]
      [Object Copy (ms): Min: 6.3, Avg: 6.4, Max: 6.5, Diff: 0.2, Sum: 12.8]
      [Termination (ms): Min: 0.0, Avg: 0.0, Max: 0.0, Diff: 0.0, Sum: 0.0]
      [GC Worker Other (ms): Min: 0.0, Avg: 0.0, Max: 0.0, Diff: 0.0, Sum: 0.0]
      [GC Worker Total (ms): Min: 8.0, Avg: 8.0, Max: 8.0, Diff: 0.0, Sum: 15.9]
      [GC Worker End (ms): Min: 53716.1, Avg: 53716.1, Max: 53716.1, Diff: 0.0]
   [Code Root Fixup: 0.0 ms]
   [Code Root Migration: 0.0 ms]
   [Clear CT: 0.0 ms]
   [Other: 0.3 ms]
      [Choose CSet: 0.0 ms]
      [Ref Proc: 0.1 ms]
      [Ref Enq: 0.0 ms]
      [Free CSet: 0.1 ms]
   [Eden: 9216.0K(9216.0K)->0.0B(70.0M) Survivors: 3072.0K->2048.0K Heap: 105.5M(256.0M)->97.0M(256.0M)]
 [Times: user=0.00 sys=0.00, real=0.01 secs] 
2014-07-10T16:13:22.848+0200: 53.832: [GC pause (young), 0.0489269 secs]
   [Parallel Time: 48.4 ms, GC Workers: 2]
      [GC Worker Start (ms): Min: 53832.1, Avg: 53832.1, Max: 53832.1, Diff: 0.0]
      [Ext Root Scanning (ms): Min: 1.0, Avg: 1.1, Max: 1.1, Diff: 0.1, Sum: 2.1]
      [Update RS (ms): Min: 0.4, Avg: 0.4, Max: 0.4, Diff: 0.0, Sum: 0.8]
         [Processed Buffers: Min: 1, Avg: 2.5, Max: 4, Diff: 3, Sum: 5]
      [Scan RS (ms): Min: 0.1, Avg: 0.1, Max: 0.1, Diff: 0.1, Sum: 0.2]
      [Code Root Scanning (ms): Min: 0.0, Avg: 0.0, Max: 0.1, Diff: 0.0, Sum: 0.1]
      [Object Copy (ms): Min: 46.6, Avg: 46.7, Max: 46.8, Diff: 0.2, Sum: 93.4]
      [Termination (ms): Min: 0.0, Avg: 0.0, Max: 0.0, Diff: 0.0, Sum: 0.0]
      [GC Worker Other (ms): Min: 0.0, Avg: 0.1, Max: 0.2, Diff: 0.2, Sum: 0.2]
      [GC Worker Total (ms): Min: 48.4, Avg: 48.4, Max: 48.4, Diff: 0.0, Sum: 96.8]
      [GC Worker End (ms): Min: 53880.6, Avg: 53880.6, Max: 53880.6, Diff: 0.0]
   [Code Root Fixup: 0.0 ms]
   [Code Root Migration: 0.0 ms]
   [Clear CT: 0.1 ms]
   [Other: 0.4 ms]
      [Choose CSet: 0.0 ms]
      [Ref Proc: 0.0 ms]
      [Ref Enq: 0.0 ms]
      [Free CSet: 0.2 ms]
   [Eden: 70.0M(70.0M)->0.0B(25.0M) Survivors: 2048.0K->9216.0K Heap: 167.0M(256.0M)->178.5M(256.0M)]
 [Times: user=0.09 sys=0.00, real=0.05 secs] 
2014-07-10T16:13:22.937+0200: 53.921: [GC pause (young) (initial-mark), 0.0179738 secs]
   [Parallel Time: 17.4 ms, GC Workers: 2]
      [GC Worker Start (ms): Min: 53921.2, Avg: 53921.2, Max: 53921.2, Diff: 0.0]
      [Ext Root Scanning (ms): Min: 1.1, Avg: 1.2, Max: 1.3, Diff: 0.2, Sum: 2.4]
      [Code Root Marking (ms): Min: 0.0, Avg: 0.1, Max: 0.1, Diff: 0.1, Sum: 0.1]
      [Update RS (ms): Min: 1.1, Avg: 1.1, Max: 1.1, Diff: 0.0, Sum: 2.2]
         [Processed Buffers: Min: 4, Avg: 6.0, Max: 8, Diff: 4, Sum: 12]
      [Scan RS (ms): Min: 0.0, Avg: 0.0, Max: 0.1, Diff: 0.0, Sum: 0.1]
      [Code Root Scanning (ms): Min: 0.0, Avg: 0.0, Max: 0.0, Diff: 0.0, Sum: 0.0]
      [Object Copy (ms): Min: 14.9, Avg: 14.9, Max: 14.9, Diff: 0.0, Sum: 29.8]
      [Termination (ms): Min: 0.0, Avg: 0.0, Max: 0.0, Diff: 0.0, Sum: 0.0]
      [GC Worker Other (ms): Min: 0.0, Avg: 0.0, Max: 0.0, Diff: 0.0, Sum: 0.1]
      [GC Worker Total (ms): Min: 17.3, Avg: 17.4, Max: 17.4, Diff: 0.0, Sum: 34.7]
      [GC Worker End (ms): Min: 53938.6, Avg: 53938.6, Max: 53938.6, Diff: 0.0]
   [Code Root Fixup: 0.0 ms]
   [Code Root Migration: 0.0 ms]
   [Clear CT: 0.2 ms]
   [Other: 0.4 ms]
      [Choose CSet: 0.0 ms]
      [Ref Proc: 0.1 ms]
      [Ref Enq: 0.0 ms]
      [Free CSet: 0.1 ms]
   [Eden: 25.0M(25.0M)->0.0B(17.0M) Survivors: 9216.0K->5120.0K Heap: 203.5M(256.0M)->194.0M(256.0M)]
 [Times: user=0.05 sys=0.00, real=0.02 secs] 
2014-07-10T16:13:22.955+0200: 53.939: [GC concurrent-root-region-scan-start]
2014-07-10T16:13:22.955+0200: 53.940: [GC concurrent-root-region-scan-end, 0.0000873 secs]
2014-07-10T16:13:22.955+0200: 53.940: [GC concurrent-mark-start]
2014-07-10T16:13:22.961+0200: 53.945: [GC concurrent-mark-end, 0.0030569 secs]
2014-07-10T16:13:22.961+0200: 53.945: [GC remark 2014-07-10T16:13:22.961+0200: 53.946: [GC ref-proc, 0.0000675 secs], 0.0017275 secs]
 [Times: user=0.00 sys=0.00, real=0.00 secs] 
2014-07-10T16:13:22.963+0200: 53.947: [GC cleanup 199M->81M(256M), 0.0013998 secs]
 [Times: user=0.00 sys=0.00, real=0.00 secs] 
2014-07-10T16:13:22.965+0200: 53.949: [GC concurrent-cleanup-start]
2014-07-10T16:13:22.965+0200: 53.949: [GC concurrent-cleanup-end, 0.0002456 secs]
2014-07-10T16:13:22.985+0200: 53.969: [GC pause (young), 0.0122735 secs]
   [Parallel Time: 11.7 ms, GC Workers: 2]
      [GC Worker Start (ms): Min: 53969.3, Avg: 53969.3, Max: 53969.3, Diff: 0.0]
      [Ext Root Scanning (ms): Min: 1.1, Avg: 1.2, Max: 1.2, Diff: 0.1, Sum: 2.3]
      [Update RS (ms): Min: 0.3, Avg: 0.4, Max: 0.4, Diff: 0.1, Sum: 0.7]
         [Processed Buffers: Min: 1, Avg: 3.5, Max: 6, Diff: 5, Sum: 7]
      [Scan RS (ms): Min: 0.0, Avg: 0.0, Max: 0.0, Diff: 0.0, Sum: 0.1]
      [Code Root Scanning (ms): Min: 0.0, Avg: 0.0, Max: 0.0, Diff: 0.0, Sum: 0.0]
      [Object Copy (ms): Min: 10.1, Avg: 10.1, Max: 10.1, Diff: 0.0, Sum: 20.2]
      [Termination (ms): Min: 0.0, Avg: 0.0, Max: 0.0, Diff: 0.0, Sum: 0.0]
      [GC Worker Other (ms): Min: 0.0, Avg: 0.0, Max: 0.0, Diff: 0.0, Sum: 0.1]
      [GC Worker Total (ms): Min: 11.7, Avg: 11.7, Max: 11.7, Diff: 0.0, Sum: 23.4]
      [GC Worker End (ms): Min: 53981.0, Avg: 53981.0, Max: 53981.0, Diff: 0.0]
   [Code Root Fixup: 0.0 ms]
   [Code Root Migration: 0.0 ms]
   [Clear CT: 0.0 ms]
   [Other: 0.5 ms]
      [Choose CSet: 0.0 ms]
      [Ref Proc: 0.3 ms]
      [Ref Enq: 0.0 ms]
      [Free CSet: 0.1 ms]
   [Eden: 17.0M(17.0M)->0.0B(9216.0K) Survivors: 5120.0K->3072.0K Heap: 93.0M(256.0M)->89.0M(256.0M)]
 [Times: user=0.00 sys=0.00, real=0.01 secs] 
2014-07-10T16:13:23.012+0200: 53.996: [GC pause (mixed), 0.0093123 secs]
   [Parallel Time: 8.6 ms, GC Workers: 2]
      [GC Worker Start (ms): Min: 53996.5, Avg: 53996.5, Max: 53996.5, Diff: 0.0]
      [Ext Root Scanning (ms): Min: 1.0, Avg: 1.0, Max: 1.1, Diff: 0.1, Sum: 2.1]
      [Update RS (ms): Min: 0.3, Avg: 0.3, Max: 0.3, Diff: 0.0, Sum: 0.5]
         [Processed Buffers: Min: 1, Avg: 2.0, Max: 3, Diff: 2, Sum: 4]
      [Scan RS (ms): Min: 0.0, Avg: 0.1, Max: 0.1, Diff: 0.1, Sum: 0.1]
      [Code Root Scanning (ms): Min: 0.0, Avg: 0.0, Max: 0.0, Diff: 0.0, Sum: 0.0]
      [Object Copy (ms): Min: 7.1, Avg: 7.1, Max: 7.1, Diff: 0.0, Sum: 14.3]
      [Termination (ms): Min: 0.0, Avg: 0.0, Max: 0.0, Diff: 0.0, Sum: 0.0]
      [GC Worker Other (ms): Min: 0.0, Avg: 0.0, Max: 0.0, Diff: 0.0, Sum: 0.1]
      [GC Worker Total (ms): Min: 8.6, Avg: 8.6, Max: 8.6, Diff: 0.0, Sum: 17.1]
      [GC Worker End (ms): Min: 54005.0, Avg: 54005.0, Max: 54005.0, Diff: 0.0]
   [Code Root Fixup: 0.0 ms]
   [Code Root Migration: 0.0 ms]
   [Clear CT: 0.1 ms]
   [Other: 0.6 ms]
      [Choose CSet: 0.0 ms]
      [Ref Proc: 0.2 ms]
      [Ref Enq: 0.0 ms]
      [Free CSet: 0.2 ms]
   [Eden: 9216.0K(9216.0K)->0.0B(74.0M) Survivors: 3072.0K->2048.0K Heap: 98.0M(256.0M)->94.0M(256.0M)]
 [Times: user=0.03 sys=0.00, real=0.01 secs] 
2014-07-10T16:13:23.147+0200: 54.131: [GC pause (young), 0.0494090 secs]
   [Parallel Time: 48.9 ms, GC Workers: 2]
      [GC Worker Start (ms): Min: 54131.2, Avg: 54131.2, Max: 54131.2, Diff: 0.0]
      [Ext Root Scanning (ms): Min: 0.9, Avg: 1.0, Max: 1.0, Diff: 0.0, Sum: 1.9]
      [Update RS (ms): Min: 0.4, Avg: 0.4, Max: 0.4, Diff: 0.0, Sum: 0.8]
         [Processed Buffers: Min: 1, Avg: 2.5, Max: 4, Diff: 3, Sum: 5]
      [Scan RS (ms): Min: 0.1, Avg: 0.1, Max: 0.1, Diff: 0.0, Sum: 0.2]
      [Code Root Scanning (ms): Min: 0.0, Avg: 0.1, Max: 0.1, Diff: 0.0, Sum: 0.1]
      [Object Copy (ms): Min: 47.3, Avg: 47.3, Max: 47.3, Diff: 0.0, Sum: 94.5]
      [Termination (ms): Min: 0.0, Avg: 0.0, Max: 0.0, Diff: 0.0, Sum: 0.0]
      [GC Worker Other (ms): Min: 0.0, Avg: 0.0, Max: 0.0, Diff: 0.0, Sum: 0.1]
      [GC Worker Total (ms): Min: 48.8, Avg: 48.8, Max: 48.8, Diff: 0.0, Sum: 97.6]
      [GC Worker End (ms): Min: 54180.0, Avg: 54180.0, Max: 54180.0, Diff: 0.0]
   [Code Root Fixup: 0.0 ms]
   [Code Root Migration: 0.0 ms]
   [Clear CT: 0.1 ms]
   [Other: 0.4 ms]
      [Choose CSet: 0.0 ms]
      [Ref Proc: 0.1 ms]
      [Ref Enq: 0.0 ms]
      [Free CSet: 0.2 ms]
   [Eden: 74.0M(74.0M)->0.0B(27.0M) Survivors: 2048.0K->10.0M Heap: 168.0M(256.0M)->174.0M(256.0M)]
 [Times: user=0.09 sys=0.00, real=0.05 secs] 
2014-07-10T16:13:23.241+0200: 54.225: [GC pause (young) (initial-mark), 0.0189824 secs]
   [Parallel Time: 18.5 ms, GC Workers: 2]
      [GC Worker Start (ms): Min: 54225.4, Avg: 54225.4, Max: 54225.4, Diff: 0.0]
      [Ext Root Scanning (ms): Min: 1.1, Avg: 1.1, Max: 1.2, Diff: 0.0, Sum: 2.3]
      [Code Root Marking (ms): Min: 0.0, Avg: 0.0, Max: 0.1, Diff: 0.1, Sum: 0.1]
      [Update RS (ms): Min: 1.0, Avg: 1.0, Max: 1.1, Diff: 0.1, Sum: 2.0]
         [Processed Buffers: Min: 5, Avg: 6.0, Max: 7, Diff: 2, Sum: 12]
      [Scan RS (ms): Min: 0.0, Avg: 0.1, Max: 0.1, Diff: 0.0, Sum: 0.1]
      [Code Root Scanning (ms): Min: 0.0, Avg: 0.0, Max: 0.0, Diff: 0.0, Sum: 0.0]
      [Object Copy (ms): Min: 16.1, Avg: 16.1, Max: 16.2, Diff: 0.1, Sum: 32.2]
      [Termination (ms): Min: 0.0, Avg: 0.0, Max: 0.0, Diff: 0.0, Sum: 0.0]
      [GC Worker Other (ms): Min: 0.0, Avg: 0.0, Max: 0.0, Diff: 0.0, Sum: 0.1]
      [GC Worker Total (ms): Min: 18.4, Avg: 18.4, Max: 18.4, Diff: 0.0, Sum: 36.9]
      [GC Worker End (ms): Min: 54243.8, Avg: 54243.8, Max: 54243.8, Diff: 0.0]
   [Code Root Fixup: 0.0 ms]
   [Code Root Migration: 0.0 ms]
   [Clear CT: 0.1 ms]
   [Other: 0.4 ms]
      [Choose CSet: 0.0 ms]
      [Ref Proc: 0.1 ms]
      [Ref Enq: 0.0 ms]
      [Free CSet: 0.1 ms]
   [Eden: 27.0M(27.0M)->0.0B(19.0M) Survivors: 10.0M->5120.0K Heap: 201.0M(256.0M)->191.5M(256.0M)]
 [Times: user=0.03 sys=0.00, real=0.02 secs] 
2014-07-10T16:13:23.260+0200: 54.245: [GC concurrent-root-region-scan-start]
2014-07-10T16:13:23.262+0200: 54.246: [GC concurrent-root-region-scan-end, 0.0014207 secs]
2014-07-10T16:13:23.262+0200: 54.246: [GC concurrent-mark-start]
2014-07-10T16:13:23.265+0200: 54.250: [GC concurrent-mark-end, 0.0035489 secs]
2014-07-10T16:13:23.265+0200: 54.250: [GC remark 2014-07-10T16:13:23.266+0200: 54.250: [GC ref-proc, 0.0000752 secs], 0.0024172 secs]
 [Times: user=0.00 sys=0.00, real=0.00 secs] 
2014-07-10T16:13:23.268+0200: 54.253: [GC cleanup 195M->86M(256M), 0.0011321 secs]
 [Times: user=0.00 sys=0.00, real=0.00 secs] 
2014-07-10T16:13:23.270+0200: 54.254: [GC concurrent-cleanup-start]
2014-07-10T16:13:23.270+0200: 54.254: [GC concurrent-cleanup-end, 0.0002273 secs]
2014-07-10T16:13:23.294+0200: 54.279: [GC pause (young), 0.0151607 secs]
   [Parallel Time: 13.4 ms, GC Workers: 2]
      [GC Worker Start (ms): Min: 54278.9, Avg: 54278.9, Max: 54279.0, Diff: 0.0]
      [Ext Root Scanning (ms): Min: 1.0, Avg: 1.0, Max: 1.0, Diff: 0.0, Sum: 2.0]
      [Update RS (ms): Min: 0.4, Avg: 0.4, Max: 0.4, Diff: 0.0, Sum: 0.8]
         [Processed Buffers: Min: 2, Avg: 3.5, Max: 5, Diff: 3, Sum: 7]
      [Scan RS (ms): Min: 0.0, Avg: 0.0, Max: 0.0, Diff: 0.0, Sum: 0.1]
      [Code Root Scanning (ms): Min: 0.0, Avg: 0.0, Max: 0.0, Diff: 0.0, Sum: 0.0]
      [Object Copy (ms): Min: 11.8, Avg: 11.8, Max: 11.8, Diff: 0.0, Sum: 23.7]
      [Termination (ms): Min: 0.0, Avg: 0.0, Max: 0.0, Diff: 0.0, Sum: 0.0]
      [GC Worker Other (ms): Min: 0.0, Avg: 0.0, Max: 0.0, Diff: 0.0, Sum: 0.1]
      [GC Worker Total (ms): Min: 13.3, Avg: 13.4, Max: 13.4, Diff: 0.0, Sum: 26.7]
      [GC Worker End (ms): Min: 54292.3, Avg: 54292.3, Max: 54292.3, Diff: 0.0]
   [Code Root Fixup: 0.0 ms]
   [Code Root Migration: 0.0 ms]
   [Clear CT: 0.6 ms]
   [Other: 1.1 ms]
      [Choose CSet: 0.0 ms]
      [Ref Proc: 0.9 ms]
      [Ref Enq: 0.0 ms]
      [Free CSet: 0.1 ms]
   [Eden: 19.0M(19.0M)->0.0B(9216.0K) Survivors: 5120.0K->3072.0K Heap: 101.5M(256.0M)->98.5M(256.0M)]
 [Times: user=0.03 sys=0.00, real=0.02 secs] 
2014-07-10T16:13:23.330+0200: 54.314: [GC pause (mixed), 0.0081417 secs]
   [Parallel Time: 7.8 ms, GC Workers: 2]
      [GC Worker Start (ms): Min: 54314.1, Avg: 54314.1, Max: 54314.1, Diff: 0.0]
      [Ext Root Scanning (ms): Min: 0.9, Avg: 0.9, Max: 1.0, Diff: 0.0, Sum: 1.9]
      [Update RS (ms): Min: 0.3, Avg: 0.3, Max: 0.3, Diff: 0.0, Sum: 0.6]
         [Processed Buffers: Min: 1, Avg: 3.0, Max: 5, Diff: 4, Sum: 6]
      [Scan RS (ms): Min: 0.1, Avg: 0.1, Max: 0.1, Diff: 0.0, Sum: 0.1]
      [Code Root Scanning (ms): Min: 0.0, Avg: 0.0, Max: 0.0, Diff: 0.0, Sum: 0.0]
      [Object Copy (ms): Min: 6.4, Avg: 6.4, Max: 6.4, Diff: 0.0, Sum: 12.8]
      [Termination (ms): Min: 0.0, Avg: 0.0, Max: 0.0, Diff: 0.0, Sum: 0.0]
      [GC Worker Other (ms): Min: 0.0, Avg: 0.0, Max: 0.0, Diff: 0.0, Sum: 0.0]
      [GC Worker Total (ms): Min: 7.8, Avg: 7.8, Max: 7.8, Diff: 0.0, Sum: 15.5]
      [GC Worker End (ms): Min: 54321.8, Avg: 54321.8, Max: 54321.8, Diff: 0.0]
   [Code Root Fixup: 0.0 ms]
   [Code Root Migration: 0.0 ms]
   [Clear CT: 0.0 ms]
   [Other: 0.3 ms]
      [Choose CSet: 0.0 ms]
      [Ref Proc: 0.0 ms]
      [Ref Enq: 0.0 ms]
      [Free CSet: 0.1 ms]
   [Eden: 9216.0K(9216.0K)->0.0B(69.0M) Survivors: 3072.0K->2048.0K Heap: 107.5M(256.0M)->98.0M(256.0M)]
 [Times: user=0.00 sys=0.00, real=0.01 secs] 
2014-07-10T16:13:23.452+0200: 54.436: [GC pause (young), 0.0460375 secs]
   [Parallel Time: 45.6 ms, GC Workers: 2]
      [GC Worker Start (ms): Min: 54436.1, Avg: 54436.1, Max: 54436.1, Diff: 0.0]
      [Ext Root Scanning (ms): Min: 1.1, Avg: 1.1, Max: 1.2, Diff: 0.0, Sum: 2.3]
      [Update RS (ms): Min: 0.3, Avg: 0.4, Max: 0.4, Diff: 0.1, Sum: 0.8]
         [Processed Buffers: Min: 1, Avg: 3.0, Max: 5, Diff: 4, Sum: 6]
      [Scan RS (ms): Min: 0.0, Avg: 0.1, Max: 0.2, Diff: 0.1, Sum: 0.2]
      [Code Root Scanning (ms): Min: 0.0, Avg: 0.0, Max: 0.1, Diff: 0.1, Sum: 0.1]
      [Object Copy (ms): Min: 43.8, Avg: 43.8, Max: 43.9, Diff: 0.0, Sum: 87.7]
      [Termination (ms): Min: 0.0, Avg: 0.0, Max: 0.0, Diff: 0.0, Sum: 0.0]
      [GC Worker Other (ms): Min: 0.0, Avg: 0.0, Max: 0.0, Diff: 0.0, Sum: 0.1]
      [GC Worker Total (ms): Min: 45.5, Avg: 45.5, Max: 45.5, Diff: 0.0, Sum: 91.1]
      [GC Worker End (ms): Min: 54481.6, Avg: 54481.6, Max: 54481.6, Diff: 0.0]
   [Code Root Fixup: 0.0 ms]
   [Code Root Migration: 0.0 ms]
   [Clear CT: 0.1 ms]
   [Other: 0.4 ms]
      [Choose CSet: 0.0 ms]
      [Ref Proc: 0.0 ms]
      [Ref Enq: 0.0 ms]
      [Free CSet: 0.1 ms]
   [Eden: 69.0M(69.0M)->0.0B(26.0M) Survivors: 2048.0K->9216.0K Heap: 167.0M(256.0M)->177.0M(256.0M)]
 [Times: user=0.09 sys=0.00, real=0.05 secs] 
2014-07-10T16:13:23.546+0200: 54.530: [GC pause (young) (initial-mark), 0.0199426 secs]
   [Parallel Time: 18.7 ms, GC Workers: 2]
      [GC Worker Start (ms): Min: 54530.3, Avg: 54530.4, Max: 54530.4, Diff: 0.1]
      [Ext Root Scanning (ms): Min: 1.2, Avg: 1.2, Max: 1.2, Diff: 0.0, Sum: 2.4]
      [Code Root Marking (ms): Min: 0.0, Avg: 0.0, Max: 0.1, Diff: 0.1, Sum: 0.1]
      [Update RS (ms): Min: 0.9, Avg: 0.9, Max: 1.0, Diff: 0.1, Sum: 1.8]
         [Processed Buffers: Min: 4, Avg: 4.5, Max: 5, Diff: 1, Sum: 9]
      [Scan RS (ms): Min: 0.0, Avg: 0.0, Max: 0.1, Diff: 0.0, Sum: 0.1]
      [Code Root Scanning (ms): Min: 0.0, Avg: 0.0, Max: 0.0, Diff: 0.0, Sum: 0.0]
      [Object Copy (ms): Min: 16.3, Avg: 16.3, Max: 16.3, Diff: 0.0, Sum: 32.6]
      [Termination (ms): Min: 0.0, Avg: 0.0, Max: 0.0, Diff: 0.0, Sum: 0.0]
      [GC Worker Other (ms): Min: 0.0, Avg: 0.0, Max: 0.0, Diff: 0.0, Sum: 0.1]
      [GC Worker Total (ms): Min: 18.5, Avg: 18.6, Max: 18.6, Diff: 0.1, Sum: 37.2]
      [GC Worker End (ms): Min: 54548.9, Avg: 54548.9, Max: 54548.9, Diff: 0.0]
   [Code Root Fixup: 0.0 ms]
   [Code Root Migration: 0.0 ms]
   [Clear CT: 0.3 ms]
   [Other: 0.9 ms]
      [Choose CSet: 0.0 ms]
      [Ref Proc: 0.2 ms]
      [Ref Enq: 0.0 ms]
      [Free CSet: 0.3 ms]
   [Eden: 26.0M(26.0M)->0.0B(16.0M) Survivors: 9216.0K->5120.0K Heap: 203.0M(256.0M)->196.0M(256.0M)]
 [Times: user=0.01 sys=0.00, real=0.02 secs] 
2014-07-10T16:13:23.566+0200: 54.551: [GC concurrent-root-region-scan-start]
2014-07-10T16:13:23.569+0200: 54.554: [GC concurrent-root-region-scan-end, 0.0027050 secs]
2014-07-10T16:13:23.569+0200: 54.554: [GC concurrent-mark-start]
2014-07-10T16:13:23.573+0200: 54.557: [GC concurrent-mark-end, 0.0036644 secs]
2014-07-10T16:13:23.575+0200: 54.559: [GC remark 2014-07-10T16:13:23.575+0200: 54.560: [GC ref-proc, 0.0002115 secs], 0.0012586 secs]
 [Times: user=0.00 sys=0.00, real=0.00 secs] 
2014-07-10T16:13:23.577+0200: 54.561: [GC cleanup 199M->86M(256M), 0.0011424 secs]
 [Times: user=0.00 sys=0.00, real=0.00 secs] 
2014-07-10T16:13:23.578+0200: 54.563: [GC concurrent-cleanup-start]
2014-07-10T16:13:23.579+0200: 54.563: [GC concurrent-cleanup-end, 0.0002863 secs]
2014-07-10T16:13:23.601+0200: 54.585: [GC pause (young), 0.0112704 secs]
   [Parallel Time: 10.9 ms, GC Workers: 2]
      [GC Worker Start (ms): Min: 54585.1, Avg: 54585.1, Max: 54585.1, Diff: 0.0]
      [Ext Root Scanning (ms): Min: 1.0, Avg: 1.0, Max: 1.1, Diff: 0.1, Sum: 2.1]
      [Update RS (ms): Min: 0.4, Avg: 0.4, Max: 0.5, Diff: 0.1, Sum: 0.9]
         [Processed Buffers: Min: 2, Avg: 3.5, Max: 5, Diff: 3, Sum: 7]
      [Scan RS (ms): Min: 0.0, Avg: 0.0, Max: 0.0, Diff: 0.0, Sum: 0.1]
      [Code Root Scanning (ms): Min: 0.0, Avg: 0.0, Max: 0.0, Diff: 0.0, Sum: 0.0]
      [Object Copy (ms): Min: 9.2, Avg: 9.3, Max: 9.3, Diff: 0.0, Sum: 18.5]
      [Termination (ms): Min: 0.0, Avg: 0.0, Max: 0.0, Diff: 0.0, Sum: 0.0]
      [GC Worker Other (ms): Min: 0.0, Avg: 0.0, Max: 0.0, Diff: 0.0, Sum: 0.1]
      [GC Worker Total (ms): Min: 10.8, Avg: 10.8, Max: 10.8, Diff: 0.0, Sum: 21.6]
      [GC Worker End (ms): Min: 54595.9, Avg: 54595.9, Max: 54595.9, Diff: 0.0]
   [Code Root Fixup: 0.0 ms]
   [Code Root Migration: 0.0 ms]
   [Clear CT: 0.1 ms]
   [Other: 0.3 ms]
      [Choose CSet: 0.0 ms]
      [Ref Proc: 0.1 ms]
      [Ref Enq: 0.0 ms]
      [Free CSet: 0.1 ms]
   [Eden: 16.0M(16.0M)->0.0B(9216.0K) Survivors: 5120.0K->3072.0K Heap: 99.0M(256.0M)->94.5M(256.0M)]
 [Times: user=0.03 sys=0.00, real=0.01 secs] 
2014-07-10T16:13:23.626+0200: 54.610: [GC pause (mixed), 0.0093482 secs]
   [Parallel Time: 8.9 ms, GC Workers: 2]
      [GC Worker Start (ms): Min: 54610.6, Avg: 54611.3, Max: 54612.1, Diff: 1.5]
      [Ext Root Scanning (ms): Min: 0.3, Avg: 0.9, Max: 1.5, Diff: 1.2, Sum: 1.8]
      [Update RS (ms): Min: 0.2, Avg: 0.3, Max: 0.3, Diff: 0.1, Sum: 0.5]
         [Processed Buffers: Min: 1, Avg: 2.5, Max: 4, Diff: 3, Sum: 5]
      [Scan RS (ms): Min: 0.0, Avg: 0.1, Max: 0.1, Diff: 0.1, Sum: 0.1]
      [Code Root Scanning (ms): Min: 0.0, Avg: 0.0, Max: 0.0, Diff: 0.0, Sum: 0.0]
      [Object Copy (ms): Min: 6.8, Avg: 6.8, Max: 6.9, Diff: 0.1, Sum: 13.7]
      [Termination (ms): Min: 0.0, Avg: 0.0, Max: 0.0, Diff: 0.0, Sum: 0.0]
      [GC Worker Other (ms): Min: 0.0, Avg: 0.0, Max: 0.0, Diff: 0.0, Sum: 0.1]
      [GC Worker Total (ms): Min: 7.3, Avg: 8.1, Max: 8.8, Diff: 1.5, Sum: 16.2]
      [GC Worker End (ms): Min: 54619.4, Avg: 54619.4, Max: 54619.4, Diff: 0.0]
   [Code Root Fixup: 0.0 ms]
   [Code Root Migration: 0.0 ms]
   [Clear CT: 0.0 ms]
   [Other: 0.4 ms]
      [Choose CSet: 0.0 ms]
      [Ref Proc: 0.1 ms]
      [Ref Enq: 0.0 ms]
      [Free CSet: 0.1 ms]
   [Eden: 9216.0K(9216.0K)->0.0B(70.0M) Survivors: 3072.0K->2048.0K Heap: 103.5M(256.0M)->96.5M(256.0M)]
 [Times: user=0.00 sys=0.00, real=0.01 secs] 
2014-07-10T16:13:23.751+0200: 54.735: [GC pause (young), 0.0477578 secs]
   [Parallel Time: 47.0 ms, GC Workers: 2]
      [GC Worker Start (ms): Min: 54735.2, Avg: 54735.9, Max: 54736.6, Diff: 1.4]
      [Ext Root Scanning (ms): Min: 0.3, Avg: 0.9, Max: 1.5, Diff: 1.2, Sum: 1.8]
      [Update RS (ms): Min: 0.4, Avg: 0.4, Max: 0.4, Diff: 0.0, Sum: 0.8]
         [Processed Buffers: Min: 1, Avg: 2.5, Max: 4, Diff: 3, Sum: 5]
      [Scan RS (ms): Min: 0.0, Avg: 0.1, Max: 0.1, Diff: 0.1, Sum: 0.2]
      [Code Root Scanning (ms): Min: 0.0, Avg: 0.0, Max: 0.1, Diff: 0.0, Sum: 0.1]
      [Object Copy (ms): Min: 44.7, Avg: 44.8, Max: 44.8, Diff: 0.1, Sum: 89.5]
      [Termination (ms): Min: 0.0, Avg: 0.0, Max: 0.0, Diff: 0.0, Sum: 0.0]
      [GC Worker Other (ms): Min: 0.0, Avg: 0.0, Max: 0.0, Diff: 0.0, Sum: 0.1]
      [GC Worker Total (ms): Min: 45.5, Avg: 46.2, Max: 46.9, Diff: 1.4, Sum: 92.5]
      [GC Worker End (ms): Min: 54782.1, Avg: 54782.1, Max: 54782.1, Diff: 0.0]
   [Code Root Fixup: 0.0 ms]
   [Code Root Migration: 0.0 ms]
   [Clear CT: 0.1 ms]
   [Other: 0.7 ms]
      [Choose CSet: 0.0 ms]
      [Ref Proc: 0.0 ms]
      [Ref Enq: 0.0 ms]
      [Free CSet: 0.1 ms]
   [Eden: 70.0M(70.0M)->0.0B(28.0M) Survivors: 2048.0K->9216.0K Heap: 166.5M(256.0M)->173.0M(256.0M)]
 [Times: user=0.09 sys=0.00, real=0.05 secs] 
2014-07-10T16:13:23.849+0200: 54.833: [GC pause (young) (initial-mark), 0.0212012 secs]
   [Parallel Time: 20.6 ms, GC Workers: 2]
      [GC Worker Start (ms): Min: 54833.2, Avg: 54833.2, Max: 54833.2, Diff: 0.0]
      [Ext Root Scanning (ms): Min: 0.9, Avg: 0.9, Max: 0.9, Diff: 0.0, Sum: 1.8]
      [Code Root Marking (ms): Min: 0.0, Avg: 0.0, Max: 0.1, Diff: 0.0, Sum: 0.1]
      [Update RS (ms): Min: 1.9, Avg: 2.0, Max: 2.1, Diff: 0.2, Sum: 4.0]
         [Processed Buffers: Min: 2, Avg: 4.5, Max: 7, Diff: 5, Sum: 9]
      [Scan RS (ms): Min: 0.0, Avg: 0.0, Max: 0.1, Diff: 0.1, Sum: 0.1]
      [Code Root Scanning (ms): Min: 0.0, Avg: 0.0, Max: 0.0, Diff: 0.0, Sum: 0.0]
      [Object Copy (ms): Min: 17.5, Avg: 17.5, Max: 17.5, Diff: 0.0, Sum: 34.9]
      [Termination (ms): Min: 0.0, Avg: 0.0, Max: 0.0, Diff: 0.0, Sum: 0.0]
      [GC Worker Other (ms): Min: 0.0, Avg: 0.0, Max: 0.0, Diff: 0.0, Sum: 0.1]
      [GC Worker Total (ms): Min: 20.5, Avg: 20.5, Max: 20.5, Diff: 0.0, Sum: 41.0]
      [GC Worker End (ms): Min: 54853.7, Avg: 54853.7, Max: 54853.7, Diff: 0.0]
   [Code Root Fixup: 0.0 ms]
   [Code Root Migration: 0.0 ms]
   [Clear CT: 0.1 ms]
   [Other: 0.5 ms]
      [Choose CSet: 0.0 ms]
      [Ref Proc: 0.1 ms]
      [Ref Enq: 0.0 ms]
      [Free CSet: 0.2 ms]
   [Eden: 28.0M(28.0M)->0.0B(18.0M) Survivors: 9216.0K->5120.0K Heap: 201.0M(256.0M)->193.0M(256.0M)]
 [Times: user=0.03 sys=0.00, real=0.02 secs] 
2014-07-10T16:13:23.870+0200: 54.855: [GC concurrent-root-region-scan-start]
2014-07-10T16:13:23.870+0200: 54.855: [GC concurrent-root-region-scan-end, 0.0000858 secs]
2014-07-10T16:13:23.870+0200: 54.855: [GC concurrent-mark-start]
2014-07-10T16:13:23.874+0200: 54.859: [GC concurrent-mark-end, 0.0037990 secs]
2014-07-10T16:13:23.875+0200: 54.859: [GC remark 2014-07-10T16:13:23.875+0200: 54.859: [GC ref-proc, 0.0000671 secs], 0.0010196 secs]
 [Times: user=0.00 sys=0.00, real=0.00 secs] 
2014-07-10T16:13:23.876+0200: 54.860: [GC cleanup 194M->83M(256M), 0.0007769 secs]
 [Times: user=0.00 sys=0.00, real=0.00 secs] 
2014-07-10T16:13:23.877+0200: 54.861: [GC concurrent-cleanup-start]
2014-07-10T16:13:23.877+0200: 54.862: [GC concurrent-cleanup-end, 0.0002295 secs]
2014-07-10T16:13:23.902+0200: 54.886: [GC pause (young), 0.0129060 secs]
   [Parallel Time: 12.3 ms, GC Workers: 2]
      [GC Worker Start (ms): Min: 54886.2, Avg: 54886.2, Max: 54886.2, Diff: 0.0]
      [Ext Root Scanning (ms): Min: 0.9, Avg: 0.9, Max: 0.9, Diff: 0.0, Sum: 1.8]
      [Update RS (ms): Min: 0.5, Avg: 0.5, Max: 0.5, Diff: 0.0, Sum: 1.0]
         [Processed Buffers: Min: 2, Avg: 4.0, Max: 6, Diff: 4, Sum: 8]
      [Scan RS (ms): Min: 0.0, Avg: 0.0, Max: 0.0, Diff: 0.0, Sum: 0.1]
      [Code Root Scanning (ms): Min: 0.0, Avg: 0.0, Max: 0.0, Diff: 0.0, Sum: 0.0]
      [Object Copy (ms): Min: 10.8, Avg: 10.8, Max: 10.8, Diff: 0.0, Sum: 21.6]
      [Termination (ms): Min: 0.0, Avg: 0.0, Max: 0.0, Diff: 0.0, Sum: 0.0]
      [GC Worker Other (ms): Min: 0.0, Avg: 0.0, Max: 0.0, Diff: 0.0, Sum: 0.0]
      [GC Worker Total (ms): Min: 12.3, Avg: 12.3, Max: 12.3, Diff: 0.0, Sum: 24.6]
      [GC Worker End (ms): Min: 54898.5, Avg: 54898.5, Max: 54898.5, Diff: 0.0]
   [Code Root Fixup: 0.0 ms]
   [Code Root Migration: 0.0 ms]
   [Clear CT: 0.1 ms]
   [Other: 0.5 ms]
      [Choose CSet: 0.0 ms]
      [Ref Proc: 0.3 ms]
      [Ref Enq: 0.0 ms]
      [Free CSet: 0.1 ms]
   [Eden: 18.0M(18.0M)->0.0B(9216.0K) Survivors: 5120.0K->3072.0K Heap: 100.0M(256.0M)->95.5M(256.0M)]
 [Times: user=0.03 sys=0.00, real=0.01 secs] 
2014-07-10T16:13:23.929+0200: 54.913: [GC pause (mixed), 0.0079858 secs]
   [Parallel Time: 7.6 ms, GC Workers: 2]
      [GC Worker Start (ms): Min: 54913.2, Avg: 54913.2, Max: 54913.2, Diff: 0.0]
      [Ext Root Scanning (ms): Min: 1.1, Avg: 1.1, Max: 1.1, Diff: 0.0, Sum: 2.2]
      [Update RS (ms): Min: 0.3, Avg: 0.3, Max: 0.3, Diff: 0.0, Sum: 0.6]
         [Processed Buffers: Min: 1, Avg: 2.5, Max: 4, Diff: 3, Sum: 5]
      [Scan RS (ms): Min: 0.1, Avg: 0.1, Max: 0.1, Diff: 0.0, Sum: 0.2]
      [Code Root Scanning (ms): Min: 0.0, Avg: 0.0, Max: 0.0, Diff: 0.0, Sum: 0.0]
      [Object Copy (ms): Min: 6.0, Avg: 6.0, Max: 6.1, Diff: 0.0, Sum: 12.1]
      [Termination (ms): Min: 0.0, Avg: 0.0, Max: 0.0, Diff: 0.0, Sum: 0.0]
      [GC Worker Other (ms): Min: 0.0, Avg: 0.0, Max: 0.0, Diff: 0.0, Sum: 0.1]
      [GC Worker Total (ms): Min: 7.6, Avg: 7.6, Max: 7.6, Diff: 0.0, Sum: 15.2]
      [GC Worker End (ms): Min: 54920.8, Avg: 54920.8, Max: 54920.8, Diff: 0.0]
   [Code Root Fixup: 0.0 ms]
   [Code Root Migration: 0.0 ms]
   [Clear CT: 0.0 ms]
   [Other: 0.3 ms]
      [Choose CSet: 0.0 ms]
      [Ref Proc: 0.1 ms]
      [Ref Enq: 0.0 ms]
      [Free CSet: 0.1 ms]
   [Eden: 9216.0K(9216.0K)->0.0B(71.0M) Survivors: 3072.0K->2048.0K Heap: 104.5M(256.0M)->97.0M(256.0M)]
 [Times: user=0.03 sys=0.00, real=0.01 secs] 
2014-07-10T16:13:24.055+0200: 55.039: [GC pause (young), 0.0499883 secs]
   [Parallel Time: 49.5 ms, GC Workers: 2]
      [GC Worker Start (ms): Min: 55039.2, Avg: 55039.2, Max: 55039.2, Diff: 0.0]
      [Ext Root Scanning (ms): Min: 1.1, Avg: 1.1, Max: 1.1, Diff: 0.0, Sum: 2.2]
      [Update RS (ms): Min: 0.4, Avg: 0.4, Max: 0.5, Diff: 0.1, Sum: 0.9]
         [Processed Buffers: Min: 1, Avg: 3.0, Max: 5, Diff: 4, Sum: 6]
      [Scan RS (ms): Min: 0.1, Avg: 0.1, Max: 0.1, Diff: 0.1, Sum: 0.2]
      [Code Root Scanning (ms): Min: 0.1, Avg: 0.1, Max: 0.2, Diff: 0.1, Sum: 0.3]
      [Object Copy (ms): Min: 47.6, Avg: 47.6, Max: 47.6, Diff: 0.0, Sum: 95.3]
      [Termination (ms): Min: 0.0, Avg: 0.0, Max: 0.0, Diff: 0.0, Sum: 0.0]
      [GC Worker Other (ms): Min: 0.0, Avg: 0.0, Max: 0.0, Diff: 0.0, Sum: 0.1]
      [GC Worker Total (ms): Min: 49.5, Avg: 49.5, Max: 49.5, Diff: 0.0, Sum: 98.9]
      [GC Worker End (ms): Min: 55088.6, Avg: 55088.6, Max: 55088.6, Diff: 0.0]
   [Code Root Fixup: 0.0 ms]
   [Code Root Migration: 0.0 ms]
   [Clear CT: 0.1 ms]
   [Other: 0.4 ms]
      [Choose CSet: 0.0 ms]
      [Ref Proc: 0.0 ms]
      [Ref Enq: 0.0 ms]
      [Free CSet: 0.2 ms]
   [Eden: 71.0M(71.0M)->0.0B(26.0M) Survivors: 2048.0K->10.0M Heap: 168.0M(256.0M)->176.0M(256.0M)]
 [Times: user=0.08 sys=0.00, real=0.05 secs] 
2014-07-10T16:13:24.147+0200: 55.131: [GC pause (young) (initial-mark), 0.0192926 secs]
   [Parallel Time: 18.9 ms, GC Workers: 2]
      [GC Worker Start (ms): Min: 55131.2, Avg: 55132.7, Max: 55134.2, Diff: 3.0]
      [Ext Root Scanning (ms): Min: 0.0, Avg: 0.9, Max: 1.8, Diff: 1.8, Sum: 1.9]
      [Code Root Marking (ms): Min: 0.0, Avg: 0.1, Max: 0.1, Diff: 0.1, Sum: 0.1]
      [Update RS (ms): Min: 0.6, Avg: 0.9, Max: 1.3, Diff: 0.7, Sum: 1.8]
         [Processed Buffers: Min: 3, Avg: 5.0, Max: 7, Diff: 4, Sum: 10]
      [Scan RS (ms): Min: 0.0, Avg: 0.0, Max: 0.0, Diff: 0.0, Sum: 0.1]
      [Code Root Scanning (ms): Min: 0.0, Avg: 0.0, Max: 0.0, Diff: 0.0, Sum: 0.0]
      [Object Copy (ms): Min: 15.2, Avg: 15.3, Max: 15.5, Diff: 0.3, Sum: 30.7]
      [Termination (ms): Min: 0.0, Avg: 0.0, Max: 0.0, Diff: 0.0, Sum: 0.0]
      [GC Worker Other (ms): Min: 0.0, Avg: 0.0, Max: 0.0, Diff: 0.0, Sum: 0.1]
      [GC Worker Total (ms): Min: 15.8, Avg: 17.3, Max: 18.8, Diff: 3.0, Sum: 34.7]
      [GC Worker End (ms): Min: 55150.0, Avg: 55150.0, Max: 55150.0, Diff: 0.0]
   [Code Root Fixup: 0.0 ms]
   [Code Root Migration: 0.0 ms]
   [Clear CT: 0.0 ms]
   [Other: 0.3 ms]
      [Choose CSet: 0.0 ms]
      [Ref Proc: 0.1 ms]
      [Ref Enq: 0.0 ms]
      [Free CSet: 0.1 ms]
   [Eden: 26.0M(26.0M)->0.0B(18.0M) Survivors: 10.0M->5120.0K Heap: 202.0M(256.0M)->192.0M(256.0M)]
 [Times: user=0.03 sys=0.00, real=0.02 secs] 
2014-07-10T16:13:24.166+0200: 55.151: [GC concurrent-root-region-scan-start]
2014-07-10T16:13:24.167+0200: 55.151: [GC concurrent-root-region-scan-end, 0.0005859 secs]
2014-07-10T16:13:24.167+0200: 55.151: [GC concurrent-mark-start]
2014-07-10T16:13:24.172+0200: 55.156: [GC concurrent-mark-end, 0.0046144 secs]
2014-07-10T16:13:24.172+0200: 55.156: [GC remark 2014-07-10T16:13:24.172+0200: 55.156: [GC ref-proc, 0.0000671 secs], 0.0009514 secs]
 [Times: user=0.00 sys=0.00, real=0.00 secs] 
2014-07-10T16:13:24.173+0200: 55.158: [GC cleanup 195M->80M(256M), 0.0008055 secs]
 [Times: user=0.00 sys=0.00, real=0.00 secs] 
2014-07-10T16:13:24.174+0200: 55.159: [GC concurrent-cleanup-start]
2014-07-10T16:13:24.174+0200: 55.159: [GC concurrent-cleanup-end, 0.0002412 secs]
2014-07-10T16:13:24.197+0200: 55.181: [GC pause (young), 0.0139842 secs]
   [Parallel Time: 13.5 ms, GC Workers: 2]
      [GC Worker Start (ms): Min: 55181.2, Avg: 55181.2, Max: 55181.2, Diff: 0.0]
      [Ext Root Scanning (ms): Min: 1.0, Avg: 1.1, Max: 1.1, Diff: 0.0, Sum: 2.1]
      [Update RS (ms): Min: 0.4, Avg: 0.5, Max: 0.5, Diff: 0.0, Sum: 0.9]
         [Processed Buffers: Min: 2, Avg: 3.5, Max: 5, Diff: 3, Sum: 7]
      [Scan RS (ms): Min: 0.0, Avg: 0.0, Max: 0.1, Diff: 0.1, Sum: 0.1]
      [Code Root Scanning (ms): Min: 0.0, Avg: 0.0, Max: 0.0, Diff: 0.0, Sum: 0.0]
      [Object Copy (ms): Min: 11.9, Avg: 11.9, Max: 11.9, Diff: 0.0, Sum: 23.8]
      [Termination (ms): Min: 0.0, Avg: 0.0, Max: 0.0, Diff: 0.0, Sum: 0.0]
      [GC Worker Other (ms): Min: 0.0, Avg: 0.0, Max: 0.0, Diff: 0.0, Sum: 0.0]
      [GC Worker Total (ms): Min: 13.5, Avg: 13.5, Max: 13.5, Diff: 0.0, Sum: 27.0]
      [GC Worker End (ms): Min: 55194.7, Avg: 55194.7, Max: 55194.7, Diff: 0.0]
   [Code Root Fixup: 0.0 ms]
   [Code Root Migration: 0.0 ms]
   [Clear CT: 0.1 ms]
   [Other: 0.4 ms]
      [Choose CSet: 0.0 ms]
      [Ref Proc: 0.2 ms]
      [Ref Enq: 0.0 ms]
      [Free CSet: 0.1 ms]
   [Eden: 18.0M(18.0M)->0.0B(9216.0K) Survivors: 5120.0K->3072.0K Heap: 95.0M(256.0M)->91.5M(256.0M)]
 [Times: user=0.03 sys=0.00, real=0.01 secs] 
2014-07-10T16:13:24.225+0200: 55.209: [GC pause (mixed), 0.0085981 secs]
   [Parallel Time: 8.2 ms, GC Workers: 2]
      [GC Worker Start (ms): Min: 55209.2, Avg: 55209.2, Max: 55209.2, Diff: 0.0]
      [Ext Root Scanning (ms): Min: 1.0, Avg: 1.1, Max: 1.2, Diff: 0.1, Sum: 2.2]
      [Update RS (ms): Min: 0.3, Avg: 0.4, Max: 0.4, Diff: 0.2, Sum: 0.7]
         [Processed Buffers: Min: 2, Avg: 3.0, Max: 4, Diff: 2, Sum: 6]
      [Scan RS (ms): Min: 0.1, Avg: 0.1, Max: 0.1, Diff: 0.0, Sum: 0.2]
      [Code Root Scanning (ms): Min: 0.0, Avg: 0.0, Max: 0.0, Diff: 0.0, Sum: 0.0]
      [Object Copy (ms): Min: 6.6, Avg: 6.6, Max: 6.6, Diff: 0.0, Sum: 13.2]
      [Termination (ms): Min: 0.0, Avg: 0.0, Max: 0.0, Diff: 0.0, Sum: 0.0]
      [GC Worker Other (ms): Min: 0.0, Avg: 0.0, Max: 0.0, Diff: 0.0, Sum: 0.1]
      [GC Worker Total (ms): Min: 8.2, Avg: 8.2, Max: 8.2, Diff: 0.0, Sum: 16.3]
      [GC Worker End (ms): Min: 55217.4, Avg: 55217.4, Max: 55217.4, Diff: 0.0]
   [Code Root Fixup: 0.0 ms]
   [Code Root Migration: 0.0 ms]
   [Clear CT: 0.1 ms]
   [Other: 0.2 ms]
      [Choose CSet: 0.0 ms]
      [Ref Proc: 0.0 ms]
      [Ref Enq: 0.0 ms]
      [Free CSet: 0.1 ms]
   [Eden: 9216.0K(9216.0K)->0.0B(71.0M) Survivors: 3072.0K->2048.0K Heap: 100.5M(256.0M)->93.5M(256.0M)]
 [Times: user=0.03 sys=0.00, real=0.01 secs] 
2014-07-10T16:13:24.357+0200: 55.341: [GC pause (young), 0.0509896 secs]
   [Parallel Time: 46.8 ms, GC Workers: 2]
      [GC Worker Start (ms): Min: 55341.2, Avg: 55341.2, Max: 55341.2, Diff: 0.0]
      [Ext Root Scanning (ms): Min: 1.1, Avg: 1.1, Max: 1.1, Diff: 0.0, Sum: 2.2]
      [Update RS (ms): Min: 0.4, Avg: 0.5, Max: 0.5, Diff: 0.0, Sum: 0.9]
         [Processed Buffers: Min: 2, Avg: 2.5, Max: 3, Diff: 1, Sum: 5]
      [Scan RS (ms): Min: 0.1, Avg: 0.1, Max: 0.1, Diff: 0.0, Sum: 0.2]
      [Code Root Scanning (ms): Min: 0.0, Avg: 0.1, Max: 0.1, Diff: 0.0, Sum: 0.1]
      [Object Copy (ms): Min: 44.9, Avg: 44.9, Max: 45.0, Diff: 0.0, Sum: 89.9]
      [Termination (ms): Min: 0.0, Avg: 0.1, Max: 0.1, Diff: 0.1, Sum: 0.1]
      [GC Worker Other (ms): Min: 0.0, Avg: 0.0, Max: 0.0, Diff: 0.0, Sum: 0.1]
      [GC Worker Total (ms): Min: 46.7, Avg: 46.8, Max: 46.8, Diff: 0.1, Sum: 93.5]
      [GC Worker End (ms): Min: 55387.9, Avg: 55388.0, Max: 55388.0, Diff: 0.1]
   [Code Root Fixup: 0.0 ms]
   [Code Root Migration: 0.0 ms]
   [Clear CT: 0.1 ms]
   [Other: 4.0 ms]
      [Choose CSet: 0.0 ms]
      [Ref Proc: 3.8 ms]
      [Ref Enq: 0.0 ms]
      [Free CSet: 0.1 ms]
   [Eden: 71.0M(71.0M)->0.0B(26.0M) Survivors: 2048.0K->10.0M Heap: 164.5M(256.0M)->177.5M(256.0M)]
 [Times: user=0.09 sys=0.00, real=0.05 secs] 
2014-07-10T16:13:24.450+0200: 55.434: [GC pause (young) (initial-mark), 0.0186176 secs]
   [Parallel Time: 18.2 ms, GC Workers: 2]
      [GC Worker Start (ms): Min: 55434.3, Avg: 55434.3, Max: 55434.3, Diff: 0.0]
      [Ext Root Scanning (ms): Min: 1.2, Avg: 1.2, Max: 1.2, Diff: 0.1, Sum: 2.4]
      [Code Root Marking (ms): Min: 0.0, Avg: 0.1, Max: 0.1, Diff: 0.0, Sum: 0.1]
      [Update RS (ms): Min: 1.0, Avg: 1.1, Max: 1.1, Diff: 0.1, Sum: 2.1]
         [Processed Buffers: Min: 4, Avg: 4.5, Max: 5, Diff: 1, Sum: 9]
      [Scan RS (ms): Min: 0.0, Avg: 0.0, Max: 0.1, Diff: 0.1, Sum: 0.1]
      [Code Root Scanning (ms): Min: 0.0, Avg: 0.0, Max: 0.0, Diff: 0.0, Sum: 0.0]
      [Object Copy (ms): Min: 15.7, Avg: 15.8, Max: 15.8, Diff: 0.0, Sum: 31.5]
      [Termination (ms): Min: 0.0, Avg: 0.0, Max: 0.0, Diff: 0.0, Sum: 0.0]
      [GC Worker Other (ms): Min: 0.0, Avg: 0.0, Max: 0.0, Diff: 0.0, Sum: 0.1]
      [GC Worker Total (ms): Min: 18.2, Avg: 18.2, Max: 18.2, Diff: 0.0, Sum: 36.4]
      [GC Worker End (ms): Min: 55452.5, Avg: 55452.5, Max: 55452.5, Diff: 0.0]
   [Code Root Fixup: 0.0 ms]
   [Code Root Migration: 0.0 ms]
   [Clear CT: 0.1 ms]
   [Other: 0.3 ms]
      [Choose CSet: 0.0 ms]
      [Ref Proc: 0.0 ms]
      [Ref Enq: 0.0 ms]
      [Free CSet: 0.1 ms]
   [Eden: 26.0M(26.0M)->0.0B(17.0M) Survivors: 10.0M->5120.0K Heap: 203.5M(256.0M)->194.5M(256.0M)]
 [Times: user=0.06 sys=0.00, real=0.02 secs] 
2014-07-10T16:13:24.469+0200: 55.453: [GC concurrent-root-region-scan-start]
2014-07-10T16:13:24.469+0200: 55.453: [GC concurrent-root-region-scan-end, 0.0000873 secs]
2014-07-10T16:13:24.469+0200: 55.453: [GC concurrent-mark-start]
2014-07-10T16:13:24.472+0200: 55.457: [GC concurrent-mark-end, 0.0031981 secs]
2014-07-10T16:13:24.472+0200: 55.457: [GC remark 2014-07-10T16:13:24.472+0200: 55.457: [GC ref-proc, 0.0000803 secs], 0.0009980 secs]
 [Times: user=0.00 sys=0.00, real=0.00 secs] 
2014-07-10T16:13:24.474+0200: 55.458: [GC cleanup 196M->78M(256M), 0.0007835 secs]
 [Times: user=0.00 sys=0.00, real=0.00 secs] 
2014-07-10T16:13:24.475+0200: 55.459: [GC concurrent-cleanup-start]
2014-07-10T16:13:24.475+0200: 55.459: [GC concurrent-cleanup-end, 0.0002511 secs]
2014-07-10T16:13:24.498+0200: 55.482: [GC pause (young), 0.0131278 secs]
   [Parallel Time: 12.3 ms, GC Workers: 2]
      [GC Worker Start (ms): Min: 55482.8, Avg: 55483.2, Max: 55483.7, Diff: 1.0]
      [Ext Root Scanning (ms): Min: 0.6, Avg: 1.0, Max: 1.3, Diff: 0.7, Sum: 1.9]
      [Update RS (ms): Min: 0.3, Avg: 0.4, Max: 0.5, Diff: 0.2, Sum: 0.8]
         [Processed Buffers: Min: 3, Avg: 3.5, Max: 4, Diff: 1, Sum: 7]
      [Scan RS (ms): Min: 0.0, Avg: 0.0, Max: 0.0, Diff: 0.0, Sum: 0.1]
      [Code Root Scanning (ms): Min: 0.0, Avg: 0.0, Max: 0.0, Diff: 0.0, Sum: 0.0]
      [Object Copy (ms): Min: 10.3, Avg: 10.3, Max: 10.3, Diff: 0.1, Sum: 20.6]
      [Termination (ms): Min: 0.0, Avg: 0.0, Max: 0.0, Diff: 0.0, Sum: 0.0]
      [GC Worker Other (ms): Min: 0.0, Avg: 0.0, Max: 0.0, Diff: 0.0, Sum: 0.1]
      [GC Worker Total (ms): Min: 11.3, Avg: 11.7, Max: 12.2, Diff: 1.0, Sum: 23.5]
      [GC Worker End (ms): Min: 55495.0, Avg: 55495.0, Max: 55495.0, Diff: 0.0]
   [Code Root Fixup: 0.0 ms]
   [Code Root Migration: 0.0 ms]
   [Clear CT: 0.0 ms]
   [Other: 0.8 ms]
      [Choose CSet: 0.0 ms]
      [Ref Proc: 0.2 ms]
      [Ref Enq: 0.0 ms]
      [Free CSet: 0.1 ms]
   [Eden: 17.0M(17.0M)->0.0B(9216.0K) Survivors: 5120.0K->3072.0K Heap: 93.5M(256.0M)->89.0M(256.0M)]
 [Times: user=0.00 sys=0.00, real=0.01 secs] 
2014-07-10T16:13:24.528+0200: 55.512: [GC pause (mixed), 0.0139032 secs]
   [Parallel Time: 13.6 ms, GC Workers: 2]
      [GC Worker Start (ms): Min: 55512.4, Avg: 55519.1, Max: 55525.9, Diff: 13.6]
      [Ext Root Scanning (ms): Min: 0.0, Avg: 0.9, Max: 1.9, Diff: 1.8, Sum: 1.9]
      [Update RS (ms): Min: 0.0, Avg: 0.3, Max: 0.5, Diff: 0.5, Sum: 0.5]
         [Processed Buffers: Min: 0, Avg: 3.0, Max: 6, Diff: 6, Sum: 6]
      [Scan RS (ms): Min: 0.0, Avg: 0.0, Max: 0.1, Diff: 0.1, Sum: 0.1]
      [Code Root Scanning (ms): Min: 0.0, Avg: 0.0, Max: 0.0, Diff: 0.0, Sum: 0.0]
      [Object Copy (ms): Min: 0.0, Avg: 4.1, Max: 8.2, Diff: 8.2, Sum: 8.2]
      [Termination (ms): Min: 0.0, Avg: 1.5, Max: 2.9, Diff: 2.9, Sum: 2.9]
      [GC Worker Other (ms): Min: 0.0, Avg: 0.0, Max: 0.0, Diff: 0.0, Sum: 0.0]
      [GC Worker Total (ms): Min: 0.0, Avg: 6.8, Max: 13.6, Diff: 13.6, Sum: 13.7]
      [GC Worker End (ms): Min: 55526.0, Avg: 55526.0, Max: 55526.0, Diff: 0.0]
   [Code Root Fixup: 0.0 ms]
   [Code Root Migration: 0.0 ms]
   [Clear CT: 0.0 ms]
   [Other: 0.2 ms]
      [Choose CSet: 0.0 ms]
      [Ref Proc: 0.0 ms]
      [Ref Enq: 0.0 ms]
      [Free CSet: 0.1 ms]
   [Eden: 9216.0K(9216.0K)->0.0B(70.0M) Survivors: 3072.0K->2048.0K Heap: 98.0M(256.0M)->92.0M(256.0M)]
 [Times: user=0.01 sys=0.00, real=0.01 secs] 
2014-07-10T16:13:24.662+0200: 55.646: [GC pause (young), 0.0453655 secs]
   [Parallel Time: 44.8 ms, GC Workers: 2]
      [GC Worker Start (ms): Min: 55646.2, Avg: 55646.2, Max: 55646.2, Diff: 0.0]
      [Ext Root Scanning (ms): Min: 1.2, Avg: 1.2, Max: 1.2, Diff: 0.0, Sum: 2.3]
      [Update RS (ms): Min: 0.1, Avg: 0.4, Max: 0.7, Diff: 0.5, Sum: 0.8]
         [Processed Buffers: Min: 1, Avg: 2.5, Max: 4, Diff: 3, Sum: 5]
      [Scan RS (ms): Min: 0.0, Avg: 0.1, Max: 0.2, Diff: 0.2, Sum: 0.2]
      [Code Root Scanning (ms): Min: 0.0, Avg: 0.0, Max: 0.1, Diff: 0.1, Sum: 0.1]
      [Object Copy (ms): Min: 42.9, Avg: 43.0, Max: 43.2, Diff: 0.2, Sum: 86.1]
      [Termination (ms): Min: 0.0, Avg: 0.0, Max: 0.0, Diff: 0.0, Sum: 0.0]
      [GC Worker Other (ms): Min: 0.0, Avg: 0.0, Max: 0.0, Diff: 0.0, Sum: 0.1]
      [GC Worker Total (ms): Min: 44.8, Avg: 44.8, Max: 44.8, Diff: 0.0, Sum: 89.6]
      [GC Worker End (ms): Min: 55691.0, Avg: 55691.0, Max: 55691.0, Diff: 0.0]
   [Code Root Fixup: 0.0 ms]
   [Code Root Migration: 0.0 ms]
   [Clear CT: 0.1 ms]
   [Other: 0.4 ms]
      [Choose CSet: 0.0 ms]
      [Ref Proc: 0.1 ms]
      [Ref Enq: 0.0 ms]
      [Free CSet: 0.2 ms]
   [Eden: 70.0M(70.0M)->0.0B(34.0M) Survivors: 2048.0K->9216.0K Heap: 162.0M(256.0M)->160.5M(256.0M)]
 [Times: user=0.09 sys=0.00, real=0.05 secs] 
2014-07-10T16:13:24.762+0200: 55.746: [GC pause (young) (initial-mark), 0.0236393 secs]
   [Parallel Time: 23.1 ms, GC Workers: 2]
      [GC Worker Start (ms): Min: 55746.2, Avg: 55746.2, Max: 55746.2, Diff: 0.0]
      [Ext Root Scanning (ms): Min: 1.1, Avg: 1.1, Max: 1.1, Diff: 0.0, Sum: 2.1]
      [Code Root Marking (ms): Min: 0.1, Avg: 0.1, Max: 0.1, Diff: 0.0, Sum: 0.1]
      [Update RS (ms): Min: 0.9, Avg: 0.9, Max: 0.9, Diff: 0.0, Sum: 1.8]
         [Processed Buffers: Min: 4, Avg: 4.5, Max: 5, Diff: 1, Sum: 9]
      [Scan RS (ms): Min: 0.0, Avg: 0.1, Max: 0.1, Diff: 0.0, Sum: 0.1]
      [Code Root Scanning (ms): Min: 0.0, Avg: 0.0, Max: 0.0, Diff: 0.0, Sum: 0.1]
      [Object Copy (ms): Min: 20.9, Avg: 20.9, Max: 20.9, Diff: 0.0, Sum: 41.8]
      [Termination (ms): Min: 0.0, Avg: 0.0, Max: 0.0, Diff: 0.0, Sum: 0.0]
      [GC Worker Other (ms): Min: 0.0, Avg: 0.0, Max: 0.0, Diff: 0.0, Sum: 0.1]
      [GC Worker Total (ms): Min: 23.0, Avg: 23.0, Max: 23.0, Diff: 0.0, Sum: 46.1]
      [GC Worker End (ms): Min: 55769.3, Avg: 55769.3, Max: 55769.3, Diff: 0.0]
   [Code Root Fixup: 0.0 ms]
   [Code Root Migration: 0.0 ms]
   [Clear CT: 0.0 ms]
   [Other: 0.5 ms]
      [Choose CSet: 0.0 ms]
      [Ref Proc: 0.2 ms]
      [Ref Enq: 0.0 ms]
      [Free CSet: 0.1 ms]
   [Eden: 34.0M(34.0M)->0.0B(21.0M) Survivors: 9216.0K->6144.0K Heap: 194.5M(256.0M)->186.5M(256.0M)]
 [Times: user=0.06 sys=0.00, real=0.02 secs] 
2014-07-10T16:13:24.786+0200: 55.770: [GC concurrent-root-region-scan-start]
2014-07-10T16:13:24.786+0200: 55.770: [GC concurrent-root-region-scan-end, 0.0000968 secs]
2014-07-10T16:13:24.786+0200: 55.770: [GC concurrent-mark-start]
2014-07-10T16:13:24.789+0200: 55.774: [GC concurrent-mark-end, 0.0035445 secs]
2014-07-10T16:13:24.789+0200: 55.774: [GC remark 2014-07-10T16:13:24.790+0200: 55.774: [GC ref-proc, 0.0000682 secs], 0.0010746 secs]
 [Times: user=0.00 sys=0.00, real=0.00 secs] 
2014-07-10T16:13:24.791+0200: 55.775: [GC cleanup 189M->85M(256M), 0.0014408 secs]
 [Times: user=0.00 sys=0.00, real=0.00 secs] 
2014-07-10T16:13:24.792+0200: 55.777: [GC concurrent-cleanup-start]
2014-07-10T16:13:24.792+0200: 55.777: [GC concurrent-cleanup-end, 0.0001558 secs]
2014-07-10T16:13:24.823+0200: 55.807: [GC pause (young), 0.0145363 secs]
   [Parallel Time: 14.2 ms, GC Workers: 2]
      [GC Worker Start (ms): Min: 55807.1, Avg: 55807.1, Max: 55807.1, Diff: 0.0]
      [Ext Root Scanning (ms): Min: 0.9, Avg: 0.9, Max: 1.0, Diff: 0.1, Sum: 1.9]
      [Update RS (ms): Min: 0.5, Avg: 0.5, Max: 0.5, Diff: 0.1, Sum: 1.0]
         [Processed Buffers: Min: 2, Avg: 3.5, Max: 5, Diff: 3, Sum: 7]
      [Scan RS (ms): Min: 0.0, Avg: 0.0, Max: 0.0, Diff: 0.0, Sum: 0.1]
      [Code Root Scanning (ms): Min: 0.0, Avg: 0.0, Max: 0.0, Diff: 0.0, Sum: 0.0]
      [Object Copy (ms): Min: 12.7, Avg: 12.7, Max: 12.7, Diff: 0.0, Sum: 25.3]
      [Termination (ms): Min: 0.0, Avg: 0.0, Max: 0.0, Diff: 0.0, Sum: 0.0]
      [GC Worker Other (ms): Min: 0.0, Avg: 0.0, Max: 0.0, Diff: 0.0, Sum: 0.1]
      [GC Worker Total (ms): Min: 14.2, Avg: 14.2, Max: 14.2, Diff: 0.0, Sum: 28.4]
      [GC Worker End (ms): Min: 55821.3, Avg: 55821.3, Max: 55821.3, Diff: 0.0]
   [Code Root Fixup: 0.0 ms]
   [Code Root Migration: 0.0 ms]
   [Clear CT: 0.0 ms]
   [Other: 0.2 ms]
      [Choose CSet: 0.0 ms]
      [Ref Proc: 0.0 ms]
      [Ref Enq: 0.0 ms]
      [Free CSet: 0.1 ms]
   [Eden: 21.0M(21.0M)->0.0B(8192.0K) Survivors: 6144.0K->4096.0K Heap: 103.5M(256.0M)->98.5M(256.0M)]
 [Times: user=0.02 sys=0.00, real=0.01 secs] 
2014-07-10T16:13:24.848+0200: 55.832: [GC pause (mixed), 0.0071921 secs]
   [Parallel Time: 6.9 ms, GC Workers: 2]
      [GC Worker Start (ms): Min: 55832.4, Avg: 55832.4, Max: 55832.4, Diff: 0.0]
      [Ext Root Scanning (ms): Min: 1.0, Avg: 1.1, Max: 1.1, Diff: 0.1, Sum: 2.2]
      [Update RS (ms): Min: 0.3, Avg: 0.3, Max: 0.4, Diff: 0.1, Sum: 0.6]
         [Processed Buffers: Min: 3, Avg: 3.5, Max: 4, Diff: 1, Sum: 7]
      [Scan RS (ms): Min: 0.1, Avg: 0.1, Max: 0.1, Diff: 0.0, Sum: 0.2]
      [Code Root Scanning (ms): Min: 0.0, Avg: 0.0, Max: 0.0, Diff: 0.0, Sum: 0.0]
      [Object Copy (ms): Min: 5.4, Avg: 5.4, Max: 5.4, Diff: 0.0, Sum: 10.7]
      [Termination (ms): Min: 0.0, Avg: 0.0, Max: 0.0, Diff: 0.0, Sum: 0.0]
      [GC Worker Other (ms): Min: 0.0, Avg: 0.0, Max: 0.0, Diff: 0.0, Sum: 0.1]
      [GC Worker Total (ms): Min: 6.9, Avg: 6.9, Max: 6.9, Diff: 0.0, Sum: 13.7]
      [GC Worker End (ms): Min: 55839.3, Avg: 55839.3, Max: 55839.3, Diff: 0.0]
   [Code Root Fixup: 0.0 ms]
   [Code Root Migration: 0.0 ms]
   [Clear CT: 0.1 ms]
   [Other: 0.2 ms]
      [Choose CSet: 0.0 ms]
      [Ref Proc: 0.0 ms]
      [Ref Enq: 0.0 ms]
      [Free CSet: 0.1 ms]
   [Eden: 8192.0K(8192.0K)->0.0B(66.0M) Survivors: 4096.0K->2048.0K Heap: 106.5M(256.0M)->100.0M(256.0M)]
 [Times: user=0.00 sys=0.00, real=0.01 secs] 
2014-07-10T16:13:24.964+0200: 55.948: [GC pause (young), 0.0447786 secs]
   [Parallel Time: 44.0 ms, GC Workers: 2]
      [GC Worker Start (ms): Min: 55948.4, Avg: 55948.4, Max: 55948.4, Diff: 0.0]
      [Ext Root Scanning (ms): Min: 1.1, Avg: 1.1, Max: 1.2, Diff: 0.1, Sum: 2.3]
      [Update RS (ms): Min: 0.3, Avg: 0.4, Max: 0.4, Diff: 0.1, Sum: 0.8]
         [Processed Buffers: Min: 1, Avg: 3.0, Max: 5, Diff: 4, Sum: 6]
      [Scan RS (ms): Min: 0.1, Avg: 0.1, Max: 0.1, Diff: 0.0, Sum: 0.2]
      [Code Root Scanning (ms): Min: 0.0, Avg: 0.0, Max: 0.0, Diff: 0.0, Sum: 0.1]
      [Object Copy (ms): Min: 42.2, Avg: 42.3, Max: 42.3, Diff: 0.0, Sum: 84.5]
      [Termination (ms): Min: 0.0, Avg: 0.0, Max: 0.0, Diff: 0.0, Sum: 0.0]
      [GC Worker Other (ms): Min: 0.0, Avg: 0.0, Max: 0.0, Diff: 0.0, Sum: 0.1]
      [GC Worker Total (ms): Min: 44.0, Avg: 44.0, Max: 44.0, Diff: 0.0, Sum: 87.9]
      [GC Worker End (ms): Min: 55992.4, Avg: 55992.4, Max: 55992.4, Diff: 0.0]
   [Code Root Fixup: 0.0 ms]
   [Code Root Migration: 0.0 ms]
   [Clear CT: 0.1 ms]
   [Other: 0.7 ms]
      [Choose CSet: 0.0 ms]
      [Ref Proc: 0.0 ms]
      [Ref Enq: 0.0 ms]
      [Free CSet: 0.2 ms]
   [Eden: 66.0M(66.0M)->0.0B(27.0M) Survivors: 2048.0K->9216.0K Heap: 166.0M(256.0M)->175.0M(256.0M)]
 [Times: user=0.09 sys=0.00, real=0.05 secs] 
2014-07-10T16:13:25.052+0200: 56.036: [GC pause (young) (initial-mark), 0.0189073 secs]
   [Parallel Time: 18.4 ms, GC Workers: 2]
      [GC Worker Start (ms): Min: 56036.4, Avg: 56036.4, Max: 56036.4, Diff: 0.0]
      [Ext Root Scanning (ms): Min: 1.1, Avg: 1.1, Max: 1.1, Diff: 0.0, Sum: 2.2]
      [Code Root Marking (ms): Min: 0.0, Avg: 0.0, Max: 0.0, Diff: 0.0, Sum: 0.1]
      [Update RS (ms): Min: 0.9, Avg: 0.9, Max: 0.9, Diff: 0.0, Sum: 1.8]
         [Processed Buffers: Min: 4, Avg: 5.0, Max: 6, Diff: 2, Sum: 10]
      [Scan RS (ms): Min: 0.0, Avg: 0.0, Max: 0.0, Diff: 0.0, Sum: 0.1]
      [Code Root Scanning (ms): Min: 0.0, Avg: 0.0, Max: 0.0, Diff: 0.0, Sum: 0.0]
      [Object Copy (ms): Min: 16.2, Avg: 16.2, Max: 16.2, Diff: 0.0, Sum: 32.5]
      [Termination (ms): Min: 0.0, Avg: 0.0, Max: 0.0, Diff: 0.0, Sum: 0.0]
      [GC Worker Other (ms): Min: 0.0, Avg: 0.0, Max: 0.0, Diff: 0.0, Sum: 0.1]
      [GC Worker Total (ms): Min: 18.4, Avg: 18.4, Max: 18.4, Diff: 0.0, Sum: 36.8]
      [GC Worker End (ms): Min: 56054.8, Avg: 56054.8, Max: 56054.8, Diff: 0.0]
   [Code Root Fixup: 0.0 ms]
   [Code Root Migration: 0.0 ms]
   [Clear CT: 0.1 ms]
   [Other: 0.3 ms]
      [Choose CSet: 0.0 ms]
      [Ref Proc: 0.1 ms]
      [Ref Enq: 0.0 ms]
      [Free CSet: 0.1 ms]
   [Eden: 27.0M(27.0M)->0.0B(18.0M) Survivors: 9216.0K->5120.0K Heap: 202.0M(256.0M)->193.0M(256.0M)]
 [Times: user=0.03 sys=0.00, real=0.02 secs] 
2014-07-10T16:13:25.071+0200: 56.056: [GC concurrent-root-region-scan-start]
2014-07-10T16:13:25.071+0200: 56.056: [GC concurrent-root-region-scan-end, 0.0000865 secs]
2014-07-10T16:13:25.071+0200: 56.056: [GC concurrent-mark-start]
2014-07-10T16:13:25.075+0200: 56.059: [GC concurrent-mark-end, 0.0036369 secs]
2014-07-10T16:13:25.076+0200: 56.060: [GC remark 2014-07-10T16:13:25.076+0200: 56.060: [GC ref-proc, 0.0000686 secs], 0.0010522 secs]
 [Times: user=0.00 sys=0.00, real=0.00 secs] 
2014-07-10T16:13:25.077+0200: 56.062: [GC cleanup 195M->85M(256M), 0.0007798 secs]
 [Times: user=0.00 sys=0.00, real=0.00 secs] 
2014-07-10T16:13:25.078+0200: 56.063: [GC concurrent-cleanup-start]
2014-07-10T16:13:25.078+0200: 56.063: [GC concurrent-cleanup-end, 0.0002324 secs]
2014-07-10T16:13:25.102+0200: 56.087: [GC pause (young), 0.0128986 secs]
   [Parallel Time: 12.5 ms, GC Workers: 2]
      [GC Worker Start (ms): Min: 56086.6, Avg: 56086.6, Max: 56086.6, Diff: 0.0]
      [Ext Root Scanning (ms): Min: 1.0, Avg: 1.0, Max: 1.1, Diff: 0.0, Sum: 2.1]
      [Update RS (ms): Min: 0.4, Avg: 0.4, Max: 0.5, Diff: 0.1, Sum: 0.9]
         [Processed Buffers: Min: 2, Avg: 3.5, Max: 5, Diff: 3, Sum: 7]
      [Scan RS (ms): Min: 0.0, Avg: 0.0, Max: 0.0, Diff: 0.0, Sum: 0.1]
      [Code Root Scanning (ms): Min: 0.0, Avg: 0.0, Max: 0.0, Diff: 0.0, Sum: 0.0]
      [Object Copy (ms): Min: 10.9, Avg: 10.9, Max: 10.9, Diff: 0.0, Sum: 21.8]
      [Termination (ms): Min: 0.0, Avg: 0.0, Max: 0.0, Diff: 0.0, Sum: 0.0]
      [GC Worker Other (ms): Min: 0.0, Avg: 0.0, Max: 0.0, Diff: 0.0, Sum: 0.1]
      [GC Worker Total (ms): Min: 12.5, Avg: 12.5, Max: 12.5, Diff: 0.0, Sum: 25.0]
      [GC Worker End (ms): Min: 56099.1, Avg: 56099.1, Max: 56099.1, Diff: 0.0]
   [Code Root Fixup: 0.0 ms]
   [Code Root Migration: 0.0 ms]
   [Clear CT: 0.0 ms]
   [Other: 0.3 ms]
      [Choose CSet: 0.0 ms]
      [Ref Proc: 0.1 ms]
      [Ref Enq: 0.0 ms]
      [Free CSet: 0.1 ms]
   [Eden: 18.0M(18.0M)->0.0B(9216.0K) Survivors: 5120.0K->3072.0K Heap: 101.0M(256.0M)->96.5M(256.0M)]
 [Times: user=0.00 sys=0.00, real=0.01 secs] 
2014-07-10T16:13:25.131+0200: 56.115: [GC pause (mixed), 0.0094714 secs]
   [Parallel Time: 9.1 ms, GC Workers: 2]
      [GC Worker Start (ms): Min: 56115.2, Avg: 56115.2, Max: 56115.2, Diff: 0.0]
      [Ext Root Scanning (ms): Min: 1.1, Avg: 1.1, Max: 1.1, Diff: 0.0, Sum: 2.2]
      [Update RS (ms): Min: 0.2, Avg: 0.3, Max: 0.4, Diff: 0.1, Sum: 0.6]
         [Processed Buffers: Min: 1, Avg: 4.0, Max: 7, Diff: 6, Sum: 8]
      [Scan RS (ms): Min: 0.0, Avg: 0.1, Max: 0.1, Diff: 0.0, Sum: 0.1]
      [Code Root Scanning (ms): Min: 0.0, Avg: 0.0, Max: 0.0, Diff: 0.0, Sum: 0.0]
      [Object Copy (ms): Min: 7.5, Avg: 7.5, Max: 7.6, Diff: 0.1, Sum: 15.0]
      [Termination (ms): Min: 0.0, Avg: 0.0, Max: 0.0, Diff: 0.0, Sum: 0.0]
      [GC Worker Other (ms): Min: 0.0, Avg: 0.0, Max: 0.0, Diff: 0.0, Sum: 0.1]
      [GC Worker Total (ms): Min: 9.0, Avg: 9.0, Max: 9.0, Diff: 0.0, Sum: 18.1]
      [GC Worker End (ms): Min: 56124.2, Avg: 56124.2, Max: 56124.2, Diff: 0.0]
   [Code Root Fixup: 0.0 ms]
   [Code Root Migration: 0.0 ms]
   [Clear CT: 0.0 ms]
   [Other: 0.4 ms]
      [Choose CSet: 0.0 ms]
      [Ref Proc: 0.1 ms]
      [Ref Enq: 0.0 ms]
      [Free CSet: 0.1 ms]
   [Eden: 9216.0K(9216.0K)->0.0B(67.0M) Survivors: 3072.0K->2048.0K Heap: 105.5M(256.0M)->97.0M(256.0M)]
 [Times: user=0.03 sys=0.00, real=0.01 secs] 
2014-07-10T16:13:25.251+0200: 56.235: [GC pause (young), 0.0484613 secs]
   [Parallel Time: 47.8 ms, GC Workers: 2]
      [GC Worker Start (ms): Min: 56235.2, Avg: 56235.2, Max: 56235.2, Diff: 0.0]
      [Ext Root Scanning (ms): Min: 1.2, Avg: 1.3, Max: 1.4, Diff: 0.2, Sum: 2.6]
      [Update RS (ms): Min: 0.4, Avg: 0.4, Max: 0.5, Diff: 0.1, Sum: 0.8]
         [Processed Buffers: Min: 1, Avg: 2.5, Max: 4, Diff: 3, Sum: 5]
      [Scan RS (ms): Min: 0.1, Avg: 0.1, Max: 0.1, Diff: 0.1, Sum: 0.2]
      [Code Root Scanning (ms): Min: 0.0, Avg: 0.0, Max: 0.1, Diff: 0.0, Sum: 0.1]
      [Object Copy (ms): Min: 45.8, Avg: 45.9, Max: 45.9, Diff: 0.1, Sum: 91.7]
      [Termination (ms): Min: 0.0, Avg: 0.0, Max: 0.0, Diff: 0.0, Sum: 0.0]
      [GC Worker Other (ms): Min: 0.0, Avg: 0.0, Max: 0.0, Diff: 0.0, Sum: 0.1]
      [GC Worker Total (ms): Min: 47.7, Avg: 47.7, Max: 47.8, Diff: 0.0, Sum: 95.5]
      [GC Worker End (ms): Min: 56282.9, Avg: 56282.9, Max: 56282.9, Diff: 0.0]
   [Code Root Fixup: 0.1 ms]
   [Code Root Migration: 0.0 ms]
   [Clear CT: 0.1 ms]
   [Other: 0.5 ms]
      [Choose CSet: 0.0 ms]
      [Ref Proc: 0.2 ms]
      [Ref Enq: 0.0 ms]
      [Free CSet: 0.1 ms]
   [Eden: 67.0M(67.0M)->0.0B(30.0M) Survivors: 2048.0K->9216.0K Heap: 164.0M(256.0M)->169.5M(256.0M)]
 [Times: user=0.08 sys=0.00, real=0.05 secs] 
2014-07-10T16:13:25.346+0200: 56.331: [GC pause (young) (initial-mark), 0.0202242 secs]
   [Parallel Time: 19.5 ms, GC Workers: 2]
      [GC Worker Start (ms): Min: 56330.8, Avg: 56330.8, Max: 56330.8, Diff: 0.0]
      [Ext Root Scanning (ms): Min: 0.9, Avg: 1.0, Max: 1.0, Diff: 0.0, Sum: 1.9]
      [Code Root Marking (ms): Min: 0.0, Avg: 0.1, Max: 0.1, Diff: 0.0, Sum: 0.1]
      [Update RS (ms): Min: 0.8, Avg: 0.9, Max: 0.9, Diff: 0.1, Sum: 1.7]
         [Processed Buffers: Min: 4, Avg: 5.5, Max: 7, Diff: 3, Sum: 11]
      [Scan RS (ms): Min: 0.0, Avg: 0.0, Max: 0.1, Diff: 0.1, Sum: 0.1]
      [Code Root Scanning (ms): Min: 0.0, Avg: 0.0, Max: 0.0, Diff: 0.0, Sum: 0.0]
      [Object Copy (ms): Min: 17.4, Avg: 17.4, Max: 17.4, Diff: 0.0, Sum: 34.8]
      [Termination (ms): Min: 0.0, Avg: 0.0, Max: 0.0, Diff: 0.0, Sum: 0.0]
      [GC Worker Other (ms): Min: 0.0, Avg: 0.0, Max: 0.0, Diff: 0.0, Sum: 0.1]
      [GC Worker Total (ms): Min: 19.4, Avg: 19.4, Max: 19.4, Diff: 0.0, Sum: 38.8]
      [GC Worker End (ms): Min: 56350.2, Avg: 56350.2, Max: 56350.2, Diff: 0.0]
   [Code Root Fixup: 0.0 ms]
   [Code Root Migration: 0.0 ms]
   [Clear CT: 0.0 ms]
   [Other: 0.7 ms]
      [Choose CSet: 0.0 ms]
      [Ref Proc: 0.4 ms]
      [Ref Enq: 0.0 ms]
      [Free CSet: 0.1 ms]
   [Eden: 30.0M(30.0M)->0.0B(19.0M) Survivors: 9216.0K->5120.0K Heap: 199.5M(256.0M)->190.5M(256.0M)]
 [Times: user=0.03 sys=0.00, real=0.02 secs] 
2014-07-10T16:13:25.367+0200: 56.351: [GC concurrent-root-region-scan-start]
2014-07-10T16:13:25.367+0200: 56.351: [GC concurrent-root-region-scan-end, 0.0000854 secs]
2014-07-10T16:13:25.367+0200: 56.351: [GC concurrent-mark-start]
2014-07-10T16:13:25.371+0200: 56.355: [GC concurrent-mark-end, 0.0036791 secs]
2014-07-10T16:13:25.371+0200: 56.356: [GC remark 2014-07-10T16:13:25.371+0200: 56.356: [GC ref-proc, 0.0000656 secs], 0.0010463 secs]
 [Times: user=0.00 sys=0.00, real=0.00 secs] 
2014-07-10T16:13:25.373+0200: 56.357: [GC cleanup 192M->87M(256M), 0.0007879 secs]
 [Times: user=0.00 sys=0.00, real=0.00 secs] 
2014-07-10T16:13:25.373+0200: 56.358: [GC concurrent-cleanup-start]
2014-07-10T16:13:25.374+0200: 56.358: [GC concurrent-cleanup-end, 0.0002170 secs]
2014-07-10T16:13:25.403+0200: 56.388: [GC pause (young), 0.0131358 secs]
   [Parallel Time: 12.8 ms, GC Workers: 2]
      [GC Worker Start (ms): Min: 56387.7, Avg: 56387.7, Max: 56387.7, Diff: 0.0]
      [Ext Root Scanning (ms): Min: 1.0, Avg: 1.0, Max: 1.0, Diff: 0.1, Sum: 2.0]
      [Update RS (ms): Min: 0.4, Avg: 0.5, Max: 0.5, Diff: 0.1, Sum: 0.9]
         [Processed Buffers: Min: 2, Avg: 3.5, Max: 5, Diff: 3, Sum: 7]
      [Scan RS (ms): Min: 0.0, Avg: 0.0, Max: 0.0, Diff: 0.0, Sum: 0.1]
      [Code Root Scanning (ms): Min: 0.0, Avg: 0.0, Max: 0.0, Diff: 0.0, Sum: 0.0]
      [Object Copy (ms): Min: 11.3, Avg: 11.3, Max: 11.3, Diff: 0.0, Sum: 22.6]
      [Termination (ms): Min: 0.0, Avg: 0.0, Max: 0.0, Diff: 0.0, Sum: 0.0]
      [GC Worker Other (ms): Min: 0.0, Avg: 0.0, Max: 0.0, Diff: 0.0, Sum: 0.1]
      [GC Worker Total (ms): Min: 12.8, Avg: 12.8, Max: 12.8, Diff: 0.0, Sum: 25.6]
      [GC Worker End (ms): Min: 56400.5, Avg: 56400.5, Max: 56400.5, Diff: 0.0]
   [Code Root Fixup: 0.0 ms]
   [Code Root Migration: 0.0 ms]
   [Clear CT: 0.0 ms]
   [Other: 0.2 ms]
      [Choose CSet: 0.0 ms]
      [Ref Proc: 0.0 ms]
      [Ref Enq: 0.0 ms]
      [Free CSet: 0.1 ms]
   [Eden: 19.0M(19.0M)->0.0B(9216.0K) Survivors: 5120.0K->3072.0K Heap: 104.5M(256.0M)->100.0M(256.0M)]
 [Times: user=0.00 sys=0.00, real=0.01 secs] 
2014-07-10T16:13:25.431+0200: 56.415: [GC pause (mixed), 0.0091664 secs]
   [Parallel Time: 8.7 ms, GC Workers: 2]
      [GC Worker Start (ms): Min: 56415.3, Avg: 56415.3, Max: 56415.3, Diff: 0.0]
      [Ext Root Scanning (ms): Min: 1.1, Avg: 1.1, Max: 1.1, Diff: 0.0, Sum: 2.2]
      [Update RS (ms): Min: 0.3, Avg: 0.3, Max: 0.3, Diff: 0.0, Sum: 0.6]
         [Processed Buffers: Min: 3, Avg: 3.5, Max: 4, Diff: 1, Sum: 7]
      [Scan RS (ms): Min: 0.1, Avg: 0.1, Max: 0.1, Diff: 0.0, Sum: 0.2]
      [Code Root Scanning (ms): Min: 0.0, Avg: 0.0, Max: 0.0, Diff: 0.0, Sum: 0.0]
      [Object Copy (ms): Min: 7.1, Avg: 7.1, Max: 7.1, Diff: 0.0, Sum: 14.2]
      [Termination (ms): Min: 0.0, Avg: 0.0, Max: 0.0, Diff: 0.0, Sum: 0.0]
      [GC Worker Other (ms): Min: 0.0, Avg: 0.0, Max: 0.0, Diff: 0.0, Sum: 0.1]
      [GC Worker Total (ms): Min: 8.6, Avg: 8.6, Max: 8.6, Diff: 0.0, Sum: 17.3]
      [GC Worker End (ms): Min: 56423.9, Avg: 56423.9, Max: 56423.9, Diff: 0.0]
   [Code Root Fixup: 0.0 ms]
   [Code Root Migration: 0.0 ms]
   [Clear CT: 0.1 ms]
   [Other: 0.4 ms]
      [Choose CSet: 0.0 ms]
      [Ref Proc: 0.2 ms]
      [Ref Enq: 0.0 ms]
      [Free CSet: 0.1 ms]
   [Eden: 9216.0K(9216.0K)->0.0B(67.0M) Survivors: 3072.0K->2048.0K Heap: 109.0M(256.0M)->99.5M(256.0M)]
 [Times: user=0.03 sys=0.00, real=0.01 secs] 
2014-07-10T16:13:25.551+0200: 56.535: [GC pause (young), 0.0451180 secs]
   [Parallel Time: 44.7 ms, GC Workers: 2]
      [GC Worker Start (ms): Min: 56535.3, Avg: 56535.3, Max: 56535.3, Diff: 0.0]
      [Ext Root Scanning (ms): Min: 1.1, Avg: 1.2, Max: 1.3, Diff: 0.1, Sum: 2.4]
      [Update RS (ms): Min: 0.4, Avg: 0.4, Max: 0.5, Diff: 0.1, Sum: 0.8]
         [Processed Buffers: Min: 1, Avg: 3.0, Max: 5, Diff: 4, Sum: 6]
      [Scan RS (ms): Min: 0.1, Avg: 0.1, Max: 0.1, Diff: 0.0, Sum: 0.2]
      [Code Root Scanning (ms): Min: 0.0, Avg: 0.0, Max: 0.1, Diff: 0.0, Sum: 0.1]
      [Object Copy (ms): Min: 42.8, Avg: 42.9, Max: 42.9, Diff: 0.0, Sum: 85.7]
      [Termination (ms): Min: 0.0, Avg: 0.0, Max: 0.0, Diff: 0.0, Sum: 0.0]
      [GC Worker Other (ms): Min: 0.0, Avg: 0.0, Max: 0.0, Diff: 0.0, Sum: 0.1]
      [GC Worker Total (ms): Min: 44.6, Avg: 44.6, Max: 44.6, Diff: 0.0, Sum: 89.3]
      [GC Worker End (ms): Min: 56579.9, Avg: 56579.9, Max: 56579.9, Diff: 0.0]
   [Code Root Fixup: 0.0 ms]
   [Code Root Migration: 0.0 ms]
   [Clear CT: 0.1 ms]
   [Other: 0.4 ms]
      [Choose CSet: 0.0 ms]
      [Ref Proc: 0.1 ms]
      [Ref Enq: 0.0 ms]
      [Free CSet: 0.1 ms]
   [Eden: 67.0M(67.0M)->0.0B(26.0M) Survivors: 2048.0K->9216.0K Heap: 166.5M(256.0M)->176.0M(256.0M)]
 [Times: user=0.09 sys=0.00, real=0.04 secs] 
2014-07-10T16:13:25.639+0200: 56.623: [GC pause (young) (initial-mark), 0.0186301 secs]
   [Parallel Time: 18.2 ms, GC Workers: 2]
      [GC Worker Start (ms): Min: 56623.4, Avg: 56623.4, Max: 56623.4, Diff: 0.0]
      [Ext Root Scanning (ms): Min: 1.1, Avg: 1.1, Max: 1.2, Diff: 0.1, Sum: 2.3]
      [Code Root Marking (ms): Min: 0.0, Avg: 0.0, Max: 0.1, Diff: 0.0, Sum: 0.1]
      [Update RS (ms): Min: 0.9, Avg: 0.9, Max: 0.9, Diff: 0.0, Sum: 1.8]
         [Processed Buffers: Min: 4, Avg: 5.5, Max: 7, Diff: 3, Sum: 11]
      [Scan RS (ms): Min: 0.0, Avg: 0.0, Max: 0.1, Diff: 0.0, Sum: 0.1]
      [Code Root Scanning (ms): Min: 0.0, Avg: 0.0, Max: 0.0, Diff: 0.0, Sum: 0.0]
      [Object Copy (ms): Min: 16.0, Avg: 16.0, Max: 16.0, Diff: 0.0, Sum: 32.0]
      [Termination (ms): Min: 0.0, Avg: 0.0, Max: 0.0, Diff: 0.0, Sum: 0.0]
      [GC Worker Other (ms): Min: 0.0, Avg: 0.0, Max: 0.0, Diff: 0.0, Sum: 0.1]
      [GC Worker Total (ms): Min: 18.2, Avg: 18.2, Max: 18.2, Diff: 0.0, Sum: 36.3]
      [GC Worker End (ms): Min: 56641.6, Avg: 56641.6, Max: 56641.6, Diff: 0.0]
   [Code Root Fixup: 0.0 ms]
   [Code Root Migration: 0.0 ms]
   [Clear CT: 0.1 ms]
   [Other: 0.3 ms]
      [Choose CSet: 0.0 ms]
      [Ref Proc: 0.0 ms]
      [Ref Enq: 0.0 ms]
      [Free CSet: 0.1 ms]
   [Eden: 26.0M(26.0M)->0.0B(17.0M) Survivors: 9216.0K->5120.0K Heap: 202.0M(256.0M)->194.5M(256.0M)]
 [Times: user=0.01 sys=0.00, real=0.02 secs] 
2014-07-10T16:13:25.658+0200: 56.642: [GC concurrent-root-region-scan-start]
2014-07-10T16:13:25.658+0200: 56.642: [GC concurrent-root-region-scan-end, 0.0000873 secs]
2014-07-10T16:13:25.658+0200: 56.642: [GC concurrent-mark-start]
2014-07-10T16:13:25.662+0200: 56.647: [GC concurrent-mark-end, 0.0034892 secs]
2014-07-10T16:13:25.662+0200: 56.647: [GC remark 2014-07-10T16:13:25.662+0200: 56.647: [GC ref-proc, 0.0000994 secs], 0.0011263 secs]
 [Times: user=0.00 sys=0.00, real=0.00 secs] 
2014-07-10T16:13:25.664+0200: 56.648: [GC cleanup 198M->97M(256M), 0.0007728 secs]
 [Times: user=0.00 sys=0.00, real=0.00 secs] 
2014-07-10T16:13:25.664+0200: 56.649: [GC concurrent-cleanup-start]
2014-07-10T16:13:25.665+0200: 56.649: [GC concurrent-cleanup-end, 0.0002357 secs]
2014-07-10T16:13:25.685+0200: 56.669: [GC pause (young), 0.0134871 secs]
   [Parallel Time: 12.0 ms, GC Workers: 2]
      [GC Worker Start (ms): Min: 56669.5, Avg: 56669.9, Max: 56670.4, Diff: 0.8]
      [Ext Root Scanning (ms): Min: 0.8, Avg: 1.1, Max: 1.4, Diff: 0.6, Sum: 2.1]
      [Update RS (ms): Min: 0.3, Avg: 0.4, Max: 0.5, Diff: 0.2, Sum: 0.8]
         [Processed Buffers: Min: 2, Avg: 3.0, Max: 4, Diff: 2, Sum: 6]
      [Scan RS (ms): Min: 0.0, Avg: 0.0, Max: 0.0, Diff: 0.0, Sum: 0.1]
      [Code Root Scanning (ms): Min: 0.0, Avg: 0.0, Max: 0.0, Diff: 0.0, Sum: 0.0]
      [Object Copy (ms): Min: 10.0, Avg: 10.0, Max: 10.0, Diff: 0.0, Sum: 20.0]
      [Termination (ms): Min: 0.0, Avg: 0.0, Max: 0.0, Diff: 0.0, Sum: 0.0]
      [GC Worker Other (ms): Min: 0.0, Avg: 0.0, Max: 0.0, Diff: 0.0, Sum: 0.1]
      [GC Worker Total (ms): Min: 11.2, Avg: 11.6, Max: 12.0, Diff: 0.8, Sum: 23.2]
      [GC Worker End (ms): Min: 56681.5, Avg: 56681.5, Max: 56681.5, Diff: 0.0]
   [Code Root Fixup: 0.0 ms]
   [Code Root Migration: 0.0 ms]
   [Clear CT: 0.0 ms]
   [Other: 1.4 ms]
      [Choose CSet: 0.0 ms]
      [Ref Proc: 1.2 ms]
      [Ref Enq: 0.0 ms]
      [Free CSet: 0.1 ms]
   [Eden: 17.0M(17.0M)->0.0B(9216.0K) Survivors: 5120.0K->3072.0K Heap: 110.5M(256.0M)->106.0M(256.0M)]
 [Times: user=0.02 sys=0.00, real=0.01 secs] 
2014-07-10T16:13:25.713+0200: 56.697: [GC pause (mixed), 0.0094912 secs]
   [Parallel Time: 9.0 ms, GC Workers: 2]
      [GC Worker Start (ms): Min: 56697.2, Avg: 56697.2, Max: 56697.2, Diff: 0.0]
      [Ext Root Scanning (ms): Min: 1.1, Avg: 1.2, Max: 1.2, Diff: 0.1, Sum: 2.3]
      [Update RS (ms): Min: 0.3, Avg: 0.3, Max: 0.3, Diff: 0.0, Sum: 0.6]
         [Processed Buffers: Min: 1, Avg: 2.0, Max: 3, Diff: 2, Sum: 4]
      [Scan RS (ms): Min: 0.1, Avg: 0.1, Max: 0.2, Diff: 0.1, Sum: 0.2]
      [Code Root Scanning (ms): Min: 0.0, Avg: 0.0, Max: 0.0, Diff: 0.0, Sum: 0.0]
      [Object Copy (ms): Min: 7.3, Avg: 7.3, Max: 7.4, Diff: 0.0, Sum: 14.7]
      [Termination (ms): Min: 0.0, Avg: 0.0, Max: 0.0, Diff: 0.0, Sum: 0.0]
      [GC Worker Other (ms): Min: 0.0, Avg: 0.0, Max: 0.0, Diff: 0.0, Sum: 0.1]
      [GC Worker Total (ms): Min: 8.9, Avg: 8.9, Max: 9.0, Diff: 0.0, Sum: 17.9]
      [GC Worker End (ms): Min: 56706.2, Avg: 56706.2, Max: 56706.2, Diff: 0.0]
   [Code Root Fixup: 0.0 ms]
   [Code Root Migration: 0.0 ms]
   [Clear CT: 0.1 ms]
   [Other: 0.3 ms]
      [Choose CSet: 0.0 ms]
      [Ref Proc: 0.0 ms]
      [Ref Enq: 0.0 ms]
      [Free CSet: 0.2 ms]
   [Eden: 9216.0K(9216.0K)->0.0B(67.0M) Survivors: 3072.0K->2048.0K Heap: 115.0M(256.0M)->97.5M(256.0M)]
 [Times: user=0.03 sys=0.00, real=0.01 secs] 
2014-07-10T16:13:25.833+0200: 56.818: [GC pause (young), 0.0494299 secs]
   [Parallel Time: 49.0 ms, GC Workers: 2]
      [GC Worker Start (ms): Min: 56818.2, Avg: 56819.9, Max: 56821.6, Diff: 3.4]
      [Ext Root Scanning (ms): Min: 0.0, Avg: 0.9, Max: 1.8, Diff: 1.7, Sum: 1.8]
      [Update RS (ms): Min: 0.0, Avg: 0.4, Max: 0.9, Diff: 0.9, Sum: 0.9]
         [Processed Buffers: Min: 0, Avg: 2.5, Max: 5, Diff: 5, Sum: 5]
      [Scan RS (ms): Min: 0.0, Avg: 0.1, Max: 0.2, Diff: 0.2, Sum: 0.2]
      [Code Root Scanning (ms): Min: 0.0, Avg: 0.0, Max: 0.1, Diff: 0.1, Sum: 0.1]
      [Object Copy (ms): Min: 45.0, Avg: 45.2, Max: 45.5, Diff: 0.5, Sum: 90.4]
      [Termination (ms): Min: 0.0, Avg: 0.0, Max: 0.0, Diff: 0.0, Sum: 0.0]
      [GC Worker Other (ms): Min: 0.0, Avg: 0.0, Max: 0.0, Diff: 0.0, Sum: 0.1]
      [GC Worker Total (ms): Min: 45.0, Avg: 46.7, Max: 48.4, Diff: 3.4, Sum: 93.4]
      [GC Worker End (ms): Min: 56866.6, Avg: 56866.6, Max: 56866.6, Diff: 0.0]
   [Code Root Fixup: 0.0 ms]
   [Code Root Migration: 0.0 ms]
   [Clear CT: 0.1 ms]
   [Other: 0.4 ms]
      [Choose CSet: 0.0 ms]
      [Ref Proc: 0.0 ms]
      [Ref Enq: 0.0 ms]
      [Free CSet: 0.1 ms]
   [Eden: 67.0M(67.0M)->0.0B(28.0M) Survivors: 2048.0K->9216.0K Heap: 164.5M(256.0M)->173.0M(256.0M)]
 [Times: user=0.08 sys=0.00, real=0.05 secs] 
2014-07-10T16:13:25.942+0200: 56.927: [GC pause (young) (initial-mark), 0.0394863 secs]
   [Parallel Time: 27.3 ms, GC Workers: 2]
      [GC Worker Start (ms): Min: 56926.9, Avg: 56940.3, Max: 56953.8, Diff: 26.9]
      [Ext Root Scanning (ms): Min: 0.0, Avg: 0.9, Max: 1.7, Diff: 1.7, Sum: 1.8]
      [Code Root Marking (ms): Min: 0.0, Avg: 0.0, Max: 0.1, Diff: 0.1, Sum: 0.1]
      [Update RS (ms): Min: 0.0, Avg: 0.8, Max: 1.6, Diff: 1.6, Sum: 1.6]
         [Processed Buffers: Min: 0, Avg: 5.0, Max: 10, Diff: 10, Sum: 10]
      [Scan RS (ms): Min: 0.0, Avg: 0.0, Max: 0.1, Diff: 0.1, Sum: 0.1]
      [Code Root Scanning (ms): Min: 0.0, Avg: 0.0, Max: 0.0, Diff: 0.0, Sum: 0.0]
      [Object Copy (ms): Min: 0.0, Avg: 11.6, Max: 23.3, Diff: 23.2, Sum: 23.3]
      [Termination (ms): Min: 0.0, Avg: 0.1, Max: 0.2, Diff: 0.2, Sum: 0.2]
      [GC Worker Other (ms): Min: 0.0, Avg: 0.0, Max: 0.0, Diff: 0.0, Sum: 0.0]
      [GC Worker Total (ms): Min: 0.1, Avg: 13.6, Max: 27.1, Diff: 27.0, Sum: 27.1]
      [GC Worker End (ms): Min: 56953.8, Avg: 56953.9, Max: 56954.0, Diff: 0.1]
   [Code Root Fixup: 0.0 ms]
   [Code Root Migration: 0.0 ms]
   [Clear CT: 0.0 ms]
   [Other: 12.1 ms]
      [Choose CSet: 0.0 ms]
      [Ref Proc: 11.9 ms]
      [Ref Enq: 0.0 ms]
      [Free CSet: 0.1 ms]
   [Eden: 28.0M(28.0M)->0.0B(18.0M) Survivors: 9216.0K->5120.0K Heap: 201.0M(256.0M)->193.0M(256.0M)]
 [Times: user=0.03 sys=0.00, real=0.04 secs] 
2014-07-10T16:13:25.982+0200: 56.967: [GC concurrent-root-region-scan-start]
2014-07-10T16:13:25.982+0200: 56.967: [GC concurrent-root-region-scan-end, 0.0002225 secs]
2014-07-10T16:13:25.982+0200: 56.967: [GC concurrent-mark-start]
2014-07-10T16:13:25.986+0200: 56.971: [GC concurrent-mark-end, 0.0037535 secs]
2014-07-10T16:13:25.987+0200: 56.971: [GC remark 2014-07-10T16:13:25.987+0200: 56.971: [GC ref-proc, 0.0000642 secs], 0.0012506 secs]
 [Times: user=0.00 sys=0.00, real=0.00 secs] 
2014-07-10T16:13:25.994+0200: 56.978: [GC cleanup 200M->95M(256M), 0.0009602 secs]
 [Times: user=0.02 sys=0.02, real=0.00 secs] 
2014-07-10T16:13:25.995+0200: 56.980: [GC concurrent-cleanup-start]
2014-07-10T16:13:25.995+0200: 56.980: [GC concurrent-cleanup-end, 0.0001774 secs]
2014-07-10T16:13:26.010+0200: 56.994: [GC pause (young), 0.0097819 secs]
   [Parallel Time: 9.5 ms, GC Workers: 2]
      [GC Worker Start (ms): Min: 56994.3, Avg: 56994.3, Max: 56994.3, Diff: 0.0]
      [Ext Root Scanning (ms): Min: 0.9, Avg: 1.0, Max: 1.0, Diff: 0.0, Sum: 1.9]
      [Update RS (ms): Min: 0.3, Avg: 0.4, Max: 0.5, Diff: 0.3, Sum: 0.8]
         [Processed Buffers: Min: 2, Avg: 3.0, Max: 4, Diff: 2, Sum: 6]
      [Scan RS (ms): Min: 0.0, Avg: 0.0, Max: 0.1, Diff: 0.1, Sum: 0.1]
      [Code Root Scanning (ms): Min: 0.0, Avg: 0.0, Max: 0.0, Diff: 0.0, Sum: 0.0]
      [Object Copy (ms): Min: 7.8, Avg: 8.0, Max: 8.1, Diff: 0.3, Sum: 15.9]
      [Termination (ms): Min: 0.0, Avg: 0.1, Max: 0.1, Diff: 0.1, Sum: 0.1]
      [GC Worker Other (ms): Min: 0.0, Avg: 0.0, Max: 0.0, Diff: 0.0, Sum: 0.0]
      [GC Worker Total (ms): Min: 9.4, Avg: 9.5, Max: 9.5, Diff: 0.0, Sum: 18.9]
      [GC Worker End (ms): Min: 57003.8, Avg: 57003.8, Max: 57003.8, Diff: 0.0]
   [Code Root Fixup: 0.0 ms]
   [Code Root Migration: 0.0 ms]
   [Clear CT: 0.0 ms]
   [Other: 0.2 ms]
      [Choose CSet: 0.0 ms]
      [Ref Proc: 0.0 ms]
      [Ref Enq: 0.0 ms]
      [Free CSet: 0.1 ms]
   [Eden: 18.0M(18.0M)->0.0B(9216.0K) Survivors: 5120.0K->3072.0K Heap: 106.0M(256.0M)->97.0M(256.0M)]
 [Times: user=0.03 sys=0.00, real=0.01 secs] 
2014-07-10T16:13:26.034+0200: 57.018: [GC pause (mixed), 0.0115109 secs]
   [Parallel Time: 11.0 ms, GC Workers: 2]
      [GC Worker Start (ms): Min: 57018.3, Avg: 57023.7, Max: 57029.2, Diff: 10.9]
      [Ext Root Scanning (ms): Min: 0.0, Avg: 0.9, Max: 1.8, Diff: 1.8, Sum: 1.8]
      [Update RS (ms): Min: 0.0, Avg: 0.2, Max: 0.4, Diff: 0.4, Sum: 0.4]
         [Processed Buffers: Min: 0, Avg: 3.0, Max: 6, Diff: 6, Sum: 6]
      [Scan RS (ms): Min: 0.0, Avg: 0.1, Max: 0.2, Diff: 0.2, Sum: 0.2]
      [Code Root Scanning (ms): Min: 0.0, Avg: 0.0, Max: 0.0, Diff: 0.0, Sum: 0.0]
      [Object Copy (ms): Min: 0.0, Avg: 4.2, Max: 8.4, Diff: 8.4, Sum: 8.4]
      [Termination (ms): Min: 0.0, Avg: 0.1, Max: 0.1, Diff: 0.1, Sum: 0.1]
      [GC Worker Other (ms): Min: 0.0, Avg: 0.0, Max: 0.0, Diff: 0.0, Sum: 0.0]
      [GC Worker Total (ms): Min: 0.0, Avg: 5.5, Max: 11.0, Diff: 10.9, Sum: 11.0]
      [GC Worker End (ms): Min: 57029.2, Avg: 57029.3, Max: 57029.3, Diff: 0.0]
   [Code Root Fixup: 0.0 ms]
   [Code Root Migration: 0.0 ms]
   [Clear CT: 0.2 ms]
   [Other: 0.3 ms]
      [Choose CSet: 0.0 ms]
      [Ref Proc: 0.1 ms]
      [Ref Enq: 0.0 ms]
      [Free CSet: 0.1 ms]
   [Eden: 9216.0K(9216.0K)->0.0B(72.0M) Survivors: 3072.0K->2048.0K Heap: 106.0M(256.0M)->94.0M(256.0M)]
 [Times: user=0.02 sys=0.00, real=0.01 secs] 
2014-07-10T16:13:26.164+0200: 57.148: [GC pause (young), 0.0490512 secs]
   [Parallel Time: 48.6 ms, GC Workers: 2]
      [GC Worker Start (ms): Min: 57148.3, Avg: 57148.3, Max: 57148.3, Diff: 0.0]
      [Ext Root Scanning (ms): Min: 1.0, Avg: 1.0, Max: 1.0, Diff: 0.0, Sum: 2.0]
      [Update RS (ms): Min: 0.1, Avg: 0.4, Max: 0.7, Diff: 0.6, Sum: 0.8]
         [Processed Buffers: Min: 1, Avg: 2.5, Max: 4, Diff: 3, Sum: 5]
      [Scan RS (ms): Min: 0.0, Avg: 0.2, Max: 0.3, Diff: 0.3, Sum: 0.3]
      [Code Root Scanning (ms): Min: 0.0, Avg: 0.0, Max: 0.1, Diff: 0.1, Sum: 0.1]
      [Object Copy (ms): Min: 46.8, Avg: 46.9, Max: 47.0, Diff: 0.2, Sum: 93.8]
      [Termination (ms): Min: 0.0, Avg: 0.0, Max: 0.0, Diff: 0.0, Sum: 0.0]
      [GC Worker Other (ms): Min: 0.0, Avg: 0.0, Max: 0.0, Diff: 0.0, Sum: 0.1]
      [GC Worker Total (ms): Min: 48.5, Avg: 48.5, Max: 48.6, Diff: 0.0, Sum: 97.1]
      [GC Worker End (ms): Min: 57196.9, Avg: 57196.9, Max: 57196.9, Diff: 0.0]
   [Code Root Fixup: 0.0 ms]
   [Code Root Migration: 0.0 ms]
   [Clear CT: 0.1 ms]
   [Other: 0.4 ms]
      [Choose CSet: 0.0 ms]
      [Ref Proc: 0.0 ms]
      [Ref Enq: 0.0 ms]
      [Free CSet: 0.1 ms]
   [Eden: 72.0M(72.0M)->0.0B(27.0M) Survivors: 2048.0K->10.0M Heap: 166.0M(256.0M)->176.0M(256.0M)]
 [Times: user=0.09 sys=0.00, real=0.05 secs] 
2014-07-10T16:13:26.256+0200: 57.240: [GC pause (young) (initial-mark), 0.0195298 secs]
   [Parallel Time: 18.9 ms, GC Workers: 2]
      [GC Worker Start (ms): Min: 57240.3, Avg: 57240.3, Max: 57240.3, Diff: 0.0]
      [Ext Root Scanning (ms): Min: 1.0, Avg: 1.1, Max: 1.1, Diff: 0.1, Sum: 2.1]
      [Code Root Marking (ms): Min: 0.1, Avg: 0.1, Max: 0.1, Diff: 0.0, Sum: 0.1]
      [Update RS (ms): Min: 1.5, Avg: 1.5, Max: 1.5, Diff: 0.1, Sum: 3.0]
         [Processed Buffers: Min: 2, Avg: 5.0, Max: 8, Diff: 6, Sum: 10]
      [Scan RS (ms): Min: 0.0, Avg: 0.1, Max: 0.1, Diff: 0.1, Sum: 0.1]
      [Code Root Scanning (ms): Min: 0.0, Avg: 0.0, Max: 0.0, Diff: 0.0, Sum: 0.0]
      [Object Copy (ms): Min: 16.1, Avg: 16.1, Max: 16.1, Diff: 0.0, Sum: 32.1]
      [Termination (ms): Min: 0.0, Avg: 0.0, Max: 0.0, Diff: 0.0, Sum: 0.0]
      [GC Worker Other (ms): Min: 0.0, Avg: 0.0, Max: 0.0, Diff: 0.0, Sum: 0.1]
      [GC Worker Total (ms): Min: 18.8, Avg: 18.8, Max: 18.8, Diff: 0.0, Sum: 37.6]
      [GC Worker End (ms): Min: 57259.1, Avg: 57259.1, Max: 57259.1, Diff: 0.0]
   [Code Root Fixup: 0.0 ms]
   [Code Root Migration: 0.0 ms]
   [Clear CT: 0.2 ms]
   [Other: 0.5 ms]
      [Choose CSet: 0.0 ms]
      [Ref Proc: 0.1 ms]
      [Ref Enq: 0.0 ms]
      [Free CSet: 0.1 ms]
   [Eden: 27.0M(27.0M)->0.0B(18.0M) Survivors: 10.0M->5120.0K Heap: 203.0M(256.0M)->193.5M(256.0M)]
 [Times: user=0.03 sys=0.00, real=0.02 secs] 
2014-07-10T16:13:26.276+0200: 57.260: [GC concurrent-root-region-scan-start]
2014-07-10T16:13:26.276+0200: 57.260: [GC concurrent-root-region-scan-end, 0.0000920 secs]
2014-07-10T16:13:26.276+0200: 57.260: [GC concurrent-mark-start]
2014-07-10T16:13:26.281+0200: 57.265: [GC concurrent-mark-end, 0.0031105 secs]
2014-07-10T16:13:26.281+0200: 57.266: [GC remark 2014-07-10T16:13:26.281+0200: 57.266: [GC ref-proc, 0.0000645 secs], 0.0011219 secs]
 [Times: user=0.00 sys=0.00, real=0.00 secs] 
2014-07-10T16:13:26.282+0200: 57.267: [GC cleanup 197M->103M(256M), 0.0007948 secs]
 [Times: user=0.00 sys=0.00, real=0.00 secs] 
2014-07-10T16:13:26.283+0200: 57.268: [GC concurrent-cleanup-start]
2014-07-10T16:13:26.283+0200: 57.268: [GC concurrent-cleanup-end, 0.0002159 secs]
2014-07-10T16:13:26.304+0200: 57.288: [GC pause (young), 0.0174539 secs]
   [Parallel Time: 17.2 ms, GC Workers: 2]
      [GC Worker Start (ms): Min: 57288.3, Avg: 57288.3, Max: 57288.4, Diff: 0.0]
      [Ext Root Scanning (ms): Min: 1.0, Avg: 1.1, Max: 1.1, Diff: 0.1, Sum: 2.1]
      [Update RS (ms): Min: 0.5, Avg: 0.5, Max: 0.5, Diff: 0.0, Sum: 1.0]
         [Processed Buffers: Min: 1, Avg: 2.5, Max: 4, Diff: 3, Sum: 5]
      [Scan RS (ms): Min: 0.0, Avg: 0.0, Max: 0.0, Diff: 0.0, Sum: 0.1]
      [Code Root Scanning (ms): Min: 0.0, Avg: 0.0, Max: 0.0, Diff: 0.0, Sum: 0.0]
      [Object Copy (ms): Min: 15.2, Avg: 15.3, Max: 15.4, Diff: 0.2, Sum: 30.5]
      [Termination (ms): Min: 0.0, Avg: 0.2, Max: 0.3, Diff: 0.3, Sum: 0.3]
      [GC Worker Other (ms): Min: 0.0, Avg: 0.0, Max: 0.1, Diff: 0.0, Sum: 0.1]
      [GC Worker Total (ms): Min: 17.0, Avg: 17.1, Max: 17.1, Diff: 0.1, Sum: 34.1]
      [GC Worker End (ms): Min: 57305.4, Avg: 57305.4, Max: 57305.5, Diff: 0.1]
   [Code Root Fixup: 0.0 ms]
   [Code Root Migration: 0.0 ms]
   [Clear CT: 0.0 ms]
   [Other: 0.3 ms]
      [Choose CSet: 0.0 ms]
      [Ref Proc: 0.1 ms]
      [Ref Enq: 0.0 ms]
      [Free CSet: 0.1 ms]
   [Eden: 18.0M(18.0M)->0.0B(9216.0K) Survivors: 5120.0K->3072.0K Heap: 117.5M(256.0M)->116.5M(256.0M)]
 [Times: user=0.03 sys=0.00, real=0.02 secs] 
2014-07-10T16:13:26.336+0200: 57.320: [GC pause (mixed), 0.0114915 secs]
   [Parallel Time: 10.1 ms, GC Workers: 2]
      [GC Worker Start (ms): Min: 57320.4, Avg: 57324.4, Max: 57328.4, Diff: 8.0]
      [Ext Root Scanning (ms): Min: 0.0, Avg: 0.8, Max: 1.7, Diff: 1.7, Sum: 1.7]
      [Update RS (ms): Min: 0.0, Avg: 0.3, Max: 0.6, Diff: 0.6, Sum: 0.6]
         [Processed Buffers: Min: 0, Avg: 3.0, Max: 6, Diff: 6, Sum: 6]
      [Scan RS (ms): Min: 0.0, Avg: 0.2, Max: 0.3, Diff: 0.3, Sum: 0.3]
      [Code Root Scanning (ms): Min: 0.0, Avg: 0.0, Max: 0.0, Diff: 0.0, Sum: 0.0]
      [Object Copy (ms): Min: 2.1, Avg: 4.8, Max: 7.5, Diff: 5.4, Sum: 9.5]
      [Termination (ms): Min: 0.0, Avg: 0.0, Max: 0.0, Diff: 0.0, Sum: 0.0]
      [GC Worker Other (ms): Min: 0.0, Avg: 0.0, Max: 0.0, Diff: 0.0, Sum: 0.1]
      [GC Worker Total (ms): Min: 2.1, Avg: 6.1, Max: 10.1, Diff: 8.0, Sum: 12.2]
      [GC Worker End (ms): Min: 57330.5, Avg: 57330.5, Max: 57330.5, Diff: 0.0]
   [Code Root Fixup: 0.0 ms]
   [Code Root Migration: 0.0 ms]
   [Clear CT: 0.2 ms]
   [Other: 1.1 ms]
      [Choose CSet: 0.0 ms]
      [Ref Proc: 0.8 ms]
      [Ref Enq: 0.0 ms]
      [Free CSet: 0.2 ms]
   [Eden: 9216.0K(9216.0K)->0.0B(10.0M) Survivors: 3072.0K->2048.0K Heap: 125.5M(256.0M)->101.0M(256.0M)]
 [Times: user=0.00 sys=0.02, real=0.01 secs] 
2014-07-10T16:13:26.363+0200: 57.347: [GC pause (mixed), 0.0102333 secs]
   [Parallel Time: 9.8 ms, GC Workers: 2]
      [GC Worker Start (ms): Min: 57347.3, Avg: 57347.3, Max: 57347.3, Diff: 0.0]
      [Ext Root Scanning (ms): Min: 1.0, Avg: 1.0, Max: 1.1, Diff: 0.0, Sum: 2.1]
      [Update RS (ms): Min: 0.1, Avg: 0.3, Max: 0.4, Diff: 0.3, Sum: 0.6]
         [Processed Buffers: Min: 1, Avg: 3.0, Max: 5, Diff: 4, Sum: 6]
      [Scan RS (ms): Min: 0.0, Avg: 0.1, Max: 0.2, Diff: 0.2, Sum: 0.2]
      [Code Root Scanning (ms): Min: 0.0, Avg: 0.0, Max: 0.0, Diff: 0.0, Sum: 0.0]
      [Object Copy (ms): Min: 8.2, Avg: 8.3, Max: 8.3, Diff: 0.1, Sum: 16.5]
      [Termination (ms): Min: 0.0, Avg: 0.0, Max: 0.1, Diff: 0.1, Sum: 0.1]
      [GC Worker Other (ms): Min: 0.0, Avg: 0.0, Max: 0.0, Diff: 0.0, Sum: 0.1]
      [GC Worker Total (ms): Min: 9.7, Avg: 9.8, Max: 9.8, Diff: 0.1, Sum: 19.5]
      [GC Worker End (ms): Min: 57357.0, Avg: 57357.1, Max: 57357.1, Diff: 0.1]
   [Code Root Fixup: 0.0 ms]
   [Code Root Migration: 0.0 ms]
   [Clear CT: 0.1 ms]
   [Other: 0.3 ms]
      [Choose CSet: 0.0 ms]
      [Ref Proc: 0.1 ms]
      [Ref Enq: 0.0 ms]
      [Free CSet: 0.1 ms]
   [Eden: 10.0M(10.0M)->0.0B(64.0M) Survivors: 2048.0K->2048.0K Heap: 111.0M(256.0M)->106.5M(256.0M)]
 [Times: user=0.02 sys=0.00, real=0.01 secs] 
2014-07-10T16:13:26.477+0200: 57.462: [GC pause (young), 0.0428849 secs]
   [Parallel Time: 42.3 ms, GC Workers: 2]
      [GC Worker Start (ms): Min: 57461.6, Avg: 57461.6, Max: 57461.6, Diff: 0.0]
      [Ext Root Scanning (ms): Min: 1.0, Avg: 1.1, Max: 1.2, Diff: 0.2, Sum: 2.2]
      [Update RS (ms): Min: 0.4, Avg: 0.4, Max: 0.5, Diff: 0.0, Sum: 0.9]
         [Processed Buffers: Min: 1, Avg: 2.5, Max: 4, Diff: 3, Sum: 5]
      [Scan RS (ms): Min: 0.0, Avg: 0.1, Max: 0.1, Diff: 0.1, Sum: 0.2]
      [Code Root Scanning (ms): Min: 0.0, Avg: 0.0, Max: 0.1, Diff: 0.0, Sum: 0.1]
      [Object Copy (ms): Min: 40.6, Avg: 40.6, Max: 40.6, Diff: 0.0, Sum: 81.2]
      [Termination (ms): Min: 0.0, Avg: 0.0, Max: 0.0, Diff: 0.0, Sum: 0.0]
      [GC Worker Other (ms): Min: 0.0, Avg: 0.0, Max: 0.0, Diff: 0.0, Sum: 0.1]
      [GC Worker Total (ms): Min: 42.3, Avg: 42.3, Max: 42.3, Diff: 0.0, Sum: 84.6]
      [GC Worker End (ms): Min: 57503.9, Avg: 57503.9, Max: 57503.9, Diff: 0.0]
   [Code Root Fixup: 0.0 ms]
   [Code Root Migration: 0.0 ms]
   [Clear CT: 0.1 ms]
   [Other: 0.5 ms]
      [Choose CSet: 0.0 ms]
      [Ref Proc: 0.2 ms]
      [Ref Enq: 0.0 ms]
      [Free CSet: 0.1 ms]
   [Eden: 64.0M(64.0M)->0.0B(27.0M) Survivors: 2048.0K->9216.0K Heap: 170.5M(256.0M)->175.5M(256.0M)]
 [Times: user=0.09 sys=0.00, real=0.04 secs] 
2014-07-10T16:13:26.564+0200: 57.548: [GC pause (young) (initial-mark), 0.0186781 secs]
   [Parallel Time: 18.3 ms, GC Workers: 2]
      [GC Worker Start (ms): Min: 57548.3, Avg: 57548.3, Max: 57548.3, Diff: 0.0]
      [Ext Root Scanning (ms): Min: 0.9, Avg: 0.9, Max: 0.9, Diff: 0.0, Sum: 1.8]
      [Code Root Marking (ms): Min: 0.0, Avg: 0.0, Max: 0.1, Diff: 0.0, Sum: 0.1]
      [Update RS (ms): Min: 0.9, Avg: 0.9, Max: 0.9, Diff: 0.0, Sum: 1.7]
         [Processed Buffers: Min: 4, Avg: 5.0, Max: 6, Diff: 2, Sum: 10]
      [Scan RS (ms): Min: 0.0, Avg: 0.0, Max: 0.0, Diff: 0.0, Sum: 0.1]
      [Code Root Scanning (ms): Min: 0.0, Avg: 0.0, Max: 0.0, Diff: 0.0, Sum: 0.0]
      [Object Copy (ms): Min: 16.3, Avg: 16.3, Max: 16.3, Diff: 0.0, Sum: 32.6]
      [Termination (ms): Min: 0.0, Avg: 0.0, Max: 0.0, Diff: 0.0, Sum: 0.0]
      [GC Worker Other (ms): Min: 0.0, Avg: 0.0, Max: 0.0, Diff: 0.0, Sum: 0.1]
      [GC Worker Total (ms): Min: 18.2, Avg: 18.2, Max: 18.2, Diff: 0.0, Sum: 36.4]
      [GC Worker End (ms): Min: 57566.5, Avg: 57566.5, Max: 57566.5, Diff: 0.0]
   [Code Root Fixup: 0.0 ms]
   [Code Root Migration: 0.0 ms]
   [Clear CT: 0.1 ms]
   [Other: 0.3 ms]
      [Choose CSet: 0.0 ms]
      [Ref Proc: 0.0 ms]
      [Ref Enq: 0.0 ms]
      [Free CSet: 0.1 ms]
   [Eden: 27.0M(27.0M)->0.0B(17.0M) Survivors: 9216.0K->5120.0K Heap: 202.5M(256.0M)->194.0M(256.0M)]
 [Times: user=0.03 sys=0.00, real=0.02 secs] 
2014-07-10T16:13:26.583+0200: 57.567: [GC concurrent-root-region-scan-start]
2014-07-10T16:13:26.583+0200: 57.567: [GC concurrent-root-region-scan-end, 0.0000909 secs]
2014-07-10T16:13:26.583+0200: 57.567: [GC concurrent-mark-start]
2014-07-10T16:13:26.586+0200: 57.571: [GC concurrent-mark-end, 0.0035926 secs]
2014-07-10T16:13:26.587+0200: 57.571: [GC remark 2014-07-10T16:13:26.587+0200: 57.571: [GC ref-proc, 0.0000708 secs], 0.0011541 secs]
 [Times: user=0.03 sys=0.00, real=0.00 secs] 
2014-07-10T16:13:26.588+0200: 57.572: [GC cleanup 197M->93M(256M), 0.0007926 secs]
 [Times: user=0.00 sys=0.00, real=0.00 secs] 
2014-07-10T16:13:26.589+0200: 57.573: [GC concurrent-cleanup-start]
2014-07-10T16:13:26.589+0200: 57.573: [GC concurrent-cleanup-end, 0.0001719 secs]
2014-07-10T16:13:26.612+0200: 57.597: [GC pause (young), 0.0125265 secs]
   [Parallel Time: 12.2 ms, GC Workers: 2]
      [GC Worker Start (ms): Min: 57596.6, Avg: 57596.6, Max: 57596.6, Diff: 0.0]
      [Ext Root Scanning (ms): Min: 1.1, Avg: 1.2, Max: 1.2, Diff: 0.0, Sum: 2.3]
      [Update RS (ms): Min: 0.4, Avg: 0.5, Max: 0.5, Diff: 0.1, Sum: 0.9]
         [Processed Buffers: Min: 2, Avg: 3.0, Max: 4, Diff: 2, Sum: 6]
      [Scan RS (ms): Min: 0.0, Avg: 0.0, Max: 0.0, Diff: 0.0, Sum: 0.1]
      [Code Root Scanning (ms): Min: 0.0, Avg: 0.0, Max: 0.0, Diff: 0.0, Sum: 0.0]
      [Object Copy (ms): Min: 10.5, Avg: 10.5, Max: 10.5, Diff: 0.0, Sum: 21.0]
      [Termination (ms): Min: 0.0, Avg: 0.0, Max: 0.0, Diff: 0.0, Sum: 0.0]
      [GC Worker Other (ms): Min: 0.0, Avg: 0.0, Max: 0.0, Diff: 0.0, Sum: 0.1]
      [GC Worker Total (ms): Min: 12.2, Avg: 12.2, Max: 12.2, Diff: 0.0, Sum: 24.4]
      [GC Worker End (ms): Min: 57608.8, Avg: 57608.8, Max: 57608.8, Diff: 0.0]
   [Code Root Fixup: 0.0 ms]
   [Code Root Migration: 0.0 ms]
   [Clear CT: 0.0 ms]
   [Other: 0.2 ms]
      [Choose CSet: 0.0 ms]
      [Ref Proc: 0.0 ms]
      [Ref Enq: 0.0 ms]
      [Free CSet: 0.1 ms]
   [Eden: 17.0M(17.0M)->0.0B(9216.0K) Survivors: 5120.0K->3072.0K Heap: 107.0M(256.0M)->103.0M(256.0M)]
 [Times: user=0.02 sys=0.00, real=0.01 secs] 
2014-07-10T16:13:26.639+0200: 57.623: [GC pause (mixed), 0.0096558 secs]
   [Parallel Time: 9.2 ms, GC Workers: 2]
      [GC Worker Start (ms): Min: 57623.4, Avg: 57623.4, Max: 57623.4, Diff: 0.0]
      [Ext Root Scanning (ms): Min: 1.0, Avg: 1.1, Max: 1.1, Diff: 0.1, Sum: 2.2]
      [Update RS (ms): Min: 0.3, Avg: 0.3, Max: 0.3, Diff: 0.1, Sum: 0.6]
         [Processed Buffers: Min: 2, Avg: 2.5, Max: 3, Diff: 1, Sum: 5]
      [Scan RS (ms): Min: 0.1, Avg: 0.1, Max: 0.1, Diff: 0.0, Sum: 0.2]
      [Code Root Scanning (ms): Min: 0.0, Avg: 0.0, Max: 0.0, Diff: 0.0, Sum: 0.0]
      [Object Copy (ms): Min: 7.6, Avg: 7.6, Max: 7.6, Diff: 0.0, Sum: 15.2]
      [Termination (ms): Min: 0.0, Avg: 0.0, Max: 0.0, Diff: 0.0, Sum: 0.0]
      [GC Worker Other (ms): Min: 0.0, Avg: 0.0, Max: 0.0, Diff: 0.0, Sum: 0.1]
      [GC Worker Total (ms): Min: 9.1, Avg: 9.1, Max: 9.1, Diff: 0.0, Sum: 18.3]
      [GC Worker End (ms): Min: 57632.5, Avg: 57632.5, Max: 57632.5, Diff: 0.0]
   [Code Root Fixup: 0.0 ms]
   [Code Root Migration: 0.0 ms]
   [Clear CT: 0.1 ms]
   [Other: 0.4 ms]
      [Choose CSet: 0.0 ms]
      [Ref Proc: 0.1 ms]
      [Ref Enq: 0.0 ms]
      [Free CSet: 0.2 ms]
   [Eden: 9216.0K(9216.0K)->0.0B(68.0M) Survivors: 3072.0K->2048.0K Heap: 112.0M(256.0M)->95.5M(256.0M)]
 [Times: user=0.00 sys=0.00, real=0.01 secs] 
2014-07-10T16:13:26.760+0200: 57.745: [GC pause (young), 0.0460507 secs]
   [Parallel Time: 45.6 ms, GC Workers: 2]
      [GC Worker Start (ms): Min: 57744.9, Avg: 57744.9, Max: 57744.9, Diff: 0.0]
      [Ext Root Scanning (ms): Min: 1.0, Avg: 1.1, Max: 1.2, Diff: 0.2, Sum: 2.3]
      [Update RS (ms): Min: 0.5, Avg: 0.5, Max: 0.5, Diff: 0.0, Sum: 0.9]
         [Processed Buffers: Min: 1, Avg: 3.0, Max: 5, Diff: 4, Sum: 6]
      [Scan RS (ms): Min: 0.0, Avg: 0.1, Max: 0.2, Diff: 0.1, Sum: 0.2]
      [Code Root Scanning (ms): Min: 0.0, Avg: 0.0, Max: 0.1, Diff: 0.1, Sum: 0.1]
      [Object Copy (ms): Min: 43.8, Avg: 43.8, Max: 43.8, Diff: 0.0, Sum: 87.6]
      [Termination (ms): Min: 0.0, Avg: 0.0, Max: 0.0, Diff: 0.0, Sum: 0.0]
      [GC Worker Other (ms): Min: 0.0, Avg: 0.0, Max: 0.0, Diff: 0.0, Sum: 0.1]
      [GC Worker Total (ms): Min: 45.6, Avg: 45.6, Max: 45.6, Diff: 0.0, Sum: 91.1]
      [GC Worker End (ms): Min: 57790.4, Avg: 57790.4, Max: 57790.4, Diff: 0.0]
   [Code Root Fixup: 0.0 ms]
   [Code Root Migration: 0.0 ms]
   [Clear CT: 0.1 ms]
   [Other: 0.4 ms]
      [Choose CSet: 0.0 ms]
      [Ref Proc: 0.0 ms]
      [Ref Enq: 0.0 ms]
      [Free CSet: 0.1 ms]
   [Eden: 68.0M(68.0M)->0.0B(30.0M) Survivors: 2048.0K->9216.0K Heap: 163.5M(256.0M)->169.5M(256.0M)]
 [Times: user=0.09 sys=0.00, real=0.05 secs] 
2014-07-10T16:13:26.855+0200: 57.839: [GC pause (young) (initial-mark), 0.0214553 secs]
   [Parallel Time: 21.0 ms, GC Workers: 2]
      [GC Worker Start (ms): Min: 57839.6, Avg: 57840.8, Max: 57842.0, Diff: 2.4]
      [Ext Root Scanning (ms): Min: 0.0, Avg: 0.9, Max: 1.7, Diff: 1.7, Sum: 1.7]
      [Code Root Marking (ms): Min: 0.0, Avg: 0.0, Max: 0.1, Diff: 0.1, Sum: 0.1]
      [Update RS (ms): Min: 0.7, Avg: 0.9, Max: 1.1, Diff: 0.4, Sum: 1.8]
         [Processed Buffers: Min: 5, Avg: 5.0, Max: 5, Diff: 0, Sum: 10]
      [Scan RS (ms): Min: 0.0, Avg: 0.0, Max: 0.1, Diff: 0.1, Sum: 0.1]
      [Code Root Scanning (ms): Min: 0.0, Avg: 0.0, Max: 0.0, Diff: 0.0, Sum: 0.0]
      [Object Copy (ms): Min: 17.6, Avg: 17.8, Max: 17.9, Diff: 0.3, Sum: 35.5]
      [Termination (ms): Min: 0.0, Avg: 0.0, Max: 0.0, Diff: 0.0, Sum: 0.0]
      [GC Worker Other (ms): Min: 0.0, Avg: 0.0, Max: 0.0, Diff: 0.0, Sum: 0.0]
      [GC Worker Total (ms): Min: 18.5, Avg: 19.7, Max: 20.9, Diff: 2.4, Sum: 39.4]
      [GC Worker End (ms): Min: 57860.5, Avg: 57860.5, Max: 57860.5, Diff: 0.0]
   [Code Root Fixup: 0.0 ms]
   [Code Root Migration: 0.0 ms]
   [Clear CT: 0.0 ms]
   [Other: 0.4 ms]
      [Choose CSet: 0.0 ms]
      [Ref Proc: 0.1 ms]
      [Ref Enq: 0.0 ms]
      [Free CSet: 0.1 ms]
   [Eden: 30.0M(30.0M)->0.0B(19.0M) Survivors: 9216.0K->5120.0K Heap: 199.5M(256.0M)->190.5M(256.0M)]
 [Times: user=0.02 sys=0.00, real=0.02 secs] 
2014-07-10T16:13:26.877+0200: 57.861: [GC concurrent-root-region-scan-start]
2014-07-10T16:13:26.877+0200: 57.861: [GC concurrent-root-region-scan-end, 0.0000935 secs]
2014-07-10T16:13:26.877+0200: 57.861: [GC concurrent-mark-start]
2014-07-10T16:13:26.880+0200: 57.865: [GC concurrent-mark-end, 0.0033293 secs]
2014-07-10T16:13:26.881+0200: 57.865: [GC remark 2014-07-10T16:13:26.881+0200: 57.866: [GC ref-proc, 0.0000730 secs], 0.0011153 secs]
 [Times: user=0.00 sys=0.00, real=0.00 secs] 
2014-07-10T16:13:26.882+0200: 57.867: [GC cleanup 192M->94M(256M), 0.0008102 secs]
 [Times: user=0.00 sys=0.00, real=0.00 secs] 
2014-07-10T16:13:26.883+0200: 57.867: [GC concurrent-cleanup-start]
2014-07-10T16:13:26.883+0200: 57.868: [GC concurrent-cleanup-end, 0.0002082 secs]
2014-07-10T16:13:26.910+0200: 57.894: [GC pause (young), 0.0135208 secs]
   [Parallel Time: 13.2 ms, GC Workers: 2]
      [GC Worker Start (ms): Min: 57894.4, Avg: 57894.4, Max: 57894.4, Diff: 0.0]
      [Ext Root Scanning (ms): Min: 1.1, Avg: 1.1, Max: 1.1, Diff: 0.0, Sum: 2.2]
      [Update RS (ms): Min: 0.5, Avg: 0.6, Max: 0.7, Diff: 0.1, Sum: 1.2]
         [Processed Buffers: Min: 3, Avg: 3.5, Max: 4, Diff: 1, Sum: 7]
      [Scan RS (ms): Min: 0.0, Avg: 0.0, Max: 0.1, Diff: 0.1, Sum: 0.1]
      [Code Root Scanning (ms): Min: 0.0, Avg: 0.0, Max: 0.0, Diff: 0.0, Sum: 0.0]
      [Object Copy (ms): Min: 11.4, Avg: 11.4, Max: 11.4, Diff: 0.1, Sum: 22.8]
      [Termination (ms): Min: 0.0, Avg: 0.0, Max: 0.0, Diff: 0.0, Sum: 0.0]
      [GC Worker Other (ms): Min: 0.0, Avg: 0.0, Max: 0.1, Diff: 0.0, Sum: 0.1]
      [GC Worker Total (ms): Min: 13.2, Avg: 13.2, Max: 13.2, Diff: 0.0, Sum: 26.4]
      [GC Worker End (ms): Min: 57907.6, Avg: 57907.6, Max: 57907.6, Diff: 0.0]
   [Code Root Fixup: 0.0 ms]
   [Code Root Migration: 0.0 ms]
   [Clear CT: 0.0 ms]
   [Other: 0.2 ms]
      [Choose CSet: 0.0 ms]
      [Ref Proc: 0.0 ms]
      [Ref Enq: 0.0 ms]
      [Free CSet: 0.1 ms]
   [Eden: 19.0M(19.0M)->0.0B(9216.0K) Survivors: 5120.0K->3072.0K Heap: 111.5M(256.0M)->107.5M(256.0M)]
 [Times: user=0.03 sys=0.00, real=0.01 secs] 
2014-07-10T16:13:26.938+0200: 57.922: [GC pause (mixed), 0.0119377 secs]
   [Parallel Time: 11.4 ms, GC Workers: 2]
      [GC Worker Start (ms): Min: 57922.4, Avg: 57922.4, Max: 57922.4, Diff: 0.0]
      [Ext Root Scanning (ms): Min: 1.1, Avg: 1.1, Max: 1.2, Diff: 0.0, Sum: 2.3]
      [Update RS (ms): Min: 0.3, Avg: 0.3, Max: 0.4, Diff: 0.1, Sum: 0.7]
         [Processed Buffers: Min: 3, Avg: 4.0, Max: 5, Diff: 2, Sum: 8]
      [Scan RS (ms): Min: 0.1, Avg: 0.1, Max: 0.1, Diff: 0.0, Sum: 0.3]
      [Code Root Scanning (ms): Min: 0.0, Avg: 0.0, Max: 0.0, Diff: 0.0, Sum: 0.0]
      [Object Copy (ms): Min: 9.6, Avg: 9.6, Max: 9.7, Diff: 0.1, Sum: 19.3]
      [Termination (ms): Min: 0.0, Avg: 0.1, Max: 0.1, Diff: 0.1, Sum: 0.1]
      [GC Worker Other (ms): Min: 0.0, Avg: 0.0, Max: 0.0, Diff: 0.0, Sum: 0.0]
      [GC Worker Total (ms): Min: 11.4, Avg: 11.4, Max: 11.4, Diff: 0.0, Sum: 22.7]
      [GC Worker End (ms): Min: 57933.8, Avg: 57933.8, Max: 57933.8, Diff: 0.0]
   [Code Root Fixup: 0.0 ms]
   [Code Root Migration: 0.0 ms]
   [Clear CT: 0.1 ms]
   [Other: 0.5 ms]
      [Choose CSet: 0.0 ms]
      [Ref Proc: 0.1 ms]
      [Ref Enq: 0.0 ms]
      [Free CSet: 0.2 ms]
   [Eden: 9216.0K(9216.0K)->0.0B(64.0M) Survivors: 3072.0K->2048.0K Heap: 116.5M(256.0M)->103.0M(256.0M)]
 [Times: user=0.03 sys=0.00, real=0.01 secs] 
2014-07-10T16:13:27.055+0200: 58.039: [GC pause (young), 0.0426188 secs]
   [Parallel Time: 42.2 ms, GC Workers: 2]
      [GC Worker Start (ms): Min: 58039.4, Avg: 58039.4, Max: 58039.4, Diff: 0.0]
      [Ext Root Scanning (ms): Min: 1.1, Avg: 1.2, Max: 1.2, Diff: 0.0, Sum: 2.3]
      [Update RS (ms): Min: 0.4, Avg: 0.5, Max: 0.5, Diff: 0.1, Sum: 0.9]
         [Processed Buffers: Min: 1, Avg: 2.5, Max: 4, Diff: 3, Sum: 5]
      [Scan RS (ms): Min: 0.0, Avg: 0.1, Max: 0.2, Diff: 0.1, Sum: 0.2]
      [Code Root Scanning (ms): Min: 0.0, Avg: 0.0, Max: 0.1, Diff: 0.0, Sum: 0.1]
      [Object Copy (ms): Min: 40.3, Avg: 40.3, Max: 40.3, Diff: 0.0, Sum: 80.7]
      [Termination (ms): Min: 0.0, Avg: 0.0, Max: 0.0, Diff: 0.0, Sum: 0.0]
      [GC Worker Other (ms): Min: 0.0, Avg: 0.0, Max: 0.0, Diff: 0.0, Sum: 0.1]
      [GC Worker Total (ms): Min: 42.1, Avg: 42.1, Max: 42.1, Diff: 0.0, Sum: 84.3]
      [GC Worker End (ms): Min: 58081.5, Avg: 58081.5, Max: 58081.5, Diff: 0.0]
   [Code Root Fixup: 0.0 ms]
   [Code Root Migration: 0.0 ms]
   [Clear CT: 0.1 ms]
   [Other: 0.4 ms]
      [Choose CSet: 0.0 ms]
      [Ref Proc: 0.0 ms]
      [Ref Enq: 0.0 ms]
      [Free CSet: 0.1 ms]
   [Eden: 64.0M(64.0M)->0.0B(29.0M) Survivors: 2048.0K->9216.0K Heap: 167.0M(256.0M)->171.5M(256.0M)]
 [Times: user=0.09 sys=0.00, real=0.04 secs] 
2014-07-10T16:13:27.145+0200: 58.129: [GC pause (young) (initial-mark), 0.0198891 secs]
   [Parallel Time: 19.3 ms, GC Workers: 2]
      [GC Worker Start (ms): Min: 58129.5, Avg: 58129.5, Max: 58129.5, Diff: 0.0]
      [Ext Root Scanning (ms): Min: 1.2, Avg: 1.2, Max: 1.2, Diff: 0.1, Sum: 2.4]
      [Code Root Marking (ms): Min: 0.1, Avg: 0.1, Max: 0.1, Diff: 0.0, Sum: 0.1]
      [Update RS (ms): Min: 1.2, Avg: 1.3, Max: 1.3, Diff: 0.1, Sum: 2.6]
         [Processed Buffers: Min: 3, Avg: 5.0, Max: 7, Diff: 4, Sum: 10]
      [Scan RS (ms): Min: 0.0, Avg: 0.0, Max: 0.1, Diff: 0.1, Sum: 0.1]
      [Code Root Scanning (ms): Min: 0.0, Avg: 0.0, Max: 0.0, Diff: 0.0, Sum: 0.0]
      [Object Copy (ms): Min: 16.6, Avg: 16.6, Max: 16.6, Diff: 0.0, Sum: 33.2]
      [Termination (ms): Min: 0.0, Avg: 0.0, Max: 0.0, Diff: 0.0, Sum: 0.0]
      [GC Worker Other (ms): Min: 0.0, Avg: 0.0, Max: 0.0, Diff: 0.0, Sum: 0.1]
      [GC Worker Total (ms): Min: 19.2, Avg: 19.2, Max: 19.2, Diff: 0.0, Sum: 38.5]
      [GC Worker End (ms): Min: 58148.7, Avg: 58148.7, Max: 58148.7, Diff: 0.0]
   [Code Root Fixup: 0.0 ms]
   [Code Root Migration: 0.0 ms]
   [Clear CT: 0.0 ms]
   [Other: 0.5 ms]
      [Choose CSet: 0.0 ms]
      [Ref Proc: 0.1 ms]
      [Ref Enq: 0.0 ms]
      [Free CSet: 0.1 ms]
   [Eden: 29.0M(29.0M)->0.0B(19.0M) Survivors: 9216.0K->5120.0K Heap: 200.5M(256.0M)->191.0M(256.0M)]
 [Times: user=0.05 sys=0.00, real=0.02 secs] 
2014-07-10T16:13:27.165+0200: 58.149: [GC concurrent-root-region-scan-start]
2014-07-10T16:13:27.165+0200: 58.150: [GC concurrent-root-region-scan-end, 0.0000902 secs]
2014-07-10T16:13:27.165+0200: 58.150: [GC concurrent-mark-start]
2014-07-10T16:13:27.169+0200: 58.154: [GC concurrent-mark-end, 0.0037601 secs]
2014-07-10T16:13:27.170+0200: 58.154: [GC remark 2014-07-10T16:13:27.170+0200: 58.154: [GC ref-proc, 0.0000711 secs], 0.0010504 secs]
 [Times: user=0.00 sys=0.00, real=0.00 secs] 
2014-07-10T16:13:27.171+0200: 58.156: [GC cleanup 194M->92M(256M), 0.0007864 secs]
 [Times: user=0.00 sys=0.00, real=0.00 secs] 
2014-07-10T16:13:27.172+0200: 58.157: [GC concurrent-cleanup-start]
2014-07-10T16:13:27.172+0200: 58.157: [GC concurrent-cleanup-end, 0.0001653 secs]
2014-07-10T16:13:27.197+0200: 58.181: [GC pause (young), 0.0113504 secs]
   [Parallel Time: 11.1 ms, GC Workers: 2]
      [GC Worker Start (ms): Min: 58181.3, Avg: 58181.3, Max: 58181.3, Diff: 0.0]
      [Ext Root Scanning (ms): Min: 1.1, Avg: 1.1, Max: 1.1, Diff: 0.0, Sum: 2.3]
      [Update RS (ms): Min: 0.5, Avg: 0.5, Max: 0.5, Diff: 0.0, Sum: 0.9]
         [Processed Buffers: Min: 2, Avg: 2.5, Max: 3, Diff: 1, Sum: 5]
      [Scan RS (ms): Min: 0.0, Avg: 0.0, Max: 0.0, Diff: 0.0, Sum: 0.1]
      [Code Root Scanning (ms): Min: 0.0, Avg: 0.0, Max: 0.0, Diff: 0.0, Sum: 0.0]
      [Object Copy (ms): Min: 9.3, Avg: 9.3, Max: 9.3, Diff: 0.0, Sum: 18.7]
      [Termination (ms): Min: 0.0, Avg: 0.0, Max: 0.0, Diff: 0.0, Sum: 0.0]
      [GC Worker Other (ms): Min: 0.0, Avg: 0.0, Max: 0.0, Diff: 0.0, Sum: 0.1]
      [GC Worker Total (ms): Min: 11.0, Avg: 11.0, Max: 11.0, Diff: 0.0, Sum: 22.1]
      [GC Worker End (ms): Min: 58192.3, Avg: 58192.3, Max: 58192.3, Diff: 0.0]
   [Code Root Fixup: 0.0 ms]
   [Code Root Migration: 0.0 ms]
   [Clear CT: 0.0 ms]
   [Other: 0.2 ms]
      [Choose CSet: 0.0 ms]
      [Ref Proc: 0.0 ms]
      [Ref Enq: 0.0 ms]
      [Free CSet: 0.1 ms]
   [Eden: 19.0M(19.0M)->0.0B(9216.0K) Survivors: 5120.0K->3072.0K Heap: 108.0M(256.0M)->100.0M(256.0M)]
 [Times: user=0.00 sys=0.00, real=0.01 secs] 
2014-07-10T16:13:27.222+0200: 58.206: [GC pause (mixed), 0.0095198 secs]
   [Parallel Time: 9.1 ms, GC Workers: 2]
      [GC Worker Start (ms): Min: 58206.5, Avg: 58206.5, Max: 58206.5, Diff: 0.0]
      [Ext Root Scanning (ms): Min: 1.0, Avg: 1.0, Max: 1.0, Diff: 0.0, Sum: 2.1]
      [Update RS (ms): Min: 0.3, Avg: 0.3, Max: 0.3, Diff: 0.1, Sum: 0.6]
         [Processed Buffers: Min: 1, Avg: 2.5, Max: 4, Diff: 3, Sum: 5]
      [Scan RS (ms): Min: 0.1, Avg: 0.1, Max: 0.1, Diff: 0.1, Sum: 0.2]
      [Code Root Scanning (ms): Min: 0.0, Avg: 0.0, Max: 0.0, Diff: 0.0, Sum: 0.0]
      [Object Copy (ms): Min: 7.6, Avg: 7.6, Max: 7.6, Diff: 0.0, Sum: 15.2]
      [Termination (ms): Min: 0.0, Avg: 0.0, Max: 0.0, Diff: 0.0, Sum: 0.0]
      [GC Worker Other (ms): Min: 0.0, Avg: 0.0, Max: 0.0, Diff: 0.0, Sum: 0.1]
      [GC Worker Total (ms): Min: 9.1, Avg: 9.1, Max: 9.1, Diff: 0.0, Sum: 18.2]
      [GC Worker End (ms): Min: 58215.6, Avg: 58215.6, Max: 58215.6, Diff: 0.0]
   [Code Root Fixup: 0.0 ms]
   [Code Root Migration: 0.0 ms]
   [Clear CT: 0.1 ms]
   [Other: 0.3 ms]
      [Choose CSet: 0.0 ms]
      [Ref Proc: 0.0 ms]
      [Ref Enq: 0.0 ms]
      [Free CSet: 0.1 ms]
   [Eden: 9216.0K(9216.0K)->0.0B(77.0M) Survivors: 3072.0K->2048.0K Heap: 109.0M(256.0M)->95.0M(256.0M)]
 [Times: user=0.03 sys=0.00, real=0.01 secs] 
2014-07-10T16:13:27.361+0200: 58.345: [GC pause (young) (to-space exhausted), 0.0506783 secs]
   [Parallel Time: 49.4 ms, GC Workers: 2]
      [GC Worker Start (ms): Min: 58345.4, Avg: 58345.4, Max: 58345.4, Diff: 0.0]
      [Ext Root Scanning (ms): Min: 1.2, Avg: 1.3, Max: 1.3, Diff: 0.1, Sum: 2.5]
      [Update RS (ms): Min: 0.4, Avg: 0.5, Max: 0.5, Diff: 0.1, Sum: 1.0]
         [Processed Buffers: Min: 1, Avg: 3.0, Max: 5, Diff: 4, Sum: 6]
      [Scan RS (ms): Min: 0.1, Avg: 0.1, Max: 0.1, Diff: 0.0, Sum: 0.2]
      [Code Root Scanning (ms): Min: 0.0, Avg: 0.1, Max: 0.1, Diff: 0.0, Sum: 0.1]
      [Object Copy (ms): Min: 47.4, Avg: 47.4, Max: 47.4, Diff: 0.0, Sum: 94.8]
      [Termination (ms): Min: 0.0, Avg: 0.0, Max: 0.0, Diff: 0.0, Sum: 0.0]
      [GC Worker Other (ms): Min: 0.0, Avg: 0.0, Max: 0.0, Diff: 0.0, Sum: 0.1]
      [GC Worker Total (ms): Min: 49.3, Avg: 49.3, Max: 49.3, Diff: 0.0, Sum: 98.7]
      [GC Worker End (ms): Min: 58394.7, Avg: 58394.7, Max: 58394.7, Diff: 0.0]
   [Code Root Fixup: 0.0 ms]
   [Code Root Migration: 0.0 ms]
   [Clear CT: 0.1 ms]
   [Other: 1.2 ms]
      [Choose CSet: 0.0 ms]
      [Ref Proc: 0.0 ms]
      [Ref Enq: 0.0 ms]
      [Free CSet: 0.1 ms]
   [Eden: 77.0M(77.0M)->0.0B(2048.0K) Survivors: 2048.0K->10.0M Heap: 172.0M(256.0M)->228.5M(256.0M)]
 [Times: user=0.09 sys=0.00, real=0.05 secs] 
2014-07-10T16:13:27.416+0200: 58.401: [GC pause (young) (initial-mark), 0.0041117 secs]
   [Parallel Time: 3.1 ms, GC Workers: 2]
      [GC Worker Start (ms): Min: 58400.7, Avg: 58400.7, Max: 58400.7, Diff: 0.0]
      [Ext Root Scanning (ms): Min: 0.9, Avg: 1.0, Max: 1.0, Diff: 0.0, Sum: 1.9]
      [Code Root Marking (ms): Min: 0.0, Avg: 0.0, Max: 0.0, Diff: 0.0, Sum: 0.1]
      [Update RS (ms): Min: 0.9, Avg: 1.0, Max: 1.0, Diff: 0.0, Sum: 1.9]
         [Processed Buffers: Min: 5, Avg: 7.5, Max: 10, Diff: 5, Sum: 15]
      [Scan RS (ms): Min: 0.0, Avg: 0.0, Max: 0.0, Diff: 0.0, Sum: 0.0]
      [Code Root Scanning (ms): Min: 0.0, Avg: 0.0, Max: 0.0, Diff: 0.0, Sum: 0.0]
      [Object Copy (ms): Min: 1.1, Avg: 1.1, Max: 1.1, Diff: 0.0, Sum: 2.2]
      [Termination (ms): Min: 0.0, Avg: 0.0, Max: 0.0, Diff: 0.0, Sum: 0.0]
      [GC Worker Other (ms): Min: 0.0, Avg: 0.0, Max: 0.0, Diff: 0.0, Sum: 0.0]
      [GC Worker Total (ms): Min: 3.1, Avg: 3.1, Max: 3.1, Diff: 0.0, Sum: 6.2]
      [GC Worker End (ms): Min: 58403.8, Avg: 58403.8, Max: 58403.8, Diff: 0.0]
   [Code Root Fixup: 0.1 ms]
   [Code Root Migration: 0.0 ms]
   [Clear CT: 0.0 ms]
   [Other: 0.9 ms]
      [Choose CSet: 0.0 ms]
      [Ref Proc: 0.7 ms]
      [Ref Enq: 0.0 ms]
      [Free CSet: 0.0 ms]
   [Eden: 2048.0K(2048.0K)->0.0B(10.0M) Survivors: 10.0M->2048.0K Heap: 230.5M(256.0M)->220.5M(256.0M)]
 [Times: user=0.00 sys=0.00, real=0.00 secs] 
2014-07-10T16:13:27.420+0200: 58.405: [GC concurrent-root-region-scan-start]
2014-07-10T16:13:27.421+0200: 58.405: [GC concurrent-root-region-scan-end, 0.0000473 secs]
2014-07-10T16:13:27.421+0200: 58.405: [GC concurrent-mark-start]
2014-07-10T16:13:27.425+0200: 58.409: [GC concurrent-mark-end, 0.0037517 secs]
2014-07-10T16:13:27.425+0200: 58.410: [GC remark 2014-07-10T16:13:27.425+0200: 58.410: [GC ref-proc, 0.0000711 secs], 0.0008594 secs]
 [Times: user=0.00 sys=0.00, real=0.00 secs] 
2014-07-10T16:13:27.426+0200: 58.411: [GC cleanup 222M->67M(256M), 0.0008597 secs]
 [Times: user=0.00 sys=0.00, real=0.00 secs] 
2014-07-10T16:13:27.427+0200: 58.412: [GC concurrent-cleanup-start]
2014-07-10T16:13:27.427+0200: 58.412: [GC concurrent-cleanup-end, 0.0002662 secs]
2014-07-10T16:13:27.441+0200: 58.425: [GC pause (young), 0.0109746 secs]
   [Parallel Time: 10.6 ms, GC Workers: 2]
      [GC Worker Start (ms): Min: 58425.4, Avg: 58430.6, Max: 58435.8, Diff: 10.4]
      [Ext Root Scanning (ms): Min: 0.0, Avg: 0.8, Max: 1.7, Diff: 1.7, Sum: 1.7]
      [Update RS (ms): Min: 0.0, Avg: 0.1, Max: 0.2, Diff: 0.2, Sum: 0.2]
         [Processed Buffers: Min: 0, Avg: 2.5, Max: 5, Diff: 5, Sum: 5]
      [Scan RS (ms): Min: 0.0, Avg: 0.0, Max: 0.0, Diff: 0.0, Sum: 0.0]
      [Code Root Scanning (ms): Min: 0.0, Avg: 0.0, Max: 0.0, Diff: 0.0, Sum: 0.0]
      [Object Copy (ms): Min: 0.0, Avg: 4.2, Max: 8.5, Diff: 8.5, Sum: 8.5]
      [Termination (ms): Min: 0.0, Avg: 0.1, Max: 0.2, Diff: 0.2, Sum: 0.2]
      [GC Worker Other (ms): Min: 0.0, Avg: 0.0, Max: 0.0, Diff: 0.0, Sum: 0.0]
      [GC Worker Total (ms): Min: 0.0, Avg: 5.3, Max: 10.6, Diff: 10.5, Sum: 10.6]
      [GC Worker End (ms): Min: 58435.9, Avg: 58435.9, Max: 58436.0, Diff: 0.1]
   [Code Root Fixup: 0.0 ms]
   [Code Root Migration: 0.0 ms]
   [Clear CT: 0.0 ms]
   [Other: 0.3 ms]
      [Choose CSet: 0.0 ms]
      [Ref Proc: 0.2 ms]
      [Ref Enq: 0.0 ms]
      [Free CSet: 0.0 ms]
   [Eden: 10.0M(10.0M)->0.0B(10.0M) Survivors: 2048.0K->2048.0K Heap: 75.5M(256.0M)->79.7M(256.0M)]
 [Times: user=0.02 sys=0.00, real=0.01 secs] 
2014-07-10T16:13:27.469+0200: 58.453: [GC pause (mixed), 0.0110563 secs]
   [Parallel Time: 10.5 ms, GC Workers: 2]
      [GC Worker Start (ms): Min: 58453.6, Avg: 58453.7, Max: 58453.7, Diff: 0.1]
      [Ext Root Scanning (ms): Min: 1.0, Avg: 1.1, Max: 1.2, Diff: 0.2, Sum: 2.3]
      [Update RS (ms): Min: 0.1, Avg: 0.2, Max: 0.4, Diff: 0.3, Sum: 0.5]
         [Processed Buffers: Min: 1, Avg: 3.0, Max: 5, Diff: 4, Sum: 6]
      [Scan RS (ms): Min: 0.0, Avg: 0.1, Max: 0.3, Diff: 0.2, Sum: 0.3]
      [Code Root Scanning (ms): Min: 0.0, Avg: 0.0, Max: 0.0, Diff: 0.0, Sum: 0.0]
      [Object Copy (ms): Min: 8.5, Avg: 8.5, Max: 8.6, Diff: 0.0, Sum: 17.1]
      [Termination (ms): Min: 0.0, Avg: 0.0, Max: 0.0, Diff: 0.0, Sum: 0.0]
      [GC Worker Other (ms): Min: 0.0, Avg: 0.1, Max: 0.1, Diff: 0.1, Sum: 0.1]
      [GC Worker Total (ms): Min: 10.1, Avg: 10.2, Max: 10.2, Diff: 0.1, Sum: 20.3]
      [GC Worker End (ms): Min: 58463.8, Avg: 58463.8, Max: 58463.8, Diff: 0.0]
   [Code Root Fixup: 0.0 ms]
   [Code Root Migration: 0.0 ms]
   [Clear CT: 0.2 ms]
   [Other: 0.3 ms]
      [Choose CSet: 0.0 ms]
      [Ref Proc: 0.1 ms]
      [Ref Enq: 0.0 ms]
      [Free CSet: 0.1 ms]
   [Eden: 10.0M(10.0M)->0.0B(79.0M) Survivors: 2048.0K->2048.0K Heap: 89.7M(256.0M)->76.0M(256.0M)]
 [Times: user=0.03 sys=0.00, real=0.01 secs] 
2014-07-10T16:13:27.610+0200: 58.594: [GC pause (young), 0.0521067 secs]
   [Parallel Time: 51.4 ms, GC Workers: 2]
      [GC Worker Start (ms): Min: 58594.5, Avg: 58594.5, Max: 58594.5, Diff: 0.0]
      [Ext Root Scanning (ms): Min: 1.1, Avg: 1.1, Max: 1.2, Diff: 0.1, Sum: 2.3]
      [Update RS (ms): Min: 0.5, Avg: 0.5, Max: 0.5, Diff: 0.0, Sum: 1.0]
         [Processed Buffers: Min: 1, Avg: 2.5, Max: 4, Diff: 3, Sum: 5]
      [Scan RS (ms): Min: 0.1, Avg: 0.1, Max: 0.1, Diff: 0.0, Sum: 0.2]
      [Code Root Scanning (ms): Min: 0.1, Avg: 0.1, Max: 0.2, Diff: 0.1, Sum: 0.3]
      [Object Copy (ms): Min: 49.3, Avg: 49.4, Max: 49.4, Diff: 0.1, Sum: 98.8]
      [Termination (ms): Min: 0.0, Avg: 0.0, Max: 0.0, Diff: 0.0, Sum: 0.0]
      [GC Worker Other (ms): Min: 0.0, Avg: 0.1, Max: 0.1, Diff: 0.1, Sum: 0.2]
      [GC Worker Total (ms): Min: 51.3, Avg: 51.4, Max: 51.4, Diff: 0.1, Sum: 102.7]
      [GC Worker End (ms): Min: 58645.8, Avg: 58645.8, Max: 58645.9, Diff: 0.1]
   [Code Root Fixup: 0.0 ms]
   [Code Root Migration: 0.0 ms]
   [Clear CT: 0.1 ms]
   [Other: 0.6 ms]
      [Choose CSet: 0.0 ms]
      [Ref Proc: 0.2 ms]
      [Ref Enq: 0.0 ms]
      [Free CSet: 0.1 ms]
   [Eden: 79.0M(79.0M)->0.0B(33.0M) Survivors: 2048.0K->11.0M Heap: 155.0M(256.0M)->163.0M(256.0M)]
 [Times: user=0.09 sys=0.00, real=0.05 secs] 
2014-07-10T16:13:27.716+0200: 58.700: [GC pause (young) (initial-mark), 0.0225530 secs]
   [Parallel Time: 22.1 ms, GC Workers: 2]
      [GC Worker Start (ms): Min: 58700.5, Avg: 58700.5, Max: 58700.5, Diff: 0.0]
      [Ext Root Scanning (ms): Min: 1.0, Avg: 1.0, Max: 1.0, Diff: 0.0, Sum: 2.1]
      [Code Root Marking (ms): Min: 0.0, Avg: 0.0, Max: 0.0, Diff: 0.0, Sum: 0.1]
      [Update RS (ms): Min: 1.0, Avg: 1.0, Max: 1.1, Diff: 0.1, Sum: 2.0]
         [Processed Buffers: Min: 5, Avg: 6.0, Max: 7, Diff: 2, Sum: 12]
      [Scan RS (ms): Min: 0.0, Avg: 0.1, Max: 0.1, Diff: 0.0, Sum: 0.1]
      [Code Root Scanning (ms): Min: 0.0, Avg: 0.0, Max: 0.0, Diff: 0.0, Sum: 0.1]
      [Object Copy (ms): Min: 19.9, Avg: 19.9, Max: 19.9, Diff: 0.0, Sum: 39.7]
      [Termination (ms): Min: 0.0, Avg: 0.0, Max: 0.0, Diff: 0.0, Sum: 0.0]
      [GC Worker Other (ms): Min: 0.0, Avg: 0.0, Max: 0.0, Diff: 0.0, Sum: 0.1]
      [GC Worker Total (ms): Min: 22.1, Avg: 22.1, Max: 22.1, Diff: 0.0, Sum: 44.2]
      [GC Worker End (ms): Min: 58722.6, Avg: 58722.6, Max: 58722.6, Diff: 0.0]
   [Code Root Fixup: 0.0 ms]
   [Code Root Migration: 0.0 ms]
   [Clear CT: 0.0 ms]
   [Other: 0.3 ms]
      [Choose CSet: 0.0 ms]
      [Ref Proc: 0.1 ms]
      [Ref Enq: 0.0 ms]
      [Free CSet: 0.1 ms]
   [Eden: 33.0M(33.0M)->0.0B(22.0M) Survivors: 11.0M->6144.0K Heap: 196.0M(256.0M)->185.0M(256.0M)]
 [Times: user=0.03 sys=0.00, real=0.02 secs] 
2014-07-10T16:13:27.739+0200: 58.723: [GC concurrent-root-region-scan-start]
2014-07-10T16:13:27.739+0200: 58.723: [GC concurrent-root-region-scan-end, 0.0001023 secs]
2014-07-10T16:13:27.739+0200: 58.723: [GC concurrent-mark-start]
2014-07-10T16:13:27.742+0200: 58.727: [GC concurrent-mark-end, 0.0034323 secs]
2014-07-10T16:13:27.743+0200: 58.727: [GC remark 2014-07-10T16:13:27.743+0200: 58.727: [GC ref-proc, 0.0000686 secs], 0.0011673 secs]
 [Times: user=0.00 sys=0.00, real=0.00 secs] 
2014-07-10T16:13:27.744+0200: 58.729: [GC cleanup 187M->97M(256M), 0.0007439 secs]
 [Times: user=0.00 sys=0.00, real=0.00 secs] 
2014-07-10T16:13:27.745+0200: 58.730: [GC concurrent-cleanup-start]
2014-07-10T16:13:27.745+0200: 58.730: [GC concurrent-cleanup-end, 0.0001763 secs]
2014-07-10T16:13:27.777+0200: 58.761: [GC pause (young), 0.0155281 secs]
   [Parallel Time: 15.1 ms, GC Workers: 2]
      [GC Worker Start (ms): Min: 58761.4, Avg: 58761.4, Max: 58761.5, Diff: 0.0]
      [Ext Root Scanning (ms): Min: 1.1, Avg: 1.1, Max: 1.1, Diff: 0.1, Sum: 2.2]
      [Update RS (ms): Min: 0.6, Avg: 0.6, Max: 0.6, Diff: 0.0, Sum: 1.2]
         [Processed Buffers: Min: 2, Avg: 3.5, Max: 5, Diff: 3, Sum: 7]
      [Scan RS (ms): Min: 0.0, Avg: 0.0, Max: 0.1, Diff: 0.1, Sum: 0.1]
      [Code Root Scanning (ms): Min: 0.0, Avg: 0.0, Max: 0.0, Diff: 0.0, Sum: 0.0]
      [Object Copy (ms): Min: 13.2, Avg: 13.2, Max: 13.2, Diff: 0.0, Sum: 26.5]
      [Termination (ms): Min: 0.0, Avg: 0.0, Max: 0.0, Diff: 0.0, Sum: 0.0]
      [GC Worker Other (ms): Min: 0.0, Avg: 0.0, Max: 0.0, Diff: 0.0, Sum: 0.1]
      [GC Worker Total (ms): Min: 15.0, Avg: 15.0, Max: 15.1, Diff: 0.0, Sum: 30.1]
      [GC Worker End (ms): Min: 58776.5, Avg: 58776.5, Max: 58776.5, Diff: 0.0]
   [Code Root Fixup: 0.0 ms]
   [Code Root Migration: 0.0 ms]
   [Clear CT: 0.0 ms]
   [Other: 0.3 ms]
      [Choose CSet: 0.0 ms]
      [Ref Proc: 0.1 ms]
      [Ref Enq: 0.0 ms]
      [Free CSet: 0.1 ms]
   [Eden: 22.0M(22.0M)->0.0B(8192.0K) Survivors: 6144.0K->4096.0K Heap: 117.0M(256.0M)->111.5M(256.0M)]
 [Times: user=0.03 sys=0.00, real=0.02 secs] 
2014-07-10T16:13:27.805+0200: 58.789: [GC pause (mixed), 0.0081277 secs]
   [Parallel Time: 7.7 ms, GC Workers: 2]
      [GC Worker Start (ms): Min: 58789.5, Avg: 58789.5, Max: 58789.5, Diff: 0.0]
      [Ext Root Scanning (ms): Min: 1.1, Avg: 1.1, Max: 1.1, Diff: 0.0, Sum: 2.2]
      [Update RS (ms): Min: 0.4, Avg: 0.4, Max: 0.4, Diff: 0.0, Sum: 0.8]
         [Processed Buffers: Min: 3, Avg: 4.0, Max: 5, Diff: 2, Sum: 8]
      [Scan RS (ms): Min: 0.1, Avg: 0.1, Max: 0.1, Diff: 0.0, Sum: 0.3]
      [Code Root Scanning (ms): Min: 0.0, Avg: 0.0, Max: 0.0, Diff: 0.0, Sum: 0.0]
      [Object Copy (ms): Min: 6.0, Avg: 6.0, Max: 6.0, Diff: 0.0, Sum: 12.1]
      [Termination (ms): Min: 0.0, Avg: 0.0, Max: 0.0, Diff: 0.0, Sum: 0.0]
      [GC Worker Other (ms): Min: 0.0, Avg: 0.0, Max: 0.0, Diff: 0.0, Sum: 0.1]
      [GC Worker Total (ms): Min: 7.7, Avg: 7.7, Max: 7.7, Diff: 0.0, Sum: 15.4]
      [GC Worker End (ms): Min: 58797.2, Avg: 58797.2, Max: 58797.2, Diff: 0.0]
   [Code Root Fixup: 0.0 ms]
   [Code Root Migration: 0.0 ms]
   [Clear CT: 0.1 ms]
   [Other: 0.3 ms]
      [Choose CSet: 0.0 ms]
      [Ref Proc: 0.0 ms]
      [Ref Enq: 0.0 ms]
      [Free CSet: 0.1 ms]
   [Eden: 8192.0K(8192.0K)->0.0B(65.0M) Survivors: 4096.0K->2048.0K Heap: 119.5M(256.0M)->101.5M(256.0M)]
 [Times: user=0.00 sys=0.00, real=0.01 secs] 
2014-07-10T16:13:27.920+0200: 58.905: [GC pause (young), 0.0438561 secs]
   [Parallel Time: 43.4 ms, GC Workers: 2]
      [GC Worker Start (ms): Min: 58904.6, Avg: 58904.6, Max: 58904.6, Diff: 0.0]
      [Ext Root Scanning (ms): Min: 1.1, Avg: 1.1, Max: 1.2, Diff: 0.1, Sum: 2.2]
      [Update RS (ms): Min: 0.4, Avg: 0.4, Max: 0.4, Diff: 0.1, Sum: 0.8]
         [Processed Buffers: Min: 2, Avg: 2.5, Max: 3, Diff: 1, Sum: 5]
      [Scan RS (ms): Min: 0.1, Avg: 0.1, Max: 0.1, Diff: 0.0, Sum: 0.2]
      [Code Root Scanning (ms): Min: 0.0, Avg: 0.0, Max: 0.1, Diff: 0.0, Sum: 0.1]
      [Object Copy (ms): Min: 41.6, Avg: 41.6, Max: 41.6, Diff: 0.0, Sum: 83.3]
      [Termination (ms): Min: 0.0, Avg: 0.0, Max: 0.0, Diff: 0.0, Sum: 0.0]
      [GC Worker Other (ms): Min: 0.0, Avg: 0.0, Max: 0.0, Diff: 0.0, Sum: 0.1]
      [GC Worker Total (ms): Min: 43.3, Avg: 43.3, Max: 43.3, Diff: 0.0, Sum: 86.6]
      [GC Worker End (ms): Min: 58947.9, Avg: 58947.9, Max: 58947.9, Diff: 0.0]
   [Code Root Fixup: 0.0 ms]
   [Code Root Migration: 0.0 ms]
   [Clear CT: 0.1 ms]
   [Other: 0.4 ms]
      [Choose CSet: 0.0 ms]
      [Ref Proc: 0.0 ms]
      [Ref Enq: 0.0 ms]
      [Free CSet: 0.1 ms]
   [Eden: 65.0M(65.0M)->0.0B(27.0M) Survivors: 2048.0K->9216.0K Heap: 166.5M(256.0M)->174.0M(256.0M)]
 [Times: user=0.09 sys=0.00, real=0.04 secs] 
2014-07-10T16:13:28.007+0200: 58.991: [GC pause (young) (initial-mark), 0.0187122 secs]
   [Parallel Time: 18.3 ms, GC Workers: 2]
      [GC Worker Start (ms): Min: 58991.6, Avg: 58991.6, Max: 58991.6, Diff: 0.0]
      [Ext Root Scanning (ms): Min: 1.0, Avg: 1.1, Max: 1.1, Diff: 0.1, Sum: 2.1]
      [Code Root Marking (ms): Min: 0.0, Avg: 0.1, Max: 0.1, Diff: 0.0, Sum: 0.1]
      [Update RS (ms): Min: 0.9, Avg: 0.9, Max: 0.9, Diff: 0.0, Sum: 1.8]
         [Processed Buffers: Min: 4, Avg: 4.5, Max: 5, Diff: 1, Sum: 9]
      [Scan RS (ms): Min: 0.0, Avg: 0.0, Max: 0.1, Diff: 0.0, Sum: 0.1]
      [Code Root Scanning (ms): Min: 0.0, Avg: 0.0, Max: 0.0, Diff: 0.0, Sum: 0.0]
      [Object Copy (ms): Min: 16.1, Avg: 16.1, Max: 16.2, Diff: 0.0, Sum: 32.3]
      [Termination (ms): Min: 0.0, Avg: 0.0, Max: 0.0, Diff: 0.0, Sum: 0.0]
      [GC Worker Other (ms): Min: 0.0, Avg: 0.0, Max: 0.0, Diff: 0.0, Sum: 0.1]
      [GC Worker Total (ms): Min: 18.3, Avg: 18.3, Max: 18.3, Diff: 0.0, Sum: 36.5]
      [GC Worker End (ms): Min: 59009.8, Avg: 59009.8, Max: 59009.8, Diff: 0.0]
   [Code Root Fixup: 0.0 ms]
   [Code Root Migration: 0.0 ms]
   [Clear CT: 0.1 ms]
   [Other: 0.3 ms]
      [Choose CSet: 0.0 ms]
      [Ref Proc: 0.0 ms]
      [Ref Enq: 0.0 ms]
      [Free CSet: 0.1 ms]
   [Eden: 27.0M(27.0M)->0.0B(18.0M) Survivors: 9216.0K->5120.0K Heap: 201.0M(256.0M)->192.5M(256.0M)]
 [Times: user=0.06 sys=0.00, real=0.02 secs] 
2014-07-10T16:13:28.026+0200: 59.011: [GC concurrent-root-region-scan-start]
2014-07-10T16:13:28.026+0200: 59.011: [GC concurrent-root-region-scan-end, 0.0000851 secs]
2014-07-10T16:13:28.026+0200: 59.011: [GC concurrent-mark-start]
2014-07-10T16:13:28.030+0200: 59.015: [GC concurrent-mark-end, 0.0035416 secs]
2014-07-10T16:13:28.031+0200: 59.015: [GC remark 2014-07-10T16:13:28.031+0200: 59.015: [GC ref-proc, 0.0000719 secs], 0.0013752 secs]
 [Times: user=0.00 sys=0.00, real=0.00 secs] 
2014-07-10T16:13:28.033+0200: 59.018: [GC cleanup 197M->90M(256M), 0.0016278 secs]
 [Times: user=0.00 sys=0.00, real=0.00 secs] 
2014-07-10T16:13:28.035+0200: 59.020: [GC concurrent-cleanup-start]
2014-07-10T16:13:28.035+0200: 59.020: [GC concurrent-cleanup-end, 0.0003098 secs]
2014-07-10T16:13:28.056+0200: 59.040: [GC pause (young), 0.0122977 secs]
   [Parallel Time: 12.0 ms, GC Workers: 2]
      [GC Worker Start (ms): Min: 59040.4, Avg: 59040.4, Max: 59040.4, Diff: 0.0]
      [Ext Root Scanning (ms): Min: 0.9, Avg: 1.0, Max: 1.0, Diff: 0.1, Sum: 1.9]
      [Update RS (ms): Min: 0.4, Avg: 0.4, Max: 0.5, Diff: 0.1, Sum: 0.9]
         [Processed Buffers: Min: 2, Avg: 3.5, Max: 5, Diff: 3, Sum: 7]
      [Scan RS (ms): Min: 0.0, Avg: 0.0, Max: 0.0, Diff: 0.0, Sum: 0.1]
      [Code Root Scanning (ms): Min: 0.0, Avg: 0.0, Max: 0.0, Diff: 0.0, Sum: 0.0]
      [Object Copy (ms): Min: 10.5, Avg: 10.5, Max: 10.5, Diff: 0.0, Sum: 21.0]
      [Termination (ms): Min: 0.0, Avg: 0.0, Max: 0.0, Diff: 0.0, Sum: 0.0]
      [GC Worker Other (ms): Min: 0.0, Avg: 0.0, Max: 0.0, Diff: 0.0, Sum: 0.0]
      [GC Worker Total (ms): Min: 12.0, Avg: 12.0, Max: 12.0, Diff: 0.0, Sum: 24.0]
      [GC Worker End (ms): Min: 59052.4, Avg: 59052.4, Max: 59052.4, Diff: 0.0]
   [Code Root Fixup: 0.0 ms]
   [Code Root Migration: 0.0 ms]
   [Clear CT: 0.0 ms]
   [Other: 0.2 ms]
      [Choose CSet: 0.0 ms]
      [Ref Proc: 0.0 ms]
      [Ref Enq: 0.0 ms]
      [Free CSet: 0.1 ms]
   [Eden: 18.0M(18.0M)->0.0B(9216.0K) Survivors: 5120.0K->3072.0K Heap: 103.5M(256.0M)->99.5M(256.0M)]
 [Times: user=0.00 sys=0.00, real=0.01 secs] 
2014-07-10T16:13:28.081+0200: 59.065: [GC pause (mixed), 0.0097027 secs]
   [Parallel Time: 9.2 ms, GC Workers: 2]
      [GC Worker Start (ms): Min: 59065.5, Avg: 59065.5, Max: 59065.5, Diff: 0.0]
      [Ext Root Scanning (ms): Min: 1.0, Avg: 1.1, Max: 1.1, Diff: 0.1, Sum: 2.1]
      [Update RS (ms): Min: 0.3, Avg: 0.3, Max: 0.3, Diff: 0.1, Sum: 0.6]
         [Processed Buffers: Min: 1, Avg: 3.5, Max: 6, Diff: 5, Sum: 7]
      [Scan RS (ms): Min: 0.1, Avg: 0.1, Max: 0.1, Diff: 0.0, Sum: 0.2]
      [Code Root Scanning (ms): Min: 0.0, Avg: 0.0, Max: 0.0, Diff: 0.0, Sum: 0.0]
      [Object Copy (ms): Min: 7.7, Avg: 7.7, Max: 7.7, Diff: 0.0, Sum: 15.4]
      [Termination (ms): Min: 0.0, Avg: 0.0, Max: 0.0, Diff: 0.0, Sum: 0.0]
      [GC Worker Other (ms): Min: 0.0, Avg: 0.0, Max: 0.0, Diff: 0.0, Sum: 0.1]
      [GC Worker Total (ms): Min: 9.2, Avg: 9.2, Max: 9.2, Diff: 0.0, Sum: 18.4]
      [GC Worker End (ms): Min: 59074.7, Avg: 59074.7, Max: 59074.7, Diff: 0.0]
   [Code Root Fixup: 0.0 ms]
   [Code Root Migration: 0.0 ms]
   [Clear CT: 0.1 ms]
   [Other: 0.4 ms]
      [Choose CSet: 0.0 ms]
      [Ref Proc: 0.1 ms]
      [Ref Enq: 0.0 ms]
      [Free CSet: 0.1 ms]
   [Eden: 9216.0K(9216.0K)->0.0B(68.0M) Survivors: 3072.0K->2048.0K Heap: 108.5M(256.0M)->98.5M(256.0M)]
 [Times: user=0.03 sys=0.00, real=0.01 secs] 
2014-07-10T16:13:28.204+0200: 59.188: [GC pause (young), 0.0455741 secs]
   [Parallel Time: 45.1 ms, GC Workers: 2]
      [GC Worker Start (ms): Min: 59188.5, Avg: 59189.1, Max: 59189.7, Diff: 1.2]
      [Ext Root Scanning (ms): Min: 0.3, Avg: 0.9, Max: 1.4, Diff: 1.1, Sum: 1.7]
      [Update RS (ms): Min: 0.4, Avg: 0.4, Max: 0.4, Diff: 0.0, Sum: 0.8]
         [Processed Buffers: Min: 2, Avg: 2.5, Max: 3, Diff: 1, Sum: 5]
      [Scan RS (ms): Min: 0.1, Avg: 0.1, Max: 0.1, Diff: 0.0, Sum: 0.2]
      [Code Root Scanning (ms): Min: 0.0, Avg: 0.0, Max: 0.1, Diff: 0.0, Sum: 0.1]
      [Object Copy (ms): Min: 43.0, Avg: 43.1, Max: 43.1, Diff: 0.1, Sum: 86.1]
      [Termination (ms): Min: 0.0, Avg: 0.0, Max: 0.0, Diff: 0.0, Sum: 0.0]
      [GC Worker Other (ms): Min: 0.0, Avg: 0.0, Max: 0.0, Diff: 0.0, Sum: 0.1]
      [GC Worker Total (ms): Min: 43.9, Avg: 44.5, Max: 45.1, Diff: 1.2, Sum: 89.0]
      [GC Worker End (ms): Min: 59233.6, Avg: 59233.6, Max: 59233.6, Diff: 0.0]
   [Code Root Fixup: 0.0 ms]
   [Code Root Migration: 0.0 ms]
   [Clear CT: 0.1 ms]
   [Other: 0.4 ms]
      [Choose CSet: 0.0 ms]
      [Ref Proc: 0.0 ms]
      [Ref Enq: 0.0 ms]
      [Free CSet: 0.1 ms]
   [Eden: 68.0M(68.0M)->0.0B(27.0M) Survivors: 2048.0K->9216.0K Heap: 166.5M(256.0M)->174.5M(256.0M)]
 [Times: user=0.09 sys=0.00, real=0.05 secs] 
2014-07-10T16:13:28.295+0200: 59.279: [GC pause (young) (initial-mark), 0.0192852 secs]
   [Parallel Time: 18.6 ms, GC Workers: 2]
      [GC Worker Start (ms): Min: 59279.5, Avg: 59279.5, Max: 59279.5, Diff: 0.0]
      [Ext Root Scanning (ms): Min: 1.1, Avg: 1.2, Max: 1.3, Diff: 0.2, Sum: 2.4]
      [Code Root Marking (ms): Min: 0.0, Avg: 0.0, Max: 0.1, Diff: 0.1, Sum: 0.1]
      [Update RS (ms): Min: 0.9, Avg: 0.9, Max: 1.0, Diff: 0.0, Sum: 1.9]
         [Processed Buffers: Min: 4, Avg: 5.0, Max: 6, Diff: 2, Sum: 10]
      [Scan RS (ms): Min: 0.0, Avg: 0.0, Max: 0.1, Diff: 0.0, Sum: 0.1]
      [Code Root Scanning (ms): Min: 0.0, Avg: 0.0, Max: 0.0, Diff: 0.0, Sum: 0.0]
      [Object Copy (ms): Min: 16.3, Avg: 16.3, Max: 16.3, Diff: 0.1, Sum: 32.6]
      [Termination (ms): Min: 0.0, Avg: 0.0, Max: 0.0, Diff: 0.0, Sum: 0.0]
      [GC Worker Other (ms): Min: 0.0, Avg: 0.0, Max: 0.0, Diff: 0.0, Sum: 0.1]
      [GC Worker Total (ms): Min: 18.6, Avg: 18.6, Max: 18.6, Diff: 0.0, Sum: 37.2]
      [GC Worker End (ms): Min: 59298.1, Avg: 59298.1, Max: 59298.1, Diff: 0.0]
   [Code Root Fixup: 0.0 ms]
   [Code Root Migration: 0.0 ms]
   [Clear CT: 0.3 ms]
   [Other: 0.4 ms]
      [Choose CSet: 0.0 ms]
      [Ref Proc: 0.1 ms]
      [Ref Enq: 0.0 ms]
      [Free CSet: 0.1 ms]
   [Eden: 27.0M(27.0M)->0.0B(18.0M) Survivors: 9216.0K->5120.0K Heap: 201.5M(256.0M)->193.0M(256.0M)]
 [Times: user=0.03 sys=0.00, real=0.02 secs] 
2014-07-10T16:13:28.314+0200: 59.299: [GC concurrent-root-region-scan-start]
2014-07-10T16:13:28.314+0200: 59.299: [GC concurrent-root-region-scan-end, 0.0000898 secs]
2014-07-10T16:13:28.314+0200: 59.299: [GC concurrent-mark-start]
2014-07-10T16:13:28.318+0200: 59.303: [GC concurrent-mark-end, 0.0032289 secs]
2014-07-10T16:13:28.321+0200: 59.306: [GC remark 2014-07-10T16:13:28.321+0200: 59.306: [GC ref-proc, 0.0000664 secs], 0.0010969 secs]
 [Times: user=0.00 sys=0.00, real=0.00 secs] 
2014-07-10T16:13:28.322+0200: 59.307: [GC cleanup 196M->97M(256M), 0.0008425 secs]
 [Times: user=0.00 sys=0.00, real=0.00 secs] 
2014-07-10T16:13:28.323+0200: 59.308: [GC concurrent-cleanup-start]
2014-07-10T16:13:28.323+0200: 59.308: [GC concurrent-cleanup-end, 0.0002090 secs]
2014-07-10T16:13:28.345+0200: 59.329: [GC pause (young), 0.0132850 secs]
   [Parallel Time: 13.0 ms, GC Workers: 2]
      [GC Worker Start (ms): Min: 59329.5, Avg: 59329.5, Max: 59329.5, Diff: 0.0]
      [Ext Root Scanning (ms): Min: 1.1, Avg: 1.2, Max: 1.3, Diff: 0.1, Sum: 2.4]
      [Update RS (ms): Min: 0.4, Avg: 0.5, Max: 0.6, Diff: 0.2, Sum: 1.0]
         [Processed Buffers: Min: 3, Avg: 3.5, Max: 4, Diff: 1, Sum: 7]
      [Scan RS (ms): Min: 0.0, Avg: 0.0, Max: 0.1, Diff: 0.1, Sum: 0.1]
      [Code Root Scanning (ms): Min: 0.0, Avg: 0.0, Max: 0.0, Diff: 0.0, Sum: 0.0]
      [Object Copy (ms): Min: 11.0, Avg: 11.0, Max: 11.1, Diff: 0.1, Sum: 22.1]
      [Termination (ms): Min: 0.0, Avg: 0.1, Max: 0.2, Diff: 0.2, Sum: 0.2]
      [GC Worker Other (ms): Min: 0.0, Avg: 0.0, Max: 0.0, Diff: 0.0, Sum: 0.1]
      [GC Worker Total (ms): Min: 12.8, Avg: 12.9, Max: 12.9, Diff: 0.1, Sum: 25.8]
      [GC Worker End (ms): Min: 59342.4, Avg: 59342.4, Max: 59342.5, Diff: 0.1]
   [Code Root Fixup: 0.0 ms]
   [Code Root Migration: 0.0 ms]
   [Clear CT: 0.0 ms]
   [Other: 0.3 ms]
      [Choose CSet: 0.0 ms]
      [Ref Proc: 0.1 ms]
      [Ref Enq: 0.0 ms]
      [Free CSet: 0.1 ms]
   [Eden: 18.0M(18.0M)->0.0B(9216.0K) Survivors: 5120.0K->3072.0K Heap: 112.0M(256.0M)->107.0M(256.0M)]
 [Times: user=0.03 sys=0.00, real=0.01 secs] 
2014-07-10T16:13:28.372+0200: 59.356: [GC pause (mixed), 0.0100653 secs]
   [Parallel Time: 9.6 ms, GC Workers: 2]
      [GC Worker Start (ms): Min: 59356.5, Avg: 59356.5, Max: 59356.5, Diff: 0.0]
      [Ext Root Scanning (ms): Min: 1.1, Avg: 1.1, Max: 1.1, Diff: 0.1, Sum: 2.2]
      [Update RS (ms): Min: 0.3, Avg: 0.3, Max: 0.3, Diff: 0.1, Sum: 0.6]
         [Processed Buffers: Min: 1, Avg: 3.5, Max: 6, Diff: 5, Sum: 7]
      [Scan RS (ms): Min: 0.1, Avg: 0.1, Max: 0.1, Diff: 0.0, Sum: 0.2]
      [Code Root Scanning (ms): Min: 0.0, Avg: 0.0, Max: 0.0, Diff: 0.0, Sum: 0.0]
      [Object Copy (ms): Min: 8.0, Avg: 8.0, Max: 8.0, Diff: 0.0, Sum: 16.1]
      [Termination (ms): Min: 0.0, Avg: 0.0, Max: 0.0, Diff: 0.0, Sum: 0.0]
      [GC Worker Other (ms): Min: 0.0, Avg: 0.0, Max: 0.0, Diff: 0.0, Sum: 0.1]
      [GC Worker Total (ms): Min: 9.6, Avg: 9.6, Max: 9.6, Diff: 0.0, Sum: 19.1]
      [GC Worker End (ms): Min: 59366.1, Avg: 59366.1, Max: 59366.1, Diff: 0.0]
   [Code Root Fixup: 0.0 ms]
   [Code Root Migration: 0.0 ms]
   [Clear CT: 0.1 ms]
   [Other: 0.3 ms]
      [Choose CSet: 0.0 ms]
      [Ref Proc: 0.0 ms]
      [Ref Enq: 0.0 ms]
      [Free CSet: 0.2 ms]
   [Eden: 9216.0K(9216.0K)->0.0B(69.0M) Survivors: 3072.0K->2048.0K Heap: 116.0M(256.0M)->99.5M(256.0M)]
 [Times: user=0.00 sys=0.02, real=0.01 secs] 
2014-07-10T16:13:28.496+0200: 59.481: [GC pause (young), 0.0459829 secs]
   [Parallel Time: 45.5 ms, GC Workers: 2]
      [GC Worker Start (ms): Min: 59481.0, Avg: 59481.0, Max: 59481.0, Diff: 0.0]
      [Ext Root Scanning (ms): Min: 1.2, Avg: 1.2, Max: 1.3, Diff: 0.1, Sum: 2.4]
      [Update RS (ms): Min: 0.4, Avg: 0.4, Max: 0.4, Diff: 0.0, Sum: 0.9]
         [Processed Buffers: Min: 1, Avg: 3.0, Max: 5, Diff: 4, Sum: 6]
      [Scan RS (ms): Min: 0.1, Avg: 0.1, Max: 0.1, Diff: 0.0, Sum: 0.2]
      [Code Root Scanning (ms): Min: 0.0, Avg: 0.0, Max: 0.1, Diff: 0.0, Sum: 0.1]
      [Object Copy (ms): Min: 43.6, Avg: 43.6, Max: 43.6, Diff: 0.0, Sum: 87.2]
      [Termination (ms): Min: 0.0, Avg: 0.0, Max: 0.0, Diff: 0.0, Sum: 0.0]
      [GC Worker Other (ms): Min: 0.0, Avg: 0.0, Max: 0.0, Diff: 0.0, Sum: 0.1]
      [GC Worker Total (ms): Min: 45.4, Avg: 45.4, Max: 45.4, Diff: 0.0, Sum: 90.9]
      [GC Worker End (ms): Min: 59526.4, Avg: 59526.4, Max: 59526.4, Diff: 0.0]
   [Code Root Fixup: 0.0 ms]
   [Code Root Migration: 0.0 ms]
   [Clear CT: 0.1 ms]
   [Other: 0.4 ms]
      [Choose CSet: 0.0 ms]
      [Ref Proc: 0.1 ms]
      [Ref Enq: 0.0 ms]
      [Free CSet: 0.1 ms]
   [Eden: 69.0M(69.0M)->0.0B(27.0M) Survivors: 2048.0K->9216.0K Heap: 168.5M(256.0M)->175.0M(256.0M)]
 [Times: user=0.09 sys=0.00, real=0.05 secs] 
2014-07-10T16:13:28.586+0200: 59.571: [GC pause (young) (initial-mark), 0.0198883 secs]
   [Parallel Time: 19.1 ms, GC Workers: 2]
      [GC Worker Start (ms): Min: 59570.9, Avg: 59570.9, Max: 59570.9, Diff: 0.1]
      [Ext Root Scanning (ms): Min: 1.1, Avg: 1.2, Max: 1.2, Diff: 0.0, Sum: 2.3]
      [Code Root Marking (ms): Min: 0.0, Avg: 0.1, Max: 0.1, Diff: 0.0, Sum: 0.1]
      [Update RS (ms): Min: 0.9, Avg: 0.9, Max: 0.9, Diff: 0.0, Sum: 1.8]
         [Processed Buffers: Min: 4, Avg: 5.0, Max: 6, Diff: 2, Sum: 10]
      [Scan RS (ms): Min: 0.0, Avg: 0.0, Max: 0.1, Diff: 0.0, Sum: 0.1]
      [Code Root Scanning (ms): Min: 0.0, Avg: 0.0, Max: 0.0, Diff: 0.0, Sum: 0.0]
      [Object Copy (ms): Min: 16.1, Avg: 16.2, Max: 16.2, Diff: 0.1, Sum: 32.3]
      [Termination (ms): Min: 0.0, Avg: 0.2, Max: 0.4, Diff: 0.4, Sum: 0.4]
      [GC Worker Other (ms): Min: 0.0, Avg: 0.0, Max: 0.0, Diff: 0.0, Sum: 0.0]
      [GC Worker Total (ms): Min: 18.5, Avg: 18.6, Max: 18.7, Diff: 0.3, Sum: 37.2]
      [GC Worker End (ms): Min: 59589.3, Avg: 59589.5, Max: 59589.7, Diff: 0.3]
   [Code Root Fixup: 0.0 ms]
   [Code Root Migration: 0.0 ms]
   [Clear CT: 0.0 ms]
   [Other: 0.8 ms]
      [Choose CSet: 0.0 ms]
      [Ref Proc: 0.5 ms]
      [Ref Enq: 0.0 ms]
      [Free CSet: 0.1 ms]
   [Eden: 27.0M(27.0M)->0.0B(19.0M) Survivors: 9216.0K->5120.0K Heap: 202.0M(256.0M)->191.5M(256.0M)]
 [Times: user=0.03 sys=0.00, real=0.02 secs] 
2014-07-10T16:13:28.606+0200: 59.591: [GC concurrent-root-region-scan-start]
2014-07-10T16:13:28.606+0200: 59.591: [GC concurrent-root-region-scan-end, 0.0000836 secs]
2014-07-10T16:13:28.606+0200: 59.591: [GC concurrent-mark-start]
2014-07-10T16:13:28.610+0200: 59.595: [GC concurrent-mark-end, 0.0038008 secs]
2014-07-10T16:13:28.611+0200: 59.595: [GC remark 2014-07-10T16:13:28.611+0200: 59.595: [GC ref-proc, 0.0000678 secs], 0.0011204 secs]
 [Times: user=0.00 sys=0.00, real=0.00 secs] 
2014-07-10T16:13:28.612+0200: 59.596: [GC cleanup 194M->94M(256M), 0.0008161 secs]
 [Times: user=0.00 sys=0.00, real=0.00 secs] 
2014-07-10T16:13:28.613+0200: 59.597: [GC concurrent-cleanup-start]
2014-07-10T16:13:28.613+0200: 59.598: [GC concurrent-cleanup-end, 0.0001793 secs]
2014-07-10T16:13:28.641+0200: 59.625: [GC pause (young), 0.0130973 secs]
   [Parallel Time: 12.7 ms, GC Workers: 2]
      [GC Worker Start (ms): Min: 59625.4, Avg: 59625.4, Max: 59625.4, Diff: 0.0]
      [Ext Root Scanning (ms): Min: 0.9, Avg: 1.0, Max: 1.0, Diff: 0.1, Sum: 1.9]
      [Update RS (ms): Min: 0.4, Avg: 0.4, Max: 0.4, Diff: 0.1, Sum: 0.8]
         [Processed Buffers: Min: 2, Avg: 3.5, Max: 5, Diff: 3, Sum: 7]
      [Scan RS (ms): Min: 0.0, Avg: 0.0, Max: 0.1, Diff: 0.1, Sum: 0.1]
      [Code Root Scanning (ms): Min: 0.0, Avg: 0.0, Max: 0.0, Diff: 0.0, Sum: 0.0]
      [Object Copy (ms): Min: 11.2, Avg: 11.3, Max: 11.3, Diff: 0.1, Sum: 22.5]
      [Termination (ms): Min: 0.0, Avg: 0.0, Max: 0.0, Diff: 0.0, Sum: 0.0]
      [GC Worker Other (ms): Min: 0.0, Avg: 0.0, Max: 0.0, Diff: 0.0, Sum: 0.1]
      [GC Worker Total (ms): Min: 12.7, Avg: 12.7, Max: 12.7, Diff: 0.0, Sum: 25.4]
      [GC Worker End (ms): Min: 59638.1, Avg: 59638.1, Max: 59638.1, Diff: 0.0]
   [Code Root Fixup: 0.0 ms]
   [Code Root Migration: 0.0 ms]
   [Clear CT: 0.0 ms]
   [Other: 0.3 ms]
      [Choose CSet: 0.0 ms]
      [Ref Proc: 0.1 ms]
      [Ref Enq: 0.0 ms]
      [Free CSet: 0.1 ms]
   [Eden: 19.0M(19.0M)->0.0B(9216.0K) Survivors: 5120.0K->3072.0K Heap: 110.5M(256.0M)->106.0M(256.0M)]
 [Times: user=0.03 sys=0.00, real=0.01 secs] 
2014-07-10T16:13:28.667+0200: 59.651: [GC pause (mixed), 0.0101005 secs]
   [Parallel Time: 9.6 ms, GC Workers: 2]
      [GC Worker Start (ms): Min: 59651.6, Avg: 59651.6, Max: 59651.6, Diff: 0.0]
      [Ext Root Scanning (ms): Min: 1.0, Avg: 1.1, Max: 1.1, Diff: 0.1, Sum: 2.1]
      [Update RS (ms): Min: 0.3, Avg: 0.3, Max: 0.4, Diff: 0.1, Sum: 0.6]
         [Processed Buffers: Min: 2, Avg: 2.5, Max: 3, Diff: 1, Sum: 5]
      [Scan RS (ms): Min: 0.1, Avg: 0.2, Max: 0.2, Diff: 0.0, Sum: 0.3]
      [Code Root Scanning (ms): Min: 0.0, Avg: 0.0, Max: 0.0, Diff: 0.0, Sum: 0.0]
      [Object Copy (ms): Min: 7.9, Avg: 8.0, Max: 8.0, Diff: 0.1, Sum: 15.9]
      [Termination (ms): Min: 0.0, Avg: 0.0, Max: 0.0, Diff: 0.0, Sum: 0.0]
      [GC Worker Other (ms): Min: 0.0, Avg: 0.0, Max: 0.0, Diff: 0.0, Sum: 0.1]
      [GC Worker Total (ms): Min: 9.5, Avg: 9.5, Max: 9.6, Diff: 0.0, Sum: 19.1]
      [GC Worker End (ms): Min: 59661.1, Avg: 59661.1, Max: 59661.1, Diff: 0.0]
   [Code Root Fixup: 0.0 ms]
   [Code Root Migration: 0.0 ms]
   [Clear CT: 0.1 ms]
   [Other: 0.4 ms]
      [Choose CSet: 0.0 ms]
      [Ref Proc: 0.1 ms]
      [Ref Enq: 0.0 ms]
      [Free CSet: 0.2 ms]
   [Eden: 9216.0K(9216.0K)->0.0B(70.0M) Survivors: 3072.0K->2048.0K Heap: 115.0M(256.0M)->98.0M(256.0M)]
 [Times: user=0.00 sys=0.00, real=0.01 secs] 
2014-07-10T16:13:28.792+0200: 59.777: [GC pause (young), 0.0468698 secs]
   [Parallel Time: 46.3 ms, GC Workers: 2]
      [GC Worker Start (ms): Min: 59776.6, Avg: 59776.6, Max: 59776.6, Diff: 0.0]
      [Ext Root Scanning (ms): Min: 1.1, Avg: 1.1, Max: 1.2, Diff: 0.1, Sum: 2.3]
      [Update RS (ms): Min: 0.4, Avg: 0.5, Max: 0.5, Diff: 0.1, Sum: 0.9]
         [Processed Buffers: Min: 3, Avg: 3.0, Max: 3, Diff: 0, Sum: 6]
      [Scan RS (ms): Min: 0.1, Avg: 0.1, Max: 0.1, Diff: 0.0, Sum: 0.2]
      [Code Root Scanning (ms): Min: 0.0, Avg: 0.1, Max: 0.1, Diff: 0.0, Sum: 0.1]
      [Object Copy (ms): Min: 44.5, Avg: 44.5, Max: 44.5, Diff: 0.0, Sum: 89.1]
      [Termination (ms): Min: 0.0, Avg: 0.0, Max: 0.0, Diff: 0.0, Sum: 0.0]
      [GC Worker Other (ms): Min: 0.0, Avg: 0.0, Max: 0.0, Diff: 0.0, Sum: 0.1]
      [GC Worker Total (ms): Min: 46.3, Avg: 46.3, Max: 46.3, Diff: 0.0, Sum: 92.6]
      [GC Worker End (ms): Min: 59822.9, Avg: 59822.9, Max: 59822.9, Diff: 0.0]
   [Code Root Fixup: 0.0 ms]
   [Code Root Migration: 0.0 ms]
   [Clear CT: 0.1 ms]
   [Other: 0.4 ms]
      [Choose CSet: 0.0 ms]
      [Ref Proc: 0.1 ms]
      [Ref Enq: 0.0 ms]
      [Free CSet: 0.1 ms]
   [Eden: 70.0M(70.0M)->0.0B(27.0M) Survivors: 2048.0K->9216.0K Heap: 168.0M(256.0M)->175.0M(256.0M)]
 [Times: user=0.09 sys=0.00, real=0.05 secs] 
2014-07-10T16:13:28.882+0200: 59.867: [GC pause (young) (initial-mark), 0.0188970 secs]
   [Parallel Time: 18.5 ms, GC Workers: 2]
      [GC Worker Start (ms): Min: 59866.8, Avg: 59866.8, Max: 59866.8, Diff: 0.0]
      [Ext Root Scanning (ms): Min: 1.1, Avg: 1.1, Max: 1.2, Diff: 0.0, Sum: 2.3]
      [Code Root Marking (ms): Min: 0.1, Avg: 0.1, Max: 0.1, Diff: 0.0, Sum: 0.1]
      [Update RS (ms): Min: 0.9, Avg: 0.9, Max: 1.0, Diff: 0.0, Sum: 1.9]
         [Processed Buffers: Min: 4, Avg: 5.0, Max: 6, Diff: 2, Sum: 10]
      [Scan RS (ms): Min: 0.0, Avg: 0.0, Max: 0.1, Diff: 0.0, Sum: 0.1]
      [Code Root Scanning (ms): Min: 0.0, Avg: 0.0, Max: 0.0, Diff: 0.0, Sum: 0.0]
      [Object Copy (ms): Min: 16.2, Avg: 16.2, Max: 16.2, Diff: 0.0, Sum: 32.4]
      [Termination (ms): Min: 0.0, Avg: 0.0, Max: 0.0, Diff: 0.0, Sum: 0.0]
      [GC Worker Other (ms): Min: 0.0, Avg: 0.0, Max: 0.0, Diff: 0.0, Sum: 0.1]
      [GC Worker Total (ms): Min: 18.5, Avg: 18.5, Max: 18.5, Diff: 0.0, Sum: 36.9]
      [GC Worker End (ms): Min: 59885.2, Avg: 59885.2, Max: 59885.2, Diff: 0.0]
   [Code Root Fixup: 0.0 ms]
   [Code Root Migration: 0.0 ms]
   [Clear CT: 0.1 ms]
   [Other: 0.3 ms]
      [Choose CSet: 0.0 ms]
      [Ref Proc: 0.0 ms]
      [Ref Enq: 0.0 ms]
      [Free CSet: 0.1 ms]
   [Eden: 27.0M(27.0M)->0.0B(18.0M) Survivors: 9216.0K->5120.0K Heap: 202.0M(256.0M)->193.5M(256.0M)]
 [Times: user=0.03 sys=0.00, real=0.02 secs] 
2014-07-10T16:13:28.901+0200: 59.886: [GC concurrent-root-region-scan-start]
2014-07-10T16:13:28.901+0200: 59.886: [GC concurrent-root-region-scan-end, 0.0000869 secs]
2014-07-10T16:13:28.901+0200: 59.886: [GC concurrent-mark-start]
2014-07-10T16:13:28.905+0200: 59.890: [GC concurrent-mark-end, 0.0035262 secs]
2014-07-10T16:13:28.906+0200: 59.890: [GC remark 2014-07-10T16:13:28.906+0200: 59.890: [GC ref-proc, 0.0000675 secs], 0.0015787 secs]
 [Times: user=0.00 sys=0.00, real=0.00 secs] 
2014-07-10T16:13:28.907+0200: 59.892: [GC cleanup 195M->92M(256M), 0.0007736 secs]
 [Times: user=0.00 sys=0.00, real=0.00 secs] 
2014-07-10T16:13:28.908+0200: 59.893: [GC concurrent-cleanup-start]
2014-07-10T16:13:28.909+0200: 59.893: [GC concurrent-cleanup-end, 0.0001965 secs]
2014-07-10T16:13:28.933+0200: 59.917: [GC pause (young), 0.0148216 secs]
   [Parallel Time: 14.5 ms, GC Workers: 2]
      [GC Worker Start (ms): Min: 59917.4, Avg: 59917.4, Max: 59917.4, Diff: 0.0]
      [Ext Root Scanning (ms): Min: 1.1, Avg: 1.1, Max: 1.2, Diff: 0.0, Sum: 2.3]
      [Update RS (ms): Min: 0.4, Avg: 0.5, Max: 0.5, Diff: 0.1, Sum: 0.9]
         [Processed Buffers: Min: 2, Avg: 4.0, Max: 6, Diff: 4, Sum: 8]
      [Scan RS (ms): Min: 0.0, Avg: 0.0, Max: 0.0, Diff: 0.0, Sum: 0.1]
      [Code Root Scanning (ms): Min: 0.0, Avg: 0.0, Max: 0.0, Diff: 0.0, Sum: 0.0]
      [Object Copy (ms): Min: 11.1, Avg: 12.0, Max: 12.8, Diff: 1.7, Sum: 23.9]
      [Termination (ms): Min: 0.0, Avg: 0.9, Max: 1.7, Diff: 1.7, Sum: 1.7]
      [GC Worker Other (ms): Min: 0.0, Avg: 0.0, Max: 0.0, Diff: 0.0, Sum: 0.0]
      [GC Worker Total (ms): Min: 14.5, Avg: 14.5, Max: 14.5, Diff: 0.0, Sum: 29.0]
      [GC Worker End (ms): Min: 59931.9, Avg: 59931.9, Max: 59931.9, Diff: 0.0]
   [Code Root Fixup: 0.0 ms]
   [Code Root Migration: 0.0 ms]
   [Clear CT: 0.0 ms]
   [Other: 0.3 ms]
      [Choose CSet: 0.0 ms]
      [Ref Proc: 0.1 ms]
      [Ref Enq: 0.0 ms]
      [Free CSet: 0.1 ms]
   [Eden: 18.0M(18.0M)->0.0B(9216.0K) Survivors: 5120.0K->3072.0K Heap: 108.5M(256.0M)->104.0M(256.0M)]
 [Times: user=0.03 sys=0.00, real=0.01 secs] 
2014-07-10T16:13:28.961+0200: 59.946: [GC pause (mixed), 0.0107696 secs]
   [Parallel Time: 10.2 ms, GC Workers: 2]
      [GC Worker Start (ms): Min: 59945.6, Avg: 59945.6, Max: 59945.6, Diff: 0.0]
      [Ext Root Scanning (ms): Min: 1.1, Avg: 1.1, Max: 1.1, Diff: 0.0, Sum: 2.2]
      [Update RS (ms): Min: 0.3, Avg: 0.3, Max: 0.3, Diff: 0.0, Sum: 0.6]
         [Processed Buffers: Min: 2, Avg: 3.0, Max: 4, Diff: 2, Sum: 6]
      [Scan RS (ms): Min: 0.1, Avg: 0.1, Max: 0.1, Diff: 0.0, Sum: 0.3]
      [Code Root Scanning (ms): Min: 0.0, Avg: 0.0, Max: 0.0, Diff: 0.0, Sum: 0.0]
      [Object Copy (ms): Min: 8.6, Avg: 8.6, Max: 8.6, Diff: 0.0, Sum: 17.2]
      [Termination (ms): Min: 0.0, Avg: 0.0, Max: 0.0, Diff: 0.0, Sum: 0.0]
      [GC Worker Other (ms): Min: 0.0, Avg: 0.0, Max: 0.0, Diff: 0.0, Sum: 0.1]
      [GC Worker Total (ms): Min: 10.2, Avg: 10.2, Max: 10.2, Diff: 0.0, Sum: 20.4]
      [GC Worker End (ms): Min: 59955.8, Avg: 59955.8, Max: 59955.8, Diff: 0.0]
   [Code Root Fixup: 0.0 ms]
   [Code Root Migration: 0.0 ms]
   [Clear CT: 0.1 ms]
   [Other: 0.4 ms]
      [Choose CSet: 0.0 ms]
      [Ref Proc: 0.0 ms]
      [Ref Enq: 0.0 ms]
      [Free CSet: 0.1 ms]
   [Eden: 9216.0K(9216.0K)->0.0B(66.0M) Survivors: 3072.0K->2048.0K Heap: 113.0M(256.0M)->100.5M(256.0M)]
 [Times: user=0.00 sys=0.00, real=0.01 secs] 
2014-07-10T16:13:29.081+0200: 60.065: [GC pause (young), 0.0431423 secs]
   [Parallel Time: 42.6 ms, GC Workers: 2]
      [GC Worker Start (ms): Min: 60065.5, Avg: 60065.5, Max: 60065.5, Diff: 0.0]
      [Ext Root Scanning (ms): Min: 1.1, Avg: 1.1, Max: 1.1, Diff: 0.0, Sum: 2.2]
      [Update RS (ms): Min: 0.4, Avg: 0.4, Max: 0.4, Diff: 0.0, Sum: 0.9]
         [Processed Buffers: Min: 3, Avg: 3.0, Max: 3, Diff: 0, Sum: 6]
      [Scan RS (ms): Min: 0.1, Avg: 0.1, Max: 0.1, Diff: 0.0, Sum: 0.2]
      [Code Root Scanning (ms): Min: 0.0, Avg: 0.0, Max: 0.1, Diff: 0.0, Sum: 0.1]
      [Object Copy (ms): Min: 40.8, Avg: 40.8, Max: 40.8, Diff: 0.0, Sum: 81.6]
      [Termination (ms): Min: 0.0, Avg: 0.0, Max: 0.0, Diff: 0.0, Sum: 0.0]
      [GC Worker Other (ms): Min: 0.0, Avg: 0.0, Max: 0.0, Diff: 0.0, Sum: 0.1]
      [GC Worker Total (ms): Min: 42.5, Avg: 42.5, Max: 42.5, Diff: 0.0, Sum: 85.0]
      [GC Worker End (ms): Min: 60108.0, Avg: 60108.0, Max: 60108.0, Diff: 0.0]
   [Code Root Fixup: 0.0 ms]
   [Code Root Migration: 0.0 ms]
   [Clear CT: 0.1 ms]
   [Other: 0.5 ms]
      [Choose CSet: 0.0 ms]
      [Ref Proc: 0.2 ms]
      [Ref Enq: 0.0 ms]
      [Free CSet: 0.1 ms]
   [Eden: 66.0M(66.0M)->0.0B(29.0M) Survivors: 2048.0K->9216.0K Heap: 166.5M(256.0M)->170.5M(256.0M)]
 [Times: user=0.09 sys=0.00, real=0.04 secs] 
2014-07-10T16:13:29.170+0200: 60.154: [GC pause (young) (initial-mark), 0.0190037 secs]
   [Parallel Time: 18.6 ms, GC Workers: 2]
      [GC Worker Start (ms): Min: 60154.5, Avg: 60154.5, Max: 60154.5, Diff: 0.0]
      [Ext Root Scanning (ms): Min: 1.0, Avg: 1.0, Max: 1.0, Diff: 0.0, Sum: 2.0]
      [Code Root Marking (ms): Min: 0.0, Avg: 0.0, Max: 0.0, Diff: 0.0, Sum: 0.1]
      [Update RS (ms): Min: 0.8, Avg: 0.9, Max: 0.9, Diff: 0.0, Sum: 1.7]
         [Processed Buffers: Min: 4, Avg: 5.0, Max: 6, Diff: 2, Sum: 10]
      [Scan RS (ms): Min: 0.0, Avg: 0.1, Max: 0.1, Diff: 0.0, Sum: 0.1]
      [Code Root Scanning (ms): Min: 0.0, Avg: 0.0, Max: 0.0, Diff: 0.0, Sum: 0.1]
      [Object Copy (ms): Min: 16.5, Avg: 16.5, Max: 16.5, Diff: 0.0, Sum: 33.0]
      [Termination (ms): Min: 0.0, Avg: 0.0, Max: 0.0, Diff: 0.0, Sum: 0.0]
      [GC Worker Other (ms): Min: 0.0, Avg: 0.0, Max: 0.0, Diff: 0.0, Sum: 0.1]
      [GC Worker Total (ms): Min: 18.5, Avg: 18.5, Max: 18.5, Diff: 0.0, Sum: 37.1]
      [GC Worker End (ms): Min: 60173.1, Avg: 60173.1, Max: 60173.1, Diff: 0.0]
   [Code Root Fixup: 0.0 ms]
   [Code Root Migration: 0.0 ms]
   [Clear CT: 0.1 ms]
   [Other: 0.3 ms]
      [Choose CSet: 0.0 ms]
      [Ref Proc: 0.1 ms]
      [Ref Enq: 0.0 ms]
      [Free CSet: 0.1 ms]
   [Eden: 29.0M(29.0M)->0.0B(19.0M) Survivors: 9216.0K->5120.0K Heap: 199.5M(256.0M)->190.0M(256.0M)]
 [Times: user=0.03 sys=0.00, real=0.02 secs] 
2014-07-10T16:13:29.189+0200: 60.174: [GC concurrent-root-region-scan-start]
2014-07-10T16:13:29.189+0200: 60.174: [GC concurrent-root-region-scan-end, 0.0000924 secs]
2014-07-10T16:13:29.189+0200: 60.174: [GC concurrent-mark-start]
2014-07-10T16:13:29.194+0200: 60.179: [GC concurrent-mark-end, 0.0036659 secs]
2014-07-10T16:13:29.194+0200: 60.179: [GC remark 2014-07-10T16:13:29.194+0200: 60.179: [GC ref-proc, 0.0000653 secs], 0.0010544 secs]
 [Times: user=0.00 sys=0.00, real=0.00 secs] 
2014-07-10T16:13:29.195+0200: 60.180: [GC cleanup 192M->88M(256M), 0.0013833 secs]
 [Times: user=0.00 sys=0.00, real=0.00 secs] 
2014-07-10T16:13:29.197+0200: 60.182: [GC concurrent-cleanup-start]
2014-07-10T16:13:29.197+0200: 60.182: [GC concurrent-cleanup-end, 0.0001745 secs]
2014-07-10T16:13:29.224+0200: 60.209: [GC pause (young), 0.0132997 secs]
   [Parallel Time: 13.0 ms, GC Workers: 2]
      [GC Worker Start (ms): Min: 60208.6, Avg: 60208.6, Max: 60208.6, Diff: 0.0]
      [Ext Root Scanning (ms): Min: 1.0, Avg: 1.0, Max: 1.0, Diff: 0.0, Sum: 2.0]
      [Update RS (ms): Min: 0.4, Avg: 0.4, Max: 0.4, Diff: 0.0, Sum: 0.9]
         [Processed Buffers: Min: 2, Avg: 3.5, Max: 5, Diff: 3, Sum: 7]
      [Scan RS (ms): Min: 0.0, Avg: 0.0, Max: 0.0, Diff: 0.0, Sum: 0.1]
      [Code Root Scanning (ms): Min: 0.0, Avg: 0.0, Max: 0.0, Diff: 0.0, Sum: 0.0]
      [Object Copy (ms): Min: 11.5, Avg: 11.5, Max: 11.5, Diff: 0.0, Sum: 23.0]
      [Termination (ms): Min: 0.0, Avg: 0.0, Max: 0.0, Diff: 0.0, Sum: 0.0]
      [GC Worker Other (ms): Min: 0.0, Avg: 0.0, Max: 0.0, Diff: 0.0, Sum: 0.1]
      [GC Worker Total (ms): Min: 13.0, Avg: 13.0, Max: 13.0, Diff: 0.0, Sum: 26.0]
      [GC Worker End (ms): Min: 60221.6, Avg: 60221.6, Max: 60221.6, Diff: 0.0]
   [Code Root Fixup: 0.0 ms]
   [Code Root Migration: 0.0 ms]
   [Clear CT: 0.0 ms]
   [Other: 0.2 ms]
      [Choose CSet: 0.0 ms]
      [Ref Proc: 0.0 ms]
      [Ref Enq: 0.0 ms]
      [Free CSet: 0.1 ms]
   [Eden: 19.0M(19.0M)->0.0B(9216.0K) Survivors: 5120.0K->3072.0K Heap: 105.0M(256.0M)->101.5M(256.0M)]
 [Times: user=0.00 sys=0.00, real=0.01 secs] 
2014-07-10T16:13:29.250+0200: 60.234: [GC pause (mixed), 0.0086802 secs]
   [Parallel Time: 8.3 ms, GC Workers: 2]
      [GC Worker Start (ms): Min: 60234.5, Avg: 60234.5, Max: 60234.5, Diff: 0.0]
      [Ext Root Scanning (ms): Min: 1.0, Avg: 1.0, Max: 1.1, Diff: 0.1, Sum: 2.1]
      [Update RS (ms): Min: 0.3, Avg: 0.3, Max: 0.3, Diff: 0.1, Sum: 0.6]
         [Processed Buffers: Min: 2, Avg: 3.0, Max: 4, Diff: 2, Sum: 6]
      [Scan RS (ms): Min: 0.1, Avg: 0.1, Max: 0.1, Diff: 0.0, Sum: 0.2]
      [Code Root Scanning (ms): Min: 0.0, Avg: 0.0, Max: 0.0, Diff: 0.0, Sum: 0.0]
      [Object Copy (ms): Min: 6.7, Avg: 6.7, Max: 6.7, Diff: 0.0, Sum: 13.4]
      [Termination (ms): Min: 0.0, Avg: 0.0, Max: 0.0, Diff: 0.0, Sum: 0.0]
      [GC Worker Other (ms): Min: 0.0, Avg: 0.0, Max: 0.0, Diff: 0.0, Sum: 0.1]
      [GC Worker Total (ms): Min: 8.2, Avg: 8.2, Max: 8.2, Diff: 0.0, Sum: 16.4]
      [GC Worker End (ms): Min: 60242.8, Avg: 60242.8, Max: 60242.8, Diff: 0.0]
   [Code Root Fixup: 0.0 ms]
   [Code Root Migration: 0.0 ms]
   [Clear CT: 0.1 ms]
   [Other: 0.3 ms]
      [Choose CSet: 0.0 ms]
      [Ref Proc: 0.1 ms]
      [Ref Enq: 0.0 ms]
      [Free CSet: 0.1 ms]
   [Eden: 9216.0K(9216.0K)->0.0B(71.0M) Survivors: 3072.0K->2048.0K Heap: 110.5M(256.0M)->99.5M(256.0M)]
 [Times: user=0.03 sys=0.00, real=0.01 secs] 
2014-07-10T16:13:29.377+0200: 60.361: [GC pause (young), 0.0473310 secs]
   [Parallel Time: 46.9 ms, GC Workers: 2]
      [GC Worker Start (ms): Min: 60361.4, Avg: 60361.4, Max: 60361.4, Diff: 0.0]
      [Ext Root Scanning (ms): Min: 1.1, Avg: 1.1, Max: 1.1, Diff: 0.1, Sum: 2.2]
      [Update RS (ms): Min: 0.5, Avg: 0.5, Max: 0.5, Diff: 0.1, Sum: 1.0]
         [Processed Buffers: Min: 2, Avg: 3.0, Max: 4, Diff: 2, Sum: 6]
      [Scan RS (ms): Min: 0.1, Avg: 0.1, Max: 0.1, Diff: 0.0, Sum: 0.2]
      [Code Root Scanning (ms): Min: 0.0, Avg: 0.0, Max: 0.1, Diff: 0.0, Sum: 0.1]
      [Object Copy (ms): Min: 45.1, Avg: 45.1, Max: 45.1, Diff: 0.0, Sum: 90.1]
      [Termination (ms): Min: 0.0, Avg: 0.0, Max: 0.0, Diff: 0.0, Sum: 0.0]
      [GC Worker Other (ms): Min: 0.0, Avg: 0.0, Max: 0.0, Diff: 0.0, Sum: 0.0]
      [GC Worker Total (ms): Min: 46.8, Avg: 46.8, Max: 46.9, Diff: 0.0, Sum: 93.7]
      [GC Worker End (ms): Min: 60408.3, Avg: 60408.3, Max: 60408.3, Diff: 0.0]
   [Code Root Fixup: 0.0 ms]
   [Code Root Migration: 0.0 ms]
   [Clear CT: 0.1 ms]
   [Other: 0.4 ms]
      [Choose CSet: 0.0 ms]
      [Ref Proc: 0.0 ms]
      [Ref Enq: 0.0 ms]
      [Free CSet: 0.1 ms]
   [Eden: 71.0M(71.0M)->0.0B(24.0M) Survivors: 2048.0K->10.0M Heap: 170.5M(256.0M)->180.5M(256.0M)]
 [Times: user=0.09 sys=0.00, real=0.05 secs] 
2014-07-10T16:13:29.464+0200: 60.448: [GC pause (young) (initial-mark), 0.0173942 secs]
   [Parallel Time: 16.9 ms, GC Workers: 2]
      [GC Worker Start (ms): Min: 60448.5, Avg: 60448.5, Max: 60448.5, Diff: 0.0]
      [Ext Root Scanning (ms): Min: 1.1, Avg: 1.1, Max: 1.1, Diff: 0.0, Sum: 2.3]
      [Code Root Marking (ms): Min: 0.1, Avg: 0.1, Max: 0.1, Diff: 0.0, Sum: 0.1]
      [Update RS (ms): Min: 0.9, Avg: 0.9, Max: 0.9, Diff: 0.0, Sum: 1.9]
         [Processed Buffers: Min: 4, Avg: 4.5, Max: 5, Diff: 1, Sum: 9]
      [Scan RS (ms): Min: 0.0, Avg: 0.0, Max: 0.0, Diff: 0.0, Sum: 0.1]
      [Code Root Scanning (ms): Min: 0.0, Avg: 0.0, Max: 0.0, Diff: 0.0, Sum: 0.0]
      [Object Copy (ms): Min: 14.6, Avg: 14.7, Max: 14.7, Diff: 0.0, Sum: 29.3]
      [Termination (ms): Min: 0.0, Avg: 0.0, Max: 0.0, Diff: 0.0, Sum: 0.0]
      [GC Worker Other (ms): Min: 0.0, Avg: 0.0, Max: 0.0, Diff: 0.0, Sum: 0.1]
      [GC Worker Total (ms): Min: 16.9, Avg: 16.9, Max: 16.9, Diff: 0.0, Sum: 33.7]
      [GC Worker End (ms): Min: 60465.4, Avg: 60465.4, Max: 60465.4, Diff: 0.0]
   [Code Root Fixup: 0.0 ms]
   [Code Root Migration: 0.0 ms]
   [Clear CT: 0.0 ms]
   [Other: 0.4 ms]
      [Choose CSet: 0.0 ms]
      [Ref Proc: 0.2 ms]
      [Ref Enq: 0.0 ms]
      [Free CSet: 0.1 ms]
   [Eden: 24.0M(24.0M)->0.0B(17.0M) Survivors: 10.0M->5120.0K Heap: 204.5M(256.0M)->195.5M(256.0M)]
 [Times: user=0.03 sys=0.00, real=0.02 secs] 
2014-07-10T16:13:29.481+0200: 60.466: [GC concurrent-root-region-scan-start]
2014-07-10T16:13:29.481+0200: 60.466: [GC concurrent-root-region-scan-end, 0.0000887 secs]
2014-07-10T16:13:29.481+0200: 60.466: [GC concurrent-mark-start]
2014-07-10T16:13:29.485+0200: 60.470: [GC concurrent-mark-end, 0.0035574 secs]
2014-07-10T16:13:29.485+0200: 60.470: [GC remark 2014-07-10T16:13:29.485+0200: 60.470: [GC ref-proc, 0.0000902 secs], 0.0011263 secs]
 [Times: user=0.00 sys=0.00, real=0.00 secs] 
2014-07-10T16:13:29.488+0200: 60.472: [GC cleanup 198M->88M(256M), 0.0009268 secs]
 [Times: user=0.00 sys=0.00, real=0.00 secs] 
2014-07-10T16:13:29.489+0200: 60.473: [GC concurrent-cleanup-start]
2014-07-10T16:13:29.489+0200: 60.473: [GC concurrent-cleanup-end, 0.0002251 secs]
2014-07-10T16:13:29.511+0200: 60.496: [GC pause (young), 0.0126079 secs]
   [Parallel Time: 12.4 ms, GC Workers: 2]
      [GC Worker Start (ms): Min: 60495.6, Avg: 60495.6, Max: 60495.6, Diff: 0.0]
      [Ext Root Scanning (ms): Min: 1.1, Avg: 1.1, Max: 1.1, Diff: 0.0, Sum: 2.2]
      [Update RS (ms): Min: 0.4, Avg: 0.4, Max: 0.4, Diff: 0.0, Sum: 0.8]
         [Processed Buffers: Min: 2, Avg: 4.0, Max: 6, Diff: 4, Sum: 8]
      [Scan RS (ms): Min: 0.1, Avg: 0.1, Max: 0.1, Diff: 0.0, Sum: 0.1]
      [Code Root Scanning (ms): Min: 0.0, Avg: 0.0, Max: 0.0, Diff: 0.0, Sum: 0.0]
      [Object Copy (ms): Min: 10.6, Avg: 10.7, Max: 10.7, Diff: 0.0, Sum: 21.3]
      [Termination (ms): Min: 0.0, Avg: 0.0, Max: 0.0, Diff: 0.0, Sum: 0.0]
      [GC Worker Other (ms): Min: 0.0, Avg: 0.0, Max: 0.0, Diff: 0.0, Sum: 0.1]
      [GC Worker Total (ms): Min: 12.3, Avg: 12.3, Max: 12.3, Diff: 0.0, Sum: 24.5]
      [GC Worker End (ms): Min: 60507.9, Avg: 60507.9, Max: 60507.9, Diff: 0.0]
   [Code Root Fixup: 0.0 ms]
   [Code Root Migration: 0.0 ms]
   [Clear CT: 0.0 ms]
   [Other: 0.2 ms]
      [Choose CSet: 0.0 ms]
      [Ref Proc: 0.0 ms]
      [Ref Enq: 0.0 ms]
      [Free CSet: 0.1 ms]
   [Eden: 17.0M(17.0M)->0.0B(9216.0K) Survivors: 5120.0K->3072.0K Heap: 102.5M(256.0M)->98.0M(256.0M)]
 [Times: user=0.02 sys=0.00, real=0.01 secs] 
2014-07-10T16:13:29.538+0200: 60.522: [GC pause (mixed), 0.0098391 secs]
   [Parallel Time: 9.3 ms, GC Workers: 2]
      [GC Worker Start (ms): Min: 60522.5, Avg: 60522.5, Max: 60522.5, Diff: 0.0]
      [Ext Root Scanning (ms): Min: 1.1, Avg: 1.1, Max: 1.1, Diff: 0.0, Sum: 2.2]
      [Update RS (ms): Min: 0.3, Avg: 0.3, Max: 0.3, Diff: 0.1, Sum: 0.6]
         [Processed Buffers: Min: 2, Avg: 2.5, Max: 3, Diff: 1, Sum: 5]
      [Scan RS (ms): Min: 0.1, Avg: 0.1, Max: 0.1, Diff: 0.0, Sum: 0.2]
      [Code Root Scanning (ms): Min: 0.0, Avg: 0.0, Max: 0.0, Diff: 0.0, Sum: 0.0]
      [Object Copy (ms): Min: 7.7, Avg: 7.7, Max: 7.7, Diff: 0.0, Sum: 15.4]
      [Termination (ms): Min: 0.0, Avg: 0.0, Max: 0.0, Diff: 0.0, Sum: 0.0]
      [GC Worker Other (ms): Min: 0.0, Avg: 0.0, Max: 0.0, Diff: 0.0, Sum: 0.1]
      [GC Worker Total (ms): Min: 9.3, Avg: 9.3, Max: 9.3, Diff: 0.0, Sum: 18.6]
      [GC Worker End (ms): Min: 60531.8, Avg: 60531.8, Max: 60531.8, Diff: 0.0]
   [Code Root Fixup: 0.0 ms]
   [Code Root Migration: 0.0 ms]
   [Clear CT: 0.1 ms]
   [Other: 0.3 ms]
      [Choose CSet: 0.0 ms]
      [Ref Proc: 0.0 ms]
      [Ref Enq: 0.0 ms]
      [Free CSet: 0.1 ms]
   [Eden: 9216.0K(9216.0K)->0.0B(68.0M) Survivors: 3072.0K->2048.0K Heap: 107.0M(256.0M)->96.0M(256.0M)]
 [Times: user=0.00 sys=0.00, real=0.01 secs] 
2014-07-10T16:13:29.665+0200: 60.650: [GC pause (young), 0.0455048 secs]
   [Parallel Time: 45.0 ms, GC Workers: 2]
      [GC Worker Start (ms): Min: 60649.6, Avg: 60649.7, Max: 60649.7, Diff: 0.1]
      [Ext Root Scanning (ms): Min: 1.0, Avg: 1.1, Max: 1.2, Diff: 0.2, Sum: 2.3]
      [Update RS (ms): Min: 0.4, Avg: 0.5, Max: 0.5, Diff: 0.1, Sum: 0.9]
         [Processed Buffers: Min: 2, Avg: 3.0, Max: 4, Diff: 2, Sum: 6]
      [Scan RS (ms): Min: 0.1, Avg: 0.1, Max: 0.1, Diff: 0.0, Sum: 0.2]
      [Code Root Scanning (ms): Min: 0.0, Avg: 0.0, Max: 0.0, Diff: 0.0, Sum: 0.1]
      [Object Copy (ms): Min: 43.1, Avg: 43.1, Max: 43.1, Diff: 0.0, Sum: 86.2]
      [Termination (ms): Min: 0.0, Avg: 0.0, Max: 0.0, Diff: 0.0, Sum: 0.0]
      [GC Worker Other (ms): Min: 0.0, Avg: 0.0, Max: 0.0, Diff: 0.0, Sum: 0.1]
      [GC Worker Total (ms): Min: 44.8, Avg: 44.9, Max: 44.9, Diff: 0.1, Sum: 89.8]
      [GC Worker End (ms): Min: 60694.5, Avg: 60694.5, Max: 60694.5, Diff: 0.0]
   [Code Root Fixup: 0.0 ms]
   [Code Root Migration: 0.0 ms]
   [Clear CT: 0.1 ms]
   [Other: 0.4 ms]
      [Choose CSet: 0.0 ms]
      [Ref Proc: 0.0 ms]
      [Ref Enq: 0.0 ms]
      [Free CSet: 0.1 ms]
   [Eden: 68.0M(68.0M)->0.0B(27.0M) Survivors: 2048.0K->9216.0K Heap: 164.0M(256.0M)->174.5M(256.0M)]
 [Times: user=0.09 sys=0.00, real=0.05 secs] 
2014-07-10T16:13:29.754+0200: 60.738: [GC pause (young) (initial-mark), 0.0190598 secs]
   [Parallel Time: 18.7 ms, GC Workers: 2]
      [GC Worker Start (ms): Min: 60738.5, Avg: 60738.6, Max: 60738.6, Diff: 0.0]
      [Ext Root Scanning (ms): Min: 0.9, Avg: 1.0, Max: 1.0, Diff: 0.1, Sum: 1.9]
      [Code Root Marking (ms): Min: 0.0, Avg: 0.0, Max: 0.1, Diff: 0.0, Sum: 0.1]
      [Update RS (ms): Min: 0.9, Avg: 0.9, Max: 0.9, Diff: 0.0, Sum: 1.9]
         [Processed Buffers: Min: 4, Avg: 4.5, Max: 5, Diff: 1, Sum: 9]
      [Scan RS (ms): Min: 0.0, Avg: 0.0, Max: 0.0, Diff: 0.0, Sum: 0.1]
      [Code Root Scanning (ms): Min: 0.0, Avg: 0.0, Max: 0.0, Diff: 0.0, Sum: 0.0]
      [Object Copy (ms): Min: 16.5, Avg: 16.6, Max: 16.6, Diff: 0.1, Sum: 33.2]
      [Termination (ms): Min: 0.0, Avg: 0.0, Max: 0.0, Diff: 0.0, Sum: 0.0]
      [GC Worker Other (ms): Min: 0.0, Avg: 0.0, Max: 0.0, Diff: 0.0, Sum: 0.1]
      [GC Worker Total (ms): Min: 18.6, Avg: 18.6, Max: 18.6, Diff: 0.0, Sum: 37.3]
      [GC Worker End (ms): Min: 60757.2, Avg: 60757.2, Max: 60757.2, Diff: 0.0]
   [Code Root Fixup: 0.0 ms]
   [Code Root Migration: 0.0 ms]
   [Clear CT: 0.0 ms]
   [Other: 0.3 ms]
      [Choose CSet: 0.0 ms]
      [Ref Proc: 0.0 ms]
      [Ref Enq: 0.0 ms]
      [Free CSet: 0.1 ms]
   [Eden: 27.0M(27.0M)->0.0B(18.0M) Survivors: 9216.0K->5120.0K Heap: 201.5M(256.0M)->193.0M(256.0M)]
 [Times: user=0.06 sys=0.00, real=0.02 secs] 
2014-07-10T16:13:29.773+0200: 60.758: [GC concurrent-root-region-scan-start]
2014-07-10T16:13:29.773+0200: 60.758: [GC concurrent-root-region-scan-end, 0.0000931 secs]
2014-07-10T16:13:29.773+0200: 60.758: [GC concurrent-mark-start]
2014-07-10T16:13:29.777+0200: 60.761: [GC concurrent-mark-end, 0.0034917 secs]
2014-07-10T16:13:29.777+0200: 60.762: [GC remark 2014-07-10T16:13:29.777+0200: 60.762: [GC ref-proc, 0.0000667 secs], 0.0015717 secs]
 [Times: user=0.00 sys=0.00, real=0.00 secs] 
2014-07-10T16:13:29.779+0200: 60.764: [GC cleanup 196M->90M(256M), 0.0009903 secs]
 [Times: user=0.00 sys=0.00, real=0.00 secs] 
2014-07-10T16:13:29.780+0200: 60.765: [GC concurrent-cleanup-start]
2014-07-10T16:13:29.780+0200: 60.765: [GC concurrent-cleanup-end, 0.0002357 secs]
2014-07-10T16:13:29.803+0200: 60.788: [GC pause (young), 0.0130167 secs]
   [Parallel Time: 12.7 ms, GC Workers: 2]
      [GC Worker Start (ms): Min: 60787.7, Avg: 60787.7, Max: 60787.7, Diff: 0.0]
      [Ext Root Scanning (ms): Min: 1.5, Avg: 1.6, Max: 1.7, Diff: 0.2, Sum: 3.2]
      [Update RS (ms): Min: 0.4, Avg: 0.5, Max: 0.6, Diff: 0.2, Sum: 0.9]
         [Processed Buffers: Min: 2, Avg: 3.5, Max: 5, Diff: 3, Sum: 7]
      [Scan RS (ms): Min: 0.0, Avg: 0.0, Max: 0.1, Diff: 0.0, Sum: 0.1]
      [Code Root Scanning (ms): Min: 0.0, Avg: 0.0, Max: 0.0, Diff: 0.0, Sum: 0.0]
      [Object Copy (ms): Min: 10.5, Avg: 10.5, Max: 10.6, Diff: 0.0, Sum: 21.1]
      [Termination (ms): Min: 0.0, Avg: 0.0, Max: 0.0, Diff: 0.0, Sum: 0.0]
      [GC Worker Other (ms): Min: 0.0, Avg: 0.0, Max: 0.0, Diff: 0.0, Sum: 0.1]
      [GC Worker Total (ms): Min: 12.7, Avg: 12.7, Max: 12.7, Diff: 0.0, Sum: 25.4]
      [GC Worker End (ms): Min: 60800.4, Avg: 60800.4, Max: 60800.4, Diff: 0.0]
   [Code Root Fixup: 0.0 ms]
   [Code Root Migration: 0.0 ms]
   [Clear CT: 0.0 ms]
   [Other: 0.2 ms]
      [Choose CSet: 0.0 ms]
      [Ref Proc: 0.0 ms]
      [Ref Enq: 0.0 ms]
      [Free CSet: 0.1 ms]
   [Eden: 18.0M(18.0M)->0.0B(9216.0K) Survivors: 5120.0K->3072.0K Heap: 105.0M(256.0M)->101.0M(256.0M)]
 [Times: user=0.00 sys=0.00, real=0.01 secs] 
2014-07-10T16:13:29.830+0200: 60.815: [GC pause (mixed), 0.0088984 secs]
   [Parallel Time: 8.5 ms, GC Workers: 2]
      [GC Worker Start (ms): Min: 60814.6, Avg: 60814.6, Max: 60814.6, Diff: 0.0]
      [Ext Root Scanning (ms): Min: 1.1, Avg: 1.1, Max: 1.1, Diff: 0.0, Sum: 2.3]
      [Update RS (ms): Min: 0.3, Avg: 0.3, Max: 0.3, Diff: 0.0, Sum: 0.6]
         [Processed Buffers: Min: 1, Avg: 3.0, Max: 5, Diff: 4, Sum: 6]
      [Scan RS (ms): Min: 0.1, Avg: 0.1, Max: 0.1, Diff: 0.0, Sum: 0.2]
      [Code Root Scanning (ms): Min: 0.0, Avg: 0.0, Max: 0.0, Diff: 0.0, Sum: 0.0]
      [Object Copy (ms): Min: 6.9, Avg: 6.9, Max: 6.9, Diff: 0.0, Sum: 13.8]
      [Termination (ms): Min: 0.0, Avg: 0.0, Max: 0.0, Diff: 0.0, Sum: 0.0]
      [GC Worker Other (ms): Min: 0.0, Avg: 0.0, Max: 0.0, Diff: 0.0, Sum: 0.1]
      [GC Worker Total (ms): Min: 8.5, Avg: 8.5, Max: 8.5, Diff: 0.0, Sum: 17.0]
      [GC Worker End (ms): Min: 60823.1, Avg: 60823.1, Max: 60823.1, Diff: 0.0]
   [Code Root Fixup: 0.0 ms]
   [Code Root Migration: 0.0 ms]
   [Clear CT: 0.1 ms]
   [Other: 0.3 ms]
      [Choose CSet: 0.0 ms]
      [Ref Proc: 0.0 ms]
      [Ref Enq: 0.0 ms]
      [Free CSet: 0.1 ms]
   [Eden: 9216.0K(9216.0K)->0.0B(66.0M) Survivors: 3072.0K->2048.0K Heap: 110.0M(256.0M)->99.5M(256.0M)]
 [Times: user=0.03 sys=0.00, real=0.01 secs] 
2014-07-10T16:13:29.948+0200: 60.933: [GC pause (young), 0.0443404 secs]
   [Parallel Time: 43.8 ms, GC Workers: 2]
      [GC Worker Start (ms): Min: 60932.9, Avg: 60933.0, Max: 60933.1, Diff: 0.2]
      [Ext Root Scanning (ms): Min: 0.9, Avg: 1.0, Max: 1.1, Diff: 0.2, Sum: 2.0]
      [Update RS (ms): Min: 0.5, Avg: 0.6, Max: 0.7, Diff: 0.2, Sum: 1.2]
         [Processed Buffers: Min: 1, Avg: 2.5, Max: 4, Diff: 3, Sum: 5]
      [Scan RS (ms): Min: 0.0, Avg: 0.1, Max: 0.2, Diff: 0.2, Sum: 0.2]
      [Code Root Scanning (ms): Min: 0.0, Avg: 0.0, Max: 0.1, Diff: 0.1, Sum: 0.1]
      [Object Copy (ms): Min: 41.7, Avg: 41.7, Max: 41.7, Diff: 0.0, Sum: 83.3]
      [Termination (ms): Min: 0.0, Avg: 0.0, Max: 0.0, Diff: 0.0, Sum: 0.0]
      [GC Worker Other (ms): Min: 0.0, Avg: 0.0, Max: 0.0, Diff: 0.0, Sum: 0.1]
      [GC Worker Total (ms): Min: 43.3, Avg: 43.4, Max: 43.5, Diff: 0.2, Sum: 86.8]
      [GC Worker End (ms): Min: 60976.4, Avg: 60976.4, Max: 60976.4, Diff: 0.0]
   [Code Root Fixup: 0.0 ms]
   [Code Root Migration: 0.0 ms]
   [Clear CT: 0.1 ms]
   [Other: 0.5 ms]
      [Choose CSet: 0.0 ms]
      [Ref Proc: 0.1 ms]
      [Ref Enq: 0.0 ms]
      [Free CSet: 0.1 ms]
   [Eden: 66.0M(66.0M)->0.0B(28.0M) Survivors: 2048.0K->9216.0K Heap: 165.5M(256.0M)->172.5M(256.0M)]
 [Times: user=0.09 sys=0.00, real=0.04 secs] 
2014-07-10T16:13:30.039+0200: 61.024: [GC pause (young) (initial-mark), 0.0196464 secs]
   [Parallel Time: 19.2 ms, GC Workers: 2]
      [GC Worker Start (ms): Min: 61023.6, Avg: 61023.6, Max: 61023.6, Diff: 0.0]
      [Ext Root Scanning (ms): Min: 1.1, Avg: 1.1, Max: 1.1, Diff: 0.0, Sum: 2.3]
      [Code Root Marking (ms): Min: 0.1, Avg: 0.1, Max: 0.1, Diff: 0.0, Sum: 0.1]
      [Update RS (ms): Min: 0.9, Avg: 0.9, Max: 0.9, Diff: 0.0, Sum: 1.8]
         [Processed Buffers: Min: 5, Avg: 5.5, Max: 6, Diff: 1, Sum: 11]
      [Scan RS (ms): Min: 0.0, Avg: 0.0, Max: 0.1, Diff: 0.0, Sum: 0.1]
      [Code Root Scanning (ms): Min: 0.0, Avg: 0.0, Max: 0.0, Diff: 0.0, Sum: 0.1]
      [Object Copy (ms): Min: 17.0, Avg: 17.0, Max: 17.0, Diff: 0.0, Sum: 34.0]
      [Termination (ms): Min: 0.0, Avg: 0.0, Max: 0.0, Diff: 0.0, Sum: 0.0]
      [GC Worker Other (ms): Min: 0.0, Avg: 0.0, Max: 0.0, Diff: 0.0, Sum: 0.1]
      [GC Worker Total (ms): Min: 19.2, Avg: 19.2, Max: 19.2, Diff: 0.0, Sum: 38.4]
      [GC Worker End (ms): Min: 61042.8, Avg: 61042.8, Max: 61042.8, Diff: 0.0]
   [Code Root Fixup: 0.0 ms]
   [Code Root Migration: 0.0 ms]
   [Clear CT: 0.0 ms]
   [Other: 0.4 ms]
      [Choose CSet: 0.0 ms]
      [Ref Proc: 0.1 ms]
      [Ref Enq: 0.0 ms]
      [Free CSet: 0.1 ms]
   [Eden: 28.0M(28.0M)->0.0B(18.0M) Survivors: 9216.0K->5120.0K Heap: 200.5M(256.0M)->192.0M(256.0M)]
 [Times: user=0.03 sys=0.00, real=0.02 secs] 
2014-07-10T16:13:30.059+0200: 61.044: [GC concurrent-root-region-scan-start]
2014-07-10T16:13:30.060+0200: 61.045: [GC concurrent-root-region-scan-end, 0.0013210 secs]
2014-07-10T16:13:30.060+0200: 61.045: [GC concurrent-mark-start]
2014-07-10T16:13:30.063+0200: 61.048: [GC concurrent-mark-end, 0.0031299 secs]
2014-07-10T16:13:30.063+0200: 61.048: [GC remark 2014-07-10T16:13:30.064+0200: 61.048: [GC ref-proc, 0.0000667 secs], 0.0012212 secs]
 [Times: user=0.00 sys=0.00, real=0.00 secs] 
2014-07-10T16:13:30.065+0200: 61.049: [GC cleanup 194M->86M(256M), 0.0007919 secs]
 [Times: user=0.00 sys=0.00, real=0.00 secs] 
2014-07-10T16:13:30.066+0200: 61.050: [GC concurrent-cleanup-start]
2014-07-10T16:13:30.066+0200: 61.050: [GC concurrent-cleanup-end, 0.0002042 secs]
2014-07-10T16:13:30.091+0200: 61.075: [GC pause (young), 0.0129195 secs]
   [Parallel Time: 12.4 ms, GC Workers: 2]
      [GC Worker Start (ms): Min: 61075.5, Avg: 61075.6, Max: 61075.6, Diff: 0.0]
      [Ext Root Scanning (ms): Min: 1.0, Avg: 1.0, Max: 1.1, Diff: 0.1, Sum: 2.1]
      [Update RS (ms): Min: 0.4, Avg: 0.4, Max: 0.5, Diff: 0.1, Sum: 0.9]
         [Processed Buffers: Min: 2, Avg: 3.5, Max: 5, Diff: 3, Sum: 7]
      [Scan RS (ms): Min: 0.0, Avg: 0.0, Max: 0.0, Diff: 0.0, Sum: 0.1]
      [Code Root Scanning (ms): Min: 0.0, Avg: 0.0, Max: 0.0, Diff: 0.0, Sum: 0.0]
      [Object Copy (ms): Min: 10.7, Avg: 10.7, Max: 10.7, Diff: 0.0, Sum: 21.4]
      [Termination (ms): Min: 0.0, Avg: 0.0, Max: 0.0, Diff: 0.0, Sum: 0.0]
      [GC Worker Other (ms): Min: 0.0, Avg: 0.0, Max: 0.0, Diff: 0.0, Sum: 0.1]
      [GC Worker Total (ms): Min: 12.3, Avg: 12.3, Max: 12.3, Diff: 0.0, Sum: 24.6]
      [GC Worker End (ms): Min: 61087.9, Avg: 61087.9, Max: 61087.9, Diff: 0.0]
   [Code Root Fixup: 0.0 ms]
   [Code Root Migration: 0.0 ms]
   [Clear CT: 0.1 ms]
   [Other: 0.4 ms]
      [Choose CSet: 0.0 ms]
      [Ref Proc: 0.2 ms]
      [Ref Enq: 0.0 ms]
      [Free CSet: 0.1 ms]
   [Eden: 18.0M(18.0M)->0.0B(9216.0K) Survivors: 5120.0K->3072.0K Heap: 102.0M(256.0M)->98.5M(256.0M)]
 [Times: user=0.03 sys=0.00, real=0.01 secs] 
2014-07-10T16:13:30.118+0200: 61.102: [GC pause (mixed), 0.0088654 secs]
   [Parallel Time: 8.5 ms, GC Workers: 2]
      [GC Worker Start (ms): Min: 61102.5, Avg: 61102.5, Max: 61102.5, Diff: 0.0]
      [Ext Root Scanning (ms): Min: 1.1, Avg: 1.1, Max: 1.1, Diff: 0.1, Sum: 2.2]
      [Update RS (ms): Min: 0.3, Avg: 0.3, Max: 0.3, Diff: 0.0, Sum: 0.6]
         [Processed Buffers: Min: 1, Avg: 3.0, Max: 5, Diff: 4, Sum: 6]
      [Scan RS (ms): Min: 0.1, Avg: 0.1, Max: 0.1, Diff: 0.0, Sum: 0.2]
      [Code Root Scanning (ms): Min: 0.0, Avg: 0.0, Max: 0.0, Diff: 0.0, Sum: 0.0]
      [Object Copy (ms): Min: 7.0, Avg: 7.0, Max: 7.0, Diff: 0.0, Sum: 13.9]
      [Termination (ms): Min: 0.0, Avg: 0.0, Max: 0.0, Diff: 0.0, Sum: 0.0]
      [GC Worker Other (ms): Min: 0.0, Avg: 0.0, Max: 0.0, Diff: 0.0, Sum: 0.1]
      [GC Worker Total (ms): Min: 8.5, Avg: 8.5, Max: 8.5, Diff: 0.0, Sum: 16.9]
      [GC Worker End (ms): Min: 61110.9, Avg: 61110.9, Max: 61110.9, Diff: 0.0]
   [Code Root Fixup: 0.0 ms]
   [Code Root Migration: 0.0 ms]
   [Clear CT: 0.1 ms]
   [Other: 0.3 ms]
      [Choose CSet: 0.0 ms]
      [Ref Proc: 0.0 ms]
      [Ref Enq: 0.0 ms]
      [Free CSet: 0.1 ms]
   [Eden: 9216.0K(9216.0K)->0.0B(65.0M) Survivors: 3072.0K->2048.0K Heap: 107.5M(256.0M)->101.5M(256.0M)]
 [Times: user=0.00 sys=0.00, real=0.01 secs] 
2014-07-10T16:13:30.234+0200: 61.219: [GC pause (young), 0.0434715 secs]
   [Parallel Time: 43.0 ms, GC Workers: 2]
      [GC Worker Start (ms): Min: 61218.6, Avg: 61218.6, Max: 61218.6, Diff: 0.0]
      [Ext Root Scanning (ms): Min: 1.0, Avg: 1.0, Max: 1.1, Diff: 0.0, Sum: 2.1]
      [Update RS (ms): Min: 0.3, Avg: 0.4, Max: 0.5, Diff: 0.2, Sum: 0.8]
         [Processed Buffers: Min: 1, Avg: 3.0, Max: 5, Diff: 4, Sum: 6]
      [Scan RS (ms): Min: 0.1, Avg: 0.1, Max: 0.1, Diff: 0.1, Sum: 0.2]
      [Code Root Scanning (ms): Min: 0.0, Avg: 0.0, Max: 0.1, Diff: 0.0, Sum: 0.1]
      [Object Copy (ms): Min: 41.3, Avg: 41.3, Max: 41.3, Diff: 0.0, Sum: 82.7]
      [Termination (ms): Min: 0.0, Avg: 0.0, Max: 0.0, Diff: 0.0, Sum: 0.0]
      [GC Worker Other (ms): Min: 0.0, Avg: 0.0, Max: 0.0, Diff: 0.0, Sum: 0.1]
      [GC Worker Total (ms): Min: 43.0, Avg: 43.0, Max: 43.0, Diff: 0.0, Sum: 86.0]
      [GC Worker End (ms): Min: 61261.6, Avg: 61261.6, Max: 61261.6, Diff: 0.0]
   [Code Root Fixup: 0.0 ms]
   [Code Root Migration: 0.0 ms]
   [Clear CT: 0.1 ms]
   [Other: 0.4 ms]
      [Choose CSet: 0.0 ms]
      [Ref Proc: 0.0 ms]
      [Ref Enq: 0.0 ms]
      [Free CSet: 0.1 ms]
   [Eden: 65.0M(65.0M)->0.0B(27.0M) Survivors: 2048.0K->9216.0K Heap: 166.5M(256.0M)->174.5M(256.0M)]
 [Times: user=0.08 sys=0.00, real=0.04 secs] 
2014-07-10T16:13:30.341+0200: 61.325: [GC pause (young) (initial-mark), 0.0193472 secs]
   [Parallel Time: 18.6 ms, GC Workers: 2]
      [GC Worker Start (ms): Min: 61325.5, Avg: 61325.5, Max: 61325.5, Diff: 0.0]
      [Ext Root Scanning (ms): Min: 1.0, Avg: 1.0, Max: 1.0, Diff: 0.0, Sum: 1.9]
      [Code Root Marking (ms): Min: 0.0, Avg: 0.1, Max: 0.1, Diff: 0.0, Sum: 0.1]
      [Update RS (ms): Min: 0.9, Avg: 0.9, Max: 0.9, Diff: 0.0, Sum: 1.7]
         [Processed Buffers: Min: 4, Avg: 5.0, Max: 6, Diff: 2, Sum: 10]
      [Scan RS (ms): Min: 0.0, Avg: 0.0, Max: 0.0, Diff: 0.0, Sum: 0.1]
      [Code Root Scanning (ms): Min: 0.0, Avg: 0.0, Max: 0.0, Diff: 0.0, Sum: 0.0]
      [Object Copy (ms): Min: 16.6, Avg: 16.6, Max: 16.6, Diff: 0.0, Sum: 33.1]
      [Termination (ms): Min: 0.0, Avg: 0.0, Max: 0.0, Diff: 0.0, Sum: 0.0]
      [GC Worker Other (ms): Min: 0.0, Avg: 0.0, Max: 0.0, Diff: 0.0, Sum: 0.1]
      [GC Worker Total (ms): Min: 18.5, Avg: 18.5, Max: 18.5, Diff: 0.0, Sum: 37.1]
      [GC Worker End (ms): Min: 61344.1, Avg: 61344.1, Max: 61344.1, Diff: 0.0]
   [Code Root Fixup: 0.0 ms]
   [Code Root Migration: 0.0 ms]
   [Clear CT: 0.2 ms]
   [Other: 0.6 ms]
      [Choose CSet: 0.0 ms]
      [Ref Proc: 0.2 ms]
      [Ref Enq: 0.0 ms]
      [Free CSet: 0.1 ms]
   [Eden: 27.0M(27.0M)->0.0B(18.0M) Survivors: 9216.0K->5120.0K Heap: 201.5M(256.0M)->193.5M(256.0M)]
 [Times: user=0.03 sys=0.00, real=0.02 secs] 
2014-07-10T16:13:30.360+0200: 61.345: [GC concurrent-root-region-scan-start]
2014-07-10T16:13:30.360+0200: 61.345: [GC concurrent-root-region-scan-end, 0.0000895 secs]
2014-07-10T16:13:30.360+0200: 61.345: [GC concurrent-mark-start]
2014-07-10T16:13:30.364+0200: 61.349: [GC concurrent-mark-end, 0.0038730 secs]
2014-07-10T16:13:30.365+0200: 61.349: [GC remark 2014-07-10T16:13:30.365+0200: 61.350: [GC ref-proc, 0.0000678 secs], 0.0016154 secs]
 [Times: user=0.00 sys=0.00, real=0.00 secs] 
2014-07-10T16:13:30.367+0200: 61.352: [GC cleanup 197M->89M(256M), 0.0013521 secs]
 [Times: user=0.00 sys=0.00, real=0.00 secs] 
2014-07-10T16:13:30.369+0200: 61.353: [GC concurrent-cleanup-start]
2014-07-10T16:13:30.369+0200: 61.354: [GC concurrent-cleanup-end, 0.0001785 secs]
2014-07-10T16:13:30.396+0200: 61.381: [GC pause (young), 0.0129569 secs]
   [Parallel Time: 12.4 ms, GC Workers: 2]
      [GC Worker Start (ms): Min: 61380.6, Avg: 61380.7, Max: 61380.7, Diff: 0.0]
      [Ext Root Scanning (ms): Min: 0.8, Avg: 1.0, Max: 1.1, Diff: 0.4, Sum: 1.9]
      [Update RS (ms): Min: 0.6, Avg: 0.6, Max: 0.6, Diff: 0.0, Sum: 1.2]
         [Processed Buffers: Min: 2, Avg: 3.0, Max: 4, Diff: 2, Sum: 6]
      [Scan RS (ms): Min: 0.0, Avg: 0.0, Max: 0.0, Diff: 0.0, Sum: 0.1]
      [Code Root Scanning (ms): Min: 0.0, Avg: 0.0, Max: 0.0, Diff: 0.0, Sum: 0.0]
      [Object Copy (ms): Min: 10.5, Avg: 10.5, Max: 10.6, Diff: 0.0, Sum: 21.1]
      [Termination (ms): Min: 0.0, Avg: 0.0, Max: 0.0, Diff: 0.0, Sum: 0.0]
      [GC Worker Other (ms): Min: 0.0, Avg: 0.2, Max: 0.4, Diff: 0.4, Sum: 0.4]
      [GC Worker Total (ms): Min: 12.4, Avg: 12.4, Max: 12.4, Diff: 0.0, Sum: 24.7]
      [GC Worker End (ms): Min: 61393.0, Avg: 61393.0, Max: 61393.0, Diff: 0.0]
   [Code Root Fixup: 0.0 ms]
   [Code Root Migration: 0.0 ms]
   [Clear CT: 0.0 ms]
   [Other: 0.5 ms]
      [Choose CSet: 0.0 ms]
      [Ref Proc: 0.3 ms]
      [Ref Enq: 0.0 ms]
      [Free CSet: 0.1 ms]
   [Eden: 18.0M(18.0M)->0.0B(9216.0K) Survivors: 5120.0K->3072.0K Heap: 103.5M(256.0M)->99.5M(256.0M)]
 [Times: user=0.00 sys=0.00, real=0.01 secs] 
2014-07-10T16:13:30.424+0200: 61.408: [GC pause (mixed), 0.0119656 secs]
   [Parallel Time: 8.9 ms, GC Workers: 2]
      [GC Worker Start (ms): Min: 61408.5, Avg: 61408.5, Max: 61408.5, Diff: 0.0]
      [Ext Root Scanning (ms): Min: 0.9, Avg: 0.9, Max: 1.0, Diff: 0.1, Sum: 1.8]
      [Update RS (ms): Min: 0.3, Avg: 0.3, Max: 0.3, Diff: 0.1, Sum: 0.6]
         [Processed Buffers: Min: 1, Avg: 3.5, Max: 6, Diff: 5, Sum: 7]
      [Scan RS (ms): Min: 0.1, Avg: 0.1, Max: 0.1, Diff: 0.0, Sum: 0.1]
      [Code Root Scanning (ms): Min: 0.0, Avg: 0.0, Max: 0.0, Diff: 0.0, Sum: 0.0]
      [Object Copy (ms): Min: 7.5, Avg: 7.5, Max: 7.6, Diff: 0.0, Sum: 15.1]
      [Termination (ms): Min: 0.0, Avg: 0.0, Max: 0.0, Diff: 0.0, Sum: 0.0]
      [GC Worker Other (ms): Min: 0.0, Avg: 0.0, Max: 0.0, Diff: 0.0, Sum: 0.1]
      [GC Worker Total (ms): Min: 8.9, Avg: 8.9, Max: 8.9, Diff: 0.0, Sum: 17.7]
      [GC Worker End (ms): Min: 61417.3, Avg: 61417.3, Max: 61417.3, Diff: 0.0]
   [Code Root Fixup: 0.0 ms]
   [Code Root Migration: 0.0 ms]
   [Clear CT: 0.1 ms]
   [Other: 3.0 ms]
      [Choose CSet: 0.0 ms]
      [Ref Proc: 2.7 ms]
      [Ref Enq: 0.0 ms]
      [Free CSet: 0.1 ms]
   [Eden: 9216.0K(9216.0K)->0.0B(64.0M) Survivors: 3072.0K->2048.0K Heap: 108.5M(256.0M)->102.0M(256.0M)]
 [Times: user=0.03 sys=0.00, real=0.01 secs] 
2014-07-10T16:13:30.542+0200: 61.526: [GC pause (young), 0.0427735 secs]
   [Parallel Time: 42.3 ms, GC Workers: 2]
      [GC Worker Start (ms): Min: 61526.5, Avg: 61526.5, Max: 61526.5, Diff: 0.0]
      [Ext Root Scanning (ms): Min: 1.1, Avg: 1.2, Max: 1.2, Diff: 0.1, Sum: 2.3]
      [Update RS (ms): Min: 0.5, Avg: 0.7, Max: 1.0, Diff: 0.5, Sum: 1.5]
         [Processed Buffers: Min: 1, Avg: 2.5, Max: 4, Diff: 3, Sum: 5]
      [Scan RS (ms): Min: 0.0, Avg: 0.1, Max: 0.2, Diff: 0.2, Sum: 0.2]
      [Code Root Scanning (ms): Min: 0.0, Avg: 0.0, Max: 0.1, Diff: 0.1, Sum: 0.1]
      [Object Copy (ms): Min: 40.0, Avg: 40.2, Max: 40.3, Diff: 0.3, Sum: 80.4]
      [Termination (ms): Min: 0.0, Avg: 0.0, Max: 0.0, Diff: 0.0, Sum: 0.0]
      [GC Worker Other (ms): Min: 0.0, Avg: 0.0, Max: 0.0, Diff: 0.0, Sum: 0.1]
      [GC Worker Total (ms): Min: 42.3, Avg: 42.3, Max: 42.3, Diff: 0.0, Sum: 84.5]
      [GC Worker End (ms): Min: 61568.8, Avg: 61568.8, Max: 61568.8, Diff: 0.0]
   [Code Root Fixup: 0.0 ms]
   [Code Root Migration: 0.0 ms]
   [Clear CT: 0.1 ms]
   [Other: 0.4 ms]
      [Choose CSet: 0.0 ms]
      [Ref Proc: 0.0 ms]
      [Ref Enq: 0.0 ms]
      [Free CSet: 0.2 ms]
   [Eden: 64.0M(64.0M)->0.0B(31.0M) Survivors: 2048.0K->9216.0K Heap: 166.0M(256.0M)->166.0M(256.0M)]
 [Times: user=0.08 sys=0.00, real=0.04 secs] 
2014-07-10T16:13:30.635+0200: 61.620: [GC pause (young) (initial-mark), 0.0216987 secs]
   [Parallel Time: 21.3 ms, GC Workers: 2]
      [GC Worker Start (ms): Min: 61619.9, Avg: 61619.9, Max: 61620.0, Diff: 0.0]
      [Ext Root Scanning (ms): Min: 1.1, Avg: 1.1, Max: 1.2, Diff: 0.0, Sum: 2.3]
      [Code Root Marking (ms): Min: 0.0, Avg: 0.1, Max: 0.1, Diff: 0.0, Sum: 0.1]
      [Update RS (ms): Min: 0.9, Avg: 1.0, Max: 1.0, Diff: 0.0, Sum: 1.9]
         [Processed Buffers: Min: 4, Avg: 4.5, Max: 5, Diff: 1, Sum: 9]
      [Scan RS (ms): Min: 0.0, Avg: 0.1, Max: 0.1, Diff: 0.0, Sum: 0.1]
      [Code Root Scanning (ms): Min: 0.0, Avg: 0.0, Max: 0.0, Diff: 0.0, Sum: 0.1]
      [Object Copy (ms): Min: 19.0, Avg: 19.0, Max: 19.0, Diff: 0.1, Sum: 38.0]
      [Termination (ms): Min: 0.0, Avg: 0.0, Max: 0.0, Diff: 0.0, Sum: 0.0]
      [GC Worker Other (ms): Min: 0.0, Avg: 0.0, Max: 0.0, Diff: 0.0, Sum: 0.1]
      [GC Worker Total (ms): Min: 21.3, Avg: 21.3, Max: 21.3, Diff: 0.0, Sum: 42.5]
      [GC Worker End (ms): Min: 61641.2, Avg: 61641.2, Max: 61641.2, Diff: 0.0]
   [Code Root Fixup: 0.0 ms]
   [Code Root Migration: 0.0 ms]
   [Clear CT: 0.0 ms]
   [Other: 0.3 ms]
      [Choose CSet: 0.0 ms]
      [Ref Proc: 0.1 ms]
      [Ref Enq: 0.0 ms]
      [Free CSet: 0.1 ms]
   [Eden: 31.0M(31.0M)->0.0B(20.0M) Survivors: 9216.0K->5120.0K Heap: 197.0M(256.0M)->189.5M(256.0M)]
 [Times: user=0.03 sys=0.00, real=0.02 secs] 
2014-07-10T16:13:30.657+0200: 61.642: [GC concurrent-root-region-scan-start]
2014-07-10T16:13:30.657+0200: 61.642: [GC concurrent-root-region-scan-end, 0.0000880 secs]
2014-07-10T16:13:30.657+0200: 61.642: [GC concurrent-mark-start]
2014-07-10T16:13:30.661+0200: 61.646: [GC concurrent-mark-end, 0.0039163 secs]
2014-07-10T16:13:30.661+0200: 61.646: [GC remark 2014-07-10T16:13:30.661+0200: 61.646: [GC ref-proc, 0.0000671 secs], 0.0010266 secs]
 [Times: user=0.00 sys=0.00, real=0.00 secs] 
2014-07-10T16:13:30.662+0200: 61.647: [GC cleanup 190M->90M(256M), 0.0007791 secs]
 [Times: user=0.00 sys=0.00, real=0.00 secs] 
2014-07-10T16:13:30.663+0200: 61.648: [GC concurrent-cleanup-start]
2014-07-10T16:13:30.664+0200: 61.648: [GC concurrent-cleanup-end, 0.0002167 secs]
2014-07-10T16:13:30.693+0200: 61.678: [GC pause (young), 0.0159687 secs]
   [Parallel Time: 15.6 ms, GC Workers: 2]
      [GC Worker Start (ms): Min: 61677.6, Avg: 61679.9, Max: 61682.3, Diff: 4.8]
      [Ext Root Scanning (ms): Min: 0.0, Avg: 0.8, Max: 1.7, Diff: 1.7, Sum: 1.7]
      [Update RS (ms): Min: 0.0, Avg: 0.4, Max: 0.9, Diff: 0.9, Sum: 0.9]
         [Processed Buffers: Min: 0, Avg: 3.5, Max: 7, Diff: 7, Sum: 7]
      [Scan RS (ms): Min: 0.0, Avg: 0.0, Max: 0.1, Diff: 0.1, Sum: 0.1]
      [Code Root Scanning (ms): Min: 0.0, Avg: 0.0, Max: 0.0, Diff: 0.0, Sum: 0.0]
      [Object Copy (ms): Min: 10.8, Avg: 11.9, Max: 12.9, Diff: 2.1, Sum: 23.7]
      [Termination (ms): Min: 0.0, Avg: 0.0, Max: 0.0, Diff: 0.0, Sum: 0.0]
      [GC Worker Other (ms): Min: 0.0, Avg: 0.0, Max: 0.0, Diff: 0.0, Sum: 0.0]
      [GC Worker Total (ms): Min: 10.9, Avg: 13.2, Max: 15.6, Diff: 4.8, Sum: 26.5]
      [GC Worker End (ms): Min: 61693.2, Avg: 61693.2, Max: 61693.2, Diff: 0.0]
   [Code Root Fixup: 0.0 ms]
   [Code Root Migration: 0.0 ms]
   [Clear CT: 0.1 ms]
   [Other: 0.3 ms]
      [Choose CSet: 0.0 ms]
      [Ref Proc: 0.1 ms]
      [Ref Enq: 0.0 ms]
      [Free CSet: 0.1 ms]
   [Eden: 20.0M(20.0M)->0.0B(8192.0K) Survivors: 5120.0K->4096.0K Heap: 109.5M(256.0M)->105.0M(256.0M)]
 [Times: user=0.03 sys=0.00, real=0.02 secs] 
2014-07-10T16:13:30.721+0200: 61.705: [GC pause (mixed), 0.0089644 secs]
   [Parallel Time: 8.6 ms, GC Workers: 2]
      [GC Worker Start (ms): Min: 61705.5, Avg: 61705.5, Max: 61705.5, Diff: 0.0]
      [Ext Root Scanning (ms): Min: 1.1, Avg: 1.1, Max: 1.2, Diff: 0.1, Sum: 2.2]
      [Update RS (ms): Min: 0.3, Avg: 0.3, Max: 0.4, Diff: 0.1, Sum: 0.6]
         [Processed Buffers: Min: 2, Avg: 3.5, Max: 5, Diff: 3, Sum: 7]
      [Scan RS (ms): Min: 0.1, Avg: 0.1, Max: 0.1, Diff: 0.0, Sum: 0.2]
      [Code Root Scanning (ms): Min: 0.0, Avg: 0.0, Max: 0.0, Diff: 0.0, Sum: 0.0]
      [Object Copy (ms): Min: 6.9, Avg: 6.9, Max: 6.9, Diff: 0.0, Sum: 13.8]
      [Termination (ms): Min: 0.0, Avg: 0.0, Max: 0.0, Diff: 0.0, Sum: 0.0]
      [GC Worker Other (ms): Min: 0.0, Avg: 0.0, Max: 0.0, Diff: 0.0, Sum: 0.0]
      [GC Worker Total (ms): Min: 8.5, Avg: 8.5, Max: 8.5, Diff: 0.0, Sum: 17.0]
      [GC Worker End (ms): Min: 61714.0, Avg: 61714.0, Max: 61714.0, Diff: 0.0]
   [Code Root Fixup: 0.0 ms]
   [Code Root Migration: 0.0 ms]
   [Clear CT: 0.1 ms]
   [Other: 0.3 ms]
      [Choose CSet: 0.0 ms]
      [Ref Proc: 0.0 ms]
      [Ref Enq: 0.0 ms]
      [Free CSet: 0.1 ms]
   [Eden: 8192.0K(8192.0K)->0.0B(64.0M) Survivors: 4096.0K->2048.0K Heap: 113.0M(256.0M)->101.5M(256.0M)]
 [Times: user=0.03 sys=0.00, real=0.01 secs] 
2014-07-10T16:13:30.834+0200: 61.819: [GC pause (young), 0.0430202 secs]
   [Parallel Time: 42.4 ms, GC Workers: 2]
      [GC Worker Start (ms): Min: 61818.7, Avg: 61818.7, Max: 61818.7, Diff: 0.0]
      [Ext Root Scanning (ms): Min: 1.1, Avg: 1.1, Max: 1.1, Diff: 0.0, Sum: 2.2]
      [Update RS (ms): Min: 0.4, Avg: 0.4, Max: 0.4, Diff: 0.0, Sum: 0.8]
         [Processed Buffers: Min: 2, Avg: 2.5, Max: 3, Diff: 1, Sum: 5]
      [Scan RS (ms): Min: 0.1, Avg: 0.1, Max: 0.1, Diff: 0.0, Sum: 0.2]
      [Code Root Scanning (ms): Min: 0.1, Avg: 0.1, Max: 0.1, Diff: 0.0, Sum: 0.1]
      [Object Copy (ms): Min: 40.7, Avg: 40.8, Max: 40.8, Diff: 0.1, Sum: 81.5]
      [Termination (ms): Min: 0.0, Avg: 0.0, Max: 0.0, Diff: 0.0, Sum: 0.0]
      [GC Worker Other (ms): Min: 0.0, Avg: 0.0, Max: 0.0, Diff: 0.0, Sum: 0.1]
      [GC Worker Total (ms): Min: 42.4, Avg: 42.4, Max: 42.4, Diff: 0.0, Sum: 84.8]
      [GC Worker End (ms): Min: 61861.1, Avg: 61861.1, Max: 61861.1, Diff: 0.0]
   [Code Root Fixup: 0.0 ms]
   [Code Root Migration: 0.0 ms]
   [Clear CT: 0.1 ms]
   [Other: 0.4 ms]
      [Choose CSet: 0.0 ms]
      [Ref Proc: 0.1 ms]
      [Ref Enq: 0.0 ms]
      [Free CSet: 0.1 ms]
   [Eden: 64.0M(64.0M)->0.0B(28.0M) Survivors: 2048.0K->9216.0K Heap: 165.5M(256.0M)->173.5M(256.0M)]
 [Times: user=0.06 sys=0.00, real=0.04 secs] 
2014-07-10T16:13:30.921+0200: 61.906: [GC pause (young) (initial-mark), 0.0192651 secs]
   [Parallel Time: 18.8 ms, GC Workers: 2]
      [GC Worker Start (ms): Min: 61905.7, Avg: 61905.8, Max: 61905.8, Diff: 0.0]
      [Ext Root Scanning (ms): Min: 1.1, Avg: 1.1, Max: 1.1, Diff: 0.0, Sum: 2.2]
      [Code Root Marking (ms): Min: 0.0, Avg: 0.1, Max: 0.1, Diff: 0.0, Sum: 0.1]
      [Update RS (ms): Min: 0.9, Avg: 0.9, Max: 0.9, Diff: 0.0, Sum: 1.8]
         [Processed Buffers: Min: 4, Avg: 5.0, Max: 6, Diff: 2, Sum: 10]
      [Scan RS (ms): Min: 0.0, Avg: 0.1, Max: 0.1, Diff: 0.0, Sum: 0.1]
      [Code Root Scanning (ms): Min: 0.0, Avg: 0.0, Max: 0.0, Diff: 0.0, Sum: 0.0]
      [Object Copy (ms): Min: 16.4, Avg: 16.4, Max: 16.4, Diff: 0.0, Sum: 32.8]
      [Termination (ms): Min: 0.0, Avg: 0.0, Max: 0.0, Diff: 0.0, Sum: 0.0]
      [GC Worker Other (ms): Min: 0.0, Avg: 0.1, Max: 0.2, Diff: 0.1, Sum: 0.2]
      [GC Worker Total (ms): Min: 18.5, Avg: 18.6, Max: 18.7, Diff: 0.1, Sum: 37.2]
      [GC Worker End (ms): Min: 61924.3, Avg: 61924.4, Max: 61924.4, Diff: 0.1]
   [Code Root Fixup: 0.0 ms]
   [Code Root Migration: 0.0 ms]
   [Clear CT: 0.0 ms]
   [Other: 0.5 ms]
      [Choose CSet: 0.0 ms]
      [Ref Proc: 0.2 ms]
      [Ref Enq: 0.0 ms]
      [Free CSet: 0.1 ms]
   [Eden: 28.0M(28.0M)->0.0B(18.0M) Survivors: 9216.0K->5120.0K Heap: 201.5M(256.0M)->192.5M(256.0M)]
 [Times: user=0.06 sys=0.00, real=0.02 secs] 
2014-07-10T16:13:30.940+0200: 61.925: [GC concurrent-root-region-scan-start]
2014-07-10T16:13:30.941+0200: 61.925: [GC concurrent-root-region-scan-end, 0.0000840 secs]
2014-07-10T16:13:30.941+0200: 61.925: [GC concurrent-mark-start]
2014-07-10T16:13:30.944+0200: 61.929: [GC concurrent-mark-end, 0.0031764 secs]
2014-07-10T16:13:30.944+0200: 61.929: [GC remark 2014-07-10T16:13:30.944+0200: 61.929: [GC ref-proc, 0.0000708 secs], 0.0010713 secs]
 [Times: user=0.00 sys=0.00, real=0.00 secs] 
2014-07-10T16:13:30.945+0200: 61.930: [GC cleanup 194M->82M(256M), 0.0014944 secs]
 [Times: user=0.00 sys=0.00, real=0.00 secs] 
2014-07-10T16:13:30.947+0200: 61.932: [GC concurrent-cleanup-start]
2014-07-10T16:13:30.947+0200: 61.932: [GC concurrent-cleanup-end, 0.0001921 secs]
2014-07-10T16:13:30.972+0200: 61.956: [GC pause (young), 0.0126834 secs]
   [Parallel Time: 12.4 ms, GC Workers: 2]
      [GC Worker Start (ms): Min: 61956.5, Avg: 61956.5, Max: 61956.5, Diff: 0.0]
      [Ext Root Scanning (ms): Min: 1.1, Avg: 1.1, Max: 1.2, Diff: 0.1, Sum: 2.2]
      [Update RS (ms): Min: 0.4, Avg: 0.4, Max: 0.4, Diff: 0.0, Sum: 0.9]
         [Processed Buffers: Min: 2, Avg: 3.5, Max: 5, Diff: 3, Sum: 7]
      [Scan RS (ms): Min: 0.0, Avg: 0.0, Max: 0.0, Diff: 0.0, Sum: 0.1]
      [Code Root Scanning (ms): Min: 0.0, Avg: 0.0, Max: 0.0, Diff: 0.0, Sum: 0.0]
      [Object Copy (ms): Min: 10.6, Avg: 10.7, Max: 10.7, Diff: 0.0, Sum: 21.3]
      [Termination (ms): Min: 0.0, Avg: 0.0, Max: 0.0, Diff: 0.0, Sum: 0.0]
      [GC Worker Other (ms): Min: 0.0, Avg: 0.0, Max: 0.0, Diff: 0.0, Sum: 0.1]
      [GC Worker Total (ms): Min: 12.3, Avg: 12.3, Max: 12.3, Diff: 0.0, Sum: 24.6]
      [GC Worker End (ms): Min: 61968.8, Avg: 61968.8, Max: 61968.8, Diff: 0.0]
   [Code Root Fixup: 0.0 ms]
   [Code Root Migration: 0.0 ms]
   [Clear CT: 0.0 ms]
   [Other: 0.2 ms]
      [Choose CSet: 0.0 ms]
      [Ref Proc: 0.0 ms]
      [Ref Enq: 0.0 ms]
      [Free CSet: 0.1 ms]
   [Eden: 18.0M(18.0M)->0.0B(9216.0K) Survivors: 5120.0K->3072.0K Heap: 98.5M(256.0M)->94.0M(256.0M)]
 [Times: user=0.00 sys=0.00, real=0.01 secs] 
2014-07-10T16:13:31.000+0200: 61.985: [GC pause (mixed), 0.0089739 secs]
   [Parallel Time: 8.5 ms, GC Workers: 2]
      [GC Worker Start (ms): Min: 61984.7, Avg: 61984.7, Max: 61984.7, Diff: 0.0]
      [Ext Root Scanning (ms): Min: 0.9, Avg: 0.9, Max: 0.9, Diff: 0.0, Sum: 1.9]
      [Update RS (ms): Min: 0.4, Avg: 0.4, Max: 0.4, Diff: 0.1, Sum: 0.8]
         [Processed Buffers: Min: 1, Avg: 2.0, Max: 3, Diff: 2, Sum: 4]
      [Scan RS (ms): Min: 0.0, Avg: 0.1, Max: 0.1, Diff: 0.0, Sum: 0.1]
      [Code Root Scanning (ms): Min: 0.0, Avg: 0.0, Max: 0.0, Diff: 0.0, Sum: 0.0]
      [Object Copy (ms): Min: 7.0, Avg: 7.0, Max: 7.0, Diff: 0.0, Sum: 14.0]
      [Termination (ms): Min: 0.0, Avg: 0.0, Max: 0.0, Diff: 0.0, Sum: 0.0]
      [GC Worker Other (ms): Min: 0.0, Avg: 0.0, Max: 0.0, Diff: 0.0, Sum: 0.1]
      [GC Worker Total (ms): Min: 8.4, Avg: 8.4, Max: 8.4, Diff: 0.0, Sum: 16.8]
      [GC Worker End (ms): Min: 61993.1, Avg: 61993.1, Max: 61993.1, Diff: 0.0]
   [Code Root Fixup: 0.1 ms]
   [Code Root Migration: 0.0 ms]
   [Clear CT: 0.0 ms]
   [Other: 0.4 ms]
      [Choose CSet: 0.0 ms]
      [Ref Proc: 0.1 ms]
      [Ref Enq: 0.0 ms]
      [Free CSet: 0.1 ms]
   [Eden: 9216.0K(9216.0K)->0.0B(67.0M) Survivors: 3072.0K->2048.0K Heap: 103.0M(256.0M)->99.0M(256.0M)]
 [Times: user=0.03 sys=0.00, real=0.01 secs] 
2014-07-10T16:13:31.126+0200: 62.111: [GC pause (young), 0.0450084 secs]
   [Parallel Time: 44.3 ms, GC Workers: 2]
      [GC Worker Start (ms): Min: 62110.7, Avg: 62110.7, Max: 62110.7, Diff: 0.0]
      [Ext Root Scanning (ms): Min: 1.1, Avg: 1.2, Max: 1.3, Diff: 0.2, Sum: 2.4]
      [Update RS (ms): Min: 0.4, Avg: 0.5, Max: 0.6, Diff: 0.2, Sum: 1.0]
         [Processed Buffers: Min: 1, Avg: 3.0, Max: 5, Diff: 4, Sum: 6]
      [Scan RS (ms): Min: 0.1, Avg: 0.1, Max: 0.1, Diff: 0.1, Sum: 0.2]
      [Code Root Scanning (ms): Min: 0.0, Avg: 0.0, Max: 0.1, Diff: 0.0, Sum: 0.1]
      [Object Copy (ms): Min: 42.4, Avg: 42.4, Max: 42.4, Diff: 0.0, Sum: 84.8]
      [Termination (ms): Min: 0.0, Avg: 0.0, Max: 0.0, Diff: 0.0, Sum: 0.0]
      [GC Worker Other (ms): Min: 0.0, Avg: 0.0, Max: 0.0, Diff: 0.0, Sum: 0.1]
      [GC Worker Total (ms): Min: 44.3, Avg: 44.3, Max: 44.3, Diff: 0.0, Sum: 88.5]
      [GC Worker End (ms): Min: 62154.9, Avg: 62154.9, Max: 62154.9, Diff: 0.0]
   [Code Root Fixup: 0.0 ms]
   [Code Root Migration: 0.0 ms]
   [Clear CT: 0.2 ms]
   [Other: 0.5 ms]
      [Choose CSet: 0.0 ms]
      [Ref Proc: 0.2 ms]
      [Ref Enq: 0.0 ms]
      [Free CSet: 0.1 ms]
   [Eden: 67.0M(67.0M)->0.0B(29.0M) Survivors: 2048.0K->9216.0K Heap: 166.0M(256.0M)->171.0M(256.0M)]
 [Times: user=0.09 sys=0.00, real=0.05 secs] 
2014-07-10T16:13:31.219+0200: 62.204: [GC pause (young) (initial-mark), 0.0207719 secs]
   [Parallel Time: 20.4 ms, GC Workers: 2]
      [GC Worker Start (ms): Min: 62203.6, Avg: 62203.6, Max: 62203.6, Diff: 0.0]
      [Ext Root Scanning (ms): Min: 1.1, Avg: 1.1, Max: 1.1, Diff: 0.0, Sum: 2.2]
      [Code Root Marking (ms): Min: 0.0, Avg: 0.1, Max: 0.1, Diff: 0.0, Sum: 0.1]
      [Update RS (ms): Min: 1.0, Avg: 1.0, Max: 1.1, Diff: 0.1, Sum: 2.0]
         [Processed Buffers: Min: 4, Avg: 4.5, Max: 5, Diff: 1, Sum: 9]
      [Scan RS (ms): Min: 0.0, Avg: 0.0, Max: 0.1, Diff: 0.1, Sum: 0.1]
      [Code Root Scanning (ms): Min: 0.0, Avg: 0.0, Max: 0.0, Diff: 0.0, Sum: 0.0]
      [Object Copy (ms): Min: 18.0, Avg: 18.0, Max: 18.0, Diff: 0.0, Sum: 36.0]
      [Termination (ms): Min: 0.0, Avg: 0.0, Max: 0.0, Diff: 0.0, Sum: 0.0]
      [GC Worker Other (ms): Min: 0.0, Avg: 0.0, Max: 0.0, Diff: 0.0, Sum: 0.1]
      [GC Worker Total (ms): Min: 20.3, Avg: 20.3, Max: 20.3, Diff: 0.0, Sum: 40.6]
      [GC Worker End (ms): Min: 62223.9, Avg: 62223.9, Max: 62223.9, Diff: 0.0]
   [Code Root Fixup: 0.0 ms]
   [Code Root Migration: 0.0 ms]
   [Clear CT: 0.0 ms]
   [Other: 0.3 ms]
      [Choose CSet: 0.0 ms]
      [Ref Proc: 0.1 ms]
      [Ref Enq: 0.0 ms]
      [Free CSet: 0.1 ms]
   [Eden: 29.0M(29.0M)->0.0B(18.0M) Survivors: 9216.0K->5120.0K Heap: 200.0M(256.0M)->192.5M(256.0M)]
 [Times: user=0.05 sys=0.00, real=0.02 secs] 
2014-07-10T16:13:31.240+0200: 62.225: [GC concurrent-root-region-scan-start]
2014-07-10T16:13:31.240+0200: 62.225: [GC concurrent-root-region-scan-end, 0.0000917 secs]
2014-07-10T16:13:31.240+0200: 62.225: [GC concurrent-mark-start]
2014-07-10T16:13:31.244+0200: 62.229: [GC concurrent-mark-end, 0.0037872 secs]
2014-07-10T16:13:31.244+0200: 62.229: [GC remark 2014-07-10T16:13:31.244+0200: 62.229: [GC ref-proc, 0.0000667 secs], 0.0011710 secs]
 [Times: user=0.00 sys=0.00, real=0.00 secs] 
2014-07-10T16:13:31.245+0200: 62.230: [GC cleanup 194M->88M(256M), 0.0007882 secs]
 [Times: user=0.00 sys=0.00, real=0.00 secs] 
2014-07-10T16:13:31.246+0200: 62.231: [GC concurrent-cleanup-start]
2014-07-10T16:13:31.246+0200: 62.231: [GC concurrent-cleanup-end, 0.0002075 secs]
2014-07-10T16:13:31.270+0200: 62.255: [GC pause (young), 0.0135061 secs]
   [Parallel Time: 13.2 ms, GC Workers: 2]
      [GC Worker Start (ms): Min: 62254.7, Avg: 62254.7, Max: 62254.7, Diff: 0.0]
      [Ext Root Scanning (ms): Min: 1.5, Avg: 1.5, Max: 1.5, Diff: 0.1, Sum: 3.0]
      [Update RS (ms): Min: 0.4, Avg: 0.5, Max: 0.5, Diff: 0.1, Sum: 0.9]
         [Processed Buffers: Min: 2, Avg: 3.0, Max: 4, Diff: 2, Sum: 6]
      [Scan RS (ms): Min: 0.0, Avg: 0.0, Max: 0.0, Diff: 0.0, Sum: 0.1]
      [Code Root Scanning (ms): Min: 0.0, Avg: 0.0, Max: 0.0, Diff: 0.0, Sum: 0.0]
      [Object Copy (ms): Min: 11.1, Avg: 11.1, Max: 11.1, Diff: 0.0, Sum: 22.3]
      [Termination (ms): Min: 0.0, Avg: 0.0, Max: 0.0, Diff: 0.0, Sum: 0.0]
      [GC Worker Other (ms): Min: 0.0, Avg: 0.0, Max: 0.0, Diff: 0.0, Sum: 0.1]
      [GC Worker Total (ms): Min: 13.2, Avg: 13.2, Max: 13.2, Diff: 0.0, Sum: 26.4]
      [GC Worker End (ms): Min: 62267.9, Avg: 62267.9, Max: 62267.9, Diff: 0.0]
   [Code Root Fixup: 0.0 ms]
   [Code Root Migration: 0.0 ms]
   [Clear CT: 0.0 ms]
   [Other: 0.3 ms]
      [Choose CSet: 0.0 ms]
      [Ref Proc: 0.1 ms]
      [Ref Enq: 0.0 ms]
      [Free CSet: 0.1 ms]
   [Eden: 18.0M(18.0M)->0.0B(9216.0K) Survivors: 5120.0K->3072.0K Heap: 104.5M(256.0M)->102.5M(256.0M)]
 [Times: user=0.03 sys=0.00, real=0.01 secs] 
2014-07-10T16:13:31.298+0200: 62.283: [GC pause (mixed), 0.0086916 secs]
   [Parallel Time: 8.3 ms, GC Workers: 2]
      [GC Worker Start (ms): Min: 62282.6, Avg: 62282.6, Max: 62282.6, Diff: 0.0]
      [Ext Root Scanning (ms): Min: 1.1, Avg: 1.1, Max: 1.1, Diff: 0.0, Sum: 2.2]
      [Update RS (ms): Min: 0.3, Avg: 0.3, Max: 0.3, Diff: 0.1, Sum: 0.6]
         [Processed Buffers: Min: 2, Avg: 2.5, Max: 3, Diff: 1, Sum: 5]
      [Scan RS (ms): Min: 0.1, Avg: 0.1, Max: 0.1, Diff: 0.0, Sum: 0.1]
      [Code Root Scanning (ms): Min: 0.0, Avg: 0.0, Max: 0.0, Diff: 0.0, Sum: 0.0]
      [Object Copy (ms): Min: 6.7, Avg: 6.7, Max: 6.7, Diff: 0.0, Sum: 13.4]
      [Termination (ms): Min: 0.0, Avg: 0.0, Max: 0.0, Diff: 0.0, Sum: 0.0]
      [GC Worker Other (ms): Min: 0.0, Avg: 0.0, Max: 0.0, Diff: 0.0, Sum: 0.0]
      [GC Worker Total (ms): Min: 8.2, Avg: 8.2, Max: 8.2, Diff: 0.0, Sum: 16.5]
      [GC Worker End (ms): Min: 62290.9, Avg: 62290.9, Max: 62290.9, Diff: 0.0]
   [Code Root Fixup: 0.0 ms]
   [Code Root Migration: 0.0 ms]
   [Clear CT: 0.1 ms]
   [Other: 0.3 ms]
      [Choose CSet: 0.0 ms]
      [Ref Proc: 0.1 ms]
      [Ref Enq: 0.0 ms]
      [Free CSet: 0.1 ms]
   [Eden: 9216.0K(9216.0K)->0.0B(63.0M) Survivors: 3072.0K->2048.0K Heap: 111.5M(256.0M)->104.5M(256.0M)]
 [Times: user=0.03 sys=0.00, real=0.01 secs] 
2014-07-10T16:13:31.410+0200: 62.395: [GC pause (young), 0.0427896 secs]
   [Parallel Time: 42.3 ms, GC Workers: 2]
      [GC Worker Start (ms): Min: 62394.7, Avg: 62394.7, Max: 62394.7, Diff: 0.0]
      [Ext Root Scanning (ms): Min: 0.9, Avg: 0.9, Max: 1.0, Diff: 0.1, Sum: 1.8]
      [Update RS (ms): Min: 0.3, Avg: 0.4, Max: 0.4, Diff: 0.1, Sum: 0.7]
         [Processed Buffers: Min: 1, Avg: 3.0, Max: 5, Diff: 4, Sum: 6]
      [Scan RS (ms): Min: 0.1, Avg: 0.1, Max: 0.1, Diff: 0.0, Sum: 0.2]
      [Code Root Scanning (ms): Min: 0.0, Avg: 0.0, Max: 0.0, Diff: 0.0, Sum: 0.1]
      [Object Copy (ms): Min: 40.9, Avg: 40.9, Max: 40.9, Diff: 0.0, Sum: 81.7]
      [Termination (ms): Min: 0.0, Avg: 0.0, Max: 0.0, Diff: 0.0, Sum: 0.0]
      [GC Worker Other (ms): Min: 0.0, Avg: 0.0, Max: 0.0, Diff: 0.0, Sum: 0.1]
      [GC Worker Total (ms): Min: 42.3, Avg: 42.3, Max: 42.3, Diff: 0.0, Sum: 84.6]
      [GC Worker End (ms): Min: 62437.0, Avg: 62437.0, Max: 62437.0, Diff: 0.0]
   [Code Root Fixup: 0.0 ms]
   [Code Root Migration: 0.0 ms]
   [Clear CT: 0.1 ms]
   [Other: 0.4 ms]
      [Choose CSet: 0.0 ms]
      [Ref Proc: 0.0 ms]
      [Ref Enq: 0.0 ms]
      [Free CSet: 0.2 ms]
   [Eden: 63.0M(63.0M)->0.0B(27.0M) Survivors: 2048.0K->9216.0K Heap: 167.5M(256.0M)->174.5M(256.0M)]
 [Times: user=0.06 sys=0.00, real=0.04 secs] 
2014-07-10T16:13:31.497+0200: 62.482: [GC pause (young) (initial-mark), 0.0186796 secs]
   [Parallel Time: 17.9 ms, GC Workers: 2]
      [GC Worker Start (ms): Min: 62481.7, Avg: 62481.7, Max: 62481.7, Diff: 0.0]
      [Ext Root Scanning (ms): Min: 1.2, Avg: 1.3, Max: 1.3, Diff: 0.1, Sum: 2.6]
      [Code Root Marking (ms): Min: 0.0, Avg: 0.0, Max: 0.1, Diff: 0.1, Sum: 0.1]
      [Update RS (ms): Min: 0.8, Avg: 0.8, Max: 0.8, Diff: 0.0, Sum: 1.6]
         [Processed Buffers: Min: 4, Avg: 5.5, Max: 7, Diff: 3, Sum: 11]
      [Scan RS (ms): Min: 0.0, Avg: 0.0, Max: 0.1, Diff: 0.1, Sum: 0.1]
      [Code Root Scanning (ms): Min: 0.0, Avg: 0.0, Max: 0.0, Diff: 0.0, Sum: 0.0]
      [Object Copy (ms): Min: 15.6, Avg: 15.6, Max: 15.7, Diff: 0.1, Sum: 31.3]
      [Termination (ms): Min: 0.0, Avg: 0.0, Max: 0.0, Diff: 0.0, Sum: 0.0]
      [GC Worker Other (ms): Min: 0.0, Avg: 0.0, Max: 0.0, Diff: 0.0, Sum: 0.1]
      [GC Worker Total (ms): Min: 17.9, Avg: 17.9, Max: 17.9, Diff: 0.0, Sum: 35.7]
      [GC Worker End (ms): Min: 62499.6, Avg: 62499.6, Max: 62499.6, Diff: 0.0]
   [Code Root Fixup: 0.0 ms]
   [Code Root Migration: 0.0 ms]
   [Clear CT: 0.1 ms]
   [Other: 0.7 ms]
      [Choose CSet: 0.0 ms]
      [Ref Proc: 0.4 ms]
      [Ref Enq: 0.0 ms]
      [Free CSet: 0.1 ms]
   [Eden: 27.0M(27.0M)->0.0B(18.0M) Survivors: 9216.0K->5120.0K Heap: 201.5M(256.0M)->193.0M(256.0M)]
 [Times: user=0.03 sys=0.00, real=0.02 secs] 
2014-07-10T16:13:31.516+0200: 62.501: [GC concurrent-root-region-scan-start]
2014-07-10T16:13:31.516+0200: 62.501: [GC concurrent-root-region-scan-end, 0.0000854 secs]
2014-07-10T16:13:31.516+0200: 62.501: [GC concurrent-mark-start]
2014-07-10T16:13:31.520+0200: 62.504: [GC concurrent-mark-end, 0.0036773 secs]
2014-07-10T16:13:31.520+0200: 62.505: [GC remark 2014-07-10T16:13:31.520+0200: 62.505: [GC ref-proc, 0.0000722 secs], 0.0014416 secs]
 [Times: user=0.00 sys=0.00, real=0.00 secs] 
2014-07-10T16:13:31.522+0200: 62.506: [GC cleanup 194M->87M(256M), 0.0007776 secs]
 [Times: user=0.00 sys=0.00, real=0.00 secs] 
2014-07-10T16:13:31.523+0200: 62.507: [GC concurrent-cleanup-start]
2014-07-10T16:13:31.523+0200: 62.508: [GC concurrent-cleanup-end, 0.0002145 secs]
2014-07-10T16:13:31.548+0200: 62.533: [GC pause (young), 0.0130086 secs]
   [Parallel Time: 12.7 ms, GC Workers: 2]
      [GC Worker Start (ms): Min: 62532.6, Avg: 62532.6, Max: 62532.6, Diff: 0.0]
      [Ext Root Scanning (ms): Min: 1.2, Avg: 1.3, Max: 1.4, Diff: 0.2, Sum: 2.7]
      [Update RS (ms): Min: 0.4, Avg: 0.5, Max: 0.5, Diff: 0.1, Sum: 0.9]
         [Processed Buffers: Min: 2, Avg: 3.5, Max: 5, Diff: 3, Sum: 7]
      [Scan RS (ms): Min: 0.0, Avg: 0.0, Max: 0.1, Diff: 0.1, Sum: 0.1]
      [Code Root Scanning (ms): Min: 0.0, Avg: 0.0, Max: 0.0, Diff: 0.0, Sum: 0.0]
      [Object Copy (ms): Min: 10.7, Avg: 10.8, Max: 10.8, Diff: 0.1, Sum: 21.5]
      [Termination (ms): Min: 0.0, Avg: 0.0, Max: 0.0, Diff: 0.0, Sum: 0.0]
      [GC Worker Other (ms): Min: 0.0, Avg: 0.0, Max: 0.0, Diff: 0.0, Sum: 0.1]
      [GC Worker Total (ms): Min: 12.6, Avg: 12.6, Max: 12.7, Diff: 0.0, Sum: 25.3]
      [GC Worker End (ms): Min: 62545.3, Avg: 62545.3, Max: 62545.3, Diff: 0.0]
   [Code Root Fixup: 0.0 ms]
   [Code Root Migration: 0.0 ms]
   [Clear CT: 0.0 ms]
   [Other: 0.3 ms]
      [Choose CSet: 0.0 ms]
      [Ref Proc: 0.1 ms]
      [Ref Enq: 0.0 ms]
      [Free CSet: 0.1 ms]
   [Eden: 18.0M(18.0M)->0.0B(9216.0K) Survivors: 5120.0K->3072.0K Heap: 104.0M(256.0M)->100.0M(256.0M)]
 [Times: user=0.03 sys=0.00, real=0.01 secs] 
2014-07-10T16:13:31.574+0200: 62.559: [GC pause (mixed), 0.0092269 secs]
   [Parallel Time: 8.4 ms, GC Workers: 2]
      [GC Worker Start (ms): Min: 62558.8, Avg: 62558.8, Max: 62558.8, Diff: 0.0]
      [Ext Root Scanning (ms): Min: 1.0, Avg: 1.0, Max: 1.0, Diff: 0.0, Sum: 2.0]
      [Update RS (ms): Min: 0.3, Avg: 0.3, Max: 0.3, Diff: 0.0, Sum: 0.6]
         [Processed Buffers: Min: 1, Avg: 3.5, Max: 6, Diff: 5, Sum: 7]
      [Scan RS (ms): Min: 0.1, Avg: 0.1, Max: 0.1, Diff: 0.0, Sum: 0.2]
      [Code Root Scanning (ms): Min: 0.0, Avg: 0.0, Max: 0.0, Diff: 0.0, Sum: 0.0]
      [Object Copy (ms): Min: 6.9, Avg: 6.9, Max: 6.9, Diff: 0.0, Sum: 13.8]
      [Termination (ms): Min: 0.0, Avg: 0.0, Max: 0.0, Diff: 0.0, Sum: 0.0]
      [GC Worker Other (ms): Min: 0.0, Avg: 0.0, Max: 0.0, Diff: 0.0, Sum: 0.0]
      [GC Worker Total (ms): Min: 8.3, Avg: 8.3, Max: 8.4, Diff: 0.0, Sum: 16.7]
      [GC Worker End (ms): Min: 62567.2, Avg: 62567.2, Max: 62567.2, Diff: 0.0]
   [Code Root Fixup: 0.0 ms]
   [Code Root Migration: 0.1 ms]
   [Clear CT: 0.2 ms]
   [Other: 0.5 ms]
      [Choose CSet: 0.0 ms]
      [Ref Proc: 0.2 ms]
      [Ref Enq: 0.0 ms]
      [Free CSet: 0.1 ms]
   [Eden: 9216.0K(9216.0K)->0.0B(69.0M) Survivors: 3072.0K->2048.0K Heap: 109.0M(256.0M)->96.5M(256.0M)]
 [Times: user=0.03 sys=0.00, real=0.01 secs] 
2014-07-10T16:13:31.697+0200: 62.682: [GC pause (young), 0.0462392 secs]
   [Parallel Time: 45.8 ms, GC Workers: 2]
      [GC Worker Start (ms): Min: 62681.7, Avg: 62681.7, Max: 62681.7, Diff: 0.0]
      [Ext Root Scanning (ms): Min: 1.3, Avg: 1.3, Max: 1.3, Diff: 0.1, Sum: 2.6]
      [Update RS (ms): Min: 0.4, Avg: 0.4, Max: 0.5, Diff: 0.0, Sum: 0.9]
         [Processed Buffers: Min: 1, Avg: 3.0, Max: 5, Diff: 4, Sum: 6]
      [Scan RS (ms): Min: 0.1, Avg: 0.1, Max: 0.1, Diff: 0.0, Sum: 0.2]
      [Code Root Scanning (ms): Min: 0.0, Avg: 0.0, Max: 0.1, Diff: 0.0, Sum: 0.1]
      [Object Copy (ms): Min: 43.8, Avg: 43.8, Max: 43.8, Diff: 0.0, Sum: 87.7]
      [Termination (ms): Min: 0.0, Avg: 0.0, Max: 0.0, Diff: 0.0, Sum: 0.0]
      [GC Worker Other (ms): Min: 0.0, Avg: 0.0, Max: 0.0, Diff: 0.0, Sum: 0.1]
      [GC Worker Total (ms): Min: 45.8, Avg: 45.8, Max: 45.8, Diff: 0.0, Sum: 91.5]
      [GC Worker End (ms): Min: 62727.5, Avg: 62727.5, Max: 62727.5, Diff: 0.0]
   [Code Root Fixup: 0.0 ms]
   [Code Root Migration: 0.0 ms]
   [Clear CT: 0.1 ms]
   [Other: 0.4 ms]
      [Choose CSet: 0.0 ms]
      [Ref Proc: 0.0 ms]
      [Ref Enq: 0.0 ms]
      [Free CSet: 0.1 ms]
   [Eden: 69.0M(69.0M)->0.0B(29.0M) Survivors: 2048.0K->9216.0K Heap: 165.5M(256.0M)->171.5M(256.0M)]
 [Times: user=0.09 sys=0.00, real=0.05 secs] 
2014-07-10T16:13:31.792+0200: 62.776: [GC pause (young) (initial-mark), 0.0228199 secs]
   [Parallel Time: 22.4 ms, GC Workers: 2]
      [GC Worker Start (ms): Min: 62776.6, Avg: 62779.6, Max: 62782.6, Diff: 6.1]
      [Ext Root Scanning (ms): Min: 0.0, Avg: 0.9, Max: 1.7, Diff: 1.7, Sum: 1.7]
      [Code Root Marking (ms): Min: 0.0, Avg: 0.0, Max: 0.1, Diff: 0.1, Sum: 0.1]
      [Update RS (ms): Min: 0.0, Avg: 0.9, Max: 1.7, Diff: 1.7, Sum: 1.7]
         [Processed Buffers: Min: 0, Avg: 5.5, Max: 11, Diff: 11, Sum: 11]
      [Scan RS (ms): Min: 0.0, Avg: 0.0, Max: 0.1, Diff: 0.1, Sum: 0.1]
      [Code Root Scanning (ms): Min: 0.0, Avg: 0.0, Max: 0.0, Diff: 0.0, Sum: 0.0]
      [Object Copy (ms): Min: 16.2, Avg: 17.4, Max: 18.7, Diff: 2.5, Sum: 34.8]
      [Termination (ms): Min: 0.0, Avg: 0.0, Max: 0.0, Diff: 0.0, Sum: 0.0]
      [GC Worker Other (ms): Min: 0.0, Avg: 0.0, Max: 0.0, Diff: 0.0, Sum: 0.1]
      [GC Worker Total (ms): Min: 16.3, Avg: 19.3, Max: 22.3, Diff: 6.1, Sum: 38.6]
      [GC Worker End (ms): Min: 62798.9, Avg: 62798.9, Max: 62798.9, Diff: 0.0]
   [Code Root Fixup: 0.0 ms]
   [Code Root Migration: 0.0 ms]
   [Clear CT: 0.0 ms]
   [Other: 0.3 ms]
      [Choose CSet: 0.0 ms]
      [Ref Proc: 0.1 ms]
      [Ref Enq: 0.0 ms]
      [Free CSet: 0.1 ms]
   [Eden: 29.0M(29.0M)->0.0B(18.0M) Survivors: 9216.0K->5120.0K Heap: 200.5M(256.0M)->193.0M(256.0M)]
 [Times: user=0.05 sys=0.00, real=0.02 secs] 
2014-07-10T16:13:31.815+0200: 62.800: [GC concurrent-root-region-scan-start]
2014-07-10T16:13:31.815+0200: 62.800: [GC concurrent-root-region-scan-end, 0.0000968 secs]
2014-07-10T16:13:31.815+0200: 62.800: [GC concurrent-mark-start]
2014-07-10T16:13:31.838+0200: 62.822: [GC concurrent-mark-end, 0.0035482 secs]
2014-07-10T16:13:31.840+0200: 62.825: [GC remark 2014-07-10T16:13:31.851+0200: 62.836: [GC ref-proc, 0.0001719 secs], 0.0127820 secs]
 [Times: user=0.03 sys=0.00, real=0.01 secs] 
2014-07-10T16:13:31.856+0200: 62.841: [GC cleanup 196M->95M(256M), 0.0022221 secs]
 [Times: user=0.00 sys=0.00, real=0.00 secs] 
2014-07-10T16:13:31.859+0200: 62.843: [GC concurrent-cleanup-start]
2014-07-10T16:13:31.859+0200: 62.844: [GC concurrent-cleanup-end, 0.0001635 secs]
2014-07-10T16:13:31.884+0200: 62.869: [GC pause (young), 0.0145374 secs]
   [Parallel Time: 14.1 ms, GC Workers: 2]
      [GC Worker Start (ms): Min: 62868.9, Avg: 62871.8, Max: 62874.6, Diff: 5.7]
      [Ext Root Scanning (ms): Min: 0.0, Avg: 0.8, Max: 1.7, Diff: 1.7, Sum: 1.7]
      [Update RS (ms): Min: 0.0, Avg: 0.4, Max: 0.8, Diff: 0.8, Sum: 0.8]
         [Processed Buffers: Min: 0, Avg: 3.5, Max: 7, Diff: 7, Sum: 7]
      [Scan RS (ms): Min: 0.0, Avg: 0.0, Max: 0.1, Diff: 0.1, Sum: 0.1]
      [Code Root Scanning (ms): Min: 0.0, Avg: 0.0, Max: 0.0, Diff: 0.0, Sum: 0.0]
      [Object Copy (ms): Min: 8.2, Avg: 9.8, Max: 11.4, Diff: 3.2, Sum: 19.6]
      [Termination (ms): Min: 0.0, Avg: 0.1, Max: 0.1, Diff: 0.1, Sum: 0.1]
      [GC Worker Other (ms): Min: 0.0, Avg: 0.0, Max: 0.0, Diff: 0.0, Sum: 0.1]
      [GC Worker Total (ms): Min: 8.4, Avg: 11.2, Max: 14.0, Diff: 5.6, Sum: 22.4]
      [GC Worker End (ms): Min: 62882.9, Avg: 62883.0, Max: 62883.1, Diff: 0.1]
   [Code Root Fixup: 0.1 ms]
   [Code Root Migration: 0.0 ms]
   [Clear CT: 0.0 ms]
   [Other: 0.3 ms]
      [Choose CSet: 0.0 ms]
      [Ref Proc: 0.1 ms]
      [Ref Enq: 0.0 ms]
      [Free CSet: 0.1 ms]
   [Eden: 18.0M(18.0M)->0.0B(9216.0K) Survivors: 5120.0K->3072.0K Heap: 110.0M(256.0M)->105.0M(256.0M)]
 [Times: user=0.03 sys=0.00, real=0.01 secs] 
2014-07-10T16:13:31.911+0200: 62.896: [GC pause (mixed), 0.0086183 secs]
   [Parallel Time: 7.8 ms, GC Workers: 2]
      [GC Worker Start (ms): Min: 62895.8, Avg: 62895.8, Max: 62895.8, Diff: 0.0]
      [Ext Root Scanning (ms): Min: 1.0, Avg: 1.0, Max: 1.0, Diff: 0.0, Sum: 2.0]
      [Update RS (ms): Min: 0.2, Avg: 0.3, Max: 0.3, Diff: 0.1, Sum: 0.6]
         [Processed Buffers: Min: 1, Avg: 2.5, Max: 4, Diff: 3, Sum: 5]
      [Scan RS (ms): Min: 0.1, Avg: 0.1, Max: 0.1, Diff: 0.0, Sum: 0.2]
      [Code Root Scanning (ms): Min: 0.0, Avg: 0.0, Max: 0.0, Diff: 0.0, Sum: 0.0]
      [Object Copy (ms): Min: 6.3, Avg: 6.3, Max: 6.3, Diff: 0.0, Sum: 12.6]
      [Termination (ms): Min: 0.0, Avg: 0.0, Max: 0.0, Diff: 0.0, Sum: 0.0]
      [GC Worker Other (ms): Min: 0.0, Avg: 0.0, Max: 0.0, Diff: 0.0, Sum: 0.1]
      [GC Worker Total (ms): Min: 7.7, Avg: 7.7, Max: 7.7, Diff: 0.0, Sum: 15.4]
      [GC Worker End (ms): Min: 62903.5, Avg: 62903.5, Max: 62903.5, Diff: 0.0]
   [Code Root Fixup: 0.0 ms]
   [Code Root Migration: 0.0 ms]
   [Clear CT: 0.1 ms]
   [Other: 0.8 ms]
      [Choose CSet: 0.0 ms]
      [Ref Proc: 0.5 ms]
      [Ref Enq: 0.0 ms]
      [Free CSet: 0.1 ms]
   [Eden: 9216.0K(9216.0K)->0.0B(69.0M) Survivors: 3072.0K->2048.0K Heap: 114.0M(256.0M)->99.5M(256.0M)]
 [Times: user=0.00 sys=0.00, real=0.01 secs] 
2014-07-10T16:13:32.034+0200: 63.019: [GC pause (young), 0.0458946 secs]
   [Parallel Time: 45.3 ms, GC Workers: 2]
      [GC Worker Start (ms): Min: 63018.6, Avg: 63018.6, Max: 63018.6, Diff: 0.0]
      [Ext Root Scanning (ms): Min: 0.9, Avg: 1.0, Max: 1.0, Diff: 0.1, Sum: 2.0]
      [Update RS (ms): Min: 0.4, Avg: 0.4, Max: 0.5, Diff: 0.1, Sum: 0.8]
         [Processed Buffers: Min: 2, Avg: 2.0, Max: 2, Diff: 0, Sum: 4]
      [Scan RS (ms): Min: 0.1, Avg: 0.1, Max: 0.1, Diff: 0.0, Sum: 0.2]
      [Code Root Scanning (ms): Min: 0.0, Avg: 0.0, Max: 0.0, Diff: 0.0, Sum: 0.1]
      [Object Copy (ms): Min: 43.7, Avg: 43.7, Max: 43.7, Diff: 0.0, Sum: 87.3]
      [Termination (ms): Min: 0.0, Avg: 0.0, Max: 0.0, Diff: 0.0, Sum: 0.0]
      [GC Worker Other (ms): Min: 0.0, Avg: 0.0, Max: 0.0, Diff: 0.0, Sum: 0.1]
      [GC Worker Total (ms): Min: 45.2, Avg: 45.2, Max: 45.2, Diff: 0.0, Sum: 90.5]
      [GC Worker End (ms): Min: 63063.9, Avg: 63063.9, Max: 63063.9, Diff: 0.0]
   [Code Root Fixup: 0.0 ms]
   [Code Root Migration: 0.0 ms]
   [Clear CT: 0.1 ms]
   [Other: 0.5 ms]
      [Choose CSet: 0.0 ms]
      [Ref Proc: 0.1 ms]
      [Ref Enq: 0.0 ms]
      [Free CSet: 0.2 ms]
   [Eden: 69.0M(69.0M)->0.0B(26.0M) Survivors: 2048.0K->9216.0K Heap: 168.5M(256.0M)->177.5M(256.0M)]
 [Times: user=0.09 sys=0.00, real=0.05 secs] 
2014-07-10T16:13:32.123+0200: 63.106: [GC pause (young) (initial-mark), 0.0174169 secs]
   [Parallel Time: 16.9 ms, GC Workers: 2]
      [GC Worker Start (ms): Min: 63106.6, Avg: 63106.6, Max: 63106.6, Diff: 0.0]
      [Ext Root Scanning (ms): Min: 0.9, Avg: 0.9, Max: 1.0, Diff: 0.0, Sum: 1.9]
      [Code Root Marking (ms): Min: 0.0, Avg: 0.1, Max: 0.1, Diff: 0.0, Sum: 0.1]
      [Update RS (ms): Min: 0.9, Avg: 0.9, Max: 0.9, Diff: 0.0, Sum: 1.8]
         [Processed Buffers: Min: 4, Avg: 5.5, Max: 7, Diff: 3, Sum: 11]
      [Scan RS (ms): Min: 0.0, Avg: 0.0, Max: 0.1, Diff: 0.0, Sum: 0.1]
      [Code Root Scanning (ms): Min: 0.0, Avg: 0.0, Max: 0.0, Diff: 0.0, Sum: 0.0]
      [Object Copy (ms): Min: 14.8, Avg: 14.8, Max: 14.8, Diff: 0.0, Sum: 29.5]
      [Termination (ms): Min: 0.0, Avg: 0.0, Max: 0.0, Diff: 0.0, Sum: 0.0]
      [GC Worker Other (ms): Min: 0.0, Avg: 0.0, Max: 0.0, Diff: 0.0, Sum: 0.0]
      [GC Worker Total (ms): Min: 16.8, Avg: 16.8, Max: 16.8, Diff: 0.0, Sum: 33.6]
      [GC Worker End (ms): Min: 63123.4, Avg: 63123.4, Max: 63123.4, Diff: 0.0]
   [Code Root Fixup: 0.1 ms]
   [Code Root Migration: 0.1 ms]
   [Clear CT: 0.0 ms]
   [Other: 0.4 ms]
      [Choose CSet: 0.0 ms]
      [Ref Proc: 0.1 ms]
      [Ref Enq: 0.0 ms]
      [Free CSet: 0.1 ms]
   [Eden: 26.0M(26.0M)->0.0B(18.0M) Survivors: 9216.0K->5120.0K Heap: 203.5M(256.0M)->193.5M(256.0M)]
 [Times: user=0.03 sys=0.00, real=0.02 secs] 
2014-07-10T16:13:32.141+0200: 63.125: [GC concurrent-root-region-scan-start]
2014-07-10T16:13:32.141+0200: 63.125: [GC concurrent-root-region-scan-end, 0.0000869 secs]
2014-07-10T16:13:32.141+0200: 63.125: [GC concurrent-mark-start]
2014-07-10T16:13:32.145+0200: 63.129: [GC concurrent-mark-end, 0.0039962 secs]
2014-07-10T16:13:32.145+0200: 63.129: [GC remark 2014-07-10T16:13:32.145+0200: 63.129: [GC ref-proc, 0.0000704 secs], 0.0010046 secs]
 [Times: user=0.00 sys=0.00, real=0.00 secs] 
2014-07-10T16:13:32.146+0200: 63.130: [GC cleanup 197M->85M(256M), 0.0010581 secs]
 [Times: user=0.00 sys=0.00, real=0.00 secs] 
2014-07-10T16:13:32.147+0200: 63.131: [GC concurrent-cleanup-start]
2014-07-10T16:13:32.147+0200: 63.131: [GC concurrent-cleanup-end, 0.0002317 secs]
2014-07-10T16:13:32.170+0200: 63.154: [GC pause (young), 0.0132433 secs]
   [Parallel Time: 12.7 ms, GC Workers: 2]
      [GC Worker Start (ms): Min: 63153.6, Avg: 63153.6, Max: 63153.6, Diff: 0.0]
      [Ext Root Scanning (ms): Min: 1.1, Avg: 1.2, Max: 1.2, Diff: 0.0, Sum: 2.3]
      [Update RS (ms): Min: 0.4, Avg: 0.4, Max: 0.4, Diff: 0.1, Sum: 0.8]
         [Processed Buffers: Min: 2, Avg: 3.0, Max: 4, Diff: 2, Sum: 6]
      [Scan RS (ms): Min: 0.0, Avg: 0.0, Max: 0.0, Diff: 0.0, Sum: 0.1]
      [Code Root Scanning (ms): Min: 0.0, Avg: 0.0, Max: 0.0, Diff: 0.0, Sum: 0.0]
      [Object Copy (ms): Min: 11.0, Avg: 11.0, Max: 11.0, Diff: 0.0, Sum: 22.0]
      [Termination (ms): Min: 0.0, Avg: 0.0, Max: 0.0, Diff: 0.0, Sum: 0.0]
      [GC Worker Other (ms): Min: 0.0, Avg: 0.0, Max: 0.0, Diff: 0.0, Sum: 0.1]
      [GC Worker Total (ms): Min: 12.6, Avg: 12.6, Max: 12.6, Diff: 0.0, Sum: 25.3]
      [GC Worker End (ms): Min: 63166.3, Avg: 63166.3, Max: 63166.3, Diff: 0.0]
   [Code Root Fixup: 0.1 ms]
   [Code Root Migration: 0.0 ms]
   [Clear CT: 0.0 ms]
   [Other: 0.4 ms]
      [Choose CSet: 0.0 ms]
      [Ref Proc: 0.3 ms]
      [Ref Enq: 0.0 ms]
      [Free CSet: 0.1 ms]
   [Eden: 18.0M(18.0M)->0.0B(9216.0K) Survivors: 5120.0K->3072.0K Heap: 99.5M(256.0M)->95.5M(256.0M)]
 [Times: user=0.03 sys=0.00, real=0.01 secs] 
2014-07-10T16:13:32.196+0200: 63.180: [GC pause (mixed), 0.0099920 secs]
   [Parallel Time: 9.1 ms, GC Workers: 2]
      [GC Worker Start (ms): Min: 63179.9, Avg: 63179.9, Max: 63179.9, Diff: 0.0]
      [Ext Root Scanning (ms): Min: 1.0, Avg: 1.0, Max: 1.0, Diff: 0.0, Sum: 2.0]
      [Update RS (ms): Min: 0.3, Avg: 0.3, Max: 0.3, Diff: 0.0, Sum: 0.6]
         [Processed Buffers: Min: 2, Avg: 3.0, Max: 4, Diff: 2, Sum: 6]
      [Scan RS (ms): Min: 0.1, Avg: 0.1, Max: 0.1, Diff: 0.0, Sum: 0.2]
      [Code Root Scanning (ms): Min: 0.0, Avg: 0.0, Max: 0.0, Diff: 0.0, Sum: 0.0]
      [Object Copy (ms): Min: 7.6, Avg: 7.6, Max: 7.6, Diff: 0.0, Sum: 15.2]
      [Termination (ms): Min: 0.0, Avg: 0.0, Max: 0.0, Diff: 0.0, Sum: 0.0]
      [GC Worker Other (ms): Min: 0.0, Avg: 0.0, Max: 0.0, Diff: 0.0, Sum: 0.1]
      [GC Worker Total (ms): Min: 9.0, Avg: 9.0, Max: 9.1, Diff: 0.0, Sum: 18.1]
      [GC Worker End (ms): Min: 63189.0, Avg: 63189.0, Max: 63189.0, Diff: 0.0]
   [Code Root Fixup: 0.0 ms]
   [Code Root Migration: 0.0 ms]
   [Clear CT: 0.1 ms]
   [Other: 0.8 ms]
      [Choose CSet: 0.0 ms]
      [Ref Proc: 0.6 ms]
      [Ref Enq: 0.0 ms]
      [Free CSet: 0.1 ms]
   [Eden: 9216.0K(9216.0K)->0.0B(73.0M) Survivors: 3072.0K->2048.0K Heap: 104.5M(256.0M)->96.5M(256.0M)]
 [Times: user=0.03 sys=0.00, real=0.01 secs] 
2014-07-10T16:13:32.328+0200: 63.312: [GC pause (young), 0.0484602 secs]
   [Parallel Time: 47.9 ms, GC Workers: 2]
      [GC Worker Start (ms): Min: 63311.8, Avg: 63311.8, Max: 63311.8, Diff: 0.0]
      [Ext Root Scanning (ms): Min: 1.0, Avg: 1.0, Max: 1.0, Diff: 0.0, Sum: 2.0]
      [Update RS (ms): Min: 0.5, Avg: 0.5, Max: 0.6, Diff: 0.1, Sum: 1.1]
         [Processed Buffers: Min: 1, Avg: 3.0, Max: 5, Diff: 4, Sum: 6]
      [Scan RS (ms): Min: 0.1, Avg: 0.1, Max: 0.2, Diff: 0.1, Sum: 0.2]
      [Code Root Scanning (ms): Min: 0.0, Avg: 0.0, Max: 0.1, Diff: 0.0, Sum: 0.1]
      [Object Copy (ms): Min: 46.2, Avg: 46.2, Max: 46.2, Diff: 0.0, Sum: 92.4]
      [Termination (ms): Min: 0.0, Avg: 0.0, Max: 0.0, Diff: 0.0, Sum: 0.0]
      [GC Worker Other (ms): Min: 0.0, Avg: 0.0, Max: 0.0, Diff: 0.0, Sum: 0.1]
      [GC Worker Total (ms): Min: 47.9, Avg: 47.9, Max: 47.9, Diff: 0.0, Sum: 95.8]
      [GC Worker End (ms): Min: 63359.7, Avg: 63359.7, Max: 63359.7, Diff: 0.0]
   [Code Root Fixup: 0.0 ms]
   [Code Root Migration: 0.0 ms]
   [Clear CT: 0.1 ms]
   [Other: 0.4 ms]
      [Choose CSet: 0.0 ms]
      [Ref Proc: 0.0 ms]
      [Ref Enq: 0.0 ms]
      [Free CSet: 0.1 ms]
   [Eden: 73.0M(73.0M)->0.0B(26.0M) Survivors: 2048.0K->10.0M Heap: 169.5M(256.0M)->177.5M(256.0M)]
 [Times: user=0.13 sys=0.00, real=0.05 secs] 
2014-07-10T16:13:32.418+0200: 63.402: [GC pause (young) (initial-mark), 0.0176123 secs]
   [Parallel Time: 17.2 ms, GC Workers: 2]
      [GC Worker Start (ms): Min: 63401.8, Avg: 63401.8, Max: 63401.8, Diff: 0.0]
      [Ext Root Scanning (ms): Min: 1.1, Avg: 1.1, Max: 1.1, Diff: 0.0, Sum: 2.2]
      [Code Root Marking (ms): Min: 0.0, Avg: 0.1, Max: 0.1, Diff: 0.0, Sum: 0.1]
      [Update RS (ms): Min: 0.9, Avg: 1.0, Max: 1.0, Diff: 0.0, Sum: 1.9]
         [Processed Buffers: Min: 4, Avg: 6.5, Max: 9, Diff: 5, Sum: 13]
      [Scan RS (ms): Min: 0.0, Avg: 0.0, Max: 0.1, Diff: 0.0, Sum: 0.1]
      [Code Root Scanning (ms): Min: 0.0, Avg: 0.0, Max: 0.0, Diff: 0.0, Sum: 0.0]
      [Object Copy (ms): Min: 14.9, Avg: 14.9, Max: 14.9, Diff: 0.0, Sum: 29.8]
      [Termination (ms): Min: 0.0, Avg: 0.0, Max: 0.0, Diff: 0.0, Sum: 0.0]
      [GC Worker Other (ms): Min: 0.0, Avg: 0.0, Max: 0.0, Diff: 0.0, Sum: 0.1]
      [GC Worker Total (ms): Min: 17.1, Avg: 17.1, Max: 17.1, Diff: 0.0, Sum: 34.3]
      [GC Worker End (ms): Min: 63418.9, Avg: 63418.9, Max: 63418.9, Diff: 0.0]
   [Code Root Fixup: 0.0 ms]
   [Code Root Migration: 0.0 ms]
   [Clear CT: 0.0 ms]
   [Other: 0.4 ms]
      [Choose CSet: 0.0 ms]
      [Ref Proc: 0.1 ms]
      [Ref Enq: 0.0 ms]
      [Free CSet: 0.1 ms]
   [Eden: 26.0M(26.0M)->0.0B(18.0M) Survivors: 10.0M->5120.0K Heap: 203.5M(256.0M)->193.5M(256.0M)]
 [Times: user=0.03 sys=0.00, real=0.02 secs] 
2014-07-10T16:13:32.436+0200: 63.420: [GC concurrent-root-region-scan-start]
2014-07-10T16:13:32.436+0200: 63.420: [GC concurrent-root-region-scan-end, 0.0000891 secs]
2014-07-10T16:13:32.436+0200: 63.420: [GC concurrent-mark-start]
2014-07-10T16:13:32.440+0200: 63.424: [GC concurrent-mark-end, 0.0038221 secs]
2014-07-10T16:13:32.440+0200: 63.424: [GC remark 2014-07-10T16:13:32.441+0200: 63.424: [GC ref-proc, 0.0000741 secs], 0.0013162 secs]
 [Times: user=0.00 sys=0.00, real=0.00 secs] 
2014-07-10T16:13:32.442+0200: 63.426: [GC cleanup 198M->86M(256M), 0.0009067 secs]
 [Times: user=0.00 sys=0.00, real=0.00 secs] 
2014-07-10T16:13:32.443+0200: 63.427: [GC concurrent-cleanup-start]
2014-07-10T16:13:32.443+0200: 63.427: [GC concurrent-cleanup-end, 0.0002387 secs]
2014-07-10T16:13:32.464+0200: 63.448: [GC pause (young), 0.0131190 secs]
   [Parallel Time: 12.8 ms, GC Workers: 2]
      [GC Worker Start (ms): Min: 63447.9, Avg: 63447.9, Max: 63447.9, Diff: 0.0]
      [Ext Root Scanning (ms): Min: 1.1, Avg: 1.2, Max: 1.2, Diff: 0.1, Sum: 2.3]
      [Update RS (ms): Min: 0.4, Avg: 0.4, Max: 0.5, Diff: 0.1, Sum: 0.8]
         [Processed Buffers: Min: 2, Avg: 4.0, Max: 6, Diff: 4, Sum: 8]
      [Scan RS (ms): Min: 0.0, Avg: 0.0, Max: 0.0, Diff: 0.0, Sum: 0.1]
      [Code Root Scanning (ms): Min: 0.0, Avg: 0.0, Max: 0.0, Diff: 0.0, Sum: 0.0]
      [Object Copy (ms): Min: 11.1, Avg: 11.1, Max: 11.1, Diff: 0.0, Sum: 22.2]
      [Termination (ms): Min: 0.0, Avg: 0.0, Max: 0.0, Diff: 0.0, Sum: 0.0]
      [GC Worker Other (ms): Min: 0.0, Avg: 0.0, Max: 0.0, Diff: 0.0, Sum: 0.1]
      [GC Worker Total (ms): Min: 12.8, Avg: 12.8, Max: 12.8, Diff: 0.0, Sum: 25.6]
      [GC Worker End (ms): Min: 63460.7, Avg: 63460.7, Max: 63460.7, Diff: 0.0]
   [Code Root Fixup: 0.0 ms]
   [Code Root Migration: 0.0 ms]
   [Clear CT: 0.0 ms]
   [Other: 0.3 ms]
      [Choose CSet: 0.0 ms]
      [Ref Proc: 0.0 ms]
      [Ref Enq: 0.0 ms]
      [Free CSet: 0.1 ms]
   [Eden: 18.0M(18.0M)->0.0B(9216.0K) Survivors: 5120.0K->3072.0K Heap: 99.5M(256.0M)->95.0M(256.0M)]
 [Times: user=0.03 sys=0.00, real=0.01 secs] 
2014-07-10T16:13:32.491+0200: 63.475: [GC pause (mixed), 0.0085655 secs]
   [Parallel Time: 8.2 ms, GC Workers: 2]
      [GC Worker Start (ms): Min: 63474.8, Avg: 63474.8, Max: 63474.8, Diff: 0.0]
      [Ext Root Scanning (ms): Min: 1.0, Avg: 1.1, Max: 1.1, Diff: 0.1, Sum: 2.1]
      [Update RS (ms): Min: 0.3, Avg: 0.3, Max: 0.3, Diff: 0.1, Sum: 0.6]
         [Processed Buffers: Min: 2, Avg: 2.5, Max: 3, Diff: 1, Sum: 5]
      [Scan RS (ms): Min: 0.1, Avg: 0.1, Max: 0.1, Diff: 0.0, Sum: 0.2]
      [Code Root Scanning (ms): Min: 0.0, Avg: 0.0, Max: 0.0, Diff: 0.0, Sum: 0.0]
      [Object Copy (ms): Min: 6.6, Avg: 6.6, Max: 6.6, Diff: 0.0, Sum: 13.2]
      [Termination (ms): Min: 0.0, Avg: 0.0, Max: 0.0, Diff: 0.0, Sum: 0.0]
      [GC Worker Other (ms): Min: 0.0, Avg: 0.0, Max: 0.0, Diff: 0.0, Sum: 0.1]
      [GC Worker Total (ms): Min: 8.1, Avg: 8.1, Max: 8.1, Diff: 0.0, Sum: 16.3]
      [GC Worker End (ms): Min: 63482.9, Avg: 63482.9, Max: 63482.9, Diff: 0.0]
   [Code Root Fixup: 0.0 ms]
   [Code Root Migration: 0.0 ms]
   [Clear CT: 0.1 ms]
   [Other: 0.3 ms]
      [Choose CSet: 0.0 ms]
      [Ref Proc: 0.0 ms]
      [Ref Enq: 0.0 ms]
      [Free CSet: 0.1 ms]
   [Eden: 9216.0K(9216.0K)->0.0B(74.0M) Survivors: 3072.0K->2048.0K Heap: 104.0M(256.0M)->93.5M(256.0M)]
 [Times: user=0.00 sys=0.00, real=0.01 secs] 
2014-07-10T16:13:32.622+0200: 63.606: [GC pause (young), 0.0624404 secs]
   [Parallel Time: 61.8 ms, GC Workers: 2]
      [GC Worker Start (ms): Min: 63606.1, Avg: 63622.7, Max: 63639.4, Diff: 33.4]
      [Ext Root Scanning (ms): Min: 0.0, Avg: 1.3, Max: 2.6, Diff: 2.6, Sum: 2.6]
      [Update RS (ms): Min: 0.0, Avg: 0.5, Max: 1.1, Diff: 1.1, Sum: 1.1]
         [Processed Buffers: Min: 0, Avg: 2.5, Max: 5, Diff: 5, Sum: 5]
      [Scan RS (ms): Min: 0.0, Avg: 0.1, Max: 0.2, Diff: 0.2, Sum: 0.2]
      [Code Root Scanning (ms): Min: 0.0, Avg: 0.0, Max: 0.1, Diff: 0.1, Sum: 0.1]
      [Object Copy (ms): Min: 28.3, Avg: 43.1, Max: 57.8, Diff: 29.5, Sum: 86.2]
      [Termination (ms): Min: 0.0, Avg: 0.0, Max: 0.0, Diff: 0.0, Sum: 0.0]
      [GC Worker Other (ms): Min: 0.0, Avg: 0.0, Max: 0.0, Diff: 0.0, Sum: 0.1]
      [GC Worker Total (ms): Min: 28.4, Avg: 45.1, Max: 61.8, Diff: 33.4, Sum: 90.2]
      [GC Worker End (ms): Min: 63667.8, Avg: 63667.8, Max: 63667.8, Diff: 0.0]
   [Code Root Fixup: 0.0 ms]
   [Code Root Migration: 0.0 ms]
   [Clear CT: 0.1 ms]
   [Other: 0.5 ms]
      [Choose CSet: 0.0 ms]
      [Ref Proc: 0.2 ms]
      [Ref Enq: 0.0 ms]
      [Free CSet: 0.1 ms]
   [Eden: 74.0M(74.0M)->0.0B(28.0M) Survivors: 2048.0K->10.0M Heap: 167.5M(256.0M)->174.0M(256.0M)]
 [Times: user=0.06 sys=0.00, real=0.06 secs] 
2014-07-10T16:13:32.731+0200: 63.715: [GC pause (young) (initial-mark), 0.0203804 secs]
   [Parallel Time: 20.0 ms, GC Workers: 2]
      [GC Worker Start (ms): Min: 63714.7, Avg: 63715.3, Max: 63716.0, Diff: 1.2]
      [Ext Root Scanning (ms): Min: 0.3, Avg: 0.9, Max: 1.5, Diff: 1.2, Sum: 1.8]
      [Code Root Marking (ms): Min: 0.0, Avg: 0.1, Max: 0.1, Diff: 0.1, Sum: 0.1]
      [Update RS (ms): Min: 1.1, Avg: 1.1, Max: 1.1, Diff: 0.0, Sum: 2.1]
         [Processed Buffers: Min: 5, Avg: 5.5, Max: 6, Diff: 1, Sum: 11]
      [Scan RS (ms): Min: 0.0, Avg: 0.0, Max: 0.1, Diff: 0.1, Sum: 0.1]
      [Code Root Scanning (ms): Min: 0.0, Avg: 0.0, Max: 0.0, Diff: 0.0, Sum: 0.0]
      [Object Copy (ms): Min: 17.0, Avg: 17.1, Max: 17.2, Diff: 0.2, Sum: 34.2]
      [Termination (ms): Min: 0.0, Avg: 0.0, Max: 0.0, Diff: 0.0, Sum: 0.0]
      [GC Worker Other (ms): Min: 0.0, Avg: 0.1, Max: 0.1, Diff: 0.1, Sum: 0.1]
      [GC Worker Total (ms): Min: 18.7, Avg: 19.3, Max: 19.9, Diff: 1.2, Sum: 38.6]
      [GC Worker End (ms): Min: 63734.6, Avg: 63734.6, Max: 63734.7, Diff: 0.1]
   [Code Root Fixup: 0.0 ms]
   [Code Root Migration: 0.0 ms]
   [Clear CT: 0.0 ms]
   [Other: 0.3 ms]
      [Choose CSet: 0.0 ms]
      [Ref Proc: 0.1 ms]
      [Ref Enq: 0.0 ms]
      [Free CSet: 0.1 ms]
   [Eden: 28.0M(28.0M)->0.0B(18.0M) Survivors: 10.0M->5120.0K Heap: 202.0M(256.0M)->193.0M(256.0M)]
 [Times: user=0.06 sys=0.00, real=0.02 secs] 
2014-07-10T16:13:32.752+0200: 63.735: [GC concurrent-root-region-scan-start]
2014-07-10T16:13:32.752+0200: 63.736: [GC concurrent-root-region-scan-end, 0.0002064 secs]
2014-07-10T16:13:32.752+0200: 63.736: [GC concurrent-mark-start]
2014-07-10T16:13:32.755+0200: 63.739: [GC concurrent-mark-end, 0.0032732 secs]
2014-07-10T16:13:32.755+0200: 63.739: [GC remark 2014-07-10T16:13:32.755+0200: 63.739: [GC ref-proc, 0.0001019 secs], 0.0015827 secs]
 [Times: user=0.00 sys=0.00, real=0.00 secs] 
2014-07-10T16:13:32.757+0200: 63.741: [GC cleanup 195M->87M(256M), 0.0012128 secs]
 [Times: user=0.00 sys=0.00, real=0.00 secs] 
2014-07-10T16:13:32.758+0200: 63.742: [GC concurrent-cleanup-start]
2014-07-10T16:13:32.758+0200: 63.742: [GC concurrent-cleanup-end, 0.0001866 secs]
2014-07-10T16:13:32.781+0200: 63.765: [GC pause (young), 0.0138603 secs]
   [Parallel Time: 13.5 ms, GC Workers: 2]
      [GC Worker Start (ms): Min: 63764.8, Avg: 63764.8, Max: 63764.8, Diff: 0.0]
      [Ext Root Scanning (ms): Min: 1.2, Avg: 1.2, Max: 1.2, Diff: 0.0, Sum: 2.3]
      [Update RS (ms): Min: 0.5, Avg: 0.5, Max: 0.5, Diff: 0.0, Sum: 0.9]
         [Processed Buffers: Min: 2, Avg: 3.5, Max: 5, Diff: 3, Sum: 7]
      [Scan RS (ms): Min: 0.0, Avg: 0.0, Max: 0.0, Diff: 0.0, Sum: 0.1]
      [Code Root Scanning (ms): Min: 0.0, Avg: 0.0, Max: 0.0, Diff: 0.0, Sum: 0.0]
      [Object Copy (ms): Min: 11.7, Avg: 11.7, Max: 11.7, Diff: 0.0, Sum: 23.5]
      [Termination (ms): Min: 0.0, Avg: 0.0, Max: 0.0, Diff: 0.0, Sum: 0.0]
      [GC Worker Other (ms): Min: 0.0, Avg: 0.0, Max: 0.0, Diff: 0.0, Sum: 0.1]
      [GC Worker Total (ms): Min: 13.5, Avg: 13.5, Max: 13.5, Diff: 0.0, Sum: 26.9]
      [GC Worker End (ms): Min: 63778.2, Avg: 63778.2, Max: 63778.2, Diff: 0.0]
   [Code Root Fixup: 0.0 ms]
   [Code Root Migration: 0.0 ms]
   [Clear CT: 0.0 ms]
   [Other: 0.3 ms]
      [Choose CSet: 0.0 ms]
      [Ref Proc: 0.1 ms]
      [Ref Enq: 0.0 ms]
      [Free CSet: 0.1 ms]
   [Eden: 18.0M(18.0M)->0.0B(9216.0K) Survivors: 5120.0K->3072.0K Heap: 103.0M(256.0M)->99.0M(256.0M)]
 [Times: user=0.03 sys=0.00, real=0.01 secs] 
2014-07-10T16:13:32.809+0200: 63.793: [GC pause (mixed), 0.0087572 secs]
   [Parallel Time: 8.3 ms, GC Workers: 2]
      [GC Worker Start (ms): Min: 63792.7, Avg: 63792.7, Max: 63792.7, Diff: 0.0]
      [Ext Root Scanning (ms): Min: 1.1, Avg: 1.1, Max: 1.2, Diff: 0.1, Sum: 2.3]
      [Update RS (ms): Min: 0.3, Avg: 0.3, Max: 0.3, Diff: 0.1, Sum: 0.6]
         [Processed Buffers: Min: 2, Avg: 2.5, Max: 3, Diff: 1, Sum: 5]
      [Scan RS (ms): Min: 0.1, Avg: 0.1, Max: 0.1, Diff: 0.0, Sum: 0.2]
      [Code Root Scanning (ms): Min: 0.0, Avg: 0.0, Max: 0.0, Diff: 0.0, Sum: 0.0]
      [Object Copy (ms): Min: 6.7, Avg: 6.7, Max: 6.7, Diff: 0.0, Sum: 13.4]
      [Termination (ms): Min: 0.0, Avg: 0.0, Max: 0.0, Diff: 0.0, Sum: 0.0]
      [GC Worker Other (ms): Min: 0.0, Avg: 0.0, Max: 0.0, Diff: 0.0, Sum: 0.1]
      [GC Worker Total (ms): Min: 8.3, Avg: 8.3, Max: 8.3, Diff: 0.0, Sum: 16.6]
      [GC Worker End (ms): Min: 63801.0, Avg: 63801.0, Max: 63801.0, Diff: 0.0]
   [Code Root Fixup: 0.0 ms]
   [Code Root Migration: 0.0 ms]
   [Clear CT: 0.1 ms]
   [Other: 0.3 ms]
      [Choose CSet: 0.0 ms]
      [Ref Proc: 0.0 ms]
      [Ref Enq: 0.0 ms]
      [Free CSet: 0.1 ms]
   [Eden: 9216.0K(9216.0K)->0.0B(69.0M) Survivors: 3072.0K->2048.0K Heap: 108.0M(256.0M)->94.0M(256.0M)]
 [Times: user=0.03 sys=0.00, real=0.01 secs] 
2014-07-10T16:13:32.931+0200: 63.915: [GC pause (young), 0.0468262 secs]
   [Parallel Time: 46.3 ms, GC Workers: 2]
      [GC Worker Start (ms): Min: 63914.7, Avg: 63914.7, Max: 63914.7, Diff: 0.0]
      [Ext Root Scanning (ms): Min: 1.1, Avg: 1.1, Max: 1.1, Diff: 0.0, Sum: 2.3]
      [Update RS (ms): Min: 0.4, Avg: 0.5, Max: 0.5, Diff: 0.0, Sum: 0.9]
         [Processed Buffers: Min: 1, Avg: 3.0, Max: 5, Diff: 4, Sum: 6]
      [Scan RS (ms): Min: 0.1, Avg: 0.1, Max: 0.1, Diff: 0.0, Sum: 0.3]
      [Code Root Scanning (ms): Min: 0.0, Avg: 0.0, Max: 0.0, Diff: 0.0, Sum: 0.1]
      [Object Copy (ms): Min: 44.5, Avg: 44.5, Max: 44.5, Diff: 0.0, Sum: 89.0]
      [Termination (ms): Min: 0.0, Avg: 0.0, Max: 0.0, Diff: 0.0, Sum: 0.0]
      [GC Worker Other (ms): Min: 0.0, Avg: 0.0, Max: 0.0, Diff: 0.0, Sum: 0.1]
      [GC Worker Total (ms): Min: 46.3, Avg: 46.3, Max: 46.3, Diff: 0.0, Sum: 92.6]
      [GC Worker End (ms): Min: 63961.0, Avg: 63961.0, Max: 63961.0, Diff: 0.0]
   [Code Root Fixup: 0.0 ms]
   [Code Root Migration: 0.0 ms]
   [Clear CT: 0.1 ms]
   [Other: 0.4 ms]
      [Choose CSet: 0.0 ms]
      [Ref Proc: 0.0 ms]
      [Ref Enq: 0.0 ms]
      [Free CSet: 0.1 ms]
   [Eden: 69.0M(69.0M)->0.0B(31.0M) Survivors: 2048.0K->9216.0K Heap: 163.0M(256.0M)->167.0M(256.0M)]
 [Times: user=0.09 sys=0.00, real=0.05 secs] 
2014-07-10T16:13:33.028+0200: 64.012: [GC pause (young) (initial-mark), 0.0208731 secs]
   [Parallel Time: 20.4 ms, GC Workers: 2]
      [GC Worker Start (ms): Min: 64011.7, Avg: 64011.7, Max: 64011.7, Diff: 0.0]
      [Ext Root Scanning (ms): Min: 1.2, Avg: 1.2, Max: 1.2, Diff: 0.0, Sum: 2.4]
      [Code Root Marking (ms): Min: 0.1, Avg: 0.1, Max: 0.1, Diff: 0.0, Sum: 0.1]
      [Update RS (ms): Min: 0.9, Avg: 0.9, Max: 1.0, Diff: 0.0, Sum: 1.9]
         [Processed Buffers: Min: 4, Avg: 5.0, Max: 6, Diff: 2, Sum: 10]
      [Scan RS (ms): Min: 0.0, Avg: 0.1, Max: 0.1, Diff: 0.0, Sum: 0.1]
      [Code Root Scanning (ms): Min: 0.0, Avg: 0.0, Max: 0.0, Diff: 0.0, Sum: 0.1]
      [Object Copy (ms): Min: 18.0, Avg: 18.0, Max: 18.0, Diff: 0.0, Sum: 36.1]
      [Termination (ms): Min: 0.0, Avg: 0.0, Max: 0.0, Diff: 0.0, Sum: 0.0]
      [GC Worker Other (ms): Min: 0.0, Avg: 0.0, Max: 0.0, Diff: 0.0, Sum: 0.1]
      [GC Worker Total (ms): Min: 20.3, Avg: 20.3, Max: 20.4, Diff: 0.0, Sum: 40.7]
      [GC Worker End (ms): Min: 64032.1, Avg: 64032.1, Max: 64032.1, Diff: 0.0]
   [Code Root Fixup: 0.0 ms]
   [Code Root Migration: 0.0 ms]
   [Clear CT: 0.1 ms]
   [Other: 0.3 ms]
      [Choose CSet: 0.0 ms]
      [Ref Proc: 0.0 ms]
      [Ref Enq: 0.0 ms]
      [Free CSet: 0.1 ms]
   [Eden: 31.0M(31.0M)->0.0B(20.0M) Survivors: 9216.0K->5120.0K Heap: 198.0M(256.0M)->188.0M(256.0M)]
 [Times: user=0.06 sys=0.00, real=0.02 secs] 
2014-07-10T16:13:33.049+0200: 64.033: [GC concurrent-root-region-scan-start]
2014-07-10T16:13:33.049+0200: 64.033: [GC concurrent-root-region-scan-end, 0.0000898 secs]
2014-07-10T16:13:33.049+0200: 64.033: [GC concurrent-mark-start]
2014-07-10T16:13:33.053+0200: 64.037: [GC concurrent-mark-end, 0.0035636 secs]
2014-07-10T16:13:33.053+0200: 64.037: [GC remark 2014-07-10T16:13:33.054+0200: 64.038: [GC ref-proc, 0.0000686 secs], 0.0011747 secs]
 [Times: user=0.00 sys=0.00, real=0.00 secs] 
2014-07-10T16:13:33.055+0200: 64.039: [GC cleanup 191M->98M(256M), 0.0009378 secs]
 [Times: user=0.00 sys=0.00, real=0.00 secs] 
2014-07-10T16:13:33.056+0200: 64.040: [GC concurrent-cleanup-start]
2014-07-10T16:13:33.056+0200: 64.040: [GC concurrent-cleanup-end, 0.0002104 secs]
2014-07-10T16:13:33.081+0200: 64.065: [GC pause (young), 0.0204463 secs]
   [Parallel Time: 13.2 ms, GC Workers: 2]
      [GC Worker Start (ms): Min: 64064.8, Avg: 64064.8, Max: 64064.8, Diff: 0.0]
      [Ext Root Scanning (ms): Min: 0.9, Avg: 1.0, Max: 1.0, Diff: 0.0, Sum: 1.9]
      [Update RS (ms): Min: 0.4, Avg: 0.5, Max: 0.5, Diff: 0.0, Sum: 0.9]
         [Processed Buffers: Min: 3, Avg: 3.5, Max: 4, Diff: 1, Sum: 7]
      [Scan RS (ms): Min: 0.0, Avg: 0.0, Max: 0.0, Diff: 0.0, Sum: 0.1]
      [Code Root Scanning (ms): Min: 0.0, Avg: 0.0, Max: 0.0, Diff: 0.0, Sum: 0.0]
      [Object Copy (ms): Min: 11.7, Avg: 11.7, Max: 11.7, Diff: 0.0, Sum: 23.4]
      [Termination (ms): Min: 0.0, Avg: 0.0, Max: 0.0, Diff: 0.0, Sum: 0.0]
      [GC Worker Other (ms): Min: 0.0, Avg: 0.0, Max: 0.0, Diff: 0.0, Sum: 0.1]
      [GC Worker Total (ms): Min: 13.2, Avg: 13.2, Max: 13.2, Diff: 0.0, Sum: 26.4]
      [GC Worker End (ms): Min: 64078.0, Avg: 64078.0, Max: 64078.0, Diff: 0.0]
   [Code Root Fixup: 0.0 ms]
   [Code Root Migration: 0.0 ms]
   [Clear CT: 0.0 ms]
   [Other: 7.2 ms]
      [Choose CSet: 0.0 ms]
      [Ref Proc: 7.0 ms]
      [Ref Enq: 0.0 ms]
      [Free CSet: 0.1 ms]
   [Eden: 20.0M(20.0M)->0.0B(8192.0K) Survivors: 5120.0K->4096.0K Heap: 115.0M(256.0M)->110.5M(256.0M)]
 [Times: user=0.03 sys=0.00, real=0.02 secs] 
2014-07-10T16:13:33.114+0200: 64.098: [GC pause (mixed), 0.0078205 secs]
   [Parallel Time: 7.3 ms, GC Workers: 2]
      [GC Worker Start (ms): Min: 64097.7, Avg: 64097.7, Max: 64097.7, Diff: 0.0]
      [Ext Root Scanning (ms): Min: 1.1, Avg: 1.1, Max: 1.1, Diff: 0.0, Sum: 2.1]
      [Update RS (ms): Min: 0.3, Avg: 0.3, Max: 0.3, Diff: 0.0, Sum: 0.6]
         [Processed Buffers: Min: 3, Avg: 3.5, Max: 4, Diff: 1, Sum: 7]
      [Scan RS (ms): Min: 0.1, Avg: 0.1, Max: 0.1, Diff: 0.0, Sum: 0.2]
      [Code Root Scanning (ms): Min: 0.0, Avg: 0.0, Max: 0.0, Diff: 0.0, Sum: 0.0]
      [Object Copy (ms): Min: 5.7, Avg: 5.7, Max: 5.7, Diff: 0.0, Sum: 11.5]
      [Termination (ms): Min: 0.0, Avg: 0.0, Max: 0.0, Diff: 0.0, Sum: 0.0]
      [GC Worker Other (ms): Min: 0.0, Avg: 0.0, Max: 0.0, Diff: 0.0, Sum: 0.1]
      [GC Worker Total (ms): Min: 7.3, Avg: 7.3, Max: 7.3, Diff: 0.0, Sum: 14.5]
      [GC Worker End (ms): Min: 64105.0, Avg: 64105.0, Max: 64105.0, Diff: 0.0]
   [Code Root Fixup: 0.0 ms]
   [Code Root Migration: 0.0 ms]
   [Clear CT: 0.1 ms]
   [Other: 0.4 ms]
      [Choose CSet: 0.0 ms]
      [Ref Proc: 0.1 ms]
      [Ref Enq: 0.0 ms]
      [Free CSet: 0.2 ms]
   [Eden: 8192.0K(8192.0K)->0.0B(72.0M) Survivors: 4096.0K->2048.0K Heap: 118.5M(256.0M)->95.1M(256.0M)]
 [Times: user=0.00 sys=0.00, real=0.01 secs] 
2014-07-10T16:13:33.242+0200: 64.226: [GC pause (young), 0.0475330 secs]
   [Parallel Time: 46.8 ms, GC Workers: 2]
      [GC Worker Start (ms): Min: 64225.6, Avg: 64225.6, Max: 64225.6, Diff: 0.0]
      [Ext Root Scanning (ms): Min: 0.9, Avg: 0.9, Max: 1.0, Diff: 0.0, Sum: 1.9]
      [Update RS (ms): Min: 0.4, Avg: 0.4, Max: 0.4, Diff: 0.0, Sum: 0.7]
         [Processed Buffers: Min: 1, Avg: 2.5, Max: 4, Diff: 3, Sum: 5]
      [Scan RS (ms): Min: 0.1, Avg: 0.1, Max: 0.1, Diff: 0.0, Sum: 0.2]
      [Code Root Scanning (ms): Min: 0.0, Avg: 0.0, Max: 0.1, Diff: 0.0, Sum: 0.1]
      [Object Copy (ms): Min: 45.3, Avg: 45.3, Max: 45.3, Diff: 0.0, Sum: 90.6]
      [Termination (ms): Min: 0.0, Avg: 0.0, Max: 0.0, Diff: 0.0, Sum: 0.0]
      [GC Worker Other (ms): Min: 0.0, Avg: 0.0, Max: 0.0, Diff: 0.0, Sum: 0.1]
      [GC Worker Total (ms): Min: 46.8, Avg: 46.8, Max: 46.8, Diff: 0.0, Sum: 93.6]
      [GC Worker End (ms): Min: 64272.4, Avg: 64272.4, Max: 64272.4, Diff: 0.0]
   [Code Root Fixup: 0.0 ms]
   [Code Root Migration: 0.0 ms]
   [Clear CT: 0.1 ms]
   [Other: 0.6 ms]
      [Choose CSet: 0.0 ms]
      [Ref Proc: 0.1 ms]
      [Ref Enq: 0.0 ms]
      [Free CSet: 0.2 ms]
   [Eden: 72.0M(72.0M)->0.0B(26.0M) Survivors: 2048.0K->10.0M Heap: 167.1M(256.0M)->176.5M(256.0M)]
 [Times: user=0.09 sys=0.00, real=0.05 secs] 
2014-07-10T16:13:33.331+0200: 64.315: [GC pause (young) (initial-mark), 0.0175152 secs]
   [Parallel Time: 17.1 ms, GC Workers: 2]
      [GC Worker Start (ms): Min: 64314.8, Avg: 64314.8, Max: 64314.8, Diff: 0.0]
      [Ext Root Scanning (ms): Min: 0.9, Avg: 1.0, Max: 1.0, Diff: 0.1, Sum: 2.0]
      [Code Root Marking (ms): Min: 0.0, Avg: 0.0, Max: 0.1, Diff: 0.0, Sum: 0.1]
      [Update RS (ms): Min: 0.9, Avg: 0.9, Max: 0.9, Diff: 0.0, Sum: 1.9]
         [Processed Buffers: Min: 4, Avg: 5.0, Max: 6, Diff: 2, Sum: 10]
      [Scan RS (ms): Min: 0.0, Avg: 0.0, Max: 0.0, Diff: 0.0, Sum: 0.1]
      [Code Root Scanning (ms): Min: 0.0, Avg: 0.0, Max: 0.0, Diff: 0.0, Sum: 0.0]
      [Object Copy (ms): Min: 14.9, Avg: 14.9, Max: 14.9, Diff: 0.0, Sum: 29.8]
      [Termination (ms): Min: 0.0, Avg: 0.0, Max: 0.0, Diff: 0.0, Sum: 0.0]
      [GC Worker Other (ms): Min: 0.0, Avg: 0.0, Max: 0.0, Diff: 0.0, Sum: 0.1]
      [GC Worker Total (ms): Min: 17.0, Avg: 17.0, Max: 17.0, Diff: 0.0, Sum: 33.9]
      [GC Worker End (ms): Min: 64331.8, Avg: 64331.8, Max: 64331.8, Diff: 0.0]
   [Code Root Fixup: 0.0 ms]
   [Code Root Migration: 0.0 ms]
   [Clear CT: 0.0 ms]
   [Other: 0.4 ms]
      [Choose CSet: 0.0 ms]
      [Ref Proc: 0.1 ms]
      [Ref Enq: 0.0 ms]
      [Free CSet: 0.1 ms]
   [Eden: 26.0M(26.0M)->0.0B(18.0M) Survivors: 10.0M->5120.0K Heap: 202.5M(256.0M)->192.5M(256.0M)]
 [Times: user=0.03 sys=0.00, real=0.02 secs] 
2014-07-10T16:13:33.349+0200: 64.333: [GC concurrent-root-region-scan-start]
2014-07-10T16:13:33.349+0200: 64.333: [GC concurrent-root-region-scan-end, 0.0000873 secs]
2014-07-10T16:13:33.349+0200: 64.333: [GC concurrent-mark-start]
2014-07-10T16:13:33.353+0200: 64.337: [GC concurrent-mark-end, 0.0045231 secs]
2014-07-10T16:13:33.354+0200: 64.338: [GC remark 2014-07-10T16:13:33.354+0200: 64.338: [GC ref-proc, 0.0000675 secs], 0.0011629 secs]
 [Times: user=0.00 sys=0.00, real=0.00 secs] 
2014-07-10T16:13:33.355+0200: 64.339: [GC cleanup 195M->88M(256M), 0.0010079 secs]
 [Times: user=0.00 sys=0.00, real=0.00 secs] 
2014-07-10T16:13:33.356+0200: 64.340: [GC concurrent-cleanup-start]
2014-07-10T16:13:33.357+0200: 64.340: [GC concurrent-cleanup-end, 0.0002647 secs]
2014-07-10T16:13:33.378+0200: 64.362: [GC pause (young), 0.0128671 secs]
   [Parallel Time: 12.5 ms, GC Workers: 2]
      [GC Worker Start (ms): Min: 64361.8, Avg: 64361.8, Max: 64361.8, Diff: 0.0]
      [Ext Root Scanning (ms): Min: 1.0, Avg: 1.1, Max: 1.1, Diff: 0.0, Sum: 2.1]
      [Update RS (ms): Min: 0.4, Avg: 0.4, Max: 0.4, Diff: 0.0, Sum: 0.8]
         [Processed Buffers: Min: 2, Avg: 4.0, Max: 6, Diff: 4, Sum: 8]
      [Scan RS (ms): Min: 0.0, Avg: 0.0, Max: 0.0, Diff: 0.0, Sum: 0.1]
      [Code Root Scanning (ms): Min: 0.0, Avg: 0.0, Max: 0.0, Diff: 0.0, Sum: 0.0]
      [Object Copy (ms): Min: 10.9, Avg: 10.9, Max: 11.0, Diff: 0.0, Sum: 21.9]
      [Termination (ms): Min: 0.0, Avg: 0.0, Max: 0.0, Diff: 0.0, Sum: 0.0]
      [GC Worker Other (ms): Min: 0.0, Avg: 0.0, Max: 0.1, Diff: 0.0, Sum: 0.1]
      [GC Worker Total (ms): Min: 12.5, Avg: 12.5, Max: 12.5, Diff: 0.0, Sum: 25.0]
      [GC Worker End (ms): Min: 64374.3, Avg: 64374.3, Max: 64374.4, Diff: 0.0]
   [Code Root Fixup: 0.0 ms]
   [Code Root Migration: 0.0 ms]
   [Clear CT: 0.0 ms]
   [Other: 0.3 ms]
      [Choose CSet: 0.0 ms]
      [Ref Proc: 0.1 ms]
      [Ref Enq: 0.0 ms]
      [Free CSet: 0.1 ms]
   [Eden: 18.0M(18.0M)->0.0B(9216.0K) Survivors: 5120.0K->3072.0K Heap: 103.5M(256.0M)->99.0M(256.0M)]
 [Times: user=0.03 sys=0.00, real=0.01 secs] 
2014-07-10T16:13:33.405+0200: 64.389: [GC pause (mixed), 0.0101937 secs]
   [Parallel Time: 9.7 ms, GC Workers: 2]
      [GC Worker Start (ms): Min: 64388.8, Avg: 64388.8, Max: 64388.8, Diff: 0.0]
      [Ext Root Scanning (ms): Min: 1.4, Avg: 1.4, Max: 1.4, Diff: 0.0, Sum: 2.7]
      [Update RS (ms): Min: 0.3, Avg: 0.4, Max: 0.4, Diff: 0.0, Sum: 0.7]
         [Processed Buffers: Min: 2, Avg: 3.5, Max: 5, Diff: 3, Sum: 7]
      [Scan RS (ms): Min: 0.1, Avg: 0.1, Max: 0.1, Diff: 0.0, Sum: 0.2]
      [Code Root Scanning (ms): Min: 0.0, Avg: 0.0, Max: 0.0, Diff: 0.0, Sum: 0.0]
      [Object Copy (ms): Min: 7.9, Avg: 7.9, Max: 7.9, Diff: 0.0, Sum: 15.7]
      [Termination (ms): Min: 0.0, Avg: 0.0, Max: 0.0, Diff: 0.0, Sum: 0.0]
      [GC Worker Other (ms): Min: 0.0, Avg: 0.0, Max: 0.0, Diff: 0.0, Sum: 0.1]
      [GC Worker Total (ms): Min: 9.7, Avg: 9.7, Max: 9.7, Diff: 0.0, Sum: 19.4]
      [GC Worker End (ms): Min: 64398.5, Avg: 64398.5, Max: 64398.5, Diff: 0.0]
   [Code Root Fixup: 0.0 ms]
   [Code Root Migration: 0.0 ms]
   [Clear CT: 0.1 ms]
   [Other: 0.3 ms]
      [Choose CSet: 0.0 ms]
      [Ref Proc: 0.0 ms]
      [Ref Enq: 0.0 ms]
      [Free CSet: 0.2 ms]
   [Eden: 9216.0K(9216.0K)->0.0B(72.0M) Survivors: 3072.0K->2048.0K Heap: 108.0M(256.0M)->92.5M(256.0M)]
 [Times: user=0.03 sys=0.00, real=0.01 secs] 
2014-07-10T16:13:33.533+0200: 64.517: [GC pause (young), 0.0477882 secs]
   [Parallel Time: 47.3 ms, GC Workers: 2]
      [GC Worker Start (ms): Min: 64517.3, Avg: 64517.3, Max: 64517.4, Diff: 0.0]
      [Ext Root Scanning (ms): Min: 1.1, Avg: 1.2, Max: 1.2, Diff: 0.1, Sum: 2.4]
      [Update RS (ms): Min: 0.4, Avg: 0.4, Max: 0.4, Diff: 0.0, Sum: 0.9]
         [Processed Buffers: Min: 1, Avg: 2.5, Max: 4, Diff: 3, Sum: 5]
      [Scan RS (ms): Min: 0.1, Avg: 0.1, Max: 0.1, Diff: 0.0, Sum: 0.2]
      [Code Root Scanning (ms): Min: 0.0, Avg: 0.0, Max: 0.1, Diff: 0.0, Sum: 0.1]
      [Object Copy (ms): Min: 45.4, Avg: 45.4, Max: 45.4, Diff: 0.0, Sum: 90.8]
      [Termination (ms): Min: 0.0, Avg: 0.0, Max: 0.0, Diff: 0.0, Sum: 0.0]
      [GC Worker Other (ms): Min: 0.0, Avg: 0.0, Max: 0.0, Diff: 0.0, Sum: 0.1]
      [GC Worker Total (ms): Min: 47.2, Avg: 47.2, Max: 47.2, Diff: 0.0, Sum: 94.5]
      [GC Worker End (ms): Min: 64564.6, Avg: 64564.6, Max: 64564.6, Diff: 0.0]
   [Code Root Fixup: 0.0 ms]
   [Code Root Migration: 0.0 ms]
   [Clear CT: 0.1 ms]
   [Other: 0.4 ms]
      [Choose CSet: 0.0 ms]
      [Ref Proc: 0.0 ms]
      [Ref Enq: 0.0 ms]
      [Free CSet: 0.1 ms]
   [Eden: 72.0M(72.0M)->0.0B(29.0M) Survivors: 2048.0K->10.0M Heap: 164.5M(256.0M)->170.0M(256.0M)]
 [Times: user=0.09 sys=0.00, real=0.05 secs] 
2014-07-10T16:13:33.627+0200: 64.611: [GC pause (young) (initial-mark), 0.0201736 secs]
   [Parallel Time: 19.8 ms, GC Workers: 2]
      [GC Worker Start (ms): Min: 64610.9, Avg: 64610.9, Max: 64610.9, Diff: 0.0]
      [Ext Root Scanning (ms): Min: 1.1, Avg: 1.1, Max: 1.1, Diff: 0.0, Sum: 2.2]
      [Code Root Marking (ms): Min: 0.1, Avg: 0.1, Max: 0.1, Diff: 0.0, Sum: 0.1]
      [Update RS (ms): Min: 0.9, Avg: 0.9, Max: 1.0, Diff: 0.0, Sum: 1.9]
         [Processed Buffers: Min: 5, Avg: 5.5, Max: 6, Diff: 1, Sum: 11]
      [Scan RS (ms): Min: 0.0, Avg: 0.0, Max: 0.1, Diff: 0.0, Sum: 0.1]
      [Code Root Scanning (ms): Min: 0.0, Avg: 0.0, Max: 0.0, Diff: 0.0, Sum: 0.1]
      [Object Copy (ms): Min: 17.5, Avg: 17.5, Max: 17.5, Diff: 0.0, Sum: 35.0]
      [Termination (ms): Min: 0.0, Avg: 0.0, Max: 0.0, Diff: 0.0, Sum: 0.0]
      [GC Worker Other (ms): Min: 0.0, Avg: 0.0, Max: 0.0, Diff: 0.0, Sum: 0.1]
      [GC Worker Total (ms): Min: 19.7, Avg: 19.7, Max: 19.7, Diff: 0.0, Sum: 39.5]
      [GC Worker End (ms): Min: 64630.7, Avg: 64630.7, Max: 64630.7, Diff: 0.0]
   [Code Root Fixup: 0.0 ms]
   [Code Root Migration: 0.0 ms]
   [Clear CT: 0.0 ms]
   [Other: 0.4 ms]
      [Choose CSet: 0.0 ms]
      [Ref Proc: 0.1 ms]
      [Ref Enq: 0.0 ms]
      [Free CSet: 0.1 ms]
   [Eden: 29.0M(29.0M)->0.0B(19.0M) Survivors: 10.0M->5120.0K Heap: 199.0M(256.0M)->191.0M(256.0M)]
 [Times: user=0.03 sys=0.00, real=0.02 secs] 
2014-07-10T16:13:33.647+0200: 64.631: [GC concurrent-root-region-scan-start]
2014-07-10T16:13:33.648+0200: 64.632: [GC concurrent-root-region-scan-end, 0.0001499 secs]
2014-07-10T16:13:33.648+0200: 64.632: [GC concurrent-mark-start]
2014-07-10T16:13:33.652+0200: 64.636: [GC concurrent-mark-end, 0.0035086 secs]
2014-07-10T16:13:33.652+0200: 64.636: [GC remark 2014-07-10T16:13:33.652+0200: 64.636: [GC ref-proc, 0.0000814 secs], 0.0011310 secs]
 [Times: user=0.00 sys=0.00, real=0.00 secs] 
2014-07-10T16:13:33.654+0200: 64.638: [GC cleanup 195M->96M(256M), 0.0008322 secs]
 [Times: user=0.03 sys=0.00, real=0.00 secs] 
2014-07-10T16:13:33.655+0200: 64.639: [GC concurrent-cleanup-start]
2014-07-10T16:13:33.655+0200: 64.639: [GC concurrent-cleanup-end, 0.0002189 secs]
2014-07-10T16:13:33.678+0200: 64.662: [GC pause (young), 0.0135230 secs]
   [Parallel Time: 13.2 ms, GC Workers: 2]
      [GC Worker Start (ms): Min: 64661.8, Avg: 64661.8, Max: 64661.8, Diff: 0.0]
      [Ext Root Scanning (ms): Min: 1.0, Avg: 1.1, Max: 1.1, Diff: 0.1, Sum: 2.1]
      [Update RS (ms): Min: 0.5, Avg: 0.5, Max: 0.5, Diff: 0.0, Sum: 1.0]
         [Processed Buffers: Min: 2, Avg: 3.0, Max: 4, Diff: 2, Sum: 6]
      [Scan RS (ms): Min: 0.0, Avg: 0.0, Max: 0.1, Diff: 0.0, Sum: 0.1]
      [Code Root Scanning (ms): Min: 0.0, Avg: 0.0, Max: 0.0, Diff: 0.0, Sum: 0.0]
      [Object Copy (ms): Min: 11.5, Avg: 11.5, Max: 11.6, Diff: 0.0, Sum: 23.1]
      [Termination (ms): Min: 0.0, Avg: 0.0, Max: 0.0, Diff: 0.0, Sum: 0.0]
      [GC Worker Other (ms): Min: 0.0, Avg: 0.0, Max: 0.0, Diff: 0.0, Sum: 0.1]
      [GC Worker Total (ms): Min: 13.2, Avg: 13.2, Max: 13.2, Diff: 0.0, Sum: 26.4]
      [GC Worker End (ms): Min: 64675.0, Avg: 64675.0, Max: 64675.0, Diff: 0.0]
   [Code Root Fixup: 0.0 ms]
   [Code Root Migration: 0.0 ms]
   [Clear CT: 0.0 ms]
   [Other: 0.3 ms]
      [Choose CSet: 0.0 ms]
      [Ref Proc: 0.1 ms]
      [Ref Enq: 0.0 ms]
      [Free CSet: 0.1 ms]
   [Eden: 19.0M(19.0M)->0.0B(9216.0K) Survivors: 5120.0K->3072.0K Heap: 111.0M(256.0M)->106.5M(256.0M)]
 [Times: user=0.03 sys=0.00, real=0.01 secs] 
2014-07-10T16:13:33.706+0200: 64.690: [GC pause (mixed), 0.0091631 secs]
   [Parallel Time: 8.7 ms, GC Workers: 2]
      [GC Worker Start (ms): Min: 64690.2, Avg: 64690.2, Max: 64690.2, Diff: 0.0]
      [Ext Root Scanning (ms): Min: 1.0, Avg: 1.0, Max: 1.0, Diff: 0.0, Sum: 2.0]
      [Update RS (ms): Min: 0.3, Avg: 0.4, Max: 0.4, Diff: 0.0, Sum: 0.7]
         [Processed Buffers: Min: 1, Avg: 3.5, Max: 6, Diff: 5, Sum: 7]
      [Scan RS (ms): Min: 0.1, Avg: 0.1, Max: 0.1, Diff: 0.0, Sum: 0.3]
      [Code Root Scanning (ms): Min: 0.0, Avg: 0.0, Max: 0.0, Diff: 0.0, Sum: 0.0]
      [Object Copy (ms): Min: 7.1, Avg: 7.1, Max: 7.1, Diff: 0.0, Sum: 14.2]
      [Termination (ms): Min: 0.0, Avg: 0.0, Max: 0.0, Diff: 0.0, Sum: 0.0]
      [GC Worker Other (ms): Min: 0.0, Avg: 0.0, Max: 0.0, Diff: 0.0, Sum: 0.1]
      [GC Worker Total (ms): Min: 8.7, Avg: 8.7, Max: 8.7, Diff: 0.0, Sum: 17.3]
      [GC Worker End (ms): Min: 64698.8, Avg: 64698.8, Max: 64698.8, Diff: 0.0]
   [Code Root Fixup: 0.0 ms]
   [Code Root Migration: 0.0 ms]
   [Clear CT: 0.1 ms]
   [Other: 0.4 ms]
      [Choose CSet: 0.0 ms]
      [Ref Proc: 0.0 ms]
      [Ref Enq: 0.0 ms]
      [Free CSet: 0.2 ms]
   [Eden: 9216.0K(9216.0K)->0.0B(68.0M) Survivors: 3072.0K->2048.0K Heap: 115.5M(256.0M)->97.5M(256.0M)]
 [Times: user=0.00 sys=0.00, real=0.01 secs] 
2014-07-10T16:13:33.828+0200: 64.812: [GC pause (young), 0.0456288 secs]
   [Parallel Time: 45.2 ms, GC Workers: 2]
      [GC Worker Start (ms): Min: 64811.8, Avg: 64811.8, Max: 64811.8, Diff: 0.0]
      [Ext Root Scanning (ms): Min: 1.1, Avg: 1.1, Max: 1.1, Diff: 0.0, Sum: 2.3]
      [Update RS (ms): Min: 0.5, Avg: 0.5, Max: 0.5, Diff: 0.1, Sum: 1.0]
         [Processed Buffers: Min: 1, Avg: 3.0, Max: 5, Diff: 4, Sum: 6]
      [Scan RS (ms): Min: 0.1, Avg: 0.1, Max: 0.1, Diff: 0.0, Sum: 0.2]
      [Code Root Scanning (ms): Min: 0.0, Avg: 0.0, Max: 0.1, Diff: 0.0, Sum: 0.1]
      [Object Copy (ms): Min: 43.3, Avg: 43.3, Max: 43.3, Diff: 0.0, Sum: 86.6]
      [Termination (ms): Min: 0.0, Avg: 0.0, Max: 0.0, Diff: 0.0, Sum: 0.0]
      [GC Worker Other (ms): Min: 0.0, Avg: 0.0, Max: 0.0, Diff: 0.0, Sum: 0.1]
      [GC Worker Total (ms): Min: 45.1, Avg: 45.1, Max: 45.1, Diff: 0.0, Sum: 90.3]
      [GC Worker End (ms): Min: 64857.0, Avg: 64857.0, Max: 64857.0, Diff: 0.0]
   [Code Root Fixup: 0.0 ms]
   [Code Root Migration: 0.0 ms]
   [Clear CT: 0.1 ms]
   [Other: 0.4 ms]
      [Choose CSet: 0.0 ms]
      [Ref Proc: 0.0 ms]
      [Ref Enq: 0.0 ms]
      [Free CSet: 0.1 ms]
   [Eden: 68.0M(68.0M)->0.0B(28.0M) Survivors: 2048.0K->9216.0K Heap: 165.5M(256.0M)->173.0M(256.0M)]
 [Times: user=0.08 sys=0.00, real=0.05 secs] 
2014-07-10T16:13:33.919+0200: 64.903: [GC pause (young) (initial-mark), 0.0201193 secs]
   [Parallel Time: 19.5 ms, GC Workers: 2]
      [GC Worker Start (ms): Min: 64902.7, Avg: 64902.8, Max: 64902.8, Diff: 0.0]
      [Ext Root Scanning (ms): Min: 1.1, Avg: 1.1, Max: 1.1, Diff: 0.0, Sum: 2.2]
      [Code Root Marking (ms): Min: 0.0, Avg: 0.1, Max: 0.1, Diff: 0.0, Sum: 0.1]
      [Update RS (ms): Min: 0.9, Avg: 0.9, Max: 0.9, Diff: 0.0, Sum: 1.8]
         [Processed Buffers: Min: 4, Avg: 5.0, Max: 6, Diff: 2, Sum: 10]
      [Scan RS (ms): Min: 0.0, Avg: 0.0, Max: 0.0, Diff: 0.0, Sum: 0.1]
      [Code Root Scanning (ms): Min: 0.0, Avg: 0.0, Max: 0.0, Diff: 0.0, Sum: 0.1]
      [Object Copy (ms): Min: 17.3, Avg: 17.3, Max: 17.3, Diff: 0.0, Sum: 34.6]
      [Termination (ms): Min: 0.0, Avg: 0.0, Max: 0.0, Diff: 0.0, Sum: 0.0]
      [GC Worker Other (ms): Min: 0.0, Avg: 0.0, Max: 0.0, Diff: 0.0, Sum: 0.1]
      [GC Worker Total (ms): Min: 19.5, Avg: 19.5, Max: 19.5, Diff: 0.0, Sum: 39.0]
      [GC Worker End (ms): Min: 64922.2, Avg: 64922.2, Max: 64922.2, Diff: 0.0]
   [Code Root Fixup: 0.0 ms]
   [Code Root Migration: 0.0 ms]
   [Clear CT: 0.0 ms]
   [Other: 0.5 ms]
      [Choose CSet: 0.0 ms]
      [Ref Proc: 0.1 ms]
      [Ref Enq: 0.0 ms]
      [Free CSet: 0.1 ms]
   [Eden: 28.0M(28.0M)->0.0B(17.0M) Survivors: 9216.0K->5120.0K Heap: 201.0M(256.0M)->194.0M(256.0M)]
 [Times: user=0.06 sys=0.00, real=0.02 secs] 
2014-07-10T16:13:33.939+0200: 64.923: [GC concurrent-root-region-scan-start]
2014-07-10T16:13:33.939+0200: 64.923: [GC concurrent-root-region-scan-end, 0.0000887 secs]
2014-07-10T16:13:33.939+0200: 64.923: [GC concurrent-mark-start]
2014-07-10T16:13:33.943+0200: 64.927: [GC concurrent-mark-end, 0.0035647 secs]
2014-07-10T16:13:33.943+0200: 64.927: [GC remark 2014-07-10T16:13:33.943+0200: 64.927: [GC ref-proc, 0.0000653 secs], 0.0010914 secs]
 [Times: user=0.00 sys=0.00, real=0.00 secs] 
2014-07-10T16:13:33.944+0200: 64.928: [GC cleanup 196M->85M(256M), 0.0007897 secs]
 [Times: user=0.00 sys=0.00, real=0.00 secs] 
2014-07-10T16:13:33.945+0200: 64.929: [GC concurrent-cleanup-start]
2014-07-10T16:13:33.945+0200: 64.929: [GC concurrent-cleanup-end, 0.0002398 secs]
2014-07-10T16:13:33.968+0200: 64.952: [GC pause (young), 0.0159303 secs]
   [Parallel Time: 15.7 ms, GC Workers: 2]
      [GC Worker Start (ms): Min: 64951.9, Avg: 64959.7, Max: 64967.5, Diff: 15.6]
      [Ext Root Scanning (ms): Min: 0.0, Avg: 0.8, Max: 1.7, Diff: 1.7, Sum: 1.7]
      [Update RS (ms): Min: 0.0, Avg: 0.4, Max: 0.8, Diff: 0.8, Sum: 0.8]
         [Processed Buffers: Min: 0, Avg: 3.0, Max: 6, Diff: 6, Sum: 6]
      [Scan RS (ms): Min: 0.0, Avg: 0.0, Max: 0.1, Diff: 0.1, Sum: 0.1]
      [Code Root Scanning (ms): Min: 0.0, Avg: 0.0, Max: 0.0, Diff: 0.0, Sum: 0.0]
      [Object Copy (ms): Min: 0.0, Avg: 6.5, Max: 13.0, Diff: 13.0, Sum: 13.0]
      [Termination (ms): Min: 0.0, Avg: 0.0, Max: 0.1, Diff: 0.1, Sum: 0.1]
      [GC Worker Other (ms): Min: 0.0, Avg: 0.0, Max: 0.0, Diff: 0.0, Sum: 0.0]
      [GC Worker Total (ms): Min: 0.0, Avg: 7.8, Max: 15.6, Diff: 15.6, Sum: 15.7]
      [GC Worker End (ms): Min: 64967.6, Avg: 64967.6, Max: 64967.6, Diff: 0.0]
   [Code Root Fixup: 0.0 ms]
   [Code Root Migration: 0.0 ms]
   [Clear CT: 0.0 ms]
   [Other: 0.2 ms]
      [Choose CSet: 0.0 ms]
      [Ref Proc: 0.0 ms]
      [Ref Enq: 0.0 ms]
      [Free CSet: 0.1 ms]
   [Eden: 17.0M(17.0M)->0.0B(9216.0K) Survivors: 5120.0K->3072.0K Heap: 100.0M(256.0M)->95.5M(256.0M)]
 [Times: user=0.02 sys=0.00, real=0.02 secs] 
2014-07-10T16:13:33.998+0200: 64.982: [GC pause (mixed), 0.0075213 secs]
   [Parallel Time: 7.2 ms, GC Workers: 2]
      [GC Worker Start (ms): Min: 64981.9, Avg: 64981.9, Max: 64981.9, Diff: 0.0]
      [Ext Root Scanning (ms): Min: 1.1, Avg: 1.1, Max: 1.1, Diff: 0.1, Sum: 2.2]
      [Update RS (ms): Min: 0.2, Avg: 0.3, Max: 0.4, Diff: 0.1, Sum: 0.6]
         [Processed Buffers: Min: 1, Avg: 2.5, Max: 4, Diff: 3, Sum: 5]
      [Scan RS (ms): Min: 0.0, Avg: 0.1, Max: 0.1, Diff: 0.1, Sum: 0.1]
      [Code Root Scanning (ms): Min: 0.0, Avg: 0.0, Max: 0.0, Diff: 0.0, Sum: 0.0]
      [Object Copy (ms): Min: 5.6, Avg: 5.6, Max: 5.6, Diff: 0.0, Sum: 11.3]
      [Termination (ms): Min: 0.0, Avg: 0.0, Max: 0.0, Diff: 0.0, Sum: 0.0]
      [GC Worker Other (ms): Min: 0.0, Avg: 0.0, Max: 0.0, Diff: 0.0, Sum: 0.1]
      [GC Worker Total (ms): Min: 7.1, Avg: 7.1, Max: 7.1, Diff: 0.0, Sum: 14.3]
      [GC Worker End (ms): Min: 64989.0, Avg: 64989.0, Max: 64989.0, Diff: 0.0]
   [Code Root Fixup: 0.0 ms]
   [Code Root Migration: 0.0 ms]
   [Clear CT: 0.1 ms]
   [Other: 0.3 ms]
      [Choose CSet: 0.0 ms]
      [Ref Proc: 0.0 ms]
      [Ref Enq: 0.0 ms]
      [Free CSet: 0.1 ms]
   [Eden: 9216.0K(9216.0K)->0.0B(68.0M) Survivors: 3072.0K->2048.0K Heap: 104.5M(256.0M)->96.0M(256.0M)]
 [Times: user=0.03 sys=0.00, real=0.01 secs] 
2014-07-10T16:13:34.118+0200: 65.102: [GC pause (young), 0.0450253 secs]
   [Parallel Time: 44.5 ms, GC Workers: 2]
      [GC Worker Start (ms): Min: 65101.7, Avg: 65101.8, Max: 65101.8, Diff: 0.0]
      [Ext Root Scanning (ms): Min: 1.0, Avg: 1.0, Max: 1.1, Diff: 0.0, Sum: 2.1]
      [Update RS (ms): Min: 0.3, Avg: 0.4, Max: 0.4, Diff: 0.1, Sum: 0.7]
         [Processed Buffers: Min: 1, Avg: 2.5, Max: 4, Diff: 3, Sum: 5]
      [Scan RS (ms): Min: 0.1, Avg: 0.1, Max: 0.1, Diff: 0.0, Sum: 0.2]
      [Code Root Scanning (ms): Min: 0.0, Avg: 0.0, Max: 0.0, Diff: 0.0, Sum: 0.1]
      [Object Copy (ms): Min: 42.9, Avg: 42.9, Max: 43.0, Diff: 0.0, Sum: 85.9]
      [Termination (ms): Min: 0.0, Avg: 0.0, Max: 0.0, Diff: 0.0, Sum: 0.0]
      [GC Worker Other (ms): Min: 0.0, Avg: 0.0, Max: 0.0, Diff: 0.0, Sum: 0.1]
      [GC Worker Total (ms): Min: 44.5, Avg: 44.5, Max: 44.5, Diff: 0.0, Sum: 89.0]
      [GC Worker End (ms): Min: 65146.3, Avg: 65146.3, Max: 65146.3, Diff: 0.0]
   [Code Root Fixup: 0.0 ms]
   [Code Root Migration: 0.0 ms]
   [Clear CT: 0.1 ms]
   [Other: 0.4 ms]
      [Choose CSet: 0.0 ms]
      [Ref Proc: 0.0 ms]
      [Ref Enq: 0.0 ms]
      [Free CSet: 0.1 ms]
   [Eden: 68.0M(68.0M)->0.0B(29.0M) Survivors: 2048.0K->9216.0K Heap: 164.0M(256.0M)->170.0M(256.0M)]
 [Times: user=0.09 sys=0.00, real=0.05 secs] 
2014-07-10T16:13:34.209+0200: 65.193: [GC pause (young) (initial-mark), 0.0196016 secs]
   [Parallel Time: 19.1 ms, GC Workers: 2]
      [GC Worker Start (ms): Min: 65192.9, Avg: 65192.9, Max: 65192.9, Diff: 0.0]
      [Ext Root Scanning (ms): Min: 1.1, Avg: 1.1, Max: 1.1, Diff: 0.0, Sum: 2.2]
      [Code Root Marking (ms): Min: 0.0, Avg: 0.1, Max: 0.1, Diff: 0.0, Sum: 0.1]
      [Update RS (ms): Min: 0.9, Avg: 0.9, Max: 0.9, Diff: 0.0, Sum: 1.9]
         [Processed Buffers: Min: 4, Avg: 4.5, Max: 5, Diff: 1, Sum: 9]
      [Scan RS (ms): Min: 0.0, Avg: 0.1, Max: 0.1, Diff: 0.0, Sum: 0.1]
      [Code Root Scanning (ms): Min: 0.0, Avg: 0.0, Max: 0.0, Diff: 0.0, Sum: 0.0]
      [Object Copy (ms): Min: 16.9, Avg: 16.9, Max: 16.9, Diff: 0.0, Sum: 33.9]
      [Termination (ms): Min: 0.0, Avg: 0.0, Max: 0.0, Diff: 0.0, Sum: 0.0]
      [GC Worker Other (ms): Min: 0.0, Avg: 0.0, Max: 0.0, Diff: 0.0, Sum: 0.0]
      [GC Worker Total (ms): Min: 19.1, Avg: 19.1, Max: 19.1, Diff: 0.0, Sum: 38.2]
      [GC Worker End (ms): Min: 65212.0, Avg: 65212.0, Max: 65212.0, Diff: 0.0]
   [Code Root Fixup: 0.0 ms]
   [Code Root Migration: 0.0 ms]
   [Clear CT: 0.0 ms]
   [Other: 0.4 ms]
      [Choose CSet: 0.0 ms]
      [Ref Proc: 0.1 ms]
      [Ref Enq: 0.0 ms]
      [Free CSet: 0.1 ms]
   [Eden: 29.0M(29.0M)->0.0B(20.0M) Survivors: 9216.0K->5120.0K Heap: 199.0M(256.0M)->189.5M(256.0M)]
 [Times: user=0.03 sys=0.00, real=0.02 secs] 
2014-07-10T16:13:34.229+0200: 65.213: [GC concurrent-root-region-scan-start]
2014-07-10T16:13:34.229+0200: 65.213: [GC concurrent-root-region-scan-end, 0.0000891 secs]
2014-07-10T16:13:34.229+0200: 65.213: [GC concurrent-mark-start]
2014-07-10T16:13:34.232+0200: 65.216: [GC concurrent-mark-end, 0.0032248 secs]
2014-07-10T16:13:34.232+0200: 65.216: [GC remark 2014-07-10T16:13:34.233+0200: 65.217: [GC ref-proc, 0.0000686 secs], 0.0010771 secs]
 [Times: user=0.03 sys=0.00, real=0.00 secs] 
2014-07-10T16:13:34.234+0200: 65.218: [GC cleanup 190M->82M(256M), 0.0012333 secs]
 [Times: user=0.00 sys=0.00, real=0.00 secs] 
2014-07-10T16:13:34.235+0200: 65.219: [GC concurrent-cleanup-start]
2014-07-10T16:13:34.235+0200: 65.219: [GC concurrent-cleanup-end, 0.0002112 secs]
2014-07-10T16:13:34.264+0200: 65.248: [GC pause (young), 0.0136407 secs]
   [Parallel Time: 13.3 ms, GC Workers: 2]
      [GC Worker Start (ms): Min: 65248.3, Avg: 65248.3, Max: 65248.3, Diff: 0.0]
      [Ext Root Scanning (ms): Min: 0.9, Avg: 1.0, Max: 1.0, Diff: 0.0, Sum: 1.9]
      [Update RS (ms): Min: 0.4, Avg: 0.5, Max: 0.5, Diff: 0.0, Sum: 0.9]
         [Processed Buffers: Min: 2, Avg: 3.5, Max: 5, Diff: 3, Sum: 7]
      [Scan RS (ms): Min: 0.0, Avg: 0.0, Max: 0.1, Diff: 0.0, Sum: 0.1]
      [Code Root Scanning (ms): Min: 0.0, Avg: 0.0, Max: 0.0, Diff: 0.0, Sum: 0.0]
      [Object Copy (ms): Min: 11.8, Avg: 11.8, Max: 11.8, Diff: 0.0, Sum: 23.6]
      [Termination (ms): Min: 0.0, Avg: 0.0, Max: 0.0, Diff: 0.0, Sum: 0.0]
      [GC Worker Other (ms): Min: 0.0, Avg: 0.0, Max: 0.0, Diff: 0.0, Sum: 0.1]
      [GC Worker Total (ms): Min: 13.3, Avg: 13.3, Max: 13.3, Diff: 0.0, Sum: 26.6]
      [GC Worker End (ms): Min: 65261.6, Avg: 65261.6, Max: 65261.6, Diff: 0.0]
   [Code Root Fixup: 0.0 ms]
   [Code Root Migration: 0.0 ms]
   [Clear CT: 0.0 ms]
   [Other: 0.3 ms]
      [Choose CSet: 0.0 ms]
      [Ref Proc: 0.0 ms]
      [Ref Enq: 0.0 ms]
      [Free CSet: 0.1 ms]
   [Eden: 20.0M(20.0M)->0.0B(8192.0K) Survivors: 5120.0K->4096.0K Heap: 101.5M(256.0M)->97.5M(256.0M)]
 [Times: user=0.00 sys=0.00, real=0.01 secs] 
2014-07-10T16:13:34.291+0200: 65.275: [GC pause (mixed), 0.0082579 secs]
   [Parallel Time: 7.9 ms, GC Workers: 2]
      [GC Worker Start (ms): Min: 65274.7, Avg: 65274.8, Max: 65274.8, Diff: 0.0]
      [Ext Root Scanning (ms): Min: 0.9, Avg: 0.9, Max: 0.9, Diff: 0.1, Sum: 1.8]
      [Update RS (ms): Min: 0.3, Avg: 0.3, Max: 0.3, Diff: 0.0, Sum: 0.6]
         [Processed Buffers: Min: 2, Avg: 3.5, Max: 5, Diff: 3, Sum: 7]
      [Scan RS (ms): Min: 0.0, Avg: 0.0, Max: 0.1, Diff: 0.0, Sum: 0.1]
      [Code Root Scanning (ms): Min: 0.0, Avg: 0.0, Max: 0.0, Diff: 0.0, Sum: 0.0]
      [Object Copy (ms): Min: 6.5, Avg: 6.6, Max: 6.6, Diff: 0.0, Sum: 13.1]
      [Termination (ms): Min: 0.0, Avg: 0.0, Max: 0.0, Diff: 0.0, Sum: 0.0]
      [GC Worker Other (ms): Min: 0.0, Avg: 0.0, Max: 0.0, Diff: 0.0, Sum: 0.0]
      [GC Worker Total (ms): Min: 7.8, Avg: 7.8, Max: 7.8, Diff: 0.0, Sum: 15.7]
      [GC Worker End (ms): Min: 65282.6, Avg: 65282.6, Max: 65282.6, Diff: 0.0]
   [Code Root Fixup: 0.0 ms]
   [Code Root Migration: 0.0 ms]
   [Clear CT: 0.1 ms]
   [Other: 0.2 ms]
      [Choose CSet: 0.0 ms]
      [Ref Proc: 0.0 ms]
      [Ref Enq: 0.0 ms]
      [Free CSet: 0.1 ms]
   [Eden: 8192.0K(8192.0K)->0.0B(67.0M) Survivors: 4096.0K->2048.0K Heap: 105.5M(256.0M)->100.0M(256.0M)]
 [Times: user=0.03 sys=0.00, real=0.01 secs] 
2014-07-10T16:13:34.410+0200: 65.394: [GC pause (young), 0.0446330 secs]
   [Parallel Time: 44.2 ms, GC Workers: 2]
      [GC Worker Start (ms): Min: 65393.8, Avg: 65393.8, Max: 65393.8, Diff: 0.0]
      [Ext Root Scanning (ms): Min: 1.0, Avg: 1.1, Max: 1.1, Diff: 0.1, Sum: 2.1]
      [Update RS (ms): Min: 0.3, Avg: 0.4, Max: 0.4, Diff: 0.1, Sum: 0.7]
         [Processed Buffers: Min: 2, Avg: 2.5, Max: 3, Diff: 1, Sum: 5]
      [Scan RS (ms): Min: 0.1, Avg: 0.1, Max: 0.1, Diff: 0.0, Sum: 0.2]
      [Code Root Scanning (ms): Min: 0.0, Avg: 0.0, Max: 0.0, Diff: 0.0, Sum: 0.1]
      [Object Copy (ms): Min: 42.6, Avg: 42.6, Max: 42.6, Diff: 0.0, Sum: 85.1]
      [Termination (ms): Min: 0.0, Avg: 0.0, Max: 0.0, Diff: 0.0, Sum: 0.0]
      [GC Worker Other (ms): Min: 0.0, Avg: 0.0, Max: 0.0, Diff: 0.0, Sum: 0.1]
      [GC Worker Total (ms): Min: 44.2, Avg: 44.2, Max: 44.2, Diff: 0.0, Sum: 88.4]
      [GC Worker End (ms): Min: 65438.0, Avg: 65438.0, Max: 65438.0, Diff: 0.0]
   [Code Root Fixup: 0.0 ms]
   [Code Root Migration: 0.0 ms]
   [Clear CT: 0.1 ms]
   [Other: 0.3 ms]
      [Choose CSet: 0.0 ms]
      [Ref Proc: 0.0 ms]
      [Ref Enq: 0.0 ms]
      [Free CSet: 0.1 ms]
   [Eden: 67.0M(67.0M)->0.0B(28.0M) Survivors: 2048.0K->9216.0K Heap: 167.0M(256.0M)->173.0M(256.0M)]
 [Times: user=0.08 sys=0.00, real=0.04 secs] 
2014-07-10T16:13:34.501+0200: 65.485: [GC pause (young) (initial-mark), 0.0200123 secs]
   [Parallel Time: 19.6 ms, GC Workers: 2]
      [GC Worker Start (ms): Min: 65484.8, Avg: 65484.8, Max: 65484.8, Diff: 0.0]
      [Ext Root Scanning (ms): Min: 0.9, Avg: 1.0, Max: 1.0, Diff: 0.1, Sum: 2.0]
      [Code Root Marking (ms): Min: 0.0, Avg: 0.1, Max: 0.1, Diff: 0.1, Sum: 0.1]
      [Update RS (ms): Min: 0.9, Avg: 0.9, Max: 0.9, Diff: 0.0, Sum: 1.8]
         [Processed Buffers: Min: 4, Avg: 5.5, Max: 7, Diff: 3, Sum: 11]
      [Scan RS (ms): Min: 0.0, Avg: 0.0, Max: 0.0, Diff: 0.0, Sum: 0.1]
      [Code Root Scanning (ms): Min: 0.0, Avg: 0.0, Max: 0.0, Diff: 0.0, Sum: 0.1]
      [Object Copy (ms): Min: 17.5, Avg: 17.5, Max: 17.5, Diff: 0.0, Sum: 35.1]
      [Termination (ms): Min: 0.0, Avg: 0.0, Max: 0.0, Diff: 0.0, Sum: 0.0]
      [GC Worker Other (ms): Min: 0.0, Avg: 0.0, Max: 0.0, Diff: 0.0, Sum: 0.1]
      [GC Worker Total (ms): Min: 19.6, Avg: 19.6, Max: 19.6, Diff: 0.0, Sum: 39.1]
      [GC Worker End (ms): Min: 65504.3, Avg: 65504.3, Max: 65504.3, Diff: 0.0]
   [Code Root Fixup: 0.0 ms]
   [Code Root Migration: 0.0 ms]
   [Clear CT: 0.1 ms]
   [Other: 0.3 ms]
      [Choose CSet: 0.0 ms]
      [Ref Proc: 0.0 ms]
      [Ref Enq: 0.0 ms]
      [Free CSet: 0.1 ms]
   [Eden: 28.0M(28.0M)->0.0B(18.0M) Survivors: 9216.0K->5120.0K Heap: 201.0M(256.0M)->193.5M(256.0M)]
 [Times: user=0.03 sys=0.00, real=0.02 secs] 
2014-07-10T16:13:34.521+0200: 65.505: [GC concurrent-root-region-scan-start]
2014-07-10T16:13:34.521+0200: 65.505: [GC concurrent-root-region-scan-end, 0.0000876 secs]
2014-07-10T16:13:34.521+0200: 65.505: [GC concurrent-mark-start]
2014-07-10T16:13:34.526+0200: 65.510: [GC concurrent-mark-end, 0.0047258 secs]
2014-07-10T16:13:34.526+0200: 65.510: [GC remark 2014-07-10T16:13:34.526+0200: 65.510: [GC ref-proc, 0.0000645 secs], 0.0010291 secs]
 [Times: user=0.00 sys=0.00, real=0.00 secs] 
2014-07-10T16:13:34.527+0200: 65.511: [GC cleanup 196M->84M(256M), 0.0007717 secs]
 [Times: user=0.00 sys=0.00, real=0.00 secs] 
2014-07-10T16:13:34.528+0200: 65.512: [GC concurrent-cleanup-start]
2014-07-10T16:13:34.528+0200: 65.512: [GC concurrent-cleanup-end, 0.0002291 secs]
2014-07-10T16:13:34.551+0200: 65.535: [GC pause (young), 0.0132242 secs]
   [Parallel Time: 13.0 ms, GC Workers: 2]
      [GC Worker Start (ms): Min: 65534.8, Avg: 65534.8, Max: 65534.8, Diff: 0.0]
      [Ext Root Scanning (ms): Min: 1.1, Avg: 1.2, Max: 1.2, Diff: 0.0, Sum: 2.3]
      [Update RS (ms): Min: 0.5, Avg: 0.5, Max: 0.5, Diff: 0.1, Sum: 1.0]
         [Processed Buffers: Min: 2, Avg: 4.0, Max: 6, Diff: 4, Sum: 8]
      [Scan RS (ms): Min: 0.0, Avg: 0.0, Max: 0.0, Diff: 0.0, Sum: 0.1]
      [Code Root Scanning (ms): Min: 0.0, Avg: 0.0, Max: 0.0, Diff: 0.0, Sum: 0.0]
      [Object Copy (ms): Min: 11.1, Avg: 11.1, Max: 11.1, Diff: 0.0, Sum: 22.3]
      [Termination (ms): Min: 0.0, Avg: 0.0, Max: 0.0, Diff: 0.0, Sum: 0.0]
      [GC Worker Other (ms): Min: 0.0, Avg: 0.0, Max: 0.0, Diff: 0.0, Sum: 0.1]
      [GC Worker Total (ms): Min: 12.9, Avg: 12.9, Max: 12.9, Diff: 0.0, Sum: 25.7]
      [GC Worker End (ms): Min: 65547.7, Avg: 65547.7, Max: 65547.7, Diff: 0.0]
   [Code Root Fixup: 0.0 ms]
   [Code Root Migration: 0.0 ms]
   [Clear CT: 0.0 ms]
   [Other: 0.2 ms]
      [Choose CSet: 0.0 ms]
      [Ref Proc: 0.0 ms]
      [Ref Enq: 0.0 ms]
      [Free CSet: 0.1 ms]
   [Eden: 18.0M(18.0M)->0.0B(9216.0K) Survivors: 5120.0K->3072.0K Heap: 99.5M(256.0M)->95.5M(256.0M)]
 [Times: user=0.03 sys=0.00, real=0.01 secs] 
2014-07-10T16:13:34.577+0200: 65.561: [GC pause (mixed), 0.0078942 secs]
   [Parallel Time: 7.6 ms, GC Workers: 2]
      [GC Worker Start (ms): Min: 65561.0, Avg: 65561.0, Max: 65561.0, Diff: 0.0]
      [Ext Root Scanning (ms): Min: 1.1, Avg: 1.1, Max: 1.2, Diff: 0.1, Sum: 2.3]
      [Update RS (ms): Min: 0.3, Avg: 0.3, Max: 0.3, Diff: 0.0, Sum: 0.7]
         [Processed Buffers: Min: 1, Avg: 3.0, Max: 5, Diff: 4, Sum: 6]
      [Scan RS (ms): Min: 0.0, Avg: 0.0, Max: 0.1, Diff: 0.1, Sum: 0.1]
      [Code Root Scanning (ms): Min: 0.0, Avg: 0.0, Max: 0.0, Diff: 0.0, Sum: 0.0]
      [Object Copy (ms): Min: 5.9, Avg: 5.9, Max: 6.0, Diff: 0.1, Sum: 11.8]
      [Termination (ms): Min: 0.0, Avg: 0.1, Max: 0.2, Diff: 0.2, Sum: 0.2]
      [GC Worker Other (ms): Min: 0.0, Avg: 0.0, Max: 0.0, Diff: 0.0, Sum: 0.1]
      [GC Worker Total (ms): Min: 7.5, Avg: 7.5, Max: 7.6, Diff: 0.1, Sum: 15.1]
      [GC Worker End (ms): Min: 65568.5, Avg: 65568.5, Max: 65568.5, Diff: 0.1]
   [Code Root Fixup: 0.0 ms]
   [Code Root Migration: 0.0 ms]
   [Clear CT: 0.0 ms]
   [Other: 0.3 ms]
      [Choose CSet: 0.0 ms]
      [Ref Proc: 0.1 ms]
      [Ref Enq: 0.0 ms]
      [Free CSet: 0.1 ms]
   [Eden: 9216.0K(9216.0K)->0.0B(66.0M) Survivors: 3072.0K->2048.0K Heap: 104.5M(256.0M)->98.5M(256.0M)]
 [Times: user=0.00 sys=0.00, real=0.01 secs] 
2014-07-10T16:13:34.694+0200: 65.678: [GC pause (young), 0.0437058 secs]
   [Parallel Time: 43.2 ms, GC Workers: 2]
      [GC Worker Start (ms): Min: 65677.8, Avg: 65677.8, Max: 65677.8, Diff: 0.0]
      [Ext Root Scanning (ms): Min: 1.0, Avg: 1.0, Max: 1.0, Diff: 0.0, Sum: 2.0]
      [Update RS (ms): Min: 0.3, Avg: 0.3, Max: 0.3, Diff: 0.0, Sum: 0.7]
         [Processed Buffers: Min: 1, Avg: 3.0, Max: 5, Diff: 4, Sum: 6]
      [Scan RS (ms): Min: 0.1, Avg: 0.1, Max: 0.1, Diff: 0.0, Sum: 0.2]
      [Code Root Scanning (ms): Min: 0.0, Avg: 0.0, Max: 0.1, Diff: 0.0, Sum: 0.1]
      [Object Copy (ms): Min: 41.7, Avg: 41.7, Max: 41.7, Diff: 0.0, Sum: 83.4]
      [Termination (ms): Min: 0.0, Avg: 0.0, Max: 0.0, Diff: 0.0, Sum: 0.0]
      [GC Worker Other (ms): Min: 0.0, Avg: 0.0, Max: 0.0, Diff: 0.0, Sum: 0.1]
      [GC Worker Total (ms): Min: 43.2, Avg: 43.2, Max: 43.2, Diff: 0.0, Sum: 86.4]
      [GC Worker End (ms): Min: 65721.0, Avg: 65721.0, Max: 65721.0, Diff: 0.0]
   [Code Root Fixup: 0.0 ms]
   [Code Root Migration: 0.0 ms]
   [Clear CT: 0.1 ms]
   [Other: 0.4 ms]
      [Choose CSet: 0.0 ms]
      [Ref Proc: 0.1 ms]
      [Ref Enq: 0.0 ms]
      [Free CSet: 0.1 ms]
   [Eden: 66.0M(66.0M)->0.0B(29.0M) Survivors: 2048.0K->9216.0K Heap: 164.5M(256.0M)->171.0M(256.0M)]
 [Times: user=0.09 sys=0.00, real=0.04 secs] 
2014-07-10T16:13:34.784+0200: 65.768: [GC pause (young) (initial-mark), 0.0202051 secs]
   [Parallel Time: 19.9 ms, GC Workers: 2]
      [GC Worker Start (ms): Min: 65767.9, Avg: 65767.9, Max: 65767.9, Diff: 0.0]
      [Ext Root Scanning (ms): Min: 1.1, Avg: 1.2, Max: 1.3, Diff: 0.2, Sum: 2.3]
      [Code Root Marking (ms): Min: 0.0, Avg: 0.1, Max: 0.1, Diff: 0.1, Sum: 0.1]
      [Update RS (ms): Min: 0.8, Avg: 0.9, Max: 0.9, Diff: 0.0, Sum: 1.7]
         [Processed Buffers: Min: 4, Avg: 5.0, Max: 6, Diff: 2, Sum: 10]
      [Scan RS (ms): Min: 0.0, Avg: 0.1, Max: 0.1, Diff: 0.0, Sum: 0.1]
      [Code Root Scanning (ms): Min: 0.0, Avg: 0.0, Max: 0.0, Diff: 0.0, Sum: 0.0]
      [Object Copy (ms): Min: 17.6, Avg: 17.7, Max: 17.7, Diff: 0.1, Sum: 35.3]
      [Termination (ms): Min: 0.0, Avg: 0.0, Max: 0.0, Diff: 0.0, Sum: 0.0]
      [GC Worker Other (ms): Min: 0.0, Avg: 0.0, Max: 0.0, Diff: 0.0, Sum: 0.1]
      [GC Worker Total (ms): Min: 19.8, Avg: 19.8, Max: 19.9, Diff: 0.0, Sum: 39.7]
      [GC Worker End (ms): Min: 65787.8, Avg: 65787.8, Max: 65787.8, Diff: 0.0]
   [Code Root Fixup: 0.0 ms]
   [Code Root Migration: 0.0 ms]
   [Clear CT: 0.0 ms]
   [Other: 0.3 ms]
      [Choose CSet: 0.0 ms]
      [Ref Proc: 0.0 ms]
      [Ref Enq: 0.0 ms]
      [Free CSet: 0.1 ms]
   [Eden: 29.0M(29.0M)->0.0B(18.0M) Survivors: 9216.0K->5120.0K Heap: 200.0M(256.0M)->192.0M(256.0M)]
 [Times: user=0.03 sys=0.00, real=0.02 secs] 
2014-07-10T16:13:34.804+0200: 65.788: [GC concurrent-root-region-scan-start]
2014-07-10T16:13:34.804+0200: 65.788: [GC concurrent-root-region-scan-end, 0.0000840 secs]
2014-07-10T16:13:34.804+0200: 65.788: [GC concurrent-mark-start]
2014-07-10T16:13:34.812+0200: 65.796: [GC concurrent-mark-end, 0.0033238 secs]
2014-07-10T16:13:34.813+0200: 65.797: [GC remark 2014-07-10T16:13:34.813+0200: 65.797: [GC ref-proc, 0.0000715 secs], 0.0021503 secs]
 [Times: user=0.00 sys=0.00, real=0.00 secs] 
2014-07-10T16:13:34.815+0200: 65.799: [GC cleanup 197M->94M(256M), 0.0014830 secs]
 [Times: user=0.00 sys=0.00, real=0.00 secs] 
2014-07-10T16:13:34.817+0200: 65.801: [GC concurrent-cleanup-start]
2014-07-10T16:13:34.817+0200: 65.801: [GC concurrent-cleanup-end, 0.0002398 secs]
2014-07-10T16:13:34.841+0200: 65.825: [GC pause (young), 0.0118097 secs]
   [Parallel Time: 11.5 ms, GC Workers: 2]
      [GC Worker Start (ms): Min: 65824.9, Avg: 65824.9, Max: 65824.9, Diff: 0.0]
      [Ext Root Scanning (ms): Min: 0.9, Avg: 1.0, Max: 1.1, Diff: 0.2, Sum: 2.0]
      [Update RS (ms): Min: 0.4, Avg: 0.4, Max: 0.5, Diff: 0.0, Sum: 0.9]
         [Processed Buffers: Min: 2, Avg: 3.0, Max: 4, Diff: 2, Sum: 6]
      [Scan RS (ms): Min: 0.0, Avg: 0.0, Max: 0.1, Diff: 0.1, Sum: 0.1]
      [Code Root Scanning (ms): Min: 0.0, Avg: 0.0, Max: 0.0, Diff: 0.0, Sum: 0.0]
      [Object Copy (ms): Min: 10.0, Avg: 10.0, Max: 10.0, Diff: 0.1, Sum: 20.0]
      [Termination (ms): Min: 0.0, Avg: 0.0, Max: 0.0, Diff: 0.0, Sum: 0.0]
      [GC Worker Other (ms): Min: 0.0, Avg: 0.0, Max: 0.0, Diff: 0.0, Sum: 0.0]
      [GC Worker Total (ms): Min: 11.5, Avg: 11.5, Max: 11.5, Diff: 0.0, Sum: 23.0]
      [GC Worker End (ms): Min: 65836.4, Avg: 65836.4, Max: 65836.4, Diff: 0.0]
   [Code Root Fixup: 0.0 ms]
   [Code Root Migration: 0.0 ms]
   [Clear CT: 0.0 ms]
   [Other: 0.2 ms]
      [Choose CSet: 0.0 ms]
      [Ref Proc: 0.0 ms]
      [Ref Enq: 0.0 ms]
      [Free CSet: 0.1 ms]
   [Eden: 18.0M(18.0M)->0.0B(9216.0K) Survivors: 5120.0K->3072.0K Heap: 107.0M(256.0M)->102.0M(256.0M)]
 [Times: user=0.00 sys=0.00, real=0.01 secs] 
2014-07-10T16:13:34.866+0200: 65.850: [GC pause (mixed), 0.0088775 secs]
   [Parallel Time: 8.5 ms, GC Workers: 2]
      [GC Worker Start (ms): Min: 65849.7, Avg: 65849.7, Max: 65849.7, Diff: 0.0]
      [Ext Root Scanning (ms): Min: 1.0, Avg: 1.0, Max: 1.0, Diff: 0.0, Sum: 2.1]
      [Update RS (ms): Min: 0.3, Avg: 0.3, Max: 0.3, Diff: 0.0, Sum: 0.6]
         [Processed Buffers: Min: 2, Avg: 3.0, Max: 4, Diff: 2, Sum: 6]
      [Scan RS (ms): Min: 0.0, Avg: 0.1, Max: 0.1, Diff: 0.0, Sum: 0.1]
      [Code Root Scanning (ms): Min: 0.0, Avg: 0.0, Max: 0.0, Diff: 0.0, Sum: 0.0]
      [Object Copy (ms): Min: 7.0, Avg: 7.1, Max: 7.1, Diff: 0.0, Sum: 14.1]
      [Termination (ms): Min: 0.0, Avg: 0.0, Max: 0.0, Diff: 0.0, Sum: 0.0]
      [GC Worker Other (ms): Min: 0.0, Avg: 0.0, Max: 0.0, Diff: 0.0, Sum: 0.0]
      [GC Worker Total (ms): Min: 8.5, Avg: 8.5, Max: 8.5, Diff: 0.0, Sum: 16.9]
      [GC Worker End (ms): Min: 65858.2, Avg: 65858.2, Max: 65858.2, Diff: 0.0]
   [Code Root Fixup: 0.0 ms]
   [Code Root Migration: 0.0 ms]
   [Clear CT: 0.0 ms]
   [Other: 0.3 ms]
      [Choose CSet: 0.0 ms]
      [Ref Proc: 0.1 ms]
      [Ref Enq: 0.0 ms]
      [Free CSet: 0.1 ms]
   [Eden: 9216.0K(9216.0K)->0.0B(68.0M) Survivors: 3072.0K->2048.0K Heap: 111.0M(256.0M)->100.5M(256.0M)]
 [Times: user=0.03 sys=0.00, real=0.01 secs] 
2014-07-10T16:13:34.987+0200: 65.971: [GC pause (young), 0.0454359 secs]
   [Parallel Time: 45.0 ms, GC Workers: 2]
      [GC Worker Start (ms): Min: 65971.1, Avg: 65971.1, Max: 65971.1, Diff: 0.0]
      [Ext Root Scanning (ms): Min: 1.2, Avg: 1.2, Max: 1.2, Diff: 0.1, Sum: 2.4]
      [Update RS (ms): Min: 0.3, Avg: 0.4, Max: 0.5, Diff: 0.2, Sum: 0.8]
         [Processed Buffers: Min: 1, Avg: 3.0, Max: 5, Diff: 4, Sum: 6]
      [Scan RS (ms): Min: 0.1, Avg: 0.1, Max: 0.1, Diff: 0.1, Sum: 0.2]
      [Code Root Scanning (ms): Min: 0.0, Avg: 0.0, Max: 0.1, Diff: 0.0, Sum: 0.1]
      [Object Copy (ms): Min: 43.1, Avg: 43.1, Max: 43.1, Diff: 0.0, Sum: 86.3]
      [Termination (ms): Min: 0.0, Avg: 0.0, Max: 0.0, Diff: 0.0, Sum: 0.0]
      [GC Worker Other (ms): Min: 0.0, Avg: 0.0, Max: 0.0, Diff: 0.0, Sum: 0.1]
      [GC Worker Total (ms): Min: 44.9, Avg: 44.9, Max: 44.9, Diff: 0.0, Sum: 89.8]
      [GC Worker End (ms): Min: 66016.1, Avg: 66016.1, Max: 66016.1, Diff: 0.0]
   [Code Root Fixup: 0.0 ms]
   [Code Root Migration: 0.0 ms]
   [Clear CT: 0.1 ms]
   [Other: 0.4 ms]
      [Choose CSet: 0.0 ms]
      [Ref Proc: 0.0 ms]
      [Ref Enq: 0.0 ms]
      [Free CSet: 0.1 ms]
   [Eden: 68.0M(68.0M)->0.0B(25.0M) Survivors: 2048.0K->9216.0K Heap: 168.5M(256.0M)->178.5M(256.0M)]
 [Times: user=0.09 sys=0.00, real=0.05 secs] 
2014-07-10T16:13:35.073+0200: 66.057: [GC pause (young) (initial-mark), 0.0184996 secs]
   [Parallel Time: 18.1 ms, GC Workers: 2]
      [GC Worker Start (ms): Min: 66056.9, Avg: 66056.9, Max: 66056.9, Diff: 0.0]
      [Ext Root Scanning (ms): Min: 0.9, Avg: 1.0, Max: 1.1, Diff: 0.2, Sum: 2.1]
      [Code Root Marking (ms): Min: 0.0, Avg: 0.1, Max: 0.1, Diff: 0.1, Sum: 0.1]
      [Update RS (ms): Min: 0.9, Avg: 1.0, Max: 1.0, Diff: 0.1, Sum: 1.9]
         [Processed Buffers: Min: 4, Avg: 4.5, Max: 5, Diff: 1, Sum: 9]
      [Scan RS (ms): Min: 0.0, Avg: 0.0, Max: 0.0, Diff: 0.0, Sum: 0.1]
      [Code Root Scanning (ms): Min: 0.0, Avg: 0.0, Max: 0.0, Diff: 0.0, Sum: 0.0]
      [Object Copy (ms): Min: 14.9, Avg: 15.5, Max: 16.2, Diff: 1.3, Sum: 31.1]
      [Termination (ms): Min: 0.0, Avg: 0.4, Max: 0.9, Diff: 0.9, Sum: 0.9]
      [GC Worker Other (ms): Min: 0.0, Avg: 0.0, Max: 0.0, Diff: 0.0, Sum: 0.0]
      [GC Worker Total (ms): Min: 18.1, Avg: 18.1, Max: 18.1, Diff: 0.0, Sum: 36.2]
      [GC Worker End (ms): Min: 66075.0, Avg: 66075.0, Max: 66075.0, Diff: 0.0]
   [Code Root Fixup: 0.0 ms]
   [Code Root Migration: 0.0 ms]
   [Clear CT: 0.0 ms]
   [Other: 0.3 ms]
      [Choose CSet: 0.0 ms]
      [Ref Proc: 0.0 ms]
      [Ref Enq: 0.0 ms]
      [Free CSet: 0.1 ms]
   [Eden: 25.0M(25.0M)->0.0B(17.0M) Survivors: 9216.0K->5120.0K Heap: 203.5M(256.0M)->195.0M(256.0M)]
 [Times: user=0.05 sys=0.00, real=0.02 secs] 
2014-07-10T16:13:35.092+0200: 66.076: [GC concurrent-root-region-scan-start]
2014-07-10T16:13:35.092+0200: 66.076: [GC concurrent-root-region-scan-end, 0.0000880 secs]
2014-07-10T16:13:35.092+0200: 66.076: [GC concurrent-mark-start]
2014-07-10T16:13:35.095+0200: 66.079: [GC concurrent-mark-end, 0.0032208 secs]
2014-07-10T16:13:35.096+0200: 66.080: [GC remark 2014-07-10T16:13:35.096+0200: 66.080: [GC ref-proc, 0.0000671 secs], 0.0010911 secs]
 [Times: user=0.00 sys=0.00, real=0.00 secs] 
2014-07-10T16:13:35.098+0200: 66.082: [GC cleanup 199M->89M(256M), 0.0008740 secs]
 [Times: user=0.00 sys=0.00, real=0.00 secs] 
2014-07-10T16:13:35.098+0200: 66.083: [GC concurrent-cleanup-start]
2014-07-10T16:13:35.099+0200: 66.083: [GC concurrent-cleanup-end, 0.0002801 secs]
2014-07-10T16:13:35.119+0200: 66.103: [GC pause (young), 0.0121382 secs]
   [Parallel Time: 11.9 ms, GC Workers: 2]
      [GC Worker Start (ms): Min: 66102.8, Avg: 66102.8, Max: 66102.8, Diff: 0.0]
      [Ext Root Scanning (ms): Min: 1.0, Avg: 1.0, Max: 1.0, Diff: 0.0, Sum: 2.1]
      [Update RS (ms): Min: 0.4, Avg: 0.4, Max: 0.4, Diff: 0.0, Sum: 0.8]
         [Processed Buffers: Min: 2, Avg: 3.5, Max: 5, Diff: 3, Sum: 7]
      [Scan RS (ms): Min: 0.0, Avg: 0.0, Max: 0.0, Diff: 0.0, Sum: 0.1]
      [Code Root Scanning (ms): Min: 0.0, Avg: 0.0, Max: 0.0, Diff: 0.0, Sum: 0.0]
      [Object Copy (ms): Min: 10.3, Avg: 10.3, Max: 10.3, Diff: 0.0, Sum: 20.6]
      [Termination (ms): Min: 0.0, Avg: 0.0, Max: 0.0, Diff: 0.0, Sum: 0.0]
      [GC Worker Other (ms): Min: 0.0, Avg: 0.0, Max: 0.0, Diff: 0.0, Sum: 0.1]
      [GC Worker Total (ms): Min: 11.8, Avg: 11.8, Max: 11.8, Diff: 0.0, Sum: 23.7]
      [GC Worker End (ms): Min: 66114.6, Avg: 66114.6, Max: 66114.6, Diff: 0.0]
   [Code Root Fixup: 0.0 ms]
   [Code Root Migration: 0.0 ms]
   [Clear CT: 0.0 ms]
   [Other: 0.2 ms]
      [Choose CSet: 0.0 ms]
      [Ref Proc: 0.0 ms]
      [Ref Enq: 0.0 ms]
      [Free CSet: 0.1 ms]
   [Eden: 17.0M(17.0M)->0.0B(9216.0K) Survivors: 5120.0K->3072.0K Heap: 102.0M(256.0M)->97.5M(256.0M)]
 [Times: user=0.03 sys=0.00, real=0.01 secs] 
2014-07-10T16:13:35.145+0200: 66.129: [GC pause (mixed), 0.0098571 secs]
   [Parallel Time: 9.5 ms, GC Workers: 2]
      [GC Worker Start (ms): Min: 66128.8, Avg: 66128.8, Max: 66128.8, Diff: 0.0]
      [Ext Root Scanning (ms): Min: 1.1, Avg: 1.1, Max: 1.1, Diff: 0.0, Sum: 2.2]
      [Update RS (ms): Min: 0.3, Avg: 0.3, Max: 0.3, Diff: 0.0, Sum: 0.6]
         [Processed Buffers: Min: 1, Avg: 3.0, Max: 5, Diff: 4, Sum: 6]
      [Scan RS (ms): Min: 0.1, Avg: 0.1, Max: 0.1, Diff: 0.0, Sum: 0.2]
      [Code Root Scanning (ms): Min: 0.0, Avg: 0.0, Max: 0.0, Diff: 0.0, Sum: 0.0]
      [Object Copy (ms): Min: 7.8, Avg: 7.9, Max: 7.9, Diff: 0.0, Sum: 15.7]
      [Termination (ms): Min: 0.0, Avg: 0.0, Max: 0.0, Diff: 0.0, Sum: 0.0]
      [GC Worker Other (ms): Min: 0.0, Avg: 0.0, Max: 0.0, Diff: 0.0, Sum: 0.1]
      [GC Worker Total (ms): Min: 9.4, Avg: 9.4, Max: 9.4, Diff: 0.0, Sum: 18.8]
      [GC Worker End (ms): Min: 66138.2, Avg: 66138.2, Max: 66138.2, Diff: 0.0]
   [Code Root Fixup: 0.0 ms]
   [Code Root Migration: 0.0 ms]
   [Clear CT: 0.1 ms]
   [Other: 0.3 ms]
      [Choose CSet: 0.0 ms]
      [Ref Proc: 0.0 ms]
      [Ref Enq: 0.0 ms]
      [Free CSet: 0.1 ms]
   [Eden: 9216.0K(9216.0K)->0.0B(67.0M) Survivors: 3072.0K->2048.0K Heap: 106.5M(256.0M)->97.5M(256.0M)]
 [Times: user=0.03 sys=0.00, real=0.01 secs] 
2014-07-10T16:13:35.265+0200: 66.249: [GC pause (young), 0.0447679 secs]
   [Parallel Time: 44.3 ms, GC Workers: 2]
      [GC Worker Start (ms): Min: 66249.1, Avg: 66249.1, Max: 66249.1, Diff: 0.0]
      [Ext Root Scanning (ms): Min: 1.1, Avg: 1.1, Max: 1.1, Diff: 0.0, Sum: 2.2]
      [Update RS (ms): Min: 0.4, Avg: 0.4, Max: 0.5, Diff: 0.0, Sum: 0.9]
         [Processed Buffers: Min: 2, Avg: 3.0, Max: 4, Diff: 2, Sum: 6]
      [Scan RS (ms): Min: 0.1, Avg: 0.1, Max: 0.1, Diff: 0.0, Sum: 0.2]
      [Code Root Scanning (ms): Min: 0.0, Avg: 0.0, Max: 0.0, Diff: 0.0, Sum: 0.1]
      [Object Copy (ms): Min: 42.5, Avg: 42.5, Max: 42.5, Diff: 0.0, Sum: 85.0]
      [Termination (ms): Min: 0.0, Avg: 0.0, Max: 0.0, Diff: 0.0, Sum: 0.0]
      [GC Worker Other (ms): Min: 0.0, Avg: 0.0, Max: 0.0, Diff: 0.0, Sum: 0.1]
      [GC Worker Total (ms): Min: 44.2, Avg: 44.3, Max: 44.3, Diff: 0.0, Sum: 88.5]
      [GC Worker End (ms): Min: 66293.3, Avg: 66293.3, Max: 66293.3, Diff: 0.0]
   [Code Root Fixup: 0.0 ms]
   [Code Root Migration: 0.0 ms]
   [Clear CT: 0.1 ms]
   [Other: 0.4 ms]
      [Choose CSet: 0.0 ms]
      [Ref Proc: 0.0 ms]
      [Ref Enq: 0.0 ms]
      [Free CSet: 0.1 ms]
   [Eden: 67.0M(67.0M)->0.0B(27.0M) Survivors: 2048.0K->9216.0K Heap: 164.5M(256.0M)->175.0M(256.0M)]
 [Times: user=0.09 sys=0.00, real=0.04 secs] 
2014-07-10T16:13:35.353+0200: 66.337: [GC pause (young) (initial-mark), 0.0187437 secs]
   [Parallel Time: 18.3 ms, GC Workers: 2]
      [GC Worker Start (ms): Min: 66336.8, Avg: 66336.8, Max: 66336.8, Diff: 0.0]
      [Ext Root Scanning (ms): Min: 1.0, Avg: 1.1, Max: 1.1, Diff: 0.0, Sum: 2.1]
      [Code Root Marking (ms): Min: 0.0, Avg: 0.1, Max: 0.1, Diff: 0.0, Sum: 0.1]
      [Update RS (ms): Min: 0.9, Avg: 0.9, Max: 0.9, Diff: 0.0, Sum: 1.8]
         [Processed Buffers: Min: 4, Avg: 4.5, Max: 5, Diff: 1, Sum: 9]
      [Scan RS (ms): Min: 0.0, Avg: 0.0, Max: 0.1, Diff: 0.0, Sum: 0.1]
      [Code Root Scanning (ms): Min: 0.0, Avg: 0.0, Max: 0.0, Diff: 0.0, Sum: 0.0]
      [Object Copy (ms): Min: 16.0, Avg: 16.0, Max: 16.0, Diff: 0.0, Sum: 32.1]
      [Termination (ms): Min: 0.0, Avg: 0.0, Max: 0.0, Diff: 0.0, Sum: 0.0]
      [GC Worker Other (ms): Min: 0.0, Avg: 0.1, Max: 0.1, Diff: 0.1, Sum: 0.1]
      [GC Worker Total (ms): Min: 18.2, Avg: 18.2, Max: 18.2, Diff: 0.1, Sum: 36.4]
      [GC Worker End (ms): Min: 66355.0, Avg: 66355.0, Max: 66355.0, Diff: 0.1]
   [Code Root Fixup: 0.0 ms]
   [Code Root Migration: 0.0 ms]
   [Clear CT: 0.0 ms]
   [Other: 0.4 ms]
      [Choose CSet: 0.0 ms]
      [Ref Proc: 0.2 ms]
      [Ref Enq: 0.0 ms]
      [Free CSet: 0.1 ms]
   [Eden: 27.0M(27.0M)->0.0B(18.0M) Survivors: 9216.0K->5120.0K Heap: 202.0M(256.0M)->193.5M(256.0M)]
 [Times: user=0.06 sys=0.00, real=0.02 secs] 
2014-07-10T16:13:35.372+0200: 66.356: [GC concurrent-root-region-scan-start]
2014-07-10T16:13:35.372+0200: 66.356: [GC concurrent-root-region-scan-end, 0.0001881 secs]
2014-07-10T16:13:35.372+0200: 66.356: [GC concurrent-mark-start]
2014-07-10T16:13:35.376+0200: 66.360: [GC concurrent-mark-end, 0.0039313 secs]
2014-07-10T16:13:35.376+0200: 66.360: [GC remark 2014-07-10T16:13:35.376+0200: 66.361: [GC ref-proc, 0.0000964 secs], 0.0010966 secs]
 [Times: user=0.00 sys=0.00, real=0.00 secs] 
2014-07-10T16:13:35.378+0200: 66.363: [GC cleanup 198M->92M(256M), 0.0009045 secs]
 [Times: user=0.00 sys=0.00, real=0.00 secs] 
2014-07-10T16:13:35.379+0200: 66.363: [GC concurrent-cleanup-start]
2014-07-10T16:13:35.380+0200: 66.364: [GC concurrent-cleanup-end, 0.0002387 secs]
2014-07-10T16:13:35.401+0200: 66.385: [GC pause (young), 0.0127193 secs]
   [Parallel Time: 12.4 ms, GC Workers: 2]
      [GC Worker Start (ms): Min: 66384.9, Avg: 66384.9, Max: 66384.9, Diff: 0.0]
      [Ext Root Scanning (ms): Min: 1.0, Avg: 1.0, Max: 1.1, Diff: 0.2, Sum: 2.1]
      [Update RS (ms): Min: 0.3, Avg: 0.4, Max: 0.5, Diff: 0.1, Sum: 0.8]
         [Processed Buffers: Min: 2, Avg: 3.5, Max: 5, Diff: 3, Sum: 7]
      [Scan RS (ms): Min: 0.0, Avg: 0.0, Max: 0.0, Diff: 0.0, Sum: 0.1]
      [Code Root Scanning (ms): Min: 0.0, Avg: 0.0, Max: 0.0, Diff: 0.0, Sum: 0.0]
      [Object Copy (ms): Min: 10.8, Avg: 10.8, Max: 10.8, Diff: 0.0, Sum: 21.5]
      [Termination (ms): Min: 0.0, Avg: 0.0, Max: 0.0, Diff: 0.0, Sum: 0.0]
      [GC Worker Other (ms): Min: 0.0, Avg: 0.0, Max: 0.0, Diff: 0.0, Sum: 0.1]
      [GC Worker Total (ms): Min: 12.3, Avg: 12.3, Max: 12.3, Diff: 0.0, Sum: 24.6]
      [GC Worker End (ms): Min: 66397.2, Avg: 66397.2, Max: 66397.2, Diff: 0.0]
   [Code Root Fixup: 0.0 ms]
   [Code Root Migration: 0.0 ms]
   [Clear CT: 0.0 ms]
   [Other: 0.3 ms]
      [Choose CSet: 0.0 ms]
      [Ref Proc: 0.1 ms]
      [Ref Enq: 0.0 ms]
      [Free CSet: 0.1 ms]
   [Eden: 18.0M(18.0M)->0.0B(9216.0K) Survivors: 5120.0K->3072.0K Heap: 105.5M(256.0M)->101.5M(256.0M)]
 [Times: user=0.03 sys=0.00, real=0.01 secs] 
2014-07-10T16:13:35.432+0200: 66.416: [GC pause (mixed), 0.0098681 secs]
   [Parallel Time: 9.5 ms, GC Workers: 2]
      [GC Worker Start (ms): Min: 66415.9, Avg: 66415.9, Max: 66415.9, Diff: 0.0]
      [Ext Root Scanning (ms): Min: 1.0, Avg: 1.0, Max: 1.0, Diff: 0.0, Sum: 2.0]
      [Update RS (ms): Min: 0.3, Avg: 0.3, Max: 0.3, Diff: 0.0, Sum: 0.6]
         [Processed Buffers: Min: 1, Avg: 2.5, Max: 4, Diff: 3, Sum: 5]
      [Scan RS (ms): Min: 0.1, Avg: 0.1, Max: 0.1, Diff: 0.0, Sum: 0.2]
      [Code Root Scanning (ms): Min: 0.0, Avg: 0.0, Max: 0.0, Diff: 0.0, Sum: 0.0]
      [Object Copy (ms): Min: 8.0, Avg: 8.0, Max: 8.0, Diff: 0.0, Sum: 16.0]
      [Termination (ms): Min: 0.0, Avg: 0.0, Max: 0.0, Diff: 0.0, Sum: 0.0]
      [GC Worker Other (ms): Min: 0.0, Avg: 0.0, Max: 0.0, Diff: 0.0, Sum: 0.1]
      [GC Worker Total (ms): Min: 9.4, Avg: 9.4, Max: 9.4, Diff: 0.0, Sum: 18.9]
      [GC Worker End (ms): Min: 66425.3, Avg: 66425.3, Max: 66425.3, Diff: 0.0]
   [Code Root Fixup: 0.0 ms]
   [Code Root Migration: 0.0 ms]
   [Clear CT: 0.0 ms]
   [Other: 0.3 ms]
      [Choose CSet: 0.0 ms]
      [Ref Proc: 0.1 ms]
      [Ref Enq: 0.0 ms]
      [Free CSet: 0.1 ms]
   [Eden: 9216.0K(9216.0K)->0.0B(68.0M) Survivors: 3072.0K->2048.0K Heap: 110.5M(256.0M)->100.5M(256.0M)]
 [Times: user=0.03 sys=0.00, real=0.01 secs] 
2014-07-10T16:13:35.555+0200: 66.539: [GC pause (young), 0.0453212 secs]
   [Parallel Time: 44.9 ms, GC Workers: 2]
      [GC Worker Start (ms): Min: 66538.9, Avg: 66538.9, Max: 66538.9, Diff: 0.0]
      [Ext Root Scanning (ms): Min: 1.0, Avg: 1.0, Max: 1.1, Diff: 0.1, Sum: 2.0]
      [Update RS (ms): Min: 0.4, Avg: 0.4, Max: 0.4, Diff: 0.0, Sum: 0.8]
         [Processed Buffers: Min: 1, Avg: 3.0, Max: 5, Diff: 4, Sum: 6]
      [Scan RS (ms): Min: 0.1, Avg: 0.1, Max: 0.1, Diff: 0.0, Sum: 0.2]
      [Code Root Scanning (ms): Min: 0.0, Avg: 0.0, Max: 0.1, Diff: 0.0, Sum: 0.1]
      [Object Copy (ms): Min: 43.2, Avg: 43.2, Max: 43.2, Diff: 0.0, Sum: 86.5]
      [Termination (ms): Min: 0.0, Avg: 0.0, Max: 0.0, Diff: 0.0, Sum: 0.0]
      [GC Worker Other (ms): Min: 0.0, Avg: 0.0, Max: 0.0, Diff: 0.0, Sum: 0.1]
      [GC Worker Total (ms): Min: 44.8, Avg: 44.8, Max: 44.8, Diff: 0.0, Sum: 89.7]
      [GC Worker End (ms): Min: 66583.7, Avg: 66583.7, Max: 66583.7, Diff: 0.0]
   [Code Root Fixup: 0.0 ms]
   [Code Root Migration: 0.0 ms]
   [Clear CT: 0.1 ms]
   [Other: 0.4 ms]
      [Choose CSet: 0.0 ms]
      [Ref Proc: 0.0 ms]
      [Ref Enq: 0.0 ms]
      [Free CSet: 0.1 ms]
   [Eden: 68.0M(68.0M)->0.0B(27.0M) Survivors: 2048.0K->9216.0K Heap: 168.5M(256.0M)->175.5M(256.0M)]
 [Times: user=0.08 sys=0.00, real=0.04 secs] 
2014-07-10T16:13:35.644+0200: 66.628: [GC pause (young) (initial-mark), 0.0189219 secs]
   [Parallel Time: 18.5 ms, GC Workers: 2]
      [GC Worker Start (ms): Min: 66628.1, Avg: 66628.1, Max: 66628.1, Diff: 0.0]
      [Ext Root Scanning (ms): Min: 1.1, Avg: 1.1, Max: 1.2, Diff: 0.0, Sum: 2.3]
      [Code Root Marking (ms): Min: 0.0, Avg: 0.1, Max: 0.1, Diff: 0.1, Sum: 0.1]
      [Update RS (ms): Min: 0.9, Avg: 0.9, Max: 0.9, Diff: 0.0, Sum: 1.9]
         [Processed Buffers: Min: 4, Avg: 4.5, Max: 5, Diff: 1, Sum: 9]
      [Scan RS (ms): Min: 0.0, Avg: 0.0, Max: 0.1, Diff: 0.0, Sum: 0.1]
      [Code Root Scanning (ms): Min: 0.0, Avg: 0.0, Max: 0.0, Diff: 0.0, Sum: 0.0]
      [Object Copy (ms): Min: 16.2, Avg: 16.2, Max: 16.2, Diff: 0.0, Sum: 32.4]
      [Termination (ms): Min: 0.0, Avg: 0.0, Max: 0.0, Diff: 0.0, Sum: 0.0]
      [GC Worker Other (ms): Min: 0.0, Avg: 0.0, Max: 0.0, Diff: 0.0, Sum: 0.1]
      [GC Worker Total (ms): Min: 18.5, Avg: 18.5, Max: 18.5, Diff: 0.0, Sum: 36.9]
      [GC Worker End (ms): Min: 66646.5, Avg: 66646.5, Max: 66646.5, Diff: 0.0]
   [Code Root Fixup: 0.1 ms]
   [Code Root Migration: 0.0 ms]
   [Clear CT: 0.0 ms]
   [Other: 0.3 ms]
      [Choose CSet: 0.0 ms]
      [Ref Proc: 0.0 ms]
      [Ref Enq: 0.0 ms]
      [Free CSet: 0.1 ms]
   [Eden: 27.0M(27.0M)->0.0B(18.0M) Survivors: 9216.0K->5120.0K Heap: 202.5M(256.0M)->193.5M(256.0M)]
 [Times: user=0.03 sys=0.00, real=0.02 secs] 
2014-07-10T16:13:35.663+0200: 66.647: [GC concurrent-root-region-scan-start]
2014-07-10T16:13:35.663+0200: 66.647: [GC concurrent-root-region-scan-end, 0.0001118 secs]
2014-07-10T16:13:35.663+0200: 66.647: [GC concurrent-mark-start]
2014-07-10T16:13:35.667+0200: 66.651: [GC concurrent-mark-end, 0.0033730 secs]
2014-07-10T16:13:35.667+0200: 66.651: [GC remark 2014-07-10T16:13:35.667+0200: 66.651: [GC ref-proc, 0.0000675 secs], 0.0011387 secs]
 [Times: user=0.03 sys=0.00, real=0.00 secs] 
2014-07-10T16:13:35.670+0200: 66.654: [GC cleanup 197M->91M(256M), 0.0009459 secs]
 [Times: user=0.00 sys=0.00, real=0.00 secs] 
2014-07-10T16:13:35.671+0200: 66.655: [GC concurrent-cleanup-start]
2014-07-10T16:13:35.671+0200: 66.655: [GC concurrent-cleanup-end, 0.0001837 secs]
2014-07-10T16:13:35.694+0200: 66.678: [GC pause (young), 0.0127560 secs]
   [Parallel Time: 12.4 ms, GC Workers: 2]
      [GC Worker Start (ms): Min: 66677.8, Avg: 66677.8, Max: 66677.8, Diff: 0.0]
      [Ext Root Scanning (ms): Min: 1.0, Avg: 1.0, Max: 1.1, Diff: 0.1, Sum: 2.1]
      [Update RS (ms): Min: 0.4, Avg: 0.4, Max: 0.4, Diff: 0.0, Sum: 0.8]
         [Processed Buffers: Min: 2, Avg: 4.0, Max: 6, Diff: 4, Sum: 8]
      [Scan RS (ms): Min: 0.0, Avg: 0.0, Max: 0.1, Diff: 0.1, Sum: 0.1]
      [Code Root Scanning (ms): Min: 0.0, Avg: 0.0, Max: 0.0, Diff: 0.0, Sum: 0.0]
      [Object Copy (ms): Min: 10.8, Avg: 10.8, Max: 10.8, Diff: 0.0, Sum: 21.6]
      [Termination (ms): Min: 0.0, Avg: 0.0, Max: 0.0, Diff: 0.0, Sum: 0.0]
      [GC Worker Other (ms): Min: 0.0, Avg: 0.0, Max: 0.0, Diff: 0.0, Sum: 0.0]
      [GC Worker Total (ms): Min: 12.3, Avg: 12.3, Max: 12.4, Diff: 0.0, Sum: 24.7]
      [GC Worker End (ms): Min: 66690.2, Avg: 66690.2, Max: 66690.2, Diff: 0.0]
   [Code Root Fixup: 0.0 ms]
   [Code Root Migration: 0.0 ms]
   [Clear CT: 0.0 ms]
   [Other: 0.3 ms]
      [Choose CSet: 0.0 ms]
      [Ref Proc: 0.1 ms]
      [Ref Enq: 0.0 ms]
      [Free CSet: 0.1 ms]
   [Eden: 18.0M(18.0M)->0.0B(9216.0K) Survivors: 5120.0K->3072.0K Heap: 105.5M(256.0M)->101.5M(256.0M)]
 [Times: user=0.03 sys=0.00, real=0.01 secs] 
2014-07-10T16:13:35.720+0200: 66.704: [GC pause (mixed), 0.0092331 secs]
   [Parallel Time: 8.9 ms, GC Workers: 2]
      [GC Worker Start (ms): Min: 66704.0, Avg: 66704.0, Max: 66704.0, Diff: 0.0]
      [Ext Root Scanning (ms): Min: 1.1, Avg: 1.1, Max: 1.1, Diff: 0.0, Sum: 2.3]
      [Update RS (ms): Min: 0.3, Avg: 0.3, Max: 0.3, Diff: 0.0, Sum: 0.6]
         [Processed Buffers: Min: 2, Avg: 3.0, Max: 4, Diff: 2, Sum: 6]
      [Scan RS (ms): Min: 0.1, Avg: 0.1, Max: 0.1, Diff: 0.0, Sum: 0.2]
      [Code Root Scanning (ms): Min: 0.0, Avg: 0.0, Max: 0.0, Diff: 0.0, Sum: 0.0]
      [Object Copy (ms): Min: 7.2, Avg: 7.2, Max: 7.2, Diff: 0.0, Sum: 14.5]
      [Termination (ms): Min: 0.0, Avg: 0.0, Max: 0.0, Diff: 0.0, Sum: 0.0]
      [GC Worker Other (ms): Min: 0.0, Avg: 0.0, Max: 0.0, Diff: 0.0, Sum: 0.1]
      [GC Worker Total (ms): Min: 8.8, Avg: 8.8, Max: 8.8, Diff: 0.0, Sum: 17.7]
      [GC Worker End (ms): Min: 66712.8, Avg: 66712.8, Max: 66712.8, Diff: 0.0]
   [Code Root Fixup: 0.0 ms]
   [Code Root Migration: 0.0 ms]
   [Clear CT: 0.1 ms]
   [Other: 0.3 ms]
      [Choose CSet: 0.0 ms]
      [Ref Proc: 0.0 ms]
      [Ref Enq: 0.0 ms]
      [Free CSet: 0.1 ms]
   [Eden: 9216.0K(9216.0K)->0.0B(68.0M) Survivors: 3072.0K->2048.0K Heap: 110.5M(256.0M)->97.5M(256.0M)]
 [Times: user=0.00 sys=0.00, real=0.01 secs] 
2014-07-10T16:13:35.841+0200: 66.825: [GC pause (young), 0.0454447 secs]
   [Parallel Time: 45.0 ms, GC Workers: 2]
      [GC Worker Start (ms): Min: 66824.9, Avg: 66824.9, Max: 66824.9, Diff: 0.0]
      [Ext Root Scanning (ms): Min: 1.1, Avg: 1.2, Max: 1.2, Diff: 0.1, Sum: 2.3]
      [Update RS (ms): Min: 0.4, Avg: 0.4, Max: 0.5, Diff: 0.1, Sum: 0.8]
         [Processed Buffers: Min: 2, Avg: 2.5, Max: 3, Diff: 1, Sum: 5]
      [Scan RS (ms): Min: 0.1, Avg: 0.1, Max: 0.1, Diff: 0.0, Sum: 0.2]
      [Code Root Scanning (ms): Min: 0.0, Avg: 0.0, Max: 0.0, Diff: 0.0, Sum: 0.1]
      [Object Copy (ms): Min: 43.2, Avg: 43.2, Max: 43.2, Diff: 0.0, Sum: 86.4]
      [Termination (ms): Min: 0.0, Avg: 0.0, Max: 0.0, Diff: 0.0, Sum: 0.0]
      [GC Worker Other (ms): Min: 0.0, Avg: 0.0, Max: 0.0, Diff: 0.0, Sum: 0.1]
      [GC Worker Total (ms): Min: 45.0, Avg: 45.0, Max: 45.0, Diff: 0.0, Sum: 90.0]
      [GC Worker End (ms): Min: 66869.9, Avg: 66869.9, Max: 66869.9, Diff: 0.0]
   [Code Root Fixup: 0.0 ms]
   [Code Root Migration: 0.0 ms]
   [Clear CT: 0.1 ms]
   [Other: 0.4 ms]
      [Choose CSet: 0.0 ms]
      [Ref Proc: 0.0 ms]
      [Ref Enq: 0.0 ms]
      [Free CSet: 0.1 ms]
   [Eden: 68.0M(68.0M)->0.0B(28.0M) Survivors: 2048.0K->9216.0K Heap: 165.5M(256.0M)->173.5M(256.0M)]
 [Times: user=0.09 sys=0.00, real=0.04 secs] 
2014-07-10T16:13:35.932+0200: 66.916: [GC pause (young) (initial-mark), 0.0200533 secs]
   [Parallel Time: 19.7 ms, GC Workers: 2]
      [GC Worker Start (ms): Min: 66916.0, Avg: 66916.0, Max: 66916.0, Diff: 0.0]
      [Ext Root Scanning (ms): Min: 1.0, Avg: 1.0, Max: 1.0, Diff: 0.0, Sum: 2.0]
      [Code Root Marking (ms): Min: 0.0, Avg: 0.1, Max: 0.1, Diff: 0.0, Sum: 0.1]
      [Update RS (ms): Min: 0.9, Avg: 0.9, Max: 0.9, Diff: 0.0, Sum: 1.8]
         [Processed Buffers: Min: 4, Avg: 4.5, Max: 5, Diff: 1, Sum: 9]
      [Scan RS (ms): Min: 0.0, Avg: 0.0, Max: 0.0, Diff: 0.0, Sum: 0.1]
      [Code Root Scanning (ms): Min: 0.0, Avg: 0.0, Max: 0.0, Diff: 0.0, Sum: 0.0]
      [Object Copy (ms): Min: 17.5, Avg: 17.5, Max: 17.5, Diff: 0.0, Sum: 35.0]
      [Termination (ms): Min: 0.0, Avg: 0.0, Max: 0.0, Diff: 0.0, Sum: 0.0]
      [GC Worker Other (ms): Min: 0.0, Avg: 0.0, Max: 0.0, Diff: 0.0, Sum: 0.1]
      [GC Worker Total (ms): Min: 19.5, Avg: 19.5, Max: 19.5, Diff: 0.0, Sum: 39.1]
      [GC Worker End (ms): Min: 66935.5, Avg: 66935.5, Max: 66935.5, Diff: 0.0]
   [Code Root Fixup: 0.0 ms]
   [Code Root Migration: 0.0 ms]
   [Clear CT: 0.0 ms]
   [Other: 0.3 ms]
      [Choose CSet: 0.0 ms]
      [Ref Proc: 0.0 ms]
      [Ref Enq: 0.0 ms]
      [Free CSet: 0.1 ms]
   [Eden: 28.0M(28.0M)->0.0B(18.0M) Survivors: 9216.0K->5120.0K Heap: 201.5M(256.0M)->193.5M(256.0M)]
 [Times: user=0.05 sys=0.00, real=0.02 secs] 
2014-07-10T16:13:35.952+0200: 66.936: [GC concurrent-root-region-scan-start]
2014-07-10T16:13:35.952+0200: 66.936: [GC concurrent-root-region-scan-end, 0.0000876 secs]
2014-07-10T16:13:35.952+0200: 66.936: [GC concurrent-mark-start]
2014-07-10T16:13:35.957+0200: 66.941: [GC concurrent-mark-end, 0.0034503 secs]
2014-07-10T16:13:35.960+0200: 66.944: [GC remark 2014-07-10T16:13:35.960+0200: 66.944: [GC ref-proc, 0.0000664 secs], 0.0014042 secs]
 [Times: user=0.00 sys=0.00, real=0.00 secs] 
2014-07-10T16:13:35.962+0200: 66.946: [GC cleanup 195M->90M(256M), 0.0008333 secs]
 [Times: user=0.00 sys=0.00, real=0.00 secs] 
2014-07-10T16:13:35.963+0200: 66.947: [GC concurrent-cleanup-start]
2014-07-10T16:13:35.963+0200: 66.947: [GC concurrent-cleanup-end, 0.0002148 secs]
2014-07-10T16:13:35.987+0200: 66.971: [GC pause (young), 0.0124935 secs]
   [Parallel Time: 11.9 ms, GC Workers: 2]
      [GC Worker Start (ms): Min: 66971.0, Avg: 66971.0, Max: 66971.0, Diff: 0.0]
      [Ext Root Scanning (ms): Min: 1.0, Avg: 1.0, Max: 1.1, Diff: 0.0, Sum: 2.1]
      [Update RS (ms): Min: 0.4, Avg: 0.4, Max: 0.5, Diff: 0.1, Sum: 0.9]
         [Processed Buffers: Min: 2, Avg: 3.0, Max: 4, Diff: 2, Sum: 6]
      [Scan RS (ms): Min: 0.0, Avg: 0.0, Max: 0.1, Diff: 0.1, Sum: 0.1]
      [Code Root Scanning (ms): Min: 0.0, Avg: 0.0, Max: 0.0, Diff: 0.0, Sum: 0.0]
      [Object Copy (ms): Min: 10.3, Avg: 10.3, Max: 10.3, Diff: 0.0, Sum: 20.7]
      [Termination (ms): Min: 0.0, Avg: 0.0, Max: 0.0, Diff: 0.0, Sum: 0.0]
      [GC Worker Other (ms): Min: 0.0, Avg: 0.0, Max: 0.0, Diff: 0.0, Sum: 0.0]
      [GC Worker Total (ms): Min: 11.9, Avg: 11.9, Max: 11.9, Diff: 0.0, Sum: 23.8]
      [GC Worker End (ms): Min: 66982.9, Avg: 66982.9, Max: 66982.9, Diff: 0.0]
   [Code Root Fixup: 0.0 ms]
   [Code Root Migration: 0.0 ms]
   [Clear CT: 0.3 ms]
   [Other: 0.3 ms]
      [Choose CSet: 0.0 ms]
      [Ref Proc: 0.1 ms]
      [Ref Enq: 0.0 ms]
      [Free CSet: 0.1 ms]
   [Eden: 18.0M(18.0M)->0.0B(9216.0K) Survivors: 5120.0K->3072.0K Heap: 106.5M(256.0M)->101.5M(256.0M)]
 [Times: user=0.03 sys=0.00, real=0.01 secs] 
2014-07-10T16:13:36.014+0200: 66.998: [GC pause (mixed), 0.0103025 secs]
   [Parallel Time: 9.9 ms, GC Workers: 2]
      [GC Worker Start (ms): Min: 66997.9, Avg: 66997.9, Max: 66997.9, Diff: 0.0]
      [Ext Root Scanning (ms): Min: 1.0, Avg: 1.1, Max: 1.1, Diff: 0.1, Sum: 2.1]
      [Update RS (ms): Min: 0.3, Avg: 0.3, Max: 0.3, Diff: 0.0, Sum: 0.6]
         [Processed Buffers: Min: 2, Avg: 3.0, Max: 4, Diff: 2, Sum: 6]
      [Scan RS (ms): Min: 0.1, Avg: 0.1, Max: 0.1, Diff: 0.0, Sum: 0.2]
      [Code Root Scanning (ms): Min: 0.0, Avg: 0.0, Max: 0.0, Diff: 0.0, Sum: 0.0]
      [Object Copy (ms): Min: 8.2, Avg: 8.2, Max: 8.2, Diff: 0.0, Sum: 16.3]
      [Termination (ms): Min: 0.0, Avg: 0.0, Max: 0.0, Diff: 0.0, Sum: 0.0]
      [GC Worker Other (ms): Min: 0.0, Avg: 0.1, Max: 0.2, Diff: 0.1, Sum: 0.2]
      [GC Worker Total (ms): Min: 9.7, Avg: 9.8, Max: 9.8, Diff: 0.2, Sum: 19.5]
      [GC Worker End (ms): Min: 67007.6, Avg: 67007.7, Max: 67007.8, Diff: 0.2]
   [Code Root Fixup: 0.0 ms]
   [Code Root Migration: 0.0 ms]
   [Clear CT: 0.1 ms]
   [Other: 0.3 ms]
      [Choose CSet: 0.0 ms]
      [Ref Proc: 0.1 ms]
      [Ref Enq: 0.0 ms]
      [Free CSet: 0.1 ms]
   [Eden: 9216.0K(9216.0K)->0.0B(69.0M) Survivors: 3072.0K->2048.0K Heap: 110.5M(256.0M)->100.5M(256.0M)]
 [Times: user=0.00 sys=0.00, real=0.01 secs] 
2014-07-10T16:13:36.137+0200: 67.121: [GC pause (young), 0.0457648 secs]
   [Parallel Time: 45.3 ms, GC Workers: 2]
      [GC Worker Start (ms): Min: 67121.3, Avg: 67121.3, Max: 67121.3, Diff: 0.0]
      [Ext Root Scanning (ms): Min: 1.1, Avg: 1.1, Max: 1.1, Diff: 0.0, Sum: 2.1]
      [Update RS (ms): Min: 0.4, Avg: 0.5, Max: 0.5, Diff: 0.1, Sum: 0.9]
         [Processed Buffers: Min: 2, Avg: 3.0, Max: 4, Diff: 2, Sum: 6]
      [Scan RS (ms): Min: 0.1, Avg: 0.1, Max: 0.1, Diff: 0.0, Sum: 0.2]
      [Code Root Scanning (ms): Min: 0.0, Avg: 0.0, Max: 0.0, Diff: 0.0, Sum: 0.1]
      [Object Copy (ms): Min: 43.5, Avg: 43.5, Max: 43.6, Diff: 0.1, Sum: 87.1]
      [Termination (ms): Min: 0.0, Avg: 0.0, Max: 0.0, Diff: 0.0, Sum: 0.0]
      [GC Worker Other (ms): Min: 0.0, Avg: 0.0, Max: 0.0, Diff: 0.0, Sum: 0.1]
      [GC Worker Total (ms): Min: 45.2, Avg: 45.2, Max: 45.2, Diff: 0.0, Sum: 90.5]
      [GC Worker End (ms): Min: 67166.6, Avg: 67166.6, Max: 67166.6, Diff: 0.0]
   [Code Root Fixup: 0.0 ms]
   [Code Root Migration: 0.0 ms]
   [Clear CT: 0.1 ms]
   [Other: 0.4 ms]
      [Choose CSet: 0.0 ms]
      [Ref Proc: 0.0 ms]
      [Ref Enq: 0.0 ms]
      [Free CSet: 0.1 ms]
   [Eden: 69.0M(69.0M)->0.0B(25.0M) Survivors: 2048.0K->9216.0K Heap: 169.5M(256.0M)->178.0M(256.0M)]
 [Times: user=0.06 sys=0.03, real=0.05 secs] 
2014-07-10T16:13:36.223+0200: 67.207: [GC pause (young) (initial-mark), 0.0151222 secs]
   [Parallel Time: 14.6 ms, GC Workers: 2]
      [GC Worker Start (ms): Min: 67207.1, Avg: 67207.1, Max: 67207.1, Diff: 0.0]
      [Ext Root Scanning (ms): Min: 1.3, Avg: 1.4, Max: 1.4, Diff: 0.0, Sum: 2.7]
      [Code Root Marking (ms): Min: 0.0, Avg: 0.1, Max: 0.1, Diff: 0.0, Sum: 0.1]
      [Update RS (ms): Min: 0.9, Avg: 0.9, Max: 0.9, Diff: 0.0, Sum: 1.9]
         [Processed Buffers: Min: 4, Avg: 5.0, Max: 6, Diff: 2, Sum: 10]
      [Scan RS (ms): Min: 0.0, Avg: 0.0, Max: 0.1, Diff: 0.0, Sum: 0.1]
      [Code Root Scanning (ms): Min: 0.0, Avg: 0.0, Max: 0.0, Diff: 0.0, Sum: 0.0]
      [Object Copy (ms): Min: 12.2, Avg: 12.2, Max: 12.2, Diff: 0.0, Sum: 24.3]
      [Termination (ms): Min: 0.0, Avg: 0.0, Max: 0.0, Diff: 0.0, Sum: 0.0]
      [GC Worker Other (ms): Min: 0.0, Avg: 0.0, Max: 0.0, Diff: 0.0, Sum: 0.0]
      [GC Worker Total (ms): Min: 14.6, Avg: 14.6, Max: 14.6, Diff: 0.0, Sum: 29.2]
      [GC Worker End (ms): Min: 67221.7, Avg: 67221.7, Max: 67221.7, Diff: 0.0]
   [Code Root Fixup: 0.0 ms]
   [Code Root Migration: 0.0 ms]
   [Clear CT: 0.1 ms]
   [Other: 0.4 ms]
      [Choose CSet: 0.0 ms]
      [Ref Proc: 0.1 ms]
      [Ref Enq: 0.0 ms]
      [Free CSet: 0.1 ms]
   [Eden: 25.0M(25.0M)->0.0B(19.0M) Survivors: 9216.0K->5120.0K Heap: 203.0M(256.0M)->190.5M(256.0M)]
 [Times: user=0.03 sys=0.00, real=0.01 secs] 
2014-07-10T16:13:36.238+0200: 67.222: [GC concurrent-root-region-scan-start]
2014-07-10T16:13:36.238+0200: 67.223: [GC concurrent-root-region-scan-end, 0.0000891 secs]
2014-07-10T16:13:36.238+0200: 67.223: [GC concurrent-mark-start]
2014-07-10T16:13:36.243+0200: 67.227: [GC concurrent-mark-end, 0.0041803 secs]
2014-07-10T16:13:36.243+0200: 67.227: [GC remark 2014-07-10T16:13:36.243+0200: 67.227: [GC ref-proc, 0.0000649 secs], 0.0010581 secs]
 [Times: user=0.00 sys=0.00, real=0.00 secs] 
2014-07-10T16:13:36.244+0200: 67.228: [GC cleanup 193M->84M(256M), 0.0009298 secs]
 [Times: user=0.00 sys=0.03, real=0.00 secs] 
2014-07-10T16:13:36.245+0200: 67.229: [GC concurrent-cleanup-start]
2014-07-10T16:13:36.245+0200: 67.229: [GC concurrent-cleanup-end, 0.0002328 secs]
2014-07-10T16:13:36.269+0200: 67.253: [GC pause (young), 0.0136073 secs]
   [Parallel Time: 13.2 ms, GC Workers: 2]
      [GC Worker Start (ms): Min: 67253.1, Avg: 67253.1, Max: 67253.1, Diff: 0.0]
      [Ext Root Scanning (ms): Min: 1.2, Avg: 1.2, Max: 1.2, Diff: 0.0, Sum: 2.4]
      [Update RS (ms): Min: 0.3, Avg: 0.4, Max: 0.4, Diff: 0.0, Sum: 0.7]
         [Processed Buffers: Min: 2, Avg: 3.0, Max: 4, Diff: 2, Sum: 6]
      [Scan RS (ms): Min: 0.0, Avg: 0.0, Max: 0.0, Diff: 0.0, Sum: 0.1]
      [Code Root Scanning (ms): Min: 0.0, Avg: 0.0, Max: 0.0, Diff: 0.0, Sum: 0.0]
      [Object Copy (ms): Min: 11.5, Avg: 11.5, Max: 11.5, Diff: 0.0, Sum: 23.0]
      [Termination (ms): Min: 0.0, Avg: 0.0, Max: 0.0, Diff: 0.0, Sum: 0.0]
      [GC Worker Other (ms): Min: 0.0, Avg: 0.0, Max: 0.0, Diff: 0.0, Sum: 0.1]
      [GC Worker Total (ms): Min: 13.1, Avg: 13.1, Max: 13.1, Diff: 0.0, Sum: 26.3]
      [GC Worker End (ms): Min: 67266.2, Avg: 67266.2, Max: 67266.2, Diff: 0.0]
   [Code Root Fixup: 0.0 ms]
   [Code Root Migration: 0.0 ms]
   [Clear CT: 0.0 ms]
   [Other: 0.3 ms]
      [Choose CSet: 0.0 ms]
      [Ref Proc: 0.1 ms]
      [Ref Enq: 0.0 ms]
      [Free CSet: 0.1 ms]
   [Eden: 19.0M(19.0M)->0.0B(9216.0K) Survivors: 5120.0K->3072.0K Heap: 100.5M(256.0M)->96.5M(256.0M)]
 [Times: user=0.03 sys=0.00, real=0.01 secs] 
2014-07-10T16:13:36.297+0200: 67.281: [GC pause (mixed), 0.0097332 secs]
   [Parallel Time: 9.3 ms, GC Workers: 2]
      [GC Worker Start (ms): Min: 67281.0, Avg: 67281.0, Max: 67281.0, Diff: 0.0]
      [Ext Root Scanning (ms): Min: 1.1, Avg: 1.1, Max: 1.1, Diff: 0.0, Sum: 2.2]
      [Update RS (ms): Min: 0.3, Avg: 0.3, Max: 0.3, Diff: 0.0, Sum: 0.6]
         [Processed Buffers: Min: 3, Avg: 3.0, Max: 3, Diff: 0, Sum: 6]
      [Scan RS (ms): Min: 0.1, Avg: 0.1, Max: 0.1, Diff: 0.0, Sum: 0.2]
      [Code Root Scanning (ms): Min: 0.0, Avg: 0.0, Max: 0.0, Diff: 0.0, Sum: 0.0]
      [Object Copy (ms): Min: 7.7, Avg: 7.7, Max: 7.7, Diff: 0.0, Sum: 15.4]
      [Termination (ms): Min: 0.0, Avg: 0.0, Max: 0.0, Diff: 0.0, Sum: 0.0]
      [GC Worker Other (ms): Min: 0.0, Avg: 0.0, Max: 0.0, Diff: 0.0, Sum: 0.1]
      [GC Worker Total (ms): Min: 9.2, Avg: 9.3, Max: 9.3, Diff: 0.0, Sum: 18.5]
      [GC Worker End (ms): Min: 67290.3, Avg: 67290.3, Max: 67290.3, Diff: 0.0]
   [Code Root Fixup: 0.0 ms]
   [Code Root Migration: 0.0 ms]
   [Clear CT: 0.1 ms]
   [Other: 0.4 ms]
      [Choose CSet: 0.0 ms]
      [Ref Proc: 0.0 ms]
      [Ref Enq: 0.0 ms]
      [Free CSet: 0.1 ms]
   [Eden: 9216.0K(9216.0K)->0.0B(73.0M) Survivors: 3072.0K->2048.0K Heap: 105.5M(256.0M)->92.5M(256.0M)]
 [Times: user=0.01 sys=0.00, real=0.01 secs] 
2014-07-10T16:13:36.428+0200: 67.412: [GC pause (young), 0.0486351 secs]
   [Parallel Time: 48.1 ms, GC Workers: 2]
      [GC Worker Start (ms): Min: 67412.2, Avg: 67412.2, Max: 67412.2, Diff: 0.0]
      [Ext Root Scanning (ms): Min: 1.1, Avg: 1.2, Max: 1.2, Diff: 0.1, Sum: 2.3]
      [Update RS (ms): Min: 0.5, Avg: 0.5, Max: 0.5, Diff: 0.0, Sum: 1.0]
         [Processed Buffers: Min: 2, Avg: 2.5, Max: 3, Diff: 1, Sum: 5]
      [Scan RS (ms): Min: 0.1, Avg: 0.1, Max: 0.1, Diff: 0.0, Sum: 0.2]
      [Code Root Scanning (ms): Min: 0.0, Avg: 0.0, Max: 0.1, Diff: 0.0, Sum: 0.1]
      [Object Copy (ms): Min: 46.3, Avg: 46.3, Max: 46.3, Diff: 0.0, Sum: 92.5]
      [Termination (ms): Min: 0.0, Avg: 0.0, Max: 0.0, Diff: 0.0, Sum: 0.0]
      [GC Worker Other (ms): Min: 0.0, Avg: 0.0, Max: 0.0, Diff: 0.0, Sum: 0.1]
      [GC Worker Total (ms): Min: 48.1, Avg: 48.1, Max: 48.1, Diff: 0.0, Sum: 96.2]
      [GC Worker End (ms): Min: 67460.3, Avg: 67460.3, Max: 67460.3, Diff: 0.0]
   [Code Root Fixup: 0.0 ms]
   [Code Root Migration: 0.0 ms]
   [Clear CT: 0.1 ms]
   [Other: 0.4 ms]
      [Choose CSet: 0.0 ms]
      [Ref Proc: 0.0 ms]
      [Ref Enq: 0.0 ms]
      [Free CSet: 0.2 ms]
   [Eden: 73.0M(73.0M)->0.0B(28.0M) Survivors: 2048.0K->10.0M Heap: 165.5M(256.0M)->172.5M(256.0M)]
 [Times: user=0.09 sys=0.00, real=0.05 secs] 
2014-07-10T16:13:36.522+0200: 67.506: [GC pause (young) (initial-mark), 0.0186961 secs]
   [Parallel Time: 18.2 ms, GC Workers: 2]
      [GC Worker Start (ms): Min: 67506.0, Avg: 67506.0, Max: 67506.0, Diff: 0.0]
      [Ext Root Scanning (ms): Min: 1.0, Avg: 1.0, Max: 1.0, Diff: 0.0, Sum: 2.0]
      [Code Root Marking (ms): Min: 0.0, Avg: 0.1, Max: 0.1, Diff: 0.0, Sum: 0.1]
      [Update RS (ms): Min: 1.0, Avg: 1.0, Max: 1.1, Diff: 0.2, Sum: 2.1]
         [Processed Buffers: Min: 5, Avg: 5.0, Max: 5, Diff: 0, Sum: 10]
      [Scan RS (ms): Min: 0.0, Avg: 0.0, Max: 0.1, Diff: 0.1, Sum: 0.1]
      [Code Root Scanning (ms): Min: 0.0, Avg: 0.0, Max: 0.0, Diff: 0.0, Sum: 0.0]
      [Object Copy (ms): Min: 16.0, Avg: 16.0, Max: 16.0, Diff: 0.0, Sum: 32.0]
      [Termination (ms): Min: 0.0, Avg: 0.0, Max: 0.0, Diff: 0.0, Sum: 0.0]
      [GC Worker Other (ms): Min: 0.0, Avg: 0.0, Max: 0.0, Diff: 0.0, Sum: 0.1]
      [GC Worker Total (ms): Min: 18.2, Avg: 18.2, Max: 18.2, Diff: 0.0, Sum: 36.3]
      [GC Worker End (ms): Min: 67524.1, Avg: 67524.1, Max: 67524.1, Diff: 0.0]
   [Code Root Fixup: 0.0 ms]
   [Code Root Migration: 0.0 ms]
   [Clear CT: 0.0 ms]
   [Other: 0.4 ms]
      [Choose CSet: 0.0 ms]
      [Ref Proc: 0.1 ms]
      [Ref Enq: 0.0 ms]
      [Free CSet: 0.1 ms]
   [Eden: 28.0M(28.0M)->0.0B(19.0M) Survivors: 10.0M->5120.0K Heap: 200.5M(256.0M)->190.5M(256.0M)]
 [Times: user=0.05 sys=0.00, real=0.02 secs] 
2014-07-10T16:13:36.541+0200: 67.525: [GC concurrent-root-region-scan-start]
2014-07-10T16:13:36.541+0200: 67.525: [GC concurrent-root-region-scan-end, 0.0000946 secs]
2014-07-10T16:13:36.541+0200: 67.525: [GC concurrent-mark-start]
2014-07-10T16:13:36.545+0200: 67.529: [GC concurrent-mark-end, 0.0033924 secs]
2014-07-10T16:13:36.545+0200: 67.530: [GC remark 2014-07-10T16:13:36.546+0200: 67.530: [GC ref-proc, 0.0000678 secs], 0.0015483 secs]
 [Times: user=0.00 sys=0.00, real=0.00 secs] 
2014-07-10T16:13:36.548+0200: 67.532: [GC cleanup 194M->88M(256M), 0.0008286 secs]
 [Times: user=0.00 sys=0.00, real=0.00 secs] 
2014-07-10T16:13:36.549+0200: 67.533: [GC concurrent-cleanup-start]
2014-07-10T16:13:36.549+0200: 67.533: [GC concurrent-cleanup-end, 0.0001921 secs]
2014-07-10T16:13:36.577+0200: 67.561: [GC pause (young), 0.0130801 secs]
   [Parallel Time: 12.7 ms, GC Workers: 2]
      [GC Worker Start (ms): Min: 67560.9, Avg: 67560.9, Max: 67560.9, Diff: 0.0]
      [Ext Root Scanning (ms): Min: 1.0, Avg: 1.0, Max: 1.0, Diff: 0.0, Sum: 2.1]
      [Update RS (ms): Min: 0.4, Avg: 0.4, Max: 0.5, Diff: 0.1, Sum: 0.9]
         [Processed Buffers: Min: 2, Avg: 3.0, Max: 4, Diff: 2, Sum: 6]
      [Scan RS (ms): Min: 0.0, Avg: 0.0, Max: 0.1, Diff: 0.0, Sum: 0.1]
      [Code Root Scanning (ms): Min: 0.0, Avg: 0.0, Max: 0.0, Diff: 0.0, Sum: 0.0]
      [Object Copy (ms): Min: 11.1, Avg: 11.1, Max: 11.1, Diff: 0.0, Sum: 22.2]
      [Termination (ms): Min: 0.0, Avg: 0.0, Max: 0.0, Diff: 0.0, Sum: 0.0]
      [GC Worker Other (ms): Min: 0.0, Avg: 0.0, Max: 0.0, Diff: 0.0, Sum: 0.1]
      [GC Worker Total (ms): Min: 12.7, Avg: 12.7, Max: 12.7, Diff: 0.0, Sum: 25.4]
      [GC Worker End (ms): Min: 67573.5, Avg: 67573.5, Max: 67573.5, Diff: 0.0]
   [Code Root Fixup: 0.0 ms]
   [Code Root Migration: 0.0 ms]
   [Clear CT: 0.0 ms]
   [Other: 0.3 ms]
      [Choose CSet: 0.0 ms]
      [Ref Proc: 0.1 ms]
      [Ref Enq: 0.0 ms]
      [Free CSet: 0.1 ms]
   [Eden: 19.0M(19.0M)->0.0B(9216.0K) Survivors: 5120.0K->3072.0K Heap: 103.5M(256.0M)->99.0M(256.0M)]
 [Times: user=0.03 sys=0.00, real=0.01 secs] 
2014-07-10T16:13:36.604+0200: 67.588: [GC pause (mixed), 0.0083173 secs]
   [Parallel Time: 7.9 ms, GC Workers: 2]
      [GC Worker Start (ms): Min: 67588.1, Avg: 67588.1, Max: 67588.1, Diff: 0.0]
      [Ext Root Scanning (ms): Min: 0.9, Avg: 0.9, Max: 0.9, Diff: 0.0, Sum: 1.8]
      [Update RS (ms): Min: 0.3, Avg: 0.3, Max: 0.3, Diff: 0.1, Sum: 0.6]
         [Processed Buffers: Min: 3, Avg: 3.5, Max: 4, Diff: 1, Sum: 7]
      [Scan RS (ms): Min: 0.1, Avg: 0.1, Max: 0.1, Diff: 0.0, Sum: 0.2]
      [Code Root Scanning (ms): Min: 0.0, Avg: 0.0, Max: 0.0, Diff: 0.0, Sum: 0.0]
      [Object Copy (ms): Min: 6.6, Avg: 6.6, Max: 6.6, Diff: 0.0, Sum: 13.1]
      [Termination (ms): Min: 0.0, Avg: 0.0, Max: 0.0, Diff: 0.0, Sum: 0.0]
      [GC Worker Other (ms): Min: 0.0, Avg: 0.0, Max: 0.0, Diff: 0.0, Sum: 0.0]
      [GC Worker Total (ms): Min: 7.9, Avg: 7.9, Max: 7.9, Diff: 0.0, Sum: 15.8]
      [GC Worker End (ms): Min: 67596.0, Avg: 67596.0, Max: 67596.0, Diff: 0.0]
   [Code Root Fixup: 0.0 ms]
   [Code Root Migration: 0.0 ms]
   [Clear CT: 0.1 ms]
   [Other: 0.3 ms]
      [Choose CSet: 0.0 ms]
      [Ref Proc: 0.0 ms]
      [Ref Enq: 0.0 ms]
      [Free CSet: 0.1 ms]
   [Eden: 9216.0K(9216.0K)->0.0B(72.0M) Survivors: 3072.0K->2048.0K Heap: 108.0M(256.0M)->98.5M(256.0M)]
 [Times: user=0.00 sys=0.00, real=0.01 secs] 
2014-07-10T16:13:36.732+0200: 67.716: [GC pause (young), 0.0485409 secs]
   [Parallel Time: 48.1 ms, GC Workers: 2]
      [GC Worker Start (ms): Min: 67716.1, Avg: 67716.1, Max: 67716.1, Diff: 0.0]
      [Ext Root Scanning (ms): Min: 1.2, Avg: 1.2, Max: 1.2, Diff: 0.0, Sum: 2.3]
      [Update RS (ms): Min: 0.5, Avg: 0.5, Max: 0.5, Diff: 0.1, Sum: 1.0]
         [Processed Buffers: Min: 2, Avg: 3.0, Max: 4, Diff: 2, Sum: 6]
      [Scan RS (ms): Min: 0.1, Avg: 0.1, Max: 0.1, Diff: 0.0, Sum: 0.2]
      [Code Root Scanning (ms): Min: 0.0, Avg: 0.0, Max: 0.1, Diff: 0.0, Sum: 0.1]
      [Object Copy (ms): Min: 46.2, Avg: 46.2, Max: 46.2, Diff: 0.0, Sum: 92.4]
      [Termination (ms): Min: 0.0, Avg: 0.0, Max: 0.0, Diff: 0.0, Sum: 0.0]
      [GC Worker Other (ms): Min: 0.0, Avg: 0.0, Max: 0.0, Diff: 0.0, Sum: 0.1]
      [GC Worker Total (ms): Min: 48.1, Avg: 48.1, Max: 48.1, Diff: 0.0, Sum: 96.1]
      [GC Worker End (ms): Min: 67764.1, Avg: 67764.1, Max: 67764.1, Diff: 0.0]
   [Code Root Fixup: 0.0 ms]
   [Code Root Migration: 0.0 ms]
   [Clear CT: 0.1 ms]
   [Other: 0.4 ms]
      [Choose CSet: 0.0 ms]
      [Ref Proc: 0.0 ms]
      [Ref Enq: 0.0 ms]
      [Free CSet: 0.1 ms]
   [Eden: 72.0M(72.0M)->0.0B(24.0M) Survivors: 2048.0K->10.0M Heap: 170.5M(256.0M)->180.0M(256.0M)]
 [Times: user=0.09 sys=0.00, real=0.05 secs] 
2014-07-10T16:13:36.820+0200: 67.804: [GC pause (young) (initial-mark), 0.0171742 secs]
   [Parallel Time: 16.8 ms, GC Workers: 2]
      [GC Worker Start (ms): Min: 67804.0, Avg: 67804.0, Max: 67804.0, Diff: 0.0]
      [Ext Root Scanning (ms): Min: 1.1, Avg: 1.1, Max: 1.1, Diff: 0.0, Sum: 2.2]
      [Code Root Marking (ms): Min: 0.1, Avg: 0.1, Max: 0.1, Diff: 0.0, Sum: 0.1]
      [Update RS (ms): Min: 0.9, Avg: 1.0, Max: 1.0, Diff: 0.0, Sum: 1.9]
         [Processed Buffers: Min: 4, Avg: 5.5, Max: 7, Diff: 3, Sum: 11]
      [Scan RS (ms): Min: 0.0, Avg: 0.0, Max: 0.1, Diff: 0.0, Sum: 0.1]
      [Code Root Scanning (ms): Min: 0.0, Avg: 0.0, Max: 0.0, Diff: 0.0, Sum: 0.0]
      [Object Copy (ms): Min: 14.5, Avg: 14.5, Max: 14.5, Diff: 0.0, Sum: 29.1]
      [Termination (ms): Min: 0.0, Avg: 0.0, Max: 0.0, Diff: 0.0, Sum: 0.0]
      [GC Worker Other (ms): Min: 0.0, Avg: 0.0, Max: 0.0, Diff: 0.0, Sum: 0.1]
      [GC Worker Total (ms): Min: 16.7, Avg: 16.7, Max: 16.7, Diff: 0.0, Sum: 33.5]
      [GC Worker End (ms): Min: 67820.8, Avg: 67820.8, Max: 67820.8, Diff: 0.0]
   [Code Root Fixup: 0.0 ms]
   [Code Root Migration: 0.0 ms]
   [Clear CT: 0.0 ms]
   [Other: 0.3 ms]
      [Choose CSet: 0.0 ms]
      [Ref Proc: 0.1 ms]
      [Ref Enq: 0.0 ms]
      [Free CSet: 0.1 ms]
   [Eden: 24.0M(24.0M)->0.0B(17.0M) Survivors: 10.0M->5120.0K Heap: 204.0M(256.0M)->194.5M(256.0M)]
 [Times: user=0.03 sys=0.00, real=0.02 secs] 
2014-07-10T16:13:36.837+0200: 67.821: [GC concurrent-root-region-scan-start]
2014-07-10T16:13:36.837+0200: 67.821: [GC concurrent-root-region-scan-end, 0.0001023 secs]
2014-07-10T16:13:36.837+0200: 67.822: [GC concurrent-mark-start]
2014-07-10T16:13:36.842+0200: 67.826: [GC concurrent-mark-end, 0.0049813 secs]
2014-07-10T16:13:36.842+0200: 67.827: [GC remark 2014-07-10T16:13:36.843+0200: 67.827: [GC ref-proc, 0.0000726 secs], 0.0010060 secs]
 [Times: user=0.00 sys=0.00, real=0.00 secs] 
2014-07-10T16:13:36.844+0200: 67.828: [GC cleanup 197M->82M(256M), 0.0007750 secs]
 [Times: user=0.00 sys=0.00, real=0.00 secs] 
2014-07-10T16:13:36.844+0200: 67.829: [GC concurrent-cleanup-start]
2014-07-10T16:13:36.845+0200: 67.829: [GC concurrent-cleanup-end, 0.0002669 secs]
2014-07-10T16:13:36.866+0200: 67.850: [GC pause (young), 0.0121760 secs]
   [Parallel Time: 11.9 ms, GC Workers: 2]
      [GC Worker Start (ms): Min: 67850.0, Avg: 67850.0, Max: 67850.0, Diff: 0.0]
      [Ext Root Scanning (ms): Min: 1.1, Avg: 1.1, Max: 1.2, Diff: 0.1, Sum: 2.3]
      [Update RS (ms): Min: 0.4, Avg: 0.4, Max: 0.4, Diff: 0.0, Sum: 0.8]
         [Processed Buffers: Min: 2, Avg: 2.5, Max: 3, Diff: 1, Sum: 5]
      [Scan RS (ms): Min: 0.0, Avg: 0.0, Max: 0.1, Diff: 0.0, Sum: 0.1]
      [Code Root Scanning (ms): Min: 0.0, Avg: 0.0, Max: 0.0, Diff: 0.0, Sum: 0.0]
      [Object Copy (ms): Min: 10.2, Avg: 10.2, Max: 10.2, Diff: 0.0, Sum: 20.4]
      [Termination (ms): Min: 0.0, Avg: 0.0, Max: 0.0, Diff: 0.0, Sum: 0.0]
      [GC Worker Other (ms): Min: 0.0, Avg: 0.0, Max: 0.0, Diff: 0.0, Sum: 0.1]
      [GC Worker Total (ms): Min: 11.8, Avg: 11.8, Max: 11.8, Diff: 0.0, Sum: 23.7]
      [GC Worker End (ms): Min: 67861.9, Avg: 67861.9, Max: 67861.9, Diff: 0.0]
   [Code Root Fixup: 0.0 ms]
   [Code Root Migration: 0.0 ms]
   [Clear CT: 0.0 ms]
   [Other: 0.3 ms]
      [Choose CSet: 0.0 ms]
      [Ref Proc: 0.0 ms]
      [Ref Enq: 0.0 ms]
      [Free CSet: 0.1 ms]
   [Eden: 17.0M(17.0M)->0.0B(9216.0K) Survivors: 5120.0K->3072.0K Heap: 96.5M(256.0M)->92.0M(256.0M)]
 [Times: user=0.03 sys=0.00, real=0.01 secs] 
2014-07-10T16:13:36.892+0200: 67.876: [GC pause (mixed), 0.0077662 secs]
   [Parallel Time: 7.4 ms, GC Workers: 2]
      [GC Worker Start (ms): Min: 67875.9, Avg: 67875.9, Max: 67875.9, Diff: 0.0]
      [Ext Root Scanning (ms): Min: 1.1, Avg: 1.1, Max: 1.2, Diff: 0.1, Sum: 2.3]
      [Update RS (ms): Min: 0.3, Avg: 0.3, Max: 0.3, Diff: 0.1, Sum: 0.6]
         [Processed Buffers: Min: 2, Avg: 2.5, Max: 3, Diff: 1, Sum: 5]
      [Scan RS (ms): Min: 0.1, Avg: 0.1, Max: 0.1, Diff: 0.0, Sum: 0.2]
      [Code Root Scanning (ms): Min: 0.0, Avg: 0.0, Max: 0.0, Diff: 0.0, Sum: 0.0]
      [Object Copy (ms): Min: 5.8, Avg: 5.9, Max: 5.9, Diff: 0.0, Sum: 11.7]
      [Termination (ms): Min: 0.0, Avg: 0.0, Max: 0.0, Diff: 0.0, Sum: 0.0]
      [GC Worker Other (ms): Min: 0.0, Avg: 0.0, Max: 0.0, Diff: 0.0, Sum: 0.1]
      [GC Worker Total (ms): Min: 7.4, Avg: 7.4, Max: 7.4, Diff: 0.0, Sum: 14.8]
      [GC Worker End (ms): Min: 67883.3, Avg: 67883.3, Max: 67883.3, Diff: 0.0]
   [Code Root Fixup: 0.0 ms]
   [Code Root Migration: 0.0 ms]
   [Clear CT: 0.0 ms]
   [Other: 0.3 ms]
      [Choose CSet: 0.0 ms]
      [Ref Proc: 0.0 ms]
      [Ref Enq: 0.0 ms]
      [Free CSet: 0.1 ms]
   [Eden: 9216.0K(9216.0K)->0.0B(70.0M) Survivors: 3072.0K->2048.0K Heap: 101.0M(256.0M)->92.0M(256.0M)]
 [Times: user=0.01 sys=0.00, real=0.01 secs] 
2014-07-10T16:13:37.015+0200: 67.999: [GC pause (young), 0.0464346 secs]
   [Parallel Time: 46.0 ms, GC Workers: 2]
      [GC Worker Start (ms): Min: 67999.0, Avg: 67999.0, Max: 67999.0, Diff: 0.0]
      [Ext Root Scanning (ms): Min: 1.1, Avg: 1.1, Max: 1.1, Diff: 0.0, Sum: 2.2]
      [Update RS (ms): Min: 0.4, Avg: 0.4, Max: 0.4, Diff: 0.0, Sum: 0.9]
         [Processed Buffers: Min: 1, Avg: 3.0, Max: 5, Diff: 4, Sum: 6]
      [Scan RS (ms): Min: 0.1, Avg: 0.1, Max: 0.1, Diff: 0.0, Sum: 0.2]
      [Code Root Scanning (ms): Min: 0.0, Avg: 0.0, Max: 0.0, Diff: 0.0, Sum: 0.1]
      [Object Copy (ms): Min: 44.2, Avg: 44.2, Max: 44.2, Diff: 0.0, Sum: 88.4]
      [Termination (ms): Min: 0.0, Avg: 0.0, Max: 0.0, Diff: 0.0, Sum: 0.0]
      [GC Worker Other (ms): Min: 0.0, Avg: 0.0, Max: 0.0, Diff: 0.0, Sum: 0.1]
      [GC Worker Total (ms): Min: 45.9, Avg: 45.9, Max: 45.9, Diff: 0.0, Sum: 91.9]
      [GC Worker End (ms): Min: 68044.9, Avg: 68044.9, Max: 68044.9, Diff: 0.0]
   [Code Root Fixup: 0.0 ms]
   [Code Root Migration: 0.0 ms]
   [Clear CT: 0.1 ms]
   [Other: 0.4 ms]
      [Choose CSet: 0.0 ms]
      [Ref Proc: 0.1 ms]
      [Ref Enq: 0.0 ms]
      [Free CSet: 0.1 ms]
   [Eden: 70.0M(70.0M)->0.0B(30.0M) Survivors: 2048.0K->9216.0K Heap: 162.0M(256.0M)->169.5M(256.0M)]
 [Times: user=0.09 sys=0.00, real=0.05 secs] 
2014-07-10T16:13:37.111+0200: 68.095: [GC pause (young) (initial-mark), 0.0218139 secs]
   [Parallel Time: 21.0 ms, GC Workers: 2]
      [GC Worker Start (ms): Min: 68095.0, Avg: 68095.0, Max: 68095.0, Diff: 0.0]
      [Ext Root Scanning (ms): Min: 1.1, Avg: 1.1, Max: 1.2, Diff: 0.0, Sum: 2.3]
      [Code Root Marking (ms): Min: 0.1, Avg: 0.1, Max: 0.1, Diff: 0.0, Sum: 0.1]
      [Update RS (ms): Min: 1.0, Avg: 1.0, Max: 1.0, Diff: 0.0, Sum: 2.0]
         [Processed Buffers: Min: 4, Avg: 5.5, Max: 7, Diff: 3, Sum: 11]
      [Scan RS (ms): Min: 0.0, Avg: 0.1, Max: 0.1, Diff: 0.0, Sum: 0.1]
      [Code Root Scanning (ms): Min: 0.0, Avg: 0.0, Max: 0.0, Diff: 0.0, Sum: 0.1]
      [Object Copy (ms): Min: 18.5, Avg: 18.5, Max: 18.5, Diff: 0.0, Sum: 37.1]
      [Termination (ms): Min: 0.0, Avg: 0.0, Max: 0.0, Diff: 0.0, Sum: 0.0]
      [GC Worker Other (ms): Min: 0.0, Avg: 0.0, Max: 0.0, Diff: 0.0, Sum: 0.1]
      [GC Worker Total (ms): Min: 20.9, Avg: 20.9, Max: 20.9, Diff: 0.0, Sum: 41.7]
      [GC Worker End (ms): Min: 68115.9, Avg: 68115.9, Max: 68115.9, Diff: 0.0]
   [Code Root Fixup: 0.0 ms]
   [Code Root Migration: 0.0 ms]
   [Clear CT: 0.0 ms]
   [Other: 0.7 ms]
      [Choose CSet: 0.0 ms]
      [Ref Proc: 0.4 ms]
      [Ref Enq: 0.0 ms]
      [Free CSet: 0.1 ms]
   [Eden: 30.0M(30.0M)->0.0B(18.0M) Survivors: 9216.0K->5120.0K Heap: 199.5M(256.0M)->192.0M(256.0M)]
 [Times: user=0.03 sys=0.00, real=0.02 secs] 
2014-07-10T16:13:37.133+0200: 68.117: [GC concurrent-root-region-scan-start]
2014-07-10T16:13:37.133+0200: 68.117: [GC concurrent-root-region-scan-end, 0.0001379 secs]
2014-07-10T16:13:37.133+0200: 68.117: [GC concurrent-mark-start]
2014-07-10T16:13:37.138+0200: 68.122: [GC concurrent-mark-end, 0.0050770 secs]
2014-07-10T16:13:37.138+0200: 68.122: [GC remark 2014-07-10T16:13:37.138+0200: 68.122: [GC ref-proc, 0.0000708 secs], 0.0010159 secs]
 [Times: user=0.00 sys=0.00, real=0.00 secs] 
2014-07-10T16:13:37.139+0200: 68.123: [GC cleanup 195M->88M(256M), 0.0007758 secs]
 [Times: user=0.00 sys=0.00, real=0.00 secs] 
2014-07-10T16:13:37.140+0200: 68.124: [GC concurrent-cleanup-start]
2014-07-10T16:13:37.140+0200: 68.124: [GC concurrent-cleanup-end, 0.0002251 secs]
2014-07-10T16:13:37.162+0200: 68.146: [GC pause (young), 0.0129947 secs]
   [Parallel Time: 12.7 ms, GC Workers: 2]
      [GC Worker Start (ms): Min: 68146.1, Avg: 68146.1, Max: 68146.1, Diff: 0.0]
      [Ext Root Scanning (ms): Min: 1.0, Avg: 1.1, Max: 1.1, Diff: 0.1, Sum: 2.1]
      [Update RS (ms): Min: 0.5, Avg: 0.5, Max: 0.5, Diff: 0.0, Sum: 1.0]
         [Processed Buffers: Min: 2, Avg: 2.5, Max: 3, Diff: 1, Sum: 5]
      [Scan RS (ms): Min: 0.0, Avg: 0.0, Max: 0.1, Diff: 0.0, Sum: 0.1]
      [Code Root Scanning (ms): Min: 0.0, Avg: 0.0, Max: 0.0, Diff: 0.0, Sum: 0.0]
      [Object Copy (ms): Min: 10.9, Avg: 11.0, Max: 11.0, Diff: 0.0, Sum: 21.9]
      [Termination (ms): Min: 0.0, Avg: 0.1, Max: 0.1, Diff: 0.1, Sum: 0.1]
      [GC Worker Other (ms): Min: 0.0, Avg: 0.0, Max: 0.0, Diff: 0.0, Sum: 0.0]
      [GC Worker Total (ms): Min: 12.6, Avg: 12.7, Max: 12.7, Diff: 0.1, Sum: 25.3]
      [GC Worker End (ms): Min: 68158.7, Avg: 68158.7, Max: 68158.8, Diff: 0.1]
   [Code Root Fixup: 0.0 ms]
   [Code Root Migration: 0.0 ms]
   [Clear CT: 0.0 ms]
   [Other: 0.2 ms]
      [Choose CSet: 0.0 ms]
      [Ref Proc: 0.0 ms]
      [Ref Enq: 0.0 ms]
      [Free CSet: 0.1 ms]
   [Eden: 18.0M(18.0M)->0.0B(9216.0K) Survivors: 5120.0K->3072.0K Heap: 103.0M(256.0M)->99.0M(256.0M)]
 [Times: user=0.03 sys=0.00, real=0.01 secs] 
2014-07-10T16:13:37.189+0200: 68.173: [GC pause (mixed), 0.0082865 secs]
   [Parallel Time: 8.0 ms, GC Workers: 2]
      [GC Worker Start (ms): Min: 68173.0, Avg: 68173.0, Max: 68173.0, Diff: 0.0]
      [Ext Root Scanning (ms): Min: 1.1, Avg: 1.1, Max: 1.1, Diff: 0.0, Sum: 2.2]
      [Update RS (ms): Min: 0.4, Avg: 0.4, Max: 0.4, Diff: 0.0, Sum: 0.7]
         [Processed Buffers: Min: 1, Avg: 4.0, Max: 7, Diff: 6, Sum: 8]
      [Scan RS (ms): Min: 0.1, Avg: 0.1, Max: 0.1, Diff: 0.0, Sum: 0.1]
      [Code Root Scanning (ms): Min: 0.0, Avg: 0.0, Max: 0.0, Diff: 0.0, Sum: 0.0]
      [Object Copy (ms): Min: 6.3, Avg: 6.4, Max: 6.4, Diff: 0.0, Sum: 12.7]
      [Termination (ms): Min: 0.0, Avg: 0.0, Max: 0.0, Diff: 0.0, Sum: 0.0]
      [GC Worker Other (ms): Min: 0.0, Avg: 0.0, Max: 0.0, Diff: 0.0, Sum: 0.1]
      [GC Worker Total (ms): Min: 8.0, Avg: 8.0, Max: 8.0, Diff: 0.0, Sum: 15.9]
      [GC Worker End (ms): Min: 68180.9, Avg: 68180.9, Max: 68180.9, Diff: 0.0]
   [Code Root Fixup: 0.0 ms]
   [Code Root Migration: 0.0 ms]
   [Clear CT: 0.0 ms]
   [Other: 0.2 ms]
      [Choose CSet: 0.0 ms]
      [Ref Proc: 0.0 ms]
      [Ref Enq: 0.0 ms]
      [Free CSet: 0.1 ms]
   [Eden: 9216.0K(9216.0K)->0.0B(64.0M) Survivors: 3072.0K->2048.0K Heap: 108.0M(256.0M)->101.0M(256.0M)]
 [Times: user=0.03 sys=0.00, real=0.01 secs] 
2014-07-10T16:13:37.306+0200: 68.290: [GC pause (young), 0.0441777 secs]
   [Parallel Time: 43.7 ms, GC Workers: 2]
      [GC Worker Start (ms): Min: 68290.1, Avg: 68290.7, Max: 68291.2, Diff: 1.1]
      [Ext Root Scanning (ms): Min: 0.9, Avg: 1.2, Max: 1.5, Diff: 0.6, Sum: 2.4]
      [Update RS (ms): Min: 0.3, Avg: 0.4, Max: 0.4, Diff: 0.2, Sum: 0.7]
         [Processed Buffers: Min: 1, Avg: 2.5, Max: 4, Diff: 3, Sum: 5]
      [Scan RS (ms): Min: 0.0, Avg: 0.1, Max: 0.2, Diff: 0.2, Sum: 0.2]
      [Code Root Scanning (ms): Min: 0.0, Avg: 0.0, Max: 0.1, Diff: 0.1, Sum: 0.1]
      [Object Copy (ms): Min: 41.4, Avg: 41.4, Max: 41.4, Diff: 0.1, Sum: 82.8]
      [Termination (ms): Min: 0.0, Avg: 0.0, Max: 0.0, Diff: 0.0, Sum: 0.0]
      [GC Worker Other (ms): Min: 0.0, Avg: 0.0, Max: 0.0, Diff: 0.0, Sum: 0.1]
      [GC Worker Total (ms): Min: 42.6, Avg: 43.1, Max: 43.7, Diff: 1.1, Sum: 86.2]
      [GC Worker End (ms): Min: 68333.8, Avg: 68333.8, Max: 68333.8, Diff: 0.0]
   [Code Root Fixup: 0.0 ms]
   [Code Root Migration: 0.0 ms]
   [Clear CT: 0.1 ms]
   [Other: 0.4 ms]
      [Choose CSet: 0.0 ms]
      [Ref Proc: 0.0 ms]
      [Ref Enq: 0.0 ms]
      [Free CSet: 0.1 ms]
   [Eden: 64.0M(64.0M)->0.0B(28.0M) Survivors: 2048.0K->9216.0K Heap: 165.0M(256.0M)->172.0M(256.0M)]
 [Times: user=0.06 sys=0.00, real=0.04 secs] 
2014-07-10T16:13:37.395+0200: 68.379: [GC pause (young) (initial-mark), 0.0187723 secs]
   [Parallel Time: 18.4 ms, GC Workers: 2]
      [GC Worker Start (ms): Min: 68378.9, Avg: 68378.9, Max: 68378.9, Diff: 0.0]
      [Ext Root Scanning (ms): Min: 1.1, Avg: 1.1, Max: 1.1, Diff: 0.0, Sum: 2.2]
      [Code Root Marking (ms): Min: 0.1, Avg: 0.1, Max: 0.1, Diff: 0.0, Sum: 0.1]
      [Update RS (ms): Min: 0.8, Avg: 0.8, Max: 0.9, Diff: 0.0, Sum: 1.7]
         [Processed Buffers: Min: 4, Avg: 4.5, Max: 5, Diff: 1, Sum: 9]
      [Scan RS (ms): Min: 0.0, Avg: 0.1, Max: 0.1, Diff: 0.0, Sum: 0.1]
      [Code Root Scanning (ms): Min: 0.0, Avg: 0.0, Max: 0.0, Diff: 0.0, Sum: 0.0]
      [Object Copy (ms): Min: 16.2, Avg: 16.2, Max: 16.2, Diff: 0.0, Sum: 32.3]
      [Termination (ms): Min: 0.0, Avg: 0.0, Max: 0.0, Diff: 0.0, Sum: 0.0]
      [GC Worker Other (ms): Min: 0.0, Avg: 0.1, Max: 0.1, Diff: 0.0, Sum: 0.1]
      [GC Worker Total (ms): Min: 18.3, Avg: 18.3, Max: 18.4, Diff: 0.0, Sum: 36.7]
      [GC Worker End (ms): Min: 68397.2, Avg: 68397.2, Max: 68397.3, Diff: 0.0]
   [Code Root Fixup: 0.0 ms]
   [Code Root Migration: 0.0 ms]
   [Clear CT: 0.0 ms]
   [Other: 0.3 ms]
      [Choose CSet: 0.0 ms]
      [Ref Proc: 0.0 ms]
      [Ref Enq: 0.0 ms]
      [Free CSet: 0.1 ms]
   [Eden: 28.0M(28.0M)->0.0B(19.0M) Survivors: 9216.0K->5120.0K Heap: 200.0M(256.0M)->191.5M(256.0M)]
 [Times: user=0.03 sys=0.00, real=0.02 secs] 
2014-07-10T16:13:37.414+0200: 68.398: [GC concurrent-root-region-scan-start]
2014-07-10T16:13:37.414+0200: 68.398: [GC concurrent-root-region-scan-end, 0.0000898 secs]
2014-07-10T16:13:37.414+0200: 68.398: [GC concurrent-mark-start]
2014-07-10T16:13:37.418+0200: 68.402: [GC concurrent-mark-end, 0.0042059 secs]
2014-07-10T16:13:37.421+0200: 68.405: [GC remark 2014-07-10T16:13:37.421+0200: 68.406: [GC ref-proc, 0.0000832 secs], 0.0010830 secs]
 [Times: user=0.00 sys=0.00, real=0.00 secs] 
2014-07-10T16:13:37.423+0200: 68.407: [GC cleanup 194M->87M(256M), 0.0008502 secs]
 [Times: user=0.00 sys=0.00, real=0.00 secs] 
2014-07-10T16:13:37.424+0200: 68.408: [GC concurrent-cleanup-start]
2014-07-10T16:13:37.424+0200: 68.409: [GC concurrent-cleanup-end, 0.0002431 secs]
2014-07-10T16:13:37.451+0200: 68.435: [GC pause (young), 0.0140986 secs]
   [Parallel Time: 13.7 ms, GC Workers: 2]
      [GC Worker Start (ms): Min: 68435.2, Avg: 68435.2, Max: 68435.2, Diff: 0.0]
      [Ext Root Scanning (ms): Min: 1.1, Avg: 1.1, Max: 1.1, Diff: 0.0, Sum: 2.1]
      [Update RS (ms): Min: 0.4, Avg: 0.4, Max: 0.5, Diff: 0.1, Sum: 0.9]
         [Processed Buffers: Min: 2, Avg: 3.5, Max: 5, Diff: 3, Sum: 7]
      [Scan RS (ms): Min: 0.0, Avg: 0.0, Max: 0.0, Diff: 0.0, Sum: 0.1]
      [Code Root Scanning (ms): Min: 0.0, Avg: 0.0, Max: 0.0, Diff: 0.0, Sum: 0.0]
      [Object Copy (ms): Min: 12.1, Avg: 12.1, Max: 12.1, Diff: 0.0, Sum: 24.2]
      [Termination (ms): Min: 0.0, Avg: 0.0, Max: 0.0, Diff: 0.0, Sum: 0.0]
      [GC Worker Other (ms): Min: 0.0, Avg: 0.0, Max: 0.0, Diff: 0.0, Sum: 0.1]
      [GC Worker Total (ms): Min: 13.7, Avg: 13.7, Max: 13.7, Diff: 0.0, Sum: 27.4]
      [GC Worker End (ms): Min: 68448.9, Avg: 68448.9, Max: 68448.9, Diff: 0.0]
   [Code Root Fixup: 0.0 ms]
   [Code Root Migration: 0.0 ms]
   [Clear CT: 0.0 ms]
   [Other: 0.3 ms]
      [Choose CSet: 0.0 ms]
      [Ref Proc: 0.1 ms]
      [Ref Enq: 0.0 ms]
      [Free CSet: 0.1 ms]
   [Eden: 19.0M(19.0M)->0.0B(9216.0K) Survivors: 5120.0K->3072.0K Heap: 103.5M(256.0M)->102.0M(256.0M)]
 [Times: user=0.03 sys=0.00, real=0.01 secs] 
2014-07-10T16:13:37.479+0200: 68.463: [GC pause (mixed), 0.0083594 secs]
   [Parallel Time: 8.0 ms, GC Workers: 2]
      [GC Worker Start (ms): Min: 68463.0, Avg: 68463.0, Max: 68463.0, Diff: 0.0]
      [Ext Root Scanning (ms): Min: 1.1, Avg: 1.1, Max: 1.1, Diff: 0.0, Sum: 2.1]
      [Update RS (ms): Min: 0.3, Avg: 0.3, Max: 0.3, Diff: 0.0, Sum: 0.6]
         [Processed Buffers: Min: 2, Avg: 3.0, Max: 4, Diff: 2, Sum: 6]
      [Scan RS (ms): Min: 0.1, Avg: 0.1, Max: 0.1, Diff: 0.0, Sum: 0.2]
      [Code Root Scanning (ms): Min: 0.0, Avg: 0.0, Max: 0.0, Diff: 0.0, Sum: 0.0]
      [Object Copy (ms): Min: 6.5, Avg: 6.5, Max: 6.5, Diff: 0.0, Sum: 12.9]
      [Termination (ms): Min: 0.0, Avg: 0.0, Max: 0.0, Diff: 0.0, Sum: 0.0]
      [GC Worker Other (ms): Min: 0.0, Avg: 0.0, Max: 0.0, Diff: 0.0, Sum: 0.0]
      [GC Worker Total (ms): Min: 8.0, Avg: 8.0, Max: 8.0, Diff: 0.0, Sum: 16.0]
      [GC Worker End (ms): Min: 68471.0, Avg: 68471.0, Max: 68471.0, Diff: 0.0]
   [Code Root Fixup: 0.0 ms]
   [Code Root Migration: 0.0 ms]
   [Clear CT: 0.1 ms]
   [Other: 0.3 ms]
      [Choose CSet: 0.0 ms]
      [Ref Proc: 0.0 ms]
      [Ref Enq: 0.0 ms]
      [Free CSet: 0.1 ms]
   [Eden: 9216.0K(9216.0K)->0.0B(66.0M) Survivors: 3072.0K->2048.0K Heap: 111.0M(256.0M)->100.5M(256.0M)]
 [Times: user=0.00 sys=0.00, real=0.01 secs] 
2014-07-10T16:13:37.597+0200: 68.581: [GC pause (young), 0.0436493 secs]
   [Parallel Time: 43.2 ms, GC Workers: 2]
      [GC Worker Start (ms): Min: 68581.3, Avg: 68581.3, Max: 68581.3, Diff: 0.0]
      [Ext Root Scanning (ms): Min: 1.0, Avg: 1.0, Max: 1.0, Diff: 0.1, Sum: 2.0]
      [Update RS (ms): Min: 0.4, Avg: 0.4, Max: 0.4, Diff: 0.1, Sum: 0.8]
         [Processed Buffers: Min: 2, Avg: 2.5, Max: 3, Diff: 1, Sum: 5]
      [Scan RS (ms): Min: 0.1, Avg: 0.1, Max: 0.1, Diff: 0.0, Sum: 0.2]
      [Code Root Scanning (ms): Min: 0.0, Avg: 0.0, Max: 0.0, Diff: 0.0, Sum: 0.1]
      [Object Copy (ms): Min: 41.6, Avg: 41.6, Max: 41.6, Diff: 0.0, Sum: 83.2]
      [Termination (ms): Min: 0.0, Avg: 0.0, Max: 0.0, Diff: 0.0, Sum: 0.0]
      [GC Worker Other (ms): Min: 0.0, Avg: 0.0, Max: 0.0, Diff: 0.0, Sum: 0.1]
      [GC Worker Total (ms): Min: 43.2, Avg: 43.2, Max: 43.2, Diff: 0.0, Sum: 86.3]
      [GC Worker End (ms): Min: 68624.5, Avg: 68624.5, Max: 68624.5, Diff: 0.0]
   [Code Root Fixup: 0.0 ms]
   [Code Root Migration: 0.0 ms]
   [Clear CT: 0.1 ms]
   [Other: 0.4 ms]
      [Choose CSet: 0.0 ms]
      [Ref Proc: 0.0 ms]
      [Ref Enq: 0.0 ms]
      [Free CSet: 0.1 ms]
   [Eden: 66.0M(66.0M)->0.0B(28.0M) Survivors: 2048.0K->9216.0K Heap: 166.5M(256.0M)->173.5M(256.0M)]
 [Times: user=0.09 sys=0.00, real=0.04 secs] 
2014-07-10T16:13:37.688+0200: 68.672: [GC pause (young) (initial-mark), 0.0194590 secs]
   [Parallel Time: 19.0 ms, GC Workers: 2]
      [GC Worker Start (ms): Min: 68672.1, Avg: 68672.1, Max: 68672.1, Diff: 0.0]
      [Ext Root Scanning (ms): Min: 1.1, Avg: 1.1, Max: 1.2, Diff: 0.1, Sum: 2.3]
      [Code Root Marking (ms): Min: 0.1, Avg: 0.1, Max: 0.1, Diff: 0.0, Sum: 0.1]
      [Update RS (ms): Min: 0.9, Avg: 0.9, Max: 0.9, Diff: 0.0, Sum: 1.8]
         [Processed Buffers: Min: 4, Avg: 5.0, Max: 6, Diff: 2, Sum: 10]
      [Scan RS (ms): Min: 0.0, Avg: 0.1, Max: 0.1, Diff: 0.0, Sum: 0.1]
      [Code Root Scanning (ms): Min: 0.0, Avg: 0.0, Max: 0.0, Diff: 0.0, Sum: 0.0]
      [Object Copy (ms): Min: 16.8, Avg: 16.8, Max: 16.8, Diff: 0.0, Sum: 33.6]
      [Termination (ms): Min: 0.0, Avg: 0.0, Max: 0.0, Diff: 0.0, Sum: 0.0]
      [GC Worker Other (ms): Min: 0.0, Avg: 0.0, Max: 0.0, Diff: 0.0, Sum: 0.1]
      [GC Worker Total (ms): Min: 19.0, Avg: 19.0, Max: 19.0, Diff: 0.0, Sum: 38.0]
      [GC Worker End (ms): Min: 68691.1, Avg: 68691.1, Max: 68691.1, Diff: 0.0]
   [Code Root Fixup: 0.0 ms]
   [Code Root Migration: 0.0 ms]
   [Clear CT: 0.0 ms]
   [Other: 0.3 ms]
      [Choose CSet: 0.0 ms]
      [Ref Proc: 0.1 ms]
      [Ref Enq: 0.0 ms]
      [Free CSet: 0.1 ms]
   [Eden: 28.0M(28.0M)->0.0B(18.0M) Survivors: 9216.0K->5120.0K Heap: 201.5M(256.0M)->193.0M(256.0M)]
 [Times: user=0.03 sys=0.00, real=0.02 secs] 
2014-07-10T16:13:37.708+0200: 68.692: [GC concurrent-root-region-scan-start]
2014-07-10T16:13:37.708+0200: 68.692: [GC concurrent-root-region-scan-end, 0.0000862 secs]
2014-07-10T16:13:37.708+0200: 68.692: [GC concurrent-mark-start]
2014-07-10T16:13:37.712+0200: 68.696: [GC concurrent-mark-end, 0.0033169 secs]
2014-07-10T16:13:37.713+0200: 68.697: [GC remark 2014-07-10T16:13:37.713+0200: 68.697: [GC ref-proc, 0.0000656 secs], 0.0010713 secs]
 [Times: user=0.00 sys=0.00, real=0.00 secs] 
2014-07-10T16:13:37.715+0200: 68.699: [GC cleanup 195M->87M(256M), 0.0008080 secs]
 [Times: user=0.00 sys=0.00, real=0.00 secs] 
2014-07-10T16:13:37.715+0200: 68.700: [GC concurrent-cleanup-start]
2014-07-10T16:13:37.716+0200: 68.700: [GC concurrent-cleanup-end, 0.0001855 secs]
2014-07-10T16:13:37.743+0200: 68.727: [GC pause (young), 0.0135915 secs]
   [Parallel Time: 13.2 ms, GC Workers: 2]
      [GC Worker Start (ms): Min: 68727.0, Avg: 68727.0, Max: 68727.0, Diff: 0.0]
      [Ext Root Scanning (ms): Min: 1.1, Avg: 1.1, Max: 1.1, Diff: 0.0, Sum: 2.2]
      [Update RS (ms): Min: 0.4, Avg: 0.4, Max: 0.4, Diff: 0.0, Sum: 0.9]
         [Processed Buffers: Min: 2, Avg: 3.5, Max: 5, Diff: 3, Sum: 7]
      [Scan RS (ms): Min: 0.0, Avg: 0.0, Max: 0.0, Diff: 0.0, Sum: 0.1]
      [Code Root Scanning (ms): Min: 0.0, Avg: 0.0, Max: 0.0, Diff: 0.0, Sum: 0.0]
      [Object Copy (ms): Min: 11.6, Avg: 11.6, Max: 11.6, Diff: 0.0, Sum: 23.2]
      [Termination (ms): Min: 0.0, Avg: 0.0, Max: 0.0, Diff: 0.0, Sum: 0.0]
      [GC Worker Other (ms): Min: 0.0, Avg: 0.0, Max: 0.0, Diff: 0.0, Sum: 0.1]
      [GC Worker Total (ms): Min: 13.2, Avg: 13.2, Max: 13.2, Diff: 0.0, Sum: 26.3]
      [GC Worker End (ms): Min: 68740.2, Avg: 68740.2, Max: 68740.2, Diff: 0.0]
   [Code Root Fixup: 0.0 ms]
   [Code Root Migration: 0.0 ms]
   [Clear CT: 0.0 ms]
   [Other: 0.3 ms]
      [Choose CSet: 0.0 ms]
      [Ref Proc: 0.0 ms]
      [Ref Enq: 0.0 ms]
      [Free CSet: 0.2 ms]
   [Eden: 18.0M(18.0M)->0.0B(9216.0K) Survivors: 5120.0K->3072.0K Heap: 103.0M(256.0M)->99.5M(256.0M)]
 [Times: user=0.00 sys=0.00, real=0.01 secs] 
2014-07-10T16:13:37.772+0200: 68.756: [GC pause (mixed), 0.0080562 secs]
   [Parallel Time: 7.6 ms, GC Workers: 2]
      [GC Worker Start (ms): Min: 68756.0, Avg: 68756.1, Max: 68756.1, Diff: 0.0]
      [Ext Root Scanning (ms): Min: 1.1, Avg: 1.1, Max: 1.1, Diff: 0.0, Sum: 2.1]
      [Update RS (ms): Min: 0.3, Avg: 0.3, Max: 0.3, Diff: 0.0, Sum: 0.6]
         [Processed Buffers: Min: 3, Avg: 4.0, Max: 5, Diff: 2, Sum: 8]
      [Scan RS (ms): Min: 0.1, Avg: 0.1, Max: 0.1, Diff: 0.0, Sum: 0.1]
      [Code Root Scanning (ms): Min: 0.0, Avg: 0.0, Max: 0.0, Diff: 0.0, Sum: 0.0]
      [Object Copy (ms): Min: 6.1, Avg: 6.1, Max: 6.1, Diff: 0.0, Sum: 12.2]
      [Termination (ms): Min: 0.0, Avg: 0.0, Max: 0.0, Diff: 0.0, Sum: 0.0]
      [GC Worker Other (ms): Min: 0.0, Avg: 0.0, Max: 0.0, Diff: 0.0, Sum: 0.1]
      [GC Worker Total (ms): Min: 7.6, Avg: 7.6, Max: 7.6, Diff: 0.0, Sum: 15.2]
      [GC Worker End (ms): Min: 68763.6, Avg: 68763.6, Max: 68763.6, Diff: 0.0]
   [Code Root Fixup: 0.0 ms]
   [Code Root Migration: 0.0 ms]
   [Clear CT: 0.0 ms]
   [Other: 0.4 ms]
      [Choose CSet: 0.0 ms]
      [Ref Proc: 0.2 ms]
      [Ref Enq: 0.0 ms]
      [Free CSet: 0.1 ms]
   [Eden: 9216.0K(9216.0K)->0.0B(68.0M) Survivors: 3072.0K->2048.0K Heap: 108.5M(256.0M)->98.5M(256.0M)]
 [Times: user=0.03 sys=0.00, real=0.01 secs] 
2014-07-10T16:13:37.893+0200: 68.877: [GC pause (young), 0.0455580 secs]
   [Parallel Time: 45.1 ms, GC Workers: 2]
      [GC Worker Start (ms): Min: 68877.0, Avg: 68877.0, Max: 68877.0, Diff: 0.0]
      [Ext Root Scanning (ms): Min: 1.1, Avg: 1.1, Max: 1.1, Diff: 0.0, Sum: 2.3]
      [Update RS (ms): Min: 0.4, Avg: 0.4, Max: 0.4, Diff: 0.0, Sum: 0.8]
         [Processed Buffers: Min: 1, Avg: 3.0, Max: 5, Diff: 4, Sum: 6]
      [Scan RS (ms): Min: 0.1, Avg: 0.1, Max: 0.1, Diff: 0.0, Sum: 0.2]
      [Code Root Scanning (ms): Min: 0.0, Avg: 0.0, Max: 0.1, Diff: 0.0, Sum: 0.1]
      [Object Copy (ms): Min: 43.4, Avg: 43.4, Max: 43.4, Diff: 0.0, Sum: 86.8]
      [Termination (ms): Min: 0.0, Avg: 0.0, Max: 0.0, Diff: 0.0, Sum: 0.0]
      [GC Worker Other (ms): Min: 0.0, Avg: 0.0, Max: 0.0, Diff: 0.0, Sum: 0.1]
      [GC Worker Total (ms): Min: 45.1, Avg: 45.1, Max: 45.1, Diff: 0.0, Sum: 90.2]
      [GC Worker End (ms): Min: 68922.1, Avg: 68922.1, Max: 68922.1, Diff: 0.0]
   [Code Root Fixup: 0.0 ms]
   [Code Root Migration: 0.0 ms]
   [Clear CT: 0.1 ms]
   [Other: 0.4 ms]
      [Choose CSet: 0.0 ms]
      [Ref Proc: 0.0 ms]
      [Ref Enq: 0.0 ms]
      [Free CSet: 0.1 ms]
   [Eden: 68.0M(68.0M)->0.0B(26.0M) Survivors: 2048.0K->9216.0K Heap: 166.5M(256.0M)->177.5M(256.0M)]
 [Times: user=0.09 sys=0.00, real=0.05 secs] 
2014-07-10T16:13:37.981+0200: 68.965: [GC pause (young) (initial-mark), 0.0181197 secs]
   [Parallel Time: 17.7 ms, GC Workers: 2]
      [GC Worker Start (ms): Min: 68965.0, Avg: 68965.0, Max: 68965.0, Diff: 0.0]
      [Ext Root Scanning (ms): Min: 1.1, Avg: 1.1, Max: 1.1, Diff: 0.0, Sum: 2.2]
      [Code Root Marking (ms): Min: 0.0, Avg: 0.1, Max: 0.1, Diff: 0.1, Sum: 0.1]
      [Update RS (ms): Min: 0.9, Avg: 1.0, Max: 1.1, Diff: 0.2, Sum: 2.0]
         [Processed Buffers: Min: 4, Avg: 4.5, Max: 5, Diff: 1, Sum: 9]
      [Scan RS (ms): Min: 0.0, Avg: 0.0, Max: 0.1, Diff: 0.1, Sum: 0.1]
      [Code Root Scanning (ms): Min: 0.0, Avg: 0.0, Max: 0.0, Diff: 0.0, Sum: 0.0]
      [Object Copy (ms): Min: 15.4, Avg: 15.4, Max: 15.4, Diff: 0.0, Sum: 30.8]
      [Termination (ms): Min: 0.0, Avg: 0.0, Max: 0.0, Diff: 0.0, Sum: 0.0]
      [GC Worker Other (ms): Min: 0.0, Avg: 0.0, Max: 0.0, Diff: 0.0, Sum: 0.1]
      [GC Worker Total (ms): Min: 17.6, Avg: 17.6, Max: 17.6, Diff: 0.0, Sum: 35.3]
      [GC Worker End (ms): Min: 68982.7, Avg: 68982.7, Max: 68982.7, Diff: 0.0]
   [Code Root Fixup: 0.0 ms]
   [Code Root Migration: 0.0 ms]
   [Clear CT: 0.1 ms]
   [Other: 0.3 ms]
      [Choose CSet: 0.0 ms]
      [Ref Proc: 0.1 ms]
      [Ref Enq: 0.0 ms]
      [Free CSet: 0.1 ms]
   [Eden: 26.0M(26.0M)->0.0B(17.0M) Survivors: 9216.0K->5120.0K Heap: 203.5M(256.0M)->195.0M(256.0M)]
 [Times: user=0.03 sys=0.00, real=0.02 secs] 
2014-07-10T16:13:37.999+0200: 68.983: [GC concurrent-root-region-scan-start]
2014-07-10T16:13:37.999+0200: 68.983: [GC concurrent-root-region-scan-end, 0.0000832 secs]
2014-07-10T16:13:37.999+0200: 68.983: [GC concurrent-mark-start]
2014-07-10T16:13:38.006+0200: 68.990: [GC concurrent-mark-end, 0.0032853 secs]
2014-07-10T16:13:38.006+0200: 68.990: [GC remark 2014-07-10T16:13:38.006+0200: 68.990: [GC ref-proc, 0.0000660 secs], 0.0010240 secs]
 [Times: user=0.00 sys=0.00, real=0.00 secs] 
2014-07-10T16:13:38.010+0200: 68.994: [GC cleanup 198M->82M(256M), 0.0009683 secs]
 [Times: user=0.00 sys=0.00, real=0.00 secs] 
2014-07-10T16:13:38.011+0200: 68.995: [GC concurrent-cleanup-start]
2014-07-10T16:13:38.011+0200: 68.995: [GC concurrent-cleanup-end, 0.0001954 secs]
2014-07-10T16:13:38.035+0200: 69.019: [GC pause (young), 0.0126009 secs]
   [Parallel Time: 12.3 ms, GC Workers: 2]
      [GC Worker Start (ms): Min: 69019.0, Avg: 69019.0, Max: 69019.0, Diff: 0.0]
      [Ext Root Scanning (ms): Min: 1.1, Avg: 1.1, Max: 1.1, Diff: 0.0, Sum: 2.2]
      [Update RS (ms): Min: 0.4, Avg: 0.4, Max: 0.4, Diff: 0.0, Sum: 0.8]
         [Processed Buffers: Min: 2, Avg: 2.5, Max: 3, Diff: 1, Sum: 5]
      [Scan RS (ms): Min: 0.0, Avg: 0.0, Max: 0.0, Diff: 0.0, Sum: 0.1]
      [Code Root Scanning (ms): Min: 0.0, Avg: 0.0, Max: 0.0, Diff: 0.0, Sum: 0.0]
      [Object Copy (ms): Min: 10.7, Avg: 10.7, Max: 10.7, Diff: 0.0, Sum: 21.4]
      [Termination (ms): Min: 0.0, Avg: 0.0, Max: 0.0, Diff: 0.0, Sum: 0.0]
      [GC Worker Other (ms): Min: 0.0, Avg: 0.0, Max: 0.0, Diff: 0.0, Sum: 0.1]
      [GC Worker Total (ms): Min: 12.3, Avg: 12.3, Max: 12.3, Diff: 0.0, Sum: 24.5]
      [GC Worker End (ms): Min: 69031.3, Avg: 69031.3, Max: 69031.3, Diff: 0.0]
   [Code Root Fixup: 0.0 ms]
   [Code Root Migration: 0.0 ms]
   [Clear CT: 0.0 ms]
   [Other: 0.3 ms]
      [Choose CSet: 0.0 ms]
      [Ref Proc: 0.1 ms]
      [Ref Enq: 0.0 ms]
      [Free CSet: 0.1 ms]
   [Eden: 17.0M(17.0M)->0.0B(9216.0K) Survivors: 5120.0K->3072.0K Heap: 96.0M(256.0M)->93.0M(256.0M)]
 [Times: user=0.03 sys=0.00, real=0.01 secs] 
2014-07-10T16:13:38.061+0200: 69.045: [GC pause (mixed), 0.0095275 secs]
   [Parallel Time: 9.0 ms, GC Workers: 2]
      [GC Worker Start (ms): Min: 69045.1, Avg: 69045.1, Max: 69045.1, Diff: 0.0]
      [Ext Root Scanning (ms): Min: 1.0, Avg: 1.0, Max: 1.1, Diff: 0.0, Sum: 2.1]
      [Update RS (ms): Min: 0.3, Avg: 0.3, Max: 0.3, Diff: 0.0, Sum: 0.6]
         [Processed Buffers: Min: 1, Avg: 3.0, Max: 5, Diff: 4, Sum: 6]
      [Scan RS (ms): Min: 0.1, Avg: 0.1, Max: 0.1, Diff: 0.0, Sum: 0.1]
      [Code Root Scanning (ms): Min: 0.0, Avg: 0.0, Max: 0.0, Diff: 0.0, Sum: 0.0]
      [Object Copy (ms): Min: 7.5, Avg: 7.5, Max: 7.6, Diff: 0.0, Sum: 15.1]
      [Termination (ms): Min: 0.0, Avg: 0.0, Max: 0.0, Diff: 0.0, Sum: 0.0]
      [GC Worker Other (ms): Min: 0.0, Avg: 0.0, Max: 0.0, Diff: 0.0, Sum: 0.1]
      [GC Worker Total (ms): Min: 9.0, Avg: 9.0, Max: 9.0, Diff: 0.0, Sum: 18.0]
      [GC Worker End (ms): Min: 69054.1, Avg: 69054.1, Max: 69054.1, Diff: 0.0]
   [Code Root Fixup: 0.0 ms]
   [Code Root Migration: 0.0 ms]
   [Clear CT: 0.0 ms]
   [Other: 0.4 ms]
      [Choose CSet: 0.0 ms]
      [Ref Proc: 0.1 ms]
      [Ref Enq: 0.0 ms]
      [Free CSet: 0.2 ms]
   [Eden: 9216.0K(9216.0K)->0.0B(68.0M) Survivors: 3072.0K->2048.0K Heap: 102.0M(256.0M)->97.0M(256.0M)]
 [Times: user=0.03 sys=0.00, real=0.01 secs] 
2014-07-10T16:13:38.183+0200: 69.167: [GC pause (young), 0.0453164 secs]
   [Parallel Time: 44.8 ms, GC Workers: 2]
      [GC Worker Start (ms): Min: 69167.1, Avg: 69167.2, Max: 69167.2, Diff: 0.0]
      [Ext Root Scanning (ms): Min: 1.0, Avg: 1.0, Max: 1.0, Diff: 0.0, Sum: 2.0]
      [Update RS (ms): Min: 0.4, Avg: 0.4, Max: 0.4, Diff: 0.1, Sum: 0.8]
         [Processed Buffers: Min: 1, Avg: 3.0, Max: 5, Diff: 4, Sum: 6]
      [Scan RS (ms): Min: 0.1, Avg: 0.1, Max: 0.1, Diff: 0.1, Sum: 0.2]
      [Code Root Scanning (ms): Min: 0.0, Avg: 0.0, Max: 0.1, Diff: 0.0, Sum: 0.1]
      [Object Copy (ms): Min: 43.2, Avg: 43.2, Max: 43.2, Diff: 0.0, Sum: 86.3]
      [Termination (ms): Min: 0.0, Avg: 0.0, Max: 0.0, Diff: 0.0, Sum: 0.0]
      [GC Worker Other (ms): Min: 0.0, Avg: 0.0, Max: 0.0, Diff: 0.0, Sum: 0.0]
      [GC Worker Total (ms): Min: 44.7, Avg: 44.7, Max: 44.7, Diff: 0.0, Sum: 89.5]
      [GC Worker End (ms): Min: 69211.9, Avg: 69211.9, Max: 69211.9, Diff: 0.0]
   [Code Root Fixup: 0.0 ms]
   [Code Root Migration: 0.0 ms]
   [Clear CT: 0.1 ms]
   [Other: 0.4 ms]
      [Choose CSet: 0.0 ms]
      [Ref Proc: 0.1 ms]
      [Ref Enq: 0.0 ms]
      [Free CSet: 0.1 ms]
   [Eden: 68.0M(68.0M)->0.0B(28.0M) Survivors: 2048.0K->9216.0K Heap: 165.0M(256.0M)->172.5M(256.0M)]
 [Times: user=0.09 sys=0.00, real=0.04 secs] 
2014-07-10T16:13:38.283+0200: 69.267: [GC pause (young) (initial-mark), 0.0190370 secs]
   [Parallel Time: 18.7 ms, GC Workers: 2]
      [GC Worker Start (ms): Min: 69267.1, Avg: 69267.1, Max: 69267.1, Diff: 0.0]
      [Ext Root Scanning (ms): Min: 0.9, Avg: 0.9, Max: 1.0, Diff: 0.0, Sum: 1.9]
      [Code Root Marking (ms): Min: 0.0, Avg: 0.0, Max: 0.1, Diff: 0.0, Sum: 0.1]
      [Update RS (ms): Min: 0.9, Avg: 0.9, Max: 0.9, Diff: 0.0, Sum: 1.8]
         [Processed Buffers: Min: 4, Avg: 4.5, Max: 5, Diff: 1, Sum: 9]
      [Scan RS (ms): Min: 0.0, Avg: 0.0, Max: 0.0, Diff: 0.0, Sum: 0.1]
      [Code Root Scanning (ms): Min: 0.0, Avg: 0.0, Max: 0.0, Diff: 0.0, Sum: 0.1]
      [Object Copy (ms): Min: 16.6, Avg: 16.6, Max: 16.6, Diff: 0.0, Sum: 33.2]
      [Termination (ms): Min: 0.0, Avg: 0.0, Max: 0.0, Diff: 0.0, Sum: 0.0]
      [GC Worker Other (ms): Min: 0.0, Avg: 0.0, Max: 0.0, Diff: 0.0, Sum: 0.1]
      [GC Worker Total (ms): Min: 18.6, Avg: 18.6, Max: 18.6, Diff: 0.0, Sum: 37.2]
      [GC Worker End (ms): Min: 69285.7, Avg: 69285.7, Max: 69285.7, Diff: 0.0]
   [Code Root Fixup: 0.0 ms]
   [Code Root Migration: 0.0 ms]
   [Clear CT: 0.0 ms]
   [Other: 0.3 ms]
      [Choose CSet: 0.0 ms]
      [Ref Proc: 0.1 ms]
      [Ref Enq: 0.0 ms]
      [Free CSet: 0.1 ms]
   [Eden: 28.0M(28.0M)->0.0B(19.0M) Survivors: 9216.0K->5120.0K Heap: 200.5M(256.0M)->191.5M(256.0M)]
 [Times: user=0.03 sys=0.00, real=0.02 secs] 
2014-07-10T16:13:38.302+0200: 69.286: [GC concurrent-root-region-scan-start]
2014-07-10T16:13:38.302+0200: 69.286: [GC concurrent-root-region-scan-end, 0.0001034 secs]
2014-07-10T16:13:38.302+0200: 69.286: [GC concurrent-mark-start]
2014-07-10T16:13:38.306+0200: 69.290: [GC concurrent-mark-end, 0.0037949 secs]
2014-07-10T16:13:38.306+0200: 69.291: [GC remark 2014-07-10T16:13:38.306+0200: 69.291: [GC ref-proc, 0.0000975 secs], 0.0011024 secs]
 [Times: user=0.00 sys=0.00, real=0.00 secs] 
2014-07-10T16:13:38.308+0200: 69.292: [GC cleanup 192M->93M(256M), 0.0011835 secs]
 [Times: user=0.00 sys=0.00, real=0.00 secs] 
2014-07-10T16:13:38.309+0200: 69.293: [GC concurrent-cleanup-start]
2014-07-10T16:13:38.309+0200: 69.293: [GC concurrent-cleanup-end, 0.0002075 secs]
2014-07-10T16:13:38.337+0200: 69.321: [GC pause (young), 0.0130896 secs]
   [Parallel Time: 12.8 ms, GC Workers: 2]
      [GC Worker Start (ms): Min: 69321.0, Avg: 69321.0, Max: 69321.0, Diff: 0.0]
      [Ext Root Scanning (ms): Min: 0.9, Avg: 1.0, Max: 1.0, Diff: 0.1, Sum: 1.9]
      [Update RS (ms): Min: 0.4, Avg: 0.4, Max: 0.5, Diff: 0.1, Sum: 0.9]
         [Processed Buffers: Min: 2, Avg: 3.0, Max: 4, Diff: 2, Sum: 6]
      [Scan RS (ms): Min: 0.0, Avg: 0.0, Max: 0.0, Diff: 0.0, Sum: 0.1]
      [Code Root Scanning (ms): Min: 0.0, Avg: 0.0, Max: 0.0, Diff: 0.0, Sum: 0.0]
      [Object Copy (ms): Min: 11.3, Avg: 11.3, Max: 11.3, Diff: 0.0, Sum: 22.5]
      [Termination (ms): Min: 0.0, Avg: 0.0, Max: 0.0, Diff: 0.0, Sum: 0.0]
      [GC Worker Other (ms): Min: 0.0, Avg: 0.0, Max: 0.0, Diff: 0.0, Sum: 0.1]
      [GC Worker Total (ms): Min: 12.8, Avg: 12.8, Max: 12.8, Diff: 0.0, Sum: 25.5]
      [GC Worker End (ms): Min: 69333.8, Avg: 69333.8, Max: 69333.8, Diff: 0.0]
   [Code Root Fixup: 0.0 ms]
   [Code Root Migration: 0.0 ms]
   [Clear CT: 0.0 ms]
   [Other: 0.3 ms]
      [Choose CSet: 0.0 ms]
      [Ref Proc: 0.0 ms]
      [Ref Enq: 0.0 ms]
      [Free CSet: 0.1 ms]
   [Eden: 19.0M(19.0M)->0.0B(9216.0K) Survivors: 5120.0K->3072.0K Heap: 111.5M(256.0M)->107.0M(256.0M)]
 [Times: user=0.00 sys=0.00, real=0.01 secs] 
2014-07-10T16:13:38.364+0200: 69.348: [GC pause (mixed), 0.0117720 secs]
   [Parallel Time: 11.3 ms, GC Workers: 2]
      [GC Worker Start (ms): Min: 69347.9, Avg: 69350.1, Max: 69352.3, Diff: 4.3]
      [Ext Root Scanning (ms): Min: 0.0, Avg: 0.9, Max: 1.7, Diff: 1.7, Sum: 1.7]
      [Update RS (ms): Min: 0.0, Avg: 0.3, Max: 0.6, Diff: 0.6, Sum: 0.6]
         [Processed Buffers: Min: 0, Avg: 3.0, Max: 6, Diff: 6, Sum: 6]
      [Scan RS (ms): Min: 0.0, Avg: 0.1, Max: 0.2, Diff: 0.2, Sum: 0.2]
      [Code Root Scanning (ms): Min: 0.0, Avg: 0.0, Max: 0.0, Diff: 0.0, Sum: 0.0]
      [Object Copy (ms): Min: 6.9, Avg: 7.8, Max: 8.7, Diff: 1.8, Sum: 15.7]
      [Termination (ms): Min: 0.0, Avg: 0.0, Max: 0.0, Diff: 0.0, Sum: 0.0]
      [GC Worker Other (ms): Min: 0.0, Avg: 0.0, Max: 0.0, Diff: 0.0, Sum: 0.1]
      [GC Worker Total (ms): Min: 7.0, Avg: 9.2, Max: 11.3, Diff: 4.3, Sum: 18.3]
      [GC Worker End (ms): Min: 69359.3, Avg: 69359.3, Max: 69359.3, Diff: 0.0]
   [Code Root Fixup: 0.0 ms]
   [Code Root Migration: 0.0 ms]
   [Clear CT: 0.1 ms]
   [Other: 0.3 ms]
      [Choose CSet: 0.0 ms]
      [Ref Proc: 0.0 ms]
      [Ref Enq: 0.0 ms]
      [Free CSet: 0.2 ms]
   [Eden: 9216.0K(9216.0K)->0.0B(66.0M) Survivors: 3072.0K->2048.0K Heap: 116.0M(256.0M)->100.5M(256.0M)]
 [Times: user=0.02 sys=0.00, real=0.01 secs] 
2014-07-10T16:13:38.484+0200: 69.468: [GC pause (young), 0.0445073 secs]
   [Parallel Time: 44.1 ms, GC Workers: 2]
      [GC Worker Start (ms): Min: 69468.1, Avg: 69468.1, Max: 69468.1, Diff: 0.0]
      [Ext Root Scanning (ms): Min: 1.1, Avg: 1.2, Max: 1.2, Diff: 0.1, Sum: 2.3]
      [Update RS (ms): Min: 0.4, Avg: 0.5, Max: 0.5, Diff: 0.0, Sum: 0.9]
         [Processed Buffers: Min: 1, Avg: 3.0, Max: 5, Diff: 4, Sum: 6]
      [Scan RS (ms): Min: 0.1, Avg: 0.1, Max: 0.1, Diff: 0.1, Sum: 0.2]
      [Code Root Scanning (ms): Min: 0.0, Avg: 0.0, Max: 0.1, Diff: 0.0, Sum: 0.1]
      [Object Copy (ms): Min: 42.2, Avg: 42.2, Max: 42.3, Diff: 0.0, Sum: 84.5]
      [Termination (ms): Min: 0.0, Avg: 0.0, Max: 0.0, Diff: 0.0, Sum: 0.0]
      [GC Worker Other (ms): Min: 0.0, Avg: 0.0, Max: 0.0, Diff: 0.0, Sum: 0.1]
      [GC Worker Total (ms): Min: 44.0, Avg: 44.0, Max: 44.0, Diff: 0.0, Sum: 88.1]
      [GC Worker End (ms): Min: 69512.2, Avg: 69512.2, Max: 69512.2, Diff: 0.0]
   [Code Root Fixup: 0.0 ms]
   [Code Root Migration: 0.0 ms]
   [Clear CT: 0.1 ms]
   [Other: 0.4 ms]
      [Choose CSet: 0.0 ms]
      [Ref Proc: 0.0 ms]
      [Ref Enq: 0.0 ms]
      [Free CSet: 0.1 ms]
   [Eden: 66.0M(66.0M)->0.0B(28.0M) Survivors: 2048.0K->9216.0K Heap: 166.5M(256.0M)->172.0M(256.0M)]
 [Times: user=0.09 sys=0.00, real=0.05 secs] 
2014-07-10T16:13:38.574+0200: 69.558: [GC pause (young) (initial-mark), 0.0193138 secs]
   [Parallel Time: 18.9 ms, GC Workers: 2]
      [GC Worker Start (ms): Min: 69558.0, Avg: 69558.0, Max: 69558.0, Diff: 0.0]
      [Ext Root Scanning (ms): Min: 1.2, Avg: 1.2, Max: 1.2, Diff: 0.0, Sum: 2.4]
      [Code Root Marking (ms): Min: 0.1, Avg: 0.1, Max: 0.1, Diff: 0.0, Sum: 0.1]
      [Update RS (ms): Min: 0.8, Avg: 0.9, Max: 0.9, Diff: 0.1, Sum: 1.8]
         [Processed Buffers: Min: 4, Avg: 5.0, Max: 6, Diff: 2, Sum: 10]
      [Scan RS (ms): Min: 0.0, Avg: 0.0, Max: 0.1, Diff: 0.0, Sum: 0.1]
      [Code Root Scanning (ms): Min: 0.0, Avg: 0.0, Max: 0.0, Diff: 0.0, Sum: 0.0]
      [Object Copy (ms): Min: 16.6, Avg: 16.6, Max: 16.6, Diff: 0.0, Sum: 33.3]
      [Termination (ms): Min: 0.0, Avg: 0.0, Max: 0.0, Diff: 0.0, Sum: 0.0]
      [GC Worker Other (ms): Min: 0.0, Avg: 0.0, Max: 0.0, Diff: 0.0, Sum: 0.1]
      [GC Worker Total (ms): Min: 18.9, Avg: 18.9, Max: 18.9, Diff: 0.0, Sum: 37.8]
      [GC Worker End (ms): Min: 69576.9, Avg: 69576.9, Max: 69576.9, Diff: 0.0]
   [Code Root Fixup: 0.0 ms]
   [Code Root Migration: 0.0 ms]
   [Clear CT: 0.0 ms]
   [Other: 0.3 ms]
      [Choose CSet: 0.0 ms]
      [Ref Proc: 0.0 ms]
      [Ref Enq: 0.0 ms]
      [Free CSet: 0.1 ms]
   [Eden: 28.0M(28.0M)->0.0B(19.0M) Survivors: 9216.0K->5120.0K Heap: 200.0M(256.0M)->191.5M(256.0M)]
 [Times: user=0.03 sys=0.00, real=0.02 secs] 
2014-07-10T16:13:38.593+0200: 69.578: [GC concurrent-root-region-scan-start]
2014-07-10T16:13:38.595+0200: 69.579: [GC concurrent-root-region-scan-end, 0.0014988 secs]
2014-07-10T16:13:38.595+0200: 69.579: [GC concurrent-mark-start]
2014-07-10T16:13:38.598+0200: 69.582: [GC concurrent-mark-end, 0.0033532 secs]
2014-07-10T16:13:38.598+0200: 69.582: [GC remark 2014-07-10T16:13:38.598+0200: 69.583: [GC ref-proc, 0.0000748 secs], 0.0010929 secs]
 [Times: user=0.00 sys=0.00, real=0.00 secs] 
2014-07-10T16:13:38.599+0200: 69.584: [GC cleanup 195M->88M(256M), 0.0008487 secs]
 [Times: user=0.03 sys=0.00, real=0.00 secs] 
2014-07-10T16:13:38.600+0200: 69.585: [GC concurrent-cleanup-start]
2014-07-10T16:13:38.601+0200: 69.585: [GC concurrent-cleanup-end, 0.0002185 secs]
2014-07-10T16:13:38.623+0200: 69.607: [GC pause (young), 0.0137716 secs]
   [Parallel Time: 13.5 ms, GC Workers: 2]
      [GC Worker Start (ms): Min: 69607.2, Avg: 69607.2, Max: 69607.2, Diff: 0.0]
      [Ext Root Scanning (ms): Min: 1.1, Avg: 1.1, Max: 1.2, Diff: 0.1, Sum: 2.3]
      [Update RS (ms): Min: 0.4, Avg: 0.4, Max: 0.5, Diff: 0.0, Sum: 0.9]
         [Processed Buffers: Min: 2, Avg: 2.5, Max: 3, Diff: 1, Sum: 5]
      [Scan RS (ms): Min: 0.0, Avg: 0.0, Max: 0.0, Diff: 0.0, Sum: 0.1]
      [Code Root Scanning (ms): Min: 0.0, Avg: 0.0, Max: 0.0, Diff: 0.0, Sum: 0.0]
      [Object Copy (ms): Min: 11.8, Avg: 11.8, Max: 11.8, Diff: 0.0, Sum: 23.6]
      [Termination (ms): Min: 0.0, Avg: 0.0, Max: 0.0, Diff: 0.0, Sum: 0.0]
      [GC Worker Other (ms): Min: 0.0, Avg: 0.0, Max: 0.0, Diff: 0.0, Sum: 0.1]
      [GC Worker Total (ms): Min: 13.5, Avg: 13.5, Max: 13.5, Diff: 0.0, Sum: 26.9]
      [GC Worker End (ms): Min: 69620.6, Avg: 69620.6, Max: 69620.6, Diff: 0.0]
   [Code Root Fixup: 0.0 ms]
   [Code Root Migration: 0.0 ms]
   [Clear CT: 0.0 ms]
   [Other: 0.2 ms]
      [Choose CSet: 0.0 ms]
      [Ref Proc: 0.0 ms]
      [Ref Enq: 0.0 ms]
      [Free CSet: 0.1 ms]
   [Eden: 19.0M(19.0M)->0.0B(9216.0K) Survivors: 5120.0K->3072.0K Heap: 103.5M(256.0M)->99.5M(256.0M)]
 [Times: user=0.03 sys=0.00, real=0.01 secs] 
2014-07-10T16:13:38.651+0200: 69.635: [GC pause (mixed), 0.0084991 secs]
   [Parallel Time: 8.1 ms, GC Workers: 2]
      [GC Worker Start (ms): Min: 69635.0, Avg: 69635.0, Max: 69635.0, Diff: 0.0]
      [Ext Root Scanning (ms): Min: 1.0, Avg: 1.0, Max: 1.0, Diff: 0.1, Sum: 2.0]
      [Update RS (ms): Min: 0.3, Avg: 0.3, Max: 0.3, Diff: 0.0, Sum: 0.6]
         [Processed Buffers: Min: 1, Avg: 4.0, Max: 7, Diff: 6, Sum: 8]
      [Scan RS (ms): Min: 0.1, Avg: 0.1, Max: 0.1, Diff: 0.0, Sum: 0.2]
      [Code Root Scanning (ms): Min: 0.0, Avg: 0.0, Max: 0.0, Diff: 0.0, Sum: 0.0]
      [Object Copy (ms): Min: 6.6, Avg: 6.6, Max: 6.6, Diff: 0.0, Sum: 13.2]
      [Termination (ms): Min: 0.0, Avg: 0.0, Max: 0.0, Diff: 0.0, Sum: 0.0]
      [GC Worker Other (ms): Min: 0.0, Avg: 0.0, Max: 0.0, Diff: 0.0, Sum: 0.1]
      [GC Worker Total (ms): Min: 8.1, Avg: 8.1, Max: 8.1, Diff: 0.0, Sum: 16.2]
      [GC Worker End (ms): Min: 69643.1, Avg: 69643.1, Max: 69643.1, Diff: 0.0]
   [Code Root Fixup: 0.0 ms]
   [Code Root Migration: 0.0 ms]
   [Clear CT: 0.1 ms]
   [Other: 0.3 ms]
      [Choose CSet: 0.0 ms]
      [Ref Proc: 0.0 ms]
      [Ref Enq: 0.0 ms]
      [Free CSet: 0.1 ms]
   [Eden: 9216.0K(9216.0K)->0.0B(68.0M) Survivors: 3072.0K->2048.0K Heap: 108.5M(256.0M)->98.0M(256.0M)]
 [Times: user=0.00 sys=0.00, real=0.01 secs] 
2014-07-10T16:13:38.772+0200: 69.756: [GC pause (young), 0.0448288 secs]
   [Parallel Time: 44.3 ms, GC Workers: 2]
      [GC Worker Start (ms): Min: 69756.0, Avg: 69756.0, Max: 69756.0, Diff: 0.0]
      [Ext Root Scanning (ms): Min: 0.9, Avg: 1.0, Max: 1.0, Diff: 0.0, Sum: 1.9]
      [Update RS (ms): Min: 0.4, Avg: 0.4, Max: 0.4, Diff: 0.0, Sum: 0.9]
         [Processed Buffers: Min: 2, Avg: 2.5, Max: 3, Diff: 1, Sum: 5]
      [Scan RS (ms): Min: 0.1, Avg: 0.1, Max: 0.1, Diff: 0.0, Sum: 0.2]
      [Code Root Scanning (ms): Min: 0.0, Avg: 0.0, Max: 0.0, Diff: 0.0, Sum: 0.1]
      [Object Copy (ms): Min: 42.7, Avg: 42.8, Max: 42.8, Diff: 0.0, Sum: 85.5]
      [Termination (ms): Min: 0.0, Avg: 0.0, Max: 0.0, Diff: 0.0, Sum: 0.0]
      [GC Worker Other (ms): Min: 0.0, Avg: 0.0, Max: 0.0, Diff: 0.0, Sum: 0.1]
      [GC Worker Total (ms): Min: 44.3, Avg: 44.3, Max: 44.3, Diff: 0.0, Sum: 88.7]
      [GC Worker End (ms): Min: 69800.4, Avg: 69800.4, Max: 69800.4, Diff: 0.0]
   [Code Root Fixup: 0.0 ms]
   [Code Root Migration: 0.0 ms]
   [Clear CT: 0.1 ms]
   [Other: 0.4 ms]
      [Choose CSet: 0.0 ms]
      [Ref Proc: 0.0 ms]
      [Ref Enq: 0.0 ms]
      [Free CSet: 0.2 ms]
   [Eden: 68.0M(68.0M)->0.0B(28.0M) Survivors: 2048.0K->9216.0K Heap: 166.0M(256.0M)->173.0M(256.0M)]
 [Times: user=0.06 sys=0.00, real=0.04 secs] 
2014-07-10T16:13:38.862+0200: 69.846: [GC pause (young) (initial-mark), 0.0192845 secs]
   [Parallel Time: 18.8 ms, GC Workers: 2]
      [GC Worker Start (ms): Min: 69846.1, Avg: 69846.1, Max: 69846.1, Diff: 0.0]
      [Ext Root Scanning (ms): Min: 1.1, Avg: 1.1, Max: 1.1, Diff: 0.0, Sum: 2.2]
      [Code Root Marking (ms): Min: 0.0, Avg: 0.1, Max: 0.1, Diff: 0.0, Sum: 0.1]
      [Update RS (ms): Min: 0.9, Avg: 0.9, Max: 0.9, Diff: 0.0, Sum: 1.8]
         [Processed Buffers: Min: 4, Avg: 4.5, Max: 5, Diff: 1, Sum: 9]
      [Scan RS (ms): Min: 0.0, Avg: 0.1, Max: 0.1, Diff: 0.0, Sum: 0.1]
      [Code Root Scanning (ms): Min: 0.0, Avg: 0.0, Max: 0.0, Diff: 0.0, Sum: 0.0]
      [Object Copy (ms): Min: 16.6, Avg: 16.6, Max: 16.6, Diff: 0.0, Sum: 33.2]
      [Termination (ms): Min: 0.0, Avg: 0.0, Max: 0.0, Diff: 0.0, Sum: 0.0]
      [GC Worker Other (ms): Min: 0.0, Avg: 0.0, Max: 0.0, Diff: 0.0, Sum: 0.1]
      [GC Worker Total (ms): Min: 18.8, Avg: 18.8, Max: 18.8, Diff: 0.0, Sum: 37.5]
      [GC Worker End (ms): Min: 69864.9, Avg: 69864.9, Max: 69864.9, Diff: 0.0]
   [Code Root Fixup: 0.0 ms]
   [Code Root Migration: 0.0 ms]
   [Clear CT: 0.0 ms]
   [Other: 0.4 ms]
      [Choose CSet: 0.0 ms]
      [Ref Proc: 0.1 ms]
      [Ref Enq: 0.0 ms]
      [Free CSet: 0.1 ms]
   [Eden: 28.0M(28.0M)->0.0B(18.0M) Survivors: 9216.0K->5120.0K Heap: 201.0M(256.0M)->192.0M(256.0M)]
 [Times: user=0.06 sys=0.00, real=0.02 secs] 
2014-07-10T16:13:38.881+0200: 69.866: [GC concurrent-root-region-scan-start]
2014-07-10T16:13:38.881+0200: 69.866: [GC concurrent-root-region-scan-end, 0.0000865 secs]
2014-07-10T16:13:38.881+0200: 69.866: [GC concurrent-mark-start]
2014-07-10T16:13:38.886+0200: 69.870: [GC concurrent-mark-end, 0.0037256 secs]
2014-07-10T16:13:38.886+0200: 69.870: [GC remark 2014-07-10T16:13:38.886+0200: 69.871: [GC ref-proc, 0.0000847 secs], 0.0012403 secs]
 [Times: user=0.00 sys=0.00, real=0.00 secs] 
2014-07-10T16:13:38.888+0200: 69.872: [GC cleanup 196M->88M(256M), 0.0007681 secs]
 [Times: user=0.00 sys=0.00, real=0.00 secs] 
2014-07-10T16:13:38.888+0200: 69.873: [GC concurrent-cleanup-start]
2014-07-10T16:13:38.889+0200: 69.873: [GC concurrent-cleanup-end, 0.0002526 secs]
2014-07-10T16:13:38.910+0200: 69.894: [GC pause (young), 0.0126031 secs]
   [Parallel Time: 12.3 ms, GC Workers: 2]
      [GC Worker Start (ms): Min: 69894.2, Avg: 69894.2, Max: 69894.2, Diff: 0.0]
      [Ext Root Scanning (ms): Min: 1.1, Avg: 1.1, Max: 1.1, Diff: 0.1, Sum: 2.2]
      [Update RS (ms): Min: 0.4, Avg: 0.4, Max: 0.5, Diff: 0.0, Sum: 0.9]
         [Processed Buffers: Min: 2, Avg: 3.5, Max: 5, Diff: 3, Sum: 7]
      [Scan RS (ms): Min: 0.0, Avg: 0.0, Max: 0.1, Diff: 0.1, Sum: 0.1]
      [Code Root Scanning (ms): Min: 0.0, Avg: 0.0, Max: 0.0, Diff: 0.0, Sum: 0.0]
      [Object Copy (ms): Min: 10.6, Avg: 10.6, Max: 10.6, Diff: 0.0, Sum: 21.2]
      [Termination (ms): Min: 0.0, Avg: 0.0, Max: 0.0, Diff: 0.0, Sum: 0.0]
      [GC Worker Other (ms): Min: 0.0, Avg: 0.0, Max: 0.0, Diff: 0.0, Sum: 0.1]
      [GC Worker Total (ms): Min: 12.2, Avg: 12.2, Max: 12.2, Diff: 0.0, Sum: 24.5]
      [GC Worker End (ms): Min: 69906.4, Avg: 69906.4, Max: 69906.4, Diff: 0.0]
   [Code Root Fixup: 0.0 ms]
   [Code Root Migration: 0.0 ms]
   [Clear CT: 0.0 ms]
   [Other: 0.2 ms]
      [Choose CSet: 0.0 ms]
      [Ref Proc: 0.0 ms]
      [Ref Enq: 0.0 ms]
      [Free CSet: 0.1 ms]
   [Eden: 18.0M(18.0M)->0.0B(9216.0K) Survivors: 5120.0K->3072.0K Heap: 102.0M(256.0M)->98.0M(256.0M)]
 [Times: user=0.03 sys=0.00, real=0.01 secs] 
2014-07-10T16:13:38.937+0200: 69.921: [GC pause (mixed), 0.0097343 secs]
   [Parallel Time: 9.3 ms, GC Workers: 2]
      [GC Worker Start (ms): Min: 69921.1, Avg: 69921.1, Max: 69921.1, Diff: 0.0]
      [Ext Root Scanning (ms): Min: 1.2, Avg: 1.3, Max: 1.3, Diff: 0.2, Sum: 2.5]
      [Update RS (ms): Min: 0.2, Avg: 0.3, Max: 0.4, Diff: 0.2, Sum: 0.6]
         [Processed Buffers: Min: 3, Avg: 3.5, Max: 4, Diff: 1, Sum: 7]
      [Scan RS (ms): Min: 0.1, Avg: 0.1, Max: 0.1, Diff: 0.0, Sum: 0.2]
      [Code Root Scanning (ms): Min: 0.0, Avg: 0.0, Max: 0.0, Diff: 0.0, Sum: 0.0]
      [Object Copy (ms): Min: 7.6, Avg: 7.6, Max: 7.6, Diff: 0.0, Sum: 15.2]
      [Termination (ms): Min: 0.0, Avg: 0.0, Max: 0.0, Diff: 0.0, Sum: 0.0]
      [GC Worker Other (ms): Min: 0.0, Avg: 0.0, Max: 0.0, Diff: 0.0, Sum: 0.1]
      [GC Worker Total (ms): Min: 9.3, Avg: 9.3, Max: 9.3, Diff: 0.0, Sum: 18.6]
      [GC Worker End (ms): Min: 69930.4, Avg: 69930.4, Max: 69930.4, Diff: 0.0]
   [Code Root Fixup: 0.0 ms]
   [Code Root Migration: 0.0 ms]
   [Clear CT: 0.1 ms]
   [Other: 0.3 ms]
      [Choose CSet: 0.0 ms]
      [Ref Proc: 0.1 ms]
      [Ref Enq: 0.0 ms]
      [Free CSet: 0.1 ms]
   [Eden: 9216.0K(9216.0K)->0.0B(70.0M) Survivors: 3072.0K->2048.0K Heap: 107.0M(256.0M)->99.5M(256.0M)]
 [Times: user=0.03 sys=0.00, real=0.01 secs] 
2014-07-10T16:13:39.062+0200: 70.046: [GC pause (young), 0.0466102 secs]
   [Parallel Time: 46.0 ms, GC Workers: 2]
      [GC Worker Start (ms): Min: 70046.1, Avg: 70046.2, Max: 70046.2, Diff: 0.0]
      [Ext Root Scanning (ms): Min: 1.1, Avg: 1.1, Max: 1.1, Diff: 0.0, Sum: 2.2]
      [Update RS (ms): Min: 0.4, Avg: 0.4, Max: 0.5, Diff: 0.1, Sum: 0.9]
         [Processed Buffers: Min: 1, Avg: 3.0, Max: 5, Diff: 4, Sum: 6]
      [Scan RS (ms): Min: 0.1, Avg: 0.1, Max: 0.1, Diff: 0.1, Sum: 0.2]
      [Code Root Scanning (ms): Min: 0.0, Avg: 0.0, Max: 0.1, Diff: 0.0, Sum: 0.1]
      [Object Copy (ms): Min: 44.2, Avg: 44.2, Max: 44.2, Diff: 0.0, Sum: 88.5]
      [Termination (ms): Min: 0.0, Avg: 0.0, Max: 0.0, Diff: 0.0, Sum: 0.0]
      [GC Worker Other (ms): Min: 0.0, Avg: 0.0, Max: 0.0, Diff: 0.0, Sum: 0.1]
      [GC Worker Total (ms): Min: 46.0, Avg: 46.0, Max: 46.0, Diff: 0.0, Sum: 91.9]
      [GC Worker End (ms): Min: 70092.1, Avg: 70092.1, Max: 70092.1, Diff: 0.0]
   [Code Root Fixup: 0.0 ms]
   [Code Root Migration: 0.0 ms]
   [Clear CT: 0.1 ms]
   [Other: 0.5 ms]
      [Choose CSet: 0.0 ms]
      [Ref Proc: 0.0 ms]
      [Ref Enq: 0.0 ms]
      [Free CSet: 0.3 ms]
   [Eden: 70.0M(70.0M)->0.0B(24.0M) Survivors: 2048.0K->9216.0K Heap: 169.5M(256.0M)->180.0M(256.0M)]
 [Times: user=0.09 sys=0.00, real=0.05 secs] 
2014-07-10T16:13:39.147+0200: 70.131: [GC pause (young) (initial-mark), 0.0168420 secs]
   [Parallel Time: 16.4 ms, GC Workers: 2]
      [GC Worker Start (ms): Min: 70131.2, Avg: 70131.2, Max: 70131.2, Diff: 0.0]
      [Ext Root Scanning (ms): Min: 1.0, Avg: 1.0, Max: 1.1, Diff: 0.0, Sum: 2.1]
      [Code Root Marking (ms): Min: 0.0, Avg: 0.1, Max: 0.1, Diff: 0.1, Sum: 0.1]
      [Update RS (ms): Min: 0.9, Avg: 0.9, Max: 0.9, Diff: 0.0, Sum: 1.9]
         [Processed Buffers: Min: 4, Avg: 5.5, Max: 7, Diff: 3, Sum: 11]
      [Scan RS (ms): Min: 0.0, Avg: 0.0, Max: 0.1, Diff: 0.0, Sum: 0.1]
      [Code Root Scanning (ms): Min: 0.0, Avg: 0.0, Max: 0.0, Diff: 0.0, Sum: 0.0]
      [Object Copy (ms): Min: 14.2, Avg: 14.2, Max: 14.2, Diff: 0.0, Sum: 28.5]
      [Termination (ms): Min: 0.0, Avg: 0.0, Max: 0.0, Diff: 0.0, Sum: 0.0]
      [GC Worker Other (ms): Min: 0.0, Avg: 0.0, Max: 0.0, Diff: 0.0, Sum: 0.1]
      [GC Worker Total (ms): Min: 16.4, Avg: 16.4, Max: 16.4, Diff: 0.0, Sum: 32.7]
      [GC Worker End (ms): Min: 70147.6, Avg: 70147.6, Max: 70147.6, Diff: 0.0]
   [Code Root Fixup: 0.0 ms]
   [Code Root Migration: 0.0 ms]
   [Clear CT: 0.0 ms]
   [Other: 0.4 ms]
      [Choose CSet: 0.0 ms]
      [Ref Proc: 0.0 ms]
      [Ref Enq: 0.0 ms]
      [Free CSet: 0.1 ms]
   [Eden: 24.0M(24.0M)->0.0B(17.0M) Survivors: 9216.0K->5120.0K Heap: 204.0M(256.0M)->195.0M(256.0M)]
 [Times: user=0.03 sys=0.00, real=0.02 secs] 
2014-07-10T16:13:39.164+0200: 70.148: [GC concurrent-root-region-scan-start]
2014-07-10T16:13:39.164+0200: 70.148: [GC concurrent-root-region-scan-end, 0.0000865 secs]
2014-07-10T16:13:39.164+0200: 70.148: [GC concurrent-mark-start]
2014-07-10T16:13:39.168+0200: 70.152: [GC concurrent-mark-end, 0.0035786 secs]
2014-07-10T16:13:39.168+0200: 70.153: [GC remark 2014-07-10T16:13:39.169+0200: 70.153: [GC ref-proc, 0.0000671 secs], 0.0010288 secs]
 [Times: user=0.00 sys=0.00, real=0.00 secs] 
2014-07-10T16:13:39.170+0200: 70.155: [GC cleanup 199M->83M(256M), 0.0009485 secs]
 [Times: user=0.00 sys=0.00, real=0.00 secs] 
2014-07-10T16:13:39.171+0200: 70.156: [GC concurrent-cleanup-start]
2014-07-10T16:13:39.172+0200: 70.156: [GC concurrent-cleanup-end, 0.0002739 secs]
2014-07-10T16:13:39.192+0200: 70.176: [GC pause (young), 0.0129327 secs]
   [Parallel Time: 12.6 ms, GC Workers: 2]
      [GC Worker Start (ms): Min: 70176.2, Avg: 70176.6, Max: 70177.1, Diff: 0.9]
      [Ext Root Scanning (ms): Min: 0.8, Avg: 1.2, Max: 1.5, Diff: 0.7, Sum: 2.3]
      [Update RS (ms): Min: 0.3, Avg: 0.4, Max: 0.5, Diff: 0.1, Sum: 0.8]
         [Processed Buffers: Min: 1, Avg: 3.5, Max: 6, Diff: 5, Sum: 7]
      [Scan RS (ms): Min: 0.0, Avg: 0.0, Max: 0.0, Diff: 0.0, Sum: 0.1]
      [Code Root Scanning (ms): Min: 0.0, Avg: 0.0, Max: 0.0, Diff: 0.0, Sum: 0.0]
      [Object Copy (ms): Min: 10.4, Avg: 10.4, Max: 10.4, Diff: 0.0, Sum: 20.8]
      [Termination (ms): Min: 0.0, Avg: 0.0, Max: 0.0, Diff: 0.0, Sum: 0.0]
      [GC Worker Other (ms): Min: 0.0, Avg: 0.0, Max: 0.0, Diff: 0.0, Sum: 0.0]
      [GC Worker Total (ms): Min: 11.6, Avg: 12.1, Max: 12.5, Diff: 0.9, Sum: 24.2]
      [GC Worker End (ms): Min: 70188.7, Avg: 70188.7, Max: 70188.7, Diff: 0.0]
   [Code Root Fixup: 0.0 ms]
   [Code Root Migration: 0.0 ms]
   [Clear CT: 0.0 ms]
   [Other: 0.3 ms]
      [Choose CSet: 0.0 ms]
      [Ref Proc: 0.1 ms]
      [Ref Enq: 0.0 ms]
      [Free CSet: 0.1 ms]
   [Eden: 17.0M(17.0M)->0.0B(9216.0K) Survivors: 5120.0K->3072.0K Heap: 96.0M(256.0M)->92.5M(256.0M)]
 [Times: user=0.00 sys=0.00, real=0.01 secs] 
2014-07-10T16:13:39.218+0200: 70.202: [GC pause (mixed), 0.0075133 secs]
   [Parallel Time: 6.9 ms, GC Workers: 2]
      [GC Worker Start (ms): Min: 70202.2, Avg: 70202.2, Max: 70202.2, Diff: 0.0]
      [Ext Root Scanning (ms): Min: 1.0, Avg: 1.0, Max: 1.0, Diff: 0.0, Sum: 2.1]
      [Update RS (ms): Min: 0.3, Avg: 0.3, Max: 0.3, Diff: 0.1, Sum: 0.6]
         [Processed Buffers: Min: 1, Avg: 2.5, Max: 4, Diff: 3, Sum: 5]
      [Scan RS (ms): Min: 0.0, Avg: 0.1, Max: 0.1, Diff: 0.1, Sum: 0.1]
      [Code Root Scanning (ms): Min: 0.0, Avg: 0.0, Max: 0.0, Diff: 0.0, Sum: 0.0]
      [Object Copy (ms): Min: 5.5, Avg: 5.5, Max: 5.5, Diff: 0.0, Sum: 11.0]
      [Termination (ms): Min: 0.0, Avg: 0.0, Max: 0.0, Diff: 0.0, Sum: 0.0]
      [GC Worker Other (ms): Min: 0.0, Avg: 0.0, Max: 0.0, Diff: 0.0, Sum: 0.1]
      [GC Worker Total (ms): Min: 6.9, Avg: 6.9, Max: 6.9, Diff: 0.0, Sum: 13.8]
      [GC Worker End (ms): Min: 70209.1, Avg: 70209.1, Max: 70209.1, Diff: 0.0]
   [Code Root Fixup: 0.0 ms]
   [Code Root Migration: 0.0 ms]
   [Clear CT: 0.3 ms]
   [Other: 0.3 ms]
      [Choose CSet: 0.0 ms]
      [Ref Proc: 0.0 ms]
      [Ref Enq: 0.0 ms]
      [Free CSet: 0.1 ms]
   [Eden: 9216.0K(9216.0K)->0.0B(75.0M) Survivors: 3072.0K->2048.0K Heap: 101.5M(256.0M)->91.5M(256.0M)]
 [Times: user=0.03 sys=0.00, real=0.01 secs] 
2014-07-10T16:13:39.350+0200: 70.334: [GC pause (young), 0.0494732 secs]
   [Parallel Time: 49.0 ms, GC Workers: 2]
      [GC Worker Start (ms): Min: 70334.3, Avg: 70334.3, Max: 70334.3, Diff: 0.0]
      [Ext Root Scanning (ms): Min: 1.0, Avg: 1.0, Max: 1.0, Diff: 0.0, Sum: 1.9]
      [Update RS (ms): Min: 0.4, Avg: 0.4, Max: 0.4, Diff: 0.0, Sum: 0.7]
         [Processed Buffers: Min: 3, Avg: 3.0, Max: 3, Diff: 0, Sum: 6]
      [Scan RS (ms): Min: 0.1, Avg: 0.1, Max: 0.1, Diff: 0.0, Sum: 0.2]
      [Code Root Scanning (ms): Min: 0.1, Avg: 0.1, Max: 0.1, Diff: 0.0, Sum: 0.1]
      [Object Copy (ms): Min: 47.4, Avg: 47.4, Max: 47.4, Diff: 0.0, Sum: 94.9]
      [Termination (ms): Min: 0.0, Avg: 0.0, Max: 0.0, Diff: 0.0, Sum: 0.0]
      [GC Worker Other (ms): Min: 0.0, Avg: 0.0, Max: 0.0, Diff: 0.0, Sum: 0.1]
      [GC Worker Total (ms): Min: 49.0, Avg: 49.0, Max: 49.0, Diff: 0.0, Sum: 98.0]
      [GC Worker End (ms): Min: 70383.3, Avg: 70383.3, Max: 70383.3, Diff: 0.0]
   [Code Root Fixup: 0.0 ms]
   [Code Root Migration: 0.0 ms]
   [Clear CT: 0.1 ms]
   [Other: 0.4 ms]
      [Choose CSet: 0.0 ms]
      [Ref Proc: 0.0 ms]
      [Ref Enq: 0.0 ms]
      [Free CSet: 0.1 ms]
   [Eden: 75.0M(75.0M)->0.0B(29.0M) Survivors: 2048.0K->10.0M Heap: 166.5M(256.0M)->171.0M(256.0M)]
 [Times: user=0.09 sys=0.00, real=0.05 secs] 
2014-07-10T16:13:39.452+0200: 70.436: [GC pause (young) (initial-mark), 0.0202652 secs]
   [Parallel Time: 19.9 ms, GC Workers: 2]
      [GC Worker Start (ms): Min: 70436.1, Avg: 70436.1, Max: 70436.1, Diff: 0.0]
      [Ext Root Scanning (ms): Min: 1.0, Avg: 1.1, Max: 1.1, Diff: 0.0, Sum: 2.1]
      [Code Root Marking (ms): Min: 0.0, Avg: 0.1, Max: 0.1, Diff: 0.0, Sum: 0.1]
      [Update RS (ms): Min: 1.0, Avg: 1.0, Max: 1.0, Diff: 0.0, Sum: 2.0]
         [Processed Buffers: Min: 4, Avg: 6.0, Max: 8, Diff: 4, Sum: 12]
      [Scan RS (ms): Min: 0.0, Avg: 0.0, Max: 0.1, Diff: 0.0, Sum: 0.1]
      [Code Root Scanning (ms): Min: 0.0, Avg: 0.0, Max: 0.0, Diff: 0.0, Sum: 0.1]
      [Object Copy (ms): Min: 17.6, Avg: 17.6, Max: 17.6, Diff: 0.0, Sum: 35.2]
      [Termination (ms): Min: 0.0, Avg: 0.0, Max: 0.0, Diff: 0.0, Sum: 0.0]
      [GC Worker Other (ms): Min: 0.0, Avg: 0.0, Max: 0.0, Diff: 0.0, Sum: 0.1]
      [GC Worker Total (ms): Min: 19.8, Avg: 19.8, Max: 19.8, Diff: 0.0, Sum: 39.7]
      [GC Worker End (ms): Min: 70456.0, Avg: 70456.0, Max: 70456.0, Diff: 0.0]
   [Code Root Fixup: 0.0 ms]
   [Code Root Migration: 0.0 ms]
   [Clear CT: 0.0 ms]
   [Other: 0.3 ms]
      [Choose CSet: 0.0 ms]
      [Ref Proc: 0.1 ms]
      [Ref Enq: 0.0 ms]
      [Free CSet: 0.1 ms]
   [Eden: 29.0M(29.0M)->0.0B(19.0M) Survivors: 10.0M->5120.0K Heap: 200.0M(256.0M)->190.0M(256.0M)]
 [Times: user=0.03 sys=0.00, real=0.02 secs] 
2014-07-10T16:13:39.472+0200: 70.457: [GC concurrent-root-region-scan-start]
2014-07-10T16:13:39.472+0200: 70.457: [GC concurrent-root-region-scan-end, 0.0000869 secs]
2014-07-10T16:13:39.472+0200: 70.457: [GC concurrent-mark-start]
2014-07-10T16:13:39.476+0200: 70.461: [GC concurrent-mark-end, 0.0039471 secs]
2014-07-10T16:13:39.477+0200: 70.461: [GC remark 2014-07-10T16:13:39.477+0200: 70.461: [GC ref-proc, 0.0000719 secs], 0.0011120 secs]
 [Times: user=0.00 sys=0.00, real=0.00 secs] 
2014-07-10T16:13:39.478+0200: 70.463: [GC cleanup 193M->87M(256M), 0.0007798 secs]
 [Times: user=0.00 sys=0.00, real=0.00 secs] 
2014-07-10T16:13:39.479+0200: 70.463: [GC concurrent-cleanup-start]
2014-07-10T16:13:39.479+0200: 70.464: [GC concurrent-cleanup-end, 0.0002222 secs]
2014-07-10T16:13:39.503+0200: 70.487: [GC pause (young), 0.0137778 secs]
   [Parallel Time: 13.4 ms, GC Workers: 2]
      [GC Worker Start (ms): Min: 70487.1, Avg: 70487.1, Max: 70487.2, Diff: 0.0]
      [Ext Root Scanning (ms): Min: 1.0, Avg: 1.0, Max: 1.1, Diff: 0.0, Sum: 2.1]
      [Update RS (ms): Min: 0.4, Avg: 0.6, Max: 0.7, Diff: 0.3, Sum: 1.1]
         [Processed Buffers: Min: 2, Avg: 3.0, Max: 4, Diff: 2, Sum: 6]
      [Scan RS (ms): Min: 0.0, Avg: 0.0, Max: 0.1, Diff: 0.1, Sum: 0.1]
      [Code Root Scanning (ms): Min: 0.0, Avg: 0.0, Max: 0.0, Diff: 0.0, Sum: 0.0]
      [Object Copy (ms): Min: 11.5, Avg: 11.6, Max: 11.7, Diff: 0.2, Sum: 23.3]
      [Termination (ms): Min: 0.0, Avg: 0.0, Max: 0.0, Diff: 0.0, Sum: 0.0]
      [GC Worker Other (ms): Min: 0.0, Avg: 0.0, Max: 0.0, Diff: 0.0, Sum: 0.1]
      [GC Worker Total (ms): Min: 13.3, Avg: 13.3, Max: 13.4, Diff: 0.0, Sum: 26.7]
      [GC Worker End (ms): Min: 70500.5, Avg: 70500.5, Max: 70500.5, Diff: 0.0]
   [Code Root Fixup: 0.0 ms]
   [Code Root Migration: 0.0 ms]
   [Clear CT: 0.1 ms]
   [Other: 0.3 ms]
      [Choose CSet: 0.0 ms]
      [Ref Proc: 0.1 ms]
      [Ref Enq: 0.0 ms]
      [Free CSet: 0.1 ms]
   [Eden: 19.0M(19.0M)->0.0B(9216.0K) Survivors: 5120.0K->3072.0K Heap: 103.0M(256.0M)->99.0M(256.0M)]
 [Times: user=0.00 sys=0.02, real=0.01 secs] 
2014-07-10T16:13:39.531+0200: 70.515: [GC pause (mixed), 0.0081699 secs]
   [Parallel Time: 7.9 ms, GC Workers: 2]
      [GC Worker Start (ms): Min: 70515.1, Avg: 70515.1, Max: 70515.1, Diff: 0.0]
      [Ext Root Scanning (ms): Min: 1.1, Avg: 1.1, Max: 1.1, Diff: 0.0, Sum: 2.2]
      [Update RS (ms): Min: 0.3, Avg: 0.3, Max: 0.3, Diff: 0.0, Sum: 0.6]
         [Processed Buffers: Min: 3, Avg: 3.5, Max: 4, Diff: 1, Sum: 7]
      [Scan RS (ms): Min: 0.1, Avg: 0.1, Max: 0.1, Diff: 0.0, Sum: 0.1]
      [Code Root Scanning (ms): Min: 0.0, Avg: 0.0, Max: 0.0, Diff: 0.0, Sum: 0.0]
      [Object Copy (ms): Min: 6.2, Avg: 6.2, Max: 6.2, Diff: 0.0, Sum: 12.4]
      [Termination (ms): Min: 0.0, Avg: 0.0, Max: 0.0, Diff: 0.0, Sum: 0.0]
      [GC Worker Other (ms): Min: 0.0, Avg: 0.1, Max: 0.1, Diff: 0.1, Sum: 0.2]
      [GC Worker Total (ms): Min: 7.7, Avg: 7.8, Max: 7.8, Diff: 0.1, Sum: 15.6]
      [GC Worker End (ms): Min: 70522.9, Avg: 70522.9, Max: 70523.0, Diff: 0.1]
   [Code Root Fixup: 0.0 ms]
   [Code Root Migration: 0.0 ms]
   [Clear CT: 0.0 ms]
   [Other: 0.3 ms]
      [Choose CSet: 0.0 ms]
      [Ref Proc: 0.0 ms]
      [Ref Enq: 0.0 ms]
      [Free CSet: 0.1 ms]
   [Eden: 9216.0K(9216.0K)->0.0B(68.0M) Survivors: 3072.0K->2048.0K Heap: 108.0M(256.0M)->99.0M(256.0M)]
 [Times: user=0.03 sys=0.00, real=0.01 secs] 
2014-07-10T16:13:39.651+0200: 70.635: [GC pause (young), 0.0451331 secs]
   [Parallel Time: 44.6 ms, GC Workers: 2]
      [GC Worker Start (ms): Min: 70635.2, Avg: 70635.2, Max: 70635.2, Diff: 0.0]
      [Ext Root Scanning (ms): Min: 1.0, Avg: 1.1, Max: 1.1, Diff: 0.1, Sum: 2.1]
      [Update RS (ms): Min: 0.4, Avg: 0.4, Max: 0.4, Diff: 0.0, Sum: 0.7]
         [Processed Buffers: Min: 1, Avg: 3.0, Max: 5, Diff: 4, Sum: 6]
      [Scan RS (ms): Min: 0.1, Avg: 0.1, Max: 0.1, Diff: 0.1, Sum: 0.2]
      [Code Root Scanning (ms): Min: 0.0, Avg: 0.0, Max: 0.1, Diff: 0.0, Sum: 0.1]
      [Object Copy (ms): Min: 43.0, Avg: 43.0, Max: 43.0, Diff: 0.0, Sum: 86.0]
      [Termination (ms): Min: 0.0, Avg: 0.0, Max: 0.0, Diff: 0.0, Sum: 0.0]
      [GC Worker Other (ms): Min: 0.0, Avg: 0.0, Max: 0.0, Diff: 0.0, Sum: 0.1]
      [GC Worker Total (ms): Min: 44.6, Avg: 44.6, Max: 44.6, Diff: 0.0, Sum: 89.3]
      [GC Worker End (ms): Min: 70679.9, Avg: 70679.9, Max: 70679.9, Diff: 0.0]
   [Code Root Fixup: 0.0 ms]
   [Code Root Migration: 0.0 ms]
   [Clear CT: 0.1 ms]
   [Other: 0.4 ms]
      [Choose CSet: 0.0 ms]
      [Ref Proc: 0.0 ms]
      [Ref Enq: 0.0 ms]
      [Free CSet: 0.1 ms]
   [Eden: 68.0M(68.0M)->0.0B(28.0M) Survivors: 2048.0K->9216.0K Heap: 167.0M(256.0M)->173.0M(256.0M)]
 [Times: user=0.09 sys=0.00, real=0.05 secs] 
2014-07-10T16:13:39.742+0200: 70.726: [GC pause (young) (initial-mark), 0.0202201 secs]
   [Parallel Time: 19.8 ms, GC Workers: 2]
      [GC Worker Start (ms): Min: 70726.2, Avg: 70726.3, Max: 70726.4, Diff: 0.1]
      [Ext Root Scanning (ms): Min: 1.0, Avg: 1.0, Max: 1.1, Diff: 0.1, Sum: 2.1]
      [Code Root Marking (ms): Min: 0.1, Avg: 0.1, Max: 0.1, Diff: 0.0, Sum: 0.1]
      [Update RS (ms): Min: 1.3, Avg: 1.3, Max: 1.3, Diff: 0.0, Sum: 2.5]
         [Processed Buffers: Min: 4, Avg: 5.0, Max: 6, Diff: 2, Sum: 10]
      [Scan RS (ms): Min: 0.0, Avg: 0.0, Max: 0.1, Diff: 0.0, Sum: 0.1]
      [Code Root Scanning (ms): Min: 0.0, Avg: 0.0, Max: 0.0, Diff: 0.0, Sum: 0.0]
      [Object Copy (ms): Min: 17.1, Avg: 17.2, Max: 17.2, Diff: 0.1, Sum: 34.3]
      [Termination (ms): Min: 0.0, Avg: 0.0, Max: 0.0, Diff: 0.0, Sum: 0.0]
      [GC Worker Other (ms): Min: 0.0, Avg: 0.0, Max: 0.0, Diff: 0.0, Sum: 0.1]
      [GC Worker Total (ms): Min: 19.6, Avg: 19.6, Max: 19.7, Diff: 0.1, Sum: 39.3]
      [GC Worker End (ms): Min: 70745.9, Avg: 70745.9, Max: 70745.9, Diff: 0.0]
   [Code Root Fixup: 0.0 ms]
   [Code Root Migration: 0.0 ms]
   [Clear CT: 0.1 ms]
   [Other: 0.3 ms]
      [Choose CSet: 0.0 ms]
      [Ref Proc: 0.0 ms]
      [Ref Enq: 0.0 ms]
      [Free CSet: 0.1 ms]
   [Eden: 28.0M(28.0M)->0.0B(18.0M) Survivors: 9216.0K->5120.0K Heap: 201.0M(256.0M)->193.5M(256.0M)]
 [Times: user=0.03 sys=0.00, real=0.02 secs] 
2014-07-10T16:13:39.762+0200: 70.747: [GC concurrent-root-region-scan-start]
2014-07-10T16:13:39.763+0200: 70.747: [GC concurrent-root-region-scan-end, 0.0001309 secs]
2014-07-10T16:13:39.763+0200: 70.747: [GC concurrent-mark-start]
2014-07-10T16:13:39.766+0200: 70.751: [GC concurrent-mark-end, 0.0031907 secs]
2014-07-10T16:13:39.769+0200: 70.753: [GC remark 2014-07-10T16:13:39.808+0200: 70.793: [GC ref-proc, 0.0000928 secs], 0.0406903 secs]
 [Times: user=0.00 sys=0.00, real=0.04 secs] 
2014-07-10T16:13:39.810+0200: 70.794: [GC cleanup 196M->85M(256M), 0.0007443 secs]
 [Times: user=0.00 sys=0.00, real=0.00 secs] 
2014-07-10T16:13:39.810+0200: 70.795: [GC concurrent-cleanup-start]
2014-07-10T16:13:39.811+0200: 70.795: [GC concurrent-cleanup-end, 0.0002218 secs]
2014-07-10T16:13:39.834+0200: 70.818: [GC pause (young), 0.0127692 secs]
   [Parallel Time: 12.5 ms, GC Workers: 2]
      [GC Worker Start (ms): Min: 70818.1, Avg: 70818.1, Max: 70818.1, Diff: 0.0]
      [Ext Root Scanning (ms): Min: 1.1, Avg: 1.1, Max: 1.2, Diff: 0.1, Sum: 2.3]
      [Update RS (ms): Min: 0.4, Avg: 0.4, Max: 0.5, Diff: 0.1, Sum: 0.9]
         [Processed Buffers: Min: 2, Avg: 3.0, Max: 4, Diff: 2, Sum: 6]
      [Scan RS (ms): Min: 0.0, Avg: 0.0, Max: 0.0, Diff: 0.0, Sum: 0.1]
      [Code Root Scanning (ms): Min: 0.0, Avg: 0.0, Max: 0.0, Diff: 0.0, Sum: 0.0]
      [Object Copy (ms): Min: 10.8, Avg: 10.8, Max: 10.8, Diff: 0.0, Sum: 21.6]
      [Termination (ms): Min: 0.0, Avg: 0.0, Max: 0.0, Diff: 0.0, Sum: 0.0]
      [GC Worker Other (ms): Min: 0.0, Avg: 0.0, Max: 0.0, Diff: 0.0, Sum: 0.1]
      [GC Worker Total (ms): Min: 12.4, Avg: 12.5, Max: 12.5, Diff: 0.0, Sum: 24.9]
      [GC Worker End (ms): Min: 70830.5, Avg: 70830.5, Max: 70830.5, Diff: 0.0]
   [Code Root Fixup: 0.0 ms]
   [Code Root Migration: 0.0 ms]
   [Clear CT: 0.0 ms]
   [Other: 0.2 ms]
      [Choose CSet: 0.0 ms]
      [Ref Proc: 0.0 ms]
      [Ref Enq: 0.0 ms]
      [Free CSet: 0.1 ms]
   [Eden: 18.0M(18.0M)->0.0B(9216.0K) Survivors: 5120.0K->3072.0K Heap: 100.5M(256.0M)->96.5M(256.0M)]
 [Times: user=0.00 sys=0.00, real=0.01 secs] 
2014-07-10T16:13:39.861+0200: 70.845: [GC pause (mixed), 0.0090076 secs]
   [Parallel Time: 8.6 ms, GC Workers: 2]
      [GC Worker Start (ms): Min: 70845.1, Avg: 70845.1, Max: 70845.1, Diff: 0.0]
      [Ext Root Scanning (ms): Min: 1.1, Avg: 1.1, Max: 1.1, Diff: 0.0, Sum: 2.2]
      [Update RS (ms): Min: 0.3, Avg: 0.3, Max: 0.3, Diff: 0.0, Sum: 0.6]
         [Processed Buffers: Min: 2, Avg: 4.0, Max: 6, Diff: 4, Sum: 8]
      [Scan RS (ms): Min: 0.0, Avg: 0.0, Max: 0.0, Diff: 0.0, Sum: 0.1]
      [Code Root Scanning (ms): Min: 0.0, Avg: 0.0, Max: 0.0, Diff: 0.0, Sum: 0.0]
      [Object Copy (ms): Min: 7.0, Avg: 7.1, Max: 7.1, Diff: 0.0, Sum: 14.1]
      [Termination (ms): Min: 0.0, Avg: 0.0, Max: 0.0, Diff: 0.0, Sum: 0.0]
      [GC Worker Other (ms): Min: 0.0, Avg: 0.0, Max: 0.0, Diff: 0.0, Sum: 0.1]
      [GC Worker Total (ms): Min: 8.6, Avg: 8.6, Max: 8.6, Diff: 0.0, Sum: 17.1]
      [GC Worker End (ms): Min: 70853.6, Avg: 70853.6, Max: 70853.6, Diff: 0.0]
   [Code Root Fixup: 0.0 ms]
   [Code Root Migration: 0.0 ms]
   [Clear CT: 0.1 ms]
   [Other: 0.3 ms]
      [Choose CSet: 0.0 ms]
      [Ref Proc: 0.1 ms]
      [Ref Enq: 0.0 ms]
      [Free CSet: 0.1 ms]
   [Eden: 9216.0K(9216.0K)->0.0B(65.0M) Survivors: 3072.0K->2048.0K Heap: 105.5M(256.0M)->100.5M(256.0M)]
 [Times: user=0.03 sys=0.00, real=0.01 secs] 
2014-07-10T16:13:39.980+0200: 70.964: [GC pause (young), 0.0432974 secs]
   [Parallel Time: 42.9 ms, GC Workers: 2]
      [GC Worker Start (ms): Min: 70964.1, Avg: 70964.1, Max: 70964.2, Diff: 0.1]
      [Ext Root Scanning (ms): Min: 1.0, Avg: 1.0, Max: 1.0, Diff: 0.0, Sum: 2.0]
      [Update RS (ms): Min: 0.3, Avg: 0.4, Max: 0.4, Diff: 0.1, Sum: 0.7]
         [Processed Buffers: Min: 1, Avg: 2.5, Max: 4, Diff: 3, Sum: 5]
      [Scan RS (ms): Min: 0.1, Avg: 0.1, Max: 0.1, Diff: 0.0, Sum: 0.2]
      [Code Root Scanning (ms): Min: 0.0, Avg: 0.0, Max: 0.1, Diff: 0.0, Sum: 0.1]
      [Object Copy (ms): Min: 41.2, Avg: 41.2, Max: 41.2, Diff: 0.0, Sum: 82.5]
      [Termination (ms): Min: 0.0, Avg: 0.0, Max: 0.0, Diff: 0.0, Sum: 0.0]
      [GC Worker Other (ms): Min: 0.0, Avg: 0.0, Max: 0.0, Diff: 0.0, Sum: 0.1]
      [GC Worker Total (ms): Min: 42.8, Avg: 42.8, Max: 42.8, Diff: 0.1, Sum: 85.6]
      [GC Worker End (ms): Min: 71006.9, Avg: 71006.9, Max: 71006.9, Diff: 0.0]
   [Code Root Fixup: 0.0 ms]
   [Code Root Migration: 0.0 ms]
   [Clear CT: 0.0 ms]
   [Other: 0.4 ms]
      [Choose CSet: 0.0 ms]
      [Ref Proc: 0.0 ms]
      [Ref Enq: 0.0 ms]
      [Free CSet: 0.1 ms]
   [Eden: 65.0M(65.0M)->0.0B(29.0M) Survivors: 2048.0K->9216.0K Heap: 165.5M(256.0M)->171.0M(256.0M)]
 [Times: user=0.09 sys=0.00, real=0.04 secs] 
2014-07-10T16:13:40.075+0200: 71.059: [GC pause (young) (initial-mark), 0.0211195 secs]
   [Parallel Time: 19.8 ms, GC Workers: 2]
      [GC Worker Start (ms): Min: 71059.2, Avg: 71059.2, Max: 71059.2, Diff: 0.0]
      [Ext Root Scanning (ms): Min: 1.0, Avg: 1.1, Max: 1.2, Diff: 0.1, Sum: 2.2]
      [Code Root Marking (ms): Min: 0.0, Avg: 0.0, Max: 0.1, Diff: 0.1, Sum: 0.1]
      [Update RS (ms): Min: 0.8, Avg: 0.8, Max: 0.8, Diff: 0.0, Sum: 1.7]
         [Processed Buffers: Min: 4, Avg: 4.5, Max: 5, Diff: 1, Sum: 9]
      [Scan RS (ms): Min: 0.0, Avg: 0.0, Max: 0.1, Diff: 0.0, Sum: 0.1]
      [Code Root Scanning (ms): Min: 0.0, Avg: 0.0, Max: 0.0, Diff: 0.0, Sum: 0.1]
      [Object Copy (ms): Min: 17.6, Avg: 17.7, Max: 17.7, Diff: 0.0, Sum: 35.3]
      [Termination (ms): Min: 0.0, Avg: 0.0, Max: 0.0, Diff: 0.0, Sum: 0.0]
      [GC Worker Other (ms): Min: 0.0, Avg: 0.0, Max: 0.0, Diff: 0.0, Sum: 0.1]
      [GC Worker Total (ms): Min: 19.7, Avg: 19.7, Max: 19.7, Diff: 0.0, Sum: 39.5]
      [GC Worker End (ms): Min: 71078.9, Avg: 71078.9, Max: 71078.9, Diff: 0.0]
   [Code Root Fixup: 0.0 ms]
   [Code Root Migration: 0.0 ms]
   [Clear CT: 0.0 ms]
   [Other: 1.3 ms]
      [Choose CSet: 0.0 ms]
      [Ref Proc: 1.0 ms]
      [Ref Enq: 0.0 ms]
      [Free CSet: 0.1 ms]
   [Eden: 29.0M(29.0M)->0.0B(17.0M) Survivors: 9216.0K->5120.0K Heap: 200.0M(256.0M)->194.0M(256.0M)]
 [Times: user=0.03 sys=0.00, real=0.02 secs] 
2014-07-10T16:13:40.096+0200: 71.080: [GC concurrent-root-region-scan-start]
2014-07-10T16:13:40.096+0200: 71.081: [GC concurrent-root-region-scan-end, 0.0000832 secs]
2014-07-10T16:13:40.096+0200: 71.081: [GC concurrent-mark-start]
2014-07-10T16:13:40.101+0200: 71.086: [GC concurrent-mark-end, 0.0047665 secs]
2014-07-10T16:13:40.103+0200: 71.087: [GC remark 2014-07-10T16:13:40.103+0200: 71.087: [GC ref-proc, 0.0000722 secs], 0.0010115 secs]
 [Times: user=0.00 sys=0.00, real=0.00 secs] 
2014-07-10T16:13:40.104+0200: 71.088: [GC cleanup 195M->88M(256M), 0.0007750 secs]
 [Times: user=0.00 sys=0.00, real=0.00 secs] 
2014-07-10T16:13:40.105+0200: 71.089: [GC concurrent-cleanup-start]
2014-07-10T16:13:40.105+0200: 71.089: [GC concurrent-cleanup-end, 0.0001936 secs]
2014-07-10T16:13:40.130+0200: 71.114: [GC pause (young), 0.0114911 secs]
   [Parallel Time: 11.2 ms, GC Workers: 2]
      [GC Worker Start (ms): Min: 71114.0, Avg: 71114.0, Max: 71114.0, Diff: 0.0]
      [Ext Root Scanning (ms): Min: 1.0, Avg: 1.1, Max: 1.1, Diff: 0.0, Sum: 2.1]
      [Update RS (ms): Min: 0.4, Avg: 0.5, Max: 0.5, Diff: 0.1, Sum: 0.9]
         [Processed Buffers: Min: 2, Avg: 3.0, Max: 4, Diff: 2, Sum: 6]
      [Scan RS (ms): Min: 0.0, Avg: 0.0, Max: 0.0, Diff: 0.0, Sum: 0.1]
      [Code Root Scanning (ms): Min: 0.0, Avg: 0.0, Max: 0.0, Diff: 0.0, Sum: 0.0]
      [Object Copy (ms): Min: 9.6, Avg: 9.6, Max: 9.6, Diff: 0.0, Sum: 19.2]
      [Termination (ms): Min: 0.0, Avg: 0.0, Max: 0.0, Diff: 0.0, Sum: 0.0]
      [GC Worker Other (ms): Min: 0.0, Avg: 0.0, Max: 0.0, Diff: 0.0, Sum: 0.1]
      [GC Worker Total (ms): Min: 11.2, Avg: 11.2, Max: 11.2, Diff: 0.0, Sum: 22.4]
      [GC Worker End (ms): Min: 71125.2, Avg: 71125.2, Max: 71125.2, Diff: 0.0]
   [Code Root Fixup: 0.0 ms]
   [Code Root Migration: 0.0 ms]
   [Clear CT: 0.0 ms]
   [Other: 0.2 ms]
      [Choose CSet: 0.0 ms]
      [Ref Proc: 0.0 ms]
      [Ref Enq: 0.0 ms]
      [Free CSet: 0.1 ms]
   [Eden: 17.0M(17.0M)->0.0B(9216.0K) Survivors: 5120.0K->3072.0K Heap: 104.0M(256.0M)->99.0M(256.0M)]
 [Times: user=0.00 sys=0.00, real=0.01 secs] 
2014-07-10T16:13:40.154+0200: 71.138: [GC pause (mixed), 0.0094857 secs]
   [Parallel Time: 9.1 ms, GC Workers: 2]
      [GC Worker Start (ms): Min: 71138.1, Avg: 71138.1, Max: 71138.1, Diff: 0.0]
      [Ext Root Scanning (ms): Min: 1.1, Avg: 1.1, Max: 1.2, Diff: 0.1, Sum: 2.3]
      [Update RS (ms): Min: 0.2, Avg: 0.3, Max: 0.3, Diff: 0.1, Sum: 0.5]
         [Processed Buffers: Min: 1, Avg: 2.0, Max: 3, Diff: 2, Sum: 4]
      [Scan RS (ms): Min: 0.1, Avg: 0.1, Max: 0.1, Diff: 0.0, Sum: 0.1]
      [Code Root Scanning (ms): Min: 0.0, Avg: 0.0, Max: 0.0, Diff: 0.0, Sum: 0.0]
      [Object Copy (ms): Min: 7.5, Avg: 7.5, Max: 7.5, Diff: 0.0, Sum: 15.1]
      [Termination (ms): Min: 0.0, Avg: 0.0, Max: 0.0, Diff: 0.0, Sum: 0.0]
      [GC Worker Other (ms): Min: 0.0, Avg: 0.0, Max: 0.0, Diff: 0.0, Sum: 0.0]
      [GC Worker Total (ms): Min: 9.1, Avg: 9.1, Max: 9.1, Diff: 0.0, Sum: 18.1]
      [GC Worker End (ms): Min: 71147.2, Avg: 71147.2, Max: 71147.2, Diff: 0.0]
   [Code Root Fixup: 0.0 ms]
   [Code Root Migration: 0.0 ms]
   [Clear CT: 0.1 ms]
   [Other: 0.3 ms]
      [Choose CSet: 0.0 ms]
      [Ref Proc: 0.0 ms]
      [Ref Enq: 0.0 ms]
      [Free CSet: 0.1 ms]
   [Eden: 9216.0K(9216.0K)->0.0B(71.0M) Survivors: 3072.0K->2048.0K Heap: 108.0M(256.0M)->100.0M(256.0M)]
 [Times: user=0.03 sys=0.00, real=0.01 secs] 
2014-07-10T16:13:40.281+0200: 71.265: [GC pause (young), 0.0475510 secs]
   [Parallel Time: 47.0 ms, GC Workers: 2]
      [GC Worker Start (ms): Min: 71265.1, Avg: 71265.1, Max: 71265.1, Diff: 0.0]
      [Ext Root Scanning (ms): Min: 1.2, Avg: 1.2, Max: 1.2, Diff: 0.0, Sum: 2.3]
      [Update RS (ms): Min: 0.4, Avg: 0.4, Max: 0.4, Diff: 0.0, Sum: 0.8]
         [Processed Buffers: Min: 1, Avg: 2.5, Max: 4, Diff: 3, Sum: 5]
      [Scan RS (ms): Min: 0.1, Avg: 0.1, Max: 0.1, Diff: 0.0, Sum: 0.2]
      [Code Root Scanning (ms): Min: 0.0, Avg: 0.1, Max: 0.1, Diff: 0.0, Sum: 0.1]
      [Object Copy (ms): Min: 45.2, Avg: 45.2, Max: 45.2, Diff: 0.0, Sum: 90.5]
      [Termination (ms): Min: 0.0, Avg: 0.0, Max: 0.0, Diff: 0.0, Sum: 0.0]
      [GC Worker Other (ms): Min: 0.0, Avg: 0.0, Max: 0.0, Diff: 0.0, Sum: 0.1]
      [GC Worker Total (ms): Min: 47.0, Avg: 47.0, Max: 47.0, Diff: 0.0, Sum: 94.0]
      [GC Worker End (ms): Min: 71312.1, Avg: 71312.1, Max: 71312.1, Diff: 0.0]
   [Code Root Fixup: 0.0 ms]
   [Code Root Migration: 0.0 ms]
   [Clear CT: 0.1 ms]
   [Other: 0.4 ms]
      [Choose CSet: 0.0 ms]
      [Ref Proc: 0.1 ms]
      [Ref Enq: 0.0 ms]
      [Free CSet: 0.1 ms]
   [Eden: 71.0M(71.0M)->0.0B(25.0M) Survivors: 2048.0K->10.0M Heap: 171.0M(256.0M)->179.5M(256.0M)]
 [Times: user=0.09 sys=0.00, real=0.05 secs] 
2014-07-10T16:13:40.369+0200: 71.353: [GC pause (young) (initial-mark), 0.0176450 secs]
   [Parallel Time: 17.3 ms, GC Workers: 2]
      [GC Worker Start (ms): Min: 71353.1, Avg: 71353.1, Max: 71353.1, Diff: 0.0]
      [Ext Root Scanning (ms): Min: 1.0, Avg: 1.0, Max: 1.1, Diff: 0.0, Sum: 2.1]
      [Code Root Marking (ms): Min: 0.1, Avg: 0.1, Max: 0.1, Diff: 0.0, Sum: 0.1]
      [Update RS (ms): Min: 0.9, Avg: 0.9, Max: 0.9, Diff: 0.0, Sum: 1.9]
         [Processed Buffers: Min: 4, Avg: 4.5, Max: 5, Diff: 1, Sum: 9]
      [Scan RS (ms): Min: 0.0, Avg: 0.0, Max: 0.1, Diff: 0.0, Sum: 0.1]
      [Code Root Scanning (ms): Min: 0.0, Avg: 0.0, Max: 0.0, Diff: 0.0, Sum: 0.0]
      [Object Copy (ms): Min: 15.1, Avg: 15.1, Max: 15.1, Diff: 0.0, Sum: 30.2]
      [Termination (ms): Min: 0.0, Avg: 0.0, Max: 0.0, Diff: 0.0, Sum: 0.0]
      [GC Worker Other (ms): Min: 0.0, Avg: 0.0, Max: 0.0, Diff: 0.0, Sum: 0.1]
      [GC Worker Total (ms): Min: 17.2, Avg: 17.2, Max: 17.3, Diff: 0.0, Sum: 34.5]
      [GC Worker End (ms): Min: 71370.3, Avg: 71370.3, Max: 71370.3, Diff: 0.0]
   [Code Root Fixup: 0.0 ms]
   [Code Root Migration: 0.0 ms]
   [Clear CT: 0.0 ms]
   [Other: 0.3 ms]
      [Choose CSet: 0.0 ms]
      [Ref Proc: 0.0 ms]
      [Ref Enq: 0.0 ms]
      [Free CSet: 0.1 ms]
   [Eden: 25.0M(25.0M)->0.0B(17.0M) Survivors: 10.0M->5120.0K Heap: 204.5M(256.0M)->195.5M(256.0M)]
 [Times: user=0.03 sys=0.00, real=0.02 secs] 
2014-07-10T16:13:40.387+0200: 71.371: [GC concurrent-root-region-scan-start]
2014-07-10T16:13:40.387+0200: 71.371: [GC concurrent-root-region-scan-end, 0.0000869 secs]
2014-07-10T16:13:40.387+0200: 71.371: [GC concurrent-mark-start]
2014-07-10T16:13:40.390+0200: 71.375: [GC concurrent-mark-end, 0.0034334 secs]
2014-07-10T16:13:40.390+0200: 71.375: [GC remark 2014-07-10T16:13:40.390+0200: 71.375: [GC ref-proc, 0.0000766 secs], 0.0009859 secs]
 [Times: user=0.00 sys=0.00, real=0.00 secs] 
2014-07-10T16:13:40.392+0200: 71.376: [GC cleanup 196M->80M(256M), 0.0008968 secs]
 [Times: user=0.00 sys=0.00, real=0.00 secs] 
2014-07-10T16:13:40.392+0200: 71.377: [GC concurrent-cleanup-start]
2014-07-10T16:13:40.393+0200: 71.377: [GC concurrent-cleanup-end, 0.0002486 secs]
2014-07-10T16:13:40.416+0200: 71.400: [GC pause (young), 0.0121089 secs]
   [Parallel Time: 11.7 ms, GC Workers: 2]
      [GC Worker Start (ms): Min: 71400.2, Avg: 71400.2, Max: 71400.2, Diff: 0.0]
      [Ext Root Scanning (ms): Min: 1.1, Avg: 1.1, Max: 1.1, Diff: 0.0, Sum: 2.2]
      [Update RS (ms): Min: 0.4, Avg: 0.4, Max: 0.4, Diff: 0.1, Sum: 0.8]
         [Processed Buffers: Min: 2, Avg: 3.5, Max: 5, Diff: 3, Sum: 7]
      [Scan RS (ms): Min: 0.0, Avg: 0.0, Max: 0.1, Diff: 0.0, Sum: 0.1]
      [Code Root Scanning (ms): Min: 0.0, Avg: 0.0, Max: 0.0, Diff: 0.0, Sum: 0.0]
      [Object Copy (ms): Min: 10.1, Avg: 10.2, Max: 10.2, Diff: 0.0, Sum: 20.3]
      [Termination (ms): Min: 0.0, Avg: 0.0, Max: 0.0, Diff: 0.0, Sum: 0.0]
      [GC Worker Other (ms): Min: 0.0, Avg: 0.0, Max: 0.0, Diff: 0.0, Sum: 0.1]
      [GC Worker Total (ms): Min: 11.7, Avg: 11.7, Max: 11.7, Diff: 0.0, Sum: 23.4]
      [GC Worker End (ms): Min: 71411.9, Avg: 71411.9, Max: 71411.9, Diff: 0.0]
   [Code Root Fixup: 0.0 ms]
   [Code Root Migration: 0.0 ms]
   [Clear CT: 0.1 ms]
   [Other: 0.3 ms]
      [Choose CSet: 0.0 ms]
      [Ref Proc: 0.1 ms]
      [Ref Enq: 0.0 ms]
      [Free CSet: 0.1 ms]
   [Eden: 17.0M(17.0M)->0.0B(9216.0K) Survivors: 5120.0K->3072.0K Heap: 96.5M(256.0M)->92.5M(256.0M)]
 [Times: user=0.03 sys=0.00, real=0.01 secs] 
2014-07-10T16:13:40.442+0200: 71.426: [GC pause (mixed), 0.0094457 secs]
   [Parallel Time: 9.1 ms, GC Workers: 2]
      [GC Worker Start (ms): Min: 71426.1, Avg: 71426.1, Max: 71426.1, Diff: 0.0]
      [Ext Root Scanning (ms): Min: 1.2, Avg: 1.3, Max: 1.3, Diff: 0.0, Sum: 2.5]
      [Update RS (ms): Min: 0.3, Avg: 0.3, Max: 0.3, Diff: 0.1, Sum: 0.6]
         [Processed Buffers: Min: 1, Avg: 2.5, Max: 4, Diff: 3, Sum: 5]
      [Scan RS (ms): Min: 0.0, Avg: 0.1, Max: 0.1, Diff: 0.1, Sum: 0.1]
      [Code Root Scanning (ms): Min: 0.0, Avg: 0.0, Max: 0.0, Diff: 0.0, Sum: 0.1]
      [Object Copy (ms): Min: 7.4, Avg: 7.4, Max: 7.4, Diff: 0.0, Sum: 14.8]
      [Termination (ms): Min: 0.0, Avg: 0.0, Max: 0.0, Diff: 0.0, Sum: 0.0]
      [GC Worker Other (ms): Min: 0.0, Avg: 0.0, Max: 0.0, Diff: 0.0, Sum: 0.0]
      [GC Worker Total (ms): Min: 9.0, Avg: 9.0, Max: 9.1, Diff: 0.0, Sum: 18.1]
      [GC Worker End (ms): Min: 71435.2, Avg: 71435.2, Max: 71435.2, Diff: 0.0]
   [Code Root Fixup: 0.0 ms]
   [Code Root Migration: 0.0 ms]
   [Clear CT: 0.1 ms]
   [Other: 0.3 ms]
      [Choose CSet: 0.0 ms]
      [Ref Proc: 0.1 ms]
      [Ref Enq: 0.0 ms]
      [Free CSet: 0.1 ms]
   [Eden: 9216.0K(9216.0K)->0.0B(68.0M) Survivors: 3072.0K->2048.0K Heap: 101.5M(256.0M)->97.5M(256.0M)]
 [Times: user=0.00 sys=0.00, real=0.01 secs] 
2014-07-10T16:13:40.572+0200: 71.556: [GC pause (young), 0.0451173 secs]
   [Parallel Time: 44.6 ms, GC Workers: 2]
      [GC Worker Start (ms): Min: 71556.0, Avg: 71556.0, Max: 71556.1, Diff: 0.0]
      [Ext Root Scanning (ms): Min: 1.1, Avg: 1.1, Max: 1.1, Diff: 0.0, Sum: 2.2]
      [Update RS (ms): Min: 0.4, Avg: 0.4, Max: 0.4, Diff: 0.0, Sum: 0.8]
         [Processed Buffers: Min: 1, Avg: 3.0, Max: 5, Diff: 4, Sum: 6]
      [Scan RS (ms): Min: 0.1, Avg: 0.1, Max: 0.1, Diff: 0.0, Sum: 0.2]
      [Code Root Scanning (ms): Min: 0.0, Avg: 0.0, Max: 0.1, Diff: 0.0, Sum: 0.1]
      [Object Copy (ms): Min: 42.9, Avg: 43.0, Max: 43.0, Diff: 0.0, Sum: 85.9]
      [Termination (ms): Min: 0.0, Avg: 0.0, Max: 0.0, Diff: 0.0, Sum: 0.0]
      [GC Worker Other (ms): Min: 0.0, Avg: 0.0, Max: 0.0, Diff: 0.0, Sum: 0.1]
      [GC Worker Total (ms): Min: 44.6, Avg: 44.6, Max: 44.6, Diff: 0.0, Sum: 89.2]
      [GC Worker End (ms): Min: 71600.7, Avg: 71600.7, Max: 71600.7, Diff: 0.0]
   [Code Root Fixup: 0.0 ms]
   [Code Root Migration: 0.0 ms]
   [Clear CT: 0.1 ms]
   [Other: 0.4 ms]
      [Choose CSet: 0.0 ms]
      [Ref Proc: 0.0 ms]
      [Ref Enq: 0.0 ms]
      [Free CSet: 0.1 ms]
   [Eden: 68.0M(68.0M)->0.0B(29.0M) Survivors: 2048.0K->9216.0K Heap: 165.5M(256.0M)->170.5M(256.0M)]
 [Times: user=0.09 sys=0.00, real=0.05 secs] 
2014-07-10T16:13:40.665+0200: 71.649: [GC pause (young) (initial-mark), 0.0206102 secs]
   [Parallel Time: 20.2 ms, GC Workers: 2]
      [GC Worker Start (ms): Min: 71649.2, Avg: 71649.2, Max: 71649.2, Diff: 0.0]
      [Ext Root Scanning (ms): Min: 1.1, Avg: 1.2, Max: 1.2, Diff: 0.0, Sum: 2.3]
      [Code Root Marking (ms): Min: 0.1, Avg: 0.1, Max: 0.1, Diff: 0.0, Sum: 0.1]
      [Update RS (ms): Min: 1.0, Avg: 1.1, Max: 1.1, Diff: 0.1, Sum: 2.1]
         [Processed Buffers: Min: 4, Avg: 4.5, Max: 5, Diff: 1, Sum: 9]
      [Scan RS (ms): Min: 0.0, Avg: 0.0, Max: 0.1, Diff: 0.1, Sum: 0.1]
      [Code Root Scanning (ms): Min: 0.0, Avg: 0.0, Max: 0.0, Diff: 0.0, Sum: 0.0]
      [Object Copy (ms): Min: 17.7, Avg: 17.7, Max: 17.7, Diff: 0.0, Sum: 35.4]
      [Termination (ms): Min: 0.0, Avg: 0.0, Max: 0.0, Diff: 0.0, Sum: 0.0]
      [GC Worker Other (ms): Min: 0.0, Avg: 0.0, Max: 0.0, Diff: 0.0, Sum: 0.1]
      [GC Worker Total (ms): Min: 20.1, Avg: 20.1, Max: 20.1, Diff: 0.0, Sum: 40.2]
      [GC Worker End (ms): Min: 71669.3, Avg: 71669.3, Max: 71669.3, Diff: 0.0]
   [Code Root Fixup: 0.0 ms]
   [Code Root Migration: 0.0 ms]
   [Clear CT: 0.0 ms]
   [Other: 0.4 ms]
      [Choose CSet: 0.0 ms]
      [Ref Proc: 0.1 ms]
      [Ref Enq: 0.0 ms]
      [Free CSet: 0.1 ms]
   [Eden: 29.0M(29.0M)->0.0B(18.0M) Survivors: 9216.0K->5120.0K Heap: 199.5M(256.0M)->192.0M(256.0M)]
 [Times: user=0.03 sys=0.00, real=0.02 secs] 
2014-07-10T16:13:40.686+0200: 71.670: [GC concurrent-root-region-scan-start]
2014-07-10T16:13:40.686+0200: 71.670: [GC concurrent-root-region-scan-end, 0.0001074 secs]
2014-07-10T16:13:40.686+0200: 71.670: [GC concurrent-mark-start]
2014-07-10T16:13:40.689+0200: 71.674: [GC concurrent-mark-end, 0.0034166 secs]
2014-07-10T16:13:40.690+0200: 71.674: [GC remark 2014-07-10T16:13:40.690+0200: 71.674: [GC ref-proc, 0.0000704 secs], 0.0015948 secs]
 [Times: user=0.02 sys=0.00, real=0.00 secs] 
2014-07-10T16:13:40.692+0200: 71.676: [GC cleanup 196M->95M(256M), 0.0009389 secs]
 [Times: user=0.00 sys=0.00, real=0.00 secs] 
2014-07-10T16:13:40.693+0200: 71.677: [GC concurrent-cleanup-start]
2014-07-10T16:13:40.693+0200: 71.677: [GC concurrent-cleanup-end, 0.0002178 secs]
2014-07-10T16:13:40.715+0200: 71.699: [GC pause (young), 0.0129133 secs]
   [Parallel Time: 12.6 ms, GC Workers: 2]
      [GC Worker Start (ms): Min: 71699.1, Avg: 71699.1, Max: 71699.2, Diff: 0.0]
      [Ext Root Scanning (ms): Min: 1.1, Avg: 1.1, Max: 1.1, Diff: 0.0, Sum: 2.2]
      [Update RS (ms): Min: 0.5, Avg: 0.5, Max: 0.5, Diff: 0.0, Sum: 0.9]
         [Processed Buffers: Min: 2, Avg: 4.0, Max: 6, Diff: 4, Sum: 8]
      [Scan RS (ms): Min: 0.0, Avg: 0.0, Max: 0.0, Diff: 0.0, Sum: 0.1]
      [Code Root Scanning (ms): Min: 0.0, Avg: 0.0, Max: 0.0, Diff: 0.0, Sum: 0.0]
      [Object Copy (ms): Min: 10.9, Avg: 10.9, Max: 10.9, Diff: 0.0, Sum: 21.8]
      [Termination (ms): Min: 0.0, Avg: 0.0, Max: 0.0, Diff: 0.0, Sum: 0.0]
      [GC Worker Other (ms): Min: 0.0, Avg: 0.0, Max: 0.0, Diff: 0.0, Sum: 0.0]
      [GC Worker Total (ms): Min: 12.5, Avg: 12.5, Max: 12.5, Diff: 0.0, Sum: 25.1]
      [GC Worker End (ms): Min: 71711.7, Avg: 71711.7, Max: 71711.7, Diff: 0.0]
   [Code Root Fixup: 0.0 ms]
   [Code Root Migration: 0.0 ms]
   [Clear CT: 0.0 ms]
   [Other: 0.3 ms]
      [Choose CSet: 0.0 ms]
      [Ref Proc: 0.1 ms]
      [Ref Enq: 0.0 ms]
      [Free CSet: 0.1 ms]
   [Eden: 18.0M(18.0M)->0.0B(9216.0K) Survivors: 5120.0K->3072.0K Heap: 109.0M(256.0M)->105.0M(256.0M)]
 [Times: user=0.03 sys=0.00, real=0.01 secs] 
2014-07-10T16:13:40.742+0200: 71.726: [GC pause (mixed), 0.0111447 secs]
   [Parallel Time: 10.8 ms, GC Workers: 2]
      [GC Worker Start (ms): Min: 71726.1, Avg: 71726.1, Max: 71726.1, Diff: 0.0]
      [Ext Root Scanning (ms): Min: 1.5, Avg: 1.5, Max: 1.5, Diff: 0.0, Sum: 2.9]
      [Update RS (ms): Min: 0.3, Avg: 0.3, Max: 0.3, Diff: 0.0, Sum: 0.6]
         [Processed Buffers: Min: 1, Avg: 3.0, Max: 5, Diff: 4, Sum: 6]
      [Scan RS (ms): Min: 0.0, Avg: 0.1, Max: 0.1, Diff: 0.0, Sum: 0.1]
      [Code Root Scanning (ms): Min: 0.0, Avg: 0.0, Max: 0.0, Diff: 0.0, Sum: 0.0]
      [Object Copy (ms): Min: 8.8, Avg: 8.8, Max: 8.8, Diff: 0.0, Sum: 17.6]
      [Termination (ms): Min: 0.0, Avg: 0.0, Max: 0.0, Diff: 0.0, Sum: 0.0]
      [GC Worker Other (ms): Min: 0.0, Avg: 0.0, Max: 0.0, Diff: 0.0, Sum: 0.1]
      [GC Worker Total (ms): Min: 10.7, Avg: 10.7, Max: 10.7, Diff: 0.0, Sum: 21.5]
      [GC Worker End (ms): Min: 71736.9, Avg: 71736.9, Max: 71736.9, Diff: 0.0]
   [Code Root Fixup: 0.0 ms]
   [Code Root Migration: 0.0 ms]
   [Clear CT: 0.0 ms]
   [Other: 0.3 ms]
      [Choose CSet: 0.0 ms]
      [Ref Proc: 0.0 ms]
      [Ref Enq: 0.0 ms]
      [Free CSet: 0.1 ms]
   [Eden: 9216.0K(9216.0K)->0.0B(63.0M) Survivors: 3072.0K->2048.0K Heap: 114.0M(256.0M)->103.0M(256.0M)]
 [Times: user=0.03 sys=0.00, real=0.01 secs] 
2014-07-10T16:13:40.857+0200: 71.841: [GC pause (young), 0.0419049 secs]
   [Parallel Time: 41.4 ms, GC Workers: 2]
      [GC Worker Start (ms): Min: 71841.1, Avg: 71841.1, Max: 71841.1, Diff: 0.0]
      [Ext Root Scanning (ms): Min: 1.1, Avg: 1.1, Max: 1.1, Diff: 0.1, Sum: 2.2]
      [Update RS (ms): Min: 0.4, Avg: 0.4, Max: 0.4, Diff: 0.1, Sum: 0.8]
         [Processed Buffers: Min: 1, Avg: 2.0, Max: 3, Diff: 2, Sum: 4]
      [Scan RS (ms): Min: 0.1, Avg: 0.1, Max: 0.1, Diff: 0.0, Sum: 0.2]
      [Code Root Scanning (ms): Min: 0.0, Avg: 0.0, Max: 0.0, Diff: 0.0, Sum: 0.1]
      [Object Copy (ms): Min: 39.7, Avg: 39.7, Max: 39.7, Diff: 0.0, Sum: 79.4]
      [Termination (ms): Min: 0.0, Avg: 0.0, Max: 0.0, Diff: 0.0, Sum: 0.0]
      [GC Worker Other (ms): Min: 0.0, Avg: 0.0, Max: 0.0, Diff: 0.0, Sum: 0.1]
      [GC Worker Total (ms): Min: 41.4, Avg: 41.4, Max: 41.4, Diff: 0.0, Sum: 82.7]
      [GC Worker End (ms): Min: 71882.5, Avg: 71882.5, Max: 71882.5, Diff: 0.0]
   [Code Root Fixup: 0.0 ms]
   [Code Root Migration: 0.0 ms]
   [Clear CT: 0.1 ms]
   [Other: 0.4 ms]
      [Choose CSet: 0.0 ms]
      [Ref Proc: 0.1 ms]
      [Ref Enq: 0.0 ms]
      [Free CSet: 0.1 ms]
   [Eden: 63.0M(63.0M)->0.0B(29.0M) Survivors: 2048.0K->9216.0K Heap: 166.0M(256.0M)->171.0M(256.0M)]
 [Times: user=0.08 sys=0.00, real=0.04 secs] 
2014-07-10T16:13:40.946+0200: 71.930: [GC pause (young) (initial-mark), 0.0212045 secs]
   [Parallel Time: 20.8 ms, GC Workers: 2]
      [GC Worker Start (ms): Min: 71930.2, Avg: 71930.2, Max: 71930.2, Diff: 0.0]
      [Ext Root Scanning (ms): Min: 1.5, Avg: 2.1, Max: 2.8, Diff: 1.2, Sum: 4.3]
      [Code Root Marking (ms): Min: 0.0, Avg: 0.1, Max: 0.1, Diff: 0.1, Sum: 0.1]
      [Update RS (ms): Min: 0.3, Avg: 0.8, Max: 1.3, Diff: 1.0, Sum: 1.6]
         [Processed Buffers: Min: 2, Avg: 4.5, Max: 7, Diff: 5, Sum: 9]
      [Scan RS (ms): Min: 0.0, Avg: 0.0, Max: 0.0, Diff: 0.0, Sum: 0.1]
      [Code Root Scanning (ms): Min: 0.0, Avg: 0.0, Max: 0.0, Diff: 0.0, Sum: 0.1]
      [Object Copy (ms): Min: 17.5, Avg: 17.6, Max: 17.7, Diff: 0.1, Sum: 35.2]
      [Termination (ms): Min: 0.0, Avg: 0.0, Max: 0.0, Diff: 0.0, Sum: 0.0]
      [GC Worker Other (ms): Min: 0.0, Avg: 0.0, Max: 0.0, Diff: 0.0, Sum: 0.1]
      [GC Worker Total (ms): Min: 20.7, Avg: 20.7, Max: 20.7, Diff: 0.0, Sum: 41.4]
      [GC Worker End (ms): Min: 71951.0, Avg: 71951.0, Max: 71951.0, Diff: 0.0]
   [Code Root Fixup: 0.0 ms]
   [Code Root Migration: 0.0 ms]
   [Clear CT: 0.0 ms]
   [Other: 0.3 ms]
      [Choose CSet: 0.0 ms]
      [Ref Proc: 0.1 ms]
      [Ref Enq: 0.0 ms]
      [Free CSet: 0.1 ms]
   [Eden: 29.0M(29.0M)->0.0B(19.0M) Survivors: 9216.0K->5120.0K Heap: 200.0M(256.0M)->191.5M(256.0M)]
 [Times: user=0.02 sys=0.00, real=0.02 secs] 
2014-07-10T16:13:40.967+0200: 71.952: [GC concurrent-root-region-scan-start]
2014-07-10T16:13:40.967+0200: 71.952: [GC concurrent-root-region-scan-end, 0.0000935 secs]
2014-07-10T16:13:40.967+0200: 71.952: [GC concurrent-mark-start]
2014-07-10T16:13:40.972+0200: 71.956: [GC concurrent-mark-end, 0.0038312 secs]
2014-07-10T16:13:40.974+0200: 71.958: [GC remark 2014-07-10T16:13:40.974+0200: 71.958: [GC ref-proc, 0.0000660 secs], 0.0010203 secs]
 [Times: user=0.00 sys=0.00, real=0.00 secs] 
2014-07-10T16:13:40.978+0200: 71.962: [GC cleanup 196M->87M(256M), 0.0014166 secs]
 [Times: user=0.00 sys=0.00, real=0.00 secs] 
2014-07-10T16:13:40.979+0200: 71.963: [GC concurrent-cleanup-start]
2014-07-10T16:13:40.979+0200: 71.964: [GC concurrent-cleanup-end, 0.0001705 secs]
2014-07-10T16:13:41.007+0200: 71.991: [GC pause (young), 0.0129980 secs]
   [Parallel Time: 12.4 ms, GC Workers: 2]
      [GC Worker Start (ms): Min: 71991.2, Avg: 71991.2, Max: 71991.2, Diff: 0.0]
      [Ext Root Scanning (ms): Min: 0.9, Avg: 0.9, Max: 0.9, Diff: 0.0, Sum: 1.8]
      [Update RS (ms): Min: 0.4, Avg: 0.4, Max: 0.5, Diff: 0.0, Sum: 0.9]
         [Processed Buffers: Min: 2, Avg: 3.0, Max: 4, Diff: 2, Sum: 6]
      [Scan RS (ms): Min: 0.0, Avg: 0.0, Max: 0.0, Diff: 0.0, Sum: 0.1]
      [Code Root Scanning (ms): Min: 0.0, Avg: 0.0, Max: 0.0, Diff: 0.0, Sum: 0.0]
      [Object Copy (ms): Min: 10.9, Avg: 10.9, Max: 10.9, Diff: 0.0, Sum: 21.8]
      [Termination (ms): Min: 0.0, Avg: 0.0, Max: 0.0, Diff: 0.0, Sum: 0.0]
      [GC Worker Other (ms): Min: 0.0, Avg: 0.0, Max: 0.0, Diff: 0.0, Sum: 0.1]
      [GC Worker Total (ms): Min: 12.3, Avg: 12.3, Max: 12.3, Diff: 0.0, Sum: 24.7]
      [GC Worker End (ms): Min: 72003.6, Avg: 72003.6, Max: 72003.6, Diff: 0.0]
   [Code Root Fixup: 0.1 ms]
   [Code Root Migration: 0.0 ms]
   [Clear CT: 0.0 ms]
   [Other: 0.5 ms]
      [Choose CSet: 0.0 ms]
      [Ref Proc: 0.3 ms]
      [Ref Enq: 0.0 ms]
      [Free CSet: 0.1 ms]
   [Eden: 19.0M(19.0M)->0.0B(9216.0K) Survivors: 5120.0K->3072.0K Heap: 101.5M(256.0M)->97.0M(256.0M)]
 [Times: user=0.03 sys=0.00, real=0.01 secs] 
2014-07-10T16:13:41.035+0200: 72.019: [GC pause (mixed), 0.0082205 secs]
   [Parallel Time: 7.9 ms, GC Workers: 2]
      [GC Worker Start (ms): Min: 72019.1, Avg: 72019.1, Max: 72019.1, Diff: 0.0]
      [Ext Root Scanning (ms): Min: 1.1, Avg: 1.1, Max: 1.1, Diff: 0.0, Sum: 2.2]
      [Update RS (ms): Min: 0.3, Avg: 0.3, Max: 0.3, Diff: 0.0, Sum: 0.6]
         [Processed Buffers: Min: 2, Avg: 4.0, Max: 6, Diff: 4, Sum: 8]
      [Scan RS (ms): Min: 0.0, Avg: 0.0, Max: 0.0, Diff: 0.0, Sum: 0.1]
      [Code Root Scanning (ms): Min: 0.0, Avg: 0.0, Max: 0.0, Diff: 0.0, Sum: 0.0]
      [Object Copy (ms): Min: 6.2, Avg: 6.2, Max: 6.2, Diff: 0.0, Sum: 12.3]
      [Termination (ms): Min: 0.0, Avg: 0.1, Max: 0.2, Diff: 0.2, Sum: 0.2]
      [GC Worker Other (ms): Min: 0.0, Avg: 0.0, Max: 0.0, Diff: 0.0, Sum: 0.1]
      [GC Worker Total (ms): Min: 7.7, Avg: 7.8, Max: 7.9, Diff: 0.1, Sum: 15.6]
      [GC Worker End (ms): Min: 72026.8, Avg: 72026.9, Max: 72027.0, Diff: 0.2]
   [Code Root Fixup: 0.0 ms]
   [Code Root Migration: 0.0 ms]
   [Clear CT: 0.0 ms]
   [Other: 0.3 ms]
      [Choose CSet: 0.0 ms]
      [Ref Proc: 0.1 ms]
      [Ref Enq: 0.0 ms]
      [Free CSet: 0.1 ms]
   [Eden: 9216.0K(9216.0K)->0.0B(66.0M) Survivors: 3072.0K->2048.0K Heap: 106.0M(256.0M)->101.5M(256.0M)]
 [Times: user=0.00 sys=0.00, real=0.01 secs] 
2014-07-10T16:13:41.152+0200: 72.136: [GC pause (young), 0.0438748 secs]
   [Parallel Time: 43.4 ms, GC Workers: 2]
      [GC Worker Start (ms): Min: 72136.2, Avg: 72136.2, Max: 72136.2, Diff: 0.0]
      [Ext Root Scanning (ms): Min: 1.0, Avg: 1.0, Max: 1.1, Diff: 0.1, Sum: 2.1]
      [Update RS (ms): Min: 0.3, Avg: 0.4, Max: 0.4, Diff: 0.1, Sum: 0.7]
         [Processed Buffers: Min: 1, Avg: 2.5, Max: 4, Diff: 3, Sum: 5]
      [Scan RS (ms): Min: 0.1, Avg: 0.1, Max: 0.1, Diff: 0.0, Sum: 0.2]
      [Code Root Scanning (ms): Min: 0.0, Avg: 0.0, Max: 0.1, Diff: 0.0, Sum: 0.1]
      [Object Copy (ms): Min: 41.8, Avg: 41.8, Max: 41.8, Diff: 0.0, Sum: 83.6]
      [Termination (ms): Min: 0.0, Avg: 0.0, Max: 0.0, Diff: 0.0, Sum: 0.0]
      [GC Worker Other (ms): Min: 0.0, Avg: 0.0, Max: 0.0, Diff: 0.0, Sum: 0.1]
      [GC Worker Total (ms): Min: 43.4, Avg: 43.4, Max: 43.4, Diff: 0.0, Sum: 86.8]
      [GC Worker End (ms): Min: 72179.6, Avg: 72179.6, Max: 72179.6, Diff: 0.0]
   [Code Root Fixup: 0.0 ms]
   [Code Root Migration: 0.0 ms]
   [Clear CT: 0.1 ms]
   [Other: 0.4 ms]
      [Choose CSet: 0.0 ms]
      [Ref Proc: 0.0 ms]
      [Ref Enq: 0.0 ms]
      [Free CSet: 0.1 ms]
   [Eden: 66.0M(66.0M)->0.0B(27.0M) Survivors: 2048.0K->9216.0K Heap: 167.5M(256.0M)->174.0M(256.0M)]
 [Times: user=0.09 sys=0.00, real=0.04 secs] 
2014-07-10T16:13:41.239+0200: 72.223: [GC pause (young) (initial-mark), 0.0191287 secs]
   [Parallel Time: 18.6 ms, GC Workers: 2]
      [GC Worker Start (ms): Min: 72223.2, Avg: 72223.2, Max: 72223.2, Diff: 0.0]
      [Ext Root Scanning (ms): Min: 1.2, Avg: 1.2, Max: 1.2, Diff: 0.0, Sum: 2.3]
      [Code Root Marking (ms): Min: 0.1, Avg: 0.1, Max: 0.1, Diff: 0.0, Sum: 0.1]
      [Update RS (ms): Min: 0.9, Avg: 0.9, Max: 0.9, Diff: 0.0, Sum: 1.8]
         [Processed Buffers: Min: 4, Avg: 4.5, Max: 5, Diff: 1, Sum: 9]
      [Scan RS (ms): Min: 0.0, Avg: 0.0, Max: 0.0, Diff: 0.0, Sum: 0.1]
      [Code Root Scanning (ms): Min: 0.0, Avg: 0.0, Max: 0.0, Diff: 0.0, Sum: 0.0]
      [Object Copy (ms): Min: 16.3, Avg: 16.4, Max: 16.4, Diff: 0.0, Sum: 32.7]
      [Termination (ms): Min: 0.0, Avg: 0.0, Max: 0.0, Diff: 0.0, Sum: 0.0]
      [GC Worker Other (ms): Min: 0.0, Avg: 0.0, Max: 0.0, Diff: 0.0, Sum: 0.1]
      [GC Worker Total (ms): Min: 18.6, Avg: 18.6, Max: 18.6, Diff: 0.0, Sum: 37.2]
      [GC Worker End (ms): Min: 72241.8, Avg: 72241.8, Max: 72241.8, Diff: 0.0]
   [Code Root Fixup: 0.0 ms]
   [Code Root Migration: 0.0 ms]
   [Clear CT: 0.0 ms]
   [Other: 0.4 ms]
      [Choose CSet: 0.0 ms]
      [Ref Proc: 0.2 ms]
      [Ref Enq: 0.0 ms]
      [Free CSet: 0.1 ms]
   [Eden: 27.0M(27.0M)->0.0B(18.0M) Survivors: 9216.0K->5120.0K Heap: 201.0M(256.0M)->193.5M(256.0M)]
 [Times: user=0.03 sys=0.00, real=0.02 secs] 
2014-07-10T16:13:41.258+0200: 72.243: [GC concurrent-root-region-scan-start]
2014-07-10T16:13:41.258+0200: 72.243: [GC concurrent-root-region-scan-end, 0.0000891 secs]
2014-07-10T16:13:41.258+0200: 72.243: [GC concurrent-mark-start]
2014-07-10T16:13:41.262+0200: 72.246: [GC concurrent-mark-end, 0.0036028 secs]
2014-07-10T16:13:41.263+0200: 72.247: [GC remark 2014-07-10T16:13:41.263+0200: 72.247: [GC ref-proc, 0.0000671 secs], 0.0014885 secs]
 [Times: user=0.00 sys=0.00, real=0.00 secs] 
2014-07-10T16:13:41.264+0200: 72.249: [GC cleanup 195M->88M(256M), 0.0012539 secs]
 [Times: user=0.00 sys=0.00, real=0.00 secs] 
2014-07-10T16:13:41.266+0200: 72.250: [GC concurrent-cleanup-start]
2014-07-10T16:13:41.266+0200: 72.250: [GC concurrent-cleanup-end, 0.0001646 secs]
2014-07-10T16:13:41.293+0200: 72.277: [GC pause (young), 0.0130959 secs]
   [Parallel Time: 12.5 ms, GC Workers: 2]
      [GC Worker Start (ms): Min: 72277.3, Avg: 72277.7, Max: 72278.0, Diff: 0.7]
      [Ext Root Scanning (ms): Min: 0.7, Avg: 1.0, Max: 1.3, Diff: 0.5, Sum: 2.0]
      [Update RS (ms): Min: 0.5, Avg: 0.5, Max: 0.5, Diff: 0.0, Sum: 1.0]
         [Processed Buffers: Min: 2, Avg: 3.0, Max: 4, Diff: 2, Sum: 6]
      [Scan RS (ms): Min: 0.0, Avg: 0.0, Max: 0.1, Diff: 0.1, Sum: 0.1]
      [Code Root Scanning (ms): Min: 0.0, Avg: 0.0, Max: 0.0, Diff: 0.0, Sum: 0.0]
      [Object Copy (ms): Min: 10.5, Avg: 10.6, Max: 10.6, Diff: 0.1, Sum: 21.1]
      [Termination (ms): Min: 0.0, Avg: 0.0, Max: 0.0, Diff: 0.0, Sum: 0.0]
      [GC Worker Other (ms): Min: 0.0, Avg: 0.0, Max: 0.0, Diff: 0.0, Sum: 0.1]
      [GC Worker Total (ms): Min: 11.8, Avg: 12.1, Max: 12.5, Diff: 0.7, Sum: 24.2]
      [GC Worker End (ms): Min: 72289.8, Avg: 72289.8, Max: 72289.8, Diff: 0.0]
   [Code Root Fixup: 0.0 ms]
   [Code Root Migration: 0.0 ms]
   [Clear CT: 0.0 ms]
   [Other: 0.6 ms]
      [Choose CSet: 0.0 ms]
      [Ref Proc: 0.2 ms]
      [Ref Enq: 0.1 ms]
      [Free CSet: 0.1 ms]
   [Eden: 18.0M(18.0M)->0.0B(9216.0K) Survivors: 5120.0K->3072.0K Heap: 104.5M(256.0M)->100.5M(256.0M)]
 [Times: user=0.03 sys=0.00, real=0.01 secs] 
2014-07-10T16:13:41.320+0200: 72.304: [GC pause (mixed), 0.0082670 secs]
   [Parallel Time: 7.9 ms, GC Workers: 2]
      [GC Worker Start (ms): Min: 72304.1, Avg: 72304.1, Max: 72304.1, Diff: 0.0]
      [Ext Root Scanning (ms): Min: 1.0, Avg: 1.0, Max: 1.0, Diff: 0.0, Sum: 2.0]
      [Update RS (ms): Min: 0.3, Avg: 0.3, Max: 0.3, Diff: 0.0, Sum: 0.6]
         [Processed Buffers: Min: 1, Avg: 4.0, Max: 7, Diff: 6, Sum: 8]
      [Scan RS (ms): Min: 0.1, Avg: 0.1, Max: 0.1, Diff: 0.0, Sum: 0.1]
      [Code Root Scanning (ms): Min: 0.0, Avg: 0.0, Max: 0.0, Diff: 0.0, Sum: 0.0]
      [Object Copy (ms): Min: 6.5, Avg: 6.5, Max: 6.5, Diff: 0.0, Sum: 12.9]
      [Termination (ms): Min: 0.0, Avg: 0.0, Max: 0.0, Diff: 0.0, Sum: 0.0]
      [GC Worker Other (ms): Min: 0.0, Avg: 0.0, Max: 0.0, Diff: 0.0, Sum: 0.1]
      [GC Worker Total (ms): Min: 7.9, Avg: 7.9, Max: 7.9, Diff: 0.0, Sum: 15.8]
      [GC Worker End (ms): Min: 72312.0, Avg: 72312.0, Max: 72312.0, Diff: 0.0]
   [Code Root Fixup: 0.0 ms]
   [Code Root Migration: 0.0 ms]
   [Clear CT: 0.0 ms]
   [Other: 0.3 ms]
      [Choose CSet: 0.0 ms]
      [Ref Proc: 0.0 ms]
      [Ref Enq: 0.0 ms]
      [Free CSet: 0.1 ms]
   [Eden: 9216.0K(9216.0K)->0.0B(67.0M) Survivors: 3072.0K->2048.0K Heap: 109.5M(256.0M)->98.0M(256.0M)]
 [Times: user=0.00 sys=0.00, real=0.01 secs] 
2014-07-10T16:13:41.439+0200: 72.423: [GC pause (young), 0.0455290 secs]
   [Parallel Time: 45.0 ms, GC Workers: 2]
      [GC Worker Start (ms): Min: 72423.3, Avg: 72423.3, Max: 72423.3, Diff: 0.0]
      [Ext Root Scanning (ms): Min: 1.1, Avg: 1.2, Max: 1.2, Diff: 0.0, Sum: 2.3]
      [Update RS (ms): Min: 0.3, Avg: 0.4, Max: 0.4, Diff: 0.0, Sum: 0.7]
         [Processed Buffers: Min: 2, Avg: 2.5, Max: 3, Diff: 1, Sum: 5]
      [Scan RS (ms): Min: 0.1, Avg: 0.1, Max: 0.1, Diff: 0.0, Sum: 0.2]
      [Code Root Scanning (ms): Min: 0.0, Avg: 0.0, Max: 0.0, Diff: 0.0, Sum: 0.1]
      [Object Copy (ms): Min: 43.3, Avg: 43.3, Max: 43.3, Diff: 0.0, Sum: 86.6]
      [Termination (ms): Min: 0.0, Avg: 0.0, Max: 0.0, Diff: 0.0, Sum: 0.0]
      [GC Worker Other (ms): Min: 0.0, Avg: 0.0, Max: 0.0, Diff: 0.0, Sum: 0.1]
      [GC Worker Total (ms): Min: 45.0, Avg: 45.0, Max: 45.0, Diff: 0.0, Sum: 90.0]
      [GC Worker End (ms): Min: 72468.4, Avg: 72468.4, Max: 72468.4, Diff: 0.0]
   [Code Root Fixup: 0.0 ms]
   [Code Root Migration: 0.0 ms]
   [Clear CT: 0.1 ms]
   [Other: 0.4 ms]
      [Choose CSet: 0.0 ms]
      [Ref Proc: 0.0 ms]
      [Ref Enq: 0.0 ms]
      [Free CSet: 0.1 ms]
   [Eden: 67.0M(67.0M)->0.0B(27.0M) Survivors: 2048.0K->9216.0K Heap: 165.0M(256.0M)->174.0M(256.0M)]
 [Times: user=0.06 sys=0.00, real=0.05 secs] 
2014-07-10T16:13:41.537+0200: 72.521: [GC pause (young) (initial-mark), 0.0187885 secs]
   [Parallel Time: 18.4 ms, GC Workers: 2]
      [GC Worker Start (ms): Min: 72521.2, Avg: 72521.2, Max: 72521.2, Diff: 0.0]
      [Ext Root Scanning (ms): Min: 1.0, Avg: 1.0, Max: 1.0, Diff: 0.0, Sum: 2.0]
      [Code Root Marking (ms): Min: 0.0, Avg: 0.1, Max: 0.1, Diff: 0.0, Sum: 0.1]
      [Update RS (ms): Min: 0.9, Avg: 0.9, Max: 0.9, Diff: 0.1, Sum: 1.8]
         [Processed Buffers: Min: 4, Avg: 5.0, Max: 6, Diff: 2, Sum: 10]
      [Scan RS (ms): Min: 0.0, Avg: 0.0, Max: 0.1, Diff: 0.0, Sum: 0.1]
      [Code Root Scanning (ms): Min: 0.0, Avg: 0.0, Max: 0.0, Diff: 0.0, Sum: 0.0]
      [Object Copy (ms): Min: 16.3, Avg: 16.3, Max: 16.3, Diff: 0.0, Sum: 32.6]
      [Termination (ms): Min: 0.0, Avg: 0.0, Max: 0.0, Diff: 0.0, Sum: 0.0]
      [GC Worker Other (ms): Min: 0.0, Avg: 0.0, Max: 0.1, Diff: 0.0, Sum: 0.1]
      [GC Worker Total (ms): Min: 18.3, Avg: 18.3, Max: 18.4, Diff: 0.0, Sum: 36.7]
      [GC Worker End (ms): Min: 72539.6, Avg: 72539.6, Max: 72539.6, Diff: 0.0]
   [Code Root Fixup: 0.0 ms]
   [Code Root Migration: 0.0 ms]
   [Clear CT: 0.1 ms]
   [Other: 0.3 ms]
      [Choose CSet: 0.0 ms]
      [Ref Proc: 0.0 ms]
      [Ref Enq: 0.0 ms]
      [Free CSet: 0.1 ms]
   [Eden: 27.0M(27.0M)->0.0B(18.0M) Survivors: 9216.0K->5120.0K Heap: 201.0M(256.0M)->193.5M(256.0M)]
 [Times: user=0.03 sys=0.00, real=0.02 secs] 
2014-07-10T16:13:41.556+0200: 72.540: [GC concurrent-root-region-scan-start]
2014-07-10T16:13:41.557+0200: 72.542: [GC concurrent-root-region-scan-end, 0.0013492 secs]
2014-07-10T16:13:41.557+0200: 72.542: [GC concurrent-mark-start]
2014-07-10T16:13:41.561+0200: 72.546: [GC concurrent-mark-end, 0.0033348 secs]
2014-07-10T16:13:41.562+0200: 72.546: [GC remark 2014-07-10T16:13:41.562+0200: 72.546: [GC ref-proc, 0.0000667 secs], 0.0010962 secs]
 [Times: user=0.00 sys=0.00, real=0.00 secs] 
2014-07-10T16:13:41.563+0200: 72.548: [GC cleanup 197M->85M(256M), 0.0007776 secs]
 [Times: user=0.02 sys=0.02, real=0.00 secs] 
2014-07-10T16:13:41.564+0200: 72.549: [GC concurrent-cleanup-start]
2014-07-10T16:13:41.564+0200: 72.549: [GC concurrent-cleanup-end, 0.0001723 secs]
2014-07-10T16:13:41.590+0200: 72.574: [GC pause (young), 0.0131270 secs]
   [Parallel Time: 12.8 ms, GC Workers: 2]
      [GC Worker Start (ms): Min: 72574.3, Avg: 72574.3, Max: 72574.3, Diff: 0.0]
      [Ext Root Scanning (ms): Min: 1.1, Avg: 1.1, Max: 1.1, Diff: 0.0, Sum: 2.2]
      [Update RS (ms): Min: 0.4, Avg: 0.5, Max: 0.5, Diff: 0.1, Sum: 0.9]
         [Processed Buffers: Min: 2, Avg: 2.5, Max: 3, Diff: 1, Sum: 5]
      [Scan RS (ms): Min: 0.0, Avg: 0.0, Max: 0.0, Diff: 0.0, Sum: 0.1]
      [Code Root Scanning (ms): Min: 0.0, Avg: 0.0, Max: 0.0, Diff: 0.0, Sum: 0.0]
      [Object Copy (ms): Min: 11.1, Avg: 11.1, Max: 11.1, Diff: 0.0, Sum: 22.3]
      [Termination (ms): Min: 0.0, Avg: 0.0, Max: 0.0, Diff: 0.0, Sum: 0.0]
      [GC Worker Other (ms): Min: 0.0, Avg: 0.0, Max: 0.0, Diff: 0.0, Sum: 0.1]
      [GC Worker Total (ms): Min: 12.8, Avg: 12.8, Max: 12.8, Diff: 0.0, Sum: 25.6]
      [GC Worker End (ms): Min: 72587.1, Avg: 72587.1, Max: 72587.1, Diff: 0.0]
   [Code Root Fixup: 0.0 ms]
   [Code Root Migration: 0.0 ms]
   [Clear CT: 0.0 ms]
   [Other: 0.2 ms]
      [Choose CSet: 0.0 ms]
      [Ref Proc: 0.0 ms]
      [Ref Enq: 0.0 ms]
      [Free CSet: 0.1 ms]
   [Eden: 18.0M(18.0M)->0.0B(9216.0K) Survivors: 5120.0K->3072.0K Heap: 99.5M(256.0M)->95.5M(256.0M)]
 [Times: user=0.03 sys=0.00, real=0.01 secs] 
2014-07-10T16:13:41.618+0200: 72.602: [GC pause (mixed), 0.0124950 secs]
   [Parallel Time: 12.2 ms, GC Workers: 2]
      [GC Worker Start (ms): Min: 72602.2, Avg: 72605.1, Max: 72607.9, Diff: 5.7]
      [Ext Root Scanning (ms): Min: 0.0, Avg: 0.9, Max: 1.7, Diff: 1.7, Sum: 1.7]
      [Update RS (ms): Min: 0.0, Avg: 0.3, Max: 0.5, Diff: 0.5, Sum: 0.5]
         [Processed Buffers: Min: 0, Avg: 2.5, Max: 5, Diff: 5, Sum: 5]
      [Scan RS (ms): Min: 0.0, Avg: 0.0, Max: 0.1, Diff: 0.1, Sum: 0.1]
      [Code Root Scanning (ms): Min: 0.0, Avg: 0.0, Max: 0.0, Diff: 0.0, Sum: 0.0]
      [Object Copy (ms): Min: 5.1, Avg: 7.5, Max: 9.8, Diff: 4.7, Sum: 14.9]
      [Termination (ms): Min: 0.0, Avg: 0.7, Max: 1.3, Diff: 1.3, Sum: 1.3]
      [GC Worker Other (ms): Min: 0.0, Avg: 0.0, Max: 0.0, Diff: 0.0, Sum: 0.0]
      [GC Worker Total (ms): Min: 6.5, Avg: 9.3, Max: 12.2, Diff: 5.7, Sum: 18.7]
      [GC Worker End (ms): Min: 72614.4, Avg: 72614.4, Max: 72614.4, Diff: 0.0]
   [Code Root Fixup: 0.0 ms]
   [Code Root Migration: 0.0 ms]
   [Clear CT: 0.0 ms]
   [Other: 0.2 ms]
      [Choose CSet: 0.0 ms]
      [Ref Proc: 0.0 ms]
      [Ref Enq: 0.0 ms]
      [Free CSet: 0.1 ms]
   [Eden: 9216.0K(9216.0K)->0.0B(68.0M) Survivors: 3072.0K->2048.0K Heap: 104.5M(256.0M)->99.2M(256.0M)]
 [Times: user=0.02 sys=0.00, real=0.01 secs] 
2014-07-10T16:13:41.742+0200: 72.726: [GC pause (young), 0.0445861 secs]
   [Parallel Time: 44.1 ms, GC Workers: 2]
      [GC Worker Start (ms): Min: 72726.6, Avg: 72726.6, Max: 72726.6, Diff: 0.0]
      [Ext Root Scanning (ms): Min: 1.2, Avg: 1.3, Max: 1.4, Diff: 0.2, Sum: 2.5]
      [Update RS (ms): Min: 0.3, Avg: 0.4, Max: 0.5, Diff: 0.2, Sum: 0.8]
         [Processed Buffers: Min: 2, Avg: 3.0, Max: 4, Diff: 2, Sum: 6]
      [Scan RS (ms): Min: 0.1, Avg: 0.1, Max: 0.1, Diff: 0.0, Sum: 0.2]
      [Code Root Scanning (ms): Min: 0.0, Avg: 0.0, Max: 0.0, Diff: 0.0, Sum: 0.1]
      [Object Copy (ms): Min: 42.2, Avg: 42.2, Max: 42.2, Diff: 0.0, Sum: 84.4]
      [Termination (ms): Min: 0.0, Avg: 0.0, Max: 0.0, Diff: 0.0, Sum: 0.0]
      [GC Worker Other (ms): Min: 0.0, Avg: 0.0, Max: 0.0, Diff: 0.0, Sum: 0.1]
      [GC Worker Total (ms): Min: 44.0, Avg: 44.0, Max: 44.1, Diff: 0.0, Sum: 88.1]
      [GC Worker End (ms): Min: 72770.6, Avg: 72770.6, Max: 72770.6, Diff: 0.0]
   [Code Root Fixup: 0.0 ms]
   [Code Root Migration: 0.0 ms]
   [Clear CT: 0.1 ms]
   [Other: 0.4 ms]
      [Choose CSet: 0.0 ms]
      [Ref Proc: 0.0 ms]
      [Ref Enq: 0.0 ms]
      [Free CSet: 0.2 ms]
   [Eden: 68.0M(68.0M)->0.0B(29.0M) Survivors: 2048.0K->9216.0K Heap: 167.2M(256.0M)->171.5M(256.0M)]
 [Times: user=0.06 sys=0.00, real=0.04 secs] 
2014-07-10T16:13:41.833+0200: 72.817: [GC pause (young) (initial-mark), 0.0203712 secs]
   [Parallel Time: 19.9 ms, GC Workers: 2]
      [GC Worker Start (ms): Min: 72817.4, Avg: 72817.4, Max: 72817.4, Diff: 0.0]
      [Ext Root Scanning (ms): Min: 1.1, Avg: 1.1, Max: 1.1, Diff: 0.0, Sum: 2.2]
      [Code Root Marking (ms): Min: 0.1, Avg: 0.1, Max: 0.1, Diff: 0.0, Sum: 0.1]
      [Update RS (ms): Min: 0.9, Avg: 0.9, Max: 0.9, Diff: 0.0, Sum: 1.8]
         [Processed Buffers: Min: 4, Avg: 5.0, Max: 6, Diff: 2, Sum: 10]
      [Scan RS (ms): Min: 0.1, Avg: 0.1, Max: 0.1, Diff: 0.0, Sum: 0.1]
      [Code Root Scanning (ms): Min: 0.0, Avg: 0.0, Max: 0.0, Diff: 0.0, Sum: 0.1]
      [Object Copy (ms): Min: 17.7, Avg: 17.7, Max: 17.7, Diff: 0.0, Sum: 35.4]
      [Termination (ms): Min: 0.0, Avg: 0.0, Max: 0.0, Diff: 0.0, Sum: 0.0]
      [GC Worker Other (ms): Min: 0.0, Avg: 0.0, Max: 0.0, Diff: 0.0, Sum: 0.1]
      [GC Worker Total (ms): Min: 19.9, Avg: 19.9, Max: 19.9, Diff: 0.0, Sum: 39.8]
      [GC Worker End (ms): Min: 72837.3, Avg: 72837.3, Max: 72837.3, Diff: 0.0]
   [Code Root Fixup: 0.0 ms]
   [Code Root Migration: 0.0 ms]
   [Clear CT: 0.1 ms]
   [Other: 0.3 ms]
      [Choose CSet: 0.0 ms]
      [Ref Proc: 0.0 ms]
      [Ref Enq: 0.0 ms]
      [Free CSet: 0.1 ms]
   [Eden: 29.0M(29.0M)->0.0B(18.0M) Survivors: 9216.0K->5120.0K Heap: 200.5M(256.0M)->193.0M(256.0M)]
 [Times: user=0.03 sys=0.00, real=0.02 secs] 
2014-07-10T16:13:41.854+0200: 72.838: [GC concurrent-root-region-scan-start]
2014-07-10T16:13:41.855+0200: 72.840: [GC concurrent-root-region-scan-end, 0.0014020 secs]
2014-07-10T16:13:41.855+0200: 72.840: [GC concurrent-mark-start]
2014-07-10T16:13:41.858+0200: 72.843: [GC concurrent-mark-end, 0.0032615 secs]
2014-07-10T16:13:41.858+0200: 72.843: [GC remark 2014-07-10T16:13:41.859+0200: 72.843: [GC ref-proc, 0.0000704 secs], 0.0012799 secs]
 [Times: user=0.00 sys=0.00, real=0.00 secs] 
2014-07-10T16:13:41.860+0200: 72.844: [GC cleanup 195M->82M(256M), 0.0008337 secs]
 [Times: user=0.03 sys=0.00, real=0.00 secs] 
2014-07-10T16:13:41.861+0200: 72.845: [GC concurrent-cleanup-start]
2014-07-10T16:13:41.861+0200: 72.845: [GC concurrent-cleanup-end, 0.0002310 secs]
2014-07-10T16:13:41.884+0200: 72.868: [GC pause (young), 0.0129184 secs]
   [Parallel Time: 12.6 ms, GC Workers: 2]
      [GC Worker Start (ms): Min: 72868.4, Avg: 72868.4, Max: 72868.4, Diff: 0.0]
      [Ext Root Scanning (ms): Min: 1.1, Avg: 1.1, Max: 1.1, Diff: 0.0, Sum: 2.2]
      [Update RS (ms): Min: 0.5, Avg: 0.5, Max: 0.5, Diff: 0.0, Sum: 0.9]
         [Processed Buffers: Min: 2, Avg: 3.0, Max: 4, Diff: 2, Sum: 6]
      [Scan RS (ms): Min: 0.0, Avg: 0.0, Max: 0.1, Diff: 0.0, Sum: 0.1]
      [Code Root Scanning (ms): Min: 0.0, Avg: 0.0, Max: 0.0, Diff: 0.0, Sum: 0.0]
      [Object Copy (ms): Min: 10.9, Avg: 10.9, Max: 10.9, Diff: 0.0, Sum: 21.9]
      [Termination (ms): Min: 0.0, Avg: 0.0, Max: 0.0, Diff: 0.0, Sum: 0.0]
      [GC Worker Other (ms): Min: 0.0, Avg: 0.0, Max: 0.0, Diff: 0.0, Sum: 0.1]
      [GC Worker Total (ms): Min: 12.6, Avg: 12.6, Max: 12.6, Diff: 0.0, Sum: 25.2]
      [GC Worker End (ms): Min: 72881.0, Avg: 72881.0, Max: 72881.0, Diff: 0.0]
   [Code Root Fixup: 0.0 ms]
   [Code Root Migration: 0.0 ms]
   [Clear CT: 0.0 ms]
   [Other: 0.2 ms]
      [Choose CSet: 0.0 ms]
      [Ref Proc: 0.1 ms]
      [Ref Enq: 0.0 ms]
      [Free CSet: 0.1 ms]
   [Eden: 18.0M(18.0M)->0.0B(9216.0K) Survivors: 5120.0K->3072.0K Heap: 98.0M(256.0M)->93.5M(256.0M)]
 [Times: user=0.03 sys=0.00, real=0.01 secs] 
2014-07-10T16:13:41.911+0200: 72.895: [GC pause (mixed), 0.0083800 secs]
   [Parallel Time: 8.1 ms, GC Workers: 2]
      [GC Worker Start (ms): Min: 72895.3, Avg: 72895.3, Max: 72895.3, Diff: 0.0]
      [Ext Root Scanning (ms): Min: 1.1, Avg: 1.1, Max: 1.1, Diff: 0.0, Sum: 2.2]
      [Update RS (ms): Min: 0.3, Avg: 0.3, Max: 0.3, Diff: 0.0, Sum: 0.6]
         [Processed Buffers: Min: 1, Avg: 4.0, Max: 7, Diff: 6, Sum: 8]
      [Scan RS (ms): Min: 0.0, Avg: 0.0, Max: 0.0, Diff: 0.0, Sum: 0.1]
      [Code Root Scanning (ms): Min: 0.0, Avg: 0.0, Max: 0.0, Diff: 0.0, Sum: 0.0]
      [Object Copy (ms): Min: 6.6, Avg: 6.6, Max: 6.6, Diff: 0.0, Sum: 13.1]
      [Termination (ms): Min: 0.0, Avg: 0.0, Max: 0.0, Diff: 0.0, Sum: 0.0]
      [GC Worker Other (ms): Min: 0.0, Avg: 0.0, Max: 0.0, Diff: 0.0, Sum: 0.1]
      [GC Worker Total (ms): Min: 8.1, Avg: 8.1, Max: 8.1, Diff: 0.0, Sum: 16.1]
      [GC Worker End (ms): Min: 72903.3, Avg: 72903.3, Max: 72903.3, Diff: 0.0]
   [Code Root Fixup: 0.0 ms]
   [Code Root Migration: 0.0 ms]
   [Clear CT: 0.0 ms]
   [Other: 0.2 ms]
      [Choose CSet: 0.0 ms]
      [Ref Proc: 0.0 ms]
      [Ref Enq: 0.0 ms]
      [Free CSet: 0.1 ms]
   [Eden: 9216.0K(9216.0K)->0.0B(67.0M) Survivors: 3072.0K->2048.0K Heap: 102.5M(256.0M)->98.5M(256.0M)]
 [Times: user=0.00 sys=0.00, real=0.01 secs] 
2014-07-10T16:13:42.029+0200: 73.013: [GC pause (young), 0.0449131 secs]
   [Parallel Time: 44.5 ms, GC Workers: 2]
      [GC Worker Start (ms): Min: 73013.3, Avg: 73013.4, Max: 73013.4, Diff: 0.0]
      [Ext Root Scanning (ms): Min: 1.1, Avg: 1.2, Max: 1.2, Diff: 0.0, Sum: 2.3]
      [Update RS (ms): Min: 0.4, Avg: 0.4, Max: 0.5, Diff: 0.1, Sum: 0.9]
         [Processed Buffers: Min: 1, Avg: 2.5, Max: 4, Diff: 3, Sum: 5]
      [Scan RS (ms): Min: 0.1, Avg: 0.1, Max: 0.1, Diff: 0.0, Sum: 0.2]
      [Code Root Scanning (ms): Min: 0.0, Avg: 0.0, Max: 0.1, Diff: 0.0, Sum: 0.1]
      [Object Copy (ms): Min: 42.7, Avg: 42.7, Max: 42.7, Diff: 0.0, Sum: 85.3]
      [Termination (ms): Min: 0.0, Avg: 0.0, Max: 0.0, Diff: 0.0, Sum: 0.0]
      [GC Worker Other (ms): Min: 0.0, Avg: 0.0, Max: 0.0, Diff: 0.0, Sum: 0.1]
      [GC Worker Total (ms): Min: 44.4, Avg: 44.4, Max: 44.4, Diff: 0.0, Sum: 88.9]
      [GC Worker End (ms): Min: 73057.8, Avg: 73057.8, Max: 73057.8, Diff: 0.0]
   [Code Root Fixup: 0.0 ms]
   [Code Root Migration: 0.0 ms]
   [Clear CT: 0.1 ms]
   [Other: 0.4 ms]
      [Choose CSet: 0.0 ms]
      [Ref Proc: 0.0 ms]
      [Ref Enq: 0.0 ms]
      [Free CSet: 0.1 ms]
   [Eden: 67.0M(67.0M)->0.0B(27.0M) Survivors: 2048.0K->9216.0K Heap: 165.5M(256.0M)->175.5M(256.0M)]
 [Times: user=0.09 sys=0.00, real=0.05 secs] 
2014-07-10T16:13:42.118+0200: 73.101: [GC pause (young) (initial-mark), 0.0186323 secs]
   [Parallel Time: 18.2 ms, GC Workers: 2]
      [GC Worker Start (ms): Min: 73101.4, Avg: 73101.4, Max: 73101.4, Diff: 0.0]
      [Ext Root Scanning (ms): Min: 1.1, Avg: 1.1, Max: 1.1, Diff: 0.0, Sum: 2.1]
      [Code Root Marking (ms): Min: 0.0, Avg: 0.1, Max: 0.1, Diff: 0.0, Sum: 0.1]
      [Update RS (ms): Min: 0.9, Avg: 0.9, Max: 0.9, Diff: 0.0, Sum: 1.8]
         [Processed Buffers: Min: 4, Avg: 6.0, Max: 8, Diff: 4, Sum: 12]
      [Scan RS (ms): Min: 0.0, Avg: 0.0, Max: 0.1, Diff: 0.0, Sum: 0.1]
      [Code Root Scanning (ms): Min: 0.0, Avg: 0.0, Max: 0.0, Diff: 0.0, Sum: 0.0]
      [Object Copy (ms): Min: 16.0, Avg: 16.1, Max: 16.1, Diff: 0.0, Sum: 32.1]
      [Termination (ms): Min: 0.0, Avg: 0.0, Max: 0.0, Diff: 0.0, Sum: 0.0]
      [GC Worker Other (ms): Min: 0.0, Avg: 0.0, Max: 0.0, Diff: 0.0, Sum: 0.1]
      [GC Worker Total (ms): Min: 18.1, Avg: 18.2, Max: 18.2, Diff: 0.0, Sum: 36.3]
      [GC Worker End (ms): Min: 73119.5, Avg: 73119.5, Max: 73119.5, Diff: 0.0]
   [Code Root Fixup: 0.0 ms]
   [Code Root Migration: 0.0 ms]
   [Clear CT: 0.0 ms]
   [Other: 0.4 ms]
      [Choose CSet: 0.0 ms]
      [Ref Proc: 0.1 ms]
      [Ref Enq: 0.0 ms]
      [Free CSet: 0.1 ms]
   [Eden: 27.0M(27.0M)->0.0B(17.0M) Survivors: 9216.0K->5120.0K Heap: 202.5M(256.0M)->194.0M(256.0M)]
 [Times: user=0.03 sys=0.00, real=0.02 secs] 
2014-07-10T16:13:42.137+0200: 73.120: [GC concurrent-root-region-scan-start]
2014-07-10T16:13:42.139+0200: 73.122: [GC concurrent-root-region-scan-end, 0.0018892 secs]
2014-07-10T16:13:42.139+0200: 73.122: [GC concurrent-mark-start]
2014-07-10T16:13:42.142+0200: 73.126: [GC concurrent-mark-end, 0.0034719 secs]
2014-07-10T16:13:42.142+0200: 73.126: [GC remark 2014-07-10T16:13:42.143+0200: 73.126: [GC ref-proc, 0.0000656 secs], 0.0010515 secs]
 [Times: user=0.00 sys=0.00, real=0.00 secs] 
2014-07-10T16:13:42.144+0200: 73.127: [GC cleanup 197M->88M(256M), 0.0012696 secs]
 [Times: user=0.00 sys=0.00, real=0.00 secs] 
2014-07-10T16:13:42.145+0200: 73.128: [GC concurrent-cleanup-start]
2014-07-10T16:13:42.145+0200: 73.129: [GC concurrent-cleanup-end, 0.0002346 secs]
2014-07-10T16:13:42.165+0200: 73.148: [GC pause (young), 0.0120136 secs]
   [Parallel Time: 11.7 ms, GC Workers: 2]
      [GC Worker Start (ms): Min: 73148.2, Avg: 73148.2, Max: 73148.2, Diff: 0.0]
      [Ext Root Scanning (ms): Min: 1.0, Avg: 1.0, Max: 1.0, Diff: 0.0, Sum: 2.1]
      [Update RS (ms): Min: 0.4, Avg: 0.4, Max: 0.4, Diff: 0.1, Sum: 0.8]
         [Processed Buffers: Min: 2, Avg: 4.0, Max: 6, Diff: 4, Sum: 8]
      [Scan RS (ms): Min: 0.0, Avg: 0.0, Max: 0.0, Diff: 0.0, Sum: 0.1]
      [Code Root Scanning (ms): Min: 0.0, Avg: 0.0, Max: 0.0, Diff: 0.0, Sum: 0.0]
      [Object Copy (ms): Min: 10.1, Avg: 10.1, Max: 10.1, Diff: 0.0, Sum: 20.1]
      [Termination (ms): Min: 0.0, Avg: 0.0, Max: 0.0, Diff: 0.0, Sum: 0.0]
      [GC Worker Other (ms): Min: 0.0, Avg: 0.0, Max: 0.0, Diff: 0.0, Sum: 0.0]
      [GC Worker Total (ms): Min: 11.6, Avg: 11.6, Max: 11.6, Diff: 0.0, Sum: 23.2]
      [GC Worker End (ms): Min: 73159.9, Avg: 73159.9, Max: 73159.9, Diff: 0.0]
   [Code Root Fixup: 0.0 ms]
   [Code Root Migration: 0.0 ms]
   [Clear CT: 0.0 ms]
   [Other: 0.3 ms]
      [Choose CSet: 0.0 ms]
      [Ref Proc: 0.1 ms]
      [Ref Enq: 0.0 ms]
      [Free CSet: 0.1 ms]
   [Eden: 17.0M(17.0M)->0.0B(9216.0K) Survivors: 5120.0K->3072.0K Heap: 102.0M(256.0M)->98.0M(256.0M)]
 [Times: user=0.03 sys=0.00, real=0.01 secs] 
2014-07-10T16:13:42.191+0200: 73.174: [GC pause (mixed), 0.0089655 secs]
   [Parallel Time: 8.6 ms, GC Workers: 2]
      [GC Worker Start (ms): Min: 73174.3, Avg: 73174.3, Max: 73174.3, Diff: 0.0]
      [Ext Root Scanning (ms): Min: 1.1, Avg: 1.1, Max: 1.2, Diff: 0.1, Sum: 2.2]
      [Update RS (ms): Min: 0.3, Avg: 0.3, Max: 0.3, Diff: 0.0, Sum: 0.6]
         [Processed Buffers: Min: 1, Avg: 2.5, Max: 4, Diff: 3, Sum: 5]
      [Scan RS (ms): Min: 0.0, Avg: 0.1, Max: 0.1, Diff: 0.1, Sum: 0.1]
      [Code Root Scanning (ms): Min: 0.0, Avg: 0.0, Max: 0.0, Diff: 0.0, Sum: 0.0]
      [Object Copy (ms): Min: 7.0, Avg: 7.0, Max: 7.1, Diff: 0.0, Sum: 14.1]
      [Termination (ms): Min: 0.0, Avg: 0.0, Max: 0.0, Diff: 0.0, Sum: 0.0]
      [GC Worker Other (ms): Min: 0.0, Avg: 0.0, Max: 0.0, Diff: 0.0, Sum: 0.0]
      [GC Worker Total (ms): Min: 8.6, Avg: 8.6, Max: 8.6, Diff: 0.0, Sum: 17.1]
      [GC Worker End (ms): Min: 73182.9, Avg: 73182.9, Max: 73182.9, Diff: 0.0]
   [Code Root Fixup: 0.0 ms]
   [Code Root Migration: 0.0 ms]
   [Clear CT: 0.1 ms]
   [Other: 0.3 ms]
      [Choose CSet: 0.0 ms]
      [Ref Proc: 0.0 ms]
      [Ref Enq: 0.0 ms]
      [Free CSet: 0.1 ms]
   [Eden: 9216.0K(9216.0K)->0.0B(67.0M) Survivors: 3072.0K->2048.0K Heap: 107.0M(256.0M)->98.0M(256.0M)]
 [Times: user=0.00 sys=0.00, real=0.01 secs] 
2014-07-10T16:13:42.310+0200: 73.293: [GC pause (young), 0.0449538 secs]
   [Parallel Time: 44.5 ms, GC Workers: 2]
      [GC Worker Start (ms): Min: 73293.4, Avg: 73293.4, Max: 73293.4, Diff: 0.0]
      [Ext Root Scanning (ms): Min: 1.2, Avg: 1.3, Max: 1.3, Diff: 0.0, Sum: 2.5]
      [Update RS (ms): Min: 0.4, Avg: 0.4, Max: 0.4, Diff: 0.0, Sum: 0.8]
         [Processed Buffers: Min: 2, Avg: 2.0, Max: 2, Diff: 0, Sum: 4]
      [Scan RS (ms): Min: 0.1, Avg: 0.1, Max: 0.1, Diff: 0.0, Sum: 0.2]
      [Code Root Scanning (ms): Min: 0.0, Avg: 0.0, Max: 0.0, Diff: 0.0, Sum: 0.1]
      [Object Copy (ms): Min: 42.6, Avg: 42.6, Max: 42.6, Diff: 0.0, Sum: 85.2]
      [Termination (ms): Min: 0.0, Avg: 0.0, Max: 0.0, Diff: 0.0, Sum: 0.0]
      [GC Worker Other (ms): Min: 0.0, Avg: 0.0, Max: 0.0, Diff: 0.0, Sum: 0.1]
      [GC Worker Total (ms): Min: 44.4, Avg: 44.4, Max: 44.4, Diff: 0.0, Sum: 88.9]
      [GC Worker End (ms): Min: 73337.8, Avg: 73337.8, Max: 73337.8, Diff: 0.0]
   [Code Root Fixup: 0.0 ms]
   [Code Root Migration: 0.0 ms]
   [Clear CT: 0.1 ms]
   [Other: 0.4 ms]
      [Choose CSet: 0.0 ms]
      [Ref Proc: 0.0 ms]
      [Ref Enq: 0.0 ms]
      [Free CSet: 0.1 ms]
   [Eden: 67.0M(67.0M)->0.0B(29.0M) Survivors: 2048.0K->9216.0K Heap: 165.0M(256.0M)->170.5M(256.0M)]
 [Times: user=0.09 sys=0.00, real=0.05 secs] 
2014-07-10T16:13:42.401+0200: 73.384: [GC pause (young) (initial-mark), 0.0192368 secs]
   [Parallel Time: 18.9 ms, GC Workers: 2]
      [GC Worker Start (ms): Min: 73384.3, Avg: 73384.3, Max: 73384.3, Diff: 0.0]
      [Ext Root Scanning (ms): Min: 1.0, Avg: 1.0, Max: 1.0, Diff: 0.0, Sum: 2.0]
      [Code Root Marking (ms): Min: 0.0, Avg: 0.1, Max: 0.1, Diff: 0.0, Sum: 0.1]
      [Update RS (ms): Min: 0.9, Avg: 0.9, Max: 0.9, Diff: 0.0, Sum: 1.8]
         [Processed Buffers: Min: 4, Avg: 5.0, Max: 6, Diff: 2, Sum: 10]
      [Scan RS (ms): Min: 0.0, Avg: 0.1, Max: 0.1, Diff: 0.0, Sum: 0.1]
      [Code Root Scanning (ms): Min: 0.0, Avg: 0.0, Max: 0.0, Diff: 0.0, Sum: 0.0]
      [Object Copy (ms): Min: 16.7, Avg: 16.8, Max: 16.8, Diff: 0.0, Sum: 33.5]
      [Termination (ms): Min: 0.0, Avg: 0.0, Max: 0.0, Diff: 0.0, Sum: 0.0]
      [GC Worker Other (ms): Min: 0.0, Avg: 0.0, Max: 0.0, Diff: 0.0, Sum: 0.1]
      [GC Worker Total (ms): Min: 18.8, Avg: 18.8, Max: 18.8, Diff: 0.0, Sum: 37.6]
      [GC Worker End (ms): Min: 73403.1, Avg: 73403.1, Max: 73403.1, Diff: 0.0]
   [Code Root Fixup: 0.0 ms]
   [Code Root Migration: 0.0 ms]
   [Clear CT: 0.0 ms]
   [Other: 0.3 ms]
      [Choose CSet: 0.0 ms]
      [Ref Proc: 0.1 ms]
      [Ref Enq: 0.0 ms]
      [Free CSet: 0.1 ms]
   [Eden: 29.0M(29.0M)->0.0B(19.0M) Survivors: 9216.0K->5120.0K Heap: 199.5M(256.0M)->190.5M(256.0M)]
 [Times: user=0.02 sys=0.00, real=0.02 secs] 
2014-07-10T16:13:42.420+0200: 73.404: [GC concurrent-root-region-scan-start]
2014-07-10T16:13:42.420+0200: 73.404: [GC concurrent-root-region-scan-end, 0.0000891 secs]
2014-07-10T16:13:42.420+0200: 73.404: [GC concurrent-mark-start]
2014-07-10T16:13:42.427+0200: 73.410: [GC concurrent-mark-end, 0.0059995 secs]
2014-07-10T16:13:42.427+0200: 73.410: [GC remark 2014-07-10T16:13:42.427+0200: 73.410: [GC ref-proc, 0.0000675 secs], 0.0017242 secs]
 [Times: user=0.00 sys=0.00, real=0.00 secs] 
2014-07-10T16:13:42.429+0200: 73.412: [GC cleanup 196M->90M(256M), 0.0014104 secs]
 [Times: user=0.00 sys=0.00, real=0.00 secs] 
2014-07-10T16:13:42.430+0200: 73.414: [GC concurrent-cleanup-start]
2014-07-10T16:13:42.431+0200: 73.414: [GC concurrent-cleanup-end, 0.0002416 secs]
2014-07-10T16:13:42.451+0200: 73.434: [GC pause (young), 0.0131571 secs]
   [Parallel Time: 12.9 ms, GC Workers: 2]
      [GC Worker Start (ms): Min: 73434.3, Avg: 73434.3, Max: 73434.3, Diff: 0.0]
      [Ext Root Scanning (ms): Min: 0.9, Avg: 1.0, Max: 1.0, Diff: 0.1, Sum: 1.9]
      [Update RS (ms): Min: 0.4, Avg: 0.4, Max: 0.5, Diff: 0.1, Sum: 0.8]
         [Processed Buffers: Min: 2, Avg: 3.5, Max: 5, Diff: 3, Sum: 7]
      [Scan RS (ms): Min: 0.0, Avg: 0.0, Max: 0.0, Diff: 0.0, Sum: 0.1]
      [Code Root Scanning (ms): Min: 0.0, Avg: 0.0, Max: 0.0, Diff: 0.0, Sum: 0.0]
      [Object Copy (ms): Min: 11.4, Avg: 11.4, Max: 11.4, Diff: 0.0, Sum: 22.8]
      [Termination (ms): Min: 0.0, Avg: 0.0, Max: 0.0, Diff: 0.0, Sum: 0.0]
      [GC Worker Other (ms): Min: 0.0, Avg: 0.0, Max: 0.0, Diff: 0.0, Sum: 0.1]
      [GC Worker Total (ms): Min: 12.9, Avg: 12.9, Max: 12.9, Diff: 0.0, Sum: 25.7]
      [GC Worker End (ms): Min: 73447.1, Avg: 73447.1, Max: 73447.1, Diff: 0.0]
   [Code Root Fixup: 0.0 ms]
   [Code Root Migration: 0.0 ms]
   [Clear CT: 0.0 ms]
   [Other: 0.2 ms]
      [Choose CSet: 0.0 ms]
      [Ref Proc: 0.0 ms]
      [Ref Enq: 0.0 ms]
      [Free CSet: 0.1 ms]
   [Eden: 19.0M(19.0M)->0.0B(9216.0K) Survivors: 5120.0K->3072.0K Heap: 103.5M(256.0M)->99.0M(256.0M)]
 [Times: user=0.03 sys=0.00, real=0.01 secs] 
2014-07-10T16:13:42.478+0200: 73.461: [GC pause (mixed), 0.0091264 secs]
   [Parallel Time: 8.8 ms, GC Workers: 2]
      [GC Worker Start (ms): Min: 73461.3, Avg: 73461.3, Max: 73461.3, Diff: 0.0]
      [Ext Root Scanning (ms): Min: 1.0, Avg: 1.0, Max: 1.0, Diff: 0.0, Sum: 2.0]
      [Update RS (ms): Min: 0.3, Avg: 0.3, Max: 0.3, Diff: 0.0, Sum: 0.6]
         [Processed Buffers: Min: 1, Avg: 3.5, Max: 6, Diff: 5, Sum: 7]
      [Scan RS (ms): Min: 0.0, Avg: 0.1, Max: 0.1, Diff: 0.0, Sum: 0.1]
      [Code Root Scanning (ms): Min: 0.0, Avg: 0.0, Max: 0.0, Diff: 0.0, Sum: 0.0]
      [Object Copy (ms): Min: 7.2, Avg: 7.3, Max: 7.3, Diff: 0.0, Sum: 14.5]
      [Termination (ms): Min: 0.0, Avg: 0.0, Max: 0.0, Diff: 0.0, Sum: 0.0]
      [GC Worker Other (ms): Min: 0.0, Avg: 0.0, Max: 0.0, Diff: 0.0, Sum: 0.1]
      [GC Worker Total (ms): Min: 8.6, Avg: 8.6, Max: 8.6, Diff: 0.0, Sum: 17.3]
      [GC Worker End (ms): Min: 73469.9, Avg: 73469.9, Max: 73469.9, Diff: 0.0]
   [Code Root Fixup: 0.0 ms]
   [Code Root Migration: 0.0 ms]
   [Clear CT: 0.0 ms]
   [Other: 0.3 ms]
      [Choose CSet: 0.0 ms]
      [Ref Proc: 0.1 ms]
      [Ref Enq: 0.0 ms]
      [Free CSet: 0.1 ms]
   [Eden: 9216.0K(9216.0K)->0.0B(67.0M) Survivors: 3072.0K->2048.0K Heap: 108.0M(256.0M)->100.0M(256.0M)]
 [Times: user=0.03 sys=0.00, real=0.01 secs] 
2014-07-10T16:13:42.596+0200: 73.579: [GC pause (young), 0.0441857 secs]
   [Parallel Time: 43.7 ms, GC Workers: 2]
      [GC Worker Start (ms): Min: 73579.4, Avg: 73579.4, Max: 73579.4, Diff: 0.0]
      [Ext Root Scanning (ms): Min: 1.1, Avg: 1.1, Max: 1.1, Diff: 0.0, Sum: 2.2]
      [Update RS (ms): Min: 0.4, Avg: 0.4, Max: 0.4, Diff: 0.0, Sum: 0.8]
         [Processed Buffers: Min: 2, Avg: 3.0, Max: 4, Diff: 2, Sum: 6]
      [Scan RS (ms): Min: 0.1, Avg: 0.1, Max: 0.1, Diff: 0.0, Sum: 0.3]
      [Code Root Scanning (ms): Min: 0.0, Avg: 0.0, Max: 0.1, Diff: 0.0, Sum: 0.1]
      [Object Copy (ms): Min: 42.0, Avg: 42.0, Max: 42.0, Diff: 0.0, Sum: 84.0]
      [Termination (ms): Min: 0.0, Avg: 0.0, Max: 0.0, Diff: 0.0, Sum: 0.0]
      [GC Worker Other (ms): Min: 0.0, Avg: 0.0, Max: 0.0, Diff: 0.0, Sum: 0.1]
      [GC Worker Total (ms): Min: 43.7, Avg: 43.7, Max: 43.7, Diff: 0.0, Sum: 87.3]
      [GC Worker End (ms): Min: 73623.0, Avg: 73623.0, Max: 73623.0, Diff: 0.0]
   [Code Root Fixup: 0.0 ms]
   [Code Root Migration: 0.0 ms]
   [Clear CT: 0.1 ms]
   [Other: 0.4 ms]
      [Choose CSet: 0.0 ms]
      [Ref Proc: 0.0 ms]
      [Ref Enq: 0.0 ms]
      [Free CSet: 0.1 ms]
   [Eden: 67.0M(67.0M)->0.0B(28.0M) Survivors: 2048.0K->9216.0K Heap: 167.0M(256.0M)->172.5M(256.0M)]
 [Times: user=0.06 sys=0.00, real=0.04 secs] 
2014-07-10T16:13:42.688+0200: 73.671: [GC pause (young) (initial-mark), 0.0192728 secs]
   [Parallel Time: 18.9 ms, GC Workers: 2]
      [GC Worker Start (ms): Min: 73671.3, Avg: 73671.3, Max: 73671.3, Diff: 0.0]
      [Ext Root Scanning (ms): Min: 1.0, Avg: 1.0, Max: 1.0, Diff: 0.1, Sum: 2.0]
      [Code Root Marking (ms): Min: 0.0, Avg: 0.1, Max: 0.1, Diff: 0.1, Sum: 0.1]
      [Update RS (ms): Min: 0.9, Avg: 0.9, Max: 0.9, Diff: 0.0, Sum: 1.8]
         [Processed Buffers: Min: 4, Avg: 5.0, Max: 6, Diff: 2, Sum: 10]
      [Scan RS (ms): Min: 0.0, Avg: 0.0, Max: 0.1, Diff: 0.0, Sum: 0.1]
      [Code Root Scanning (ms): Min: 0.0, Avg: 0.0, Max: 0.0, Diff: 0.0, Sum: 0.1]
      [Object Copy (ms): Min: 16.7, Avg: 16.8, Max: 16.9, Diff: 0.2, Sum: 33.6]
      [Termination (ms): Min: 0.0, Avg: 0.0, Max: 0.0, Diff: 0.0, Sum: 0.0]
      [GC Worker Other (ms): Min: 0.0, Avg: 0.0, Max: 0.0, Diff: 0.0, Sum: 0.1]
      [GC Worker Total (ms): Min: 18.9, Avg: 18.9, Max: 18.9, Diff: 0.0, Sum: 37.8]
      [GC Worker End (ms): Min: 73690.1, Avg: 73690.1, Max: 73690.1, Diff: 0.0]
   [Code Root Fixup: 0.0 ms]
   [Code Root Migration: 0.0 ms]
   [Clear CT: 0.0 ms]
   [Other: 0.3 ms]
      [Choose CSet: 0.0 ms]
      [Ref Proc: 0.0 ms]
      [Ref Enq: 0.0 ms]
      [Free CSet: 0.1 ms]
   [Eden: 28.0M(28.0M)->0.0B(19.0M) Survivors: 9216.0K->5120.0K Heap: 200.5M(256.0M)->191.5M(256.0M)]
 [Times: user=0.03 sys=0.00, real=0.02 secs] 
2014-07-10T16:13:42.707+0200: 73.691: [GC concurrent-root-region-scan-start]
2014-07-10T16:13:42.707+0200: 73.691: [GC concurrent-root-region-scan-end, 0.0000913 secs]
2014-07-10T16:13:42.707+0200: 73.691: [GC concurrent-mark-start]
2014-07-10T16:13:42.712+0200: 73.695: [GC concurrent-mark-end, 0.0033172 secs]
2014-07-10T16:13:42.714+0200: 73.698: [GC remark 2014-07-10T16:13:42.714+0200: 73.698: [GC ref-proc, 0.0000656 secs], 0.0013089 secs]
 [Times: user=0.00 sys=0.00, real=0.00 secs] 
2014-07-10T16:13:42.716+0200: 73.699: [GC cleanup 195M->88M(256M), 0.0008722 secs]
 [Times: user=0.00 sys=0.00, real=0.00 secs] 
2014-07-10T16:13:42.717+0200: 73.700: [GC concurrent-cleanup-start]
2014-07-10T16:13:42.717+0200: 73.701: [GC concurrent-cleanup-end, 0.0001771 secs]
2014-07-10T16:13:42.742+0200: 73.725: [GC pause (young), 0.0133015 secs]
   [Parallel Time: 12.9 ms, GC Workers: 2]
      [GC Worker Start (ms): Min: 73725.2, Avg: 73725.2, Max: 73725.2, Diff: 0.0]
      [Ext Root Scanning (ms): Min: 1.0, Avg: 1.0, Max: 1.0, Diff: 0.1, Sum: 2.0]
      [Update RS (ms): Min: 0.4, Avg: 0.4, Max: 0.4, Diff: 0.0, Sum: 0.8]
         [Processed Buffers: Min: 2, Avg: 3.0, Max: 4, Diff: 2, Sum: 6]
      [Scan RS (ms): Min: 0.0, Avg: 0.0, Max: 0.0, Diff: 0.0, Sum: 0.1]
      [Code Root Scanning (ms): Min: 0.0, Avg: 0.0, Max: 0.0, Diff: 0.0, Sum: 0.0]
      [Object Copy (ms): Min: 11.4, Avg: 11.4, Max: 11.4, Diff: 0.0, Sum: 22.8]
      [Termination (ms): Min: 0.0, Avg: 0.0, Max: 0.0, Diff: 0.0, Sum: 0.0]
      [GC Worker Other (ms): Min: 0.0, Avg: 0.0, Max: 0.0, Diff: 0.0, Sum: 0.0]
      [GC Worker Total (ms): Min: 12.9, Avg: 12.9, Max: 12.9, Diff: 0.0, Sum: 25.8]
      [GC Worker End (ms): Min: 73738.1, Avg: 73738.1, Max: 73738.1, Diff: 0.0]
   [Code Root Fixup: 0.0 ms]
   [Code Root Migration: 0.0 ms]
   [Clear CT: 0.0 ms]
   [Other: 0.3 ms]
      [Choose CSet: 0.0 ms]
      [Ref Proc: 0.1 ms]
      [Ref Enq: 0.0 ms]
      [Free CSet: 0.1 ms]
   [Eden: 19.0M(19.0M)->0.0B(9216.0K) Survivors: 5120.0K->3072.0K Heap: 103.5M(256.0M)->98.0M(256.0M)]
 [Times: user=0.03 sys=0.00, real=0.01 secs] 
2014-07-10T16:13:42.768+0200: 73.751: [GC pause (mixed), 0.0083374 secs]
   [Parallel Time: 8.0 ms, GC Workers: 2]
      [GC Worker Start (ms): Min: 73751.3, Avg: 73751.3, Max: 73751.3, Diff: 0.0]
      [Ext Root Scanning (ms): Min: 0.9, Avg: 0.9, Max: 0.9, Diff: 0.0, Sum: 1.8]
      [Update RS (ms): Min: 0.3, Avg: 0.3, Max: 0.3, Diff: 0.0, Sum: 0.5]
         [Processed Buffers: Min: 2, Avg: 3.5, Max: 5, Diff: 3, Sum: 7]
      [Scan RS (ms): Min: 0.0, Avg: 0.1, Max: 0.1, Diff: 0.0, Sum: 0.1]
      [Code Root Scanning (ms): Min: 0.0, Avg: 0.0, Max: 0.0, Diff: 0.0, Sum: 0.0]
      [Object Copy (ms): Min: 6.7, Avg: 6.7, Max: 6.7, Diff: 0.0, Sum: 13.4]
      [Termination (ms): Min: 0.0, Avg: 0.0, Max: 0.0, Diff: 0.0, Sum: 0.0]
      [GC Worker Other (ms): Min: 0.0, Avg: 0.0, Max: 0.0, Diff: 0.0, Sum: 0.1]
      [GC Worker Total (ms): Min: 8.0, Avg: 8.0, Max: 8.0, Diff: 0.0, Sum: 15.9]
      [GC Worker End (ms): Min: 73759.2, Avg: 73759.2, Max: 73759.2, Diff: 0.0]
   [Code Root Fixup: 0.0 ms]
   [Code Root Migration: 0.0 ms]
   [Clear CT: 0.1 ms]
   [Other: 0.3 ms]
      [Choose CSet: 0.0 ms]
      [Ref Proc: 0.0 ms]
      [Ref Enq: 0.0 ms]
      [Free CSet: 0.1 ms]
   [Eden: 9216.0K(9216.0K)->0.0B(72.0M) Survivors: 3072.0K->2048.0K Heap: 107.0M(256.0M)->99.5M(256.0M)]
 [Times: user=0.00 sys=0.00, real=0.01 secs] 
2014-07-10T16:13:42.895+0200: 73.878: [GC pause (young) (to-space exhausted), 0.0479539 secs]
   [Parallel Time: 47.2 ms, GC Workers: 2]
      [GC Worker Start (ms): Min: 73878.3, Avg: 73878.3, Max: 73878.3, Diff: 0.0]
      [Ext Root Scanning (ms): Min: 1.1, Avg: 1.1, Max: 1.1, Diff: 0.1, Sum: 2.2]
      [Update RS (ms): Min: 0.3, Avg: 0.4, Max: 0.4, Diff: 0.1, Sum: 0.8]
         [Processed Buffers: Min: 2, Avg: 2.5, Max: 3, Diff: 1, Sum: 5]
      [Scan RS (ms): Min: 0.1, Avg: 0.1, Max: 0.1, Diff: 0.0, Sum: 0.2]
      [Code Root Scanning (ms): Min: 0.0, Avg: 0.0, Max: 0.1, Diff: 0.0, Sum: 0.1]
      [Object Copy (ms): Min: 45.5, Avg: 45.5, Max: 45.5, Diff: 0.0, Sum: 90.9]
      [Termination (ms): Min: 0.0, Avg: 0.0, Max: 0.0, Diff: 0.0, Sum: 0.0]
      [GC Worker Other (ms): Min: 0.0, Avg: 0.0, Max: 0.0, Diff: 0.0, Sum: 0.1]
      [GC Worker Total (ms): Min: 47.1, Avg: 47.1, Max: 47.1, Diff: 0.0, Sum: 94.3]
      [GC Worker End (ms): Min: 73925.5, Avg: 73925.5, Max: 73925.5, Diff: 0.0]
   [Code Root Fixup: 0.0 ms]
   [Code Root Migration: 0.0 ms]
   [Clear CT: 0.1 ms]
   [Other: 0.7 ms]
      [Choose CSet: 0.0 ms]
      [Ref Proc: 0.0 ms]
      [Ref Enq: 0.0 ms]
      [Free CSet: 0.1 ms]
   [Eden: 72.0M(72.0M)->0.0B(20.0M) Survivors: 2048.0K->10.0M Heap: 171.5M(256.0M)->189.5M(256.0M)]
 [Times: user=0.09 sys=0.00, real=0.05 secs] 
2014-07-10T16:13:42.975+0200: 73.958: [GC pause (young) (initial-mark), 0.0137815 secs]
   [Parallel Time: 13.4 ms, GC Workers: 2]
      [GC Worker Start (ms): Min: 73958.2, Avg: 73958.2, Max: 73958.2, Diff: 0.0]
      [Ext Root Scanning (ms): Min: 0.9, Avg: 0.9, Max: 0.9, Diff: 0.0, Sum: 1.9]
      [Code Root Marking (ms): Min: 0.0, Avg: 0.0, Max: 0.1, Diff: 0.0, Sum: 0.1]
      [Update RS (ms): Min: 0.9, Avg: 0.9, Max: 0.9, Diff: 0.0, Sum: 1.8]
         [Processed Buffers: Min: 6, Avg: 6.5, Max: 7, Diff: 1, Sum: 13]
      [Scan RS (ms): Min: 0.0, Avg: 0.0, Max: 0.0, Diff: 0.0, Sum: 0.1]
      [Code Root Scanning (ms): Min: 0.0, Avg: 0.0, Max: 0.0, Diff: 0.0, Sum: 0.0]
      [Object Copy (ms): Min: 11.3, Avg: 11.3, Max: 11.3, Diff: 0.0, Sum: 22.7]
      [Termination (ms): Min: 0.0, Avg: 0.0, Max: 0.0, Diff: 0.0, Sum: 0.0]
      [GC Worker Other (ms): Min: 0.0, Avg: 0.0, Max: 0.0, Diff: 0.0, Sum: 0.1]
      [GC Worker Total (ms): Min: 13.3, Avg: 13.3, Max: 13.3, Diff: 0.0, Sum: 26.7]
      [GC Worker End (ms): Min: 73971.6, Avg: 73971.6, Max: 73971.6, Diff: 0.0]
   [Code Root Fixup: 0.0 ms]
   [Code Root Migration: 0.0 ms]
   [Clear CT: 0.0 ms]
   [Other: 0.3 ms]
      [Choose CSet: 0.0 ms]
      [Ref Proc: 0.0 ms]
      [Ref Enq: 0.0 ms]
      [Free CSet: 0.1 ms]
   [Eden: 20.0M(20.0M)->0.0B(15.0M) Survivors: 10.0M->4096.0K Heap: 209.5M(256.0M)->199.5M(256.0M)]
 [Times: user=0.03 sys=0.00, real=0.01 secs] 
2014-07-10T16:13:42.989+0200: 73.972: [GC concurrent-root-region-scan-start]
2014-07-10T16:13:42.989+0200: 73.972: [GC concurrent-root-region-scan-end, 0.0000774 secs]
2014-07-10T16:13:42.989+0200: 73.972: [GC concurrent-mark-start]
2014-07-10T16:13:42.992+0200: 73.976: [GC concurrent-mark-end, 0.0034371 secs]
2014-07-10T16:13:42.992+0200: 73.976: [GC remark 2014-07-10T16:13:42.993+0200: 73.976: [GC ref-proc, 0.0000722 secs], 0.0010174 secs]
 [Times: user=0.00 sys=0.00, real=0.00 secs] 
2014-07-10T16:13:42.993+0200: 73.977: [GC cleanup 202M->76M(256M), 0.0008143 secs]
 [Times: user=0.00 sys=0.00, real=0.00 secs] 
2014-07-10T16:13:42.994+0200: 73.978: [GC concurrent-cleanup-start]
2014-07-10T16:13:42.995+0200: 73.978: [GC concurrent-cleanup-end, 0.0004055 secs]
2014-07-10T16:13:43.012+0200: 73.995: [GC pause (young), 0.0111887 secs]
   [Parallel Time: 10.9 ms, GC Workers: 2]
      [GC Worker Start (ms): Min: 73995.4, Avg: 73995.4, Max: 73995.4, Diff: 0.0]
      [Ext Root Scanning (ms): Min: 1.1, Avg: 1.2, Max: 1.2, Diff: 0.0, Sum: 2.3]
      [Update RS (ms): Min: 0.4, Avg: 0.4, Max: 0.4, Diff: 0.0, Sum: 0.7]
         [Processed Buffers: Min: 1, Avg: 3.5, Max: 6, Diff: 5, Sum: 7]
      [Scan RS (ms): Min: 0.0, Avg: 0.0, Max: 0.0, Diff: 0.0, Sum: 0.1]
      [Code Root Scanning (ms): Min: 0.0, Avg: 0.0, Max: 0.0, Diff: 0.0, Sum: 0.1]
      [Object Copy (ms): Min: 9.2, Avg: 9.2, Max: 9.2, Diff: 0.0, Sum: 18.4]
      [Termination (ms): Min: 0.0, Avg: 0.0, Max: 0.0, Diff: 0.0, Sum: 0.0]
      [GC Worker Other (ms): Min: 0.0, Avg: 0.0, Max: 0.0, Diff: 0.0, Sum: 0.1]
      [GC Worker Total (ms): Min: 10.8, Avg: 10.8, Max: 10.8, Diff: 0.0, Sum: 21.6]
      [GC Worker End (ms): Min: 74006.2, Avg: 74006.2, Max: 74006.2, Diff: 0.0]
   [Code Root Fixup: 0.0 ms]
   [Code Root Migration: 0.0 ms]
   [Clear CT: 0.0 ms]
   [Other: 0.2 ms]
      [Choose CSet: 0.0 ms]
      [Ref Proc: 0.0 ms]
      [Ref Enq: 0.0 ms]
      [Free CSet: 0.1 ms]
   [Eden: 15.0M(15.0M)->0.0B(9216.0K) Survivors: 4096.0K->3072.0K Heap: 88.5M(256.0M)->85.5M(256.0M)]
 [Times: user=0.03 sys=0.00, real=0.01 secs] 
2014-07-10T16:13:43.037+0200: 74.020: [GC pause (mixed), 0.0090777 secs]
   [Parallel Time: 8.7 ms, GC Workers: 2]
      [GC Worker Start (ms): Min: 74020.2, Avg: 74020.2, Max: 74020.2, Diff: 0.0]
      [Ext Root Scanning (ms): Min: 1.1, Avg: 1.1, Max: 1.1, Diff: 0.0, Sum: 2.3]
      [Update RS (ms): Min: 0.3, Avg: 0.3, Max: 0.3, Diff: 0.0, Sum: 0.5]
         [Processed Buffers: Min: 1, Avg: 2.5, Max: 4, Diff: 3, Sum: 5]
      [Scan RS (ms): Min: 0.0, Avg: 0.1, Max: 0.1, Diff: 0.0, Sum: 0.1]
      [Code Root Scanning (ms): Min: 0.0, Avg: 0.0, Max: 0.0, Diff: 0.0, Sum: 0.0]
      [Object Copy (ms): Min: 6.7, Avg: 6.9, Max: 7.2, Diff: 0.5, Sum: 13.9]
      [Termination (ms): Min: 0.0, Avg: 0.2, Max: 0.4, Diff: 0.4, Sum: 0.4]
      [GC Worker Other (ms): Min: 0.0, Avg: 0.0, Max: 0.0, Diff: 0.0, Sum: 0.1]
      [GC Worker Total (ms): Min: 8.7, Avg: 8.7, Max: 8.7, Diff: 0.0, Sum: 17.3]
      [GC Worker End (ms): Min: 74028.9, Avg: 74028.9, Max: 74028.9, Diff: 0.0]
   [Code Root Fixup: 0.0 ms]
   [Code Root Migration: 0.0 ms]
   [Clear CT: 0.0 ms]
   [Other: 0.3 ms]
      [Choose CSet: 0.0 ms]
      [Ref Proc: 0.2 ms]
      [Ref Enq: 0.0 ms]
      [Free CSet: 0.1 ms]
   [Eden: 9216.0K(9216.0K)->0.0B(76.0M) Survivors: 3072.0K->2048.0K Heap: 94.5M(256.0M)->87.5M(256.0M)]
 [Times: user=0.00 sys=0.00, real=0.01 secs] 
2014-07-10T16:13:43.172+0200: 74.155: [GC pause (young), 0.0503168 secs]
   [Parallel Time: 49.8 ms, GC Workers: 2]
      [GC Worker Start (ms): Min: 74155.5, Avg: 74155.5, Max: 74155.5, Diff: 0.0]
      [Ext Root Scanning (ms): Min: 1.0, Avg: 1.1, Max: 1.1, Diff: 0.1, Sum: 2.2]
      [Update RS (ms): Min: 0.4, Avg: 0.4, Max: 0.5, Diff: 0.1, Sum: 0.8]
         [Processed Buffers: Min: 1, Avg: 3.0, Max: 5, Diff: 4, Sum: 6]
      [Scan RS (ms): Min: 0.1, Avg: 0.1, Max: 0.1, Diff: 0.0, Sum: 0.2]
      [Code Root Scanning (ms): Min: 0.1, Avg: 0.1, Max: 0.1, Diff: 0.0, Sum: 0.1]
      [Object Copy (ms): Min: 48.1, Avg: 48.1, Max: 48.1, Diff: 0.0, Sum: 96.2]
      [Termination (ms): Min: 0.0, Avg: 0.0, Max: 0.0, Diff: 0.0, Sum: 0.0]
      [GC Worker Other (ms): Min: 0.0, Avg: 0.0, Max: 0.0, Diff: 0.0, Sum: 0.1]
      [GC Worker Total (ms): Min: 49.8, Avg: 49.8, Max: 49.8, Diff: 0.0, Sum: 99.6]
      [GC Worker End (ms): Min: 74205.3, Avg: 74205.3, Max: 74205.3, Diff: 0.0]
   [Code Root Fixup: 0.0 ms]
   [Code Root Migration: 0.0 ms]
   [Clear CT: 0.1 ms]
   [Other: 0.4 ms]
      [Choose CSet: 0.0 ms]
      [Ref Proc: 0.0 ms]
      [Ref Enq: 0.0 ms]
      [Free CSet: 0.1 ms]
   [Eden: 76.0M(76.0M)->0.0B(29.0M) Survivors: 2048.0K->10.0M Heap: 163.5M(256.0M)->171.5M(256.0M)]
 [Times: user=0.09 sys=0.00, real=0.05 secs] 
2014-07-10T16:13:43.269+0200: 74.252: [GC pause (young) (initial-mark), 0.0211891 secs]
   [Parallel Time: 20.8 ms, GC Workers: 2]
      [GC Worker Start (ms): Min: 74252.4, Avg: 74252.4, Max: 74252.4, Diff: 0.0]
      [Ext Root Scanning (ms): Min: 1.1, Avg: 1.1, Max: 1.1, Diff: 0.0, Sum: 2.2]
      [Code Root Marking (ms): Min: 0.0, Avg: 0.1, Max: 0.1, Diff: 0.1, Sum: 0.1]
      [Update RS (ms): Min: 1.0, Avg: 1.0, Max: 1.0, Diff: 0.0, Sum: 2.0]
         [Processed Buffers: Min: 6, Avg: 6.0, Max: 6, Diff: 0, Sum: 12]
      [Scan RS (ms): Min: 0.0, Avg: 0.0, Max: 0.1, Diff: 0.0, Sum: 0.1]
      [Code Root Scanning (ms): Min: 0.0, Avg: 0.0, Max: 0.0, Diff: 0.0, Sum: 0.1]
      [Object Copy (ms): Min: 18.4, Avg: 18.4, Max: 18.4, Diff: 0.0, Sum: 36.8]
      [Termination (ms): Min: 0.0, Avg: 0.0, Max: 0.0, Diff: 0.0, Sum: 0.0]
      [GC Worker Other (ms): Min: 0.0, Avg: 0.0, Max: 0.0, Diff: 0.0, Sum: 0.1]
      [GC Worker Total (ms): Min: 20.7, Avg: 20.7, Max: 20.7, Diff: 0.0, Sum: 41.4]
      [GC Worker End (ms): Min: 74273.1, Avg: 74273.1, Max: 74273.1, Diff: 0.0]
   [Code Root Fixup: 0.0 ms]
   [Code Root Migration: 0.0 ms]
   [Clear CT: 0.1 ms]
   [Other: 0.3 ms]
      [Choose CSet: 0.0 ms]
      [Ref Proc: 0.0 ms]
      [Ref Enq: 0.0 ms]
      [Free CSet: 0.1 ms]
   [Eden: 29.0M(29.0M)->0.0B(17.0M) Survivors: 10.0M->5120.0K Heap: 200.5M(256.0M)->194.0M(256.0M)]
 [Times: user=0.03 sys=0.00, real=0.02 secs] 
2014-07-10T16:13:43.290+0200: 74.274: [GC concurrent-root-region-scan-start]
2014-07-10T16:13:43.290+0200: 74.274: [GC concurrent-root-region-scan-end, 0.0000873 secs]
2014-07-10T16:13:43.290+0200: 74.274: [GC concurrent-mark-start]
2014-07-10T16:13:43.294+0200: 74.278: [GC concurrent-mark-end, 0.0036248 secs]
2014-07-10T16:13:43.295+0200: 74.278: [GC remark 2014-07-10T16:13:43.295+0200: 74.278: [GC ref-proc, 0.0000686 secs], 0.0011769 secs]
 [Times: user=0.00 sys=0.00, real=0.00 secs] 
2014-07-10T16:13:43.296+0200: 74.279: [GC cleanup 196M->90M(256M), 0.0013074 secs]
 [Times: user=0.02 sys=0.00, real=0.00 secs] 
2014-07-10T16:13:43.297+0200: 74.281: [GC concurrent-cleanup-start]
2014-07-10T16:13:43.297+0200: 74.281: [GC concurrent-cleanup-end, 0.0001745 secs]
2014-07-10T16:13:43.321+0200: 74.304: [GC pause (young), 0.0124480 secs]
   [Parallel Time: 12.2 ms, GC Workers: 2]
      [GC Worker Start (ms): Min: 74304.2, Avg: 74304.2, Max: 74304.2, Diff: 0.0]
      [Ext Root Scanning (ms): Min: 1.0, Avg: 1.0, Max: 1.1, Diff: 0.1, Sum: 2.1]
      [Update RS (ms): Min: 0.5, Avg: 0.5, Max: 0.5, Diff: 0.1, Sum: 1.0]
         [Processed Buffers: Min: 2, Avg: 3.0, Max: 4, Diff: 2, Sum: 6]
      [Scan RS (ms): Min: 0.0, Avg: 0.0, Max: 0.0, Diff: 0.0, Sum: 0.1]
      [Code Root Scanning (ms): Min: 0.0, Avg: 0.0, Max: 0.0, Diff: 0.0, Sum: 0.0]
      [Object Copy (ms): Min: 10.5, Avg: 10.5, Max: 10.5, Diff: 0.0, Sum: 21.1]
      [Termination (ms): Min: 0.0, Avg: 0.0, Max: 0.0, Diff: 0.0, Sum: 0.0]
      [GC Worker Other (ms): Min: 0.0, Avg: 0.0, Max: 0.0, Diff: 0.0, Sum: 0.0]
      [GC Worker Total (ms): Min: 12.1, Avg: 12.1, Max: 12.1, Diff: 0.0, Sum: 24.3]
      [GC Worker End (ms): Min: 74316.4, Avg: 74316.4, Max: 74316.4, Diff: 0.0]
   [Code Root Fixup: 0.0 ms]
   [Code Root Migration: 0.0 ms]
   [Clear CT: 0.0 ms]
   [Other: 0.2 ms]
      [Choose CSet: 0.0 ms]
      [Ref Proc: 0.0 ms]
      [Ref Enq: 0.0 ms]
      [Free CSet: 0.1 ms]
   [Eden: 17.0M(17.0M)->0.0B(9216.0K) Survivors: 5120.0K->3072.0K Heap: 105.0M(256.0M)->100.5M(256.0M)]
 [Times: user=0.03 sys=0.00, real=0.01 secs] 
2014-07-10T16:13:43.346+0200: 74.329: [GC pause (mixed), 0.0085292 secs]
   [Parallel Time: 8.2 ms, GC Workers: 2]
      [GC Worker Start (ms): Min: 74329.5, Avg: 74329.5, Max: 74329.5, Diff: 0.0]
      [Ext Root Scanning (ms): Min: 1.1, Avg: 1.1, Max: 1.1, Diff: 0.0, Sum: 2.2]
      [Update RS (ms): Min: 0.3, Avg: 0.3, Max: 0.3, Diff: 0.0, Sum: 0.6]
         [Processed Buffers: Min: 1, Avg: 2.5, Max: 4, Diff: 3, Sum: 5]
      [Scan RS (ms): Min: 0.1, Avg: 0.1, Max: 0.2, Diff: 0.0, Sum: 0.3]
      [Code Root Scanning (ms): Min: 0.0, Avg: 0.0, Max: 0.0, Diff: 0.0, Sum: 0.0]
      [Object Copy (ms): Min: 6.5, Avg: 6.6, Max: 6.6, Diff: 0.0, Sum: 13.1]
      [Termination (ms): Min: 0.0, Avg: 0.0, Max: 0.0, Diff: 0.0, Sum: 0.0]
      [GC Worker Other (ms): Min: 0.0, Avg: 0.0, Max: 0.0, Diff: 0.0, Sum: 0.0]
      [GC Worker Total (ms): Min: 8.1, Avg: 8.1, Max: 8.1, Diff: 0.0, Sum: 16.3]
      [GC Worker End (ms): Min: 74337.6, Avg: 74337.6, Max: 74337.6, Diff: 0.0]
   [Code Root Fixup: 0.0 ms]
   [Code Root Migration: 0.0 ms]
   [Clear CT: 0.1 ms]
   [Other: 0.3 ms]
      [Choose CSet: 0.0 ms]
      [Ref Proc: 0.0 ms]
      [Ref Enq: 0.0 ms]
      [Free CSet: 0.1 ms]
   [Eden: 9216.0K(9216.0K)->0.0B(66.0M) Survivors: 3072.0K->2048.0K Heap: 109.5M(256.0M)->100.0M(256.0M)]
 [Times: user=0.00 sys=0.00, real=0.01 secs] 
2014-07-10T16:13:43.463+0200: 74.447: [GC pause (young), 0.0439951 secs]
   [Parallel Time: 43.4 ms, GC Workers: 2]
      [GC Worker Start (ms): Min: 74446.6, Avg: 74446.6, Max: 74446.6, Diff: 0.0]
      [Ext Root Scanning (ms): Min: 1.1, Avg: 1.1, Max: 1.2, Diff: 0.1, Sum: 2.3]
      [Update RS (ms): Min: 0.4, Avg: 0.4, Max: 0.4, Diff: 0.1, Sum: 0.8]
         [Processed Buffers: Min: 1, Avg: 3.0, Max: 5, Diff: 4, Sum: 6]
      [Scan RS (ms): Min: 0.1, Avg: 0.1, Max: 0.1, Diff: 0.0, Sum: 0.2]
      [Code Root Scanning (ms): Min: 0.0, Avg: 0.0, Max: 0.0, Diff: 0.0, Sum: 0.1]
      [Object Copy (ms): Min: 41.6, Avg: 41.6, Max: 41.6, Diff: 0.0, Sum: 83.2]
      [Termination (ms): Min: 0.0, Avg: 0.0, Max: 0.0, Diff: 0.0, Sum: 0.0]
      [GC Worker Other (ms): Min: 0.0, Avg: 0.0, Max: 0.0, Diff: 0.0, Sum: 0.1]
      [GC Worker Total (ms): Min: 43.3, Avg: 43.3, Max: 43.3, Diff: 0.0, Sum: 86.6]
      [GC Worker End (ms): Min: 74489.9, Avg: 74489.9, Max: 74489.9, Diff: 0.0]
   [Code Root Fixup: 0.0 ms]
   [Code Root Migration: 0.0 ms]
   [Clear CT: 0.2 ms]
   [Other: 0.4 ms]
      [Choose CSet: 0.0 ms]
      [Ref Proc: 0.1 ms]
      [Ref Enq: 0.0 ms]
      [Free CSet: 0.1 ms]
   [Eden: 66.0M(66.0M)->0.0B(29.0M) Survivors: 2048.0K->9216.0K Heap: 166.0M(256.0M)->171.5M(256.0M)]
 [Times: user=0.09 sys=0.00, real=0.04 secs] 
2014-07-10T16:13:43.554+0200: 74.537: [GC pause (young) (initial-mark), 0.0204834 secs]
   [Parallel Time: 20.1 ms, GC Workers: 2]
      [GC Worker Start (ms): Min: 74537.5, Avg: 74537.5, Max: 74537.5, Diff: 0.0]
      [Ext Root Scanning (ms): Min: 1.1, Avg: 1.2, Max: 1.2, Diff: 0.0, Sum: 2.3]
      [Code Root Marking (ms): Min: 0.1, Avg: 0.1, Max: 0.1, Diff: 0.0, Sum: 0.1]
      [Update RS (ms): Min: 0.9, Avg: 0.9, Max: 0.9, Diff: 0.0, Sum: 1.8]
         [Processed Buffers: Min: 5, Avg: 5.0, Max: 5, Diff: 0, Sum: 10]
      [Scan RS (ms): Min: 0.1, Avg: 0.1, Max: 0.1, Diff: 0.0, Sum: 0.1]
      [Code Root Scanning (ms): Min: 0.0, Avg: 0.0, Max: 0.0, Diff: 0.0, Sum: 0.1]
      [Object Copy (ms): Min: 17.8, Avg: 17.8, Max: 17.8, Diff: 0.0, Sum: 35.6]
      [Termination (ms): Min: 0.0, Avg: 0.0, Max: 0.0, Diff: 0.0, Sum: 0.0]
      [GC Worker Other (ms): Min: 0.0, Avg: 0.0, Max: 0.0, Diff: 0.0, Sum: 0.1]
      [GC Worker Total (ms): Min: 20.0, Avg: 20.0, Max: 20.0, Diff: 0.0, Sum: 40.1]
      [GC Worker End (ms): Min: 74557.6, Avg: 74557.6, Max: 74557.6, Diff: 0.0]
   [Code Root Fixup: 0.0 ms]
   [Code Root Migration: 0.0 ms]
   [Clear CT: 0.1 ms]
   [Other: 0.3 ms]
      [Choose CSet: 0.0 ms]
      [Ref Proc: 0.0 ms]
      [Ref Enq: 0.0 ms]
      [Free CSet: 0.1 ms]
   [Eden: 29.0M(29.0M)->0.0B(18.0M) Survivors: 9216.0K->5120.0K Heap: 200.5M(256.0M)->192.0M(256.0M)]
 [Times: user=0.02 sys=0.00, real=0.02 secs] 
2014-07-10T16:13:43.575+0200: 74.558: [GC concurrent-root-region-scan-start]
2014-07-10T16:13:43.575+0200: 74.558: [GC concurrent-root-region-scan-end, 0.0000887 secs]
2014-07-10T16:13:43.575+0200: 74.558: [GC concurrent-mark-start]
2014-07-10T16:13:43.579+0200: 74.563: [GC concurrent-mark-end, 0.0038437 secs]
2014-07-10T16:13:43.580+0200: 74.563: [GC remark 2014-07-10T16:13:43.580+0200: 74.563: [GC ref-proc, 0.0000722 secs], 0.0010812 secs]
 [Times: user=0.00 sys=0.00, real=0.00 secs] 
2014-07-10T16:13:43.581+0200: 74.564: [GC cleanup 194M->97M(256M), 0.0007776 secs]
 [Times: user=0.00 sys=0.00, real=0.00 secs] 
2014-07-10T16:13:43.582+0200: 74.565: [GC concurrent-cleanup-start]
2014-07-10T16:13:43.582+0200: 74.565: [GC concurrent-cleanup-end, 0.0001991 secs]
2014-07-10T16:13:43.607+0200: 74.590: [GC pause (young), 0.0134482 secs]
   [Parallel Time: 13.2 ms, GC Workers: 2]
      [GC Worker Start (ms): Min: 74590.4, Avg: 74590.4, Max: 74590.4, Diff: 0.0]
      [Ext Root Scanning (ms): Min: 1.1, Avg: 1.1, Max: 1.2, Diff: 0.1, Sum: 2.2]
      [Update RS (ms): Min: 0.5, Avg: 0.6, Max: 0.7, Diff: 0.2, Sum: 1.1]
         [Processed Buffers: Min: 2, Avg: 3.0, Max: 4, Diff: 2, Sum: 6]
      [Scan RS (ms): Min: 0.0, Avg: 0.0, Max: 0.1, Diff: 0.1, Sum: 0.1]
      [Code Root Scanning (ms): Min: 0.0, Avg: 0.0, Max: 0.0, Diff: 0.0, Sum: 0.0]
      [Object Copy (ms): Min: 11.4, Avg: 11.4, Max: 11.4, Diff: 0.0, Sum: 22.7]
      [Termination (ms): Min: 0.0, Avg: 0.0, Max: 0.0, Diff: 0.0, Sum: 0.0]
      [GC Worker Other (ms): Min: 0.0, Avg: 0.0, Max: 0.0, Diff: 0.0, Sum: 0.1]
      [GC Worker Total (ms): Min: 13.1, Avg: 13.1, Max: 13.1, Diff: 0.0, Sum: 26.3]
      [GC Worker End (ms): Min: 74603.5, Avg: 74603.5, Max: 74603.5, Diff: 0.0]
   [Code Root Fixup: 0.0 ms]
   [Code Root Migration: 0.0 ms]
   [Clear CT: 0.0 ms]
   [Other: 0.2 ms]
      [Choose CSet: 0.0 ms]
      [Ref Proc: 0.0 ms]
      [Ref Enq: 0.0 ms]
      [Free CSet: 0.1 ms]
   [Eden: 18.0M(18.0M)->0.0B(9216.0K) Survivors: 5120.0K->3072.0K Heap: 113.0M(256.0M)->108.5M(256.0M)]
 [Times: user=0.03 sys=0.00, real=0.01 secs] 
2014-07-10T16:13:43.635+0200: 74.618: [GC pause (mixed), 0.0101112 secs]
   [Parallel Time: 9.7 ms, GC Workers: 2]
      [GC Worker Start (ms): Min: 74618.2, Avg: 74618.3, Max: 74618.3, Diff: 0.0]
      [Ext Root Scanning (ms): Min: 1.0, Avg: 1.0, Max: 1.1, Diff: 0.1, Sum: 2.0]
      [Update RS (ms): Min: 0.3, Avg: 0.3, Max: 0.3, Diff: 0.1, Sum: 0.6]
         [Processed Buffers: Min: 2, Avg: 2.0, Max: 2, Diff: 0, Sum: 4]
      [Scan RS (ms): Min: 0.1, Avg: 0.1, Max: 0.1, Diff: 0.0, Sum: 0.2]
      [Code Root Scanning (ms): Min: 0.0, Avg: 0.0, Max: 0.0, Diff: 0.0, Sum: 0.0]
      [Object Copy (ms): Min: 8.1, Avg: 8.1, Max: 8.1, Diff: 0.0, Sum: 16.3]
      [Termination (ms): Min: 0.0, Avg: 0.0, Max: 0.0, Diff: 0.0, Sum: 0.0]
      [GC Worker Other (ms): Min: 0.0, Avg: 0.0, Max: 0.0, Diff: 0.0, Sum: 0.1]
      [GC Worker Total (ms): Min: 9.6, Avg: 9.6, Max: 9.6, Diff: 0.0, Sum: 19.2]
      [GC Worker End (ms): Min: 74627.8, Avg: 74627.8, Max: 74627.8, Diff: 0.0]
   [Code Root Fixup: 0.0 ms]
   [Code Root Migration: 0.0 ms]
   [Clear CT: 0.1 ms]
   [Other: 0.3 ms]
      [Choose CSet: 0.0 ms]
      [Ref Proc: 0.0 ms]
      [Ref Enq: 0.0 ms]
      [Free CSet: 0.1 ms]
   [Eden: 9216.0K(9216.0K)->0.0B(63.0M) Survivors: 3072.0K->2048.0K Heap: 117.5M(256.0M)->104.0M(256.0M)]
 [Times: user=0.03 sys=0.00, real=0.01 secs] 
2014-07-10T16:13:43.749+0200: 74.732: [GC pause (young), 0.0418217 secs]
   [Parallel Time: 41.2 ms, GC Workers: 2]
      [GC Worker Start (ms): Min: 74732.5, Avg: 74732.5, Max: 74732.5, Diff: 0.0]
      [Ext Root Scanning (ms): Min: 1.1, Avg: 1.1, Max: 1.1, Diff: 0.0, Sum: 2.2]
      [Update RS (ms): Min: 0.4, Avg: 0.4, Max: 0.5, Diff: 0.0, Sum: 0.9]
         [Processed Buffers: Min: 2, Avg: 3.0, Max: 4, Diff: 2, Sum: 6]
      [Scan RS (ms): Min: 0.1, Avg: 0.1, Max: 0.1, Diff: 0.0, Sum: 0.2]
      [Code Root Scanning (ms): Min: 0.0, Avg: 0.0, Max: 0.0, Diff: 0.0, Sum: 0.1]
      [Object Copy (ms): Min: 39.5, Avg: 39.5, Max: 39.5, Diff: 0.0, Sum: 79.0]
      [Termination (ms): Min: 0.0, Avg: 0.0, Max: 0.0, Diff: 0.0, Sum: 0.0]
      [GC Worker Other (ms): Min: 0.0, Avg: 0.0, Max: 0.0, Diff: 0.0, Sum: 0.1]
      [GC Worker Total (ms): Min: 41.2, Avg: 41.2, Max: 41.2, Diff: 0.0, Sum: 82.4]
      [GC Worker End (ms): Min: 74773.7, Avg: 74773.7, Max: 74773.7, Diff: 0.0]
   [Code Root Fixup: 0.0 ms]
   [Code Root Migration: 0.0 ms]
   [Clear CT: 0.1 ms]
   [Other: 0.4 ms]
      [Choose CSet: 0.0 ms]
      [Ref Proc: 0.0 ms]
      [Ref Enq: 0.0 ms]
      [Free CSet: 0.2 ms]
   [Eden: 63.0M(63.0M)->0.0B(28.0M) Survivors: 2048.0K->9216.0K Heap: 167.0M(256.0M)->172.5M(256.0M)]
 [Times: user=0.06 sys=0.00, real=0.04 secs] 
2014-07-10T16:13:43.871+0200: 74.854: [GC pause (young) (initial-mark), 0.0197677 secs]
   [Parallel Time: 19.4 ms, GC Workers: 2]
      [GC Worker Start (ms): Min: 74854.4, Avg: 74854.4, Max: 74854.4, Diff: 0.0]
      [Ext Root Scanning (ms): Min: 1.1, Avg: 1.1, Max: 1.2, Diff: 0.1, Sum: 2.3]
      [Code Root Marking (ms): Min: 0.0, Avg: 0.1, Max: 0.1, Diff: 0.1, Sum: 0.1]
      [Update RS (ms): Min: 0.8, Avg: 0.8, Max: 0.8, Diff: 0.0, Sum: 1.7]
         [Processed Buffers: Min: 4, Avg: 5.0, Max: 6, Diff: 2, Sum: 10]
      [Scan RS (ms): Min: 0.0, Avg: 0.1, Max: 0.1, Diff: 0.0, Sum: 0.1]
      [Code Root Scanning (ms): Min: 0.0, Avg: 0.0, Max: 0.0, Diff: 0.0, Sum: 0.0]
      [Object Copy (ms): Min: 17.2, Avg: 17.2, Max: 17.2, Diff: 0.0, Sum: 34.3]
      [Termination (ms): Min: 0.0, Avg: 0.0, Max: 0.0, Diff: 0.0, Sum: 0.0]
      [GC Worker Other (ms): Min: 0.0, Avg: 0.0, Max: 0.0, Diff: 0.0, Sum: 0.1]
      [GC Worker Total (ms): Min: 19.3, Avg: 19.3, Max: 19.3, Diff: 0.0, Sum: 38.6]
      [GC Worker End (ms): Min: 74873.7, Avg: 74873.7, Max: 74873.7, Diff: 0.0]
   [Code Root Fixup: 0.0 ms]
   [Code Root Migration: 0.0 ms]
   [Clear CT: 0.0 ms]
   [Other: 0.3 ms]
      [Choose CSet: 0.0 ms]
      [Ref Proc: 0.1 ms]
      [Ref Enq: 0.0 ms]
      [Free CSet: 0.1 ms]
   [Eden: 28.0M(28.0M)->0.0B(18.0M) Survivors: 9216.0K->5120.0K Heap: 200.5M(256.0M)->192.0M(256.0M)]
 [Times: user=0.06 sys=0.00, real=0.02 secs] 
2014-07-10T16:13:43.891+0200: 74.874: [GC concurrent-root-region-scan-start]
2014-07-10T16:13:43.891+0200: 74.874: [GC concurrent-root-region-scan-end, 0.0001034 secs]
2014-07-10T16:13:43.891+0200: 74.874: [GC concurrent-mark-start]
2014-07-10T16:13:43.895+0200: 74.879: [GC concurrent-mark-end, 0.0037289 secs]
2014-07-10T16:13:43.896+0200: 74.879: [GC remark 2014-07-10T16:13:43.896+0200: 74.879: [GC ref-proc, 0.0000667 secs], 0.0011296 secs]
 [Times: user=0.00 sys=0.00, real=0.00 secs] 
2014-07-10T16:13:43.897+0200: 74.880: [GC cleanup 193M->89M(256M), 0.0007596 secs]
 [Times: user=0.00 sys=0.00, real=0.00 secs] 
2014-07-10T16:13:43.898+0200: 74.881: [GC concurrent-cleanup-start]
2014-07-10T16:13:43.898+0200: 74.881: [GC concurrent-cleanup-end, 0.0001998 secs]
2014-07-10T16:13:43.924+0200: 74.907: [GC pause (young), 0.0136077 secs]
   [Parallel Time: 13.3 ms, GC Workers: 2]
      [GC Worker Start (ms): Min: 74907.3, Avg: 74907.3, Max: 74907.3, Diff: 0.0]
      [Ext Root Scanning (ms): Min: 1.1, Avg: 1.1, Max: 1.1, Diff: 0.0, Sum: 2.2]
      [Update RS (ms): Min: 0.5, Avg: 0.6, Max: 0.6, Diff: 0.1, Sum: 1.1]
         [Processed Buffers: Min: 3, Avg: 3.0, Max: 3, Diff: 0, Sum: 6]
      [Scan RS (ms): Min: 0.0, Avg: 0.0, Max: 0.1, Diff: 0.0, Sum: 0.1]
      [Code Root Scanning (ms): Min: 0.0, Avg: 0.0, Max: 0.0, Diff: 0.0, Sum: 0.0]
      [Object Copy (ms): Min: 11.5, Avg: 11.5, Max: 11.5, Diff: 0.0, Sum: 23.0]
      [Termination (ms): Min: 0.0, Avg: 0.0, Max: 0.0, Diff: 0.0, Sum: 0.0]
      [GC Worker Other (ms): Min: 0.0, Avg: 0.0, Max: 0.0, Diff: 0.0, Sum: 0.0]
      [GC Worker Total (ms): Min: 13.3, Avg: 13.3, Max: 13.3, Diff: 0.0, Sum: 26.5]
      [GC Worker End (ms): Min: 74920.6, Avg: 74920.6, Max: 74920.6, Diff: 0.0]
   [Code Root Fixup: 0.0 ms]
   [Code Root Migration: 0.0 ms]
   [Clear CT: 0.0 ms]
   [Other: 0.3 ms]
      [Choose CSet: 0.0 ms]
      [Ref Proc: 0.1 ms]
      [Ref Enq: 0.0 ms]
      [Free CSet: 0.1 ms]
   [Eden: 18.0M(18.0M)->0.0B(9216.0K) Survivors: 5120.0K->3072.0K Heap: 106.0M(256.0M)->104.0M(256.0M)]
 [Times: user=0.03 sys=0.00, real=0.01 secs] 
2014-07-10T16:13:43.951+0200: 74.934: [GC pause (mixed), 0.0094927 secs]
   [Parallel Time: 9.1 ms, GC Workers: 2]
      [GC Worker Start (ms): Min: 74934.4, Avg: 74934.4, Max: 74934.4, Diff: 0.0]
      [Ext Root Scanning (ms): Min: 1.0, Avg: 1.0, Max: 1.1, Diff: 0.1, Sum: 2.0]
      [Update RS (ms): Min: 0.3, Avg: 0.3, Max: 0.3, Diff: 0.0, Sum: 0.6]
         [Processed Buffers: Min: 1, Avg: 2.5, Max: 4, Diff: 3, Sum: 5]
      [Scan RS (ms): Min: 0.0, Avg: 0.1, Max: 0.1, Diff: 0.1, Sum: 0.1]
      [Code Root Scanning (ms): Min: 0.0, Avg: 0.0, Max: 0.0, Diff: 0.0, Sum: 0.0]
      [Object Copy (ms): Min: 7.7, Avg: 7.7, Max: 7.7, Diff: 0.0, Sum: 15.3]
      [Termination (ms): Min: 0.0, Avg: 0.0, Max: 0.0, Diff: 0.0, Sum: 0.0]
      [GC Worker Other (ms): Min: 0.0, Avg: 0.0, Max: 0.0, Diff: 0.0, Sum: 0.1]
      [GC Worker Total (ms): Min: 9.1, Avg: 9.1, Max: 9.1, Diff: 0.0, Sum: 18.2]
      [GC Worker End (ms): Min: 74943.5, Avg: 74943.5, Max: 74943.5, Diff: 0.0]
   [Code Root Fixup: 0.0 ms]
   [Code Root Migration: 0.0 ms]
   [Clear CT: 0.1 ms]
   [Other: 0.3 ms]
      [Choose CSet: 0.0 ms]
      [Ref Proc: 0.0 ms]
      [Ref Enq: 0.0 ms]
      [Free CSet: 0.1 ms]
   [Eden: 9216.0K(9216.0K)->0.0B(63.0M) Survivors: 3072.0K->2048.0K Heap: 113.0M(256.0M)->103.0M(256.0M)]
 [Times: user=0.03 sys=0.00, real=0.01 secs] 
2014-07-10T16:13:44.065+0200: 75.048: [GC pause (young), 0.0422892 secs]
   [Parallel Time: 41.8 ms, GC Workers: 2]
      [GC Worker Start (ms): Min: 75048.3, Avg: 75048.3, Max: 75048.3, Diff: 0.0]
      [Ext Root Scanning (ms): Min: 1.2, Avg: 1.2, Max: 1.2, Diff: 0.1, Sum: 2.4]
      [Update RS (ms): Min: 0.4, Avg: 0.4, Max: 0.4, Diff: 0.1, Sum: 0.8]
         [Processed Buffers: Min: 1, Avg: 3.0, Max: 5, Diff: 4, Sum: 6]
      [Scan RS (ms): Min: 0.1, Avg: 0.1, Max: 0.1, Diff: 0.1, Sum: 0.2]
      [Code Root Scanning (ms): Min: 0.0, Avg: 0.1, Max: 0.1, Diff: 0.1, Sum: 0.1]
      [Object Copy (ms): Min: 40.0, Avg: 40.0, Max: 40.0, Diff: 0.0, Sum: 80.0]
      [Termination (ms): Min: 0.0, Avg: 0.0, Max: 0.0, Diff: 0.0, Sum: 0.0]
      [GC Worker Other (ms): Min: 0.0, Avg: 0.0, Max: 0.0, Diff: 0.0, Sum: 0.1]
      [GC Worker Total (ms): Min: 41.8, Avg: 41.8, Max: 41.8, Diff: 0.0, Sum: 83.6]
      [GC Worker End (ms): Min: 75090.1, Avg: 75090.1, Max: 75090.1, Diff: 0.0]
   [Code Root Fixup: 0.0 ms]
   [Code Root Migration: 0.0 ms]
   [Clear CT: 0.0 ms]
   [Other: 0.4 ms]
      [Choose CSet: 0.0 ms]
      [Ref Proc: 0.0 ms]
      [Ref Enq: 0.0 ms]
      [Free CSet: 0.1 ms]
   [Eden: 63.0M(63.0M)->0.0B(29.0M) Survivors: 2048.0K->9216.0K Heap: 166.0M(256.0M)->171.5M(256.0M)]
 [Times: user=0.05 sys=0.00, real=0.04 secs] 
2014-07-10T16:13:44.155+0200: 75.138: [GC pause (young) (initial-mark), 0.0195272 secs]
   [Parallel Time: 19.1 ms, GC Workers: 2]
      [GC Worker Start (ms): Min: 75138.4, Avg: 75138.4, Max: 75138.4, Diff: 0.0]
      [Ext Root Scanning (ms): Min: 1.1, Avg: 1.1, Max: 1.1, Diff: 0.0, Sum: 2.2]
      [Code Root Marking (ms): Min: 0.0, Avg: 0.1, Max: 0.1, Diff: 0.1, Sum: 0.1]
      [Update RS (ms): Min: 0.8, Avg: 0.8, Max: 0.9, Diff: 0.0, Sum: 1.7]
         [Processed Buffers: Min: 4, Avg: 5.0, Max: 6, Diff: 2, Sum: 10]
      [Scan RS (ms): Min: 0.0, Avg: 0.1, Max: 0.1, Diff: 0.0, Sum: 0.1]
      [Code Root Scanning (ms): Min: 0.0, Avg: 0.0, Max: 0.0, Diff: 0.0, Sum: 0.0]
      [Object Copy (ms): Min: 16.9, Avg: 16.9, Max: 16.9, Diff: 0.0, Sum: 33.8]
      [Termination (ms): Min: 0.0, Avg: 0.0, Max: 0.0, Diff: 0.0, Sum: 0.0]
      [GC Worker Other (ms): Min: 0.0, Avg: 0.0, Max: 0.1, Diff: 0.0, Sum: 0.1]
      [GC Worker Total (ms): Min: 19.0, Avg: 19.0, Max: 19.0, Diff: 0.0, Sum: 38.0]
      [GC Worker End (ms): Min: 75157.4, Avg: 75157.4, Max: 75157.4, Diff: 0.0]
   [Code Root Fixup: 0.0 ms]
   [Code Root Migration: 0.0 ms]
   [Clear CT: 0.0 ms]
   [Other: 0.4 ms]
      [Choose CSet: 0.0 ms]
      [Ref Proc: 0.1 ms]
      [Ref Enq: 0.0 ms]
      [Free CSet: 0.1 ms]
   [Eden: 29.0M(29.0M)->0.0B(19.0M) Survivors: 9216.0K->5120.0K Heap: 200.5M(256.0M)->191.5M(256.0M)]
 [Times: user=0.03 sys=0.00, real=0.02 secs] 
2014-07-10T16:13:44.175+0200: 75.158: [GC concurrent-root-region-scan-start]
2014-07-10T16:13:44.175+0200: 75.158: [GC concurrent-root-region-scan-end, 0.0001056 secs]
2014-07-10T16:13:44.175+0200: 75.158: [GC concurrent-mark-start]
2014-07-10T16:13:44.178+0200: 75.162: [GC concurrent-mark-end, 0.0032839 secs]
2014-07-10T16:13:44.179+0200: 75.162: [GC remark 2014-07-10T16:13:44.179+0200: 75.163: [GC ref-proc, 0.0000810 secs], 0.0012077 secs]
 [Times: user=0.00 sys=0.00, real=0.00 secs] 
2014-07-10T16:13:44.180+0200: 75.164: [GC cleanup 193M->89M(256M), 0.0007838 secs]
 [Times: user=0.00 sys=0.00, real=0.00 secs] 
2014-07-10T16:13:44.181+0200: 75.165: [GC concurrent-cleanup-start]
2014-07-10T16:13:44.181+0200: 75.165: [GC concurrent-cleanup-end, 0.0002196 secs]
2014-07-10T16:13:44.208+0200: 75.191: [GC pause (young), 0.0132451 secs]
   [Parallel Time: 12.9 ms, GC Workers: 2]
      [GC Worker Start (ms): Min: 75191.4, Avg: 75191.4, Max: 75191.4, Diff: 0.0]
      [Ext Root Scanning (ms): Min: 1.1, Avg: 1.2, Max: 1.3, Diff: 0.2, Sum: 2.3]
      [Update RS (ms): Min: 0.4, Avg: 0.4, Max: 0.5, Diff: 0.1, Sum: 0.9]
         [Processed Buffers: Min: 2, Avg: 3.0, Max: 4, Diff: 2, Sum: 6]
      [Scan RS (ms): Min: 0.0, Avg: 0.0, Max: 0.1, Diff: 0.1, Sum: 0.1]
      [Code Root Scanning (ms): Min: 0.0, Avg: 0.0, Max: 0.0, Diff: 0.0, Sum: 0.0]
      [Object Copy (ms): Min: 11.2, Avg: 11.2, Max: 11.2, Diff: 0.0, Sum: 22.4]
      [Termination (ms): Min: 0.0, Avg: 0.0, Max: 0.0, Diff: 0.0, Sum: 0.0]
      [GC Worker Other (ms): Min: 0.0, Avg: 0.0, Max: 0.0, Diff: 0.0, Sum: 0.1]
      [GC Worker Total (ms): Min: 12.9, Avg: 12.9, Max: 12.9, Diff: 0.0, Sum: 25.8]
      [GC Worker End (ms): Min: 75204.3, Avg: 75204.3, Max: 75204.3, Diff: 0.0]
   [Code Root Fixup: 0.0 ms]
   [Code Root Migration: 0.0 ms]
   [Clear CT: 0.0 ms]
   [Other: 0.2 ms]
      [Choose CSet: 0.0 ms]
      [Ref Proc: 0.0 ms]
      [Ref Enq: 0.0 ms]
      [Free CSet: 0.1 ms]
   [Eden: 19.0M(19.0M)->0.0B(9216.0K) Survivors: 5120.0K->3072.0K Heap: 106.5M(256.0M)->101.5M(256.0M)]
 [Times: user=0.03 sys=0.00, real=0.01 secs] 
2014-07-10T16:13:44.235+0200: 75.218: [GC pause (mixed), 0.0101126 secs]
   [Parallel Time: 9.7 ms, GC Workers: 2]
      [GC Worker Start (ms): Min: 75218.4, Avg: 75218.4, Max: 75218.4, Diff: 0.0]
      [Ext Root Scanning (ms): Min: 1.1, Avg: 1.1, Max: 1.1, Diff: 0.0, Sum: 2.2]
      [Update RS (ms): Min: 0.3, Avg: 0.3, Max: 0.3, Diff: 0.0, Sum: 0.6]
         [Processed Buffers: Min: 2, Avg: 3.5, Max: 5, Diff: 3, Sum: 7]
      [Scan RS (ms): Min: 0.1, Avg: 0.1, Max: 0.1, Diff: 0.0, Sum: 0.2]
      [Code Root Scanning (ms): Min: 0.0, Avg: 0.0, Max: 0.0, Diff: 0.0, Sum: 0.0]
      [Object Copy (ms): Min: 8.1, Avg: 8.1, Max: 8.2, Diff: 0.0, Sum: 16.3]
      [Termination (ms): Min: 0.0, Avg: 0.0, Max: 0.0, Diff: 0.0, Sum: 0.0]
      [GC Worker Other (ms): Min: 0.0, Avg: 0.0, Max: 0.0, Diff: 0.0, Sum: 0.1]
      [GC Worker Total (ms): Min: 9.7, Avg: 9.7, Max: 9.7, Diff: 0.0, Sum: 19.4]
      [GC Worker End (ms): Min: 75228.1, Avg: 75228.1, Max: 75228.1, Diff: 0.0]
   [Code Root Fixup: 0.0 ms]
   [Code Root Migration: 0.0 ms]
   [Clear CT: 0.1 ms]
   [Other: 0.3 ms]
      [Choose CSet: 0.0 ms]
      [Ref Proc: 0.1 ms]
      [Ref Enq: 0.0 ms]
      [Free CSet: 0.1 ms]
   [Eden: 9216.0K(9216.0K)->0.0B(66.0M) Survivors: 3072.0K->2048.0K Heap: 110.5M(256.0M)->102.5M(256.0M)]
 [Times: user=0.00 sys=0.00, real=0.01 secs] 
2014-07-10T16:13:44.353+0200: 75.336: [GC pause (young), 0.0432116 secs]
   [Parallel Time: 42.8 ms, GC Workers: 2]
      [GC Worker Start (ms): Min: 75336.5, Avg: 75336.5, Max: 75336.5, Diff: 0.0]
      [Ext Root Scanning (ms): Min: 0.9, Avg: 1.0, Max: 1.0, Diff: 0.1, Sum: 1.9]
      [Update RS (ms): Min: 0.4, Avg: 0.4, Max: 0.5, Diff: 0.1, Sum: 0.8]
         [Processed Buffers: Min: 1, Avg: 2.5, Max: 4, Diff: 3, Sum: 5]
      [Scan RS (ms): Min: 0.1, Avg: 0.1, Max: 0.1, Diff: 0.0, Sum: 0.2]
      [Code Root Scanning (ms): Min: 0.0, Avg: 0.0, Max: 0.0, Diff: 0.0, Sum: 0.1]
      [Object Copy (ms): Min: 41.1, Avg: 41.2, Max: 41.2, Diff: 0.1, Sum: 82.3]
      [Termination (ms): Min: 0.0, Avg: 0.0, Max: 0.0, Diff: 0.0, Sum: 0.0]
      [GC Worker Other (ms): Min: 0.0, Avg: 0.0, Max: 0.1, Diff: 0.0, Sum: 0.1]
      [GC Worker Total (ms): Min: 42.7, Avg: 42.7, Max: 42.7, Diff: 0.0, Sum: 85.5]
      [GC Worker End (ms): Min: 75379.2, Avg: 75379.2, Max: 75379.2, Diff: 0.0]
   [Code Root Fixup: 0.0 ms]
   [Code Root Migration: 0.0 ms]
   [Clear CT: 0.1 ms]
   [Other: 0.4 ms]
      [Choose CSet: 0.0 ms]
      [Ref Proc: 0.0 ms]
      [Ref Enq: 0.0 ms]
      [Free CSet: 0.1 ms]
   [Eden: 66.0M(66.0M)->0.0B(29.0M) Survivors: 2048.0K->9216.0K Heap: 168.5M(256.0M)->171.0M(256.0M)]
 [Times: user=0.09 sys=0.00, real=0.04 secs] 
2014-07-10T16:13:44.447+0200: 75.430: [GC pause (young) (initial-mark), 0.0223517 secs]
   [Parallel Time: 19.2 ms, GC Workers: 2]
      [GC Worker Start (ms): Min: 75430.3, Avg: 75430.3, Max: 75430.3, Diff: 0.0]
      [Ext Root Scanning (ms): Min: 0.9, Avg: 0.9, Max: 0.9, Diff: 0.0, Sum: 1.8]
      [Code Root Marking (ms): Min: 0.0, Avg: 0.0, Max: 0.1, Diff: 0.0, Sum: 0.1]
      [Update RS (ms): Min: 0.8, Avg: 0.8, Max: 0.8, Diff: 0.0, Sum: 1.6]
         [Processed Buffers: Min: 4, Avg: 5.0, Max: 6, Diff: 2, Sum: 10]
      [Scan RS (ms): Min: 0.0, Avg: 0.0, Max: 0.1, Diff: 0.0, Sum: 0.1]
      [Code Root Scanning (ms): Min: 0.0, Avg: 0.0, Max: 0.0, Diff: 0.0, Sum: 0.0]
      [Object Copy (ms): Min: 17.3, Avg: 17.3, Max: 17.3, Diff: 0.0, Sum: 34.6]
      [Termination (ms): Min: 0.0, Avg: 0.0, Max: 0.0, Diff: 0.0, Sum: 0.0]
      [GC Worker Other (ms): Min: 0.0, Avg: 0.0, Max: 0.0, Diff: 0.0, Sum: 0.1]
      [GC Worker Total (ms): Min: 19.1, Avg: 19.1, Max: 19.1, Diff: 0.0, Sum: 38.3]
      [GC Worker End (ms): Min: 75449.5, Avg: 75449.5, Max: 75449.5, Diff: 0.0]
   [Code Root Fixup: 0.0 ms]
   [Code Root Migration: 0.0 ms]
   [Clear CT: 0.0 ms]
   [Other: 3.1 ms]
      [Choose CSet: 0.0 ms]
      [Ref Proc: 2.8 ms]
      [Ref Enq: 0.0 ms]
      [Free CSet: 0.1 ms]
   [Eden: 29.0M(29.0M)->0.0B(18.0M) Survivors: 9216.0K->5120.0K Heap: 200.0M(256.0M)->192.0M(256.0M)]
 [Times: user=0.03 sys=0.00, real=0.02 secs] 
2014-07-10T16:13:44.469+0200: 75.453: [GC concurrent-root-region-scan-start]
2014-07-10T16:13:44.469+0200: 75.453: [GC concurrent-root-region-scan-end, 0.0000803 secs]
2014-07-10T16:13:44.469+0200: 75.453: [GC concurrent-mark-start]
2014-07-10T16:13:44.473+0200: 75.457: [GC concurrent-mark-end, 0.0033238 secs]
2014-07-10T16:13:44.474+0200: 75.458: [GC remark 2014-07-10T16:13:44.475+0200: 75.458: [GC ref-proc, 0.0000711 secs], 0.0011307 secs]
 [Times: user=0.00 sys=0.00, real=0.00 secs] 
2014-07-10T16:13:44.476+0200: 75.459: [GC cleanup 195M->95M(256M), 0.0012960 secs]
 [Times: user=0.00 sys=0.00, real=0.00 secs] 
2014-07-10T16:13:44.477+0200: 75.461: [GC concurrent-cleanup-start]
2014-07-10T16:13:44.477+0200: 75.461: [GC concurrent-cleanup-end, 0.0001785 secs]
2014-07-10T16:13:44.504+0200: 75.487: [GC pause (young), 0.0127219 secs]
   [Parallel Time: 12.4 ms, GC Workers: 2]
      [GC Worker Start (ms): Min: 75487.4, Avg: 75487.4, Max: 75487.4, Diff: 0.0]
      [Ext Root Scanning (ms): Min: 0.9, Avg: 0.9, Max: 0.9, Diff: 0.0, Sum: 1.8]
      [Update RS (ms): Min: 0.4, Avg: 0.4, Max: 0.4, Diff: 0.0, Sum: 0.9]
         [Processed Buffers: Min: 2, Avg: 3.0, Max: 4, Diff: 2, Sum: 6]
      [Scan RS (ms): Min: 0.0, Avg: 0.0, Max: 0.0, Diff: 0.0, Sum: 0.1]
      [Code Root Scanning (ms): Min: 0.0, Avg: 0.0, Max: 0.0, Diff: 0.0, Sum: 0.0]
      [Object Copy (ms): Min: 10.9, Avg: 10.9, Max: 10.9, Diff: 0.0, Sum: 21.9]
      [Termination (ms): Min: 0.0, Avg: 0.0, Max: 0.0, Diff: 0.0, Sum: 0.0]
      [GC Worker Other (ms): Min: 0.0, Avg: 0.0, Max: 0.0, Diff: 0.0, Sum: 0.1]
      [GC Worker Total (ms): Min: 12.4, Avg: 12.4, Max: 12.4, Diff: 0.0, Sum: 24.7]
      [GC Worker End (ms): Min: 75499.8, Avg: 75499.8, Max: 75499.8, Diff: 0.0]
   [Code Root Fixup: 0.0 ms]
   [Code Root Migration: 0.0 ms]
   [Clear CT: 0.0 ms]
   [Other: 0.3 ms]
      [Choose CSet: 0.0 ms]
      [Ref Proc: 0.1 ms]
      [Ref Enq: 0.0 ms]
      [Free CSet: 0.1 ms]
   [Eden: 18.0M(18.0M)->0.0B(9216.0K) Survivors: 5120.0K->3072.0K Heap: 110.0M(256.0M)->105.5M(256.0M)]
 [Times: user=0.02 sys=0.00, real=0.01 secs] 
2014-07-10T16:13:44.530+0200: 75.513: [GC pause (mixed), 0.0089746 secs]
   [Parallel Time: 8.6 ms, GC Workers: 2]
      [GC Worker Start (ms): Min: 75513.4, Avg: 75513.4, Max: 75513.4, Diff: 0.0]
      [Ext Root Scanning (ms): Min: 1.0, Avg: 1.0, Max: 1.0, Diff: 0.1, Sum: 2.0]
      [Update RS (ms): Min: 0.3, Avg: 0.3, Max: 0.3, Diff: 0.1, Sum: 0.6]
         [Processed Buffers: Min: 2, Avg: 2.5, Max: 3, Diff: 1, Sum: 5]
      [Scan RS (ms): Min: 0.1, Avg: 0.1, Max: 0.1, Diff: 0.0, Sum: 0.2]
      [Code Root Scanning (ms): Min: 0.0, Avg: 0.0, Max: 0.0, Diff: 0.0, Sum: 0.0]
      [Object Copy (ms): Min: 7.1, Avg: 7.1, Max: 7.1, Diff: 0.0, Sum: 14.1]
      [Termination (ms): Min: 0.0, Avg: 0.0, Max: 0.0, Diff: 0.0, Sum: 0.0]
      [GC Worker Other (ms): Min: 0.0, Avg: 0.0, Max: 0.0, Diff: 0.0, Sum: 0.1]
      [GC Worker Total (ms): Min: 8.5, Avg: 8.5, Max: 8.5, Diff: 0.0, Sum: 17.0]
      [GC Worker End (ms): Min: 75521.9, Avg: 75521.9, Max: 75521.9, Diff: 0.0]
   [Code Root Fixup: 0.0 ms]
   [Code Root Migration: 0.0 ms]
   [Clear CT: 0.0 ms]
   [Other: 0.3 ms]
      [Choose CSet: 0.0 ms]
      [Ref Proc: 0.1 ms]
      [Ref Enq: 0.0 ms]
      [Free CSet: 0.1 ms]
   [Eden: 9216.0K(9216.0K)->0.0B(64.0M) Survivors: 3072.0K->2048.0K Heap: 114.5M(256.0M)->101.5M(256.0M)]
 [Times: user=0.00 sys=0.00, real=0.01 secs] 
2014-07-10T16:13:44.644+0200: 75.627: [GC pause (young), 0.0426624 secs]
   [Parallel Time: 42.2 ms, GC Workers: 2]
      [GC Worker Start (ms): Min: 75627.4, Avg: 75627.4, Max: 75627.5, Diff: 0.0]
      [Ext Root Scanning (ms): Min: 1.1, Avg: 1.1, Max: 1.1, Diff: 0.0, Sum: 2.2]
      [Update RS (ms): Min: 0.4, Avg: 0.5, Max: 0.6, Diff: 0.2, Sum: 1.0]
         [Processed Buffers: Min: 1, Avg: 3.0, Max: 5, Diff: 4, Sum: 6]
      [Scan RS (ms): Min: 0.1, Avg: 0.1, Max: 0.1, Diff: 0.1, Sum: 0.2]
      [Code Root Scanning (ms): Min: 0.0, Avg: 0.1, Max: 0.1, Diff: 0.1, Sum: 0.1]
      [Object Copy (ms): Min: 40.4, Avg: 40.4, Max: 40.4, Diff: 0.0, Sum: 80.8]
      [Termination (ms): Min: 0.0, Avg: 0.0, Max: 0.0, Diff: 0.0, Sum: 0.0]
      [GC Worker Other (ms): Min: 0.0, Avg: 0.0, Max: 0.0, Diff: 0.0, Sum: 0.1]
      [GC Worker Total (ms): Min: 42.2, Avg: 42.2, Max: 42.2, Diff: 0.0, Sum: 84.3]
      [GC Worker End (ms): Min: 75669.6, Avg: 75669.6, Max: 75669.6, Diff: 0.0]
   [Code Root Fixup: 0.0 ms]
   [Code Root Migration: 0.0 ms]
   [Clear CT: 0.1 ms]
   [Other: 0.3 ms]
      [Choose CSet: 0.0 ms]
      [Ref Proc: 0.0 ms]
      [Ref Enq: 0.0 ms]
      [Free CSet: 0.1 ms]
   [Eden: 64.0M(64.0M)->0.0B(27.0M) Survivors: 2048.0K->9216.0K Heap: 165.5M(256.0M)->175.0M(256.0M)]
 [Times: user=0.09 sys=0.00, real=0.04 secs] 
2014-07-10T16:13:44.730+0200: 75.713: [GC pause (young) (initial-mark), 0.0203477 secs]
   [Parallel Time: 19.9 ms, GC Workers: 2]
      [GC Worker Start (ms): Min: 75713.5, Avg: 75713.5, Max: 75713.5, Diff: 0.0]
      [Ext Root Scanning (ms): Min: 1.1, Avg: 1.1, Max: 1.2, Diff: 0.0, Sum: 2.3]
      [Code Root Marking (ms): Min: 0.1, Avg: 0.1, Max: 0.1, Diff: 0.0, Sum: 0.1]
      [Update RS (ms): Min: 0.9, Avg: 0.9, Max: 0.9, Diff: 0.0, Sum: 1.8]
         [Processed Buffers: Min: 4, Avg: 5.0, Max: 6, Diff: 2, Sum: 10]
      [Scan RS (ms): Min: 0.0, Avg: 0.0, Max: 0.1, Diff: 0.0, Sum: 0.1]
      [Code Root Scanning (ms): Min: 0.0, Avg: 0.0, Max: 0.0, Diff: 0.0, Sum: 0.0]
      [Object Copy (ms): Min: 17.7, Avg: 17.7, Max: 17.7, Diff: 0.0, Sum: 35.4]
      [Termination (ms): Min: 0.0, Avg: 0.0, Max: 0.0, Diff: 0.0, Sum: 0.0]
      [GC Worker Other (ms): Min: 0.0, Avg: 0.0, Max: 0.0, Diff: 0.0, Sum: 0.1]
      [GC Worker Total (ms): Min: 19.9, Avg: 19.9, Max: 19.9, Diff: 0.0, Sum: 39.8]
      [GC Worker End (ms): Min: 75733.4, Avg: 75733.4, Max: 75733.4, Diff: 0.0]
   [Code Root Fixup: 0.0 ms]
   [Code Root Migration: 0.0 ms]
   [Clear CT: 0.0 ms]
   [Other: 0.4 ms]
      [Choose CSet: 0.0 ms]
      [Ref Proc: 0.1 ms]
      [Ref Enq: 0.0 ms]
      [Free CSet: 0.1 ms]
   [Eden: 27.0M(27.0M)->0.0B(16.0M) Survivors: 9216.0K->5120.0K Heap: 202.0M(256.0M)->196.0M(256.0M)]
 [Times: user=0.06 sys=0.00, real=0.02 secs] 
2014-07-10T16:13:44.751+0200: 75.734: [GC concurrent-root-region-scan-start]
2014-07-10T16:13:44.751+0200: 75.734: [GC concurrent-root-region-scan-end, 0.0001027 secs]
2014-07-10T16:13:44.751+0200: 75.734: [GC concurrent-mark-start]
2014-07-10T16:13:44.754+0200: 75.738: [GC concurrent-mark-end, 0.0035343 secs]
2014-07-10T16:13:44.757+0200: 75.741: [GC remark 2014-07-10T16:13:44.757+0200: 75.741: [GC ref-proc, 0.0000689 secs], 0.0014097 secs]
 [Times: user=0.00 sys=0.00, real=0.00 secs] 
2014-07-10T16:13:44.759+0200: 75.742: [GC cleanup 200M->92M(256M), 0.0009503 secs]
 [Times: user=0.00 sys=0.00, real=0.00 secs] 
2014-07-10T16:13:44.760+0200: 75.743: [GC concurrent-cleanup-start]
2014-07-10T16:13:44.760+0200: 75.743: [GC concurrent-cleanup-end, 0.0002112 secs]
2014-07-10T16:13:44.779+0200: 75.762: [GC pause (young), 0.0113933 secs]
   [Parallel Time: 11.1 ms, GC Workers: 2]
      [GC Worker Start (ms): Min: 75762.4, Avg: 75762.6, Max: 75762.9, Diff: 0.5]
      [Ext Root Scanning (ms): Min: 0.7, Avg: 1.0, Max: 1.2, Diff: 0.5, Sum: 1.9]
      [Update RS (ms): Min: 0.4, Avg: 0.5, Max: 0.5, Diff: 0.1, Sum: 1.0]
         [Processed Buffers: Min: 3, Avg: 3.5, Max: 4, Diff: 1, Sum: 7]
      [Scan RS (ms): Min: 0.0, Avg: 0.0, Max: 0.1, Diff: 0.1, Sum: 0.1]
      [Code Root Scanning (ms): Min: 0.0, Avg: 0.0, Max: 0.0, Diff: 0.0, Sum: 0.0]
      [Object Copy (ms): Min: 9.3, Avg: 9.3, Max: 9.3, Diff: 0.0, Sum: 18.6]
      [Termination (ms): Min: 0.0, Avg: 0.0, Max: 0.0, Diff: 0.0, Sum: 0.0]
      [GC Worker Other (ms): Min: 0.0, Avg: 0.0, Max: 0.0, Diff: 0.0, Sum: 0.1]
      [GC Worker Total (ms): Min: 10.6, Avg: 10.8, Max: 11.1, Diff: 0.5, Sum: 21.6]
      [GC Worker End (ms): Min: 75773.5, Avg: 75773.5, Max: 75773.5, Diff: 0.0]
   [Code Root Fixup: 0.0 ms]
   [Code Root Migration: 0.0 ms]
   [Clear CT: 0.0 ms]
   [Other: 0.2 ms]
      [Choose CSet: 0.0 ms]
      [Ref Proc: 0.0 ms]
      [Ref Enq: 0.0 ms]
      [Free CSet: 0.1 ms]
   [Eden: 16.0M(16.0M)->0.0B(9216.0K) Survivors: 5120.0K->3072.0K Heap: 104.0M(256.0M)->99.5M(256.0M)]
 [Times: user=0.00 sys=0.00, real=0.01 secs] 
2014-07-10T16:13:44.805+0200: 75.788: [GC pause (mixed), 0.0101277 secs]
   [Parallel Time: 9.7 ms, GC Workers: 2]
      [GC Worker Start (ms): Min: 75788.4, Avg: 75788.4, Max: 75788.4, Diff: 0.0]
      [Ext Root Scanning (ms): Min: 1.1, Avg: 1.2, Max: 1.2, Diff: 0.1, Sum: 2.3]
      [Update RS (ms): Min: 0.3, Avg: 0.3, Max: 0.3, Diff: 0.0, Sum: 0.6]
         [Processed Buffers: Min: 1, Avg: 2.5, Max: 4, Diff: 3, Sum: 5]
      [Scan RS (ms): Min: 0.1, Avg: 0.1, Max: 0.1, Diff: 0.0, Sum: 0.2]
      [Code Root Scanning (ms): Min: 0.0, Avg: 0.0, Max: 0.0, Diff: 0.0, Sum: 0.0]
      [Object Copy (ms): Min: 8.1, Avg: 8.1, Max: 8.1, Diff: 0.0, Sum: 16.1]
      [Termination (ms): Min: 0.0, Avg: 0.0, Max: 0.0, Diff: 0.0, Sum: 0.0]
      [GC Worker Other (ms): Min: 0.0, Avg: 0.0, Max: 0.0, Diff: 0.0, Sum: 0.1]
      [GC Worker Total (ms): Min: 9.7, Avg: 9.7, Max: 9.7, Diff: 0.0, Sum: 19.3]
      [GC Worker End (ms): Min: 75798.0, Avg: 75798.0, Max: 75798.0, Diff: 0.0]
   [Code Root Fixup: 0.0 ms]
   [Code Root Migration: 0.0 ms]
   [Clear CT: 0.1 ms]
   [Other: 0.3 ms]
      [Choose CSet: 0.0 ms]
      [Ref Proc: 0.1 ms]
      [Ref Enq: 0.0 ms]
      [Free CSet: 0.1 ms]
   [Eden: 9216.0K(9216.0K)->0.0B(66.0M) Survivors: 3072.0K->2048.0K Heap: 108.5M(256.0M)->101.0M(256.0M)]
 [Times: user=0.03 sys=0.00, real=0.01 secs] 
2014-07-10T16:13:44.923+0200: 75.906: [GC pause (young), 0.0441465 secs]
   [Parallel Time: 43.6 ms, GC Workers: 2]
      [GC Worker Start (ms): Min: 75906.4, Avg: 75906.4, Max: 75906.4, Diff: 0.0]
      [Ext Root Scanning (ms): Min: 1.0, Avg: 1.0, Max: 1.0, Diff: 0.0, Sum: 2.0]
      [Update RS (ms): Min: 0.4, Avg: 0.4, Max: 0.4, Diff: 0.0, Sum: 0.8]
         [Processed Buffers: Min: 1, Avg: 2.5, Max: 4, Diff: 3, Sum: 5]
      [Scan RS (ms): Min: 0.1, Avg: 0.1, Max: 0.1, Diff: 0.0, Sum: 0.2]
      [Code Root Scanning (ms): Min: 0.0, Avg: 0.0, Max: 0.0, Diff: 0.0, Sum: 0.1]
      [Object Copy (ms): Min: 42.0, Avg: 42.0, Max: 42.0, Diff: 0.0, Sum: 84.0]
      [Termination (ms): Min: 0.0, Avg: 0.0, Max: 0.0, Diff: 0.0, Sum: 0.0]
      [GC Worker Other (ms): Min: 0.0, Avg: 0.0, Max: 0.0, Diff: 0.0, Sum: 0.1]
      [GC Worker Total (ms): Min: 43.6, Avg: 43.6, Max: 43.6, Diff: 0.0, Sum: 87.1]
      [GC Worker End (ms): Min: 75950.0, Avg: 75950.0, Max: 75950.0, Diff: 0.0]
   [Code Root Fixup: 0.0 ms]
   [Code Root Migration: 0.0 ms]
   [Clear CT: 0.1 ms]
   [Other: 0.4 ms]
      [Choose CSet: 0.0 ms]
      [Ref Proc: 0.0 ms]
      [Ref Enq: 0.0 ms]
      [Free CSet: 0.1 ms]
   [Eden: 66.0M(66.0M)->0.0B(28.0M) Survivors: 2048.0K->9216.0K Heap: 167.0M(256.0M)->173.0M(256.0M)]
 [Times: user=0.08 sys=0.00, real=0.04 secs] 
2014-07-10T16:13:45.017+0200: 76.000: [GC pause (young) (initial-mark), 0.0198971 secs]
   [Parallel Time: 19.4 ms, GC Workers: 2]
      [GC Worker Start (ms): Min: 76000.4, Avg: 76000.4, Max: 76000.4, Diff: 0.0]
      [Ext Root Scanning (ms): Min: 1.1, Avg: 1.1, Max: 1.2, Diff: 0.0, Sum: 2.3]
      [Code Root Marking (ms): Min: 0.1, Avg: 0.1, Max: 0.1, Diff: 0.0, Sum: 0.1]
      [Update RS (ms): Min: 0.8, Avg: 0.9, Max: 0.9, Diff: 0.1, Sum: 1.8]
         [Processed Buffers: Min: 4, Avg: 5.0, Max: 6, Diff: 2, Sum: 10]
      [Scan RS (ms): Min: 0.0, Avg: 0.0, Max: 0.1, Diff: 0.0, Sum: 0.1]
      [Code Root Scanning (ms): Min: 0.0, Avg: 0.0, Max: 0.0, Diff: 0.0, Sum: 0.0]
      [Object Copy (ms): Min: 17.2, Avg: 17.2, Max: 17.2, Diff: 0.0, Sum: 34.3]
      [Termination (ms): Min: 0.0, Avg: 0.0, Max: 0.0, Diff: 0.0, Sum: 0.0]
      [GC Worker Other (ms): Min: 0.0, Avg: 0.0, Max: 0.0, Diff: 0.0, Sum: 0.1]
      [GC Worker Total (ms): Min: 19.4, Avg: 19.4, Max: 19.4, Diff: 0.0, Sum: 38.7]
      [GC Worker End (ms): Min: 76019.8, Avg: 76019.8, Max: 76019.8, Diff: 0.0]
   [Code Root Fixup: 0.0 ms]
   [Code Root Migration: 0.0 ms]
   [Clear CT: 0.1 ms]
   [Other: 0.4 ms]
      [Choose CSet: 0.0 ms]
      [Ref Proc: 0.1 ms]
      [Ref Enq: 0.0 ms]
      [Free CSet: 0.1 ms]
   [Eden: 28.0M(28.0M)->0.0B(18.0M) Survivors: 9216.0K->5120.0K Heap: 201.0M(256.0M)->193.0M(256.0M)]
 [Times: user=0.03 sys=0.00, real=0.02 secs] 
2014-07-10T16:13:45.037+0200: 76.020: [GC concurrent-root-region-scan-start]
2014-07-10T16:13:45.037+0200: 76.021: [GC concurrent-root-region-scan-end, 0.0000902 secs]
2014-07-10T16:13:45.037+0200: 76.021: [GC concurrent-mark-start]
2014-07-10T16:13:45.042+0200: 76.026: [GC concurrent-mark-end, 0.0032241 secs]
2014-07-10T16:13:45.043+0200: 76.027: [GC remark 2014-07-10T16:13:45.043+0200: 76.027: [GC ref-proc, 0.0000667 secs], 0.0015578 secs]
 [Times: user=0.02 sys=0.00, real=0.00 secs] 
2014-07-10T16:13:45.045+0200: 76.029: [GC cleanup 196M->89M(256M), 0.0014522 secs]
 [Times: user=0.00 sys=0.00, real=0.00 secs] 
2014-07-10T16:13:45.047+0200: 76.031: [GC concurrent-cleanup-start]
2014-07-10T16:13:45.047+0200: 76.031: [GC concurrent-cleanup-end, 0.0002079 secs]
2014-07-10T16:13:45.074+0200: 76.057: [GC pause (young), 0.0263362 secs]
   [Parallel Time: 26.1 ms, GC Workers: 2]
      [GC Worker Start (ms): Min: 76057.4, Avg: 76057.4, Max: 76057.4, Diff: 0.0]
      [Ext Root Scanning (ms): Min: 1.0, Avg: 1.0, Max: 1.0, Diff: 0.1, Sum: 2.0]
      [Update RS (ms): Min: 0.4, Avg: 0.4, Max: 0.4, Diff: 0.0, Sum: 0.8]
         [Processed Buffers: Min: 2, Avg: 3.0, Max: 4, Diff: 2, Sum: 6]
      [Scan RS (ms): Min: 0.0, Avg: 0.0, Max: 0.0, Diff: 0.0, Sum: 0.1]
      [Code Root Scanning (ms): Min: 0.0, Avg: 0.0, Max: 0.0, Diff: 0.0, Sum: 0.0]
      [Object Copy (ms): Min: 11.1, Avg: 17.8, Max: 24.5, Diff: 13.4, Sum: 35.7]
      [Termination (ms): Min: 0.0, Avg: 6.7, Max: 13.4, Diff: 13.4, Sum: 13.4]
      [GC Worker Other (ms): Min: 0.0, Avg: 0.0, Max: 0.0, Diff: 0.0, Sum: 0.1]
      [GC Worker Total (ms): Min: 26.0, Avg: 26.0, Max: 26.0, Diff: 0.0, Sum: 52.1]
      [GC Worker End (ms): Min: 76083.4, Avg: 76083.4, Max: 76083.5, Diff: 0.0]
   [Code Root Fixup: 0.0 ms]
   [Code Root Migration: 0.0 ms]
   [Clear CT: 0.0 ms]
   [Other: 0.2 ms]
      [Choose CSet: 0.0 ms]
      [Ref Proc: 0.0 ms]
      [Ref Enq: 0.0 ms]
      [Free CSet: 0.1 ms]
   [Eden: 18.0M(18.0M)->0.0B(9216.0K) Survivors: 5120.0K->3072.0K Heap: 104.0M(256.0M)->100.5M(256.0M)]
 [Times: user=0.05 sys=0.00, real=0.03 secs] 
2014-07-10T16:13:45.114+0200: 76.097: [GC pause (mixed), 0.0068907 secs]
   [Parallel Time: 6.5 ms, GC Workers: 2]
      [GC Worker Start (ms): Min: 76097.4, Avg: 76097.4, Max: 76097.4, Diff: 0.0]
      [Ext Root Scanning (ms): Min: 1.0, Avg: 1.0, Max: 1.0, Diff: 0.1, Sum: 2.0]
      [Update RS (ms): Min: 0.2, Avg: 0.3, Max: 0.3, Diff: 0.1, Sum: 0.5]
         [Processed Buffers: Min: 2, Avg: 2.5, Max: 3, Diff: 1, Sum: 5]
      [Scan RS (ms): Min: 0.0, Avg: 0.1, Max: 0.1, Diff: 0.0, Sum: 0.1]
      [Code Root Scanning (ms): Min: 0.0, Avg: 0.0, Max: 0.0, Diff: 0.0, Sum: 0.0]
      [Object Copy (ms): Min: 5.1, Avg: 5.1, Max: 5.1, Diff: 0.0, Sum: 10.3]
      [Termination (ms): Min: 0.0, Avg: 0.0, Max: 0.0, Diff: 0.0, Sum: 0.0]
      [GC Worker Other (ms): Min: 0.0, Avg: 0.0, Max: 0.0, Diff: 0.0, Sum: 0.1]
      [GC Worker Total (ms): Min: 6.5, Avg: 6.5, Max: 6.5, Diff: 0.0, Sum: 13.0]
      [GC Worker End (ms): Min: 76103.9, Avg: 76103.9, Max: 76103.9, Diff: 0.0]
   [Code Root Fixup: 0.0 ms]
   [Code Root Migration: 0.0 ms]
   [Clear CT: 0.1 ms]
   [Other: 0.3 ms]
      [Choose CSet: 0.0 ms]
      [Ref Proc: 0.0 ms]
      [Ref Enq: 0.0 ms]
      [Free CSet: 0.1 ms]
   [Eden: 9216.0K(9216.0K)->0.0B(65.0M) Survivors: 3072.0K->2048.0K Heap: 109.5M(256.0M)->100.0M(256.0M)]
 [Times: user=0.00 sys=0.00, real=0.01 secs] 
2014-07-10T16:13:45.232+0200: 76.215: [GC pause (young), 0.0427790 secs]
   [Parallel Time: 42.3 ms, GC Workers: 2]
      [GC Worker Start (ms): Min: 76215.3, Avg: 76215.3, Max: 76215.3, Diff: 0.0]
      [Ext Root Scanning (ms): Min: 0.9, Avg: 1.0, Max: 1.0, Diff: 0.0, Sum: 1.9]
      [Update RS (ms): Min: 0.3, Avg: 0.3, Max: 0.3, Diff: 0.0, Sum: 0.6]
         [Processed Buffers: Min: 2, Avg: 2.5, Max: 3, Diff: 1, Sum: 5]
      [Scan RS (ms): Min: 0.1, Avg: 0.1, Max: 0.1, Diff: 0.0, Sum: 0.2]
      [Code Root Scanning (ms): Min: 0.0, Avg: 0.0, Max: 0.0, Diff: 0.0, Sum: 0.1]
      [Object Copy (ms): Min: 40.9, Avg: 40.9, Max: 40.9, Diff: 0.0, Sum: 81.7]
      [Termination (ms): Min: 0.0, Avg: 0.0, Max: 0.0, Diff: 0.0, Sum: 0.0]
      [GC Worker Other (ms): Min: 0.0, Avg: 0.0, Max: 0.0, Diff: 0.0, Sum: 0.1]
      [GC Worker Total (ms): Min: 42.3, Avg: 42.3, Max: 42.3, Diff: 0.0, Sum: 84.6]
      [GC Worker End (ms): Min: 76257.6, Avg: 76257.6, Max: 76257.6, Diff: 0.0]
   [Code Root Fixup: 0.0 ms]
   [Code Root Migration: 0.0 ms]
   [Clear CT: 0.1 ms]
   [Other: 0.4 ms]
      [Choose CSet: 0.0 ms]
      [Ref Proc: 0.0 ms]
      [Ref Enq: 0.0 ms]
      [Free CSet: 0.1 ms]
   [Eden: 65.0M(65.0M)->0.0B(28.0M) Survivors: 2048.0K->9216.0K Heap: 165.0M(256.0M)->173.5M(256.0M)]
 [Times: user=0.06 sys=0.00, real=0.04 secs] 
2014-07-10T16:13:45.320+0200: 76.303: [GC pause (young) (initial-mark), 0.0218443 secs]
   [Parallel Time: 21.4 ms, GC Workers: 2]
      [GC Worker Start (ms): Min: 76303.4, Avg: 76303.4, Max: 76303.4, Diff: 0.0]
      [Ext Root Scanning (ms): Min: 1.0, Avg: 1.0, Max: 1.0, Diff: 0.1, Sum: 2.0]
      [Code Root Marking (ms): Min: 0.0, Avg: 0.1, Max: 0.1, Diff: 0.1, Sum: 0.1]
      [Update RS (ms): Min: 0.8, Avg: 0.9, Max: 0.9, Diff: 0.0, Sum: 1.7]
         [Processed Buffers: Min: 4, Avg: 4.5, Max: 5, Diff: 1, Sum: 9]
      [Scan RS (ms): Min: 0.0, Avg: 0.0, Max: 0.1, Diff: 0.0, Sum: 0.1]
      [Code Root Scanning (ms): Min: 0.0, Avg: 0.0, Max: 0.0, Diff: 0.0, Sum: 0.1]
      [Object Copy (ms): Min: 19.3, Avg: 19.4, Max: 19.4, Diff: 0.0, Sum: 38.7]
      [Termination (ms): Min: 0.0, Avg: 0.0, Max: 0.0, Diff: 0.0, Sum: 0.0]
      [GC Worker Other (ms): Min: 0.0, Avg: 0.0, Max: 0.0, Diff: 0.0, Sum: 0.1]
      [GC Worker Total (ms): Min: 21.4, Avg: 21.4, Max: 21.4, Diff: 0.0, Sum: 42.8]
      [GC Worker End (ms): Min: 76324.8, Avg: 76324.8, Max: 76324.8, Diff: 0.0]
   [Code Root Fixup: 0.0 ms]
   [Code Root Migration: 0.0 ms]
   [Clear CT: 0.0 ms]
   [Other: 0.3 ms]
      [Choose CSet: 0.0 ms]
      [Ref Proc: 0.1 ms]
      [Ref Enq: 0.0 ms]
      [Free CSet: 0.1 ms]
   [Eden: 28.0M(28.0M)->0.0B(15.0M) Survivors: 9216.0K->5120.0K Heap: 201.5M(256.0M)->198.5M(256.0M)]
 [Times: user=0.06 sys=0.00, real=0.02 secs] 
2014-07-10T16:13:45.342+0200: 76.326: [GC concurrent-root-region-scan-start]
2014-07-10T16:13:45.342+0200: 76.326: [GC concurrent-root-region-scan-end, 0.0000869 secs]
2014-07-10T16:13:45.342+0200: 76.326: [GC concurrent-mark-start]
2014-07-10T16:13:45.347+0200: 76.330: [GC concurrent-mark-end, 0.0046616 secs]
2014-07-10T16:13:45.347+0200: 76.330: [GC remark 2014-07-10T16:13:45.347+0200: 76.331: [GC ref-proc, 0.0000689 secs], 0.0010735 secs]
 [Times: user=0.00 sys=0.00, real=0.00 secs] 
2014-07-10T16:13:45.348+0200: 76.332: [GC cleanup 201M->88M(256M), 0.0012542 secs]
 [Times: user=0.00 sys=0.00, real=0.00 secs] 
2014-07-10T16:13:45.350+0200: 76.333: [GC concurrent-cleanup-start]
2014-07-10T16:13:45.350+0200: 76.333: [GC concurrent-cleanup-end, 0.0001705 secs]
2014-07-10T16:13:45.370+0200: 76.353: [GC pause (young), 0.0112704 secs]
   [Parallel Time: 11.0 ms, GC Workers: 2]
      [GC Worker Start (ms): Min: 76353.5, Avg: 76353.5, Max: 76353.5, Diff: 0.0]
      [Ext Root Scanning (ms): Min: 1.0, Avg: 1.1, Max: 1.1, Diff: 0.1, Sum: 2.1]
      [Update RS (ms): Min: 0.5, Avg: 0.5, Max: 0.5, Diff: 0.0, Sum: 1.0]
         [Processed Buffers: Min: 2, Avg: 3.0, Max: 4, Diff: 2, Sum: 6]
      [Scan RS (ms): Min: 0.0, Avg: 0.0, Max: 0.1, Diff: 0.1, Sum: 0.1]
      [Code Root Scanning (ms): Min: 0.0, Avg: 0.0, Max: 0.0, Diff: 0.0, Sum: 0.0]
      [Object Copy (ms): Min: 9.3, Avg: 9.3, Max: 9.3, Diff: 0.0, Sum: 18.6]
      [Termination (ms): Min: 0.0, Avg: 0.0, Max: 0.0, Diff: 0.0, Sum: 0.0]
      [GC Worker Other (ms): Min: 0.0, Avg: 0.0, Max: 0.0, Diff: 0.0, Sum: 0.1]
      [GC Worker Total (ms): Min: 10.9, Avg: 10.9, Max: 11.0, Diff: 0.0, Sum: 21.9]
      [GC Worker End (ms): Min: 76364.5, Avg: 76364.5, Max: 76364.5, Diff: 0.0]
   [Code Root Fixup: 0.0 ms]
   [Code Root Migration: 0.0 ms]
   [Clear CT: 0.0 ms]
   [Other: 0.3 ms]
      [Choose CSet: 0.0 ms]
      [Ref Proc: 0.1 ms]
      [Ref Enq: 0.0 ms]
      [Free CSet: 0.1 ms]
   [Eden: 15.0M(15.0M)->0.0B(9216.0K) Survivors: 5120.0K->3072.0K Heap: 100.5M(256.0M)->96.5M(256.0M)]
 [Times: user=0.03 sys=0.00, real=0.01 secs] 
2014-07-10T16:13:45.395+0200: 76.378: [GC pause (mixed), 0.0102175 secs]
   [Parallel Time: 9.8 ms, GC Workers: 2]
      [GC Worker Start (ms): Min: 76378.5, Avg: 76378.5, Max: 76378.5, Diff: 0.0]
      [Ext Root Scanning (ms): Min: 1.2, Avg: 1.3, Max: 1.4, Diff: 0.2, Sum: 2.5]
      [Update RS (ms): Min: 0.2, Avg: 0.3, Max: 0.4, Diff: 0.2, Sum: 0.5]
         [Processed Buffers: Min: 1, Avg: 3.0, Max: 5, Diff: 4, Sum: 6]
      [Scan RS (ms): Min: 0.1, Avg: 0.1, Max: 0.1, Diff: 0.0, Sum: 0.3]
      [Code Root Scanning (ms): Min: 0.0, Avg: 0.0, Max: 0.0, Diff: 0.0, Sum: 0.0]
      [Object Copy (ms): Min: 8.0, Avg: 8.0, Max: 8.0, Diff: 0.0, Sum: 16.0]
      [Termination (ms): Min: 0.0, Avg: 0.0, Max: 0.0, Diff: 0.0, Sum: 0.0]
      [GC Worker Other (ms): Min: 0.0, Avg: 0.0, Max: 0.0, Diff: 0.0, Sum: 0.0]
      [GC Worker Total (ms): Min: 9.7, Avg: 9.7, Max: 9.7, Diff: 0.0, Sum: 19.4]
      [GC Worker End (ms): Min: 76388.2, Avg: 76388.2, Max: 76388.2, Diff: 0.0]
   [Code Root Fixup: 0.0 ms]
   [Code Root Migration: 0.0 ms]
   [Clear CT: 0.1 ms]
   [Other: 0.3 ms]
      [Choose CSet: 0.0 ms]
      [Ref Proc: 0.1 ms]
      [Ref Enq: 0.0 ms]
      [Free CSet: 0.1 ms]
   [Eden: 9216.0K(9216.0K)->0.0B(66.0M) Survivors: 3072.0K->2048.0K Heap: 105.5M(256.0M)->97.0M(256.0M)]
 [Times: user=0.03 sys=0.00, real=0.01 secs] 
2014-07-10T16:13:45.518+0200: 76.502: [GC pause (young), 0.0440900 secs]
   [Parallel Time: 43.6 ms, GC Workers: 2]
      [GC Worker Start (ms): Min: 76501.6, Avg: 76501.6, Max: 76501.6, Diff: 0.0]
      [Ext Root Scanning (ms): Min: 1.0, Avg: 1.0, Max: 1.0, Diff: 0.1, Sum: 2.0]
      [Update RS (ms): Min: 0.4, Avg: 0.4, Max: 0.4, Diff: 0.0, Sum: 0.9]
         [Processed Buffers: Min: 1, Avg: 2.5, Max: 4, Diff: 3, Sum: 5]
      [Scan RS (ms): Min: 0.1, Avg: 0.1, Max: 0.1, Diff: 0.0, Sum: 0.2]
      [Code Root Scanning (ms): Min: 0.0, Avg: 0.0, Max: 0.1, Diff: 0.0, Sum: 0.1]
      [Object Copy (ms): Min: 41.7, Avg: 41.7, Max: 41.8, Diff: 0.1, Sum: 83.5]
      [Termination (ms): Min: 0.0, Avg: 0.1, Max: 0.3, Diff: 0.3, Sum: 0.3]
      [GC Worker Other (ms): Min: 0.0, Avg: 0.0, Max: 0.0, Diff: 0.0, Sum: 0.0]
      [GC Worker Total (ms): Min: 43.4, Avg: 43.5, Max: 43.6, Diff: 0.1, Sum: 87.0]
      [GC Worker End (ms): Min: 76545.0, Avg: 76545.1, Max: 76545.2, Diff: 0.1]
   [Code Root Fixup: 0.0 ms]
   [Code Root Migration: 0.0 ms]
   [Clear CT: 0.1 ms]
   [Other: 0.4 ms]
      [Choose CSet: 0.0 ms]
      [Ref Proc: 0.1 ms]
      [Ref Enq: 0.0 ms]
      [Free CSet: 0.1 ms]
   [Eden: 66.0M(66.0M)->0.0B(30.0M) Survivors: 2048.0K->9216.0K Heap: 163.0M(256.0M)->168.0M(256.0M)]
 [Times: user=0.08 sys=0.00, real=0.04 secs] 
2014-07-10T16:13:45.612+0200: 76.595: [GC pause (young) (initial-mark), 0.0215283 secs]
   [Parallel Time: 21.1 ms, GC Workers: 2]
      [GC Worker Start (ms): Min: 76595.5, Avg: 76595.5, Max: 76595.5, Diff: 0.0]
      [Ext Root Scanning (ms): Min: 1.2, Avg: 1.3, Max: 1.3, Diff: 0.1, Sum: 2.5]
      [Code Root Marking (ms): Min: 0.0, Avg: 0.1, Max: 0.1, Diff: 0.1, Sum: 0.1]
      [Update RS (ms): Min: 0.9, Avg: 0.9, Max: 0.9, Diff: 0.0, Sum: 1.9]
         [Processed Buffers: Min: 4, Avg: 5.0, Max: 6, Diff: 2, Sum: 10]
      [Scan RS (ms): Min: 0.0, Avg: 0.0, Max: 0.1, Diff: 0.0, Sum: 0.1]
      [Code Root Scanning (ms): Min: 0.0, Avg: 0.0, Max: 0.0, Diff: 0.0, Sum: 0.1]
      [Object Copy (ms): Min: 18.8, Avg: 18.8, Max: 18.8, Diff: 0.0, Sum: 37.5]
      [Termination (ms): Min: 0.0, Avg: 0.0, Max: 0.0, Diff: 0.0, Sum: 0.0]
      [GC Worker Other (ms): Min: 0.0, Avg: 0.0, Max: 0.0, Diff: 0.0, Sum: 0.1]
      [GC Worker Total (ms): Min: 21.1, Avg: 21.1, Max: 21.1, Diff: 0.0, Sum: 42.2]
      [GC Worker End (ms): Min: 76616.7, Avg: 76616.7, Max: 76616.7, Diff: 0.0]
   [Code Root Fixup: 0.0 ms]
   [Code Root Migration: 0.0 ms]
   [Clear CT: 0.0 ms]
   [Other: 0.3 ms]
      [Choose CSet: 0.0 ms]
      [Ref Proc: 0.0 ms]
      [Ref Enq: 0.0 ms]
      [Free CSet: 0.1 ms]
   [Eden: 30.0M(30.0M)->0.0B(19.0M) Survivors: 9216.0K->5120.0K Heap: 198.0M(256.0M)->191.5M(256.0M)]
 [Times: user=0.03 sys=0.00, real=0.02 secs] 
2014-07-10T16:13:45.634+0200: 76.617: [GC concurrent-root-region-scan-start]
2014-07-10T16:13:45.634+0200: 76.617: [GC concurrent-root-region-scan-end, 0.0000913 secs]
2014-07-10T16:13:45.634+0200: 76.617: [GC concurrent-mark-start]
2014-07-10T16:13:45.638+0200: 76.621: [GC concurrent-mark-end, 0.0034587 secs]
2014-07-10T16:13:45.638+0200: 76.622: [GC remark 2014-07-10T16:13:45.639+0200: 76.622: [GC ref-proc, 0.0000664 secs], 0.0012462 secs]
 [Times: user=0.00 sys=0.00, real=0.00 secs] 
2014-07-10T16:13:45.640+0200: 76.624: [GC cleanup 194M->102M(256M), 0.0007549 secs]
 [Times: user=0.00 sys=0.00, real=0.00 secs] 
2014-07-10T16:13:45.641+0200: 76.624: [GC concurrent-cleanup-start]
2014-07-10T16:13:45.641+0200: 76.625: [GC concurrent-cleanup-end, 0.0001987 secs]
2014-07-10T16:13:45.667+0200: 76.651: [GC pause (young), 0.0140792 secs]
   [Parallel Time: 13.7 ms, GC Workers: 2]
      [GC Worker Start (ms): Min: 76650.6, Avg: 76650.6, Max: 76650.6, Diff: 0.0]
      [Ext Root Scanning (ms): Min: 1.0, Avg: 1.1, Max: 1.1, Diff: 0.0, Sum: 2.1]
      [Update RS (ms): Min: 0.5, Avg: 0.6, Max: 0.6, Diff: 0.1, Sum: 1.1]
         [Processed Buffers: Min: 2, Avg: 2.5, Max: 3, Diff: 1, Sum: 5]
      [Scan RS (ms): Min: 0.0, Avg: 0.0, Max: 0.1, Diff: 0.1, Sum: 0.1]
      [Code Root Scanning (ms): Min: 0.0, Avg: 0.0, Max: 0.0, Diff: 0.0, Sum: 0.0]
      [Object Copy (ms): Min: 11.9, Avg: 11.9, Max: 11.9, Diff: 0.0, Sum: 23.9]
      [Termination (ms): Min: 0.0, Avg: 0.0, Max: 0.0, Diff: 0.0, Sum: 0.0]
      [GC Worker Other (ms): Min: 0.0, Avg: 0.0, Max: 0.0, Diff: 0.0, Sum: 0.1]
      [GC Worker Total (ms): Min: 13.6, Avg: 13.6, Max: 13.6, Diff: 0.0, Sum: 27.3]
      [GC Worker End (ms): Min: 76664.2, Avg: 76664.2, Max: 76664.2, Diff: 0.0]
   [Code Root Fixup: 0.0 ms]
   [Code Root Migration: 0.0 ms]
   [Clear CT: 0.1 ms]
   [Other: 0.2 ms]
      [Choose CSet: 0.0 ms]
      [Ref Proc: 0.0 ms]
      [Ref Enq: 0.0 ms]
      [Free CSet: 0.1 ms]
   [Eden: 19.0M(19.0M)->0.0B(9216.0K) Survivors: 5120.0K->3072.0K Heap: 118.5M(256.0M)->114.5M(256.0M)]
 [Times: user=0.03 sys=0.00, real=0.01 secs] 
2014-07-10T16:13:45.695+0200: 76.678: [GC pause (mixed), 0.0105134 secs]
   [Parallel Time: 10.0 ms, GC Workers: 2]
      [GC Worker Start (ms): Min: 76678.4, Avg: 76678.5, Max: 76678.5, Diff: 0.0]
      [Ext Root Scanning (ms): Min: 1.1, Avg: 1.2, Max: 1.3, Diff: 0.2, Sum: 2.5]
      [Update RS (ms): Min: 0.3, Avg: 0.3, Max: 0.4, Diff: 0.1, Sum: 0.6]
         [Processed Buffers: Min: 1, Avg: 3.5, Max: 6, Diff: 5, Sum: 7]
      [Scan RS (ms): Min: 0.1, Avg: 0.1, Max: 0.2, Diff: 0.1, Sum: 0.3]
      [Code Root Scanning (ms): Min: 0.0, Avg: 0.0, Max: 0.0, Diff: 0.0, Sum: 0.1]
      [Object Copy (ms): Min: 8.2, Avg: 8.2, Max: 8.2, Diff: 0.0, Sum: 16.4]
      [Termination (ms): Min: 0.0, Avg: 0.0, Max: 0.0, Diff: 0.0, Sum: 0.0]
      [GC Worker Other (ms): Min: 0.0, Avg: 0.0, Max: 0.0, Diff: 0.0, Sum: 0.1]
      [GC Worker Total (ms): Min: 10.0, Avg: 10.0, Max: 10.0, Diff: 0.0, Sum: 19.9]
      [GC Worker End (ms): Min: 76688.4, Avg: 76688.4, Max: 76688.4, Diff: 0.0]
   [Code Root Fixup: 0.0 ms]
   [Code Root Migration: 0.0 ms]
   [Clear CT: 0.1 ms]
   [Other: 0.4 ms]
      [Choose CSet: 0.0 ms]
      [Ref Proc: 0.1 ms]
      [Ref Enq: 0.0 ms]
      [Free CSet: 0.2 ms]
   [Eden: 9216.0K(9216.0K)->0.0B(63.0M) Survivors: 3072.0K->2048.0K Heap: 123.5M(256.0M)->103.1M(256.0M)]
 [Times: user=0.03 sys=0.00, real=0.01 secs] 
2014-07-10T16:13:45.809+0200: 76.792: [GC pause (young), 0.0430268 secs]
   [Parallel Time: 42.5 ms, GC Workers: 2]
      [GC Worker Start (ms): Min: 76792.4, Avg: 76792.4, Max: 76792.4, Diff: 0.0]
      [Ext Root Scanning (ms): Min: 1.2, Avg: 1.3, Max: 1.3, Diff: 0.1, Sum: 2.5]
      [Update RS (ms): Min: 0.4, Avg: 0.5, Max: 0.5, Diff: 0.0, Sum: 0.9]
         [Processed Buffers: Min: 1, Avg: 2.5, Max: 4, Diff: 3, Sum: 5]
      [Scan RS (ms): Min: 0.1, Avg: 0.1, Max: 0.1, Diff: 0.1, Sum: 0.2]
      [Code Root Scanning (ms): Min: 0.0, Avg: 0.0, Max: 0.1, Diff: 0.0, Sum: 0.1]
      [Object Copy (ms): Min: 40.6, Avg: 40.6, Max: 40.6, Diff: 0.0, Sum: 81.2]
      [Termination (ms): Min: 0.0, Avg: 0.0, Max: 0.0, Diff: 0.0, Sum: 0.0]
      [GC Worker Other (ms): Min: 0.0, Avg: 0.0, Max: 0.0, Diff: 0.0, Sum: 0.1]
      [GC Worker Total (ms): Min: 42.5, Avg: 42.5, Max: 42.5, Diff: 0.0, Sum: 85.0]
      [GC Worker End (ms): Min: 76834.9, Avg: 76834.9, Max: 76834.9, Diff: 0.0]
   [Code Root Fixup: 0.0 ms]
   [Code Root Migration: 0.0 ms]
   [Clear CT: 0.1 ms]
   [Other: 0.4 ms]
      [Choose CSet: 0.0 ms]
      [Ref Proc: 0.0 ms]
      [Ref Enq: 0.0 ms]
      [Free CSet: 0.1 ms]
   [Eden: 63.0M(63.0M)->0.0B(28.0M) Survivors: 2048.0K->9216.0K Heap: 166.1M(256.0M)->173.0M(256.0M)]
 [Times: user=0.06 sys=0.00, real=0.04 secs] 
2014-07-10T16:13:45.897+0200: 76.880: [GC pause (young) (initial-mark), 0.0188130 secs]
   [Parallel Time: 18.4 ms, GC Workers: 2]
      [GC Worker Start (ms): Min: 76880.5, Avg: 76880.5, Max: 76880.5, Diff: 0.0]
      [Ext Root Scanning (ms): Min: 1.1, Avg: 1.2, Max: 1.2, Diff: 0.1, Sum: 2.3]
      [Code Root Marking (ms): Min: 0.0, Avg: 0.1, Max: 0.1, Diff: 0.0, Sum: 0.1]
      [Update RS (ms): Min: 0.9, Avg: 0.9, Max: 0.9, Diff: 0.0, Sum: 1.7]
         [Processed Buffers: Min: 4, Avg: 4.5, Max: 5, Diff: 1, Sum: 9]
      [Scan RS (ms): Min: 0.0, Avg: 0.0, Max: 0.1, Diff: 0.0, Sum: 0.1]
      [Code Root Scanning (ms): Min: 0.0, Avg: 0.0, Max: 0.0, Diff: 0.0, Sum: 0.0]
      [Object Copy (ms): Min: 16.1, Avg: 16.1, Max: 16.1, Diff: 0.0, Sum: 32.2]
      [Termination (ms): Min: 0.0, Avg: 0.0, Max: 0.0, Diff: 0.0, Sum: 0.0]
      [GC Worker Other (ms): Min: 0.0, Avg: 0.0, Max: 0.0, Diff: 0.0, Sum: 0.1]
      [GC Worker Total (ms): Min: 18.3, Avg: 18.3, Max: 18.3, Diff: 0.0, Sum: 36.7]
      [GC Worker End (ms): Min: 76898.8, Avg: 76898.8, Max: 76898.8, Diff: 0.0]
   [Code Root Fixup: 0.0 ms]
   [Code Root Migration: 0.0 ms]
   [Clear CT: 0.0 ms]
   [Other: 0.4 ms]
      [Choose CSet: 0.0 ms]
      [Ref Proc: 0.1 ms]
      [Ref Enq: 0.0 ms]
      [Free CSet: 0.1 ms]
   [Eden: 28.0M(28.0M)->0.0B(19.0M) Survivors: 9216.0K->5120.0K Heap: 201.0M(256.0M)->191.5M(256.0M)]
 [Times: user=0.03 sys=0.00, real=0.02 secs] 
2014-07-10T16:13:45.916+0200: 76.900: [GC concurrent-root-region-scan-start]
2014-07-10T16:13:45.916+0200: 76.900: [GC concurrent-root-region-scan-end, 0.0000898 secs]
2014-07-10T16:13:45.916+0200: 76.900: [GC concurrent-mark-start]
2014-07-10T16:13:45.920+0200: 76.904: [GC concurrent-mark-end, 0.0044604 secs]
2014-07-10T16:13:45.921+0200: 76.904: [GC remark 2014-07-10T16:13:45.921+0200: 76.904: [GC ref-proc, 0.0000649 secs], 0.0011160 secs]
 [Times: user=0.00 sys=0.00, real=0.00 secs] 
2014-07-10T16:13:45.922+0200: 76.905: [GC cleanup 194M->100M(256M), 0.0007732 secs]
 [Times: user=0.00 sys=0.00, real=0.00 secs] 
2014-07-10T16:13:45.923+0200: 76.906: [GC concurrent-cleanup-start]
2014-07-10T16:13:45.923+0200: 76.906: [GC concurrent-cleanup-end, 0.0001991 secs]
2014-07-10T16:13:45.948+0200: 76.932: [GC pause (young), 0.0140773 secs]
   [Parallel Time: 13.8 ms, GC Workers: 2]
      [GC Worker Start (ms): Min: 76931.6, Avg: 76932.5, Max: 76933.4, Diff: 1.8]
      [Ext Root Scanning (ms): Min: 0.3, Avg: 1.0, Max: 1.7, Diff: 1.4, Sum: 2.0]
      [Update RS (ms): Min: 0.3, Avg: 0.4, Max: 0.6, Diff: 0.3, Sum: 0.8]
         [Processed Buffers: Min: 2, Avg: 2.5, Max: 3, Diff: 1, Sum: 5]
      [Scan RS (ms): Min: 0.0, Avg: 0.0, Max: 0.0, Diff: 0.0, Sum: 0.1]
      [Code Root Scanning (ms): Min: 0.0, Avg: 0.0, Max: 0.0, Diff: 0.0, Sum: 0.0]
      [Object Copy (ms): Min: 11.0, Avg: 11.1, Max: 11.1, Diff: 0.1, Sum: 22.2]
      [Termination (ms): Min: 0.0, Avg: 0.0, Max: 0.0, Diff: 0.0, Sum: 0.0]
      [GC Worker Other (ms): Min: 0.0, Avg: 0.2, Max: 0.3, Diff: 0.2, Sum: 0.3]
      [GC Worker Total (ms): Min: 11.7, Avg: 12.7, Max: 13.7, Diff: 2.0, Sum: 25.5]
      [GC Worker End (ms): Min: 76945.2, Avg: 76945.3, Max: 76945.4, Diff: 0.2]
   [Code Root Fixup: 0.0 ms]
   [Code Root Migration: 0.0 ms]
   [Clear CT: 0.0 ms]
   [Other: 0.2 ms]
      [Choose CSet: 0.0 ms]
      [Ref Proc: 0.0 ms]
      [Ref Enq: 0.0 ms]
      [Free CSet: 0.1 ms]
   [Eden: 19.0M(19.0M)->0.0B(9216.0K) Survivors: 5120.0K->3072.0K Heap: 116.5M(256.0M)->112.5M(256.0M)]
 [Times: user=0.02 sys=0.00, real=0.01 secs] 
2014-07-10T16:13:45.977+0200: 76.960: [GC pause (mixed), 0.0141825 secs]
   [Parallel Time: 13.4 ms, GC Workers: 2]
      [GC Worker Start (ms): Min: 76960.4, Avg: 76962.8, Max: 76965.2, Diff: 4.8]
      [Ext Root Scanning (ms): Min: 0.0, Avg: 0.8, Max: 1.7, Diff: 1.6, Sum: 1.7]
      [Update RS (ms): Min: 0.0, Avg: 0.3, Max: 0.7, Diff: 0.7, Sum: 0.7]
         [Processed Buffers: Min: 0, Avg: 3.5, Max: 7, Diff: 7, Sum: 7]
      [Scan RS (ms): Min: 0.0, Avg: 0.1, Max: 0.3, Diff: 0.3, Sum: 0.3]
      [Code Root Scanning (ms): Min: 0.0, Avg: 0.1, Max: 0.1, Diff: 0.1, Sum: 0.1]
      [Object Copy (ms): Min: 8.0, Avg: 9.2, Max: 10.3, Diff: 2.3, Sum: 18.3]
      [Termination (ms): Min: 0.0, Avg: 0.1, Max: 0.2, Diff: 0.2, Sum: 0.2]
      [GC Worker Other (ms): Min: 0.0, Avg: 0.0, Max: 0.0, Diff: 0.0, Sum: 0.0]
      [GC Worker Total (ms): Min: 8.3, Avg: 10.7, Max: 13.1, Diff: 4.8, Sum: 21.3]
      [GC Worker End (ms): Min: 76973.4, Avg: 76973.4, Max: 76973.4, Diff: 0.0]
   [Code Root Fixup: 0.0 ms]
   [Code Root Migration: 0.0 ms]
   [Clear CT: 0.1 ms]
   [Other: 0.7 ms]
      [Choose CSet: 0.0 ms]
      [Ref Proc: 0.4 ms]
      [Ref Enq: 0.0 ms]
      [Free CSet: 0.2 ms]
   [Eden: 9216.0K(9216.0K)->0.0B(66.0M) Survivors: 3072.0K->2048.0K Heap: 121.5M(256.0M)->100.0M(256.0M)]
 [Times: user=0.00 sys=0.01, real=0.01 secs] 
2014-07-10T16:13:46.100+0200: 77.083: [GC pause (young), 0.0418298 secs]
   [Parallel Time: 41.2 ms, GC Workers: 2]
      [GC Worker Start (ms): Min: 77083.5, Avg: 77083.5, Max: 77083.5, Diff: 0.0]
      [Ext Root Scanning (ms): Min: 1.0, Avg: 1.0, Max: 1.0, Diff: 0.1, Sum: 2.0]
      [Update RS (ms): Min: 0.3, Avg: 0.4, Max: 0.5, Diff: 0.2, Sum: 0.9]
         [Processed Buffers: Min: 1, Avg: 3.5, Max: 6, Diff: 5, Sum: 7]
      [Scan RS (ms): Min: 0.1, Avg: 0.1, Max: 0.1, Diff: 0.1, Sum: 0.2]
      [Code Root Scanning (ms): Min: 0.0, Avg: 0.0, Max: 0.1, Diff: 0.0, Sum: 0.1]
      [Object Copy (ms): Min: 39.6, Avg: 39.6, Max: 39.6, Diff: 0.0, Sum: 79.2]
      [Termination (ms): Min: 0.0, Avg: 0.0, Max: 0.0, Diff: 0.0, Sum: 0.0]
      [GC Worker Other (ms): Min: 0.0, Avg: 0.0, Max: 0.0, Diff: 0.0, Sum: 0.1]
      [GC Worker Total (ms): Min: 41.2, Avg: 41.2, Max: 41.2, Diff: 0.0, Sum: 82.4]
      [GC Worker End (ms): Min: 77124.8, Avg: 77124.8, Max: 77124.8, Diff: 0.0]
   [Code Root Fixup: 0.0 ms]
   [Code Root Migration: 0.0 ms]
   [Clear CT: 0.1 ms]
   [Other: 0.5 ms]
      [Choose CSet: 0.0 ms]
      [Ref Proc: 0.2 ms]
      [Ref Enq: 0.0 ms]
      [Free CSet: 0.2 ms]
   [Eden: 66.0M(66.0M)->0.0B(33.0M) Survivors: 2048.0K->9216.0K Heap: 166.0M(256.0M)->163.5M(256.0M)]
 [Times: user=0.09 sys=0.00, real=0.04 secs] 
2014-07-10T16:13:46.196+0200: 77.179: [GC pause (young) (initial-mark), 0.0224624 secs]
   [Parallel Time: 22.0 ms, GC Workers: 2]
      [GC Worker Start (ms): Min: 77179.5, Avg: 77179.5, Max: 77179.6, Diff: 0.1]
      [Ext Root Scanning (ms): Min: 1.1, Avg: 1.1, Max: 1.2, Diff: 0.1, Sum: 2.2]
      [Code Root Marking (ms): Min: 0.1, Avg: 0.1, Max: 0.1, Diff: 0.0, Sum: 0.1]
      [Update RS (ms): Min: 0.9, Avg: 0.9, Max: 0.9, Diff: 0.0, Sum: 1.8]
         [Processed Buffers: Min: 4, Avg: 5.0, Max: 6, Diff: 2, Sum: 10]
      [Scan RS (ms): Min: 0.1, Avg: 0.1, Max: 0.1, Diff: 0.0, Sum: 0.1]
      [Code Root Scanning (ms): Min: 0.0, Avg: 0.0, Max: 0.0, Diff: 0.0, Sum: 0.0]
      [Object Copy (ms): Min: 19.7, Avg: 19.7, Max: 19.7, Diff: 0.0, Sum: 39.4]
      [Termination (ms): Min: 0.0, Avg: 0.0, Max: 0.0, Diff: 0.0, Sum: 0.0]
      [GC Worker Other (ms): Min: 0.0, Avg: 0.0, Max: 0.0, Diff: 0.0, Sum: 0.1]
      [GC Worker Total (ms): Min: 21.8, Avg: 21.9, Max: 21.9, Diff: 0.1, Sum: 43.8]
      [GC Worker End (ms): Min: 77201.4, Avg: 77201.4, Max: 77201.4, Diff: 0.0]
   [Code Root Fixup: 0.0 ms]
   [Code Root Migration: 0.0 ms]
   [Clear CT: 0.0 ms]
   [Other: 0.4 ms]
      [Choose CSet: 0.0 ms]
      [Ref Proc: 0.1 ms]
      [Ref Enq: 0.0 ms]
      [Free CSet: 0.1 ms]
   [Eden: 33.0M(33.0M)->0.0B(21.0M) Survivors: 9216.0K->6144.0K Heap: 196.5M(256.0M)->187.5M(256.0M)]
 [Times: user=0.06 sys=0.00, real=0.02 secs] 
2014-07-10T16:13:46.218+0200: 77.202: [GC concurrent-root-region-scan-start]
2014-07-10T16:13:46.219+0200: 77.202: [GC concurrent-root-region-scan-end, 0.0001038 secs]
2014-07-10T16:13:46.219+0200: 77.202: [GC concurrent-mark-start]
2014-07-10T16:13:46.222+0200: 77.205: [GC concurrent-mark-end, 0.0032296 secs]
2014-07-10T16:13:46.222+0200: 77.206: [GC remark 2014-07-10T16:13:46.222+0200: 77.206: [GC ref-proc, 0.0000664 secs], 0.0011340 secs]
 [Times: user=0.00 sys=0.00, real=0.00 secs] 
2014-07-10T16:13:46.224+0200: 77.207: [GC cleanup 190M->93M(256M), 0.0014621 secs]
 [Times: user=0.00 sys=0.00, real=0.00 secs] 
2014-07-10T16:13:46.225+0200: 77.209: [GC concurrent-cleanup-start]
2014-07-10T16:13:46.225+0200: 77.209: [GC concurrent-cleanup-end, 0.0002141 secs]
2014-07-10T16:13:46.254+0200: 77.237: [GC pause (young), 0.0146119 secs]
   [Parallel Time: 14.3 ms, GC Workers: 2]
      [GC Worker Start (ms): Min: 77237.4, Avg: 77237.4, Max: 77237.4, Diff: 0.0]
      [Ext Root Scanning (ms): Min: 1.0, Avg: 1.0, Max: 1.0, Diff: 0.1, Sum: 2.0]
      [Update RS (ms): Min: 0.5, Avg: 0.5, Max: 0.5, Diff: 0.0, Sum: 1.0]
         [Processed Buffers: Min: 2, Avg: 3.0, Max: 4, Diff: 2, Sum: 6]
      [Scan RS (ms): Min: 0.0, Avg: 0.0, Max: 0.0, Diff: 0.0, Sum: 0.1]
      [Code Root Scanning (ms): Min: 0.0, Avg: 0.0, Max: 0.0, Diff: 0.0, Sum: 0.0]
      [Object Copy (ms): Min: 12.7, Avg: 12.7, Max: 12.7, Diff: 0.0, Sum: 25.3]
      [Termination (ms): Min: 0.0, Avg: 0.0, Max: 0.0, Diff: 0.0, Sum: 0.0]
      [GC Worker Other (ms): Min: 0.0, Avg: 0.0, Max: 0.0, Diff: 0.0, Sum: 0.1]
      [GC Worker Total (ms): Min: 14.3, Avg: 14.3, Max: 14.3, Diff: 0.0, Sum: 28.5]
      [GC Worker End (ms): Min: 77251.6, Avg: 77251.6, Max: 77251.6, Diff: 0.0]
   [Code Root Fixup: 0.0 ms]
   [Code Root Migration: 0.0 ms]
   [Clear CT: 0.0 ms]
   [Other: 0.2 ms]
      [Choose CSet: 0.0 ms]
      [Ref Proc: 0.0 ms]
      [Ref Enq: 0.0 ms]
      [Free CSet: 0.1 ms]
   [Eden: 21.0M(21.0M)->0.0B(8192.0K) Survivors: 6144.0K->4096.0K Heap: 111.5M(256.0M)->106.5M(256.0M)]
 [Times: user=0.03 sys=0.00, real=0.01 secs] 
2014-07-10T16:13:46.280+0200: 77.264: [GC pause (mixed), 0.0074770 secs]
   [Parallel Time: 7.1 ms, GC Workers: 2]
      [GC Worker Start (ms): Min: 77263.7, Avg: 77263.7, Max: 77263.7, Diff: 0.0]
      [Ext Root Scanning (ms): Min: 1.1, Avg: 1.1, Max: 1.1, Diff: 0.0, Sum: 2.2]
      [Update RS (ms): Min: 0.3, Avg: 0.3, Max: 0.4, Diff: 0.1, Sum: 0.6]
         [Processed Buffers: Min: 2, Avg: 2.5, Max: 3, Diff: 1, Sum: 5]
      [Scan RS (ms): Min: 0.1, Avg: 0.1, Max: 0.1, Diff: 0.0, Sum: 0.2]
      [Code Root Scanning (ms): Min: 0.0, Avg: 0.0, Max: 0.0, Diff: 0.0, Sum: 0.0]
      [Object Copy (ms): Min: 5.5, Avg: 5.5, Max: 5.5, Diff: 0.0, Sum: 11.1]
      [Termination (ms): Min: 0.0, Avg: 0.0, Max: 0.0, Diff: 0.0, Sum: 0.0]
      [GC Worker Other (ms): Min: 0.0, Avg: 0.0, Max: 0.0, Diff: 0.0, Sum: 0.1]
      [GC Worker Total (ms): Min: 7.1, Avg: 7.1, Max: 7.1, Diff: 0.0, Sum: 14.2]
      [GC Worker End (ms): Min: 77270.8, Avg: 77270.8, Max: 77270.8, Diff: 0.0]
   [Code Root Fixup: 0.0 ms]
   [Code Root Migration: 0.0 ms]
   [Clear CT: 0.0 ms]
   [Other: 0.3 ms]
      [Choose CSet: 0.0 ms]
      [Ref Proc: 0.0 ms]
      [Ref Enq: 0.0 ms]
      [Free CSet: 0.1 ms]
   [Eden: 8192.0K(8192.0K)->0.0B(66.0M) Survivors: 4096.0K->2048.0K Heap: 114.5M(256.0M)->101.5M(256.0M)]
 [Times: user=0.00 sys=0.00, real=0.01 secs] 
2014-07-10T16:13:46.396+0200: 77.380: [GC pause (young), 0.0441993 secs]
   [Parallel Time: 43.7 ms, GC Workers: 2]
      [GC Worker Start (ms): Min: 77379.7, Avg: 77379.7, Max: 77379.7, Diff: 0.0]
      [Ext Root Scanning (ms): Min: 1.1, Avg: 1.2, Max: 1.2, Diff: 0.0, Sum: 2.3]
      [Update RS (ms): Min: 0.4, Avg: 0.4, Max: 0.4, Diff: 0.0, Sum: 0.8]
         [Processed Buffers: Min: 2, Avg: 3.0, Max: 4, Diff: 2, Sum: 6]
      [Scan RS (ms): Min: 0.1, Avg: 0.1, Max: 0.1, Diff: 0.0, Sum: 0.2]
      [Code Root Scanning (ms): Min: 0.0, Avg: 0.0, Max: 0.0, Diff: 0.0, Sum: 0.1]
      [Object Copy (ms): Min: 41.9, Avg: 41.9, Max: 41.9, Diff: 0.0, Sum: 83.9]
      [Termination (ms): Min: 0.0, Avg: 0.0, Max: 0.0, Diff: 0.0, Sum: 0.0]
      [GC Worker Other (ms): Min: 0.0, Avg: 0.0, Max: 0.0, Diff: 0.0, Sum: 0.1]
      [GC Worker Total (ms): Min: 43.7, Avg: 43.7, Max: 43.7, Diff: 0.0, Sum: 87.4]
      [GC Worker End (ms): Min: 77423.4, Avg: 77423.4, Max: 77423.4, Diff: 0.0]
   [Code Root Fixup: 0.0 ms]
   [Code Root Migration: 0.0 ms]
   [Clear CT: 0.1 ms]
   [Other: 0.4 ms]
      [Choose CSet: 0.0 ms]
      [Ref Proc: 0.0 ms]
      [Ref Enq: 0.0 ms]
      [Free CSet: 0.1 ms]
   [Eden: 66.0M(66.0M)->0.0B(26.0M) Survivors: 2048.0K->9216.0K Heap: 167.5M(256.0M)->176.5M(256.0M)]
 [Times: user=0.09 sys=0.00, real=0.04 secs] 
2014-07-10T16:13:46.483+0200: 77.466: [GC pause (young) (initial-mark), 0.0182957 secs]
   [Parallel Time: 17.7 ms, GC Workers: 2]
      [GC Worker Start (ms): Min: 77466.6, Avg: 77466.6, Max: 77466.6, Diff: 0.0]
      [Ext Root Scanning (ms): Min: 1.0, Avg: 1.1, Max: 1.1, Diff: 0.0, Sum: 2.1]
      [Code Root Marking (ms): Min: 0.1, Avg: 0.1, Max: 0.1, Diff: 0.0, Sum: 0.1]
      [Update RS (ms): Min: 0.9, Avg: 0.9, Max: 0.9, Diff: 0.0, Sum: 1.8]
         [Processed Buffers: Min: 4, Avg: 5.0, Max: 6, Diff: 2, Sum: 10]
      [Scan RS (ms): Min: 0.0, Avg: 0.0, Max: 0.1, Diff: 0.0, Sum: 0.1]
      [Code Root Scanning (ms): Min: 0.0, Avg: 0.0, Max: 0.0, Diff: 0.0, Sum: 0.0]
      [Object Copy (ms): Min: 15.6, Avg: 15.6, Max: 15.6, Diff: 0.0, Sum: 31.2]
      [Termination (ms): Min: 0.0, Avg: 0.0, Max: 0.0, Diff: 0.0, Sum: 0.0]
      [GC Worker Other (ms): Min: 0.0, Avg: 0.0, Max: 0.0, Diff: 0.0, Sum: 0.1]
      [GC Worker Total (ms): Min: 17.7, Avg: 17.7, Max: 17.7, Diff: 0.0, Sum: 35.4]
      [GC Worker End (ms): Min: 77484.3, Avg: 77484.3, Max: 77484.3, Diff: 0.0]
   [Code Root Fixup: 0.0 ms]
   [Code Root Migration: 0.0 ms]
   [Clear CT: 0.0 ms]
   [Other: 0.5 ms]
      [Choose CSet: 0.0 ms]
      [Ref Proc: 0.1 ms]
      [Ref Enq: 0.0 ms]
      [Free CSet: 0.1 ms]
   [Eden: 26.0M(26.0M)->0.0B(17.0M) Survivors: 9216.0K->5120.0K Heap: 202.5M(256.0M)->194.0M(256.0M)]
 [Times: user=0.03 sys=0.00, real=0.02 secs] 
2014-07-10T16:13:46.501+0200: 77.485: [GC concurrent-root-region-scan-start]
2014-07-10T16:13:46.501+0200: 77.485: [GC concurrent-root-region-scan-end, 0.0000946 secs]
2014-07-10T16:13:46.501+0200: 77.485: [GC concurrent-mark-start]
2014-07-10T16:13:46.505+0200: 77.489: [GC concurrent-mark-end, 0.0035706 secs]
2014-07-10T16:13:46.505+0200: 77.489: [GC remark 2014-07-10T16:13:46.505+0200: 77.489: [GC ref-proc, 0.0000649 secs], 0.0011340 secs]
 [Times: user=0.00 sys=0.00, real=0.00 secs] 
2014-07-10T16:13:46.507+0200: 77.490: [GC cleanup 196M->86M(256M), 0.0008990 secs]
 [Times: user=0.00 sys=0.00, real=0.00 secs] 
2014-07-10T16:13:46.508+0200: 77.491: [GC concurrent-cleanup-start]
2014-07-10T16:13:46.508+0200: 77.492: [GC concurrent-cleanup-end, 0.0001906 secs]
2014-07-10T16:13:46.531+0200: 77.514: [GC pause (young), 0.0122149 secs]
   [Parallel Time: 11.9 ms, GC Workers: 2]
      [GC Worker Start (ms): Min: 77514.5, Avg: 77514.5, Max: 77514.5, Diff: 0.0]
      [Ext Root Scanning (ms): Min: 1.1, Avg: 1.2, Max: 1.2, Diff: 0.0, Sum: 2.3]
      [Update RS (ms): Min: 0.4, Avg: 0.4, Max: 0.4, Diff: 0.1, Sum: 0.8]
         [Processed Buffers: Min: 2, Avg: 3.5, Max: 5, Diff: 3, Sum: 7]
      [Scan RS (ms): Min: 0.0, Avg: 0.0, Max: 0.0, Diff: 0.0, Sum: 0.1]
      [Code Root Scanning (ms): Min: 0.0, Avg: 0.0, Max: 0.0, Diff: 0.0, Sum: 0.0]
      [Object Copy (ms): Min: 10.2, Avg: 10.2, Max: 10.2, Diff: 0.0, Sum: 20.3]
      [Termination (ms): Min: 0.0, Avg: 0.0, Max: 0.0, Diff: 0.0, Sum: 0.0]
      [GC Worker Other (ms): Min: 0.0, Avg: 0.0, Max: 0.0, Diff: 0.0, Sum: 0.1]
      [GC Worker Total (ms): Min: 11.8, Avg: 11.8, Max: 11.8, Diff: 0.0, Sum: 23.7]
      [GC Worker End (ms): Min: 77526.3, Avg: 77526.3, Max: 77526.3, Diff: 0.0]
   [Code Root Fixup: 0.0 ms]
   [Code Root Migration: 0.0 ms]
   [Clear CT: 0.0 ms]
   [Other: 0.3 ms]
      [Choose CSet: 0.0 ms]
      [Ref Proc: 0.1 ms]
      [Ref Enq: 0.0 ms]
      [Free CSet: 0.1 ms]
   [Eden: 17.0M(17.0M)->0.0B(9216.0K) Survivors: 5120.0K->3072.0K Heap: 101.0M(256.0M)->97.5M(256.0M)]
 [Times: user=0.03 sys=0.00, real=0.01 secs] 
2014-07-10T16:13:46.556+0200: 77.540: [GC pause (mixed), 0.0091594 secs]
   [Parallel Time: 8.8 ms, GC Workers: 2]
      [GC Worker Start (ms): Min: 77539.6, Avg: 77539.6, Max: 77539.6, Diff: 0.0]
      [Ext Root Scanning (ms): Min: 1.1, Avg: 1.2, Max: 1.2, Diff: 0.1, Sum: 2.3]
      [Update RS (ms): Min: 0.3, Avg: 0.3, Max: 0.3, Diff: 0.0, Sum: 0.6]
         [Processed Buffers: Min: 1, Avg: 2.0, Max: 3, Diff: 2, Sum: 4]
      [Scan RS (ms): Min: 0.0, Avg: 0.1, Max: 0.1, Diff: 0.1, Sum: 0.1]
      [Code Root Scanning (ms): Min: 0.0, Avg: 0.0, Max: 0.0, Diff: 0.0, Sum: 0.0]
      [Object Copy (ms): Min: 7.3, Avg: 7.3, Max: 7.3, Diff: 0.0, Sum: 14.5]
      [Termination (ms): Min: 0.0, Avg: 0.0, Max: 0.0, Diff: 0.0, Sum: 0.0]
      [GC Worker Other (ms): Min: 0.0, Avg: 0.0, Max: 0.0, Diff: 0.0, Sum: 0.1]
      [GC Worker Total (ms): Min: 8.8, Avg: 8.8, Max: 8.8, Diff: 0.0, Sum: 17.6]
      [GC Worker End (ms): Min: 77548.4, Avg: 77548.4, Max: 77548.4, Diff: 0.0]
   [Code Root Fixup: 0.0 ms]
   [Code Root Migration: 0.0 ms]
   [Clear CT: 0.0 ms]
   [Other: 0.3 ms]
      [Choose CSet: 0.0 ms]
      [Ref Proc: 0.0 ms]
      [Ref Enq: 0.0 ms]
      [Free CSet: 0.1 ms]
   [Eden: 9216.0K(9216.0K)->0.0B(66.0M) Survivors: 3072.0K->2048.0K Heap: 106.5M(256.0M)->98.5M(256.0M)]
 [Times: user=0.03 sys=0.00, real=0.01 secs] 
2014-07-10T16:13:46.677+0200: 77.660: [GC pause (young), 0.0441098 secs]
   [Parallel Time: 43.7 ms, GC Workers: 2]
      [GC Worker Start (ms): Min: 77660.4, Avg: 77660.4, Max: 77660.4, Diff: 0.0]
      [Ext Root Scanning (ms): Min: 1.0, Avg: 1.1, Max: 1.1, Diff: 0.1, Sum: 2.1]
      [Update RS (ms): Min: 0.3, Avg: 0.4, Max: 0.5, Diff: 0.2, Sum: 0.8]
         [Processed Buffers: Min: 2, Avg: 2.5, Max: 3, Diff: 1, Sum: 5]
      [Scan RS (ms): Min: 0.1, Avg: 0.1, Max: 0.1, Diff: 0.0, Sum: 0.2]
      [Code Root Scanning (ms): Min: 0.0, Avg: 0.0, Max: 0.1, Diff: 0.0, Sum: 0.1]
      [Object Copy (ms): Min: 42.0, Avg: 42.0, Max: 42.0, Diff: 0.0, Sum: 84.0]
      [Termination (ms): Min: 0.0, Avg: 0.0, Max: 0.0, Diff: 0.0, Sum: 0.0]
      [GC Worker Other (ms): Min: 0.0, Avg: 0.0, Max: 0.0, Diff: 0.0, Sum: 0.1]
      [GC Worker Total (ms): Min: 43.6, Avg: 43.6, Max: 43.6, Diff: 0.0, Sum: 87.3]
      [GC Worker End (ms): Min: 77704.0, Avg: 77704.0, Max: 77704.0, Diff: 0.0]
   [Code Root Fixup: 0.0 ms]
   [Code Root Migration: 0.0 ms]
   [Clear CT: 0.1 ms]
   [Other: 0.4 ms]
      [Choose CSet: 0.0 ms]
      [Ref Proc: 0.0 ms]
      [Ref Enq: 0.0 ms]
      [Free CSet: 0.1 ms]
   [Eden: 66.0M(66.0M)->0.0B(31.0M) Survivors: 2048.0K->9216.0K Heap: 164.5M(256.0M)->167.5M(256.0M)]
 [Times: user=0.09 sys=0.00, real=0.04 secs] 
2014-07-10T16:13:46.772+0200: 77.755: [GC pause (young) (initial-mark), 0.0220877 secs]
   [Parallel Time: 21.7 ms, GC Workers: 2]
      [GC Worker Start (ms): Min: 77755.4, Avg: 77755.4, Max: 77755.4, Diff: 0.0]
      [Ext Root Scanning (ms): Min: 0.9, Avg: 1.0, Max: 1.0, Diff: 0.0, Sum: 1.9]
      [Code Root Marking (ms): Min: 0.0, Avg: 0.1, Max: 0.1, Diff: 0.0, Sum: 0.1]
      [Update RS (ms): Min: 0.9, Avg: 0.9, Max: 0.9, Diff: 0.0, Sum: 1.8]
         [Processed Buffers: Min: 4, Avg: 4.5, Max: 5, Diff: 1, Sum: 9]
      [Scan RS (ms): Min: 0.0, Avg: 0.0, Max: 0.1, Diff: 0.0, Sum: 0.1]
      [Code Root Scanning (ms): Min: 0.0, Avg: 0.0, Max: 0.0, Diff: 0.0, Sum: 0.1]
      [Object Copy (ms): Min: 19.5, Avg: 19.6, Max: 19.6, Diff: 0.1, Sum: 39.2]
      [Termination (ms): Min: 0.0, Avg: 0.0, Max: 0.0, Diff: 0.0, Sum: 0.0]
      [GC Worker Other (ms): Min: 0.0, Avg: 0.0, Max: 0.0, Diff: 0.0, Sum: 0.1]
      [GC Worker Total (ms): Min: 21.6, Avg: 21.6, Max: 21.6, Diff: 0.0, Sum: 43.2]
      [GC Worker End (ms): Min: 77777.0, Avg: 77777.0, Max: 77777.0, Diff: 0.0]
   [Code Root Fixup: 0.0 ms]
   [Code Root Migration: 0.0 ms]
   [Clear CT: 0.0 ms]
   [Other: 0.3 ms]
      [Choose CSet: 0.0 ms]
      [Ref Proc: 0.1 ms]
      [Ref Enq: 0.0 ms]
      [Free CSet: 0.1 ms]
   [Eden: 31.0M(31.0M)->0.0B(19.0M) Survivors: 9216.0K->5120.0K Heap: 198.5M(256.0M)->190.0M(256.0M)]
 [Times: user=0.05 sys=0.00, real=0.02 secs] 
2014-07-10T16:13:46.794+0200: 77.778: [GC concurrent-root-region-scan-start]
2014-07-10T16:13:46.794+0200: 77.778: [GC concurrent-root-region-scan-end, 0.0000924 secs]
2014-07-10T16:13:46.794+0200: 77.778: [GC concurrent-mark-start]
2014-07-10T16:13:46.798+0200: 77.782: [GC concurrent-mark-end, 0.0042371 secs]
2014-07-10T16:13:46.799+0200: 77.782: [GC remark 2014-07-10T16:13:46.799+0200: 77.782: [GC ref-proc, 0.0000708 secs], 0.0011369 secs]
 [Times: user=0.00 sys=0.00, real=0.00 secs] 
2014-07-10T16:13:46.800+0200: 77.784: [GC cleanup 194M->96M(256M), 0.0007739 secs]
 [Times: user=0.00 sys=0.00, real=0.00 secs] 
2014-07-10T16:13:46.801+0200: 77.785: [GC concurrent-cleanup-start]
2014-07-10T16:13:46.801+0200: 77.785: [GC concurrent-cleanup-end, 0.0002053 secs]
2014-07-10T16:13:46.823+0200: 77.807: [GC pause (young), 0.0132242 secs]
   [Parallel Time: 12.9 ms, GC Workers: 2]
      [GC Worker Start (ms): Min: 77806.6, Avg: 77806.6, Max: 77806.6, Diff: 0.0]
      [Ext Root Scanning (ms): Min: 1.1, Avg: 1.1, Max: 1.2, Diff: 0.0, Sum: 2.3]
      [Update RS (ms): Min: 0.5, Avg: 0.5, Max: 0.5, Diff: 0.0, Sum: 1.1]
         [Processed Buffers: Min: 2, Avg: 2.5, Max: 3, Diff: 1, Sum: 5]
      [Scan RS (ms): Min: 0.0, Avg: 0.0, Max: 0.0, Diff: 0.0, Sum: 0.1]
      [Code Root Scanning (ms): Min: 0.0, Avg: 0.0, Max: 0.0, Diff: 0.0, Sum: 0.0]
      [Object Copy (ms): Min: 11.1, Avg: 11.1, Max: 11.1, Diff: 0.0, Sum: 22.3]
      [Termination (ms): Min: 0.0, Avg: 0.0, Max: 0.0, Diff: 0.0, Sum: 0.0]
      [GC Worker Other (ms): Min: 0.0, Avg: 0.0, Max: 0.0, Diff: 0.0, Sum: 0.1]
      [GC Worker Total (ms): Min: 12.9, Avg: 12.9, Max: 12.9, Diff: 0.0, Sum: 25.8]
      [GC Worker End (ms): Min: 77819.5, Avg: 77819.5, Max: 77819.5, Diff: 0.0]
   [Code Root Fixup: 0.0 ms]
   [Code Root Migration: 0.0 ms]
   [Clear CT: 0.0 ms]
   [Other: 0.2 ms]
      [Choose CSet: 0.0 ms]
      [Ref Proc: 0.0 ms]
      [Ref Enq: 0.0 ms]
      [Free CSet: 0.1 ms]
   [Eden: 19.0M(19.0M)->0.0B(9216.0K) Survivors: 5120.0K->3072.0K Heap: 111.0M(256.0M)->107.0M(256.0M)]
 [Times: user=0.00 sys=0.00, real=0.01 secs] 
2014-07-10T16:13:46.850+0200: 77.833: [GC pause (mixed), 0.0101269 secs]
   [Parallel Time: 9.7 ms, GC Workers: 2]
      [GC Worker Start (ms): Min: 77833.5, Avg: 77833.5, Max: 77833.5, Diff: 0.0]
      [Ext Root Scanning (ms): Min: 1.0, Avg: 1.0, Max: 1.1, Diff: 0.1, Sum: 2.1]
      [Update RS (ms): Min: 0.3, Avg: 0.3, Max: 0.4, Diff: 0.1, Sum: 0.6]
         [Processed Buffers: Min: 2, Avg: 3.0, Max: 4, Diff: 2, Sum: 6]
      [Scan RS (ms): Min: 0.1, Avg: 0.1, Max: 0.1, Diff: 0.0, Sum: 0.2]
      [Code Root Scanning (ms): Min: 0.0, Avg: 0.0, Max: 0.0, Diff: 0.0, Sum: 0.0]
      [Object Copy (ms): Min: 8.2, Avg: 8.2, Max: 8.2, Diff: 0.0, Sum: 16.3]
      [Termination (ms): Min: 0.0, Avg: 0.0, Max: 0.0, Diff: 0.0, Sum: 0.0]
      [GC Worker Other (ms): Min: 0.0, Avg: 0.0, Max: 0.0, Diff: 0.0, Sum: 0.1]
      [GC Worker Total (ms): Min: 9.6, Avg: 9.6, Max: 9.6, Diff: 0.0, Sum: 19.3]
      [GC Worker End (ms): Min: 77843.1, Avg: 77843.1, Max: 77843.1, Diff: 0.0]
   [Code Root Fixup: 0.0 ms]
   [Code Root Migration: 0.0 ms]
   [Clear CT: 0.1 ms]
   [Other: 0.4 ms]
      [Choose CSet: 0.0 ms]
      [Ref Proc: 0.1 ms]
      [Ref Enq: 0.0 ms]
      [Free CSet: 0.1 ms]
   [Eden: 9216.0K(9216.0K)->0.0B(66.0M) Survivors: 3072.0K->2048.0K Heap: 116.0M(256.0M)->106.5M(256.0M)]
 [Times: user=0.03 sys=0.00, real=0.01 secs] 
2014-07-10T16:13:46.970+0200: 77.953: [GC pause (young), 0.0446007 secs]
   [Parallel Time: 43.9 ms, GC Workers: 2]
      [GC Worker Start (ms): Min: 77953.5, Avg: 77953.5, Max: 77953.5, Diff: 0.0]
      [Ext Root Scanning (ms): Min: 1.1, Avg: 1.1, Max: 1.1, Diff: 0.0, Sum: 2.2]
      [Update RS (ms): Min: 0.4, Avg: 0.4, Max: 0.4, Diff: 0.1, Sum: 0.8]
         [Processed Buffers: Min: 1, Avg: 3.0, Max: 5, Diff: 4, Sum: 6]
      [Scan RS (ms): Min: 0.1, Avg: 0.1, Max: 0.1, Diff: 0.0, Sum: 0.2]
      [Code Root Scanning (ms): Min: 0.1, Avg: 0.1, Max: 0.1, Diff: 0.0, Sum: 0.1]
      [Object Copy (ms): Min: 42.2, Avg: 42.2, Max: 42.2, Diff: 0.0, Sum: 84.4]
      [Termination (ms): Min: 0.0, Avg: 0.0, Max: 0.0, Diff: 0.0, Sum: 0.0]
      [GC Worker Other (ms): Min: 0.0, Avg: 0.0, Max: 0.0, Diff: 0.0, Sum: 0.1]
      [GC Worker Total (ms): Min: 43.9, Avg: 43.9, Max: 43.9, Diff: 0.0, Sum: 87.8]
      [GC Worker End (ms): Min: 77997.4, Avg: 77997.4, Max: 77997.4, Diff: 0.0]
   [Code Root Fixup: 0.0 ms]
   [Code Root Migration: 0.0 ms]
   [Clear CT: 0.1 ms]
   [Other: 0.6 ms]
      [Choose CSet: 0.0 ms]
      [Ref Proc: 0.3 ms]
      [Ref Enq: 0.0 ms]
      [Free CSet: 0.1 ms]
   [Eden: 66.0M(66.0M)->0.0B(25.0M) Survivors: 2048.0K->9216.0K Heap: 172.5M(256.0M)->179.5M(256.0M)]
 [Times: user=0.08 sys=0.00, real=0.05 secs] 
2014-07-10T16:13:47.054+0200: 78.038: [GC pause (young) (initial-mark), 0.0173344 secs]
   [Parallel Time: 17.0 ms, GC Workers: 2]
      [GC Worker Start (ms): Min: 78037.7, Avg: 78037.8, Max: 78037.8, Diff: 0.0]
      [Ext Root Scanning (ms): Min: 1.1, Avg: 1.2, Max: 1.2, Diff: 0.0, Sum: 2.3]
      [Code Root Marking (ms): Min: 0.1, Avg: 0.1, Max: 0.1, Diff: 0.0, Sum: 0.1]
      [Update RS (ms): Min: 1.1, Avg: 1.1, Max: 1.1, Diff: 0.0, Sum: 2.2]
         [Processed Buffers: Min: 4, Avg: 4.5, Max: 5, Diff: 1, Sum: 9]
      [Scan RS (ms): Min: 0.0, Avg: 0.0, Max: 0.1, Diff: 0.0, Sum: 0.1]
      [Code Root Scanning (ms): Min: 0.0, Avg: 0.0, Max: 0.0, Diff: 0.0, Sum: 0.0]
      [Object Copy (ms): Min: 14.5, Avg: 14.5, Max: 14.5, Diff: 0.0, Sum: 29.0]
      [Termination (ms): Min: 0.0, Avg: 0.0, Max: 0.0, Diff: 0.0, Sum: 0.0]
      [GC Worker Other (ms): Min: 0.0, Avg: 0.0, Max: 0.0, Diff: 0.0, Sum: 0.1]
      [GC Worker Total (ms): Min: 16.9, Avg: 16.9, Max: 16.9, Diff: 0.0, Sum: 33.9]
      [GC Worker End (ms): Min: 78054.7, Avg: 78054.7, Max: 78054.7, Diff: 0.0]
   [Code Root Fixup: 0.0 ms]
   [Code Root Migration: 0.0 ms]
   [Clear CT: 0.0 ms]
   [Other: 0.3 ms]
      [Choose CSet: 0.0 ms]
      [Ref Proc: 0.0 ms]
      [Ref Enq: 0.0 ms]
      [Free CSet: 0.1 ms]
   [Eden: 25.0M(25.0M)->0.0B(17.0M) Survivors: 9216.0K->5120.0K Heap: 204.5M(256.0M)->195.0M(256.0M)]
 [Times: user=0.03 sys=0.02, real=0.02 secs] 
2014-07-10T16:13:47.072+0200: 78.055: [GC concurrent-root-region-scan-start]
2014-07-10T16:13:47.072+0200: 78.055: [GC concurrent-root-region-scan-end, 0.0000895 secs]
2014-07-10T16:13:47.072+0200: 78.055: [GC concurrent-mark-start]
2014-07-10T16:13:47.076+0200: 78.059: [GC concurrent-mark-end, 0.0033990 secs]
2014-07-10T16:13:47.078+0200: 78.062: [GC remark 2014-07-10T16:13:47.078+0200: 78.062: [GC ref-proc, 0.0000763 secs], 0.0010240 secs]
 [Times: user=0.00 sys=0.00, real=0.00 secs] 
2014-07-10T16:13:47.081+0200: 78.065: [GC cleanup 200M->94M(256M), 0.0012645 secs]
 [Times: user=0.00 sys=0.00, real=0.00 secs] 
2014-07-10T16:13:47.082+0200: 78.066: [GC concurrent-cleanup-start]
2014-07-10T16:13:47.082+0200: 78.066: [GC concurrent-cleanup-end, 0.0001844 secs]
2014-07-10T16:13:47.101+0200: 78.085: [GC pause (young), 0.0125789 secs]
   [Parallel Time: 11.9 ms, GC Workers: 2]
      [GC Worker Start (ms): Min: 78084.6, Avg: 78086.8, Max: 78089.1, Diff: 4.5]
      [Ext Root Scanning (ms): Min: 0.0, Avg: 0.8, Max: 1.6, Diff: 1.6, Sum: 1.7]
      [Update RS (ms): Min: 0.0, Avg: 0.4, Max: 0.7, Diff: 0.7, Sum: 0.7]
         [Processed Buffers: Min: 0, Avg: 3.0, Max: 6, Diff: 6, Sum: 6]
      [Scan RS (ms): Min: 0.0, Avg: 0.0, Max: 0.1, Diff: 0.1, Sum: 0.1]
      [Code Root Scanning (ms): Min: 0.0, Avg: 0.0, Max: 0.0, Diff: 0.0, Sum: 0.0]
      [Object Copy (ms): Min: 7.3, Avg: 8.4, Max: 9.4, Diff: 2.1, Sum: 16.7]
      [Termination (ms): Min: 0.0, Avg: 0.0, Max: 0.0, Diff: 0.0, Sum: 0.0]
      [GC Worker Other (ms): Min: 0.0, Avg: 0.0, Max: 0.0, Diff: 0.0, Sum: 0.1]
      [GC Worker Total (ms): Min: 7.4, Avg: 9.7, Max: 11.9, Diff: 4.5, Sum: 19.3]
      [GC Worker End (ms): Min: 78096.5, Avg: 78096.5, Max: 78096.5, Diff: 0.0]
   [Code Root Fixup: 0.0 ms]
   [Code Root Migration: 0.0 ms]
   [Clear CT: 0.0 ms]
   [Other: 0.6 ms]
      [Choose CSet: 0.0 ms]
      [Ref Proc: 0.4 ms]
      [Ref Enq: 0.0 ms]
      [Free CSet: 0.1 ms]
   [Eden: 17.0M(17.0M)->0.0B(9216.0K) Survivors: 5120.0K->3072.0K Heap: 106.0M(256.0M)->100.5M(256.0M)]
 [Times: user=0.02 sys=0.00, real=0.01 secs] 
2014-07-10T16:13:47.128+0200: 78.112: [GC pause (mixed), 0.0103821 secs]
   [Parallel Time: 9.9 ms, GC Workers: 2]
      [GC Worker Start (ms): Min: 78111.6, Avg: 78111.7, Max: 78111.7, Diff: 0.0]
      [Ext Root Scanning (ms): Min: 1.1, Avg: 1.1, Max: 1.2, Diff: 0.1, Sum: 2.3]
      [Update RS (ms): Min: 0.3, Avg: 0.3, Max: 0.3, Diff: 0.0, Sum: 0.6]
         [Processed Buffers: Min: 1, Avg: 2.5, Max: 4, Diff: 3, Sum: 5]
      [Scan RS (ms): Min: 0.2, Avg: 0.8, Max: 1.4, Diff: 1.2, Sum: 1.6]
      [Code Root Scanning (ms): Min: 0.0, Avg: 0.0, Max: 0.0, Diff: 0.0, Sum: 0.0]
      [Object Copy (ms): Min: 7.0, Avg: 7.6, Max: 8.2, Diff: 1.2, Sum: 15.2]
      [Termination (ms): Min: 0.0, Avg: 0.0, Max: 0.0, Diff: 0.0, Sum: 0.0]
      [GC Worker Other (ms): Min: 0.0, Avg: 0.0, Max: 0.0, Diff: 0.0, Sum: 0.1]
      [GC Worker Total (ms): Min: 9.8, Avg: 9.8, Max: 9.8, Diff: 0.0, Sum: 19.7]
      [GC Worker End (ms): Min: 78121.5, Avg: 78121.5, Max: 78121.5, Diff: 0.0]
   [Code Root Fixup: 0.0 ms]
   [Code Root Migration: 0.0 ms]
   [Clear CT: 0.1 ms]
   [Other: 0.4 ms]
      [Choose CSet: 0.0 ms]
      [Ref Proc: 0.1 ms]
      [Ref Enq: 0.0 ms]
      [Free CSet: 0.1 ms]
   [Eden: 9216.0K(9216.0K)->0.0B(80.0M) Survivors: 3072.0K->2048.0K Heap: 109.5M(256.0M)->94.5M(256.0M)]
 [Times: user=0.03 sys=0.00, real=0.01 secs] 
2014-07-10T16:13:47.272+0200: 78.256: [GC pause (young) (to-space exhausted), 0.0501438 secs]
   [Parallel Time: 48.8 ms, GC Workers: 2]
      [GC Worker Start (ms): Min: 78255.6, Avg: 78255.6, Max: 78255.6, Diff: 0.0]
      [Ext Root Scanning (ms): Min: 1.2, Avg: 1.2, Max: 1.2, Diff: 0.0, Sum: 2.3]
      [Update RS (ms): Min: 0.4, Avg: 0.5, Max: 0.5, Diff: 0.0, Sum: 0.9]
         [Processed Buffers: Min: 1, Avg: 3.0, Max: 5, Diff: 4, Sum: 6]
      [Scan RS (ms): Min: 0.1, Avg: 0.1, Max: 0.1, Diff: 0.0, Sum: 0.2]
      [Code Root Scanning (ms): Min: 0.1, Avg: 0.1, Max: 0.1, Diff: 0.0, Sum: 0.1]
      [Object Copy (ms): Min: 46.9, Avg: 47.0, Max: 47.0, Diff: 0.0, Sum: 93.9]
      [Termination (ms): Min: 0.0, Avg: 0.0, Max: 0.0, Diff: 0.0, Sum: 0.0]
      [GC Worker Other (ms): Min: 0.0, Avg: 0.0, Max: 0.0, Diff: 0.0, Sum: 0.0]
      [GC Worker Total (ms): Min: 48.8, Avg: 48.8, Max: 48.8, Diff: 0.0, Sum: 97.5]
      [GC Worker End (ms): Min: 78304.3, Avg: 78304.3, Max: 78304.3, Diff: 0.0]
   [Code Root Fixup: 0.0 ms]
   [Code Root Migration: 0.0 ms]
   [Clear CT: 0.1 ms]
   [Other: 1.2 ms]
      [Choose CSet: 0.0 ms]
      [Ref Proc: 0.0 ms]
      [Ref Enq: 0.0 ms]
      [Free CSet: 0.1 ms]
   [Eden: 80.0M(80.0M)->0.0B(1024.0K) Survivors: 2048.0K->11.0M Heap: 174.5M(256.0M)->247.5M(256.0M)]
 [Times: user=0.09 sys=0.00, real=0.05 secs] 
2014-07-10T16:13:47.324+0200: 78.308: [GC pause (young) (initial-mark), 0.0025356 secs]
   [Parallel Time: 2.3 ms, GC Workers: 2]
      [GC Worker Start (ms): Min: 78308.2, Avg: 78308.2, Max: 78308.2, Diff: 0.0]
      [Ext Root Scanning (ms): Min: 0.9, Avg: 0.9, Max: 0.9, Diff: 0.0, Sum: 1.8]
      [Code Root Marking (ms): Min: 0.0, Avg: 0.0, Max: 0.1, Diff: 0.0, Sum: 0.1]
      [Update RS (ms): Min: 1.0, Avg: 1.0, Max: 1.0, Diff: 0.0, Sum: 1.9]
         [Processed Buffers: Min: 5, Avg: 7.0, Max: 9, Diff: 4, Sum: 14]
      [Scan RS (ms): Min: 0.0, Avg: 0.0, Max: 0.0, Diff: 0.0, Sum: 0.0]
      [Code Root Scanning (ms): Min: 0.0, Avg: 0.0, Max: 0.0, Diff: 0.0, Sum: 0.0]
      [Object Copy (ms): Min: 0.3, Avg: 0.4, Max: 0.4, Diff: 0.0, Sum: 0.7]
      [Termination (ms): Min: 0.0, Avg: 0.0, Max: 0.0, Diff: 0.0, Sum: 0.0]
      [GC Worker Other (ms): Min: 0.0, Avg: 0.0, Max: 0.0, Diff: 0.0, Sum: 0.0]
      [GC Worker Total (ms): Min: 2.3, Avg: 2.3, Max: 2.3, Diff: 0.0, Sum: 4.7]
      [GC Worker End (ms): Min: 78310.5, Avg: 78310.5, Max: 78310.5, Diff: 0.0]
   [Code Root Fixup: 0.0 ms]
   [Code Root Migration: 0.0 ms]
   [Clear CT: 0.0 ms]
   [Other: 0.2 ms]
      [Choose CSet: 0.0 ms]
      [Ref Proc: 0.0 ms]
      [Ref Enq: 0.0 ms]
      [Free CSet: 0.0 ms]
   [Eden: 1024.0K(1024.0K)->0.0B(11.0M) Survivors: 11.0M->1024.0K Heap: 248.5M(256.0M)->237.5M(256.0M)]
 [Times: user=0.00 sys=0.00, real=0.00 secs] 
2014-07-10T16:13:47.327+0200: 78.311: [GC concurrent-root-region-scan-start]
2014-07-10T16:13:47.327+0200: 78.311: [GC concurrent-root-region-scan-end, 0.0000297 secs]
2014-07-10T16:13:47.327+0200: 78.311: [GC concurrent-mark-start]
2014-07-10T16:13:47.331+0200: 78.315: [GC concurrent-mark-end, 0.0039101 secs]
2014-07-10T16:13:47.332+0200: 78.315: [GC remark 2014-07-10T16:13:47.333+0200: 78.316: [GC ref-proc, 0.0001302 secs], 0.0018218 secs]
 [Times: user=0.00 sys=0.00, real=0.00 secs] 
2014-07-10T16:13:47.334+0200: 78.317: [GC cleanup 241M->66M(256M), 0.0012744 secs]
 [Times: user=0.00 sys=0.00, real=0.00 secs] 
2014-07-10T16:13:47.335+0200: 78.319: [GC concurrent-cleanup-start]
2014-07-10T16:13:47.336+0200: 78.319: [GC concurrent-cleanup-end, 0.0003956 secs]
2014-07-10T16:13:47.344+0200: 78.328: [GC pause (young), 0.0086377 secs]
   [Parallel Time: 8.3 ms, GC Workers: 2]
      [GC Worker Start (ms): Min: 78327.8, Avg: 78327.8, Max: 78327.8, Diff: 0.0]
      [Ext Root Scanning (ms): Min: 1.2, Avg: 1.2, Max: 1.3, Diff: 0.1, Sum: 2.5]
      [Update RS (ms): Min: 0.1, Avg: 0.3, Max: 0.5, Diff: 0.4, Sum: 0.6]
         [Processed Buffers: Min: 2, Avg: 3.5, Max: 5, Diff: 3, Sum: 7]
      [Scan RS (ms): Min: 0.0, Avg: 0.0, Max: 0.0, Diff: 0.0, Sum: 0.0]
      [Code Root Scanning (ms): Min: 0.0, Avg: 0.0, Max: 0.0, Diff: 0.0, Sum: 0.0]
      [Object Copy (ms): Min: 6.5, Avg: 6.7, Max: 6.9, Diff: 0.4, Sum: 13.4]
      [Termination (ms): Min: 0.0, Avg: 0.0, Max: 0.0, Diff: 0.0, Sum: 0.0]
      [GC Worker Other (ms): Min: 0.0, Avg: 0.0, Max: 0.0, Diff: 0.0, Sum: 0.1]
      [GC Worker Total (ms): Min: 8.3, Avg: 8.3, Max: 8.3, Diff: 0.0, Sum: 16.6]
      [GC Worker End (ms): Min: 78336.1, Avg: 78336.1, Max: 78336.1, Diff: 0.0]
   [Code Root Fixup: 0.0 ms]
   [Code Root Migration: 0.0 ms]
   [Clear CT: 0.0 ms]
   [Other: 0.3 ms]
      [Choose CSet: 0.0 ms]
      [Ref Proc: 0.0 ms]
      [Ref Enq: 0.0 ms]
      [Free CSet: 0.1 ms]
   [Eden: 11.0M(11.0M)->0.0B(10.0M) Survivors: 1024.0K->2048.0K Heap: 73.5M(256.0M)->73.5M(256.0M)]
 [Times: user=0.02 sys=0.00, real=0.01 secs] 
2014-07-10T16:13:47.369+0200: 78.352: [GC pause (mixed), 0.0096822 secs]
   [Parallel Time: 9.3 ms, GC Workers: 2]
      [GC Worker Start (ms): Min: 78352.5, Avg: 78352.5, Max: 78352.5, Diff: 0.0]
      [Ext Root Scanning (ms): Min: 1.0, Avg: 1.0, Max: 1.0, Diff: 0.0, Sum: 2.1]
      [Update RS (ms): Min: 0.2, Avg: 0.2, Max: 0.2, Diff: 0.0, Sum: 0.5]
         [Processed Buffers: Min: 2, Avg: 2.5, Max: 3, Diff: 1, Sum: 5]
      [Scan RS (ms): Min: 0.1, Avg: 0.1, Max: 0.1, Diff: 0.0, Sum: 0.2]
      [Code Root Scanning (ms): Min: 0.0, Avg: 0.0, Max: 0.0, Diff: 0.0, Sum: 0.0]
      [Object Copy (ms): Min: 7.9, Avg: 7.9, Max: 7.9, Diff: 0.0, Sum: 15.8]
      [Termination (ms): Min: 0.0, Avg: 0.0, Max: 0.0, Diff: 0.0, Sum: 0.0]
      [GC Worker Other (ms): Min: 0.0, Avg: 0.0, Max: 0.0, Diff: 0.0, Sum: 0.1]
      [GC Worker Total (ms): Min: 9.3, Avg: 9.3, Max: 9.3, Diff: 0.0, Sum: 18.6]
      [GC Worker End (ms): Min: 78361.8, Avg: 78361.8, Max: 78361.8, Diff: 0.0]
   [Code Root Fixup: 0.0 ms]
   [Code Root Migration: 0.0 ms]
   [Clear CT: 0.1 ms]
   [Other: 0.3 ms]
      [Choose CSet: 0.0 ms]
      [Ref Proc: 0.0 ms]
      [Ref Enq: 0.0 ms]
      [Free CSet: 0.1 ms]
   [Eden: 10.0M(10.0M)->0.0B(84.0M) Survivors: 2048.0K->2048.0K Heap: 83.5M(256.0M)->75.0M(256.0M)]
 [Times: user=0.00 sys=0.00, real=0.01 secs] 
2014-07-10T16:13:47.518+0200: 78.502: [GC pause (young), 0.0554584 secs]
   [Parallel Time: 54.8 ms, GC Workers: 2]
      [GC Worker Start (ms): Min: 78501.8, Avg: 78501.8, Max: 78501.8, Diff: 0.0]
      [Ext Root Scanning (ms): Min: 1.1, Avg: 1.2, Max: 1.2, Diff: 0.1, Sum: 2.3]
      [Update RS (ms): Min: 0.4, Avg: 0.5, Max: 0.5, Diff: 0.1, Sum: 0.9]
         [Processed Buffers: Min: 2, Avg: 2.5, Max: 3, Diff: 1, Sum: 5]
      [Scan RS (ms): Min: 0.1, Avg: 0.1, Max: 0.1, Diff: 0.0, Sum: 0.2]
      [Code Root Scanning (ms): Min: 0.1, Avg: 0.1, Max: 0.1, Diff: 0.0, Sum: 0.1]
      [Object Copy (ms): Min: 52.9, Avg: 53.0, Max: 53.0, Diff: 0.0, Sum: 105.9]
      [Termination (ms): Min: 0.0, Avg: 0.0, Max: 0.0, Diff: 0.0, Sum: 0.0]
      [GC Worker Other (ms): Min: 0.0, Avg: 0.0, Max: 0.0, Diff: 0.0, Sum: 0.1]
      [GC Worker Total (ms): Min: 54.8, Avg: 54.8, Max: 54.8, Diff: 0.0, Sum: 109.6]
      [GC Worker End (ms): Min: 78556.6, Avg: 78556.6, Max: 78556.6, Diff: 0.0]
   [Code Root Fixup: 0.0 ms]
   [Code Root Migration: 0.0 ms]
   [Clear CT: 0.1 ms]
   [Other: 0.5 ms]
      [Choose CSet: 0.0 ms]
      [Ref Proc: 0.1 ms]
      [Ref Enq: 0.0 ms]
      [Free CSet: 0.2 ms]
   [Eden: 84.0M(84.0M)->0.0B(32.0M) Survivors: 2048.0K->11.0M Heap: 159.0M(256.0M)->165.5M(256.0M)]
 [Times: user=0.13 sys=0.00, real=0.06 secs] 
2014-07-10T16:13:47.625+0200: 78.608: [GC pause (young) (initial-mark), 0.0216049 secs]
   [Parallel Time: 21.2 ms, GC Workers: 2]
      [GC Worker Start (ms): Min: 78608.6, Avg: 78608.6, Max: 78608.6, Diff: 0.0]
      [Ext Root Scanning (ms): Min: 1.1, Avg: 1.2, Max: 1.2, Diff: 0.1, Sum: 2.3]
      [Code Root Marking (ms): Min: 0.1, Avg: 0.1, Max: 0.1, Diff: 0.0, Sum: 0.1]
      [Update RS (ms): Min: 1.1, Avg: 1.1, Max: 1.1, Diff: 0.0, Sum: 2.3]
         [Processed Buffers: Min: 5, Avg: 5.5, Max: 6, Diff: 1, Sum: 11]
      [Scan RS (ms): Min: 0.1, Avg: 0.1, Max: 0.1, Diff: 0.0, Sum: 0.1]
      [Code Root Scanning (ms): Min: 0.0, Avg: 0.0, Max: 0.0, Diff: 0.0, Sum: 0.1]
      [Object Copy (ms): Min: 18.6, Avg: 18.6, Max: 18.7, Diff: 0.0, Sum: 37.3]
      [Termination (ms): Min: 0.0, Avg: 0.0, Max: 0.0, Diff: 0.0, Sum: 0.0]
      [GC Worker Other (ms): Min: 0.0, Avg: 0.0, Max: 0.0, Diff: 0.0, Sum: 0.1]
      [GC Worker Total (ms): Min: 21.1, Avg: 21.1, Max: 21.1, Diff: 0.0, Sum: 42.2]
      [GC Worker End (ms): Min: 78629.7, Avg: 78629.7, Max: 78629.7, Diff: 0.0]
   [Code Root Fixup: 0.0 ms]
   [Code Root Migration: 0.0 ms]
   [Clear CT: 0.0 ms]
   [Other: 0.3 ms]
      [Choose CSet: 0.0 ms]
      [Ref Proc: 0.0 ms]
      [Ref Enq: 0.0 ms]
      [Free CSet: 0.1 ms]
   [Eden: 32.0M(32.0M)->0.0B(22.0M) Survivors: 11.0M->6144.0K Heap: 197.5M(256.0M)->185.5M(256.0M)]
 [Times: user=0.03 sys=0.00, real=0.02 secs] 
2014-07-10T16:13:47.647+0200: 78.630: [GC concurrent-root-region-scan-start]
2014-07-10T16:13:47.647+0200: 78.631: [GC concurrent-root-region-scan-end, 0.0000935 secs]
2014-07-10T16:13:47.647+0200: 78.631: [GC concurrent-mark-start]
2014-07-10T16:13:47.651+0200: 78.635: [GC concurrent-mark-end, 0.0035130 secs]
2014-07-10T16:13:47.651+0200: 78.635: [GC remark 2014-07-10T16:13:47.651+0200: 78.635: [GC ref-proc, 0.0000671 secs], 0.0014441 secs]
 [Times: user=0.00 sys=0.00, real=0.00 secs] 
2014-07-10T16:13:47.653+0200: 78.637: [GC cleanup 189M->91M(256M), 0.0008077 secs]
 [Times: user=0.00 sys=0.00, real=0.00 secs] 
2014-07-10T16:13:47.654+0200: 78.638: [GC concurrent-cleanup-start]
2014-07-10T16:13:47.654+0200: 78.638: [GC concurrent-cleanup-end, 0.0001917 secs]
2014-07-10T16:13:47.684+0200: 78.668: [GC pause (young), 0.0152197 secs]
   [Parallel Time: 14.9 ms, GC Workers: 2]
      [GC Worker Start (ms): Min: 78667.6, Avg: 78667.6, Max: 78667.6, Diff: 0.0]
      [Ext Root Scanning (ms): Min: 1.0, Avg: 1.1, Max: 1.1, Diff: 0.0, Sum: 2.1]
      [Update RS (ms): Min: 0.5, Avg: 0.5, Max: 0.5, Diff: 0.0, Sum: 1.0]
         [Processed Buffers: Min: 2, Avg: 3.0, Max: 4, Diff: 2, Sum: 6]
      [Scan RS (ms): Min: 0.0, Avg: 0.0, Max: 0.1, Diff: 0.0, Sum: 0.1]
      [Code Root Scanning (ms): Min: 0.0, Avg: 0.0, Max: 0.0, Diff: 0.0, Sum: 0.0]
      [Object Copy (ms): Min: 13.1, Avg: 13.1, Max: 13.1, Diff: 0.0, Sum: 26.2]
      [Termination (ms): Min: 0.0, Avg: 0.0, Max: 0.0, Diff: 0.0, Sum: 0.0]
      [GC Worker Other (ms): Min: 0.0, Avg: 0.0, Max: 0.0, Diff: 0.0, Sum: 0.1]
      [GC Worker Total (ms): Min: 14.8, Avg: 14.8, Max: 14.8, Diff: 0.0, Sum: 29.6]
      [GC Worker End (ms): Min: 78682.3, Avg: 78682.3, Max: 78682.3, Diff: 0.0]
   [Code Root Fixup: 0.0 ms]
   [Code Root Migration: 0.0 ms]
   [Clear CT: 0.0 ms]
   [Other: 0.2 ms]
      [Choose CSet: 0.0 ms]
      [Ref Proc: 0.0 ms]
      [Ref Enq: 0.0 ms]
      [Free CSet: 0.1 ms]
   [Eden: 22.0M(22.0M)->0.0B(8192.0K) Survivors: 6144.0K->4096.0K Heap: 109.5M(256.0M)->104.0M(256.0M)]
 [Times: user=0.03 sys=0.00, real=0.01 secs] 
2014-07-10T16:13:47.711+0200: 78.695: [GC pause (mixed), 0.0074047 secs]
   [Parallel Time: 7.0 ms, GC Workers: 2]
      [GC Worker Start (ms): Min: 78694.8, Avg: 78694.8, Max: 78694.8, Diff: 0.0]
      [Ext Root Scanning (ms): Min: 1.0, Avg: 1.1, Max: 1.2, Diff: 0.2, Sum: 2.2]
      [Update RS (ms): Min: 0.3, Avg: 0.3, Max: 0.4, Diff: 0.1, Sum: 0.6]
         [Processed Buffers: Min: 1, Avg: 3.0, Max: 5, Diff: 4, Sum: 6]
      [Scan RS (ms): Min: 0.0, Avg: 0.1, Max: 0.1, Diff: 0.1, Sum: 0.1]
      [Code Root Scanning (ms): Min: 0.0, Avg: 0.0, Max: 0.0, Diff: 0.0, Sum: 0.0]
      [Object Copy (ms): Min: 5.4, Avg: 5.4, Max: 5.5, Diff: 0.0, Sum: 10.9]
      [Termination (ms): Min: 0.0, Avg: 0.0, Max: 0.0, Diff: 0.0, Sum: 0.0]
      [GC Worker Other (ms): Min: 0.0, Avg: 0.0, Max: 0.0, Diff: 0.0, Sum: 0.1]
      [GC Worker Total (ms): Min: 7.0, Avg: 7.0, Max: 7.0, Diff: 0.0, Sum: 14.0]
      [GC Worker End (ms): Min: 78701.8, Avg: 78701.8, Max: 78701.8, Diff: 0.0]
   [Code Root Fixup: 0.0 ms]
   [Code Root Migration: 0.0 ms]
   [Clear CT: 0.1 ms]
   [Other: 0.3 ms]
      [Choose CSet: 0.0 ms]
      [Ref Proc: 0.0 ms]
      [Ref Enq: 0.0 ms]
      [Free CSet: 0.1 ms]
   [Eden: 8192.0K(8192.0K)->0.0B(70.0M) Survivors: 4096.0K->2048.0K Heap: 112.0M(256.0M)->100.0M(256.0M)]
 [Times: user=0.00 sys=0.00, real=0.01 secs] 
2014-07-10T16:13:47.833+0200: 78.817: [GC pause (young), 0.0466271 secs]
   [Parallel Time: 46.1 ms, GC Workers: 2]
      [GC Worker Start (ms): Min: 78816.7, Avg: 78816.7, Max: 78816.7, Diff: 0.0]
      [Ext Root Scanning (ms): Min: 1.1, Avg: 1.1, Max: 1.2, Diff: 0.0, Sum: 2.3]
      [Update RS (ms): Min: 0.3, Avg: 0.4, Max: 0.4, Diff: 0.1, Sum: 0.8]
         [Processed Buffers: Min: 2, Avg: 2.5, Max: 3, Diff: 1, Sum: 5]
      [Scan RS (ms): Min: 0.1, Avg: 0.1, Max: 0.1, Diff: 0.0, Sum: 0.2]
      [Code Root Scanning (ms): Min: 0.0, Avg: 0.0, Max: 0.1, Diff: 0.0, Sum: 0.1]
      [Object Copy (ms): Min: 44.4, Avg: 44.4, Max: 44.4, Diff: 0.0, Sum: 88.7]
      [Termination (ms): Min: 0.0, Avg: 0.0, Max: 0.0, Diff: 0.0, Sum: 0.0]
      [GC Worker Other (ms): Min: 0.0, Avg: 0.0, Max: 0.0, Diff: 0.0, Sum: 0.1]
      [GC Worker Total (ms): Min: 46.1, Avg: 46.1, Max: 46.1, Diff: 0.0, Sum: 92.2]
      [GC Worker End (ms): Min: 78862.8, Avg: 78862.8, Max: 78862.8, Diff: 0.0]
   [Code Root Fixup: 0.0 ms]
   [Code Root Migration: 0.0 ms]
   [Clear CT: 0.1 ms]
   [Other: 0.4 ms]
      [Choose CSet: 0.0 ms]
      [Ref Proc: 0.1 ms]
      [Ref Enq: 0.0 ms]
      [Free CSet: 0.1 ms]
   [Eden: 70.0M(70.0M)->0.0B(25.0M) Survivors: 2048.0K->9216.0K Heap: 170.0M(256.0M)->179.0M(256.0M)]
 [Times: user=0.09 sys=0.00, real=0.05 secs] 
2014-07-10T16:13:47.920+0200: 78.903: [GC pause (young) (initial-mark), 0.0175573 secs]
   [Parallel Time: 17.2 ms, GC Workers: 2]
      [GC Worker Start (ms): Min: 78903.6, Avg: 78903.6, Max: 78903.6, Diff: 0.0]
      [Ext Root Scanning (ms): Min: 1.0, Avg: 1.0, Max: 1.1, Diff: 0.0, Sum: 2.1]
      [Code Root Marking (ms): Min: 0.0, Avg: 0.1, Max: 0.1, Diff: 0.0, Sum: 0.1]
      [Update RS (ms): Min: 0.9, Avg: 0.9, Max: 0.9, Diff: 0.0, Sum: 1.8]
         [Processed Buffers: Min: 4, Avg: 5.0, Max: 6, Diff: 2, Sum: 10]
      [Scan RS (ms): Min: 0.0, Avg: 0.0, Max: 0.1, Diff: 0.0, Sum: 0.1]
      [Code Root Scanning (ms): Min: 0.0, Avg: 0.0, Max: 0.0, Diff: 0.0, Sum: 0.0]
      [Object Copy (ms): Min: 15.0, Avg: 15.0, Max: 15.0, Diff: 0.0, Sum: 30.0]
      [Termination (ms): Min: 0.0, Avg: 0.0, Max: 0.0, Diff: 0.0, Sum: 0.0]
      [GC Worker Other (ms): Min: 0.0, Avg: 0.0, Max: 0.0, Diff: 0.0, Sum: 0.1]
      [GC Worker Total (ms): Min: 17.1, Avg: 17.1, Max: 17.1, Diff: 0.0, Sum: 34.2]
      [GC Worker End (ms): Min: 78920.7, Avg: 78920.7, Max: 78920.7, Diff: 0.0]
   [Code Root Fixup: 0.0 ms]
   [Code Root Migration: 0.0 ms]
   [Clear CT: 0.0 ms]
   [Other: 0.3 ms]
      [Choose CSet: 0.0 ms]
      [Ref Proc: 0.1 ms]
      [Ref Enq: 0.0 ms]
      [Free CSet: 0.1 ms]
   [Eden: 25.0M(25.0M)->0.0B(17.0M) Survivors: 9216.0K->5120.0K Heap: 204.0M(256.0M)->195.0M(256.0M)]
 [Times: user=0.03 sys=0.00, real=0.02 secs] 
2014-07-10T16:13:47.938+0200: 78.921: [GC concurrent-root-region-scan-start]
2014-07-10T16:13:47.938+0200: 78.921: [GC concurrent-root-region-scan-end, 0.0001155 secs]
2014-07-10T16:13:47.938+0200: 78.921: [GC concurrent-mark-start]
2014-07-10T16:13:47.941+0200: 78.925: [GC concurrent-mark-end, 0.0034470 secs]
2014-07-10T16:13:47.942+0200: 78.925: [GC remark 2014-07-10T16:13:47.942+0200: 78.926: [GC ref-proc, 0.0000726 secs], 0.0009848 secs]
 [Times: user=0.00 sys=0.00, real=0.00 secs] 
2014-07-10T16:13:47.943+0200: 78.927: [GC cleanup 199M->83M(256M), 0.0008135 secs]
 [Times: user=0.00 sys=0.00, real=0.00 secs] 
2014-07-10T16:13:47.944+0200: 78.928: [GC concurrent-cleanup-start]
2014-07-10T16:13:47.944+0200: 78.928: [GC concurrent-cleanup-end, 0.0002508 secs]
2014-07-10T16:13:47.964+0200: 78.948: [GC pause (young), 0.0137404 secs]
   [Parallel Time: 13.4 ms, GC Workers: 2]
      [GC Worker Start (ms): Min: 78948.1, Avg: 78948.1, Max: 78948.1, Diff: 0.0]
      [Ext Root Scanning (ms): Min: 1.1, Avg: 1.2, Max: 1.2, Diff: 0.1, Sum: 2.3]
      [Update RS (ms): Min: 0.4, Avg: 0.4, Max: 0.4, Diff: 0.0, Sum: 0.8]
         [Processed Buffers: Min: 2, Avg: 3.0, Max: 4, Diff: 2, Sum: 6]
      [Scan RS (ms): Min: 0.0, Avg: 0.0, Max: 0.1, Diff: 0.0, Sum: 0.1]
      [Code Root Scanning (ms): Min: 0.0, Avg: 0.0, Max: 0.0, Diff: 0.0, Sum: 0.0]
      [Object Copy (ms): Min: 11.6, Avg: 11.7, Max: 11.7, Diff: 0.0, Sum: 23.3]
      [Termination (ms): Min: 0.0, Avg: 0.0, Max: 0.0, Diff: 0.0, Sum: 0.0]
      [GC Worker Other (ms): Min: 0.0, Avg: 0.0, Max: 0.0, Diff: 0.0, Sum: 0.1]
      [GC Worker Total (ms): Min: 13.3, Avg: 13.3, Max: 13.3, Diff: 0.0, Sum: 26.6]
      [GC Worker End (ms): Min: 78961.4, Avg: 78961.4, Max: 78961.4, Diff: 0.0]
   [Code Root Fixup: 0.0 ms]
   [Code Root Migration: 0.0 ms]
   [Clear CT: 0.0 ms]
   [Other: 0.3 ms]
      [Choose CSet: 0.0 ms]
      [Ref Proc: 0.0 ms]
      [Ref Enq: 0.0 ms]
      [Free CSet: 0.1 ms]
   [Eden: 17.0M(17.0M)->0.0B(9216.0K) Survivors: 5120.0K->3072.0K Heap: 96.0M(256.0M)->95.5M(256.0M)]
 [Times: user=0.03 sys=0.00, real=0.01 secs] 
2014-07-10T16:13:47.992+0200: 78.976: [GC pause (mixed), 0.0084760 secs]
   [Parallel Time: 8.1 ms, GC Workers: 2]
      [GC Worker Start (ms): Min: 78975.7, Avg: 78975.7, Max: 78975.7, Diff: 0.0]
      [Ext Root Scanning (ms): Min: 1.2, Avg: 1.2, Max: 1.2, Diff: 0.0, Sum: 2.3]
      [Update RS (ms): Min: 0.3, Avg: 0.3, Max: 0.3, Diff: 0.0, Sum: 0.6]
         [Processed Buffers: Min: 2, Avg: 3.0, Max: 4, Diff: 2, Sum: 6]
      [Scan RS (ms): Min: 0.1, Avg: 0.1, Max: 0.1, Diff: 0.0, Sum: 0.2]
      [Code Root Scanning (ms): Min: 0.0, Avg: 0.0, Max: 0.0, Diff: 0.0, Sum: 0.0]
      [Object Copy (ms): Min: 6.4, Avg: 6.4, Max: 6.4, Diff: 0.0, Sum: 12.7]
      [Termination (ms): Min: 0.0, Avg: 0.0, Max: 0.0, Diff: 0.0, Sum: 0.0]
      [GC Worker Other (ms): Min: 0.0, Avg: 0.0, Max: 0.1, Diff: 0.0, Sum: 0.1]
      [GC Worker Total (ms): Min: 8.0, Avg: 8.0, Max: 8.0, Diff: 0.0, Sum: 16.0]
      [GC Worker End (ms): Min: 78983.7, Avg: 78983.7, Max: 78983.7, Diff: 0.0]
   [Code Root Fixup: 0.0 ms]
   [Code Root Migration: 0.0 ms]
   [Clear CT: 0.1 ms]
   [Other: 0.3 ms]
      [Choose CSet: 0.0 ms]
      [Ref Proc: 0.1 ms]
      [Ref Enq: 0.0 ms]
      [Free CSet: 0.1 ms]
   [Eden: 9216.0K(9216.0K)->0.0B(70.0M) Survivors: 3072.0K->2048.0K Heap: 104.5M(256.0M)->95.5M(256.0M)]
 [Times: user=0.00 sys=0.00, real=0.01 secs] 
2014-07-10T16:13:48.116+0200: 79.100: [GC pause (young), 0.0467264 secs]
   [Parallel Time: 46.2 ms, GC Workers: 2]
      [GC Worker Start (ms): Min: 79099.7, Avg: 79099.7, Max: 79099.7, Diff: 0.0]
      [Ext Root Scanning (ms): Min: 1.1, Avg: 1.2, Max: 1.2, Diff: 0.0, Sum: 2.3]
      [Update RS (ms): Min: 0.4, Avg: 0.4, Max: 0.4, Diff: 0.1, Sum: 0.8]
         [Processed Buffers: Min: 2, Avg: 3.0, Max: 4, Diff: 2, Sum: 6]
      [Scan RS (ms): Min: 0.1, Avg: 0.1, Max: 0.1, Diff: 0.0, Sum: 0.2]
      [Code Root Scanning (ms): Min: 0.1, Avg: 0.1, Max: 0.1, Diff: 0.0, Sum: 0.1]
      [Object Copy (ms): Min: 44.4, Avg: 44.4, Max: 44.4, Diff: 0.0, Sum: 88.9]
      [Termination (ms): Min: 0.0, Avg: 0.0, Max: 0.0, Diff: 0.0, Sum: 0.0]
      [GC Worker Other (ms): Min: 0.0, Avg: 0.0, Max: 0.0, Diff: 0.0, Sum: 0.1]
      [GC Worker Total (ms): Min: 46.2, Avg: 46.2, Max: 46.2, Diff: 0.0, Sum: 92.4]
      [GC Worker End (ms): Min: 79145.9, Avg: 79145.9, Max: 79145.9, Diff: 0.0]
   [Code Root Fixup: 0.0 ms]
   [Code Root Migration: 0.0 ms]
   [Clear CT: 0.1 ms]
   [Other: 0.4 ms]
      [Choose CSet: 0.0 ms]
      [Ref Proc: 0.0 ms]
      [Ref Enq: 0.0 ms]
      [Free CSet: 0.1 ms]
   [Eden: 70.0M(70.0M)->0.0B(26.0M) Survivors: 2048.0K->9216.0K Heap: 165.5M(256.0M)->176.5M(256.0M)]
 [Times: user=0.09 sys=0.00, real=0.05 secs] 
2014-07-10T16:13:48.204+0200: 79.188: [GC pause (young) (initial-mark), 0.0192035 secs]
   [Parallel Time: 18.3 ms, GC Workers: 2]
      [GC Worker Start (ms): Min: 79187.6, Avg: 79187.6, Max: 79187.6, Diff: 0.0]
      [Ext Root Scanning (ms): Min: 1.1, Avg: 1.1, Max: 1.1, Diff: 0.0, Sum: 2.1]
      [Code Root Marking (ms): Min: 0.0, Avg: 0.1, Max: 0.1, Diff: 0.0, Sum: 0.1]
      [Update RS (ms): Min: 1.0, Avg: 1.0, Max: 1.0, Diff: 0.0, Sum: 2.0]
         [Processed Buffers: Min: 4, Avg: 5.0, Max: 6, Diff: 2, Sum: 10]
      [Scan RS (ms): Min: 0.0, Avg: 0.0, Max: 0.0, Diff: 0.0, Sum: 0.1]
      [Code Root Scanning (ms): Min: 0.0, Avg: 0.0, Max: 0.0, Diff: 0.0, Sum: 0.0]
      [Object Copy (ms): Min: 16.0, Avg: 16.0, Max: 16.0, Diff: 0.0, Sum: 32.0]
      [Termination (ms): Min: 0.0, Avg: 0.0, Max: 0.0, Diff: 0.0, Sum: 0.0]
      [GC Worker Other (ms): Min: 0.0, Avg: 0.0, Max: 0.0, Diff: 0.0, Sum: 0.1]
      [GC Worker Total (ms): Min: 18.2, Avg: 18.2, Max: 18.2, Diff: 0.0, Sum: 36.5]
      [GC Worker End (ms): Min: 79205.9, Avg: 79205.9, Max: 79205.9, Diff: 0.0]
   [Code Root Fixup: 0.0 ms]
   [Code Root Migration: 0.0 ms]
   [Clear CT: 0.5 ms]
   [Other: 0.4 ms]
      [Choose CSet: 0.0 ms]
      [Ref Proc: 0.1 ms]
      [Ref Enq: 0.0 ms]
      [Free CSet: 0.1 ms]
   [Eden: 26.0M(26.0M)->0.0B(17.0M) Survivors: 9216.0K->5120.0K Heap: 202.5M(256.0M)->194.5M(256.0M)]
 [Times: user=0.03 sys=0.00, real=0.02 secs] 
2014-07-10T16:13:48.223+0200: 79.207: [GC concurrent-root-region-scan-start]
2014-07-10T16:13:48.225+0200: 79.209: [GC concurrent-root-region-scan-end, 0.0017275 secs]
2014-07-10T16:13:48.225+0200: 79.209: [GC concurrent-mark-start]
2014-07-10T16:13:48.228+0200: 79.212: [GC concurrent-mark-end, 0.0034331 secs]
2014-07-10T16:13:48.229+0200: 79.212: [GC remark 2014-07-10T16:13:48.229+0200: 79.213: [GC ref-proc, 0.0000748 secs], 0.0015589 secs]
 [Times: user=0.00 sys=0.00, real=0.00 secs] 
2014-07-10T16:13:48.231+0200: 79.214: [GC cleanup 199M->92M(256M), 0.0007640 secs]
 [Times: user=0.00 sys=0.00, real=0.00 secs] 
2014-07-10T16:13:48.231+0200: 79.215: [GC concurrent-cleanup-start]
2014-07-10T16:13:48.232+0200: 79.216: [GC concurrent-cleanup-end, 0.0003322 secs]
2014-07-10T16:13:48.250+0200: 79.233: [GC pause (young), 0.0118959 secs]
   [Parallel Time: 11.6 ms, GC Workers: 2]
      [GC Worker Start (ms): Min: 79233.5, Avg: 79233.5, Max: 79233.5, Diff: 0.0]
      [Ext Root Scanning (ms): Min: 1.0, Avg: 1.0, Max: 1.0, Diff: 0.0, Sum: 2.0]
      [Update RS (ms): Min: 0.4, Avg: 0.4, Max: 0.4, Diff: 0.0, Sum: 0.8]
         [Processed Buffers: Min: 2, Avg: 3.0, Max: 4, Diff: 2, Sum: 6]
      [Scan RS (ms): Min: 0.0, Avg: 0.0, Max: 0.0, Diff: 0.0, Sum: 0.1]
      [Code Root Scanning (ms): Min: 0.0, Avg: 0.0, Max: 0.0, Diff: 0.0, Sum: 0.0]
      [Object Copy (ms): Min: 9.9, Avg: 9.9, Max: 9.9, Diff: 0.0, Sum: 19.9]
      [Termination (ms): Min: 0.0, Avg: 0.0, Max: 0.0, Diff: 0.0, Sum: 0.0]
      [GC Worker Other (ms): Min: 0.0, Avg: 0.0, Max: 0.0, Diff: 0.0, Sum: 0.1]
      [GC Worker Total (ms): Min: 11.4, Avg: 11.4, Max: 11.4, Diff: 0.0, Sum: 22.9]
      [GC Worker End (ms): Min: 79244.9, Avg: 79244.9, Max: 79244.9, Diff: 0.0]
   [Code Root Fixup: 0.0 ms]
   [Code Root Migration: 0.0 ms]
   [Clear CT: 0.0 ms]
   [Other: 0.3 ms]
      [Choose CSet: 0.0 ms]
      [Ref Proc: 0.0 ms]
      [Ref Enq: 0.0 ms]
      [Free CSet: 0.1 ms]
   [Eden: 17.0M(17.0M)->0.0B(9216.0K) Survivors: 5120.0K->3072.0K Heap: 104.5M(256.0M)->100.5M(256.0M)]
 [Times: user=0.03 sys=0.00, real=0.01 secs] 
2014-07-10T16:13:48.275+0200: 79.259: [GC pause (mixed), 0.0103729 secs]
   [Parallel Time: 10.0 ms, GC Workers: 2]
      [GC Worker Start (ms): Min: 79258.9, Avg: 79258.9, Max: 79258.9, Diff: 0.0]
      [Ext Root Scanning (ms): Min: 1.0, Avg: 1.0, Max: 1.0, Diff: 0.0, Sum: 2.0]
      [Update RS (ms): Min: 0.3, Avg: 0.3, Max: 0.3, Diff: 0.0, Sum: 0.6]
         [Processed Buffers: Min: 2, Avg: 2.5, Max: 3, Diff: 1, Sum: 5]
      [Scan RS (ms): Min: 0.1, Avg: 0.1, Max: 0.1, Diff: 0.0, Sum: 0.2]
      [Code Root Scanning (ms): Min: 0.0, Avg: 0.0, Max: 0.0, Diff: 0.0, Sum: 0.0]
      [Object Copy (ms): Min: 8.5, Avg: 8.5, Max: 8.5, Diff: 0.0, Sum: 17.0]
      [Termination (ms): Min: 0.0, Avg: 0.0, Max: 0.0, Diff: 0.0, Sum: 0.0]
      [GC Worker Other (ms): Min: 0.0, Avg: 0.0, Max: 0.0, Diff: 0.0, Sum: 0.1]
      [GC Worker Total (ms): Min: 9.9, Avg: 9.9, Max: 9.9, Diff: 0.0, Sum: 19.9]
      [GC Worker End (ms): Min: 79268.8, Avg: 79268.8, Max: 79268.8, Diff: 0.0]
   [Code Root Fixup: 0.0 ms]
   [Code Root Migration: 0.0 ms]
   [Clear CT: 0.1 ms]
   [Other: 0.3 ms]
      [Choose CSet: 0.0 ms]
      [Ref Proc: 0.0 ms]
      [Ref Enq: 0.0 ms]
      [Free CSet: 0.2 ms]
   [Eden: 9216.0K(9216.0K)->0.0B(70.0M) Survivors: 3072.0K->2048.0K Heap: 109.5M(256.0M)->97.5M(256.0M)]
 [Times: user=0.00 sys=0.00, real=0.01 secs] 
2014-07-10T16:13:48.401+0200: 79.385: [GC pause (young), 0.0455914 secs]
   [Parallel Time: 45.1 ms, GC Workers: 2]
      [GC Worker Start (ms): Min: 79384.6, Avg: 79384.6, Max: 79384.7, Diff: 0.0]
      [Ext Root Scanning (ms): Min: 1.1, Avg: 1.1, Max: 1.1, Diff: 0.0, Sum: 2.1]
      [Update RS (ms): Min: 0.4, Avg: 0.4, Max: 0.5, Diff: 0.0, Sum: 0.9]
         [Processed Buffers: Min: 1, Avg: 3.0, Max: 5, Diff: 4, Sum: 6]
      [Scan RS (ms): Min: 0.1, Avg: 0.1, Max: 0.1, Diff: 0.0, Sum: 0.2]
      [Code Root Scanning (ms): Min: 0.0, Avg: 0.1, Max: 0.1, Diff: 0.0, Sum: 0.1]
      [Object Copy (ms): Min: 43.4, Avg: 43.4, Max: 43.4, Diff: 0.0, Sum: 86.8]
      [Termination (ms): Min: 0.0, Avg: 0.0, Max: 0.0, Diff: 0.0, Sum: 0.0]
      [GC Worker Other (ms): Min: 0.0, Avg: 0.0, Max: 0.0, Diff: 0.0, Sum: 0.1]
      [GC Worker Total (ms): Min: 45.1, Avg: 45.1, Max: 45.1, Diff: 0.0, Sum: 90.1]
      [GC Worker End (ms): Min: 79429.7, Avg: 79429.7, Max: 79429.7, Diff: 0.0]
   [Code Root Fixup: 0.0 ms]
   [Code Root Migration: 0.0 ms]
   [Clear CT: 0.1 ms]
   [Other: 0.4 ms]
      [Choose CSet: 0.0 ms]
      [Ref Proc: 0.0 ms]
      [Ref Enq: 0.0 ms]
      [Free CSet: 0.1 ms]
   [Eden: 70.0M(70.0M)->0.0B(29.0M) Survivors: 2048.0K->9216.0K Heap: 167.5M(256.0M)->170.0M(256.0M)]
 [Times: user=0.08 sys=0.00, real=0.05 secs] 
2014-07-10T16:13:48.494+0200: 79.477: [GC pause (young) (initial-mark), 0.0199041 secs]
   [Parallel Time: 19.5 ms, GC Workers: 2]
      [GC Worker Start (ms): Min: 79477.6, Avg: 79477.6, Max: 79477.6, Diff: 0.0]
      [Ext Root Scanning (ms): Min: 1.2, Avg: 1.2, Max: 1.2, Diff: 0.0, Sum: 2.3]
      [Code Root Marking (ms): Min: 0.1, Avg: 0.1, Max: 0.2, Diff: 0.0, Sum: 0.3]
      [Update RS (ms): Min: 0.9, Avg: 0.9, Max: 1.0, Diff: 0.0, Sum: 1.9]
         [Processed Buffers: Min: 4, Avg: 4.5, Max: 5, Diff: 1, Sum: 9]
      [Scan RS (ms): Min: 0.0, Avg: 0.1, Max: 0.1, Diff: 0.1, Sum: 0.1]
      [Code Root Scanning (ms): Min: 0.0, Avg: 0.0, Max: 0.0, Diff: 0.0, Sum: 0.0]
      [Object Copy (ms): Min: 17.0, Avg: 17.0, Max: 17.0, Diff: 0.0, Sum: 34.1]
      [Termination (ms): Min: 0.0, Avg: 0.0, Max: 0.0, Diff: 0.0, Sum: 0.0]
      [GC Worker Other (ms): Min: 0.0, Avg: 0.1, Max: 0.1, Diff: 0.1, Sum: 0.1]
      [GC Worker Total (ms): Min: 19.4, Avg: 19.4, Max: 19.4, Diff: 0.1, Sum: 38.8]
      [GC Worker End (ms): Min: 79497.0, Avg: 79497.0, Max: 79497.0, Diff: 0.1]
   [Code Root Fixup: 0.0 ms]
   [Code Root Migration: 0.0 ms]
   [Clear CT: 0.0 ms]
   [Other: 0.4 ms]
      [Choose CSet: 0.0 ms]
      [Ref Proc: 0.0 ms]
      [Ref Enq: 0.0 ms]
      [Free CSet: 0.1 ms]
   [Eden: 29.0M(29.0M)->0.0B(19.0M) Survivors: 9216.0K->5120.0K Heap: 199.0M(256.0M)->191.0M(256.0M)]
 [Times: user=0.03 sys=0.00, real=0.02 secs] 
2014-07-10T16:13:48.514+0200: 79.498: [GC concurrent-root-region-scan-start]
2014-07-10T16:13:48.514+0200: 79.498: [GC concurrent-root-region-scan-end, 0.0000891 secs]
2014-07-10T16:13:48.514+0200: 79.498: [GC concurrent-mark-start]
2014-07-10T16:13:48.518+0200: 79.501: [GC concurrent-mark-end, 0.0035372 secs]
2014-07-10T16:13:48.519+0200: 79.502: [GC remark 2014-07-10T16:13:48.519+0200: 79.503: [GC ref-proc, 0.0000671 secs], 0.0010526 secs]
 [Times: user=0.00 sys=0.00, real=0.00 secs] 
2014-07-10T16:13:48.520+0200: 79.504: [GC cleanup 194M->92M(256M), 0.0008194 secs]
 [Times: user=0.00 sys=0.00, real=0.00 secs] 
2014-07-10T16:13:48.521+0200: 79.505: [GC concurrent-cleanup-start]
2014-07-10T16:13:48.521+0200: 79.505: [GC concurrent-cleanup-end, 0.0001672 secs]
2014-07-10T16:13:48.544+0200: 79.528: [GC pause (young), 0.0123710 secs]
   [Parallel Time: 11.4 ms, GC Workers: 2]
      [GC Worker Start (ms): Min: 79528.4, Avg: 79528.4, Max: 79528.4, Diff: 0.0]
      [Ext Root Scanning (ms): Min: 1.2, Avg: 1.2, Max: 1.3, Diff: 0.1, Sum: 2.4]
      [Update RS (ms): Min: 0.4, Avg: 0.5, Max: 0.5, Diff: 0.1, Sum: 0.9]
         [Processed Buffers: Min: 3, Avg: 3.0, Max: 3, Diff: 0, Sum: 6]
      [Scan RS (ms): Min: 0.0, Avg: 0.0, Max: 0.0, Diff: 0.0, Sum: 0.1]
      [Code Root Scanning (ms): Min: 0.0, Avg: 0.0, Max: 0.0, Diff: 0.0, Sum: 0.0]
      [Object Copy (ms): Min: 9.7, Avg: 9.7, Max: 9.7, Diff: 0.0, Sum: 19.3]
      [Termination (ms): Min: 0.0, Avg: 0.0, Max: 0.0, Diff: 0.0, Sum: 0.0]
      [GC Worker Other (ms): Min: 0.0, Avg: 0.0, Max: 0.0, Diff: 0.0, Sum: 0.0]
      [GC Worker Total (ms): Min: 11.4, Avg: 11.4, Max: 11.4, Diff: 0.0, Sum: 22.9]
      [GC Worker End (ms): Min: 79539.8, Avg: 79539.8, Max: 79539.8, Diff: 0.0]
   [Code Root Fixup: 0.0 ms]
   [Code Root Migration: 0.0 ms]
   [Clear CT: 0.0 ms]
   [Other: 0.9 ms]
      [Choose CSet: 0.0 ms]
      [Ref Proc: 0.6 ms]
      [Ref Enq: 0.0 ms]
      [Free CSet: 0.1 ms]
   [Eden: 19.0M(19.0M)->0.0B(9216.0K) Survivors: 5120.0K->3072.0K Heap: 108.0M(256.0M)->100.5M(256.0M)]
 [Times: user=0.03 sys=0.00, real=0.01 secs] 
2014-07-10T16:13:48.572+0200: 79.556: [GC pause (mixed), 0.0102080 secs]
   [Parallel Time: 9.6 ms, GC Workers: 2]
      [GC Worker Start (ms): Min: 79555.6, Avg: 79555.6, Max: 79555.6, Diff: 0.0]
      [Ext Root Scanning (ms): Min: 0.9, Avg: 0.9, Max: 0.9, Diff: 0.0, Sum: 1.8]
      [Update RS (ms): Min: 0.2, Avg: 0.2, Max: 0.3, Diff: 0.0, Sum: 0.5]
         [Processed Buffers: Min: 1, Avg: 3.0, Max: 5, Diff: 4, Sum: 6]
      [Scan RS (ms): Min: 0.1, Avg: 0.1, Max: 0.1, Diff: 0.0, Sum: 0.2]
      [Code Root Scanning (ms): Min: 0.0, Avg: 0.0, Max: 0.0, Diff: 0.0, Sum: 0.0]
      [Object Copy (ms): Min: 8.3, Avg: 8.3, Max: 8.3, Diff: 0.0, Sum: 16.5]
      [Termination (ms): Min: 0.0, Avg: 0.0, Max: 0.0, Diff: 0.0, Sum: 0.0]
      [GC Worker Other (ms): Min: 0.0, Avg: 0.0, Max: 0.0, Diff: 0.0, Sum: 0.1]
      [GC Worker Total (ms): Min: 9.6, Avg: 9.6, Max: 9.6, Diff: 0.0, Sum: 19.1]
      [GC Worker End (ms): Min: 79565.2, Avg: 79565.2, Max: 79565.2, Diff: 0.0]
   [Code Root Fixup: 0.0 ms]
   [Code Root Migration: 0.0 ms]
   [Clear CT: 0.1 ms]
   [Other: 0.5 ms]
      [Choose CSet: 0.0 ms]
      [Ref Proc: 0.2 ms]
      [Ref Enq: 0.0 ms]
      [Free CSet: 0.1 ms]
   [Eden: 9216.0K(9216.0K)->0.0B(76.0M) Survivors: 3072.0K->2048.0K Heap: 109.5M(256.0M)->98.0M(256.0M)]
 [Times: user=0.00 sys=0.00, real=0.01 secs] 
2014-07-10T16:13:48.708+0200: 79.691: [GC pause (young) (to-space exhausted), 0.0467462 secs]
   [Parallel Time: 45.3 ms, GC Workers: 2]
      [GC Worker Start (ms): Min: 79691.5, Avg: 79691.5, Max: 79691.5, Diff: 0.0]
      [Ext Root Scanning (ms): Min: 0.9, Avg: 1.0, Max: 1.0, Diff: 0.1, Sum: 1.9]
      [Update RS (ms): Min: 0.4, Avg: 0.4, Max: 0.5, Diff: 0.1, Sum: 0.9]
         [Processed Buffers: Min: 2, Avg: 2.5, Max: 3, Diff: 1, Sum: 5]
      [Scan RS (ms): Min: 0.1, Avg: 0.1, Max: 0.1, Diff: 0.0, Sum: 0.2]
      [Code Root Scanning (ms): Min: 0.1, Avg: 0.1, Max: 0.1, Diff: 0.0, Sum: 0.1]
      [Object Copy (ms): Min: 43.7, Avg: 43.7, Max: 43.7, Diff: 0.0, Sum: 87.4]
      [Termination (ms): Min: 0.0, Avg: 0.0, Max: 0.0, Diff: 0.0, Sum: 0.0]
      [GC Worker Other (ms): Min: 0.0, Avg: 0.0, Max: 0.0, Diff: 0.0, Sum: 0.0]
      [GC Worker Total (ms): Min: 45.3, Avg: 45.3, Max: 45.3, Diff: 0.0, Sum: 90.6]
      [GC Worker End (ms): Min: 79736.8, Avg: 79736.8, Max: 79736.8, Diff: 0.0]
   [Code Root Fixup: 0.0 ms]
   [Code Root Migration: 0.0 ms]
   [Clear CT: 0.1 ms]
   [Other: 1.3 ms]
      [Choose CSet: 0.0 ms]
      [Ref Proc: 0.0 ms]
      [Ref Enq: 0.0 ms]
      [Free CSet: 0.1 ms]
   [Eden: 76.0M(76.0M)->0.0B(2048.0K) Survivors: 2048.0K->10.0M Heap: 174.0M(256.0M)->248.5M(256.0M)]
 [Times: user=0.09 sys=0.00, real=0.05 secs] 
2014-07-10T16:13:48.757+0200: 79.741: [GC pause (young) (initial-mark), 0.0031361 secs]
   [Parallel Time: 2.9 ms, GC Workers: 2]
      [GC Worker Start (ms): Min: 79740.7, Avg: 79740.7, Max: 79740.7, Diff: 0.0]
      [Ext Root Scanning (ms): Min: 0.9, Avg: 0.9, Max: 0.9, Diff: 0.0, Sum: 1.9]
      [Code Root Marking (ms): Min: 0.0, Avg: 0.0, Max: 0.1, Diff: 0.0, Sum: 0.1]
      [Update RS (ms): Min: 0.9, Avg: 0.9, Max: 1.0, Diff: 0.0, Sum: 1.9]
         [Processed Buffers: Min: 5, Avg: 6.5, Max: 8, Diff: 3, Sum: 13]
      [Scan RS (ms): Min: 0.0, Avg: 0.0, Max: 0.0, Diff: 0.0, Sum: 0.0]
      [Code Root Scanning (ms): Min: 0.0, Avg: 0.0, Max: 0.0, Diff: 0.0, Sum: 0.0]
      [Object Copy (ms): Min: 0.9, Avg: 0.9, Max: 0.9, Diff: 0.0, Sum: 1.8]
      [Termination (ms): Min: 0.0, Avg: 0.0, Max: 0.0, Diff: 0.0, Sum: 0.0]
      [GC Worker Other (ms): Min: 0.0, Avg: 0.0, Max: 0.0, Diff: 0.0, Sum: 0.0]
      [GC Worker Total (ms): Min: 2.9, Avg: 2.9, Max: 2.9, Diff: 0.0, Sum: 5.8]
      [GC Worker End (ms): Min: 79743.6, Avg: 79743.6, Max: 79743.6, Diff: 0.0]
   [Code Root Fixup: 0.0 ms]
   [Code Root Migration: 0.0 ms]
   [Clear CT: 0.0 ms]
   [Other: 0.2 ms]
      [Choose CSet: 0.0 ms]
      [Ref Proc: 0.0 ms]
      [Ref Enq: 0.0 ms]
      [Free CSet: 0.0 ms]
   [Eden: 2048.0K(2048.0K)->0.0B(10.0M) Survivors: 10.0M->2048.0K Heap: 250.5M(256.0M)->240.5M(256.0M)]
 [Times: user=0.00 sys=0.00, real=0.00 secs] 
2014-07-10T16:13:48.760+0200: 79.744: [GC concurrent-root-region-scan-start]
2014-07-10T16:13:48.760+0200: 79.744: [GC concurrent-root-region-scan-end, 0.0000374 secs]
2014-07-10T16:13:48.760+0200: 79.744: [GC concurrent-mark-start]
2014-07-10T16:13:48.764+0200: 79.748: [GC concurrent-mark-end, 0.0034752 secs]
2014-07-10T16:13:48.764+0200: 79.748: [GC remark 2014-07-10T16:13:48.764+0200: 79.748: [GC ref-proc, 0.0001269 secs], 0.0009305 secs]
 [Times: user=0.00 sys=0.00, real=0.00 secs] 
2014-07-10T16:13:48.765+0200: 79.749: [GC cleanup 244M->62M(256M), 0.0015292 secs]
 [Times: user=0.00 sys=0.00, real=0.00 secs] 
2014-07-10T16:13:48.767+0200: 79.751: [GC concurrent-cleanup-start]
2014-07-10T16:13:48.767+0200: 79.751: [GC concurrent-cleanup-end, 0.0003443 secs]
2014-07-10T16:13:48.777+0200: 79.761: [GC pause (young), 0.0085831 secs]
   [Parallel Time: 8.3 ms, GC Workers: 2]
      [GC Worker Start (ms): Min: 79760.6, Avg: 79760.6, Max: 79760.6, Diff: 0.0]
      [Ext Root Scanning (ms): Min: 1.0, Avg: 1.0, Max: 1.0, Diff: 0.1, Sum: 2.0]
      [Update RS (ms): Min: 0.1, Avg: 0.3, Max: 0.5, Diff: 0.4, Sum: 0.5]
         [Processed Buffers: Min: 2, Avg: 3.5, Max: 5, Diff: 3, Sum: 7]
      [Scan RS (ms): Min: 0.0, Avg: 0.0, Max: 0.0, Diff: 0.0, Sum: 0.0]
      [Code Root Scanning (ms): Min: 0.0, Avg: 0.0, Max: 0.0, Diff: 0.0, Sum: 0.0]
      [Object Copy (ms): Min: 6.7, Avg: 6.9, Max: 7.0, Diff: 0.3, Sum: 13.8]
      [Termination (ms): Min: 0.0, Avg: 0.0, Max: 0.0, Diff: 0.0, Sum: 0.0]
      [GC Worker Other (ms): Min: 0.0, Avg: 0.0, Max: 0.0, Diff: 0.0, Sum: 0.1]
      [GC Worker Total (ms): Min: 8.2, Avg: 8.2, Max: 8.2, Diff: 0.0, Sum: 16.5]
      [GC Worker End (ms): Min: 79768.8, Avg: 79768.8, Max: 79768.8, Diff: 0.0]
   [Code Root Fixup: 0.0 ms]
   [Code Root Migration: 0.0 ms]
   [Clear CT: 0.0 ms]
   [Other: 0.3 ms]
      [Choose CSet: 0.0 ms]
      [Ref Proc: 0.1 ms]
      [Ref Enq: 0.0 ms]
      [Free CSet: 0.0 ms]
   [Eden: 10.0M(10.0M)->0.0B(10.0M) Survivors: 2048.0K->2048.0K Heap: 68.5M(256.0M)->70.3M(256.0M)]
 [Times: user=0.00 sys=0.00, real=0.01 secs] 
2014-07-10T16:13:48.801+0200: 79.785: [GC pause (mixed), 0.0100807 secs]
   [Parallel Time: 9.7 ms, GC Workers: 2]
      [GC Worker Start (ms): Min: 79784.9, Avg: 79784.9, Max: 79784.9, Diff: 0.0]
      [Ext Root Scanning (ms): Min: 0.9, Avg: 1.0, Max: 1.0, Diff: 0.1, Sum: 1.9]
      [Update RS (ms): Min: 0.2, Avg: 0.2, Max: 0.2, Diff: 0.0, Sum: 0.5]
         [Processed Buffers: Min: 1, Avg: 3.0, Max: 5, Diff: 4, Sum: 6]
      [Scan RS (ms): Min: 0.1, Avg: 0.1, Max: 0.1, Diff: 0.0, Sum: 0.1]
      [Code Root Scanning (ms): Min: 0.0, Avg: 0.0, Max: 0.0, Diff: 0.0, Sum: 0.0]
      [Object Copy (ms): Min: 8.3, Avg: 8.4, Max: 8.4, Diff: 0.0, Sum: 16.7]
      [Termination (ms): Min: 0.0, Avg: 0.0, Max: 0.0, Diff: 0.0, Sum: 0.0]
      [GC Worker Other (ms): Min: 0.0, Avg: 0.0, Max: 0.0, Diff: 0.0, Sum: 0.1]
      [GC Worker Total (ms): Min: 9.7, Avg: 9.7, Max: 9.7, Diff: 0.0, Sum: 19.3]
      [GC Worker End (ms): Min: 79794.5, Avg: 79794.5, Max: 79794.5, Diff: 0.0]
   [Code Root Fixup: 0.0 ms]
   [Code Root Migration: 0.0 ms]
   [Clear CT: 0.0 ms]
   [Other: 0.3 ms]
      [Choose CSet: 0.0 ms]
      [Ref Proc: 0.0 ms]
      [Ref Enq: 0.0 ms]
      [Free CSet: 0.1 ms]
   [Eden: 10.0M(10.0M)->0.0B(82.0M) Survivors: 2048.0K->2048.0K Heap: 80.3M(256.0M)->74.0M(256.0M)]
 [Times: user=0.03 sys=0.00, real=0.01 secs] 
2014-07-10T16:13:48.952+0200: 79.936: [GC pause (young), 0.0537920 secs]
   [Parallel Time: 53.2 ms, GC Workers: 2]
      [GC Worker Start (ms): Min: 79935.6, Avg: 79935.6, Max: 79935.6, Diff: 0.0]
      [Ext Root Scanning (ms): Min: 0.9, Avg: 1.0, Max: 1.0, Diff: 0.1, Sum: 1.9]
      [Update RS (ms): Min: 0.4, Avg: 0.4, Max: 0.5, Diff: 0.2, Sum: 0.9]
         [Processed Buffers: Min: 1, Avg: 3.0, Max: 5, Diff: 4, Sum: 6]
      [Scan RS (ms): Min: 0.1, Avg: 0.1, Max: 0.1, Diff: 0.1, Sum: 0.2]
      [Code Root Scanning (ms): Min: 0.0, Avg: 0.1, Max: 0.1, Diff: 0.0, Sum: 0.1]
      [Object Copy (ms): Min: 51.6, Avg: 51.6, Max: 51.6, Diff: 0.0, Sum: 103.2]
      [Termination (ms): Min: 0.0, Avg: 0.0, Max: 0.0, Diff: 0.0, Sum: 0.0]
      [GC Worker Other (ms): Min: 0.0, Avg: 0.0, Max: 0.0, Diff: 0.0, Sum: 0.1]
      [GC Worker Total (ms): Min: 53.2, Avg: 53.2, Max: 53.2, Diff: 0.0, Sum: 106.4]
      [GC Worker End (ms): Min: 79988.8, Avg: 79988.8, Max: 79988.8, Diff: 0.0]
   [Code Root Fixup: 0.0 ms]
   [Code Root Migration: 0.0 ms]
   [Clear CT: 0.1 ms]
   [Other: 0.4 ms]
      [Choose CSet: 0.0 ms]
      [Ref Proc: 0.0 ms]
      [Ref Enq: 0.0 ms]
      [Free CSet: 0.1 ms]
   [Eden: 82.0M(82.0M)->0.0B(33.0M) Survivors: 2048.0K->11.0M Heap: 156.0M(256.0M)->163.5M(256.0M)]
 [Times: user=0.11 sys=0.00, real=0.05 secs] 
2014-07-10T16:13:49.060+0200: 80.043: [GC pause (young) (initial-mark), 0.0231399 secs]
   [Parallel Time: 22.6 ms, GC Workers: 2]
      [GC Worker Start (ms): Min: 80043.6, Avg: 80043.6, Max: 80043.6, Diff: 0.0]
      [Ext Root Scanning (ms): Min: 1.1, Avg: 1.1, Max: 1.2, Diff: 0.0, Sum: 2.3]
      [Code Root Marking (ms): Min: 0.1, Avg: 0.1, Max: 0.1, Diff: 0.0, Sum: 0.1]
      [Update RS (ms): Min: 1.1, Avg: 1.2, Max: 1.2, Diff: 0.1, Sum: 2.3]
         [Processed Buffers: Min: 5, Avg: 6.0, Max: 7, Diff: 2, Sum: 12]
      [Scan RS (ms): Min: 0.0, Avg: 0.1, Max: 0.1, Diff: 0.1, Sum: 0.1]
      [Code Root Scanning (ms): Min: 0.0, Avg: 0.0, Max: 0.1, Diff: 0.1, Sum: 0.1]
      [Object Copy (ms): Min: 20.1, Avg: 20.1, Max: 20.1, Diff: 0.0, Sum: 40.2]
      [Termination (ms): Min: 0.0, Avg: 0.0, Max: 0.0, Diff: 0.0, Sum: 0.0]
      [GC Worker Other (ms): Min: 0.0, Avg: 0.0, Max: 0.0, Diff: 0.0, Sum: 0.1]
      [GC Worker Total (ms): Min: 22.6, Avg: 22.6, Max: 22.6, Diff: 0.0, Sum: 45.2]
      [GC Worker End (ms): Min: 80066.2, Avg: 80066.2, Max: 80066.2, Diff: 0.0]
   [Code Root Fixup: 0.0 ms]
   [Code Root Migration: 0.0 ms]
   [Clear CT: 0.0 ms]
   [Other: 0.4 ms]
      [Choose CSet: 0.0 ms]
      [Ref Proc: 0.1 ms]
      [Ref Enq: 0.0 ms]
      [Free CSet: 0.1 ms]
   [Eden: 33.0M(33.0M)->0.0B(21.0M) Survivors: 11.0M->6144.0K Heap: 196.5M(256.0M)->186.5M(256.0M)]
 [Times: user=0.03 sys=0.00, real=0.02 secs] 
2014-07-10T16:13:49.083+0200: 80.067: [GC concurrent-root-region-scan-start]
2014-07-10T16:13:49.083+0200: 80.067: [GC concurrent-root-region-scan-end, 0.0000972 secs]
2014-07-10T16:13:49.083+0200: 80.067: [GC concurrent-mark-start]
2014-07-10T16:13:49.087+0200: 80.071: [GC concurrent-mark-end, 0.0038074 secs]
2014-07-10T16:13:49.088+0200: 80.072: [GC remark 2014-07-10T16:13:49.088+0200: 80.072: [GC ref-proc, 0.0000656 secs], 0.0014713 secs]
 [Times: user=0.00 sys=0.00, real=0.00 secs] 
2014-07-10T16:13:49.090+0200: 80.073: [GC cleanup 189M->92M(256M), 0.0012319 secs]
 [Times: user=0.00 sys=0.00, real=0.00 secs] 
2014-07-10T16:13:49.091+0200: 80.075: [GC concurrent-cleanup-start]
2014-07-10T16:13:49.091+0200: 80.075: [GC concurrent-cleanup-end, 0.0002002 secs]
2014-07-10T16:13:49.120+0200: 80.103: [GC pause (young), 0.0147233 secs]
   [Parallel Time: 14.4 ms, GC Workers: 2]
      [GC Worker Start (ms): Min: 80103.5, Avg: 80103.5, Max: 80103.5, Diff: 0.0]
      [Ext Root Scanning (ms): Min: 1.0, Avg: 1.0, Max: 1.1, Diff: 0.1, Sum: 2.0]
      [Update RS (ms): Min: 0.5, Avg: 0.5, Max: 0.5, Diff: 0.1, Sum: 1.0]
         [Processed Buffers: Min: 2, Avg: 3.5, Max: 5, Diff: 3, Sum: 7]
      [Scan RS (ms): Min: 0.0, Avg: 0.0, Max: 0.0, Diff: 0.0, Sum: 0.1]
      [Code Root Scanning (ms): Min: 0.0, Avg: 0.0, Max: 0.0, Diff: 0.0, Sum: 0.0]
      [Object Copy (ms): Min: 12.7, Avg: 12.7, Max: 12.7, Diff: 0.0, Sum: 25.5]
      [Termination (ms): Min: 0.0, Avg: 0.0, Max: 0.0, Diff: 0.0, Sum: 0.0]
      [GC Worker Other (ms): Min: 0.0, Avg: 0.0, Max: 0.0, Diff: 0.0, Sum: 0.1]
      [GC Worker Total (ms): Min: 14.3, Avg: 14.3, Max: 14.3, Diff: 0.0, Sum: 28.7]
      [GC Worker End (ms): Min: 80117.9, Avg: 80117.9, Max: 80117.9, Diff: 0.0]
   [Code Root Fixup: 0.0 ms]
   [Code Root Migration: 0.0 ms]
   [Clear CT: 0.0 ms]
   [Other: 0.2 ms]
      [Choose CSet: 0.0 ms]
      [Ref Proc: 0.0 ms]
      [Ref Enq: 0.0 ms]
      [Free CSet: 0.1 ms]
   [Eden: 21.0M(21.0M)->0.0B(8192.0K) Survivors: 6144.0K->4096.0K Heap: 110.5M(256.0M)->105.5M(256.0M)]
 [Times: user=0.02 sys=0.00, real=0.02 secs] 
2014-07-10T16:13:49.147+0200: 80.131: [GC pause (mixed), 0.0080302 secs]
   [Parallel Time: 7.6 ms, GC Workers: 2]
      [GC Worker Start (ms): Min: 80130.7, Avg: 80130.7, Max: 80130.7, Diff: 0.0]
      [Ext Root Scanning (ms): Min: 1.2, Avg: 1.2, Max: 1.3, Diff: 0.0, Sum: 2.5]
      [Update RS (ms): Min: 0.3, Avg: 0.3, Max: 0.3, Diff: 0.0, Sum: 0.6]
         [Processed Buffers: Min: 3, Avg: 3.5, Max: 4, Diff: 1, Sum: 7]
      [Scan RS (ms): Min: 0.1, Avg: 0.1, Max: 0.1, Diff: 0.0, Sum: 0.2]
      [Code Root Scanning (ms): Min: 0.0, Avg: 0.0, Max: 0.0, Diff: 0.0, Sum: 0.0]
      [Object Copy (ms): Min: 5.8, Avg: 5.8, Max: 5.8, Diff: 0.0, Sum: 11.6]
      [Termination (ms): Min: 0.0, Avg: 0.0, Max: 0.0, Diff: 0.0, Sum: 0.0]
      [GC Worker Other (ms): Min: 0.0, Avg: 0.0, Max: 0.0, Diff: 0.0, Sum: 0.1]
      [GC Worker Total (ms): Min: 7.5, Avg: 7.5, Max: 7.5, Diff: 0.0, Sum: 15.1]
      [GC Worker End (ms): Min: 80138.2, Avg: 80138.2, Max: 80138.2, Diff: 0.0]
   [Code Root Fixup: 0.0 ms]
   [Code Root Migration: 0.0 ms]
   [Clear CT: 0.0 ms]
   [Other: 0.4 ms]
      [Choose CSet: 0.0 ms]
      [Ref Proc: 0.1 ms]
      [Ref Enq: 0.0 ms]
      [Free CSet: 0.1 ms]
   [Eden: 8192.0K(8192.0K)->0.0B(65.0M) Survivors: 4096.0K->2048.0K Heap: 113.5M(256.0M)->101.5M(256.0M)]
 [Times: user=0.00 sys=0.00, real=0.01 secs] 
2014-07-10T16:13:49.263+0200: 80.247: [GC pause (young), 0.0453868 secs]
   [Parallel Time: 44.9 ms, GC Workers: 2]
      [GC Worker Start (ms): Min: 80246.7, Avg: 80249.2, Max: 80251.7, Diff: 5.0]
      [Ext Root Scanning (ms): Min: 0.0, Avg: 0.9, Max: 1.8, Diff: 1.8, Sum: 1.8]
      [Update RS (ms): Min: 0.0, Avg: 0.4, Max: 0.7, Diff: 0.7, Sum: 0.7]
         [Processed Buffers: Min: 0, Avg: 3.0, Max: 6, Diff: 6, Sum: 6]
      [Scan RS (ms): Min: 0.0, Avg: 0.1, Max: 0.2, Diff: 0.1, Sum: 0.2]
      [Code Root Scanning (ms): Min: 0.0, Avg: 0.0, Max: 0.1, Diff: 0.1, Sum: 0.1]
      [Object Copy (ms): Min: 39.8, Avg: 41.0, Max: 42.1, Diff: 2.3, Sum: 81.9]
      [Termination (ms): Min: 0.0, Avg: 0.0, Max: 0.0, Diff: 0.0, Sum: 0.0]
      [GC Worker Other (ms): Min: 0.0, Avg: 0.0, Max: 0.0, Diff: 0.0, Sum: 0.1]
      [GC Worker Total (ms): Min: 39.9, Avg: 42.4, Max: 44.9, Diff: 5.0, Sum: 84.8]
      [GC Worker End (ms): Min: 80291.6, Avg: 80291.6, Max: 80291.6, Diff: 0.0]
   [Code Root Fixup: 0.0 ms]
   [Code Root Migration: 0.0 ms]
   [Clear CT: 0.1 ms]
   [Other: 0.4 ms]
      [Choose CSet: 0.0 ms]
      [Ref Proc: 0.0 ms]
      [Ref Enq: 0.0 ms]
      [Free CSet: 0.1 ms]
   [Eden: 65.0M(65.0M)->0.0B(26.0M) Survivors: 2048.0K->9216.0K Heap: 166.5M(256.0M)->177.5M(256.0M)]
 [Times: user=0.09 sys=0.00, real=0.05 secs] 
2014-07-10T16:13:49.374+0200: 80.358: [GC pause (young) (initial-mark), 0.0180270 secs]
   [Parallel Time: 17.7 ms, GC Workers: 2]
      [GC Worker Start (ms): Min: 80357.6, Avg: 80357.6, Max: 80357.6, Diff: 0.0]
      [Ext Root Scanning (ms): Min: 0.9, Avg: 0.9, Max: 0.9, Diff: 0.0, Sum: 1.8]
      [Code Root Marking (ms): Min: 0.0, Avg: 0.0, Max: 0.1, Diff: 0.0, Sum: 0.1]
      [Update RS (ms): Min: 0.8, Avg: 0.8, Max: 0.9, Diff: 0.1, Sum: 1.6]
         [Processed Buffers: Min: 4, Avg: 5.0, Max: 6, Diff: 2, Sum: 10]
      [Scan RS (ms): Min: 0.0, Avg: 0.0, Max: 0.1, Diff: 0.1, Sum: 0.1]
      [Code Root Scanning (ms): Min: 0.0, Avg: 0.0, Max: 0.0, Diff: 0.0, Sum: 0.0]
      [Object Copy (ms): Min: 15.7, Avg: 15.7, Max: 15.7, Diff: 0.0, Sum: 31.4]
      [Termination (ms): Min: 0.0, Avg: 0.0, Max: 0.0, Diff: 0.0, Sum: 0.0]
      [GC Worker Other (ms): Min: 0.0, Avg: 0.0, Max: 0.0, Diff: 0.0, Sum: 0.1]
      [GC Worker Total (ms): Min: 17.6, Avg: 17.6, Max: 17.6, Diff: 0.0, Sum: 35.1]
      [GC Worker End (ms): Min: 80375.2, Avg: 80375.2, Max: 80375.2, Diff: 0.0]
   [Code Root Fixup: 0.0 ms]
   [Code Root Migration: 0.0 ms]
   [Clear CT: 0.0 ms]
   [Other: 0.3 ms]
      [Choose CSet: 0.0 ms]
      [Ref Proc: 0.0 ms]
      [Ref Enq: 0.0 ms]
      [Free CSet: 0.1 ms]
   [Eden: 26.0M(26.0M)->0.0B(17.0M) Survivors: 9216.0K->5120.0K Heap: 203.5M(256.0M)->195.5M(256.0M)]
 [Times: user=0.03 sys=0.00, real=0.02 secs] 
2014-07-10T16:13:49.392+0200: 80.376: [GC concurrent-root-region-scan-start]
2014-07-10T16:13:49.392+0200: 80.376: [GC concurrent-root-region-scan-end, 0.0000891 secs]
2014-07-10T16:13:49.392+0200: 80.376: [GC concurrent-mark-start]
2014-07-10T16:13:49.396+0200: 80.380: [GC concurrent-mark-end, 0.0039185 secs]
2014-07-10T16:13:49.396+0200: 80.380: [GC remark 2014-07-10T16:13:49.396+0200: 80.380: [GC ref-proc, 0.0000711 secs], 0.0010013 secs]
 [Times: user=0.00 sys=0.00, real=0.00 secs] 
2014-07-10T16:13:49.398+0200: 80.381: [GC cleanup 199M->83M(256M), 0.0010760 secs]
 [Times: user=0.00 sys=0.00, real=0.00 secs] 
2014-07-10T16:13:49.399+0200: 80.382: [GC concurrent-cleanup-start]
2014-07-10T16:13:49.399+0200: 80.383: [GC concurrent-cleanup-end, 0.0002310 secs]
2014-07-10T16:13:49.422+0200: 80.406: [GC pause (young), 0.0121390 secs]
   [Parallel Time: 11.9 ms, GC Workers: 2]
      [GC Worker Start (ms): Min: 80405.6, Avg: 80405.6, Max: 80405.6, Diff: 0.0]
      [Ext Root Scanning (ms): Min: 1.1, Avg: 1.1, Max: 1.1, Diff: 0.1, Sum: 2.2]
      [Update RS (ms): Min: 0.4, Avg: 0.4, Max: 0.4, Diff: 0.0, Sum: 0.9]
         [Processed Buffers: Min: 2, Avg: 3.0, Max: 4, Diff: 2, Sum: 6]
      [Scan RS (ms): Min: 0.0, Avg: 0.0, Max: 0.1, Diff: 0.0, Sum: 0.1]
      [Code Root Scanning (ms): Min: 0.0, Avg: 0.0, Max: 0.0, Diff: 0.0, Sum: 0.0]
      [Object Copy (ms): Min: 10.2, Avg: 10.2, Max: 10.3, Diff: 0.0, Sum: 20.5]
      [Termination (ms): Min: 0.0, Avg: 0.0, Max: 0.0, Diff: 0.0, Sum: 0.0]
      [GC Worker Other (ms): Min: 0.0, Avg: 0.0, Max: 0.0, Diff: 0.0, Sum: 0.1]
      [GC Worker Total (ms): Min: 11.8, Avg: 11.8, Max: 11.8, Diff: 0.0, Sum: 23.7]
      [GC Worker End (ms): Min: 80417.5, Avg: 80417.5, Max: 80417.5, Diff: 0.0]
   [Code Root Fixup: 0.0 ms]
   [Code Root Migration: 0.0 ms]
   [Clear CT: 0.0 ms]
   [Other: 0.2 ms]
      [Choose CSet: 0.0 ms]
      [Ref Proc: 0.0 ms]
      [Ref Enq: 0.0 ms]
      [Free CSet: 0.1 ms]
   [Eden: 17.0M(17.0M)->0.0B(9216.0K) Survivors: 5120.0K->3072.0K Heap: 96.5M(256.0M)->93.0M(256.0M)]
 [Times: user=0.03 sys=0.00, real=0.01 secs] 
2014-07-10T16:13:49.447+0200: 80.431: [GC pause (mixed), 0.0265345 secs]
   [Parallel Time: 25.8 ms, GC Workers: 2]
      [GC Worker Start (ms): Min: 80430.7, Avg: 80430.7, Max: 80430.7, Diff: 0.0]
      [Ext Root Scanning (ms): Min: 1.2, Avg: 1.3, Max: 1.3, Diff: 0.1, Sum: 2.6]
      [Update RS (ms): Min: 0.4, Avg: 11.0, Max: 21.6, Diff: 21.2, Sum: 22.0]
         [Processed Buffers: Min: 1, Avg: 3.0, Max: 5, Diff: 4, Sum: 6]
      [Scan RS (ms): Min: 0.0, Avg: 0.1, Max: 0.1, Diff: 0.1, Sum: 0.1]
      [Code Root Scanning (ms): Min: 0.0, Avg: 0.0, Max: 0.0, Diff: 0.0, Sum: 0.0]
      [Object Copy (ms): Min: 0.1, Avg: 4.7, Max: 9.4, Diff: 9.3, Sum: 9.4]
      [Termination (ms): Min: 0.0, Avg: 7.3, Max: 14.7, Diff: 14.7, Sum: 14.7]
      [GC Worker Other (ms): Min: 0.0, Avg: 0.0, Max: 0.0, Diff: 0.0, Sum: 0.1]
      [GC Worker Total (ms): Min: 23.1, Avg: 24.4, Max: 25.8, Diff: 2.8, Sum: 48.9]
      [GC Worker End (ms): Min: 80453.8, Avg: 80455.2, Max: 80456.5, Diff: 2.8]
   [Code Root Fixup: 0.0 ms]
   [Code Root Migration: 0.0 ms]
   [Clear CT: 0.0 ms]
   [Other: 0.6 ms]
      [Choose CSet: 0.0 ms]
      [Ref Proc: 0.5 ms]
      [Ref Enq: 0.0 ms]
      [Free CSet: 0.1 ms]
   [Eden: 9216.0K(9216.0K)->0.0B(69.0M) Survivors: 3072.0K->2048.0K Heap: 102.0M(256.0M)->98.0M(256.0M)]
 [Times: user=0.03 sys=0.00, real=0.03 secs] 
2014-07-10T16:13:49.586+0200: 80.570: [GC pause (young), 0.0449281 secs]
   [Parallel Time: 44.3 ms, GC Workers: 2]
      [GC Worker Start (ms): Min: 80569.8, Avg: 80569.8, Max: 80569.8, Diff: 0.0]
      [Ext Root Scanning (ms): Min: 1.0, Avg: 1.1, Max: 1.1, Diff: 0.0, Sum: 2.1]
      [Update RS (ms): Min: 0.2, Avg: 0.4, Max: 0.5, Diff: 0.3, Sum: 0.7]
         [Processed Buffers: Min: 1, Avg: 2.5, Max: 4, Diff: 3, Sum: 5]
      [Scan RS (ms): Min: 0.0, Avg: 0.1, Max: 0.2, Diff: 0.2, Sum: 0.2]
      [Code Root Scanning (ms): Min: 0.0, Avg: 0.0, Max: 0.1, Diff: 0.1, Sum: 0.1]
      [Object Copy (ms): Min: 42.7, Avg: 42.7, Max: 42.7, Diff: 0.0, Sum: 85.3]
      [Termination (ms): Min: 0.0, Avg: 0.0, Max: 0.0, Diff: 0.0, Sum: 0.0]
      [GC Worker Other (ms): Min: 0.0, Avg: 0.0, Max: 0.0, Diff: 0.0, Sum: 0.1]
      [GC Worker Total (ms): Min: 44.3, Avg: 44.3, Max: 44.3, Diff: 0.0, Sum: 88.6]
      [GC Worker End (ms): Min: 80614.1, Avg: 80614.1, Max: 80614.1, Diff: 0.0]
   [Code Root Fixup: 0.0 ms]
   [Code Root Migration: 0.0 ms]
   [Clear CT: 0.1 ms]
   [Other: 0.5 ms]
      [Choose CSet: 0.0 ms]
      [Ref Proc: 0.0 ms]
      [Ref Enq: 0.0 ms]
      [Free CSet: 0.2 ms]
   [Eden: 69.0M(69.0M)->0.0B(32.0M) Survivors: 2048.0K->9216.0K Heap: 167.0M(256.0M)->165.5M(256.0M)]
 [Times: user=0.09 sys=0.00, real=0.05 secs] 
2014-07-10T16:13:49.687+0200: 80.671: [GC pause (young) (initial-mark), 0.0226186 secs]
   [Parallel Time: 22.1 ms, GC Workers: 2]
      [GC Worker Start (ms): Min: 80670.7, Avg: 80670.7, Max: 80670.7, Diff: 0.0]
      [Ext Root Scanning (ms): Min: 1.1, Avg: 1.1, Max: 1.1, Diff: 0.0, Sum: 2.2]
      [Code Root Marking (ms): Min: 0.1, Avg: 0.1, Max: 0.1, Diff: 0.0, Sum: 0.1]
      [Update RS (ms): Min: 0.9, Avg: 0.9, Max: 0.9, Diff: 0.0, Sum: 1.8]
         [Processed Buffers: Min: 5, Avg: 5.0, Max: 5, Diff: 0, Sum: 10]
      [Scan RS (ms): Min: 0.1, Avg: 0.1, Max: 0.1, Diff: 0.0, Sum: 0.1]
      [Code Root Scanning (ms): Min: 0.0, Avg: 0.0, Max: 0.0, Diff: 0.0, Sum: 0.1]
      [Object Copy (ms): Min: 19.9, Avg: 19.9, Max: 19.9, Diff: 0.0, Sum: 39.8]
      [Termination (ms): Min: 0.0, Avg: 0.0, Max: 0.0, Diff: 0.0, Sum: 0.0]
      [GC Worker Other (ms): Min: 0.0, Avg: 0.0, Max: 0.0, Diff: 0.0, Sum: 0.1]
      [GC Worker Total (ms): Min: 22.1, Avg: 22.1, Max: 22.1, Diff: 0.0, Sum: 44.2]
      [GC Worker End (ms): Min: 80692.8, Avg: 80692.8, Max: 80692.8, Diff: 0.0]
   [Code Root Fixup: 0.0 ms]
   [Code Root Migration: 0.0 ms]
   [Clear CT: 0.1 ms]
   [Other: 0.3 ms]
      [Choose CSet: 0.0 ms]
      [Ref Proc: 0.1 ms]
      [Ref Enq: 0.0 ms]
      [Free CSet: 0.1 ms]
   [Eden: 32.0M(32.0M)->0.0B(19.0M) Survivors: 9216.0K->6144.0K Heap: 197.5M(256.0M)->190.0M(256.0M)]
 [Times: user=0.06 sys=0.00, real=0.02 secs] 
2014-07-10T16:13:49.710+0200: 80.694: [GC concurrent-root-region-scan-start]
2014-07-10T16:13:49.710+0200: 80.694: [GC concurrent-root-region-scan-end, 0.0001001 secs]
2014-07-10T16:13:49.710+0200: 80.694: [GC concurrent-mark-start]
2014-07-10T16:13:49.713+0200: 80.697: [GC concurrent-mark-end, 0.0033957 secs]
2014-07-10T16:13:49.714+0200: 80.698: [GC remark 2014-07-10T16:13:49.714+0200: 80.698: [GC ref-proc, 0.0000700 secs], 0.0012289 secs]
 [Times: user=0.00 sys=0.00, real=0.00 secs] 
2014-07-10T16:13:49.716+0200: 80.699: [GC cleanup 193M->92M(256M), 0.0012561 secs]
 [Times: user=0.00 sys=0.00, real=0.00 secs] 
2014-07-10T16:13:49.717+0200: 80.701: [GC concurrent-cleanup-start]
2014-07-10T16:13:49.717+0200: 80.701: [GC concurrent-cleanup-end, 0.0002097 secs]
2014-07-10T16:13:49.741+0200: 80.725: [GC pause (young), 0.0151897 secs]
   [Parallel Time: 14.8 ms, GC Workers: 2]
      [GC Worker Start (ms): Min: 80725.0, Avg: 80725.0, Max: 80725.0, Diff: 0.0]
      [Ext Root Scanning (ms): Min: 1.0, Avg: 1.1, Max: 1.2, Diff: 0.1, Sum: 2.2]
      [Update RS (ms): Min: 0.5, Avg: 0.5, Max: 0.5, Diff: 0.1, Sum: 1.0]
         [Processed Buffers: Min: 2, Avg: 3.0, Max: 4, Diff: 2, Sum: 6]
      [Scan RS (ms): Min: 0.0, Avg: 0.0, Max: 0.0, Diff: 0.0, Sum: 0.1]
      [Code Root Scanning (ms): Min: 0.0, Avg: 0.0, Max: 0.0, Diff: 0.0, Sum: 0.0]
      [Object Copy (ms): Min: 13.1, Avg: 13.1, Max: 13.1, Diff: 0.1, Sum: 26.2]
      [Termination (ms): Min: 0.0, Avg: 0.0, Max: 0.0, Diff: 0.0, Sum: 0.0]
      [GC Worker Other (ms): Min: 0.0, Avg: 0.0, Max: 0.0, Diff: 0.0, Sum: 0.1]
      [GC Worker Total (ms): Min: 14.8, Avg: 14.8, Max: 14.8, Diff: 0.0, Sum: 29.6]
      [GC Worker End (ms): Min: 80739.8, Avg: 80739.8, Max: 80739.8, Diff: 0.0]
   [Code Root Fixup: 0.0 ms]
   [Code Root Migration: 0.0 ms]
   [Clear CT: 0.0 ms]
   [Other: 0.3 ms]
      [Choose CSet: 0.0 ms]
      [Ref Proc: 0.1 ms]
      [Ref Enq: 0.0 ms]
      [Free CSet: 0.1 ms]
   [Eden: 19.0M(19.0M)->0.0B(8192.0K) Survivors: 6144.0K->4096.0K Heap: 108.0M(256.0M)->105.5M(256.0M)]
 [Times: user=0.03 sys=0.00, real=0.02 secs] 
2014-07-10T16:13:49.775+0200: 80.759: [GC pause (mixed), 0.0074300 secs]
   [Parallel Time: 7.0 ms, GC Workers: 2]
      [GC Worker Start (ms): Min: 80758.8, Avg: 80758.8, Max: 80758.8, Diff: 0.0]
      [Ext Root Scanning (ms): Min: 0.9, Avg: 0.9, Max: 0.9, Diff: 0.1, Sum: 1.8]
      [Update RS (ms): Min: 0.2, Avg: 0.3, Max: 0.3, Diff: 0.1, Sum: 0.5]
         [Processed Buffers: Min: 1, Avg: 3.5, Max: 6, Diff: 5, Sum: 7]
      [Scan RS (ms): Min: 0.1, Avg: 0.1, Max: 0.1, Diff: 0.0, Sum: 0.2]
      [Code Root Scanning (ms): Min: 0.0, Avg: 0.0, Max: 0.0, Diff: 0.0, Sum: 0.0]
      [Object Copy (ms): Min: 5.7, Avg: 5.7, Max: 5.7, Diff: 0.0, Sum: 11.3]
      [Termination (ms): Min: 0.0, Avg: 0.0, Max: 0.0, Diff: 0.0, Sum: 0.0]
      [GC Worker Other (ms): Min: 0.0, Avg: 0.0, Max: 0.0, Diff: 0.0, Sum: 0.1]
      [GC Worker Total (ms): Min: 7.0, Avg: 7.0, Max: 7.0, Diff: 0.0, Sum: 14.0]
      [GC Worker End (ms): Min: 80765.8, Avg: 80765.8, Max: 80765.8, Diff: 0.0]
   [Code Root Fixup: 0.0 ms]
   [Code Root Migration: 0.0 ms]
   [Clear CT: 0.1 ms]
   [Other: 0.3 ms]
      [Choose CSet: 0.0 ms]
      [Ref Proc: 0.0 ms]
      [Ref Enq: 0.0 ms]
      [Free CSet: 0.1 ms]
   [Eden: 8192.0K(8192.0K)->0.0B(65.0M) Survivors: 4096.0K->2048.0K Heap: 113.5M(256.0M)->98.5M(256.0M)]
 [Times: user=0.00 sys=0.00, real=0.01 secs] 
2014-07-10T16:13:49.907+0200: 80.891: [GC pause (young), 0.0435100 secs]
   [Parallel Time: 43.0 ms, GC Workers: 2]
      [GC Worker Start (ms): Min: 80890.6, Avg: 80890.6, Max: 80890.6, Diff: 0.0]
      [Ext Root Scanning (ms): Min: 1.0, Avg: 1.0, Max: 1.0, Diff: 0.1, Sum: 2.0]
      [Update RS (ms): Min: 0.4, Avg: 0.4, Max: 0.4, Diff: 0.0, Sum: 0.8]
         [Processed Buffers: Min: 1, Avg: 2.5, Max: 4, Diff: 3, Sum: 5]
      [Scan RS (ms): Min: 0.1, Avg: 0.1, Max: 0.1, Diff: 0.0, Sum: 0.2]
      [Code Root Scanning (ms): Min: 0.0, Avg: 0.0, Max: 0.1, Diff: 0.0, Sum: 0.1]
      [Object Copy (ms): Min: 41.4, Avg: 41.4, Max: 41.4, Diff: 0.0, Sum: 82.9]
      [Termination (ms): Min: 0.0, Avg: 0.0, Max: 0.0, Diff: 0.0, Sum: 0.0]
      [GC Worker Other (ms): Min: 0.0, Avg: 0.0, Max: 0.0, Diff: 0.0, Sum: 0.1]
      [GC Worker Total (ms): Min: 43.0, Avg: 43.0, Max: 43.0, Diff: 0.0, Sum: 86.0]
      [GC Worker End (ms): Min: 80933.6, Avg: 80933.6, Max: 80933.6, Diff: 0.0]
   [Code Root Fixup: 0.0 ms]
   [Code Root Migration: 0.0 ms]
   [Clear CT: 0.1 ms]
   [Other: 0.4 ms]
      [Choose CSet: 0.0 ms]
      [Ref Proc: 0.1 ms]
      [Ref Enq: 0.0 ms]
      [Free CSet: 0.1 ms]
   [Eden: 65.0M(65.0M)->0.0B(29.0M) Survivors: 2048.0K->9216.0K Heap: 163.5M(256.0M)->171.5M(256.0M)]
 [Times: user=0.09 sys=0.00, real=0.04 secs] 
2014-07-10T16:13:49.997+0200: 80.981: [GC pause (young) (initial-mark), 0.0202260 secs]
   [Parallel Time: 19.9 ms, GC Workers: 2]
      [GC Worker Start (ms): Min: 80980.7, Avg: 80980.7, Max: 80980.7, Diff: 0.0]
      [Ext Root Scanning (ms): Min: 1.1, Avg: 1.1, Max: 1.1, Diff: 0.0, Sum: 2.1]
      [Code Root Marking (ms): Min: 0.0, Avg: 0.1, Max: 0.1, Diff: 0.0, Sum: 0.1]
      [Update RS (ms): Min: 0.9, Avg: 0.9, Max: 0.9, Diff: 0.0, Sum: 1.7]
         [Processed Buffers: Min: 4, Avg: 5.5, Max: 7, Diff: 3, Sum: 11]
      [Scan RS (ms): Min: 0.0, Avg: 0.1, Max: 0.1, Diff: 0.0, Sum: 0.1]
      [Code Root Scanning (ms): Min: 0.0, Avg: 0.0, Max: 0.0, Diff: 0.0, Sum: 0.0]
      [Object Copy (ms): Min: 17.7, Avg: 17.7, Max: 17.7, Diff: 0.0, Sum: 35.4]
      [Termination (ms): Min: 0.0, Avg: 0.0, Max: 0.0, Diff: 0.0, Sum: 0.0]
      [GC Worker Other (ms): Min: 0.0, Avg: 0.0, Max: 0.0, Diff: 0.0, Sum: 0.1]
      [GC Worker Total (ms): Min: 19.8, Avg: 19.8, Max: 19.8, Diff: 0.0, Sum: 39.6]
      [GC Worker End (ms): Min: 81000.5, Avg: 81000.5, Max: 81000.5, Diff: 0.0]
   [Code Root Fixup: 0.0 ms]
   [Code Root Migration: 0.0 ms]
   [Clear CT: 0.0 ms]
   [Other: 0.3 ms]
      [Choose CSet: 0.0 ms]
      [Ref Proc: 0.1 ms]
      [Ref Enq: 0.0 ms]
      [Free CSet: 0.1 ms]
   [Eden: 29.0M(29.0M)->0.0B(18.0M) Survivors: 9216.0K->5120.0K Heap: 200.5M(256.0M)->192.5M(256.0M)]
 [Times: user=0.03 sys=0.00, real=0.02 secs] 
2014-07-10T16:13:50.017+0200: 81.001: [GC concurrent-root-region-scan-start]
2014-07-10T16:13:50.017+0200: 81.001: [GC concurrent-root-region-scan-end, 0.0000884 secs]
2014-07-10T16:13:50.017+0200: 81.001: [GC concurrent-mark-start]
2014-07-10T16:13:50.024+0200: 81.008: [GC concurrent-mark-end, 0.0034228 secs]
2014-07-10T16:13:50.024+0200: 81.008: [GC remark 2014-07-10T16:13:50.024+0200: 81.008: [GC ref-proc, 0.0000660 secs], 0.0014914 secs]
 [Times: user=0.00 sys=0.00, real=0.00 secs] 
2014-07-10T16:13:50.030+0200: 81.014: [GC cleanup 195M->94M(256M), 0.0015692 secs]
 [Times: user=0.00 sys=0.00, real=0.00 secs] 
2014-07-10T16:13:50.032+0200: 81.016: [GC concurrent-cleanup-start]
2014-07-10T16:13:50.032+0200: 81.016: [GC concurrent-cleanup-end, 0.0002225 secs]
2014-07-10T16:13:50.053+0200: 81.037: [GC pause (young), 0.0127421 secs]
   [Parallel Time: 12.4 ms, GC Workers: 2]
      [GC Worker Start (ms): Min: 81036.7, Avg: 81036.7, Max: 81036.7, Diff: 0.0]
      [Ext Root Scanning (ms): Min: 1.0, Avg: 1.0, Max: 1.1, Diff: 0.1, Sum: 2.1]
      [Update RS (ms): Min: 0.5, Avg: 0.5, Max: 0.5, Diff: 0.0, Sum: 0.9]
         [Processed Buffers: Min: 2, Avg: 2.5, Max: 3, Diff: 1, Sum: 5]
      [Scan RS (ms): Min: 0.0, Avg: 0.0, Max: 0.0, Diff: 0.0, Sum: 0.1]
      [Code Root Scanning (ms): Min: 0.0, Avg: 0.0, Max: 0.0, Diff: 0.0, Sum: 0.0]
      [Object Copy (ms): Min: 10.8, Avg: 10.8, Max: 10.8, Diff: 0.0, Sum: 21.6]
      [Termination (ms): Min: 0.0, Avg: 0.0, Max: 0.0, Diff: 0.0, Sum: 0.0]
      [GC Worker Other (ms): Min: 0.0, Avg: 0.0, Max: 0.0, Diff: 0.0, Sum: 0.0]
      [GC Worker Total (ms): Min: 12.4, Avg: 12.4, Max: 12.4, Diff: 0.0, Sum: 24.8]
      [GC Worker End (ms): Min: 81049.1, Avg: 81049.1, Max: 81049.1, Diff: 0.0]
   [Code Root Fixup: 0.0 ms]
   [Code Root Migration: 0.0 ms]
   [Clear CT: 0.0 ms]
   [Other: 0.2 ms]
      [Choose CSet: 0.0 ms]
      [Ref Proc: 0.0 ms]
      [Ref Enq: 0.0 ms]
      [Free CSet: 0.1 ms]
   [Eden: 18.0M(18.0M)->0.0B(9216.0K) Survivors: 5120.0K->3072.0K Heap: 109.5M(256.0M)->105.0M(256.0M)]
 [Times: user=0.00 sys=0.00, real=0.01 secs] 
2014-07-10T16:13:50.080+0200: 81.064: [GC pause (mixed), 0.0107821 secs]
   [Parallel Time: 10.3 ms, GC Workers: 2]
      [GC Worker Start (ms): Min: 81063.8, Avg: 81063.8, Max: 81063.8, Diff: 0.0]
      [Ext Root Scanning (ms): Min: 1.2, Avg: 1.3, Max: 1.3, Diff: 0.1, Sum: 2.5]
      [Update RS (ms): Min: 0.3, Avg: 0.4, Max: 0.4, Diff: 0.0, Sum: 0.7]
         [Processed Buffers: Min: 1, Avg: 3.5, Max: 6, Diff: 5, Sum: 7]
      [Scan RS (ms): Min: 0.1, Avg: 0.1, Max: 0.1, Diff: 0.0, Sum: 0.2]
      [Code Root Scanning (ms): Min: 0.0, Avg: 0.0, Max: 0.0, Diff: 0.0, Sum: 0.0]
      [Object Copy (ms): Min: 8.5, Avg: 8.5, Max: 8.5, Diff: 0.0, Sum: 16.9]
      [Termination (ms): Min: 0.0, Avg: 0.0, Max: 0.0, Diff: 0.0, Sum: 0.0]
      [GC Worker Other (ms): Min: 0.0, Avg: 0.0, Max: 0.0, Diff: 0.0, Sum: 0.1]
      [GC Worker Total (ms): Min: 10.2, Avg: 10.3, Max: 10.3, Diff: 0.0, Sum: 20.5]
      [GC Worker End (ms): Min: 81074.1, Avg: 81074.1, Max: 81074.1, Diff: 0.0]
   [Code Root Fixup: 0.0 ms]
   [Code Root Migration: 0.0 ms]
   [Clear CT: 0.1 ms]
   [Other: 0.3 ms]
      [Choose CSet: 0.0 ms]
      [Ref Proc: 0.0 ms]
      [Ref Enq: 0.0 ms]
      [Free CSet: 0.2 ms]
   [Eden: 9216.0K(9216.0K)->0.0B(66.0M) Survivors: 3072.0K->2048.0K Heap: 114.0M(256.0M)->100.0M(256.0M)]
 [Times: user=0.03 sys=0.00, real=0.01 secs] 
2014-07-10T16:13:50.209+0200: 81.193: [GC pause (young), 0.0432013 secs]
   [Parallel Time: 42.8 ms, GC Workers: 2]
      [GC Worker Start (ms): Min: 81192.7, Avg: 81192.7, Max: 81192.7, Diff: 0.0]
      [Ext Root Scanning (ms): Min: 0.9, Avg: 1.0, Max: 1.0, Diff: 0.1, Sum: 1.9]
      [Update RS (ms): Min: 0.4, Avg: 0.4, Max: 0.4, Diff: 0.1, Sum: 0.8]
         [Processed Buffers: Min: 1, Avg: 3.0, Max: 5, Diff: 4, Sum: 6]
      [Scan RS (ms): Min: 0.1, Avg: 0.1, Max: 0.1, Diff: 0.0, Sum: 0.2]
      [Code Root Scanning (ms): Min: 0.0, Avg: 0.0, Max: 0.0, Diff: 0.0, Sum: 0.1]
      [Object Copy (ms): Min: 41.2, Avg: 41.2, Max: 41.2, Diff: 0.0, Sum: 82.4]
      [Termination (ms): Min: 0.0, Avg: 0.0, Max: 0.0, Diff: 0.0, Sum: 0.0]
      [GC Worker Other (ms): Min: 0.0, Avg: 0.0, Max: 0.0, Diff: 0.0, Sum: 0.0]
      [GC Worker Total (ms): Min: 42.7, Avg: 42.7, Max: 42.7, Diff: 0.0, Sum: 85.5]
      [GC Worker End (ms): Min: 81235.4, Avg: 81235.4, Max: 81235.4, Diff: 0.0]
   [Code Root Fixup: 0.0 ms]
   [Code Root Migration: 0.0 ms]
   [Clear CT: 0.1 ms]
   [Other: 0.4 ms]
      [Choose CSet: 0.0 ms]
      [Ref Proc: 0.0 ms]
      [Ref Enq: 0.0 ms]
      [Free CSet: 0.1 ms]
   [Eden: 66.0M(66.0M)->0.0B(29.0M) Survivors: 2048.0K->9216.0K Heap: 166.0M(256.0M)->170.5M(256.0M)]
 [Times: user=0.06 sys=0.00, real=0.04 secs] 
2014-07-10T16:13:50.318+0200: 81.302: [GC pause (young) (initial-mark), 0.0205717 secs]
   [Parallel Time: 20.1 ms, GC Workers: 2]
      [GC Worker Start (ms): Min: 81301.8, Avg: 81301.8, Max: 81301.8, Diff: 0.0]
      [Ext Root Scanning (ms): Min: 1.0, Avg: 1.0, Max: 1.1, Diff: 0.0, Sum: 2.1]
      [Code Root Marking (ms): Min: 0.0, Avg: 0.1, Max: 0.1, Diff: 0.0, Sum: 0.1]
      [Update RS (ms): Min: 1.0, Avg: 1.6, Max: 2.2, Diff: 1.2, Sum: 3.2]
         [Processed Buffers: Min: 3, Avg: 4.5, Max: 6, Diff: 3, Sum: 9]
      [Scan RS (ms): Min: 0.0, Avg: 0.1, Max: 0.1, Diff: 0.1, Sum: 0.1]
      [Code Root Scanning (ms): Min: 0.0, Avg: 0.0, Max: 0.0, Diff: 0.0, Sum: 0.0]
      [Object Copy (ms): Min: 16.8, Avg: 17.3, Max: 17.8, Diff: 1.1, Sum: 34.6]
      [Termination (ms): Min: 0.0, Avg: 0.0, Max: 0.0, Diff: 0.0, Sum: 0.0]
      [GC Worker Other (ms): Min: 0.0, Avg: 0.0, Max: 0.0, Diff: 0.0, Sum: 0.1]
      [GC Worker Total (ms): Min: 20.1, Avg: 20.1, Max: 20.1, Diff: 0.0, Sum: 40.2]
      [GC Worker End (ms): Min: 81321.9, Avg: 81321.9, Max: 81321.9, Diff: 0.0]
   [Code Root Fixup: 0.0 ms]
   [Code Root Migration: 0.0 ms]
   [Clear CT: 0.0 ms]
   [Other: 0.3 ms]
      [Choose CSet: 0.0 ms]
      [Ref Proc: 0.1 ms]
      [Ref Enq: 0.0 ms]
      [Free CSet: 0.1 ms]
   [Eden: 29.0M(29.0M)->0.0B(19.0M) Survivors: 9216.0K->5120.0K Heap: 199.5M(256.0M)->190.0M(256.0M)]
 [Times: user=0.01 sys=0.00, real=0.02 secs] 
2014-07-10T16:13:50.339+0200: 81.323: [GC concurrent-root-region-scan-start]
2014-07-10T16:13:50.339+0200: 81.323: [GC concurrent-root-region-scan-end, 0.0001071 secs]
2014-07-10T16:13:50.339+0200: 81.323: [GC concurrent-mark-start]
2014-07-10T16:13:50.342+0200: 81.326: [GC concurrent-mark-end, 0.0032578 secs]
2014-07-10T16:13:50.344+0200: 81.328: [GC remark 2014-07-10T16:13:50.344+0200: 81.328: [GC ref-proc, 0.0000682 secs], 0.0010845 secs]
 [Times: user=0.00 sys=0.00, real=0.00 secs] 
2014-07-10T16:13:50.346+0200: 81.329: [GC cleanup 191M->96M(256M), 0.0008601 secs]
 [Times: user=0.00 sys=0.00, real=0.00 secs] 
2014-07-10T16:13:50.346+0200: 81.330: [GC concurrent-cleanup-start]
2014-07-10T16:13:50.347+0200: 81.331: [GC concurrent-cleanup-end, 0.0001738 secs]
2014-07-10T16:13:50.375+0200: 81.359: [GC pause (young), 0.0137642 secs]
   [Parallel Time: 13.3 ms, GC Workers: 2]
      [GC Worker Start (ms): Min: 81358.7, Avg: 81358.7, Max: 81358.7, Diff: 0.0]
      [Ext Root Scanning (ms): Min: 1.0, Avg: 1.0, Max: 1.0, Diff: 0.0, Sum: 2.0]
      [Update RS (ms): Min: 0.5, Avg: 0.5, Max: 0.5, Diff: 0.0, Sum: 0.9]
         [Processed Buffers: Min: 3, Avg: 3.5, Max: 4, Diff: 1, Sum: 7]
      [Scan RS (ms): Min: 0.0, Avg: 0.0, Max: 0.0, Diff: 0.0, Sum: 0.1]
      [Code Root Scanning (ms): Min: 0.0, Avg: 0.0, Max: 0.0, Diff: 0.0, Sum: 0.0]
      [Object Copy (ms): Min: 11.7, Avg: 11.7, Max: 11.7, Diff: 0.0, Sum: 23.4]
      [Termination (ms): Min: 0.0, Avg: 0.0, Max: 0.0, Diff: 0.0, Sum: 0.0]
      [GC Worker Other (ms): Min: 0.0, Avg: 0.0, Max: 0.0, Diff: 0.0, Sum: 0.1]
      [GC Worker Total (ms): Min: 13.3, Avg: 13.3, Max: 13.3, Diff: 0.0, Sum: 26.5]
      [GC Worker End (ms): Min: 81372.0, Avg: 81372.0, Max: 81372.0, Diff: 0.0]
   [Code Root Fixup: 0.0 ms]
   [Code Root Migration: 0.0 ms]
   [Clear CT: 0.0 ms]
   [Other: 0.4 ms]
      [Choose CSet: 0.0 ms]
      [Ref Proc: 0.2 ms]
      [Ref Enq: 0.0 ms]
      [Free CSet: 0.1 ms]
   [Eden: 19.0M(19.0M)->0.0B(9216.0K) Survivors: 5120.0K->3072.0K Heap: 114.0M(256.0M)->110.5M(256.0M)]
 [Times: user=0.03 sys=0.00, real=0.01 secs] 
2014-07-10T16:13:50.403+0200: 81.387: [GC pause (mixed), 0.0113225 secs]
   [Parallel Time: 10.9 ms, GC Workers: 2]
      [GC Worker Start (ms): Min: 81386.7, Avg: 81386.7, Max: 81386.7, Diff: 0.0]
      [Ext Root Scanning (ms): Min: 1.0, Avg: 1.0, Max: 1.1, Diff: 0.1, Sum: 2.1]
      [Update RS (ms): Min: 0.3, Avg: 0.3, Max: 0.3, Diff: 0.1, Sum: 0.6]
         [Processed Buffers: Min: 2, Avg: 3.5, Max: 5, Diff: 3, Sum: 7]
      [Scan RS (ms): Min: 0.1, Avg: 0.1, Max: 0.1, Diff: 0.0, Sum: 0.2]
      [Code Root Scanning (ms): Min: 0.0, Avg: 0.0, Max: 0.0, Diff: 0.0, Sum: 0.0]
      [Object Copy (ms): Min: 9.3, Avg: 9.3, Max: 9.4, Diff: 0.1, Sum: 18.7]
      [Termination (ms): Min: 0.0, Avg: 0.0, Max: 0.0, Diff: 0.0, Sum: 0.0]
      [GC Worker Other (ms): Min: 0.0, Avg: 0.0, Max: 0.0, Diff: 0.0, Sum: 0.1]
      [GC Worker Total (ms): Min: 10.8, Avg: 10.8, Max: 10.9, Diff: 0.0, Sum: 21.7]
      [GC Worker End (ms): Min: 81397.5, Avg: 81397.5, Max: 81397.5, Diff: 0.0]
   [Code Root Fixup: 0.0 ms]
   [Code Root Migration: 0.0 ms]
   [Clear CT: 0.1 ms]
   [Other: 0.4 ms]
      [Choose CSet: 0.0 ms]
      [Ref Proc: 0.0 ms]
      [Ref Enq: 0.0 ms]
      [Free CSet: 0.2 ms]
   [Eden: 9216.0K(9216.0K)->0.0B(65.0M) Survivors: 3072.0K->2048.0K Heap: 119.5M(256.0M)->101.0M(256.0M)]
 [Times: user=0.03 sys=0.00, real=0.01 secs] 
2014-07-10T16:13:50.534+0200: 81.518: [GC pause (young), 0.0435548 secs]
   [Parallel Time: 43.0 ms, GC Workers: 2]
      [GC Worker Start (ms): Min: 81517.6, Avg: 81517.6, Max: 81517.6, Diff: 0.0]
      [Ext Root Scanning (ms): Min: 1.1, Avg: 1.1, Max: 1.1, Diff: 0.0, Sum: 2.2]
      [Update RS (ms): Min: 0.4, Avg: 0.5, Max: 0.5, Diff: 0.1, Sum: 0.9]
         [Processed Buffers: Min: 1, Avg: 3.0, Max: 5, Diff: 4, Sum: 6]
      [Scan RS (ms): Min: 0.0, Avg: 0.1, Max: 0.2, Diff: 0.1, Sum: 0.2]
      [Code Root Scanning (ms): Min: 0.0, Avg: 0.0, Max: 0.1, Diff: 0.0, Sum: 0.1]
      [Object Copy (ms): Min: 41.2, Avg: 41.3, Max: 41.3, Diff: 0.0, Sum: 82.5]
      [Termination (ms): Min: 0.0, Avg: 0.0, Max: 0.0, Diff: 0.0, Sum: 0.0]
      [GC Worker Other (ms): Min: 0.0, Avg: 0.0, Max: 0.0, Diff: 0.0, Sum: 0.1]
      [GC Worker Total (ms): Min: 43.0, Avg: 43.0, Max: 43.0, Diff: 0.0, Sum: 86.0]
      [GC Worker End (ms): Min: 81560.6, Avg: 81560.6, Max: 81560.6, Diff: 0.0]
   [Code Root Fixup: 0.0 ms]
   [Code Root Migration: 0.0 ms]
   [Clear CT: 0.1 ms]
   [Other: 0.4 ms]
      [Choose CSet: 0.0 ms]
      [Ref Proc: 0.0 ms]
      [Ref Enq: 0.0 ms]
      [Free CSet: 0.1 ms]
   [Eden: 65.0M(65.0M)->0.0B(28.0M) Survivors: 2048.0K->9216.0K Heap: 166.0M(256.0M)->173.0M(256.0M)]
 [Times: user=0.09 sys=0.00, real=0.04 secs] 
2014-07-10T16:13:50.627+0200: 81.611: [GC pause (young) (initial-mark), 0.0198289 secs]
   [Parallel Time: 19.4 ms, GC Workers: 2]
      [GC Worker Start (ms): Min: 81611.0, Avg: 81611.0, Max: 81611.0, Diff: 0.0]
      [Ext Root Scanning (ms): Min: 1.2, Avg: 1.2, Max: 1.2, Diff: 0.0, Sum: 2.4]
      [Code Root Marking (ms): Min: 0.1, Avg: 0.1, Max: 0.1, Diff: 0.0, Sum: 0.1]
      [Update RS (ms): Min: 0.9, Avg: 0.9, Max: 0.9, Diff: 0.0, Sum: 1.9]
         [Processed Buffers: Min: 4, Avg: 4.5, Max: 5, Diff: 1, Sum: 9]
      [Scan RS (ms): Min: 0.0, Avg: 0.1, Max: 0.1, Diff: 0.0, Sum: 0.1]
      [Code Root Scanning (ms): Min: 0.0, Avg: 0.0, Max: 0.0, Diff: 0.0, Sum: 0.1]
      [Object Copy (ms): Min: 17.0, Avg: 17.0, Max: 17.0, Diff: 0.0, Sum: 34.1]
      [Termination (ms): Min: 0.0, Avg: 0.0, Max: 0.0, Diff: 0.0, Sum: 0.0]
      [GC Worker Other (ms): Min: 0.0, Avg: 0.0, Max: 0.0, Diff: 0.0, Sum: 0.1]
      [GC Worker Total (ms): Min: 19.3, Avg: 19.3, Max: 19.4, Diff: 0.0, Sum: 38.7]
      [GC Worker End (ms): Min: 81630.3, Avg: 81630.3, Max: 81630.3, Diff: 0.0]
   [Code Root Fixup: 0.0 ms]
   [Code Root Migration: 0.0 ms]
   [Clear CT: 0.1 ms]
   [Other: 0.3 ms]
      [Choose CSet: 0.0 ms]
      [Ref Proc: 0.0 ms]
      [Ref Enq: 0.0 ms]
      [Free CSet: 0.1 ms]
   [Eden: 28.0M(28.0M)->0.0B(18.0M) Survivors: 9216.0K->5120.0K Heap: 201.0M(256.0M)->193.5M(256.0M)]
 [Times: user=0.06 sys=0.00, real=0.02 secs] 
2014-07-10T16:13:50.647+0200: 81.631: [GC concurrent-root-region-scan-start]
2014-07-10T16:13:50.647+0200: 81.631: [GC concurrent-root-region-scan-end, 0.0001060 secs]
2014-07-10T16:13:50.647+0200: 81.631: [GC concurrent-mark-start]
2014-07-10T16:13:50.651+0200: 81.635: [GC concurrent-mark-end, 0.0036032 secs]
2014-07-10T16:13:50.651+0200: 81.635: [GC remark 2014-07-10T16:13:50.651+0200: 81.635: [GC ref-proc, 0.0000678 secs], 0.0014258 secs]
 [Times: user=0.00 sys=0.00, real=0.00 secs] 
2014-07-10T16:13:50.653+0200: 81.637: [GC cleanup 196M->94M(256M), 0.0009279 secs]
 [Times: user=0.00 sys=0.00, real=0.00 secs] 
2014-07-10T16:13:50.654+0200: 81.638: [GC concurrent-cleanup-start]
2014-07-10T16:13:50.654+0200: 81.638: [GC concurrent-cleanup-end, 0.0001833 secs]
2014-07-10T16:13:50.678+0200: 81.662: [GC pause (young), 0.0131252 secs]
   [Parallel Time: 12.8 ms, GC Workers: 2]
      [GC Worker Start (ms): Min: 81661.9, Avg: 81661.9, Max: 81661.9, Diff: 0.0]
      [Ext Root Scanning (ms): Min: 1.1, Avg: 1.1, Max: 1.1, Diff: 0.1, Sum: 2.2]
      [Update RS (ms): Min: 0.4, Avg: 0.5, Max: 0.5, Diff: 0.1, Sum: 1.0]
         [Processed Buffers: Min: 2, Avg: 3.5, Max: 5, Diff: 3, Sum: 7]
      [Scan RS (ms): Min: 0.0, Avg: 0.0, Max: 0.0, Diff: 0.0, Sum: 0.1]
      [Code Root Scanning (ms): Min: 0.0, Avg: 0.0, Max: 0.0, Diff: 0.0, Sum: 0.0]
      [Object Copy (ms): Min: 11.0, Avg: 11.0, Max: 11.1, Diff: 0.0, Sum: 22.1]
      [Termination (ms): Min: 0.0, Avg: 0.0, Max: 0.0, Diff: 0.0, Sum: 0.0]
      [GC Worker Other (ms): Min: 0.0, Avg: 0.0, Max: 0.0, Diff: 0.0, Sum: 0.1]
      [GC Worker Total (ms): Min: 12.7, Avg: 12.7, Max: 12.7, Diff: 0.0, Sum: 25.4]
      [GC Worker End (ms): Min: 81674.6, Avg: 81674.6, Max: 81674.6, Diff: 0.0]
   [Code Root Fixup: 0.0 ms]
   [Code Root Migration: 0.0 ms]
   [Clear CT: 0.0 ms]
   [Other: 0.3 ms]
      [Choose CSet: 0.0 ms]
      [Ref Proc: 0.0 ms]
      [Ref Enq: 0.0 ms]
      [Free CSet: 0.1 ms]
   [Eden: 18.0M(18.0M)->0.0B(9216.0K) Survivors: 5120.0K->3072.0K Heap: 109.5M(256.0M)->105.0M(256.0M)]
 [Times: user=0.03 sys=0.00, real=0.01 secs] 
2014-07-10T16:13:50.705+0200: 81.689: [GC pause (mixed), 0.0107231 secs]
   [Parallel Time: 10.3 ms, GC Workers: 2]
      [GC Worker Start (ms): Min: 81688.8, Avg: 81688.8, Max: 81688.8, Diff: 0.0]
      [Ext Root Scanning (ms): Min: 1.1, Avg: 1.1, Max: 1.1, Diff: 0.1, Sum: 2.2]
      [Update RS (ms): Min: 0.3, Avg: 0.3, Max: 0.3, Diff: 0.0, Sum: 0.6]
         [Processed Buffers: Min: 2, Avg: 3.5, Max: 5, Diff: 3, Sum: 7]
      [Scan RS (ms): Min: 0.1, Avg: 0.2, Max: 0.2, Diff: 0.1, Sum: 0.4]
      [Code Root Scanning (ms): Min: 0.0, Avg: 0.0, Max: 0.0, Diff: 0.0, Sum: 0.0]
      [Object Copy (ms): Min: 8.5, Avg: 8.6, Max: 8.6, Diff: 0.1, Sum: 17.1]
      [Termination (ms): Min: 0.0, Avg: 0.0, Max: 0.0, Diff: 0.0, Sum: 0.0]
      [GC Worker Other (ms): Min: 0.0, Avg: 0.0, Max: 0.0, Diff: 0.0, Sum: 0.0]
      [GC Worker Total (ms): Min: 10.2, Avg: 10.2, Max: 10.2, Diff: 0.0, Sum: 20.4]
      [GC Worker End (ms): Min: 81699.0, Avg: 81699.0, Max: 81699.0, Diff: 0.0]
   [Code Root Fixup: 0.0 ms]
   [Code Root Migration: 0.0 ms]
   [Clear CT: 0.1 ms]
   [Other: 0.4 ms]
      [Choose CSet: 0.0 ms]
      [Ref Proc: 0.0 ms]
      [Ref Enq: 0.0 ms]
      [Free CSet: 0.2 ms]
   [Eden: 9216.0K(9216.0K)->0.0B(68.0M) Survivors: 3072.0K->2048.0K Heap: 114.0M(256.0M)->95.5M(256.0M)]
 [Times: user=0.03 sys=0.00, real=0.01 secs] 
2014-07-10T16:13:50.828+0200: 81.812: [GC pause (young), 0.0455356 secs]
   [Parallel Time: 45.1 ms, GC Workers: 2]
      [GC Worker Start (ms): Min: 81811.8, Avg: 81811.8, Max: 81811.8, Diff: 0.0]
      [Ext Root Scanning (ms): Min: 1.1, Avg: 1.2, Max: 1.2, Diff: 0.1, Sum: 2.3]
      [Update RS (ms): Min: 0.4, Avg: 0.5, Max: 0.5, Diff: 0.1, Sum: 1.0]
         [Processed Buffers: Min: 1, Avg: 3.0, Max: 5, Diff: 4, Sum: 6]
      [Scan RS (ms): Min: 0.1, Avg: 0.1, Max: 0.1, Diff: 0.0, Sum: 0.2]
      [Code Root Scanning (ms): Min: 0.0, Avg: 0.0, Max: 0.1, Diff: 0.0, Sum: 0.1]
      [Object Copy (ms): Min: 43.2, Avg: 43.2, Max: 43.2, Diff: 0.0, Sum: 86.5]
      [Termination (ms): Min: 0.0, Avg: 0.0, Max: 0.0, Diff: 0.0, Sum: 0.0]
      [GC Worker Other (ms): Min: 0.0, Avg: 0.0, Max: 0.0, Diff: 0.0, Sum: 0.1]
      [GC Worker Total (ms): Min: 45.1, Avg: 45.1, Max: 45.1, Diff: 0.0, Sum: 90.1]
      [GC Worker End (ms): Min: 81856.8, Avg: 81856.8, Max: 81856.8, Diff: 0.0]
   [Code Root Fixup: 0.0 ms]
   [Code Root Migration: 0.0 ms]
   [Clear CT: 0.1 ms]
   [Other: 0.3 ms]
      [Choose CSet: 0.0 ms]
      [Ref Proc: 0.0 ms]
      [Ref Enq: 0.0 ms]
      [Free CSet: 0.1 ms]
   [Eden: 68.0M(68.0M)->0.0B(30.0M) Survivors: 2048.0K->9216.0K Heap: 163.5M(256.0M)->168.5M(256.0M)]
 [Times: user=0.09 sys=0.00, real=0.05 secs] 
2014-07-10T16:13:50.922+0200: 81.906: [GC pause (young) (initial-mark), 0.0201923 secs]
   [Parallel Time: 19.7 ms, GC Workers: 2]
      [GC Worker Start (ms): Min: 81905.7, Avg: 81905.7, Max: 81905.7, Diff: 0.0]
      [Ext Root Scanning (ms): Min: 1.1, Avg: 1.1, Max: 1.1, Diff: 0.0, Sum: 2.2]
      [Code Root Marking (ms): Min: 0.1, Avg: 0.1, Max: 0.1, Diff: 0.0, Sum: 0.1]
      [Update RS (ms): Min: 0.9, Avg: 0.9, Max: 0.9, Diff: 0.0, Sum: 1.8]
         [Processed Buffers: Min: 6, Avg: 6.0, Max: 6, Diff: 0, Sum: 12]
      [Scan RS (ms): Min: 0.1, Avg: 0.1, Max: 0.1, Diff: 0.0, Sum: 0.1]
      [Code Root Scanning (ms): Min: 0.0, Avg: 0.0, Max: 0.0, Diff: 0.0, Sum: 0.0]
      [Object Copy (ms): Min: 17.4, Avg: 17.5, Max: 17.5, Diff: 0.0, Sum: 34.9]
      [Termination (ms): Min: 0.0, Avg: 0.0, Max: 0.0, Diff: 0.0, Sum: 0.0]
      [GC Worker Other (ms): Min: 0.0, Avg: 0.0, Max: 0.0, Diff: 0.0, Sum: 0.1]
      [GC Worker Total (ms): Min: 19.7, Avg: 19.7, Max: 19.7, Diff: 0.0, Sum: 39.3]
      [GC Worker End (ms): Min: 81925.3, Avg: 81925.3, Max: 81925.3, Diff: 0.0]
   [Code Root Fixup: 0.0 ms]
   [Code Root Migration: 0.0 ms]
   [Clear CT: 0.1 ms]
   [Other: 0.3 ms]
      [Choose CSet: 0.0 ms]
      [Ref Proc: 0.0 ms]
      [Ref Enq: 0.0 ms]
      [Free CSet: 0.1 ms]
   [Eden: 30.0M(30.0M)->0.0B(20.0M) Survivors: 9216.0K->5120.0K Heap: 198.5M(256.0M)->189.5M(256.0M)]
 [Times: user=0.06 sys=0.00, real=0.02 secs] 
2014-07-10T16:13:50.942+0200: 81.926: [GC concurrent-root-region-scan-start]
2014-07-10T16:13:50.942+0200: 81.926: [GC concurrent-root-region-scan-end, 0.0000884 secs]
2014-07-10T16:13:50.942+0200: 81.926: [GC concurrent-mark-start]
2014-07-10T16:13:50.946+0200: 81.930: [GC concurrent-mark-end, 0.0035277 secs]
2014-07-10T16:13:50.946+0200: 81.930: [GC remark 2014-07-10T16:13:50.948+0200: 81.932: [GC ref-proc, 0.0000913 secs], 0.0027933 secs]
 [Times: user=0.00 sys=0.00, real=0.00 secs] 
2014-07-10T16:13:50.950+0200: 81.933: [GC cleanup 193M->95M(256M), 0.0007937 secs]
 [Times: user=0.00 sys=0.00, real=0.00 secs] 
2014-07-10T16:13:50.950+0200: 81.934: [GC concurrent-cleanup-start]
2014-07-10T16:13:50.951+0200: 81.935: [GC concurrent-cleanup-end, 0.0002013 secs]
2014-07-10T16:13:50.975+0200: 81.959: [GC pause (young), 0.0140337 secs]
   [Parallel Time: 13.7 ms, GC Workers: 2]
      [GC Worker Start (ms): Min: 81958.9, Avg: 81958.9, Max: 81958.9, Diff: 0.0]
      [Ext Root Scanning (ms): Min: 1.1, Avg: 1.1, Max: 1.1, Diff: 0.1, Sum: 2.2]
      [Update RS (ms): Min: 0.5, Avg: 0.5, Max: 0.6, Diff: 0.0, Sum: 1.1]
         [Processed Buffers: Min: 2, Avg: 3.0, Max: 4, Diff: 2, Sum: 6]
      [Scan RS (ms): Min: 0.0, Avg: 0.0, Max: 0.1, Diff: 0.1, Sum: 0.1]
      [Code Root Scanning (ms): Min: 0.0, Avg: 0.0, Max: 0.0, Diff: 0.0, Sum: 0.0]
      [Object Copy (ms): Min: 11.9, Avg: 11.9, Max: 12.0, Diff: 0.0, Sum: 23.9]
      [Termination (ms): Min: 0.0, Avg: 0.0, Max: 0.0, Diff: 0.0, Sum: 0.0]
      [GC Worker Other (ms): Min: 0.0, Avg: 0.0, Max: 0.0, Diff: 0.0, Sum: 0.0]
      [GC Worker Total (ms): Min: 13.7, Avg: 13.7, Max: 13.7, Diff: 0.0, Sum: 27.4]
      [GC Worker End (ms): Min: 81972.6, Avg: 81972.6, Max: 81972.6, Diff: 0.0]
   [Code Root Fixup: 0.0 ms]
   [Code Root Migration: 0.0 ms]
   [Clear CT: 0.0 ms]
   [Other: 0.2 ms]
      [Choose CSet: 0.0 ms]
      [Ref Proc: 0.0 ms]
      [Ref Enq: 0.0 ms]
      [Free CSet: 0.1 ms]
   [Eden: 20.0M(20.0M)->0.0B(8192.0K) Survivors: 5120.0K->4096.0K Heap: 111.5M(256.0M)->108.0M(256.0M)]
 [Times: user=0.03 sys=0.00, real=0.01 secs] 
2014-07-10T16:13:51.001+0200: 81.985: [GC pause (mixed), 0.0101643 secs]
   [Parallel Time: 9.6 ms, GC Workers: 2]
      [GC Worker Start (ms): Min: 81984.9, Avg: 81984.9, Max: 81984.9, Diff: 0.0]
      [Ext Root Scanning (ms): Min: 0.9, Avg: 1.0, Max: 1.0, Diff: 0.1, Sum: 2.0]
      [Update RS (ms): Min: 0.3, Avg: 0.3, Max: 0.3, Diff: 0.0, Sum: 0.6]
         [Processed Buffers: Min: 1, Avg: 3.5, Max: 6, Diff: 5, Sum: 7]
      [Scan RS (ms): Min: 0.1, Avg: 0.1, Max: 0.1, Diff: 0.0, Sum: 0.2]
      [Code Root Scanning (ms): Min: 0.0, Avg: 0.0, Max: 0.0, Diff: 0.0, Sum: 0.0]
      [Object Copy (ms): Min: 8.1, Avg: 8.1, Max: 8.1, Diff: 0.0, Sum: 16.2]
      [Termination (ms): Min: 0.0, Avg: 0.0, Max: 0.1, Diff: 0.1, Sum: 0.1]
      [GC Worker Other (ms): Min: 0.0, Avg: 0.0, Max: 0.0, Diff: 0.0, Sum: 0.0]
      [GC Worker Total (ms): Min: 9.6, Avg: 9.6, Max: 9.6, Diff: 0.0, Sum: 19.2]
      [GC Worker End (ms): Min: 81994.5, Avg: 81994.5, Max: 81994.5, Diff: 0.0]
   [Code Root Fixup: 0.0 ms]
   [Code Root Migration: 0.0 ms]
   [Clear CT: 0.1 ms]
   [Other: 0.4 ms]
      [Choose CSet: 0.0 ms]
      [Ref Proc: 0.1 ms]
      [Ref Enq: 0.0 ms]
      [Free CSet: 0.2 ms]
   [Eden: 8192.0K(8192.0K)->0.0B(70.0M) Survivors: 4096.0K->2048.0K Heap: 116.0M(256.0M)->99.0M(256.0M)]
 [Times: user=0.03 sys=0.00, real=0.01 secs] 
2014-07-10T16:13:51.128+0200: 82.112: [GC pause (young), 0.0476126 secs]
   [Parallel Time: 47.1 ms, GC Workers: 2]
      [GC Worker Start (ms): Min: 82112.3, Avg: 82112.3, Max: 82112.3, Diff: 0.0]
      [Ext Root Scanning (ms): Min: 1.2, Avg: 1.2, Max: 1.2, Diff: 0.0, Sum: 2.3]
      [Update RS (ms): Min: 0.4, Avg: 0.5, Max: 0.5, Diff: 0.0, Sum: 0.9]
         [Processed Buffers: Min: 3, Avg: 3.0, Max: 3, Diff: 0, Sum: 6]
      [Scan RS (ms): Min: 0.1, Avg: 0.1, Max: 0.1, Diff: 0.0, Sum: 0.2]
      [Code Root Scanning (ms): Min: 0.1, Avg: 0.1, Max: 0.1, Diff: 0.0, Sum: 0.1]
      [Object Copy (ms): Min: 45.3, Avg: 45.3, Max: 45.3, Diff: 0.0, Sum: 90.5]
      [Termination (ms): Min: 0.0, Avg: 0.0, Max: 0.0, Diff: 0.0, Sum: 0.0]
      [GC Worker Other (ms): Min: 0.0, Avg: 0.0, Max: 0.0, Diff: 0.0, Sum: 0.1]
      [GC Worker Total (ms): Min: 47.1, Avg: 47.1, Max: 47.1, Diff: 0.0, Sum: 94.1]
      [GC Worker End (ms): Min: 82159.3, Avg: 82159.3, Max: 82159.3, Diff: 0.0]
   [Code Root Fixup: 0.0 ms]
   [Code Root Migration: 0.0 ms]
   [Clear CT: 0.1 ms]
   [Other: 0.4 ms]
      [Choose CSet: 0.0 ms]
      [Ref Proc: 0.0 ms]
      [Ref Enq: 0.0 ms]
      [Free CSet: 0.1 ms]
   [Eden: 70.0M(70.0M)->0.0B(26.0M) Survivors: 2048.0K->9216.0K Heap: 169.0M(256.0M)->177.0M(256.0M)]
 [Times: user=0.09 sys=0.00, real=0.05 secs] 
2014-07-10T16:13:51.218+0200: 82.202: [GC pause (young) (initial-mark), 0.0174800 secs]
   [Parallel Time: 17.1 ms, GC Workers: 2]
      [GC Worker Start (ms): Min: 82201.7, Avg: 82201.7, Max: 82201.7, Diff: 0.0]
      [Ext Root Scanning (ms): Min: 1.0, Avg: 1.0, Max: 1.0, Diff: 0.0, Sum: 2.0]
      [Code Root Marking (ms): Min: 0.0, Avg: 0.1, Max: 0.1, Diff: 0.0, Sum: 0.1]
      [Update RS (ms): Min: 0.9, Avg: 0.9, Max: 0.9, Diff: 0.0, Sum: 1.8]
         [Processed Buffers: Min: 4, Avg: 5.0, Max: 6, Diff: 2, Sum: 10]
      [Scan RS (ms): Min: 0.0, Avg: 0.0, Max: 0.1, Diff: 0.0, Sum: 0.1]
      [Code Root Scanning (ms): Min: 0.0, Avg: 0.0, Max: 0.0, Diff: 0.0, Sum: 0.0]
      [Object Copy (ms): Min: 14.9, Avg: 15.0, Max: 15.0, Diff: 0.0, Sum: 29.9]
      [Termination (ms): Min: 0.0, Avg: 0.0, Max: 0.0, Diff: 0.0, Sum: 0.0]
      [GC Worker Other (ms): Min: 0.0, Avg: 0.0, Max: 0.0, Diff: 0.0, Sum: 0.1]
      [GC Worker Total (ms): Min: 17.0, Avg: 17.0, Max: 17.0, Diff: 0.0, Sum: 34.1]
      [GC Worker End (ms): Min: 82218.8, Avg: 82218.8, Max: 82218.8, Diff: 0.0]
   [Code Root Fixup: 0.0 ms]
   [Code Root Migration: 0.0 ms]
   [Clear CT: 0.0 ms]
   [Other: 0.3 ms]
      [Choose CSet: 0.0 ms]
      [Ref Proc: 0.1 ms]
      [Ref Enq: 0.0 ms]
      [Free CSet: 0.1 ms]
   [Eden: 26.0M(26.0M)->0.0B(17.0M) Survivors: 9216.0K->5120.0K Heap: 203.0M(256.0M)->194.0M(256.0M)]
 [Times: user=0.03 sys=0.00, real=0.02 secs] 
2014-07-10T16:13:51.235+0200: 82.219: [GC concurrent-root-region-scan-start]
2014-07-10T16:13:51.236+0200: 82.220: [GC concurrent-root-region-scan-end, 0.0002717 secs]
2014-07-10T16:13:51.236+0200: 82.220: [GC concurrent-mark-start]
2014-07-10T16:13:51.240+0200: 82.224: [GC concurrent-mark-end, 0.0040769 secs]
2014-07-10T16:13:51.240+0200: 82.224: [GC remark 2014-07-10T16:13:51.240+0200: 82.224: [GC ref-proc, 0.0000766 secs], 0.0012821 secs]
 [Times: user=0.00 sys=0.00, real=0.00 secs] 
2014-07-10T16:13:51.241+0200: 82.225: [GC cleanup 197M->91M(256M), 0.0038034 secs]
 [Times: user=0.00 sys=0.00, real=0.00 secs] 
2014-07-10T16:13:51.245+0200: 82.229: [GC concurrent-cleanup-start]
2014-07-10T16:13:51.246+0200: 82.229: [GC concurrent-cleanup-end, 0.0002379 secs]
2014-07-10T16:13:51.266+0200: 82.250: [GC pause (young), 0.0123271 secs]
   [Parallel Time: 12.0 ms, GC Workers: 2]
      [GC Worker Start (ms): Min: 82249.9, Avg: 82249.9, Max: 82249.9, Diff: 0.0]
      [Ext Root Scanning (ms): Min: 1.1, Avg: 1.2, Max: 1.3, Diff: 0.2, Sum: 2.3]
      [Update RS (ms): Min: 0.3, Avg: 0.5, Max: 0.6, Diff: 0.3, Sum: 0.9]
         [Processed Buffers: Min: 2, Avg: 2.5, Max: 3, Diff: 1, Sum: 5]
      [Scan RS (ms): Min: 0.0, Avg: 0.0, Max: 0.1, Diff: 0.1, Sum: 0.1]
      [Code Root Scanning (ms): Min: 0.0, Avg: 0.0, Max: 0.0, Diff: 0.0, Sum: 0.0]
      [Object Copy (ms): Min: 10.2, Avg: 10.2, Max: 10.2, Diff: 0.0, Sum: 20.4]
      [Termination (ms): Min: 0.0, Avg: 0.0, Max: 0.0, Diff: 0.0, Sum: 0.0]
      [GC Worker Other (ms): Min: 0.0, Avg: 0.0, Max: 0.0, Diff: 0.0, Sum: 0.1]
      [GC Worker Total (ms): Min: 11.9, Avg: 11.9, Max: 11.9, Diff: 0.0, Sum: 23.9]
      [GC Worker End (ms): Min: 82261.9, Avg: 82261.9, Max: 82261.9, Diff: 0.0]
   [Code Root Fixup: 0.0 ms]
   [Code Root Migration: 0.0 ms]
   [Clear CT: 0.0 ms]
   [Other: 0.3 ms]
      [Choose CSet: 0.0 ms]
      [Ref Proc: 0.1 ms]
      [Ref Enq: 0.0 ms]
      [Free CSet: 0.1 ms]
   [Eden: 17.0M(17.0M)->0.0B(9216.0K) Survivors: 5120.0K->3072.0K Heap: 105.0M(256.0M)->101.5M(256.0M)]
 [Times: user=0.03 sys=0.00, real=0.01 secs] 
2014-07-10T16:13:51.293+0200: 82.277: [GC pause (mixed), 0.0102072 secs]
   [Parallel Time: 9.8 ms, GC Workers: 2]
      [GC Worker Start (ms): Min: 82277.0, Avg: 82277.0, Max: 82277.0, Diff: 0.0]
      [Ext Root Scanning (ms): Min: 1.1, Avg: 1.1, Max: 1.1, Diff: 0.0, Sum: 2.2]
      [Update RS (ms): Min: 0.3, Avg: 0.3, Max: 0.3, Diff: 0.0, Sum: 0.6]
         [Processed Buffers: Min: 1, Avg: 3.0, Max: 5, Diff: 4, Sum: 6]
      [Scan RS (ms): Min: 0.1, Avg: 0.1, Max: 0.2, Diff: 0.1, Sum: 0.2]
      [Code Root Scanning (ms): Min: 0.0, Avg: 0.0, Max: 0.0, Diff: 0.0, Sum: 0.0]
      [Object Copy (ms): Min: 8.2, Avg: 8.2, Max: 8.2, Diff: 0.0, Sum: 16.3]
      [Termination (ms): Min: 0.0, Avg: 0.0, Max: 0.0, Diff: 0.0, Sum: 0.0]
      [GC Worker Other (ms): Min: 0.0, Avg: 0.0, Max: 0.0, Diff: 0.0, Sum: 0.1]
      [GC Worker Total (ms): Min: 9.7, Avg: 9.7, Max: 9.7, Diff: 0.0, Sum: 19.5]
      [GC Worker End (ms): Min: 82286.7, Avg: 82286.7, Max: 82286.7, Diff: 0.0]
   [Code Root Fixup: 0.0 ms]
   [Code Root Migration: 0.0 ms]
   [Clear CT: 0.1 ms]
   [Other: 0.4 ms]
      [Choose CSet: 0.0 ms]
      [Ref Proc: 0.0 ms]
      [Ref Enq: 0.0 ms]
      [Free CSet: 0.2 ms]
   [Eden: 9216.0K(9216.0K)->0.0B(77.0M) Survivors: 3072.0K->2048.0K Heap: 110.5M(256.0M)->95.5M(256.0M)]
 [Times: user=0.03 sys=0.00, real=0.01 secs] 
2014-07-10T16:13:51.431+0200: 82.415: [GC pause (young) (to-space exhausted), 0.0497177 secs]
   [Parallel Time: 47.7 ms, GC Workers: 2]
      [GC Worker Start (ms): Min: 82415.2, Avg: 82415.2, Max: 82415.2, Diff: 0.0]
      [Ext Root Scanning (ms): Min: 1.0, Avg: 1.0, Max: 1.0, Diff: 0.0, Sum: 2.0]
      [Update RS (ms): Min: 0.4, Avg: 0.5, Max: 0.5, Diff: 0.1, Sum: 0.9]
         [Processed Buffers: Min: 1, Avg: 3.0, Max: 5, Diff: 4, Sum: 6]
      [Scan RS (ms): Min: 0.1, Avg: 0.1, Max: 0.1, Diff: 0.0, Sum: 0.2]
      [Code Root Scanning (ms): Min: 0.1, Avg: 0.1, Max: 0.1, Diff: 0.0, Sum: 0.1]
      [Object Copy (ms): Min: 46.0, Avg: 46.0, Max: 46.0, Diff: 0.0, Sum: 92.0]
      [Termination (ms): Min: 0.0, Avg: 0.0, Max: 0.0, Diff: 0.0, Sum: 0.0]
      [GC Worker Other (ms): Min: 0.0, Avg: 0.0, Max: 0.0, Diff: 0.0, Sum: 0.0]
      [GC Worker Total (ms): Min: 47.7, Avg: 47.7, Max: 47.7, Diff: 0.0, Sum: 95.3]
      [GC Worker End (ms): Min: 82462.9, Avg: 82462.9, Max: 82462.9, Diff: 0.0]
   [Code Root Fixup: 0.0 ms]
   [Code Root Migration: 0.0 ms]
   [Clear CT: 0.1 ms]
   [Other: 1.9 ms]
      [Choose CSet: 0.0 ms]
      [Ref Proc: 0.0 ms]
      [Ref Enq: 0.0 ms]
      [Free CSet: 0.1 ms]
   [Eden: 77.0M(77.0M)->0.0B(2048.0K) Survivors: 2048.0K->10.0M Heap: 172.5M(256.0M)->237.5M(256.0M)]
 [Times: user=0.09 sys=0.00, real=0.05 secs] 
2014-07-10T16:13:51.484+0200: 82.468: [GC pause (young) (initial-mark), 0.0064134 secs]
   [Parallel Time: 6.0 ms, GC Workers: 2]
      [GC Worker Start (ms): Min: 82467.7, Avg: 82467.7, Max: 82467.7, Diff: 0.0]
      [Ext Root Scanning (ms): Min: 0.9, Avg: 0.9, Max: 0.9, Diff: 0.0, Sum: 1.8]
      [Code Root Marking (ms): Min: 0.0, Avg: 0.0, Max: 0.1, Diff: 0.0, Sum: 0.1]
      [Update RS (ms): Min: 1.0, Avg: 1.1, Max: 1.2, Diff: 0.2, Sum: 2.2]
         [Processed Buffers: Min: 6, Avg: 7.0, Max: 8, Diff: 2, Sum: 14]
      [Scan RS (ms): Min: 0.0, Avg: 0.0, Max: 0.0, Diff: 0.0, Sum: 0.0]
      [Code Root Scanning (ms): Min: 0.0, Avg: 0.0, Max: 0.0, Diff: 0.0, Sum: 0.0]
      [Object Copy (ms): Min: 3.8, Avg: 3.9, Max: 3.9, Diff: 0.1, Sum: 7.7]
      [Termination (ms): Min: 0.0, Avg: 0.0, Max: 0.0, Diff: 0.0, Sum: 0.0]
      [GC Worker Other (ms): Min: 0.0, Avg: 0.0, Max: 0.0, Diff: 0.0, Sum: 0.1]
      [GC Worker Total (ms): Min: 5.9, Avg: 5.9, Max: 5.9, Diff: 0.0, Sum: 11.9]
      [GC Worker End (ms): Min: 82473.7, Avg: 82473.7, Max: 82473.7, Diff: 0.0]
   [Code Root Fixup: 0.0 ms]
   [Code Root Migration: 0.0 ms]
   [Clear CT: 0.0 ms]
   [Other: 0.4 ms]
      [Choose CSet: 0.0 ms]
      [Ref Proc: 0.2 ms]
      [Ref Enq: 0.0 ms]
      [Free CSet: 0.0 ms]
   [Eden: 2048.0K(2048.0K)->0.0B(10.0M) Survivors: 10.0M->2048.0K Heap: 239.5M(256.0M)->234.9M(256.0M)]
 [Times: user=0.03 sys=0.00, real=0.01 secs] 
2014-07-10T16:13:51.491+0200: 82.475: [GC concurrent-root-region-scan-start]
2014-07-10T16:13:51.491+0200: 82.475: [GC concurrent-root-region-scan-end, 0.0000858 secs]
2014-07-10T16:13:51.491+0200: 82.475: [GC concurrent-mark-start]
2014-07-10T16:13:51.496+0200: 82.480: [GC concurrent-mark-end, 0.0053656 secs]
2014-07-10T16:13:51.497+0200: 82.481: [GC remark 2014-07-10T16:13:51.497+0200: 82.481: [GC ref-proc, 0.0000755 secs], 0.0015556 secs]
 [Times: user=0.00 sys=0.00, real=0.00 secs] 
2014-07-10T16:13:51.499+0200: 82.483: [GC cleanup 239M->221M(256M), 0.0006933 secs]
 [Times: user=0.00 sys=0.00, real=0.00 secs] 
2014-07-10T16:13:51.499+0200: 82.483: [GC concurrent-cleanup-start]
2014-07-10T16:13:51.499+0200: 82.483: [GC concurrent-cleanup-end, 0.0000403 secs]
2014-07-10T16:13:51.507+0200: 82.491: [GC pause (young), 0.0258284 secs]
   [Parallel Time: 13.3 ms, GC Workers: 2]
      [GC Worker Start (ms): Min: 82490.9, Avg: 82496.7, Max: 82502.5, Diff: 11.6]
      [Ext Root Scanning (ms): Min: 0.0, Avg: 0.8, Max: 1.7, Diff: 1.6, Sum: 1.7]
      [Update RS (ms): Min: 0.0, Avg: 0.1, Max: 0.3, Diff: 0.3, Sum: 0.3]
         [Processed Buffers: Min: 0, Avg: 3.5, Max: 7, Diff: 7, Sum: 7]
      [Scan RS (ms): Min: 0.0, Avg: 0.0, Max: 0.0, Diff: 0.0, Sum: 0.0]
      [Code Root Scanning (ms): Min: 0.0, Avg: 0.0, Max: 0.0, Diff: 0.0, Sum: 0.0]
      [Object Copy (ms): Min: 0.0, Avg: 3.3, Max: 6.6, Diff: 6.6, Sum: 6.6]
      [Termination (ms): Min: 0.0, Avg: 2.3, Max: 4.6, Diff: 4.6, Sum: 4.6]
      [GC Worker Other (ms): Min: 0.0, Avg: 0.0, Max: 0.0, Diff: 0.0, Sum: 0.0]
      [GC Worker Total (ms): Min: 0.1, Avg: 6.6, Max: 13.2, Diff: 13.2, Sum: 13.3]
      [GC Worker End (ms): Min: 82502.5, Avg: 82503.3, Max: 82504.1, Diff: 1.6]
   [Code Root Fixup: 0.0 ms]
   [Code Root Migration: 0.0 ms]
   [Clear CT: 0.0 ms]
   [Other: 12.5 ms]
      [Choose CSet: 0.0 ms]
      [Ref Proc: 12.3 ms]
      [Ref Enq: 0.0 ms]
      [Free CSet: 0.0 ms]
   [Eden: 10.0M(10.0M)->0.0B(10.0M) Survivors: 2048.0K->2048.0K Heap: 226.9M(256.0M)->224.5M(256.0M)]
 [Times: user=0.02 sys=0.00, real=0.03 secs] 
2014-07-10T16:13:51.550+0200: 82.534: [GC pause (mixed), 0.0076130 secs]
   [Parallel Time: 7.2 ms, GC Workers: 2]
      [GC Worker Start (ms): Min: 82533.8, Avg: 82533.8, Max: 82533.8, Diff: 0.0]
      [Ext Root Scanning (ms): Min: 1.0, Avg: 1.0, Max: 1.0, Diff: 0.1, Sum: 2.0]
      [Update RS (ms): Min: 0.1, Avg: 0.2, Max: 0.3, Diff: 0.2, Sum: 0.3]
         [Processed Buffers: Min: 1, Avg: 2.5, Max: 4, Diff: 3, Sum: 5]
      [Scan RS (ms): Min: 0.0, Avg: 0.1, Max: 0.1, Diff: 0.1, Sum: 0.1]
      [Code Root Scanning (ms): Min: 0.0, Avg: 0.0, Max: 0.0, Diff: 0.0, Sum: 0.0]
      [Object Copy (ms): Min: 5.8, Avg: 5.8, Max: 5.8, Diff: 0.0, Sum: 11.6]
      [Termination (ms): Min: 0.0, Avg: 0.0, Max: 0.0, Diff: 0.0, Sum: 0.0]
      [GC Worker Other (ms): Min: 0.0, Avg: 0.0, Max: 0.0, Diff: 0.0, Sum: 0.1]
      [GC Worker Total (ms): Min: 7.1, Avg: 7.1, Max: 7.1, Diff: 0.0, Sum: 14.2]
      [GC Worker End (ms): Min: 82540.9, Avg: 82540.9, Max: 82540.9, Diff: 0.0]
   [Code Root Fixup: 0.0 ms]
   [Code Root Migration: 0.0 ms]
   [Clear CT: 0.0 ms]
   [Other: 0.4 ms]
      [Choose CSet: 0.0 ms]
      [Ref Proc: 0.0 ms]
      [Ref Enq: 0.0 ms]
      [Free CSet: 0.2 ms]
   [Eden: 10.0M(10.0M)->0.0B(10.0M) Survivors: 2048.0K->2048.0K Heap: 234.5M(256.0M)->207.0M(256.0M)]
 [Times: user=0.00 sys=0.00, real=0.01 secs] 
2014-07-10T16:13:51.572+0200: 82.556: [GC pause (mixed), 0.0092936 secs]
   [Parallel Time: 8.8 ms, GC Workers: 2]
      [GC Worker Start (ms): Min: 82555.9, Avg: 82555.9, Max: 82556.0, Diff: 0.0]
      [Ext Root Scanning (ms): Min: 1.1, Avg: 1.1, Max: 1.1, Diff: 0.0, Sum: 2.1]
      [Update RS (ms): Min: 0.2, Avg: 0.2, Max: 0.2, Diff: 0.0, Sum: 0.4]
         [Processed Buffers: Min: 1, Avg: 2.5, Max: 4, Diff: 3, Sum: 5]
      [Scan RS (ms): Min: 0.1, Avg: 0.1, Max: 0.1, Diff: 0.0, Sum: 0.2]
      [Code Root Scanning (ms): Min: 0.0, Avg: 0.0, Max: 0.0, Diff: 0.0, Sum: 0.1]
      [Object Copy (ms): Min: 7.2, Avg: 7.2, Max: 7.3, Diff: 0.0, Sum: 14.5]
      [Termination (ms): Min: 0.0, Avg: 0.0, Max: 0.0, Diff: 0.0, Sum: 0.0]
      [GC Worker Other (ms): Min: 0.0, Avg: 0.1, Max: 0.2, Diff: 0.1, Sum: 0.2]
      [GC Worker Total (ms): Min: 8.6, Avg: 8.7, Max: 8.8, Diff: 0.1, Sum: 17.4]
      [GC Worker End (ms): Min: 82564.6, Avg: 82564.7, Max: 82564.7, Diff: 0.2]
   [Code Root Fixup: 0.0 ms]
   [Code Root Migration: 0.0 ms]
   [Clear CT: 0.1 ms]
   [Other: 0.4 ms]
      [Choose CSet: 0.0 ms]
      [Ref Proc: 0.1 ms]
      [Ref Enq: 0.0 ms]
      [Free CSet: 0.2 ms]
   [Eden: 10.0M(10.0M)->0.0B(10.0M) Survivors: 2048.0K->2048.0K Heap: 217.0M(256.0M)->194.0M(256.0M)]
 [Times: user=0.03 sys=0.00, real=0.01 secs] 
2014-07-10T16:13:51.598+0200: 82.582: [GC pause (mixed), 0.0103271 secs]
   [Parallel Time: 9.9 ms, GC Workers: 2]
      [GC Worker Start (ms): Min: 82581.7, Avg: 82581.7, Max: 82581.7, Diff: 0.0]
      [Ext Root Scanning (ms): Min: 1.1, Avg: 1.1, Max: 1.1, Diff: 0.0, Sum: 2.2]
      [Update RS (ms): Min: 0.2, Avg: 0.2, Max: 0.2, Diff: 0.0, Sum: 0.5]
         [Processed Buffers: Min: 1, Avg: 3.0, Max: 5, Diff: 4, Sum: 6]
      [Scan RS (ms): Min: 0.2, Avg: 0.2, Max: 0.2, Diff: 0.0, Sum: 0.4]
      [Code Root Scanning (ms): Min: 0.0, Avg: 0.0, Max: 0.0, Diff: 0.0, Sum: 0.1]
      [Object Copy (ms): Min: 8.3, Avg: 8.3, Max: 8.3, Diff: 0.0, Sum: 16.5]
      [Termination (ms): Min: 0.0, Avg: 0.0, Max: 0.0, Diff: 0.0, Sum: 0.0]
      [GC Worker Other (ms): Min: 0.0, Avg: 0.0, Max: 0.0, Diff: 0.0, Sum: 0.1]
      [GC Worker Total (ms): Min: 9.8, Avg: 9.8, Max: 9.8, Diff: 0.0, Sum: 19.7]
      [GC Worker End (ms): Min: 82591.5, Avg: 82591.5, Max: 82591.5, Diff: 0.0]
   [Code Root Fixup: 0.0 ms]
   [Code Root Migration: 0.0 ms]
   [Clear CT: 0.1 ms]
   [Other: 0.3 ms]
      [Choose CSet: 0.0 ms]
      [Ref Proc: 0.0 ms]
      [Ref Enq: 0.0 ms]
      [Free CSet: 0.2 ms]
   [Eden: 10.0M(10.0M)->0.0B(10.0M) Survivors: 2048.0K->2048.0K Heap: 204.0M(256.0M)->184.0M(256.0M)]
 [Times: user=0.00 sys=0.00, real=0.01 secs] 
2014-07-10T16:13:51.623+0200: 82.607: [GC pause (mixed), 0.0098597 secs]
   [Parallel Time: 9.4 ms, GC Workers: 2]
      [GC Worker Start (ms): Min: 82606.8, Avg: 82606.8, Max: 82606.8, Diff: 0.0]
      [Ext Root Scanning (ms): Min: 1.1, Avg: 1.1, Max: 1.1, Diff: 0.0, Sum: 2.1]
      [Update RS (ms): Min: 0.3, Avg: 0.3, Max: 0.3, Diff: 0.0, Sum: 0.7]
         [Processed Buffers: Min: 1, Avg: 2.5, Max: 4, Diff: 3, Sum: 5]
      [Scan RS (ms): Min: 0.1, Avg: 0.1, Max: 0.1, Diff: 0.0, Sum: 0.2]
      [Code Root Scanning (ms): Min: 0.0, Avg: 0.0, Max: 0.0, Diff: 0.0, Sum: 0.0]
      [Object Copy (ms): Min: 7.8, Avg: 7.8, Max: 7.8, Diff: 0.0, Sum: 15.6]
      [Termination (ms): Min: 0.0, Avg: 0.0, Max: 0.0, Diff: 0.0, Sum: 0.0]
      [GC Worker Other (ms): Min: 0.0, Avg: 0.0, Max: 0.0, Diff: 0.0, Sum: 0.0]
      [GC Worker Total (ms): Min: 9.4, Avg: 9.4, Max: 9.4, Diff: 0.0, Sum: 18.7]
      [GC Worker End (ms): Min: 82616.2, Avg: 82616.2, Max: 82616.2, Diff: 0.0]
   [Code Root Fixup: 0.0 ms]
   [Code Root Migration: 0.0 ms]
   [Clear CT: 0.1 ms]
   [Other: 0.3 ms]
      [Choose CSet: 0.0 ms]
      [Ref Proc: 0.0 ms]
      [Ref Enq: 0.0 ms]
      [Free CSet: 0.2 ms]
   [Eden: 10.0M(10.0M)->0.0B(10.0M) Survivors: 2048.0K->2048.0K Heap: 194.0M(256.0M)->171.5M(256.0M)]
 [Times: user=0.03 sys=0.00, real=0.01 secs] 
2014-07-10T16:13:51.648+0200: 82.632: [GC pause (mixed), 0.0107572 secs]
   [Parallel Time: 10.3 ms, GC Workers: 2]
      [GC Worker Start (ms): Min: 82632.0, Avg: 82632.0, Max: 82632.0, Diff: 0.0]
      [Ext Root Scanning (ms): Min: 1.1, Avg: 1.1, Max: 1.2, Diff: 0.0, Sum: 2.3]
      [Update RS (ms): Min: 0.3, Avg: 0.3, Max: 0.3, Diff: 0.0, Sum: 0.6]
         [Processed Buffers: Min: 2, Avg: 2.5, Max: 3, Diff: 1, Sum: 5]
      [Scan RS (ms): Min: 0.2, Avg: 0.2, Max: 0.2, Diff: 0.0, Sum: 0.4]
      [Code Root Scanning (ms): Min: 0.0, Avg: 0.0, Max: 0.0, Diff: 0.0, Sum: 0.0]
      [Object Copy (ms): Min: 8.5, Avg: 8.5, Max: 8.5, Diff: 0.0, Sum: 17.1]
      [Termination (ms): Min: 0.0, Avg: 0.0, Max: 0.0, Diff: 0.0, Sum: 0.0]
      [GC Worker Other (ms): Min: 0.0, Avg: 0.0, Max: 0.0, Diff: 0.0, Sum: 0.1]
      [GC Worker Total (ms): Min: 10.2, Avg: 10.2, Max: 10.2, Diff: 0.0, Sum: 20.4]
      [GC Worker End (ms): Min: 82642.2, Avg: 82642.2, Max: 82642.2, Diff: 0.0]
   [Code Root Fixup: 0.0 ms]
   [Code Root Migration: 0.0 ms]
   [Clear CT: 0.1 ms]
   [Other: 0.3 ms]
      [Choose CSet: 0.0 ms]
      [Ref Proc: 0.0 ms]
      [Ref Enq: 0.0 ms]
      [Free CSet: 0.2 ms]
   [Eden: 10.0M(10.0M)->0.0B(30.0M) Survivors: 2048.0K->2048.0K Heap: 181.5M(256.0M)->173.0M(256.0M)]
 [Times: user=0.03 sys=0.00, real=0.01 secs] 
2014-07-10T16:13:51.708+0200: 82.692: [GC pause (young), 0.0216775 secs]
   [Parallel Time: 21.3 ms, GC Workers: 2]
      [GC Worker Start (ms): Min: 82691.8, Avg: 82691.8, Max: 82691.8, Diff: 0.0]
      [Ext Root Scanning (ms): Min: 1.1, Avg: 1.1, Max: 1.1, Diff: 0.0, Sum: 2.2]
      [Update RS (ms): Min: 0.5, Avg: 0.5, Max: 0.5, Diff: 0.0, Sum: 1.0]
         [Processed Buffers: Min: 2, Avg: 2.5, Max: 3, Diff: 1, Sum: 5]
      [Scan RS (ms): Min: 0.0, Avg: 0.0, Max: 0.0, Diff: 0.0, Sum: 0.1]
      [Code Root Scanning (ms): Min: 0.0, Avg: 0.0, Max: 0.0, Diff: 0.0, Sum: 0.0]
      [Object Copy (ms): Min: 19.5, Avg: 19.5, Max: 19.6, Diff: 0.0, Sum: 39.1]
      [Termination (ms): Min: 0.0, Avg: 0.0, Max: 0.0, Diff: 0.0, Sum: 0.0]
      [GC Worker Other (ms): Min: 0.0, Avg: 0.0, Max: 0.0, Diff: 0.0, Sum: 0.1]
      [GC Worker Total (ms): Min: 21.3, Avg: 21.3, Max: 21.3, Diff: 0.0, Sum: 42.5]
      [GC Worker End (ms): Min: 82713.1, Avg: 82713.1, Max: 82713.1, Diff: 0.0]
   [Code Root Fixup: 0.0 ms]
   [Code Root Migration: 0.0 ms]
   [Clear CT: 0.1 ms]
   [Other: 0.3 ms]
      [Choose CSet: 0.0 ms]
      [Ref Proc: 0.1 ms]
      [Ref Enq: 0.0 ms]
      [Free CSet: 0.1 ms]
   [Eden: 30.0M(30.0M)->0.0B(11.0M) Survivors: 2048.0K->4096.0K Heap: 203.0M(256.0M)->206.5M(256.0M)]
 [Times: user=0.03 sys=0.00, real=0.02 secs] 
2014-07-10T16:13:51.748+0200: 82.732: [GC pause (young) (initial-mark), 0.0116000 secs]
   [Parallel Time: 11.2 ms, GC Workers: 2]
      [GC Worker Start (ms): Min: 82732.4, Avg: 82732.9, Max: 82733.4, Diff: 1.0]
      [Ext Root Scanning (ms): Min: 0.9, Avg: 1.1, Max: 1.4, Diff: 0.5, Sum: 2.2]
      [Code Root Marking (ms): Min: 0.0, Avg: 0.1, Max: 0.1, Diff: 0.1, Sum: 0.1]
      [Update RS (ms): Min: 0.5, Avg: 0.6, Max: 0.6, Diff: 0.1, Sum: 1.1]
         [Processed Buffers: Min: 2, Avg: 2.5, Max: 3, Diff: 1, Sum: 5]
      [Scan RS (ms): Min: 0.0, Avg: 0.0, Max: 0.0, Diff: 0.0, Sum: 0.0]
      [Code Root Scanning (ms): Min: 0.0, Avg: 0.0, Max: 0.0, Diff: 0.0, Sum: 0.0]
      [Object Copy (ms): Min: 8.7, Avg: 8.8, Max: 8.9, Diff: 0.2, Sum: 17.7]
      [Termination (ms): Min: 0.0, Avg: 0.0, Max: 0.0, Diff: 0.0, Sum: 0.0]
      [GC Worker Other (ms): Min: 0.0, Avg: 0.0, Max: 0.0, Diff: 0.0, Sum: 0.1]
      [GC Worker Total (ms): Min: 10.2, Avg: 10.6, Max: 11.1, Diff: 1.0, Sum: 21.3]
      [GC Worker End (ms): Min: 82743.6, Avg: 82743.6, Max: 82743.6, Diff: 0.0]
   [Code Root Fixup: 0.0 ms]
   [Code Root Migration: 0.0 ms]
   [Clear CT: 0.1 ms]
   [Other: 0.3 ms]
      [Choose CSet: 0.0 ms]
      [Ref Proc: 0.1 ms]
      [Ref Enq: 0.0 ms]
      [Free CSet: 0.1 ms]
   [Eden: 11.0M(11.0M)->0.0B(10.0M) Survivors: 4096.0K->2048.0K Heap: 217.5M(256.0M)->218.0M(256.0M)]
 [Times: user=0.03 sys=0.00, real=0.01 secs] 
2014-07-10T16:13:51.760+0200: 82.744: [GC concurrent-root-region-scan-start]
2014-07-10T16:13:51.760+0200: 82.744: [GC concurrent-root-region-scan-end, 0.0000561 secs]
2014-07-10T16:13:51.760+0200: 82.744: [GC concurrent-mark-start]
2014-07-10T16:13:51.765+0200: 82.749: [GC concurrent-mark-end, 0.0039720 secs]
2014-07-10T16:13:51.765+0200: 82.749: [GC remark 2014-07-10T16:13:51.766+0200: 82.750: [GC ref-proc, 0.0000730 secs], 0.0010727 secs]
 [Times: user=0.00 sys=0.00, real=0.00 secs] 
2014-07-10T16:13:51.767+0200: 82.751: [GC cleanup 223M->123M(256M), 0.0012278 secs]
 [Times: user=0.00 sys=0.00, real=0.00 secs] 
2014-07-10T16:13:51.768+0200: 82.752: [GC concurrent-cleanup-start]
2014-07-10T16:13:51.768+0200: 82.752: [GC concurrent-cleanup-end, 0.0001807 secs]
2014-07-10T16:13:51.775+0200: 82.759: [GC pause (young), 0.0079818 secs]
   [Parallel Time: 7.7 ms, GC Workers: 2]
      [GC Worker Start (ms): Min: 82758.8, Avg: 82758.8, Max: 82758.8, Diff: 0.0]
      [Ext Root Scanning (ms): Min: 1.0, Avg: 1.0, Max: 1.0, Diff: 0.0, Sum: 1.9]
      [Update RS (ms): Min: 0.3, Avg: 0.3, Max: 0.3, Diff: 0.0, Sum: 0.6]
         [Processed Buffers: Min: 1, Avg: 2.0, Max: 3, Diff: 2, Sum: 4]
      [Scan RS (ms): Min: 0.0, Avg: 0.0, Max: 0.0, Diff: 0.0, Sum: 0.0]
      [Code Root Scanning (ms): Min: 0.0, Avg: 0.0, Max: 0.0, Diff: 0.0, Sum: 0.0]
      [Object Copy (ms): Min: 6.4, Avg: 6.4, Max: 6.4, Diff: 0.0, Sum: 12.7]
      [Termination (ms): Min: 0.0, Avg: 0.0, Max: 0.0, Diff: 0.0, Sum: 0.0]
      [GC Worker Other (ms): Min: 0.0, Avg: 0.0, Max: 0.0, Diff: 0.0, Sum: 0.1]
      [GC Worker Total (ms): Min: 7.7, Avg: 7.7, Max: 7.7, Diff: 0.0, Sum: 15.4]
      [GC Worker End (ms): Min: 82766.5, Avg: 82766.5, Max: 82766.5, Diff: 0.0]
   [Code Root Fixup: 0.0 ms]
   [Code Root Migration: 0.0 ms]
   [Clear CT: 0.0 ms]
   [Other: 0.2 ms]
      [Choose CSet: 0.0 ms]
      [Ref Proc: 0.0 ms]
      [Ref Enq: 0.0 ms]
      [Free CSet: 0.1 ms]
   [Eden: 10.0M(10.0M)->0.0B(10.0M) Survivors: 2048.0K->2048.0K Heap: 128.0M(256.0M)->127.5M(256.0M)]
 [Times: user=0.03 sys=0.00, real=0.01 secs] 
2014-07-10T16:13:51.799+0200: 82.783: [GC pause (mixed), 0.0112250 secs]
   [Parallel Time: 10.7 ms, GC Workers: 2]
      [GC Worker Start (ms): Min: 82783.0, Avg: 82783.1, Max: 82783.2, Diff: 0.2]
      [Ext Root Scanning (ms): Min: 1.2, Avg: 1.2, Max: 1.3, Diff: 0.1, Sum: 2.4]
      [Update RS (ms): Min: 0.3, Avg: 0.3, Max: 0.3, Diff: 0.0, Sum: 0.6]
         [Processed Buffers: Min: 2, Avg: 3.0, Max: 4, Diff: 2, Sum: 6]
      [Scan RS (ms): Min: 0.2, Avg: 0.2, Max: 0.2, Diff: 0.0, Sum: 0.4]
      [Code Root Scanning (ms): Min: 0.0, Avg: 0.0, Max: 0.0, Diff: 0.0, Sum: 0.1]
      [Object Copy (ms): Min: 8.8, Avg: 8.8, Max: 8.8, Diff: 0.0, Sum: 17.5]
      [Termination (ms): Min: 0.0, Avg: 0.0, Max: 0.0, Diff: 0.0, Sum: 0.0]
      [GC Worker Other (ms): Min: 0.0, Avg: 0.0, Max: 0.0, Diff: 0.0, Sum: 0.1]
      [GC Worker Total (ms): Min: 10.4, Avg: 10.5, Max: 10.6, Diff: 0.2, Sum: 21.1]
      [GC Worker End (ms): Min: 82793.7, Avg: 82793.7, Max: 82793.7, Diff: 0.0]
   [Code Root Fixup: 0.0 ms]
   [Code Root Migration: 0.0 ms]
   [Clear CT: 0.1 ms]
   [Other: 0.4 ms]
      [Choose CSet: 0.0 ms]
      [Ref Proc: 0.1 ms]
      [Ref Enq: 0.0 ms]
      [Free CSet: 0.2 ms]
   [Eden: 10.0M(10.0M)->0.0B(10.0M) Survivors: 2048.0K->2048.0K Heap: 137.5M(256.0M)->118.0M(256.0M)]
 [Times: user=0.00 sys=0.00, real=0.01 secs] 
2014-07-10T16:13:51.825+0200: 82.809: [GC pause (mixed), 0.0137778 secs]
   [Parallel Time: 13.2 ms, GC Workers: 2]
      [GC Worker Start (ms): Min: 82808.9, Avg: 82808.9, Max: 82808.9, Diff: 0.0]
      [Ext Root Scanning (ms): Min: 1.1, Avg: 1.1, Max: 1.1, Diff: 0.0, Sum: 2.3]
      [Update RS (ms): Min: 0.4, Avg: 0.4, Max: 0.4, Diff: 0.1, Sum: 0.8]
         [Processed Buffers: Min: 1, Avg: 2.5, Max: 4, Diff: 3, Sum: 5]
      [Scan RS (ms): Min: 0.2, Avg: 0.2, Max: 0.2, Diff: 0.0, Sum: 0.4]
      [Code Root Scanning (ms): Min: 0.0, Avg: 0.0, Max: 0.0, Diff: 0.0, Sum: 0.0]
      [Object Copy (ms): Min: 11.4, Avg: 11.4, Max: 11.4, Diff: 0.0, Sum: 22.7]
      [Termination (ms): Min: 0.0, Avg: 0.0, Max: 0.0, Diff: 0.0, Sum: 0.0]
      [GC Worker Other (ms): Min: 0.0, Avg: 0.0, Max: 0.0, Diff: 0.0, Sum: 0.1]
      [GC Worker Total (ms): Min: 13.2, Avg: 13.2, Max: 13.2, Diff: 0.0, Sum: 26.4]
      [GC Worker End (ms): Min: 82822.1, Avg: 82822.1, Max: 82822.1, Diff: 0.0]
   [Code Root Fixup: 0.0 ms]
   [Code Root Migration: 0.0 ms]
   [Clear CT: 0.1 ms]
   [Other: 0.4 ms]
      [Choose CSet: 0.0 ms]
      [Ref Proc: 0.0 ms]
      [Ref Enq: 0.0 ms]
      [Free CSet: 0.2 ms]
   [Eden: 10.0M(10.0M)->0.0B(63.0M) Survivors: 2048.0K->2048.0K Heap: 128.0M(256.0M)->110.9M(256.0M)]
 [Times: user=0.03 sys=0.00, real=0.01 secs] 
2014-07-10T16:13:51.943+0200: 82.927: [GC pause (young), 0.0418653 secs]
   [Parallel Time: 41.4 ms, GC Workers: 2]
      [GC Worker Start (ms): Min: 82926.7, Avg: 82926.7, Max: 82926.8, Diff: 0.0]
      [Ext Root Scanning (ms): Min: 0.9, Avg: 0.9, Max: 1.0, Diff: 0.1, Sum: 1.9]
      [Update RS (ms): Min: 0.5, Avg: 0.6, Max: 0.6, Diff: 0.0, Sum: 1.1]
         [Processed Buffers: Min: 1, Avg: 3.0, Max: 5, Diff: 4, Sum: 6]
      [Scan RS (ms): Min: 0.1, Avg: 0.1, Max: 0.1, Diff: 0.0, Sum: 0.2]
      [Code Root Scanning (ms): Min: 0.0, Avg: 0.0, Max: 0.1, Diff: 0.0, Sum: 0.1]
      [Object Copy (ms): Min: 39.7, Avg: 39.7, Max: 39.7, Diff: 0.0, Sum: 79.4]
      [Termination (ms): Min: 0.0, Avg: 0.0, Max: 0.0, Diff: 0.0, Sum: 0.0]
      [GC Worker Other (ms): Min: 0.0, Avg: 0.0, Max: 0.0, Diff: 0.0, Sum: 0.1]
      [GC Worker Total (ms): Min: 41.4, Avg: 41.4, Max: 41.4, Diff: 0.0, Sum: 82.8]
      [GC Worker End (ms): Min: 82968.1, Avg: 82968.1, Max: 82968.1, Diff: 0.0]
   [Code Root Fixup: 0.0 ms]
   [Code Root Migration: 0.0 ms]
   [Clear CT: 0.0 ms]
   [Other: 0.4 ms]
      [Choose CSet: 0.0 ms]
      [Ref Proc: 0.0 ms]
      [Ref Enq: 0.0 ms]
      [Free CSet: 0.1 ms]
   [Eden: 63.0M(63.0M)->0.0B(28.0M) Survivors: 2048.0K->9216.0K Heap: 173.9M(256.0M)->174.0M(256.0M)]
 [Times: user=0.08 sys=0.00, real=0.04 secs] 
2014-07-10T16:13:52.030+0200: 83.014: [GC pause (young) (initial-mark), 0.0200585 secs]
   [Parallel Time: 19.2 ms, GC Workers: 2]
      [GC Worker Start (ms): Min: 83013.8, Avg: 83013.9, Max: 83013.9, Diff: 0.0]
      [Ext Root Scanning (ms): Min: 1.1, Avg: 1.1, Max: 1.1, Diff: 0.1, Sum: 2.2]
      [Code Root Marking (ms): Min: 0.0, Avg: 0.1, Max: 0.1, Diff: 0.1, Sum: 0.1]
      [Update RS (ms): Min: 1.0, Avg: 1.0, Max: 1.0, Diff: 0.0, Sum: 2.0]
         [Processed Buffers: Min: 4, Avg: 5.0, Max: 6, Diff: 2, Sum: 10]
      [Scan RS (ms): Min: 0.0, Avg: 0.0, Max: 0.1, Diff: 0.0, Sum: 0.1]
      [Code Root Scanning (ms): Min: 0.0, Avg: 0.0, Max: 0.0, Diff: 0.0, Sum: 0.0]
      [Object Copy (ms): Min: 16.9, Avg: 16.9, Max: 16.9, Diff: 0.0, Sum: 33.9]
      [Termination (ms): Min: 0.0, Avg: 0.0, Max: 0.0, Diff: 0.0, Sum: 0.0]
      [GC Worker Other (ms): Min: 0.0, Avg: 0.0, Max: 0.0, Diff: 0.0, Sum: 0.1]
      [GC Worker Total (ms): Min: 19.2, Avg: 19.2, Max: 19.2, Diff: 0.0, Sum: 38.4]
      [GC Worker End (ms): Min: 83033.0, Avg: 83033.0, Max: 83033.0, Diff: 0.0]
   [Code Root Fixup: 0.1 ms]
   [Code Root Migration: 0.0 ms]
   [Clear CT: 0.1 ms]
   [Other: 0.6 ms]
      [Choose CSet: 0.0 ms]
      [Ref Proc: 0.3 ms]
      [Ref Enq: 0.0 ms]
      [Free CSet: 0.1 ms]
   [Eden: 28.0M(28.0M)->0.0B(17.0M) Survivors: 9216.0K->5120.0K Heap: 202.0M(256.0M)->194.0M(256.0M)]
 [Times: user=0.06 sys=0.00, real=0.02 secs] 
2014-07-10T16:13:52.050+0200: 83.034: [GC concurrent-root-region-scan-start]
2014-07-10T16:13:52.050+0200: 83.034: [GC concurrent-root-region-scan-end, 0.0001045 secs]
2014-07-10T16:13:52.050+0200: 83.034: [GC concurrent-mark-start]
2014-07-10T16:13:52.054+0200: 83.038: [GC concurrent-mark-end, 0.0039119 secs]
2014-07-10T16:13:52.055+0200: 83.039: [GC remark 2014-07-10T16:13:52.055+0200: 83.039: [GC ref-proc, 0.0000730 secs], 0.0015351 secs]
 [Times: user=0.00 sys=0.00, real=0.00 secs] 
2014-07-10T16:13:52.056+0200: 83.040: [GC cleanup 197M->124M(256M), 0.0008821 secs]
 [Times: user=0.00 sys=0.00, real=0.00 secs] 
2014-07-10T16:13:52.058+0200: 83.041: [GC concurrent-cleanup-start]
2014-07-10T16:13:52.059+0200: 83.042: [GC concurrent-cleanup-end, 0.0001983 secs]
2014-07-10T16:13:52.079+0200: 83.062: [GC pause (young), 0.0130962 secs]
   [Parallel Time: 12.2 ms, GC Workers: 2]
      [GC Worker Start (ms): Min: 83062.1, Avg: 83062.1, Max: 83062.1, Diff: 0.0]
      [Ext Root Scanning (ms): Min: 1.0, Avg: 1.0, Max: 1.0, Diff: 0.0, Sum: 2.0]
      [Update RS (ms): Min: 0.6, Avg: 0.6, Max: 0.6, Diff: 0.0, Sum: 1.2]
         [Processed Buffers: Min: 3, Avg: 3.0, Max: 3, Diff: 0, Sum: 6]
      [Scan RS (ms): Min: 0.0, Avg: 0.0, Max: 0.0, Diff: 0.0, Sum: 0.1]
      [Code Root Scanning (ms): Min: 0.0, Avg: 0.0, Max: 0.0, Diff: 0.0, Sum: 0.0]
      [Object Copy (ms): Min: 10.5, Avg: 10.5, Max: 10.5, Diff: 0.0, Sum: 21.0]
      [Termination (ms): Min: 0.0, Avg: 0.0, Max: 0.0, Diff: 0.0, Sum: 0.0]
      [GC Worker Other (ms): Min: 0.0, Avg: 0.0, Max: 0.0, Diff: 0.0, Sum: 0.0]
      [GC Worker Total (ms): Min: 12.2, Avg: 12.2, Max: 12.2, Diff: 0.0, Sum: 24.3]
      [GC Worker End (ms): Min: 83074.3, Avg: 83074.3, Max: 83074.3, Diff: 0.0]
   [Code Root Fixup: 0.0 ms]
   [Code Root Migration: 0.0 ms]
   [Clear CT: 0.0 ms]
   [Other: 0.8 ms]
      [Choose CSet: 0.0 ms]
      [Ref Proc: 0.6 ms]
      [Ref Enq: 0.0 ms]
      [Free CSet: 0.1 ms]
   [Eden: 17.0M(17.0M)->0.0B(9216.0K) Survivors: 5120.0K->3072.0K Heap: 138.0M(256.0M)->134.5M(256.0M)]
 [Times: user=0.03 sys=0.00, real=0.01 secs] 
2014-07-10T16:13:52.106+0200: 83.089: [GC pause (mixed), 0.0087264 secs]
   [Parallel Time: 8.2 ms, GC Workers: 2]
      [GC Worker Start (ms): Min: 83088.9, Avg: 83088.9, Max: 83089.0, Diff: 0.0]
      [Ext Root Scanning (ms): Min: 0.9, Avg: 1.1, Max: 1.2, Diff: 0.2, Sum: 2.1]
      [Update RS (ms): Min: 0.3, Avg: 0.5, Max: 0.7, Diff: 0.4, Sum: 0.9]
         [Processed Buffers: Min: 1, Avg: 3.0, Max: 5, Diff: 4, Sum: 6]
      [Scan RS (ms): Min: 0.2, Avg: 0.2, Max: 0.3, Diff: 0.2, Sum: 0.5]
      [Code Root Scanning (ms): Min: 0.0, Avg: 0.0, Max: 0.0, Diff: 0.0, Sum: 0.1]
      [Object Copy (ms): Min: 6.3, Avg: 6.3, Max: 6.3, Diff: 0.0, Sum: 12.6]
      [Termination (ms): Min: 0.0, Avg: 0.0, Max: 0.0, Diff: 0.0, Sum: 0.0]
      [GC Worker Other (ms): Min: 0.0, Avg: 0.0, Max: 0.0, Diff: 0.0, Sum: 0.1]
      [GC Worker Total (ms): Min: 8.2, Avg: 8.2, Max: 8.2, Diff: 0.0, Sum: 16.3]
      [GC Worker End (ms): Min: 83097.1, Avg: 83097.1, Max: 83097.1, Diff: 0.0]
   [Code Root Fixup: 0.0 ms]
   [Code Root Migration: 0.0 ms]
   [Clear CT: 0.1 ms]
   [Other: 0.4 ms]
      [Choose CSet: 0.0 ms]
      [Ref Proc: 0.1 ms]
      [Ref Enq: 0.0 ms]
      [Free CSet: 0.2 ms]
   [Eden: 9216.0K(9216.0K)->0.0B(10.0M) Survivors: 3072.0K->2048.0K Heap: 143.5M(256.0M)->118.5M(256.0M)]
 [Times: user=0.03 sys=0.00, real=0.01 secs] 
2014-07-10T16:13:52.131+0200: 83.114: [GC pause (mixed), 0.0135703 secs]
   [Parallel Time: 13.1 ms, GC Workers: 2]
      [GC Worker Start (ms): Min: 83113.7, Avg: 83113.7, Max: 83113.7, Diff: 0.0]
      [Ext Root Scanning (ms): Min: 1.3, Avg: 1.4, Max: 1.5, Diff: 0.2, Sum: 2.8]
      [Update RS (ms): Min: 0.2, Avg: 0.3, Max: 0.3, Diff: 0.1, Sum: 0.6]
         [Processed Buffers: Min: 1, Avg: 2.0, Max: 3, Diff: 2, Sum: 4]
      [Scan RS (ms): Min: 0.1, Avg: 0.3, Max: 0.4, Diff: 0.3, Sum: 0.5]
      [Code Root Scanning (ms): Min: 0.0, Avg: 0.0, Max: 0.0, Diff: 0.0, Sum: 0.0]
      [Object Copy (ms): Min: 10.9, Avg: 11.0, Max: 11.1, Diff: 0.2, Sum: 22.1]
      [Termination (ms): Min: 0.0, Avg: 0.0, Max: 0.0, Diff: 0.0, Sum: 0.0]
      [GC Worker Other (ms): Min: 0.0, Avg: 0.0, Max: 0.0, Diff: 0.0, Sum: 0.1]
      [GC Worker Total (ms): Min: 13.0, Avg: 13.0, Max: 13.0, Diff: 0.0, Sum: 26.1]
      [GC Worker End (ms): Min: 83126.8, Avg: 83126.8, Max: 83126.8, Diff: 0.0]
   [Code Root Fixup: 0.0 ms]
   [Code Root Migration: 0.0 ms]
   [Clear CT: 0.1 ms]
   [Other: 0.4 ms]
      [Choose CSet: 0.0 ms]
      [Ref Proc: 0.0 ms]
      [Ref Enq: 0.0 ms]
      [Free CSet: 0.2 ms]
   [Eden: 10.0M(10.0M)->0.0B(60.0M) Survivors: 2048.0K->2048.0K Heap: 128.5M(256.0M)->111.9M(256.0M)]
 [Times: user=0.03 sys=0.00, real=0.01 secs] 
2014-07-10T16:13:52.243+0200: 83.226: [GC pause (young), 0.0395747 secs]
   [Parallel Time: 39.1 ms, GC Workers: 2]
      [GC Worker Start (ms): Min: 83226.2, Avg: 83226.4, Max: 83226.7, Diff: 0.5]
      [Ext Root Scanning (ms): Min: 0.9, Avg: 1.0, Max: 1.2, Diff: 0.3, Sum: 2.1]
      [Update RS (ms): Min: 0.5, Avg: 0.5, Max: 0.5, Diff: 0.1, Sum: 1.0]
         [Processed Buffers: Min: 2, Avg: 3.0, Max: 4, Diff: 2, Sum: 6]
      [Scan RS (ms): Min: 0.1, Avg: 0.1, Max: 0.1, Diff: 0.0, Sum: 0.2]
      [Code Root Scanning (ms): Min: 0.0, Avg: 0.0, Max: 0.0, Diff: 0.0, Sum: 0.1]
      [Object Copy (ms): Min: 36.9, Avg: 37.0, Max: 37.0, Diff: 0.1, Sum: 73.9]
      [Termination (ms): Min: 0.0, Avg: 0.0, Max: 0.0, Diff: 0.0, Sum: 0.0]
      [GC Worker Other (ms): Min: 0.0, Avg: 0.0, Max: 0.0, Diff: 0.0, Sum: 0.1]
      [GC Worker Total (ms): Min: 38.4, Avg: 38.7, Max: 38.9, Diff: 0.5, Sum: 77.3]
      [GC Worker End (ms): Min: 83265.1, Avg: 83265.1, Max: 83265.1, Diff: 0.0]
   [Code Root Fixup: 0.0 ms]
   [Code Root Migration: 0.0 ms]
   [Clear CT: 0.0 ms]
   [Other: 0.4 ms]
      [Choose CSet: 0.0 ms]
      [Ref Proc: 0.0 ms]
      [Ref Enq: 0.0 ms]
      [Free CSet: 0.2 ms]
   [Eden: 60.0M(60.0M)->0.0B(29.0M) Survivors: 2048.0K->8192.0K Heap: 171.9M(256.0M)->170.5M(256.0M)]
 [Times: user=0.08 sys=0.00, real=0.04 secs] 
2014-07-10T16:13:52.329+0200: 83.312: [GC pause (young) (initial-mark), 0.0194986 secs]
   [Parallel Time: 19.1 ms, GC Workers: 2]
      [GC Worker Start (ms): Min: 83311.8, Avg: 83311.8, Max: 83311.8, Diff: 0.0]
      [Ext Root Scanning (ms): Min: 0.9, Avg: 0.9, Max: 0.9, Diff: 0.0, Sum: 1.9]
      [Code Root Marking (ms): Min: 0.0, Avg: 0.1, Max: 0.1, Diff: 0.1, Sum: 0.1]
      [Update RS (ms): Min: 0.8, Avg: 0.8, Max: 0.8, Diff: 0.0, Sum: 1.7]
         [Processed Buffers: Min: 4, Avg: 4.5, Max: 5, Diff: 1, Sum: 9]
      [Scan RS (ms): Min: 0.1, Avg: 0.1, Max: 0.2, Diff: 0.1, Sum: 0.2]
      [Code Root Scanning (ms): Min: 0.0, Avg: 0.0, Max: 0.1, Diff: 0.1, Sum: 0.1]
      [Object Copy (ms): Min: 17.0, Avg: 17.0, Max: 17.1, Diff: 0.1, Sum: 34.1]
      [Termination (ms): Min: 0.0, Avg: 0.0, Max: 0.0, Diff: 0.0, Sum: 0.0]
      [GC Worker Other (ms): Min: 0.0, Avg: 0.0, Max: 0.0, Diff: 0.0, Sum: 0.1]
      [GC Worker Total (ms): Min: 19.0, Avg: 19.1, Max: 19.1, Diff: 0.0, Sum: 38.1]
      [GC Worker End (ms): Min: 83330.8, Avg: 83330.8, Max: 83330.8, Diff: 0.0]
   [Code Root Fixup: 0.0 ms]
   [Code Root Migration: 0.0 ms]
   [Clear CT: 0.0 ms]
   [Other: 0.3 ms]
      [Choose CSet: 0.0 ms]
      [Ref Proc: 0.1 ms]
      [Ref Enq: 0.0 ms]
      [Free CSet: 0.1 ms]
   [Eden: 29.0M(29.0M)->0.0B(18.0M) Survivors: 8192.0K->5120.0K Heap: 199.5M(256.0M)->192.0M(256.0M)]
 [Times: user=0.06 sys=0.00, real=0.02 secs] 
2014-07-10T16:13:52.349+0200: 83.332: [GC concurrent-root-region-scan-start]
2014-07-10T16:13:52.349+0200: 83.332: [GC concurrent-root-region-scan-end, 0.0001012 secs]
2014-07-10T16:13:52.349+0200: 83.332: [GC concurrent-mark-start]
2014-07-10T16:13:52.353+0200: 83.336: [GC concurrent-mark-end, 0.0034906 secs]
2014-07-10T16:13:52.353+0200: 83.336: [GC remark 2014-07-10T16:13:52.354+0200: 83.337: [GC ref-proc, 0.0000689 secs], 0.0011035 secs]
 [Times: user=0.00 sys=0.00, real=0.00 secs] 
2014-07-10T16:13:52.356+0200: 83.339: [GC cleanup 195M->105M(256M), 0.0007923 secs]
 [Times: user=0.00 sys=0.00, real=0.00 secs] 
2014-07-10T16:13:52.357+0200: 83.340: [GC concurrent-cleanup-start]
2014-07-10T16:13:52.357+0200: 83.340: [GC concurrent-cleanup-end, 0.0001892 secs]
2014-07-10T16:13:52.379+0200: 83.362: [GC pause (young), 0.0137510 secs]
   [Parallel Time: 13.0 ms, GC Workers: 2]
      [GC Worker Start (ms): Min: 83362.0, Avg: 83362.1, Max: 83362.2, Diff: 0.2]
      [Ext Root Scanning (ms): Min: 1.0, Avg: 1.1, Max: 1.2, Diff: 0.2, Sum: 2.3]
      [Update RS (ms): Min: 0.5, Avg: 0.5, Max: 0.5, Diff: 0.1, Sum: 1.0]
         [Processed Buffers: Min: 2, Avg: 3.5, Max: 5, Diff: 3, Sum: 7]
      [Scan RS (ms): Min: 0.0, Avg: 0.0, Max: 0.0, Diff: 0.0, Sum: 0.1]
      [Code Root Scanning (ms): Min: 0.0, Avg: 0.0, Max: 0.0, Diff: 0.0, Sum: 0.0]
      [Object Copy (ms): Min: 11.1, Avg: 11.1, Max: 11.1, Diff: 0.0, Sum: 22.2]
      [Termination (ms): Min: 0.0, Avg: 0.0, Max: 0.0, Diff: 0.0, Sum: 0.0]
      [GC Worker Other (ms): Min: 0.0, Avg: 0.0, Max: 0.1, Diff: 0.0, Sum: 0.1]
      [GC Worker Total (ms): Min: 12.7, Avg: 12.9, Max: 13.0, Diff: 0.2, Sum: 25.7]
      [GC Worker End (ms): Min: 83375.0, Avg: 83375.0, Max: 83375.0, Diff: 0.0]
   [Code Root Fixup: 0.1 ms]
   [Code Root Migration: 0.0 ms]
   [Clear CT: 0.1 ms]
   [Other: 0.6 ms]
      [Choose CSet: 0.0 ms]
      [Ref Proc: 0.2 ms]
      [Ref Enq: 0.0 ms]
      [Free CSet: 0.1 ms]
   [Eden: 18.0M(18.0M)->0.0B(9216.0K) Survivors: 5120.0K->3072.0K Heap: 120.0M(256.0M)->116.5M(256.0M)]
 [Times: user=0.03 sys=0.00, real=0.01 secs] 
2014-07-10T16:13:52.407+0200: 83.390: [GC pause (mixed), 0.0116763 secs]
   [Parallel Time: 11.1 ms, GC Workers: 2]
      [GC Worker Start (ms): Min: 83389.8, Avg: 83389.8, Max: 83389.8, Diff: 0.0]
      [Ext Root Scanning (ms): Min: 1.1, Avg: 1.1, Max: 1.1, Diff: 0.0, Sum: 2.2]
      [Update RS (ms): Min: 0.3, Avg: 0.3, Max: 0.3, Diff: 0.0, Sum: 0.6]
         [Processed Buffers: Min: 1, Avg: 3.0, Max: 5, Diff: 4, Sum: 6]
      [Scan RS (ms): Min: 0.1, Avg: 0.1, Max: 0.2, Diff: 0.0, Sum: 0.3]
      [Code Root Scanning (ms): Min: 0.0, Avg: 0.0, Max: 0.0, Diff: 0.0, Sum: 0.1]
      [Object Copy (ms): Min: 9.4, Avg: 9.4, Max: 9.4, Diff: 0.0, Sum: 18.9]
      [Termination (ms): Min: 0.0, Avg: 0.0, Max: 0.0, Diff: 0.0, Sum: 0.0]
      [GC Worker Other (ms): Min: 0.0, Avg: 0.0, Max: 0.0, Diff: 0.0, Sum: 0.1]
      [GC Worker Total (ms): Min: 11.1, Avg: 11.1, Max: 11.1, Diff: 0.0, Sum: 22.1]
      [GC Worker End (ms): Min: 83400.8, Avg: 83400.8, Max: 83400.8, Diff: 0.0]
   [Code Root Fixup: 0.0 ms]
   [Code Root Migration: 0.0 ms]
   [Clear CT: 0.1 ms]
   [Other: 0.5 ms]
      [Choose CSet: 0.0 ms]
      [Ref Proc: 0.1 ms]
      [Ref Enq: 0.0 ms]
      [Free CSet: 0.2 ms]
   [Eden: 9216.0K(9216.0K)->0.0B(10.0M) Survivors: 3072.0K->2048.0K Heap: 125.5M(256.0M)->104.5M(256.0M)]
 [Times: user=0.03 sys=0.00, real=0.01 secs] 
2014-07-10T16:13:52.434+0200: 83.417: [GC pause (mixed), 0.0093167 secs]
   [Parallel Time: 8.8 ms, GC Workers: 2]
      [GC Worker Start (ms): Min: 83416.9, Avg: 83416.9, Max: 83416.9, Diff: 0.0]
      [Ext Root Scanning (ms): Min: 1.1, Avg: 1.2, Max: 1.3, Diff: 0.2, Sum: 2.4]
      [Update RS (ms): Min: 0.3, Avg: 0.3, Max: 0.3, Diff: 0.0, Sum: 0.6]
         [Processed Buffers: Min: 1, Avg: 2.0, Max: 3, Diff: 2, Sum: 4]
      [Scan RS (ms): Min: 0.0, Avg: 0.1, Max: 0.2, Diff: 0.2, Sum: 0.2]
      [Code Root Scanning (ms): Min: 0.0, Avg: 0.0, Max: 0.0, Diff: 0.0, Sum: 0.0]
      [Object Copy (ms): Min: 7.1, Avg: 7.1, Max: 7.1, Diff: 0.0, Sum: 14.2]
      [Termination (ms): Min: 0.0, Avg: 0.0, Max: 0.0, Diff: 0.0, Sum: 0.0]
      [GC Worker Other (ms): Min: 0.0, Avg: 0.0, Max: 0.0, Diff: 0.0, Sum: 0.1]
      [GC Worker Total (ms): Min: 8.8, Avg: 8.8, Max: 8.8, Diff: 0.0, Sum: 17.5]
      [GC Worker End (ms): Min: 83425.6, Avg: 83425.6, Max: 83425.6, Diff: 0.0]
   [Code Root Fixup: 0.0 ms]
   [Code Root Migration: 0.2 ms]
   [Clear CT: 0.0 ms]
   [Other: 0.3 ms]
      [Choose CSet: 0.0 ms]
      [Ref Proc: 0.1 ms]
      [Ref Enq: 0.0 ms]
      [Free CSet: 0.1 ms]
   [Eden: 10.0M(10.0M)->0.0B(62.0M) Survivors: 2048.0K->2048.0K Heap: 114.5M(256.0M)->111.0M(256.0M)]
 [Times: user=0.03 sys=0.00, real=0.01 secs] 
2014-07-10T16:13:52.545+0200: 83.528: [GC pause (young), 0.0429139 secs]
   [Parallel Time: 42.4 ms, GC Workers: 2]
      [GC Worker Start (ms): Min: 83528.0, Avg: 83528.4, Max: 83528.9, Diff: 0.9]
      [Ext Root Scanning (ms): Min: 0.4, Avg: 0.9, Max: 1.4, Diff: 1.0, Sum: 1.8]
      [Update RS (ms): Min: 0.5, Avg: 0.5, Max: 0.5, Diff: 0.0, Sum: 1.0]
         [Processed Buffers: Min: 1, Avg: 2.5, Max: 4, Diff: 3, Sum: 5]
      [Scan RS (ms): Min: 0.0, Avg: 0.1, Max: 0.2, Diff: 0.2, Sum: 0.2]
      [Code Root Scanning (ms): Min: 0.0, Avg: 0.0, Max: 0.1, Diff: 0.1, Sum: 0.1]
      [Object Copy (ms): Min: 40.3, Avg: 40.4, Max: 40.4, Diff: 0.2, Sum: 80.7]
      [Termination (ms): Min: 0.0, Avg: 0.1, Max: 0.1, Diff: 0.1, Sum: 0.1]
      [GC Worker Other (ms): Min: 0.0, Avg: 0.0, Max: 0.0, Diff: 0.0, Sum: 0.1]
      [GC Worker Total (ms): Min: 41.6, Avg: 42.0, Max: 42.4, Diff: 0.9, Sum: 84.0]
      [GC Worker End (ms): Min: 83570.4, Avg: 83570.4, Max: 83570.4, Diff: 0.0]
   [Code Root Fixup: 0.0 ms]
   [Code Root Migration: 0.0 ms]
   [Clear CT: 0.1 ms]
   [Other: 0.4 ms]
      [Choose CSet: 0.0 ms]
      [Ref Proc: 0.0 ms]
      [Ref Enq: 0.0 ms]
      [Free CSet: 0.1 ms]
   [Eden: 62.0M(62.0M)->0.0B(24.0M) Survivors: 2048.0K->8192.0K Heap: 173.0M(256.0M)->180.5M(256.0M)]
 [Times: user=0.09 sys=0.00, real=0.04 secs] 
2014-07-10T16:13:52.626+0200: 83.609: [GC pause (young) (initial-mark), 0.0171317 secs]
   [Parallel Time: 16.4 ms, GC Workers: 2]
      [GC Worker Start (ms): Min: 83609.2, Avg: 83609.2, Max: 83609.2, Diff: 0.0]
      [Ext Root Scanning (ms): Min: 1.1, Avg: 1.2, Max: 1.3, Diff: 0.2, Sum: 2.4]
      [Code Root Marking (ms): Min: 0.0, Avg: 0.1, Max: 0.1, Diff: 0.1, Sum: 0.1]
      [Update RS (ms): Min: 0.8, Avg: 0.8, Max: 0.8, Diff: 0.0, Sum: 1.6]
         [Processed Buffers: Min: 4, Avg: 4.5, Max: 5, Diff: 1, Sum: 9]
      [Scan RS (ms): Min: 0.0, Avg: 0.1, Max: 0.1, Diff: 0.0, Sum: 0.1]
      [Code Root Scanning (ms): Min: 0.0, Avg: 0.0, Max: 0.0, Diff: 0.0, Sum: 0.0]
      [Object Copy (ms): Min: 14.2, Avg: 14.2, Max: 14.2, Diff: 0.0, Sum: 28.3]
      [Termination (ms): Min: 0.0, Avg: 0.0, Max: 0.0, Diff: 0.0, Sum: 0.0]
      [GC Worker Other (ms): Min: 0.0, Avg: 0.0, Max: 0.0, Diff: 0.0, Sum: 0.1]
      [GC Worker Total (ms): Min: 16.4, Avg: 16.4, Max: 16.4, Diff: 0.0, Sum: 32.7]
      [GC Worker End (ms): Min: 83625.6, Avg: 83625.6, Max: 83625.6, Diff: 0.0]
   [Code Root Fixup: 0.1 ms]
   [Code Root Migration: 0.0 ms]
   [Clear CT: 0.0 ms]
   [Other: 0.6 ms]
      [Choose CSet: 0.0 ms]
      [Ref Proc: 0.3 ms]
      [Ref Enq: 0.0 ms]
      [Free CSet: 0.1 ms]
   [Eden: 24.0M(24.0M)->0.0B(16.0M) Survivors: 8192.0K->4096.0K Heap: 204.5M(256.0M)->197.0M(256.0M)]
 [Times: user=0.03 sys=0.00, real=0.02 secs] 
2014-07-10T16:13:52.644+0200: 83.627: [GC concurrent-root-region-scan-start]
2014-07-10T16:13:52.644+0200: 83.627: [GC concurrent-root-region-scan-end, 0.0000796 secs]
2014-07-10T16:13:52.644+0200: 83.627: [GC concurrent-mark-start]
2014-07-10T16:13:52.647+0200: 83.630: [GC concurrent-mark-end, 0.0033187 secs]
2014-07-10T16:13:52.648+0200: 83.631: [GC remark 2014-07-10T16:13:52.649+0200: 83.632: [GC ref-proc, 0.0000755 secs], 0.0016641 secs]
 [Times: user=0.00 sys=0.00, real=0.00 secs] 
2014-07-10T16:13:52.652+0200: 83.635: [GC cleanup 201M->97M(256M), 0.0009191 secs]
 [Times: user=0.00 sys=0.00, real=0.00 secs] 
2014-07-10T16:13:52.653+0200: 83.636: [GC concurrent-cleanup-start]
2014-07-10T16:13:52.653+0200: 83.636: [GC concurrent-cleanup-end, 0.0002431 secs]
2014-07-10T16:13:52.670+0200: 83.653: [GC pause (young), 0.0112418 secs]
   [Parallel Time: 10.9 ms, GC Workers: 2]
      [GC Worker Start (ms): Min: 83653.2, Avg: 83653.2, Max: 83653.2, Diff: 0.0]
      [Ext Root Scanning (ms): Min: 1.0, Avg: 1.0, Max: 1.0, Diff: 0.0, Sum: 1.9]
      [Update RS (ms): Min: 0.4, Avg: 0.4, Max: 0.4, Diff: 0.0, Sum: 0.8]
         [Processed Buffers: Min: 2, Avg: 3.5, Max: 5, Diff: 3, Sum: 7]
      [Scan RS (ms): Min: 0.0, Avg: 0.0, Max: 0.0, Diff: 0.0, Sum: 0.1]
      [Code Root Scanning (ms): Min: 0.0, Avg: 0.0, Max: 0.0, Diff: 0.0, Sum: 0.0]
      [Object Copy (ms): Min: 9.4, Avg: 9.4, Max: 9.4, Diff: 0.0, Sum: 18.8]
      [Termination (ms): Min: 0.0, Avg: 0.0, Max: 0.0, Diff: 0.0, Sum: 0.0]
      [GC Worker Other (ms): Min: 0.0, Avg: 0.0, Max: 0.0, Diff: 0.0, Sum: 0.1]
      [GC Worker Total (ms): Min: 10.9, Avg: 10.9, Max: 10.9, Diff: 0.0, Sum: 21.7]
      [GC Worker End (ms): Min: 83664.1, Avg: 83664.1, Max: 83664.1, Diff: 0.0]
   [Code Root Fixup: 0.0 ms]
   [Code Root Migration: 0.0 ms]
   [Clear CT: 0.0 ms]
   [Other: 0.3 ms]
      [Choose CSet: 0.0 ms]
      [Ref Proc: 0.1 ms]
      [Ref Enq: 0.0 ms]
      [Free CSet: 0.1 ms]
   [Eden: 16.0M(16.0M)->0.0B(9216.0K) Survivors: 4096.0K->3072.0K Heap: 109.0M(256.0M)->106.0M(256.0M)]
 [Times: user=0.03 sys=0.00, real=0.01 secs] 
2014-07-10T16:13:52.696+0200: 83.679: [GC pause (mixed), 0.0103828 secs]
   [Parallel Time: 9.9 ms, GC Workers: 2]
      [GC Worker Start (ms): Min: 83678.9, Avg: 83678.9, Max: 83678.9, Diff: 0.0]
      [Ext Root Scanning (ms): Min: 0.9, Avg: 1.0, Max: 1.0, Diff: 0.1, Sum: 1.9]
      [Update RS (ms): Min: 0.2, Avg: 0.3, Max: 0.3, Diff: 0.1, Sum: 0.5]
         [Processed Buffers: Min: 1, Avg: 2.0, Max: 3, Diff: 2, Sum: 4]
      [Scan RS (ms): Min: 0.1, Avg: 0.1, Max: 0.1, Diff: 0.0, Sum: 0.3]
      [Code Root Scanning (ms): Min: 0.0, Avg: 0.0, Max: 0.0, Diff: 0.0, Sum: 0.0]
      [Object Copy (ms): Min: 8.4, Avg: 8.4, Max: 8.4, Diff: 0.0, Sum: 16.7]
      [Termination (ms): Min: 0.0, Avg: 0.0, Max: 0.0, Diff: 0.0, Sum: 0.0]
      [GC Worker Other (ms): Min: 0.0, Avg: 0.0, Max: 0.0, Diff: 0.0, Sum: 0.1]
      [GC Worker Total (ms): Min: 9.8, Avg: 9.8, Max: 9.8, Diff: 0.0, Sum: 19.6]
      [GC Worker End (ms): Min: 83688.7, Avg: 83688.7, Max: 83688.7, Diff: 0.0]
   [Code Root Fixup: 0.0 ms]
   [Code Root Migration: 0.0 ms]
   [Clear CT: 0.1 ms]
   [Other: 0.3 ms]
      [Choose CSet: 0.0 ms]
      [Ref Proc: 0.0 ms]
      [Ref Enq: 0.0 ms]
      [Free CSet: 0.2 ms]
   [Eden: 9216.0K(9216.0K)->0.0B(71.0M) Survivors: 3072.0K->2048.0K Heap: 115.0M(256.0M)->94.5M(256.0M)]
 [Times: user=0.03 sys=0.00, real=0.01 secs] 
2014-07-10T16:13:52.824+0200: 83.807: [GC pause (young), 0.0464060 secs]
   [Parallel Time: 45.9 ms, GC Workers: 2]
      [GC Worker Start (ms): Min: 83806.8, Avg: 83806.8, Max: 83806.8, Diff: 0.0]
      [Ext Root Scanning (ms): Min: 1.0, Avg: 1.0, Max: 1.1, Diff: 0.1, Sum: 2.1]
      [Update RS (ms): Min: 0.4, Avg: 0.5, Max: 0.5, Diff: 0.1, Sum: 0.9]
         [Processed Buffers: Min: 1, Avg: 3.0, Max: 5, Diff: 4, Sum: 6]
      [Scan RS (ms): Min: 0.1, Avg: 0.1, Max: 0.1, Diff: 0.1, Sum: 0.2]
      [Code Root Scanning (ms): Min: 0.0, Avg: 0.0, Max: 0.1, Diff: 0.0, Sum: 0.1]
      [Object Copy (ms): Min: 44.2, Avg: 44.2, Max: 44.2, Diff: 0.0, Sum: 88.4]
      [Termination (ms): Min: 0.0, Avg: 0.0, Max: 0.0, Diff: 0.0, Sum: 0.0]
      [GC Worker Other (ms): Min: 0.0, Avg: 0.0, Max: 0.0, Diff: 0.0, Sum: 0.1]
      [GC Worker Total (ms): Min: 45.9, Avg: 45.9, Max: 45.9, Diff: 0.0, Sum: 91.8]
      [GC Worker End (ms): Min: 83852.7, Avg: 83852.7, Max: 83852.7, Diff: 0.0]
   [Code Root Fixup: 0.0 ms]
   [Code Root Migration: 0.0 ms]
   [Clear CT: 0.1 ms]
   [Other: 0.4 ms]
      [Choose CSet: 0.0 ms]
      [Ref Proc: 0.0 ms]
      [Ref Enq: 0.0 ms]
      [Free CSet: 0.1 ms]
   [Eden: 71.0M(71.0M)->0.0B(31.0M) Survivors: 2048.0K->10.0M Heap: 165.5M(256.0M)->167.0M(256.0M)]
 [Times: user=0.09 sys=0.00, real=0.05 secs] 
2014-07-10T16:13:52.919+0200: 83.902: [GC pause (young) (initial-mark), 0.0214095 secs]
   [Parallel Time: 20.6 ms, GC Workers: 2]
      [GC Worker Start (ms): Min: 83902.1, Avg: 83902.1, Max: 83902.1, Diff: 0.0]
      [Ext Root Scanning (ms): Min: 1.1, Avg: 1.1, Max: 1.1, Diff: 0.0, Sum: 2.2]
      [Code Root Marking (ms): Min: 0.1, Avg: 0.1, Max: 0.1, Diff: 0.0, Sum: 0.1]
      [Update RS (ms): Min: 0.9, Avg: 1.0, Max: 1.0, Diff: 0.0, Sum: 1.9]
         [Processed Buffers: Min: 4, Avg: 5.5, Max: 7, Diff: 3, Sum: 11]
      [Scan RS (ms): Min: 0.1, Avg: 0.1, Max: 0.1, Diff: 0.0, Sum: 0.1]
      [Code Root Scanning (ms): Min: 0.0, Avg: 0.0, Max: 0.0, Diff: 0.0, Sum: 0.1]
      [Object Copy (ms): Min: 18.2, Avg: 18.2, Max: 18.2, Diff: 0.0, Sum: 36.4]
      [Termination (ms): Min: 0.0, Avg: 0.0, Max: 0.0, Diff: 0.0, Sum: 0.0]
      [GC Worker Other (ms): Min: 0.0, Avg: 0.0, Max: 0.0, Diff: 0.0, Sum: 0.1]
      [GC Worker Total (ms): Min: 20.5, Avg: 20.5, Max: 20.5, Diff: 0.0, Sum: 40.9]
      [GC Worker End (ms): Min: 83922.5, Avg: 83922.5, Max: 83922.5, Diff: 0.0]
   [Code Root Fixup: 0.0 ms]
   [Code Root Migration: 0.0 ms]
   [Clear CT: 0.1 ms]
   [Other: 0.8 ms]
      [Choose CSet: 0.0 ms]
      [Ref Proc: 0.5 ms]
      [Ref Enq: 0.0 ms]
      [Free CSet: 0.1 ms]
   [Eden: 31.0M(31.0M)->0.0B(21.0M) Survivors: 10.0M->6144.0K Heap: 198.0M(256.0M)->187.5M(256.0M)]
 [Times: user=0.06 sys=0.00, real=0.02 secs] 
2014-07-10T16:13:52.941+0200: 83.924: [GC concurrent-root-region-scan-start]
2014-07-10T16:13:52.941+0200: 83.924: [GC concurrent-root-region-scan-end, 0.0002929 secs]
2014-07-10T16:13:52.941+0200: 83.924: [GC concurrent-mark-start]
2014-07-10T16:13:52.944+0200: 83.927: [GC concurrent-mark-end, 0.0032443 secs]
2014-07-10T16:13:52.944+0200: 83.928: [GC remark 2014-07-10T16:13:52.945+0200: 83.928: [GC ref-proc, 0.0000704 secs], 0.0014658 secs]
 [Times: user=0.00 sys=0.00, real=0.00 secs] 
2014-07-10T16:13:52.946+0200: 83.929: [GC cleanup 189M->99M(256M), 0.0017598 secs]
 [Times: user=0.00 sys=0.00, real=0.00 secs] 
2014-07-10T16:13:52.948+0200: 83.931: [GC concurrent-cleanup-start]
2014-07-10T16:13:52.949+0200: 83.932: [GC concurrent-cleanup-end, 0.0001767 secs]
2014-07-10T16:13:52.977+0200: 83.960: [GC pause (young), 0.0151453 secs]
   [Parallel Time: 14.5 ms, GC Workers: 2]
      [GC Worker Start (ms): Min: 83959.8, Avg: 83959.8, Max: 83959.8, Diff: 0.0]
      [Ext Root Scanning (ms): Min: 1.1, Avg: 1.1, Max: 1.1, Diff: 0.0, Sum: 2.2]
      [Update RS (ms): Min: 0.5, Avg: 0.5, Max: 0.5, Diff: 0.0, Sum: 1.0]
         [Processed Buffers: Min: 2, Avg: 3.0, Max: 4, Diff: 2, Sum: 6]
      [Scan RS (ms): Min: 0.0, Avg: 0.0, Max: 0.0, Diff: 0.0, Sum: 0.1]
      [Code Root Scanning (ms): Min: 0.0, Avg: 0.0, Max: 0.0, Diff: 0.0, Sum: 0.0]
      [Object Copy (ms): Min: 12.7, Avg: 12.7, Max: 12.7, Diff: 0.0, Sum: 25.5]
      [Termination (ms): Min: 0.0, Avg: 0.0, Max: 0.0, Diff: 0.0, Sum: 0.0]
      [GC Worker Other (ms): Min: 0.0, Avg: 0.0, Max: 0.0, Diff: 0.0, Sum: 0.1]
      [GC Worker Total (ms): Min: 14.4, Avg: 14.4, Max: 14.4, Diff: 0.0, Sum: 28.8]
      [GC Worker End (ms): Min: 83974.2, Avg: 83974.2, Max: 83974.2, Diff: 0.0]
   [Code Root Fixup: 0.0 ms]
   [Code Root Migration: 0.0 ms]
   [Clear CT: 0.1 ms]
   [Other: 0.6 ms]
      [Choose CSet: 0.0 ms]
      [Ref Proc: 0.4 ms]
      [Ref Enq: 0.0 ms]
      [Free CSet: 0.1 ms]
   [Eden: 21.0M(21.0M)->0.0B(8192.0K) Survivors: 6144.0K->4096.0K Heap: 118.5M(256.0M)->113.5M(256.0M)]
 [Times: user=0.03 sys=0.00, real=0.02 secs] 
2014-07-10T16:13:53.004+0200: 83.987: [GC pause (mixed), 0.0105944 secs]
   [Parallel Time: 10.0 ms, GC Workers: 2]
      [GC Worker Start (ms): Min: 83986.8, Avg: 83986.8, Max: 83986.8, Diff: 0.0]
      [Ext Root Scanning (ms): Min: 1.0, Avg: 1.0, Max: 1.0, Diff: 0.1, Sum: 2.0]
      [Update RS (ms): Min: 0.3, Avg: 0.3, Max: 0.4, Diff: 0.1, Sum: 0.7]
         [Processed Buffers: Min: 1, Avg: 3.0, Max: 5, Diff: 4, Sum: 6]
      [Scan RS (ms): Min: 0.1, Avg: 0.1, Max: 0.1, Diff: 0.0, Sum: 0.3]
      [Code Root Scanning (ms): Min: 0.0, Avg: 0.0, Max: 0.0, Diff: 0.0, Sum: 0.1]
      [Object Copy (ms): Min: 8.4, Avg: 8.5, Max: 8.5, Diff: 0.0, Sum: 16.9]
      [Termination (ms): Min: 0.0, Avg: 0.0, Max: 0.0, Diff: 0.0, Sum: 0.0]
      [GC Worker Other (ms): Min: 0.0, Avg: 0.0, Max: 0.0, Diff: 0.0, Sum: 0.1]
      [GC Worker Total (ms): Min: 10.0, Avg: 10.0, Max: 10.0, Diff: 0.0, Sum: 20.0]
      [GC Worker End (ms): Min: 83996.8, Avg: 83996.8, Max: 83996.8, Diff: 0.0]
   [Code Root Fixup: 0.0 ms]
   [Code Root Migration: 0.0 ms]
   [Clear CT: 0.1 ms]
   [Other: 0.4 ms]
      [Choose CSet: 0.0 ms]
      [Ref Proc: 0.1 ms]
      [Ref Enq: 0.0 ms]
      [Free CSet: 0.2 ms]
   [Eden: 8192.0K(8192.0K)->0.0B(67.0M) Survivors: 4096.0K->2048.0K Heap: 121.5M(256.0M)->101.5M(256.0M)]
 [Times: user=0.00 sys=0.00, real=0.01 secs] 
2014-07-10T16:13:53.125+0200: 84.108: [GC pause (young), 0.0445362 secs]
   [Parallel Time: 44.0 ms, GC Workers: 2]
      [GC Worker Start (ms): Min: 84107.8, Avg: 84107.8, Max: 84107.8, Diff: 0.0]
      [Ext Root Scanning (ms): Min: 1.0, Avg: 1.1, Max: 1.1, Diff: 0.1, Sum: 2.2]
      [Update RS (ms): Min: 0.4, Avg: 0.5, Max: 0.5, Diff: 0.1, Sum: 0.9]
         [Processed Buffers: Min: 1, Avg: 3.0, Max: 5, Diff: 4, Sum: 6]
      [Scan RS (ms): Min: 0.1, Avg: 0.1, Max: 0.1, Diff: 0.0, Sum: 0.2]
      [Code Root Scanning (ms): Min: 0.0, Avg: 0.0, Max: 0.1, Diff: 0.0, Sum: 0.1]
      [Object Copy (ms): Min: 42.3, Avg: 42.3, Max: 42.3, Diff: 0.0, Sum: 84.6]
      [Termination (ms): Min: 0.0, Avg: 0.0, Max: 0.0, Diff: 0.0, Sum: 0.0]
      [GC Worker Other (ms): Min: 0.0, Avg: 0.0, Max: 0.0, Diff: 0.0, Sum: 0.1]
      [GC Worker Total (ms): Min: 44.0, Avg: 44.0, Max: 44.0, Diff: 0.0, Sum: 88.0]
      [GC Worker End (ms): Min: 84151.9, Avg: 84151.9, Max: 84151.9, Diff: 0.0]
   [Code Root Fixup: 0.0 ms]
   [Code Root Migration: 0.0 ms]
   [Clear CT: 0.1 ms]
   [Other: 0.4 ms]
      [Choose CSet: 0.0 ms]
      [Ref Proc: 0.1 ms]
      [Ref Enq: 0.0 ms]
      [Free CSet: 0.1 ms]
   [Eden: 67.0M(67.0M)->0.0B(27.0M) Survivors: 2048.0K->9216.0K Heap: 168.5M(256.0M)->175.0M(256.0M)]
 [Times: user=0.06 sys=0.00, real=0.05 secs] 
2014-07-10T16:13:53.213+0200: 84.196: [GC pause (young) (initial-mark), 0.0191096 secs]
   [Parallel Time: 18.7 ms, GC Workers: 2]
      [GC Worker Start (ms): Min: 84195.9, Avg: 84195.9, Max: 84195.9, Diff: 0.0]
      [Ext Root Scanning (ms): Min: 1.1, Avg: 1.1, Max: 1.1, Diff: 0.0, Sum: 2.2]
      [Code Root Marking (ms): Min: 0.1, Avg: 0.1, Max: 0.1, Diff: 0.0, Sum: 0.1]
      [Update RS (ms): Min: 1.2, Avg: 1.2, Max: 1.2, Diff: 0.0, Sum: 2.3]
         [Processed Buffers: Min: 4, Avg: 4.5, Max: 5, Diff: 1, Sum: 9]
      [Scan RS (ms): Min: 0.0, Avg: 0.0, Max: 0.1, Diff: 0.0, Sum: 0.1]
      [Code Root Scanning (ms): Min: 0.0, Avg: 0.0, Max: 0.0, Diff: 0.0, Sum: 0.0]
      [Object Copy (ms): Min: 16.1, Avg: 16.1, Max: 16.1, Diff: 0.0, Sum: 32.2]
      [Termination (ms): Min: 0.0, Avg: 0.0, Max: 0.0, Diff: 0.0, Sum: 0.0]
      [GC Worker Other (ms): Min: 0.0, Avg: 0.0, Max: 0.0, Diff: 0.0, Sum: 0.1]
      [GC Worker Total (ms): Min: 18.6, Avg: 18.6, Max: 18.6, Diff: 0.0, Sum: 37.1]
      [GC Worker End (ms): Min: 84214.5, Avg: 84214.5, Max: 84214.5, Diff: 0.0]
   [Code Root Fixup: 0.0 ms]
   [Code Root Migration: 0.0 ms]
   [Clear CT: 0.0 ms]
   [Other: 0.4 ms]
      [Choose CSet: 0.0 ms]
      [Ref Proc: 0.1 ms]
      [Ref Enq: 0.0 ms]
      [Free CSet: 0.1 ms]
   [Eden: 27.0M(27.0M)->0.0B(18.0M) Survivors: 9216.0K->5120.0K Heap: 202.0M(256.0M)->193.0M(256.0M)]
 [Times: user=0.03 sys=0.00, real=0.02 secs] 
2014-07-10T16:13:53.232+0200: 84.215: [GC concurrent-root-region-scan-start]
2014-07-10T16:13:53.232+0200: 84.215: [GC concurrent-root-region-scan-end, 0.0000913 secs]
2014-07-10T16:13:53.232+0200: 84.215: [GC concurrent-mark-start]
2014-07-10T16:13:53.237+0200: 84.220: [GC concurrent-mark-end, 0.0038408 secs]
2014-07-10T16:13:53.238+0200: 84.221: [GC remark 2014-07-10T16:13:53.238+0200: 84.222: [GC ref-proc, 0.0001019 secs], 0.0016069 secs]
 [Times: user=0.00 sys=0.00, real=0.00 secs] 
2014-07-10T16:13:53.244+0200: 84.227: [GC cleanup 200M->95M(256M), 0.0010522 secs]
 [Times: user=0.00 sys=0.00, real=0.00 secs] 
2014-07-10T16:13:53.245+0200: 84.228: [GC concurrent-cleanup-start]
2014-07-10T16:13:53.245+0200: 84.228: [GC concurrent-cleanup-end, 0.0002900 secs]
2014-07-10T16:13:53.262+0200: 84.245: [GC pause (young), 0.0136949 secs]
   [Parallel Time: 13.1 ms, GC Workers: 2]
      [GC Worker Start (ms): Min: 84245.0, Avg: 84245.0, Max: 84245.0, Diff: 0.0]
      [Ext Root Scanning (ms): Min: 0.9, Avg: 1.0, Max: 1.0, Diff: 0.0, Sum: 1.9]
      [Update RS (ms): Min: 0.4, Avg: 0.4, Max: 0.5, Diff: 0.0, Sum: 0.9]
         [Processed Buffers: Min: 3, Avg: 3.5, Max: 4, Diff: 1, Sum: 7]
      [Scan RS (ms): Min: 0.0, Avg: 0.0, Max: 0.0, Diff: 0.0, Sum: 0.1]
      [Code Root Scanning (ms): Min: 0.0, Avg: 0.0, Max: 0.0, Diff: 0.0, Sum: 0.0]
      [Object Copy (ms): Min: 11.2, Avg: 11.2, Max: 11.2, Diff: 0.0, Sum: 22.4]
      [Termination (ms): Min: 0.0, Avg: 0.0, Max: 0.0, Diff: 0.0, Sum: 0.0]
      [GC Worker Other (ms): Min: 0.0, Avg: 0.2, Max: 0.3, Diff: 0.3, Sum: 0.4]
      [GC Worker Total (ms): Min: 12.7, Avg: 12.8, Max: 13.0, Diff: 0.3, Sum: 25.7]
      [GC Worker End (ms): Min: 84257.7, Avg: 84257.8, Max: 84258.0, Diff: 0.3]
   [Code Root Fixup: 0.0 ms]
   [Code Root Migration: 0.0 ms]
   [Clear CT: 0.1 ms]
   [Other: 0.4 ms]
      [Choose CSet: 0.0 ms]
      [Ref Proc: 0.2 ms]
      [Ref Enq: 0.0 ms]
      [Free CSet: 0.1 ms]
   [Eden: 18.0M(18.0M)->0.0B(9216.0K) Survivors: 5120.0K->3072.0K Heap: 106.0M(256.0M)->103.5M(256.0M)]
 [Times: user=0.03 sys=0.00, real=0.01 secs] 
2014-07-10T16:13:53.290+0200: 84.273: [GC pause (mixed), 0.0101973 secs]
   [Parallel Time: 9.6 ms, GC Workers: 2]
      [GC Worker Start (ms): Min: 84272.8, Avg: 84272.8, Max: 84272.8, Diff: 0.0]
      [Ext Root Scanning (ms): Min: 1.1, Avg: 1.1, Max: 1.2, Diff: 0.2, Sum: 2.3]
      [Update RS (ms): Min: 0.4, Avg: 0.4, Max: 0.4, Diff: 0.0, Sum: 0.7]
         [Processed Buffers: Min: 1, Avg: 3.5, Max: 6, Diff: 5, Sum: 7]
      [Scan RS (ms): Min: 0.1, Avg: 0.1, Max: 0.2, Diff: 0.1, Sum: 0.2]
      [Code Root Scanning (ms): Min: 0.0, Avg: 0.0, Max: 0.0, Diff: 0.0, Sum: 0.0]
      [Object Copy (ms): Min: 7.8, Avg: 7.9, Max: 7.9, Diff: 0.0, Sum: 15.7]
      [Termination (ms): Min: 0.0, Avg: 0.0, Max: 0.0, Diff: 0.0, Sum: 0.0]
      [GC Worker Other (ms): Min: 0.0, Avg: 0.0, Max: 0.0, Diff: 0.0, Sum: 0.0]
      [GC Worker Total (ms): Min: 9.5, Avg: 9.5, Max: 9.5, Diff: 0.0, Sum: 19.0]
      [GC Worker End (ms): Min: 84282.4, Avg: 84282.4, Max: 84282.4, Diff: 0.0]
   [Code Root Fixup: 0.0 ms]
   [Code Root Migration: 0.0 ms]
   [Clear CT: 0.2 ms]
   [Other: 0.4 ms]
      [Choose CSet: 0.0 ms]
      [Ref Proc: 0.1 ms]
      [Ref Enq: 0.0 ms]
      [Free CSet: 0.2 ms]
   [Eden: 9216.0K(9216.0K)->0.0B(70.0M) Survivors: 3072.0K->2048.0K Heap: 112.5M(256.0M)->97.0M(256.0M)]
 [Times: user=0.03 sys=0.00, real=0.01 secs] 
2014-07-10T16:13:53.415+0200: 84.398: [GC pause (young), 0.0483975 secs]
   [Parallel Time: 47.9 ms, GC Workers: 2]
      [GC Worker Start (ms): Min: 84397.8, Avg: 84397.8, Max: 84397.8, Diff: 0.0]
      [Ext Root Scanning (ms): Min: 1.3, Avg: 2.4, Max: 3.5, Diff: 2.2, Sum: 4.8]
      [Update RS (ms): Min: 0.0, Avg: 0.6, Max: 1.2, Diff: 1.2, Sum: 1.2]
         [Processed Buffers: Min: 0, Avg: 2.5, Max: 5, Diff: 5, Sum: 5]
      [Scan RS (ms): Min: 0.0, Avg: 0.1, Max: 0.2, Diff: 0.2, Sum: 0.2]
      [Code Root Scanning (ms): Min: 0.0, Avg: 0.0, Max: 0.1, Diff: 0.1, Sum: 0.1]
      [Object Copy (ms): Min: 44.4, Avg: 44.7, Max: 45.0, Diff: 0.6, Sum: 89.4]
      [Termination (ms): Min: 0.0, Avg: 0.0, Max: 0.0, Diff: 0.0, Sum: 0.0]
      [GC Worker Other (ms): Min: 0.0, Avg: 0.0, Max: 0.0, Diff: 0.0, Sum: 0.1]
      [GC Worker Total (ms): Min: 47.9, Avg: 47.9, Max: 47.9, Diff: 0.0, Sum: 95.8]
      [GC Worker End (ms): Min: 84445.7, Avg: 84445.7, Max: 84445.7, Diff: 0.0]
   [Code Root Fixup: 0.0 ms]
   [Code Root Migration: 0.0 ms]
   [Clear CT: 0.1 ms]
   [Other: 0.4 ms]
      [Choose CSet: 0.0 ms]
      [Ref Proc: 0.0 ms]
      [Ref Enq: 0.0 ms]
      [Free CSet: 0.1 ms]
   [Eden: 70.0M(70.0M)->0.0B(25.0M) Survivors: 2048.0K->9216.0K Heap: 167.0M(256.0M)->178.0M(256.0M)]
 [Times: user=0.09 sys=0.00, real=0.05 secs] 
2014-07-10T16:13:53.502+0200: 84.485: [GC pause (young) (initial-mark), 0.0176651 secs]
   [Parallel Time: 17.3 ms, GC Workers: 2]
      [GC Worker Start (ms): Min: 84484.9, Avg: 84484.9, Max: 84484.9, Diff: 0.0]
      [Ext Root Scanning (ms): Min: 1.0, Avg: 1.0, Max: 1.0, Diff: 0.0, Sum: 1.9]
      [Code Root Marking (ms): Min: 0.0, Avg: 0.1, Max: 0.1, Diff: 0.0, Sum: 0.1]
      [Update RS (ms): Min: 0.9, Avg: 0.9, Max: 1.0, Diff: 0.1, Sum: 1.9]
         [Processed Buffers: Min: 4, Avg: 5.0, Max: 6, Diff: 2, Sum: 10]
      [Scan RS (ms): Min: 0.0, Avg: 0.0, Max: 0.1, Diff: 0.0, Sum: 0.1]
      [Code Root Scanning (ms): Min: 0.0, Avg: 0.0, Max: 0.0, Diff: 0.0, Sum: 0.0]
      [Object Copy (ms): Min: 15.2, Avg: 15.2, Max: 15.2, Diff: 0.0, Sum: 30.5]
      [Termination (ms): Min: 0.0, Avg: 0.0, Max: 0.0, Diff: 0.0, Sum: 0.0]
      [GC Worker Other (ms): Min: 0.0, Avg: 0.0, Max: 0.0, Diff: 0.0, Sum: 0.1]
      [GC Worker Total (ms): Min: 17.3, Avg: 17.3, Max: 17.3, Diff: 0.0, Sum: 34.5]
      [GC Worker End (ms): Min: 84502.2, Avg: 84502.2, Max: 84502.2, Diff: 0.0]
   [Code Root Fixup: 0.0 ms]
   [Code Root Migration: 0.0 ms]
   [Clear CT: 0.0 ms]
   [Other: 0.3 ms]
      [Choose CSet: 0.0 ms]
      [Ref Proc: 0.0 ms]
      [Ref Enq: 0.0 ms]
      [Free CSet: 0.1 ms]
   [Eden: 25.0M(25.0M)->0.0B(18.0M) Survivors: 9216.0K->5120.0K Heap: 203.0M(256.0M)->193.5M(256.0M)]
 [Times: user=0.03 sys=0.00, real=0.02 secs] 
2014-07-10T16:13:53.520+0200: 84.503: [GC concurrent-root-region-scan-start]
2014-07-10T16:13:53.520+0200: 84.503: [GC concurrent-root-region-scan-end, 0.0000862 secs]
2014-07-10T16:13:53.520+0200: 84.503: [GC concurrent-mark-start]
2014-07-10T16:13:53.524+0200: 84.507: [GC concurrent-mark-end, 0.0033326 secs]
2014-07-10T16:13:53.524+0200: 84.507: [GC remark 2014-07-10T16:13:53.524+0200: 84.507: [GC ref-proc, 0.0000715 secs], 0.0012891 secs]
 [Times: user=0.00 sys=0.00, real=0.00 secs] 
2014-07-10T16:13:53.525+0200: 84.508: [GC cleanup 195M->87M(256M), 0.0013693 secs]
 [Times: user=0.00 sys=0.00, real=0.00 secs] 
2014-07-10T16:13:53.527+0200: 84.510: [GC concurrent-cleanup-start]
2014-07-10T16:13:53.527+0200: 84.510: [GC concurrent-cleanup-end, 0.0001573 secs]
2014-07-10T16:13:53.554+0200: 84.537: [GC pause (young), 0.0123912 secs]
   [Parallel Time: 12.1 ms, GC Workers: 2]
      [GC Worker Start (ms): Min: 84537.0, Avg: 84537.0, Max: 84537.0, Diff: 0.0]
      [Ext Root Scanning (ms): Min: 0.9, Avg: 1.0, Max: 1.0, Diff: 0.0, Sum: 1.9]
      [Update RS (ms): Min: 0.4, Avg: 0.4, Max: 0.4, Diff: 0.0, Sum: 0.8]
         [Processed Buffers: Min: 2, Avg: 3.0, Max: 4, Diff: 2, Sum: 6]
      [Scan RS (ms): Min: 0.0, Avg: 0.0, Max: 0.0, Diff: 0.0, Sum: 0.1]
      [Code Root Scanning (ms): Min: 0.0, Avg: 0.0, Max: 0.0, Diff: 0.0, Sum: 0.0]
      [Object Copy (ms): Min: 10.4, Avg: 10.5, Max: 10.5, Diff: 0.0, Sum: 20.9]
      [Termination (ms): Min: 0.0, Avg: 0.0, Max: 0.0, Diff: 0.0, Sum: 0.0]
      [GC Worker Other (ms): Min: 0.0, Avg: 0.0, Max: 0.0, Diff: 0.0, Sum: 0.1]
      [GC Worker Total (ms): Min: 11.9, Avg: 11.9, Max: 11.9, Diff: 0.0, Sum: 23.8]
      [GC Worker End (ms): Min: 84548.9, Avg: 84548.9, Max: 84548.9, Diff: 0.0]
   [Code Root Fixup: 0.0 ms]
   [Code Root Migration: 0.0 ms]
   [Clear CT: 0.0 ms]
   [Other: 0.3 ms]
      [Choose CSet: 0.0 ms]
      [Ref Proc: 0.1 ms]
      [Ref Enq: 0.0 ms]
      [Free CSet: 0.1 ms]
   [Eden: 18.0M(18.0M)->0.0B(9216.0K) Survivors: 5120.0K->3072.0K Heap: 103.5M(256.0M)->99.0M(256.0M)]
 [Times: user=0.03 sys=0.00, real=0.01 secs] 
2014-07-10T16:13:53.581+0200: 84.564: [GC pause (mixed), 0.0108228 secs]
   [Parallel Time: 10.0 ms, GC Workers: 2]
      [GC Worker Start (ms): Min: 84563.9, Avg: 84563.9, Max: 84563.9, Diff: 0.0]
      [Ext Root Scanning (ms): Min: 1.1, Avg: 1.2, Max: 1.2, Diff: 0.1, Sum: 2.3]
      [Update RS (ms): Min: 0.3, Avg: 0.3, Max: 0.4, Diff: 0.1, Sum: 0.6]
         [Processed Buffers: Min: 4, Avg: 4.0, Max: 4, Diff: 0, Sum: 8]
      [Scan RS (ms): Min: 0.1, Avg: 0.1, Max: 0.1, Diff: 0.0, Sum: 0.3]
      [Code Root Scanning (ms): Min: 0.0, Avg: 0.0, Max: 0.0, Diff: 0.0, Sum: 0.0]
      [Object Copy (ms): Min: 8.2, Avg: 8.2, Max: 8.2, Diff: 0.0, Sum: 16.5]
      [Termination (ms): Min: 0.0, Avg: 0.0, Max: 0.0, Diff: 0.0, Sum: 0.0]
      [GC Worker Other (ms): Min: 0.0, Avg: 0.0, Max: 0.0, Diff: 0.0, Sum: 0.1]
      [GC Worker Total (ms): Min: 9.9, Avg: 9.9, Max: 9.9, Diff: 0.0, Sum: 19.8]
      [GC Worker End (ms): Min: 84573.8, Avg: 84573.8, Max: 84573.8, Diff: 0.0]
   [Code Root Fixup: 0.0 ms]
   [Code Root Migration: 0.0 ms]
   [Clear CT: 0.1 ms]
   [Other: 0.7 ms]
      [Choose CSet: 0.0 ms]
      [Ref Proc: 0.4 ms]
      [Ref Enq: 0.0 ms]
      [Free CSet: 0.2 ms]
   [Eden: 9216.0K(9216.0K)->0.0B(72.0M) Survivors: 3072.0K->2048.0K Heap: 108.0M(256.0M)->92.5M(256.0M)]
 [Times: user=0.00 sys=0.00, real=0.01 secs] 
2014-07-10T16:13:53.716+0200: 84.699: [GC pause (young), 0.0483502 secs]
   [Parallel Time: 47.6 ms, GC Workers: 2]
      [GC Worker Start (ms): Min: 84699.1, Avg: 84699.1, Max: 84699.1, Diff: 0.0]
      [Ext Root Scanning (ms): Min: 1.2, Avg: 1.3, Max: 1.4, Diff: 0.2, Sum: 2.5]
      [Update RS (ms): Min: 0.5, Avg: 0.6, Max: 0.6, Diff: 0.1, Sum: 1.1]
         [Processed Buffers: Min: 1, Avg: 2.5, Max: 4, Diff: 3, Sum: 5]
      [Scan RS (ms): Min: 0.1, Avg: 0.1, Max: 0.1, Diff: 0.0, Sum: 0.2]
      [Code Root Scanning (ms): Min: 0.0, Avg: 0.0, Max: 0.0, Diff: 0.0, Sum: 0.1]
      [Object Copy (ms): Min: 45.6, Avg: 45.6, Max: 45.6, Diff: 0.0, Sum: 91.2]
      [Termination (ms): Min: 0.0, Avg: 0.0, Max: 0.0, Diff: 0.0, Sum: 0.0]
      [GC Worker Other (ms): Min: 0.0, Avg: 0.0, Max: 0.0, Diff: 0.0, Sum: 0.1]
      [GC Worker Total (ms): Min: 47.6, Avg: 47.6, Max: 47.6, Diff: 0.0, Sum: 95.2]
      [GC Worker End (ms): Min: 84746.7, Avg: 84746.7, Max: 84746.7, Diff: 0.0]
   [Code Root Fixup: 0.0 ms]
   [Code Root Migration: 0.0 ms]
   [Clear CT: 0.1 ms]
   [Other: 0.6 ms]
      [Choose CSet: 0.0 ms]
      [Ref Proc: 0.2 ms]
      [Ref Enq: 0.0 ms]
      [Free CSet: 0.1 ms]
   [Eden: 72.0M(72.0M)->0.0B(31.0M) Survivors: 2048.0K->10.0M Heap: 164.5M(256.0M)->166.0M(256.0M)]
 [Times: user=0.08 sys=0.00, real=0.05 secs] 
2014-07-10T16:13:53.823+0200: 84.806: [GC pause (young) (initial-mark), 0.0215407 secs]
   [Parallel Time: 21.0 ms, GC Workers: 2]
      [GC Worker Start (ms): Min: 84806.0, Avg: 84806.0, Max: 84806.0, Diff: 0.0]
      [Ext Root Scanning (ms): Min: 1.0, Avg: 1.0, Max: 1.0, Diff: 0.0, Sum: 2.0]
      [Code Root Marking (ms): Min: 0.0, Avg: 0.1, Max: 0.1, Diff: 0.0, Sum: 0.1]
      [Update RS (ms): Min: 0.9, Avg: 0.9, Max: 0.9, Diff: 0.0, Sum: 1.9]
         [Processed Buffers: Min: 4, Avg: 5.0, Max: 6, Diff: 2, Sum: 10]
      [Scan RS (ms): Min: 0.0, Avg: 0.1, Max: 0.1, Diff: 0.0, Sum: 0.1]
      [Code Root Scanning (ms): Min: 0.0, Avg: 0.0, Max: 0.0, Diff: 0.0, Sum: 0.1]
      [Object Copy (ms): Min: 18.9, Avg: 18.9, Max: 18.9, Diff: 0.0, Sum: 37.8]
      [Termination (ms): Min: 0.0, Avg: 0.0, Max: 0.0, Diff: 0.0, Sum: 0.0]
      [GC Worker Other (ms): Min: 0.0, Avg: 0.0, Max: 0.0, Diff: 0.0, Sum: 0.1]
      [GC Worker Total (ms): Min: 21.0, Avg: 21.0, Max: 21.0, Diff: 0.0, Sum: 42.0]
      [GC Worker End (ms): Min: 84827.0, Avg: 84827.0, Max: 84827.0, Diff: 0.0]
   [Code Root Fixup: 0.0 ms]
   [Code Root Migration: 0.0 ms]
   [Clear CT: 0.0 ms]
   [Other: 0.4 ms]
      [Choose CSet: 0.0 ms]
      [Ref Proc: 0.1 ms]
      [Ref Enq: 0.0 ms]
      [Free CSet: 0.1 ms]
   [Eden: 31.0M(31.0M)->0.0B(21.0M) Survivors: 10.0M->6144.0K Heap: 197.0M(256.0M)->187.5M(256.0M)]
 [Times: user=0.06 sys=0.00, real=0.02 secs] 
2014-07-10T16:13:53.845+0200: 84.828: [GC concurrent-root-region-scan-start]
2014-07-10T16:13:53.845+0200: 84.828: [GC concurrent-root-region-scan-end, 0.0001646 secs]
2014-07-10T16:13:53.845+0200: 84.828: [GC concurrent-mark-start]
2014-07-10T16:13:53.849+0200: 84.832: [GC concurrent-mark-end, 0.0033594 secs]
2014-07-10T16:13:53.849+0200: 84.832: [GC remark 2014-07-10T16:13:53.849+0200: 84.832: [GC ref-proc, 0.0000880 secs], 0.0012777 secs]
 [Times: user=0.00 sys=0.00, real=0.00 secs] 
2014-07-10T16:13:53.851+0200: 84.834: [GC cleanup 188M->95M(256M), 0.0009463 secs]
 [Times: user=0.00 sys=0.00, real=0.00 secs] 
2014-07-10T16:13:53.852+0200: 84.835: [GC concurrent-cleanup-start]
2014-07-10T16:13:53.852+0200: 84.835: [GC concurrent-cleanup-end, 0.0001928 secs]
2014-07-10T16:13:53.883+0200: 84.866: [GC pause (young), 0.0150507 secs]
   [Parallel Time: 14.7 ms, GC Workers: 2]
      [GC Worker Start (ms): Min: 84866.2, Avg: 84866.4, Max: 84866.7, Diff: 0.5]
      [Ext Root Scanning (ms): Min: 1.0, Avg: 1.2, Max: 1.4, Diff: 0.4, Sum: 2.4]
      [Update RS (ms): Min: 0.5, Avg: 0.5, Max: 0.5, Diff: 0.0, Sum: 1.0]
         [Processed Buffers: Min: 2, Avg: 3.5, Max: 5, Diff: 3, Sum: 7]
      [Scan RS (ms): Min: 0.0, Avg: 0.0, Max: 0.0, Diff: 0.0, Sum: 0.1]
      [Code Root Scanning (ms): Min: 0.0, Avg: 0.0, Max: 0.0, Diff: 0.0, Sum: 0.0]
      [Object Copy (ms): Min: 12.6, Avg: 12.6, Max: 12.7, Diff: 0.1, Sum: 25.3]
      [Termination (ms): Min: 0.0, Avg: 0.0, Max: 0.0, Diff: 0.0, Sum: 0.0]
      [GC Worker Other (ms): Min: 0.0, Avg: 0.0, Max: 0.0, Diff: 0.0, Sum: 0.1]
      [GC Worker Total (ms): Min: 14.2, Avg: 14.4, Max: 14.6, Diff: 0.5, Sum: 28.8]
      [GC Worker End (ms): Min: 84880.8, Avg: 84880.8, Max: 84880.8, Diff: 0.0]
   [Code Root Fixup: 0.0 ms]
   [Code Root Migration: 0.0 ms]
   [Clear CT: 0.0 ms]
   [Other: 0.3 ms]
      [Choose CSet: 0.0 ms]
      [Ref Proc: 0.1 ms]
      [Ref Enq: 0.0 ms]
      [Free CSet: 0.1 ms]
   [Eden: 21.0M(21.0M)->0.0B(8192.0K) Survivors: 6144.0K->4096.0K Heap: 115.5M(256.0M)->110.0M(256.0M)]
 [Times: user=0.03 sys=0.00, real=0.02 secs] 
2014-07-10T16:13:53.911+0200: 84.894: [GC pause (mixed), 0.0101038 secs]
   [Parallel Time: 9.4 ms, GC Workers: 2]
      [GC Worker Start (ms): Min: 84894.0, Avg: 84894.0, Max: 84894.0, Diff: 0.0]
      [Ext Root Scanning (ms): Min: 1.0, Avg: 1.0, Max: 1.0, Diff: 0.0, Sum: 2.0]
      [Update RS (ms): Min: 0.3, Avg: 0.3, Max: 0.3, Diff: 0.0, Sum: 0.6]
         [Processed Buffers: Min: 2, Avg: 3.0, Max: 4, Diff: 2, Sum: 6]
      [Scan RS (ms): Min: 0.1, Avg: 0.1, Max: 0.1, Diff: 0.0, Sum: 0.2]
      [Code Root Scanning (ms): Min: 0.0, Avg: 0.0, Max: 0.0, Diff: 0.0, Sum: 0.0]
      [Object Copy (ms): Min: 7.8, Avg: 7.8, Max: 7.8, Diff: 0.0, Sum: 15.6]
      [Termination (ms): Min: 0.0, Avg: 0.0, Max: 0.0, Diff: 0.0, Sum: 0.0]
      [GC Worker Other (ms): Min: 0.0, Avg: 0.0, Max: 0.0, Diff: 0.0, Sum: 0.0]
      [GC Worker Total (ms): Min: 9.3, Avg: 9.3, Max: 9.3, Diff: 0.0, Sum: 18.7]
      [GC Worker End (ms): Min: 84903.3, Avg: 84903.3, Max: 84903.3, Diff: 0.0]
   [Code Root Fixup: 0.0 ms]
   [Code Root Migration: 0.0 ms]
   [Clear CT: 0.2 ms]
   [Other: 0.5 ms]
      [Choose CSet: 0.0 ms]
      [Ref Proc: 0.2 ms]
      [Ref Enq: 0.0 ms]
      [Free CSet: 0.2 ms]
   [Eden: 8192.0K(8192.0K)->0.0B(65.0M) Survivors: 4096.0K->2048.0K Heap: 118.0M(256.0M)->99.1M(256.0M)]
 [Times: user=0.00 sys=0.00, real=0.01 secs] 
2014-07-10T16:13:54.028+0200: 85.011: [GC pause (young), 0.0439390 secs]
   [Parallel Time: 43.5 ms, GC Workers: 2]
      [GC Worker Start (ms): Min: 85011.0, Avg: 85011.0, Max: 85011.0, Diff: 0.0]
      [Ext Root Scanning (ms): Min: 0.9, Avg: 0.9, Max: 0.9, Diff: 0.0, Sum: 1.9]
      [Update RS (ms): Min: 0.4, Avg: 0.4, Max: 0.5, Diff: 0.1, Sum: 0.8]
         [Processed Buffers: Min: 1, Avg: 3.0, Max: 5, Diff: 4, Sum: 6]
      [Scan RS (ms): Min: 0.1, Avg: 0.1, Max: 0.1, Diff: 0.0, Sum: 0.2]
      [Code Root Scanning (ms): Min: 0.0, Avg: 0.0, Max: 0.1, Diff: 0.0, Sum: 0.1]
      [Object Copy (ms): Min: 41.9, Avg: 41.9, Max: 41.9, Diff: 0.0, Sum: 83.8]
      [Termination (ms): Min: 0.0, Avg: 0.0, Max: 0.0, Diff: 0.0, Sum: 0.0]
      [GC Worker Other (ms): Min: 0.0, Avg: 0.0, Max: 0.0, Diff: 0.0, Sum: 0.0]
      [GC Worker Total (ms): Min: 43.4, Avg: 43.4, Max: 43.4, Diff: 0.0, Sum: 86.9]
      [GC Worker End (ms): Min: 85054.4, Avg: 85054.4, Max: 85054.4, Diff: 0.0]
   [Code Root Fixup: 0.0 ms]
   [Code Root Migration: 0.0 ms]
   [Clear CT: 0.1 ms]
   [Other: 0.4 ms]
      [Choose CSet: 0.0 ms]
      [Ref Proc: 0.0 ms]
      [Ref Enq: 0.0 ms]
      [Free CSet: 0.1 ms]
   [Eden: 65.0M(65.0M)->0.0B(26.0M) Survivors: 2048.0K->9216.0K Heap: 164.1M(256.0M)->176.0M(256.0M)]
 [Times: user=0.09 sys=0.00, real=0.04 secs] 
2014-07-10T16:13:54.114+0200: 85.097: [GC pause (young) (initial-mark), 0.0179786 secs]
   [Parallel Time: 17.6 ms, GC Workers: 2]
      [GC Worker Start (ms): Min: 85097.1, Avg: 85097.1, Max: 85097.1, Diff: 0.0]
      [Ext Root Scanning (ms): Min: 1.1, Avg: 1.2, Max: 1.3, Diff: 0.2, Sum: 2.4]
      [Code Root Marking (ms): Min: 0.0, Avg: 0.1, Max: 0.1, Diff: 0.1, Sum: 0.1]
      [Update RS (ms): Min: 1.0, Avg: 1.1, Max: 1.1, Diff: 0.1, Sum: 2.1]
         [Processed Buffers: Min: 5, Avg: 5.0, Max: 5, Diff: 0, Sum: 10]
      [Scan RS (ms): Min: 0.0, Avg: 0.0, Max: 0.1, Diff: 0.1, Sum: 0.1]
      [Code Root Scanning (ms): Min: 0.0, Avg: 0.0, Max: 0.1, Diff: 0.0, Sum: 0.1]
      [Object Copy (ms): Min: 15.1, Avg: 15.1, Max: 15.1, Diff: 0.0, Sum: 30.2]
      [Termination (ms): Min: 0.0, Avg: 0.0, Max: 0.0, Diff: 0.0, Sum: 0.1]
      [GC Worker Other (ms): Min: 0.0, Avg: 0.0, Max: 0.0, Diff: 0.0, Sum: 0.1]
      [GC Worker Total (ms): Min: 17.5, Avg: 17.5, Max: 17.5, Diff: 0.0, Sum: 35.1]
      [GC Worker End (ms): Min: 85114.6, Avg: 85114.6, Max: 85114.6, Diff: 0.0]
   [Code Root Fixup: 0.0 ms]
   [Code Root Migration: 0.0 ms]
   [Clear CT: 0.0 ms]
   [Other: 0.4 ms]
      [Choose CSet: 0.0 ms]
      [Ref Proc: 0.1 ms]
      [Ref Enq: 0.0 ms]
      [Free CSet: 0.1 ms]
   [Eden: 26.0M(26.0M)->0.0B(18.0M) Survivors: 9216.0K->5120.0K Heap: 202.0M(256.0M)->192.5M(256.0M)]
 [Times: user=0.03 sys=0.00, real=0.02 secs] 
2014-07-10T16:13:54.132+0200: 85.115: [GC concurrent-root-region-scan-start]
2014-07-10T16:13:54.132+0200: 85.115: [GC concurrent-root-region-scan-end, 0.0000873 secs]
2014-07-10T16:13:54.132+0200: 85.115: [GC concurrent-mark-start]
2014-07-10T16:13:54.138+0200: 85.121: [GC concurrent-mark-end, 0.0035438 secs]
2014-07-10T16:13:54.138+0200: 85.121: [GC remark 2014-07-10T16:13:54.138+0200: 85.121: [GC ref-proc, 0.0000730 secs], 0.0011739 secs]
 [Times: user=0.03 sys=0.00, real=0.00 secs] 
2014-07-10T16:13:54.139+0200: 85.122: [GC cleanup 194M->86M(256M), 0.0007791 secs]
 [Times: user=0.00 sys=0.00, real=0.00 secs] 
2014-07-10T16:13:54.140+0200: 85.123: [GC concurrent-cleanup-start]
2014-07-10T16:13:54.140+0200: 85.123: [GC concurrent-cleanup-end, 0.0002090 secs]
2014-07-10T16:13:54.165+0200: 85.148: [GC pause (young), 0.0140740 secs]
   [Parallel Time: 13.4 ms, GC Workers: 2]
      [GC Worker Start (ms): Min: 85147.9, Avg: 85147.9, Max: 85147.9, Diff: 0.0]
      [Ext Root Scanning (ms): Min: 1.1, Avg: 1.1, Max: 1.1, Diff: 0.0, Sum: 2.2]
      [Update RS (ms): Min: 0.5, Avg: 0.5, Max: 0.5, Diff: 0.0, Sum: 1.0]
         [Processed Buffers: Min: 2, Avg: 3.5, Max: 5, Diff: 3, Sum: 7]
      [Scan RS (ms): Min: 0.0, Avg: 0.0, Max: 0.1, Diff: 0.0, Sum: 0.1]
      [Code Root Scanning (ms): Min: 0.0, Avg: 0.0, Max: 0.0, Diff: 0.0, Sum: 0.0]
      [Object Copy (ms): Min: 11.7, Avg: 11.7, Max: 11.7, Diff: 0.0, Sum: 23.3]
      [Termination (ms): Min: 0.0, Avg: 0.0, Max: 0.0, Diff: 0.0, Sum: 0.0]
      [GC Worker Other (ms): Min: 0.0, Avg: 0.0, Max: 0.0, Diff: 0.0, Sum: 0.1]
      [GC Worker Total (ms): Min: 13.4, Avg: 13.4, Max: 13.4, Diff: 0.0, Sum: 26.7]
      [GC Worker End (ms): Min: 85161.3, Avg: 85161.3, Max: 85161.3, Diff: 0.0]
   [Code Root Fixup: 0.1 ms]
   [Code Root Migration: 0.0 ms]
   [Clear CT: 0.2 ms]
   [Other: 0.4 ms]
      [Choose CSet: 0.0 ms]
      [Ref Proc: 0.1 ms]
      [Ref Enq: 0.0 ms]
      [Free CSet: 0.1 ms]
   [Eden: 18.0M(18.0M)->0.0B(9216.0K) Survivors: 5120.0K->3072.0K Heap: 102.5M(256.0M)->100.0M(256.0M)]
 [Times: user=0.03 sys=0.00, real=0.01 secs] 
2014-07-10T16:13:54.192+0200: 85.175: [GC pause (mixed), 0.0100081 secs]
   [Parallel Time: 9.3 ms, GC Workers: 2]
      [GC Worker Start (ms): Min: 85175.0, Avg: 85175.0, Max: 85175.0, Diff: 0.0]
      [Ext Root Scanning (ms): Min: 1.0, Avg: 1.1, Max: 1.1, Diff: 0.1, Sum: 2.1]
      [Update RS (ms): Min: 0.3, Avg: 0.3, Max: 0.3, Diff: 0.0, Sum: 0.6]
         [Processed Buffers: Min: 1, Avg: 2.5, Max: 4, Diff: 3, Sum: 5]
      [Scan RS (ms): Min: 0.1, Avg: 0.1, Max: 0.2, Diff: 0.1, Sum: 0.2]
      [Code Root Scanning (ms): Min: 0.0, Avg: 0.0, Max: 0.0, Diff: 0.0, Sum: 0.0]
      [Object Copy (ms): Min: 7.7, Avg: 7.7, Max: 7.7, Diff: 0.0, Sum: 15.4]
      [Termination (ms): Min: 0.0, Avg: 0.0, Max: 0.0, Diff: 0.0, Sum: 0.0]
      [GC Worker Other (ms): Min: 0.0, Avg: 0.0, Max: 0.0, Diff: 0.0, Sum: 0.1]
      [GC Worker Total (ms): Min: 9.2, Avg: 9.2, Max: 9.2, Diff: 0.0, Sum: 18.5]
      [GC Worker End (ms): Min: 85184.2, Avg: 85184.2, Max: 85184.2, Diff: 0.0]
   [Code Root Fixup: 0.0 ms]
   [Code Root Migration: 0.0 ms]
   [Clear CT: 0.2 ms]
   [Other: 0.5 ms]
      [Choose CSet: 0.0 ms]
      [Ref Proc: 0.1 ms]
      [Ref Enq: 0.0 ms]
      [Free CSet: 0.2 ms]
   [Eden: 9216.0K(9216.0K)->0.0B(69.0M) Survivors: 3072.0K->2048.0K Heap: 109.0M(256.0M)->96.5M(256.0M)]
 [Times: user=0.00 sys=0.00, real=0.01 secs] 
2014-07-10T16:13:54.315+0200: 85.298: [GC pause (young), 0.0465725 secs]
   [Parallel Time: 45.9 ms, GC Workers: 2]
      [GC Worker Start (ms): Min: 85298.1, Avg: 85298.2, Max: 85298.3, Diff: 0.1]
      [Ext Root Scanning (ms): Min: 1.1, Avg: 1.1, Max: 1.1, Diff: 0.0, Sum: 2.2]
      [Update RS (ms): Min: 0.5, Avg: 0.6, Max: 0.6, Diff: 0.1, Sum: 1.1]
         [Processed Buffers: Min: 2, Avg: 2.5, Max: 3, Diff: 1, Sum: 5]
      [Scan RS (ms): Min: 0.3, Avg: 0.3, Max: 0.3, Diff: 0.0, Sum: 0.5]
      [Code Root Scanning (ms): Min: 0.0, Avg: 0.1, Max: 0.1, Diff: 0.0, Sum: 0.1]
      [Object Copy (ms): Min: 43.7, Avg: 43.8, Max: 43.8, Diff: 0.0, Sum: 87.5]
      [Termination (ms): Min: 0.0, Avg: 0.0, Max: 0.0, Diff: 0.0, Sum: 0.0]
      [GC Worker Other (ms): Min: 0.0, Avg: 0.0, Max: 0.0, Diff: 0.0, Sum: 0.1]
      [GC Worker Total (ms): Min: 45.7, Avg: 45.8, Max: 45.9, Diff: 0.1, Sum: 91.6]
      [GC Worker End (ms): Min: 85344.0, Avg: 85344.0, Max: 85344.0, Diff: 0.0]
   [Code Root Fixup: 0.0 ms]
   [Code Root Migration: 0.0 ms]
   [Clear CT: 0.1 ms]
   [Other: 0.6 ms]
      [Choose CSet: 0.0 ms]
      [Ref Proc: 0.1 ms]
      [Ref Enq: 0.0 ms]
      [Free CSet: 0.3 ms]
   [Eden: 69.0M(69.0M)->0.0B(28.0M) Survivors: 2048.0K->9216.0K Heap: 165.5M(256.0M)->172.0M(256.0M)]
 [Times: user=0.09 sys=0.00, real=0.05 secs] 
2014-07-10T16:13:54.409+0200: 85.392: [GC pause (young) (initial-mark), 0.0200753 secs]
   [Parallel Time: 19.3 ms, GC Workers: 2]
      [GC Worker Start (ms): Min: 85391.9, Avg: 85391.9, Max: 85391.9, Diff: 0.0]
      [Ext Root Scanning (ms): Min: 1.0, Avg: 1.0, Max: 1.1, Diff: 0.0, Sum: 2.1]
      [Code Root Marking (ms): Min: 0.0, Avg: 0.1, Max: 0.1, Diff: 0.0, Sum: 0.1]
      [Update RS (ms): Min: 1.0, Avg: 1.0, Max: 1.1, Diff: 0.1, Sum: 2.0]
         [Processed Buffers: Min: 4, Avg: 5.0, Max: 6, Diff: 2, Sum: 10]
      [Scan RS (ms): Min: 0.0, Avg: 0.0, Max: 0.1, Diff: 0.1, Sum: 0.1]
      [Code Root Scanning (ms): Min: 0.0, Avg: 0.0, Max: 0.0, Diff: 0.0, Sum: 0.0]
      [Object Copy (ms): Min: 17.0, Avg: 17.0, Max: 17.0, Diff: 0.0, Sum: 34.1]
      [Termination (ms): Min: 0.0, Avg: 0.0, Max: 0.0, Diff: 0.0, Sum: 0.0]
      [GC Worker Other (ms): Min: 0.0, Avg: 0.0, Max: 0.0, Diff: 0.0, Sum: 0.1]
      [GC Worker Total (ms): Min: 19.3, Avg: 19.3, Max: 19.3, Diff: 0.0, Sum: 38.5]
      [GC Worker End (ms): Min: 85411.2, Avg: 85411.2, Max: 85411.2, Diff: 0.0]
   [Code Root Fixup: 0.0 ms]
   [Code Root Migration: 0.0 ms]
   [Clear CT: 0.2 ms]
   [Other: 0.5 ms]
      [Choose CSet: 0.0 ms]
      [Ref Proc: 0.1 ms]
      [Ref Enq: 0.0 ms]
      [Free CSet: 0.1 ms]
   [Eden: 28.0M(28.0M)->0.0B(18.0M) Survivors: 9216.0K->5120.0K Heap: 200.0M(256.0M)->191.5M(256.0M)]
 [Times: user=0.03 sys=0.00, real=0.02 secs] 
2014-07-10T16:13:54.429+0200: 85.412: [GC concurrent-root-region-scan-start]
2014-07-10T16:13:54.429+0200: 85.412: [GC concurrent-root-region-scan-end, 0.0000917 secs]
2014-07-10T16:13:54.429+0200: 85.412: [GC concurrent-mark-start]
2014-07-10T16:13:54.433+0200: 85.416: [GC concurrent-mark-end, 0.0035093 secs]
2014-07-10T16:13:54.433+0200: 85.416: [GC remark 2014-07-10T16:13:54.433+0200: 85.416: [GC ref-proc, 0.0000722 secs], 0.0012106 secs]
 [Times: user=0.00 sys=0.00, real=0.00 secs] 
2014-07-10T16:13:54.434+0200: 85.417: [GC cleanup 193M->90M(256M), 0.0009683 secs]
 [Times: user=0.00 sys=0.00, real=0.00 secs] 
2014-07-10T16:13:54.435+0200: 85.418: [GC concurrent-cleanup-start]
2014-07-10T16:13:54.436+0200: 85.419: [GC concurrent-cleanup-end, 0.0002350 secs]
2014-07-10T16:13:54.460+0200: 85.443: [GC pause (young), 0.0135006 secs]
   [Parallel Time: 12.9 ms, GC Workers: 2]
      [GC Worker Start (ms): Min: 85442.9, Avg: 85442.9, Max: 85442.9, Diff: 0.0]
      [Ext Root Scanning (ms): Min: 1.1, Avg: 1.1, Max: 1.1, Diff: 0.0, Sum: 2.2]
      [Update RS (ms): Min: 0.4, Avg: 0.5, Max: 0.5, Diff: 0.1, Sum: 0.9]
         [Processed Buffers: Min: 2, Avg: 3.0, Max: 4, Diff: 2, Sum: 6]
      [Scan RS (ms): Min: 0.0, Avg: 0.0, Max: 0.0, Diff: 0.0, Sum: 0.1]
      [Code Root Scanning (ms): Min: 0.0, Avg: 0.0, Max: 0.0, Diff: 0.0, Sum: 0.0]
      [Object Copy (ms): Min: 11.2, Avg: 11.2, Max: 11.2, Diff: 0.0, Sum: 22.4]
      [Termination (ms): Min: 0.0, Avg: 0.0, Max: 0.0, Diff: 0.0, Sum: 0.0]
      [GC Worker Other (ms): Min: 0.0, Avg: 0.0, Max: 0.0, Diff: 0.0, Sum: 0.1]
      [GC Worker Total (ms): Min: 12.9, Avg: 12.9, Max: 12.9, Diff: 0.0, Sum: 25.7]
      [GC Worker End (ms): Min: 85455.8, Avg: 85455.8, Max: 85455.8, Diff: 0.0]
   [Code Root Fixup: 0.1 ms]
   [Code Root Migration: 0.0 ms]
   [Clear CT: 0.2 ms]
   [Other: 0.3 ms]
      [Choose CSet: 0.0 ms]
      [Ref Proc: 0.1 ms]
      [Ref Enq: 0.0 ms]
      [Free CSet: 0.1 ms]
   [Eden: 18.0M(18.0M)->0.0B(9216.0K) Survivors: 5120.0K->3072.0K Heap: 106.5M(256.0M)->103.5M(256.0M)]
 [Times: user=0.03 sys=0.00, real=0.01 secs] 
2014-07-10T16:13:54.487+0200: 85.470: [GC pause (mixed), 0.0087272 secs]
   [Parallel Time: 8.3 ms, GC Workers: 2]
      [GC Worker Start (ms): Min: 85470.1, Avg: 85470.1, Max: 85470.1, Diff: 0.0]
      [Ext Root Scanning (ms): Min: 1.1, Avg: 1.2, Max: 1.3, Diff: 0.2, Sum: 2.3]
      [Update RS (ms): Min: 0.3, Avg: 0.3, Max: 0.3, Diff: 0.0, Sum: 0.6]
         [Processed Buffers: Min: 1, Avg: 3.0, Max: 5, Diff: 4, Sum: 6]
      [Scan RS (ms): Min: 0.0, Avg: 0.1, Max: 0.2, Diff: 0.2, Sum: 0.2]
      [Code Root Scanning (ms): Min: 0.0, Avg: 0.0, Max: 0.0, Diff: 0.0, Sum: 0.0]
      [Object Copy (ms): Min: 6.6, Avg: 6.6, Max: 6.6, Diff: 0.0, Sum: 13.2]
      [Termination (ms): Min: 0.0, Avg: 0.0, Max: 0.0, Diff: 0.0, Sum: 0.0]
      [GC Worker Other (ms): Min: 0.0, Avg: 0.0, Max: 0.0, Diff: 0.0, Sum: 0.0]
      [GC Worker Total (ms): Min: 8.2, Avg: 8.2, Max: 8.2, Diff: 0.0, Sum: 16.4]
      [GC Worker End (ms): Min: 85478.3, Avg: 85478.3, Max: 85478.3, Diff: 0.0]
   [Code Root Fixup: 0.0 ms]
   [Code Root Migration: 0.0 ms]
   [Clear CT: 0.1 ms]
   [Other: 0.4 ms]
      [Choose CSet: 0.0 ms]
      [Ref Proc: 0.1 ms]
      [Ref Enq: 0.0 ms]
      [Free CSet: 0.2 ms]
   [Eden: 9216.0K(9216.0K)->0.0B(66.0M) Survivors: 3072.0K->2048.0K Heap: 112.5M(256.0M)->97.0M(256.0M)]
 [Times: user=0.00 sys=0.00, real=0.01 secs] 
2014-07-10T16:13:54.605+0200: 85.588: [GC pause (young), 0.0443019 secs]
   [Parallel Time: 43.9 ms, GC Workers: 2]
      [GC Worker Start (ms): Min: 85588.0, Avg: 85588.0, Max: 85588.0, Diff: 0.0]
      [Ext Root Scanning (ms): Min: 1.0, Avg: 1.1, Max: 1.1, Diff: 0.1, Sum: 2.2]
      [Update RS (ms): Min: 0.4, Avg: 0.5, Max: 0.5, Diff: 0.1, Sum: 0.9]
         [Processed Buffers: Min: 2, Avg: 3.0, Max: 4, Diff: 2, Sum: 6]
      [Scan RS (ms): Min: 0.1, Avg: 0.1, Max: 0.1, Diff: 0.0, Sum: 0.2]
      [Code Root Scanning (ms): Min: 0.0, Avg: 0.0, Max: 0.0, Diff: 0.0, Sum: 0.1]
      [Object Copy (ms): Min: 42.1, Avg: 42.1, Max: 42.1, Diff: 0.0, Sum: 84.2]
      [Termination (ms): Min: 0.0, Avg: 0.0, Max: 0.0, Diff: 0.0, Sum: 0.0]
      [GC Worker Other (ms): Min: 0.0, Avg: 0.0, Max: 0.0, Diff: 0.0, Sum: 0.1]
      [GC Worker Total (ms): Min: 43.8, Avg: 43.8, Max: 43.8, Diff: 0.0, Sum: 87.7]
      [GC Worker End (ms): Min: 85631.9, Avg: 85631.9, Max: 85631.9, Diff: 0.0]
   [Code Root Fixup: 0.0 ms]
   [Code Root Migration: 0.0 ms]
   [Clear CT: 0.1 ms]
   [Other: 0.4 ms]
      [Choose CSet: 0.0 ms]
      [Ref Proc: 0.0 ms]
      [Ref Enq: 0.0 ms]
      [Free CSet: 0.1 ms]
   [Eden: 66.0M(66.0M)->0.0B(29.0M) Survivors: 2048.0K->9216.0K Heap: 163.0M(256.0M)->171.5M(256.0M)]
 [Times: user=0.06 sys=0.03, real=0.04 secs] 
2014-07-10T16:13:54.696+0200: 85.679: [GC pause (young) (initial-mark), 0.0203382 secs]
   [Parallel Time: 19.5 ms, GC Workers: 2]
      [GC Worker Start (ms): Min: 85679.2, Avg: 85679.2, Max: 85679.2, Diff: 0.0]
      [Ext Root Scanning (ms): Min: 1.2, Avg: 1.2, Max: 1.2, Diff: 0.0, Sum: 2.3]
      [Code Root Marking (ms): Min: 0.1, Avg: 0.1, Max: 0.1, Diff: 0.0, Sum: 0.1]
      [Update RS (ms): Min: 0.9, Avg: 0.9, Max: 0.9, Diff: 0.0, Sum: 1.9]
         [Processed Buffers: Min: 4, Avg: 5.5, Max: 7, Diff: 3, Sum: 11]
      [Scan RS (ms): Min: 0.1, Avg: 0.1, Max: 0.1, Diff: 0.0, Sum: 0.1]
      [Code Root Scanning (ms): Min: 0.0, Avg: 0.0, Max: 0.0, Diff: 0.0, Sum: 0.0]
      [Object Copy (ms): Min: 17.2, Avg: 17.2, Max: 17.2, Diff: 0.0, Sum: 34.4]
      [Termination (ms): Min: 0.0, Avg: 0.0, Max: 0.0, Diff: 0.0, Sum: 0.0]
      [GC Worker Other (ms): Min: 0.0, Avg: 0.0, Max: 0.0, Diff: 0.0, Sum: 0.1]
      [GC Worker Total (ms): Min: 19.4, Avg: 19.5, Max: 19.5, Diff: 0.0, Sum: 38.9]
      [GC Worker End (ms): Min: 85698.6, Avg: 85698.6, Max: 85698.6, Diff: 0.0]
   [Code Root Fixup: 0.1 ms]
   [Code Root Migration: 0.0 ms]
   [Clear CT: 0.1 ms]
   [Other: 0.6 ms]
      [Choose CSet: 0.0 ms]
      [Ref Proc: 0.3 ms]
      [Ref Enq: 0.0 ms]
      [Free CSet: 0.1 ms]
   [Eden: 29.0M(29.0M)->0.0B(18.0M) Survivors: 9216.0K->5120.0K Heap: 200.5M(256.0M)->192.0M(256.0M)]
 [Times: user=0.02 sys=0.03, real=0.02 secs] 
2014-07-10T16:13:54.717+0200: 85.700: [GC concurrent-root-region-scan-start]
2014-07-10T16:13:54.717+0200: 85.700: [GC concurrent-root-region-scan-end, 0.0000917 secs]
2014-07-10T16:13:54.717+0200: 85.700: [GC concurrent-mark-start]
2014-07-10T16:13:54.721+0200: 85.704: [GC concurrent-mark-end, 0.0034349 secs]
2014-07-10T16:13:54.723+0200: 85.706: [GC remark 2014-07-10T16:13:54.723+0200: 85.706: [GC ref-proc, 0.0000704 secs], 0.0010174 secs]
 [Times: user=0.00 sys=0.00, real=0.00 secs] 
2014-07-10T16:13:54.724+0200: 85.707: [GC cleanup 193M->89M(256M), 0.0008047 secs]
 [Times: user=0.00 sys=0.00, real=0.00 secs] 
2014-07-10T16:13:54.725+0200: 85.708: [GC concurrent-cleanup-start]
2014-07-10T16:13:54.725+0200: 85.709: [GC concurrent-cleanup-end, 0.0002079 secs]
2014-07-10T16:13:54.756+0200: 85.739: [GC pause (young), 0.0131553 secs]
   [Parallel Time: 12.9 ms, GC Workers: 2]
      [GC Worker Start (ms): Min: 85738.9, Avg: 85738.9, Max: 85738.9, Diff: 0.0]
      [Ext Root Scanning (ms): Min: 0.9, Avg: 1.0, Max: 1.0, Diff: 0.0, Sum: 1.9]
      [Update RS (ms): Min: 0.4, Avg: 0.4, Max: 0.5, Diff: 0.1, Sum: 0.9]
         [Processed Buffers: Min: 2, Avg: 3.0, Max: 4, Diff: 2, Sum: 6]
      [Scan RS (ms): Min: 0.0, Avg: 0.0, Max: 0.0, Diff: 0.0, Sum: 0.1]
      [Code Root Scanning (ms): Min: 0.0, Avg: 0.0, Max: 0.0, Diff: 0.0, Sum: 0.0]
      [Object Copy (ms): Min: 10.4, Avg: 10.8, Max: 11.3, Diff: 0.9, Sum: 21.6]
      [Termination (ms): Min: 0.0, Avg: 0.5, Max: 1.0, Diff: 1.0, Sum: 1.0]
      [GC Worker Other (ms): Min: 0.0, Avg: 0.1, Max: 0.1, Diff: 0.1, Sum: 0.1]
      [GC Worker Total (ms): Min: 12.8, Avg: 12.8, Max: 12.8, Diff: 0.0, Sum: 25.6]
      [GC Worker End (ms): Min: 85751.7, Avg: 85751.7, Max: 85751.7, Diff: 0.0]
   [Code Root Fixup: 0.0 ms]
   [Code Root Migration: 0.0 ms]
   [Clear CT: 0.0 ms]
   [Other: 0.3 ms]
      [Choose CSet: 0.0 ms]
      [Ref Proc: 0.1 ms]
      [Ref Enq: 0.0 ms]
      [Free CSet: 0.1 ms]
   [Eden: 18.0M(18.0M)->0.0B(9216.0K) Survivors: 5120.0K->3072.0K Heap: 106.0M(256.0M)->101.0M(256.0M)]
 [Times: user=0.03 sys=0.00, real=0.01 secs] 
2014-07-10T16:13:54.782+0200: 85.765: [GC pause (mixed), 0.0104452 secs]
   [Parallel Time: 10.0 ms, GC Workers: 2]
      [GC Worker Start (ms): Min: 85765.0, Avg: 85765.0, Max: 85765.0, Diff: 0.0]
      [Ext Root Scanning (ms): Min: 1.0, Avg: 1.0, Max: 1.0, Diff: 0.0, Sum: 2.0]
      [Update RS (ms): Min: 0.3, Avg: 0.3, Max: 0.3, Diff: 0.1, Sum: 0.6]
         [Processed Buffers: Min: 1, Avg: 2.5, Max: 4, Diff: 3, Sum: 5]
      [Scan RS (ms): Min: 0.1, Avg: 0.1, Max: 0.1, Diff: 0.1, Sum: 0.2]
      [Code Root Scanning (ms): Min: 0.0, Avg: 0.0, Max: 0.0, Diff: 0.0, Sum: 0.0]
      [Object Copy (ms): Min: 8.5, Avg: 8.6, Max: 8.6, Diff: 0.0, Sum: 17.1]
      [Termination (ms): Min: 0.0, Avg: 0.0, Max: 0.0, Diff: 0.0, Sum: 0.0]
      [GC Worker Other (ms): Min: 0.0, Avg: 0.0, Max: 0.0, Diff: 0.0, Sum: 0.1]
      [GC Worker Total (ms): Min: 10.0, Avg: 10.0, Max: 10.0, Diff: 0.0, Sum: 20.0]
      [GC Worker End (ms): Min: 85775.0, Avg: 85775.0, Max: 85775.0, Diff: 0.0]
   [Code Root Fixup: 0.0 ms]
   [Code Root Migration: 0.0 ms]
   [Clear CT: 0.1 ms]
   [Other: 0.3 ms]
      [Choose CSet: 0.0 ms]
      [Ref Proc: 0.0 ms]
      [Ref Enq: 0.0 ms]
      [Free CSet: 0.1 ms]
   [Eden: 9216.0K(9216.0K)->0.0B(70.0M) Survivors: 3072.0K->2048.0K Heap: 110.0M(256.0M)->100.5M(256.0M)]
 [Times: user=0.00 sys=0.00, real=0.01 secs] 
2014-07-10T16:13:54.908+0200: 85.891: [GC pause (young), 0.0459070 secs]
   [Parallel Time: 45.4 ms, GC Workers: 2]
      [GC Worker Start (ms): Min: 85890.9, Avg: 85890.9, Max: 85891.0, Diff: 0.0]
      [Ext Root Scanning (ms): Min: 0.9, Avg: 1.0, Max: 1.0, Diff: 0.1, Sum: 1.9]
      [Update RS (ms): Min: 0.4, Avg: 0.4, Max: 0.5, Diff: 0.0, Sum: 0.9]
         [Processed Buffers: Min: 1, Avg: 2.5, Max: 4, Diff: 3, Sum: 5]
      [Scan RS (ms): Min: 0.1, Avg: 0.1, Max: 0.1, Diff: 0.0, Sum: 0.2]
      [Code Root Scanning (ms): Min: 0.0, Avg: 0.0, Max: 0.1, Diff: 0.0, Sum: 0.1]
      [Object Copy (ms): Min: 43.8, Avg: 43.8, Max: 43.8, Diff: 0.0, Sum: 87.5]
      [Termination (ms): Min: 0.0, Avg: 0.0, Max: 0.0, Diff: 0.0, Sum: 0.0]
      [GC Worker Other (ms): Min: 0.0, Avg: 0.0, Max: 0.0, Diff: 0.0, Sum: 0.1]
      [GC Worker Total (ms): Min: 45.3, Avg: 45.3, Max: 45.3, Diff: 0.0, Sum: 90.7]
      [GC Worker End (ms): Min: 85936.3, Avg: 85936.3, Max: 85936.3, Diff: 0.0]
   [Code Root Fixup: 0.0 ms]
   [Code Root Migration: 0.0 ms]
   [Clear CT: 0.1 ms]
   [Other: 0.5 ms]
      [Choose CSet: 0.0 ms]
      [Ref Proc: 0.0 ms]
      [Ref Enq: 0.0 ms]
      [Free CSet: 0.2 ms]
   [Eden: 70.0M(70.0M)->0.0B(29.0M) Survivors: 2048.0K->9216.0K Heap: 170.5M(256.0M)->171.0M(256.0M)]
 [Times: user=0.08 sys=0.00, real=0.05 secs] 
2014-07-10T16:13:55.000+0200: 85.983: [GC pause (young) (initial-mark), 0.0191239 secs]
   [Parallel Time: 18.2 ms, GC Workers: 2]
      [GC Worker Start (ms): Min: 85983.1, Avg: 85983.1, Max: 85983.1, Diff: 0.0]
      [Ext Root Scanning (ms): Min: 1.0, Avg: 1.1, Max: 1.2, Diff: 0.2, Sum: 2.2]
      [Code Root Marking (ms): Min: 0.0, Avg: 0.1, Max: 0.1, Diff: 0.0, Sum: 0.1]
      [Update RS (ms): Min: 0.9, Avg: 0.9, Max: 0.9, Diff: 0.0, Sum: 1.7]
         [Processed Buffers: Min: 4, Avg: 6.0, Max: 8, Diff: 4, Sum: 12]
      [Scan RS (ms): Min: 0.0, Avg: 0.1, Max: 0.1, Diff: 0.0, Sum: 0.1]
      [Code Root Scanning (ms): Min: 0.0, Avg: 0.0, Max: 0.0, Diff: 0.0, Sum: 0.0]
      [Object Copy (ms): Min: 16.0, Avg: 16.1, Max: 16.1, Diff: 0.1, Sum: 32.1]
      [Termination (ms): Min: 0.0, Avg: 0.0, Max: 0.0, Diff: 0.0, Sum: 0.0]
      [GC Worker Other (ms): Min: 0.0, Avg: 0.0, Max: 0.0, Diff: 0.0, Sum: 0.1]
      [GC Worker Total (ms): Min: 18.2, Avg: 18.2, Max: 18.2, Diff: 0.0, Sum: 36.3]
      [GC Worker End (ms): Min: 86001.2, Avg: 86001.2, Max: 86001.2, Diff: 0.0]
   [Code Root Fixup: 0.0 ms]
   [Code Root Migration: 0.0 ms]
   [Clear CT: 0.0 ms]
   [Other: 0.8 ms]
      [Choose CSet: 0.0 ms]
      [Ref Proc: 0.4 ms]
      [Ref Enq: 0.0 ms]
      [Free CSet: 0.3 ms]
   [Eden: 29.0M(29.0M)->0.0B(19.0M) Survivors: 9216.0K->5120.0K Heap: 200.0M(256.0M)->190.0M(256.0M)]
 [Times: user=0.03 sys=0.00, real=0.02 secs] 
2014-07-10T16:13:55.019+0200: 86.003: [GC concurrent-root-region-scan-start]
2014-07-10T16:13:55.019+0200: 86.003: [GC concurrent-root-region-scan-end, 0.0000851 secs]
2014-07-10T16:13:55.019+0200: 86.003: [GC concurrent-mark-start]
2014-07-10T16:13:55.023+0200: 86.006: [GC concurrent-mark-end, 0.0032897 secs]
2014-07-10T16:13:55.024+0200: 86.007: [GC remark 2014-07-10T16:13:55.024+0200: 86.007: [GC ref-proc, 0.0000704 secs], 0.0010768 secs]
 [Times: user=0.00 sys=0.00, real=0.00 secs] 
2014-07-10T16:13:55.025+0200: 86.008: [GC cleanup 193M->87M(256M), 0.0009294 secs]
 [Times: user=0.00 sys=0.00, real=0.00 secs] 
2014-07-10T16:13:55.026+0200: 86.009: [GC concurrent-cleanup-start]
2014-07-10T16:13:55.026+0200: 86.010: [GC concurrent-cleanup-end, 0.0002148 secs]
2014-07-10T16:13:55.052+0200: 86.035: [GC pause (young), 0.0135402 secs]
   [Parallel Time: 12.7 ms, GC Workers: 2]
      [GC Worker Start (ms): Min: 86035.1, Avg: 86035.1, Max: 86035.1, Diff: 0.0]
      [Ext Root Scanning (ms): Min: 1.0, Avg: 1.1, Max: 1.1, Diff: 0.1, Sum: 2.1]
      [Update RS (ms): Min: 0.4, Avg: 0.4, Max: 0.5, Diff: 0.1, Sum: 0.9]
         [Processed Buffers: Min: 2, Avg: 2.5, Max: 3, Diff: 1, Sum: 5]
      [Scan RS (ms): Min: 0.0, Avg: 0.0, Max: 0.0, Diff: 0.0, Sum: 0.1]
      [Code Root Scanning (ms): Min: 0.0, Avg: 0.0, Max: 0.0, Diff: 0.0, Sum: 0.0]
      [Object Copy (ms): Min: 11.0, Avg: 11.1, Max: 11.1, Diff: 0.1, Sum: 22.2]
      [Termination (ms): Min: 0.0, Avg: 0.0, Max: 0.0, Diff: 0.0, Sum: 0.0]
      [GC Worker Other (ms): Min: 0.0, Avg: 0.0, Max: 0.0, Diff: 0.0, Sum: 0.1]
      [GC Worker Total (ms): Min: 12.7, Avg: 12.7, Max: 12.7, Diff: 0.0, Sum: 25.3]
      [GC Worker End (ms): Min: 86047.8, Avg: 86047.8, Max: 86047.8, Diff: 0.0]
   [Code Root Fixup: 0.0 ms]
   [Code Root Migration: 0.0 ms]
   [Clear CT: 0.0 ms]
   [Other: 0.8 ms]
      [Choose CSet: 0.0 ms]
      [Ref Proc: 0.6 ms]
      [Ref Enq: 0.0 ms]
      [Free CSet: 0.1 ms]
   [Eden: 19.0M(19.0M)->0.0B(9216.0K) Survivors: 5120.0K->3072.0K Heap: 103.0M(256.0M)->99.0M(256.0M)]
 [Times: user=0.03 sys=0.00, real=0.01 secs] 
2014-07-10T16:13:55.080+0200: 86.063: [GC pause (mixed), 0.0087470 secs]
   [Parallel Time: 8.2 ms, GC Workers: 2]
      [GC Worker Start (ms): Min: 86063.0, Avg: 86063.0, Max: 86063.0, Diff: 0.0]
      [Ext Root Scanning (ms): Min: 1.0, Avg: 1.1, Max: 1.1, Diff: 0.1, Sum: 2.1]
      [Update RS (ms): Min: 0.3, Avg: 0.3, Max: 0.3, Diff: 0.0, Sum: 0.6]
         [Processed Buffers: Min: 1, Avg: 3.5, Max: 6, Diff: 5, Sum: 7]
      [Scan RS (ms): Min: 0.0, Avg: 0.1, Max: 0.1, Diff: 0.1, Sum: 0.1]
      [Code Root Scanning (ms): Min: 0.0, Avg: 0.0, Max: 0.0, Diff: 0.0, Sum: 0.0]
      [Object Copy (ms): Min: 6.7, Avg: 6.7, Max: 6.7, Diff: 0.0, Sum: 13.4]
      [Termination (ms): Min: 0.0, Avg: 0.0, Max: 0.0, Diff: 0.0, Sum: 0.0]
      [GC Worker Other (ms): Min: 0.0, Avg: 0.0, Max: 0.0, Diff: 0.0, Sum: 0.1]
      [GC Worker Total (ms): Min: 8.2, Avg: 8.2, Max: 8.2, Diff: 0.0, Sum: 16.3]
      [GC Worker End (ms): Min: 86071.2, Avg: 86071.2, Max: 86071.2, Diff: 0.0]
   [Code Root Fixup: 0.0 ms]
   [Code Root Migration: 0.0 ms]
   [Clear CT: 0.1 ms]
   [Other: 0.4 ms]
      [Choose CSet: 0.0 ms]
      [Ref Proc: 0.1 ms]
      [Ref Enq: 0.0 ms]
      [Free CSet: 0.2 ms]
   [Eden: 9216.0K(9216.0K)->0.0B(70.0M) Survivors: 3072.0K->2048.0K Heap: 108.0M(256.0M)->101.5M(256.0M)]
 [Times: user=0.00 sys=0.00, real=0.01 secs] 
2014-07-10T16:13:55.204+0200: 86.187: [GC pause (young), 0.0473218 secs]
   [Parallel Time: 46.7 ms, GC Workers: 2]
      [GC Worker Start (ms): Min: 86186.9, Avg: 86186.9, Max: 86186.9, Diff: 0.0]
      [Ext Root Scanning (ms): Min: 0.9, Avg: 1.0, Max: 1.0, Diff: 0.1, Sum: 2.0]
      [Update RS (ms): Min: 0.3, Avg: 0.4, Max: 0.4, Diff: 0.1, Sum: 0.8]
         [Processed Buffers: Min: 1, Avg: 3.0, Max: 5, Diff: 4, Sum: 6]
      [Scan RS (ms): Min: 0.1, Avg: 0.1, Max: 0.1, Diff: 0.0, Sum: 0.2]
      [Code Root Scanning (ms): Min: 0.0, Avg: 0.0, Max: 0.0, Diff: 0.0, Sum: 0.1]
      [Object Copy (ms): Min: 45.2, Avg: 45.2, Max: 45.2, Diff: 0.0, Sum: 90.3]
      [Termination (ms): Min: 0.0, Avg: 0.0, Max: 0.0, Diff: 0.0, Sum: 0.0]
      [GC Worker Other (ms): Min: 0.0, Avg: 0.0, Max: 0.0, Diff: 0.0, Sum: 0.1]
      [GC Worker Total (ms): Min: 46.7, Avg: 46.7, Max: 46.7, Diff: 0.0, Sum: 93.4]
      [GC Worker End (ms): Min: 86233.6, Avg: 86233.6, Max: 86233.6, Diff: 0.0]
   [Code Root Fixup: 0.0 ms]
   [Code Root Migration: 0.0 ms]
   [Clear CT: 0.1 ms]
   [Other: 0.5 ms]
      [Choose CSet: 0.0 ms]
      [Ref Proc: 0.1 ms]
      [Ref Enq: 0.0 ms]
      [Free CSet: 0.3 ms]
   [Eden: 70.0M(70.0M)->0.0B(26.0M) Survivors: 2048.0K->9216.0K Heap: 171.5M(256.0M)->176.5M(256.0M)]
 [Times: user=0.09 sys=0.00, real=0.05 secs] 
2014-07-10T16:13:55.292+0200: 86.275: [GC pause (young) (initial-mark), 0.0180911 secs]
   [Parallel Time: 16.9 ms, GC Workers: 2]
      [GC Worker Start (ms): Min: 86275.0, Avg: 86275.0, Max: 86275.0, Diff: 0.0]
      [Ext Root Scanning (ms): Min: 1.0, Avg: 1.0, Max: 1.0, Diff: 0.0, Sum: 2.0]
      [Code Root Marking (ms): Min: 0.0, Avg: 0.1, Max: 0.1, Diff: 0.0, Sum: 0.1]
      [Update RS (ms): Min: 1.0, Avg: 1.0, Max: 1.0, Diff: 0.0, Sum: 2.0]
         [Processed Buffers: Min: 4, Avg: 5.0, Max: 6, Diff: 2, Sum: 10]
      [Scan RS (ms): Min: 0.0, Avg: 0.0, Max: 0.1, Diff: 0.0, Sum: 0.1]
      [Code Root Scanning (ms): Min: 0.0, Avg: 0.0, Max: 0.0, Diff: 0.0, Sum: 0.0]
      [Object Copy (ms): Min: 14.7, Avg: 14.7, Max: 14.7, Diff: 0.0, Sum: 29.4]
      [Termination (ms): Min: 0.0, Avg: 0.0, Max: 0.0, Diff: 0.0, Sum: 0.0]
      [GC Worker Other (ms): Min: 0.0, Avg: 0.0, Max: 0.0, Diff: 0.0, Sum: 0.1]
      [GC Worker Total (ms): Min: 16.9, Avg: 16.9, Max: 16.9, Diff: 0.0, Sum: 33.7]
      [GC Worker End (ms): Min: 86291.9, Avg: 86291.9, Max: 86291.9, Diff: 0.0]
   [Code Root Fixup: 0.0 ms]
   [Code Root Migration: 0.0 ms]
   [Clear CT: 0.1 ms]
   [Other: 1.1 ms]
      [Choose CSet: 0.0 ms]
      [Ref Proc: 0.8 ms]
      [Ref Enq: 0.0 ms]
      [Free CSet: 0.1 ms]
   [Eden: 26.0M(26.0M)->0.0B(18.0M) Survivors: 9216.0K->5120.0K Heap: 202.5M(256.0M)->193.0M(256.0M)]
 [Times: user=0.06 sys=0.00, real=0.02 secs] 
2014-07-10T16:13:55.310+0200: 86.293: [GC concurrent-root-region-scan-start]
2014-07-10T16:13:55.312+0200: 86.295: [GC concurrent-root-region-scan-end, 0.0015945 secs]
2014-07-10T16:13:55.312+0200: 86.295: [GC concurrent-mark-start]
2014-07-10T16:13:55.315+0200: 86.298: [GC concurrent-mark-end, 0.0035255 secs]
2014-07-10T16:13:55.315+0200: 86.299: [GC remark 2014-07-10T16:13:55.316+0200: 86.299: [GC ref-proc, 0.0000715 secs], 0.0013994 secs]
 [Times: user=0.00 sys=0.00, real=0.00 secs] 
2014-07-10T16:13:55.317+0200: 86.300: [GC cleanup 197M->85M(256M), 0.0015013 secs]
 [Times: user=0.00 sys=0.00, real=0.00 secs] 
2014-07-10T16:13:55.319+0200: 86.302: [GC concurrent-cleanup-start]
2014-07-10T16:13:55.319+0200: 86.302: [GC concurrent-cleanup-end, 0.0002211 secs]
2014-07-10T16:13:55.340+0200: 86.323: [GC pause (young), 0.0128180 secs]
   [Parallel Time: 12.5 ms, GC Workers: 2]
      [GC Worker Start (ms): Min: 86323.0, Avg: 86323.0, Max: 86323.0, Diff: 0.0]
      [Ext Root Scanning (ms): Min: 1.2, Avg: 1.2, Max: 1.2, Diff: 0.0, Sum: 2.4]
      [Update RS (ms): Min: 0.5, Avg: 0.5, Max: 0.5, Diff: 0.0, Sum: 0.9]
         [Processed Buffers: Min: 3, Avg: 3.5, Max: 4, Diff: 1, Sum: 7]
      [Scan RS (ms): Min: 0.0, Avg: 0.0, Max: 0.0, Diff: 0.0, Sum: 0.1]
      [Code Root Scanning (ms): Min: 0.0, Avg: 0.0, Max: 0.0, Diff: 0.0, Sum: 0.0]
      [Object Copy (ms): Min: 10.7, Avg: 10.7, Max: 10.7, Diff: 0.0, Sum: 21.4]
      [Termination (ms): Min: 0.0, Avg: 0.0, Max: 0.0, Diff: 0.0, Sum: 0.0]
      [GC Worker Other (ms): Min: 0.0, Avg: 0.0, Max: 0.0, Diff: 0.0, Sum: 0.0]
      [GC Worker Total (ms): Min: 12.5, Avg: 12.5, Max: 12.5, Diff: 0.0, Sum: 24.9]
      [GC Worker End (ms): Min: 86335.5, Avg: 86335.5, Max: 86335.5, Diff: 0.0]
   [Code Root Fixup: 0.0 ms]
   [Code Root Migration: 0.0 ms]
   [Clear CT: 0.0 ms]
   [Other: 0.3 ms]
      [Choose CSet: 0.0 ms]
      [Ref Proc: 0.0 ms]
      [Ref Enq: 0.0 ms]
      [Free CSet: 0.1 ms]
   [Eden: 18.0M(18.0M)->0.0B(9216.0K) Survivors: 5120.0K->3072.0K Heap: 99.0M(256.0M)->94.5M(256.0M)]
 [Times: user=0.00 sys=0.00, real=0.01 secs] 
2014-07-10T16:13:55.367+0200: 86.350: [GC pause (mixed), 0.0100837 secs]
   [Parallel Time: 9.6 ms, GC Workers: 2]
      [GC Worker Start (ms): Min: 86350.0, Avg: 86350.0, Max: 86350.0, Diff: 0.0]
      [Ext Root Scanning (ms): Min: 1.2, Avg: 1.2, Max: 1.2, Diff: 0.0, Sum: 2.4]
      [Update RS (ms): Min: 0.3, Avg: 0.3, Max: 0.3, Diff: 0.1, Sum: 0.6]
         [Processed Buffers: Min: 3, Avg: 3.5, Max: 4, Diff: 1, Sum: 7]
      [Scan RS (ms): Min: 0.1, Avg: 0.1, Max: 0.1, Diff: 0.0, Sum: 0.2]
      [Code Root Scanning (ms): Min: 0.0, Avg: 0.0, Max: 0.0, Diff: 0.0, Sum: 0.0]
      [Object Copy (ms): Min: 7.9, Avg: 7.9, Max: 7.9, Diff: 0.0, Sum: 15.8]
      [Termination (ms): Min: 0.0, Avg: 0.0, Max: 0.0, Diff: 0.0, Sum: 0.0]
      [GC Worker Other (ms): Min: 0.0, Avg: 0.0, Max: 0.0, Diff: 0.0, Sum: 0.0]
      [GC Worker Total (ms): Min: 9.6, Avg: 9.6, Max: 9.6, Diff: 0.0, Sum: 19.1]
      [GC Worker End (ms): Min: 86359.6, Avg: 86359.6, Max: 86359.6, Diff: 0.0]
   [Code Root Fixup: 0.0 ms]
   [Code Root Migration: 0.0 ms]
   [Clear CT: 0.1 ms]
   [Other: 0.4 ms]
      [Choose CSet: 0.0 ms]
      [Ref Proc: 0.2 ms]
      [Ref Enq: 0.0 ms]
      [Free CSet: 0.1 ms]
   [Eden: 9216.0K(9216.0K)->0.0B(73.0M) Survivors: 3072.0K->2048.0K Heap: 103.5M(256.0M)->95.5M(256.0M)]
 [Times: user=0.03 sys=0.00, real=0.01 secs] 
2014-07-10T16:13:55.499+0200: 86.482: [GC pause (young), 0.0479898 secs]
   [Parallel Time: 47.4 ms, GC Workers: 2]
      [GC Worker Start (ms): Min: 86482.2, Avg: 86482.2, Max: 86482.2, Diff: 0.0]
      [Ext Root Scanning (ms): Min: 0.9, Avg: 1.0, Max: 1.0, Diff: 0.0, Sum: 1.9]
      [Update RS (ms): Min: 0.4, Avg: 0.5, Max: 0.5, Diff: 0.0, Sum: 0.9]
         [Processed Buffers: Min: 1, Avg: 2.5, Max: 4, Diff: 3, Sum: 5]
      [Scan RS (ms): Min: 0.1, Avg: 0.1, Max: 0.1, Diff: 0.0, Sum: 0.2]
      [Code Root Scanning (ms): Min: 0.0, Avg: 0.1, Max: 0.1, Diff: 0.0, Sum: 0.1]
      [Object Copy (ms): Min: 45.8, Avg: 45.8, Max: 45.8, Diff: 0.0, Sum: 91.5]
      [Termination (ms): Min: 0.0, Avg: 0.0, Max: 0.0, Diff: 0.0, Sum: 0.0]
      [GC Worker Other (ms): Min: 0.0, Avg: 0.0, Max: 0.0, Diff: 0.0, Sum: 0.0]
      [GC Worker Total (ms): Min: 47.4, Avg: 47.4, Max: 47.4, Diff: 0.0, Sum: 94.8]
      [GC Worker End (ms): Min: 86529.6, Avg: 86529.6, Max: 86529.6, Diff: 0.0]
   [Code Root Fixup: 0.0 ms]
   [Code Root Migration: 0.0 ms]
   [Clear CT: 0.1 ms]
   [Other: 0.5 ms]
      [Choose CSet: 0.0 ms]
      [Ref Proc: 0.1 ms]
      [Ref Enq: 0.0 ms]
      [Free CSet: 0.2 ms]
   [Eden: 73.0M(73.0M)->0.0B(26.0M) Survivors: 2048.0K->10.0M Heap: 168.5M(256.0M)->177.5M(256.0M)]
 [Times: user=0.09 sys=0.00, real=0.05 secs] 
2014-07-10T16:13:55.589+0200: 86.572: [GC pause (young) (initial-mark), 0.0128326 secs]
   [Parallel Time: 12.4 ms, GC Workers: 2]
      [GC Worker Start (ms): Min: 86572.0, Avg: 86572.0, Max: 86572.0, Diff: 0.0]
      [Ext Root Scanning (ms): Min: 1.0, Avg: 1.0, Max: 1.1, Diff: 0.0, Sum: 2.1]
      [Code Root Marking (ms): Min: 0.0, Avg: 0.1, Max: 0.1, Diff: 0.1, Sum: 0.1]
      [Update RS (ms): Min: 1.0, Avg: 1.0, Max: 1.1, Diff: 0.1, Sum: 2.1]
         [Processed Buffers: Min: 5, Avg: 5.5, Max: 6, Diff: 1, Sum: 11]
      [Scan RS (ms): Min: 0.0, Avg: 0.0, Max: 0.1, Diff: 0.1, Sum: 0.1]
      [Code Root Scanning (ms): Min: 0.0, Avg: 0.0, Max: 0.0, Diff: 0.0, Sum: 0.0]
      [Object Copy (ms): Min: 9.9, Avg: 10.0, Max: 10.1, Diff: 0.2, Sum: 20.0]
      [Termination (ms): Min: 0.0, Avg: 0.1, Max: 0.2, Diff: 0.2, Sum: 0.2]
      [GC Worker Other (ms): Min: 0.0, Avg: 0.0, Max: 0.0, Diff: 0.0, Sum: 0.0]
      [GC Worker Total (ms): Min: 12.3, Avg: 12.4, Max: 12.4, Diff: 0.1, Sum: 24.7]
      [GC Worker End (ms): Min: 86584.4, Avg: 86584.4, Max: 86584.4, Diff: 0.1]
   [Code Root Fixup: 0.0 ms]
   [Code Root Migration: 0.0 ms]
   [Clear CT: 0.0 ms]
   [Other: 0.4 ms]
      [Choose CSet: 0.0 ms]
      [Ref Proc: 0.0 ms]
      [Ref Enq: 0.0 ms]
      [Free CSet: 0.1 ms]
   [Eden: 26.0M(26.0M)->0.0B(22.0M) Survivors: 10.0M->5120.0K Heap: 203.5M(256.0M)->185.5M(256.0M)]
 [Times: user=0.03 sys=0.00, real=0.01 secs] 
2014-07-10T16:13:55.602+0200: 86.585: [GC concurrent-root-region-scan-start]
2014-07-10T16:13:55.602+0200: 86.585: [GC concurrent-root-region-scan-end, 0.0000906 secs]
2014-07-10T16:13:55.602+0200: 86.585: [GC concurrent-mark-start]
2014-07-10T16:13:55.605+0200: 86.588: [GC concurrent-mark-end, 0.0030819 secs]
2014-07-10T16:13:55.605+0200: 86.588: [GC remark 2014-07-10T16:13:55.605+0200: 86.589: [GC ref-proc, 0.0000755 secs], 0.0010310 secs]
 [Times: user=0.03 sys=0.00, real=0.00 secs] 
2014-07-10T16:13:55.606+0200: 86.590: [GC cleanup 189M->83M(256M), 0.0007875 secs]
 [Times: user=0.00 sys=0.00, real=0.00 secs] 
2014-07-10T16:13:55.607+0200: 86.590: [GC concurrent-cleanup-start]
2014-07-10T16:13:55.608+0200: 86.591: [GC concurrent-cleanup-end, 0.0002280 secs]
2014-07-10T16:13:55.638+0200: 86.621: [GC pause (young), 0.0172072 secs]
   [Parallel Time: 16.9 ms, GC Workers: 2]
      [GC Worker Start (ms): Min: 86620.9, Avg: 86620.9, Max: 86620.9, Diff: 0.0]
      [Ext Root Scanning (ms): Min: 0.9, Avg: 0.9, Max: 0.9, Diff: 0.0, Sum: 1.8]
      [Update RS (ms): Min: 0.3, Avg: 0.3, Max: 0.3, Diff: 0.0, Sum: 0.6]
         [Processed Buffers: Min: 1, Avg: 2.5, Max: 4, Diff: 3, Sum: 5]
      [Scan RS (ms): Min: 0.0, Avg: 0.0, Max: 0.0, Diff: 0.0, Sum: 0.1]
      [Code Root Scanning (ms): Min: 0.0, Avg: 0.0, Max: 0.0, Diff: 0.0, Sum: 0.0]
      [Object Copy (ms): Min: 15.5, Avg: 15.5, Max: 15.6, Diff: 0.0, Sum: 31.1]
      [Termination (ms): Min: 0.0, Avg: 0.0, Max: 0.1, Diff: 0.1, Sum: 0.1]
      [GC Worker Other (ms): Min: 0.0, Avg: 0.0, Max: 0.0, Diff: 0.0, Sum: 0.0]
      [GC Worker Total (ms): Min: 16.9, Avg: 16.9, Max: 16.9, Diff: 0.0, Sum: 33.7]
      [GC Worker End (ms): Min: 86637.8, Avg: 86637.8, Max: 86637.8, Diff: 0.0]
   [Code Root Fixup: 0.0 ms]
   [Code Root Migration: 0.0 ms]
   [Clear CT: 0.0 ms]
   [Other: 0.2 ms]
      [Choose CSet: 0.0 ms]
      [Ref Proc: 0.0 ms]
      [Ref Enq: 0.0 ms]
      [Free CSet: 0.1 ms]
   [Eden: 22.0M(22.0M)->0.0B(8192.0K) Survivors: 5120.0K->4096.0K Heap: 101.5M(256.0M)->102.5M(256.0M)]
 [Times: user=0.02 sys=0.00, real=0.02 secs] 
2014-07-10T16:13:55.667+0200: 86.650: [GC pause (mixed), 0.0098553 secs]
   [Parallel Time: 9.4 ms, GC Workers: 2]
      [GC Worker Start (ms): Min: 86650.1, Avg: 86650.1, Max: 86650.1, Diff: 0.0]
      [Ext Root Scanning (ms): Min: 1.5, Avg: 1.9, Max: 2.3, Diff: 0.8, Sum: 3.8]
      [Update RS (ms): Min: 0.0, Avg: 0.4, Max: 0.8, Diff: 0.8, Sum: 0.8]
         [Processed Buffers: Min: 0, Avg: 3.0, Max: 6, Diff: 6, Sum: 6]
      [Scan RS (ms): Min: 0.1, Avg: 0.1, Max: 0.1, Diff: 0.1, Sum: 0.2]
      [Code Root Scanning (ms): Min: 0.0, Avg: 0.0, Max: 0.0, Diff: 0.0, Sum: 0.0]
      [Object Copy (ms): Min: 6.8, Avg: 6.9, Max: 6.9, Diff: 0.0, Sum: 13.7]
      [Termination (ms): Min: 0.0, Avg: 0.0, Max: 0.0, Diff: 0.0, Sum: 0.0]
      [GC Worker Other (ms): Min: 0.0, Avg: 0.0, Max: 0.0, Diff: 0.0, Sum: 0.1]
      [GC Worker Total (ms): Min: 9.3, Avg: 9.3, Max: 9.3, Diff: 0.0, Sum: 18.6]
      [GC Worker End (ms): Min: 86659.4, Avg: 86659.4, Max: 86659.4, Diff: 0.0]
   [Code Root Fixup: 0.0 ms]
   [Code Root Migration: 0.0 ms]
   [Clear CT: 0.1 ms]
   [Other: 0.4 ms]
      [Choose CSet: 0.0 ms]
      [Ref Proc: 0.1 ms]
      [Ref Enq: 0.0 ms]
      [Free CSet: 0.2 ms]
   [Eden: 8192.0K(8192.0K)->0.0B(72.0M) Survivors: 4096.0K->2048.0K Heap: 110.5M(256.0M)->95.2M(256.0M)]
 [Times: user=0.03 sys=0.00, real=0.01 secs] 
2014-07-10T16:13:55.819+0200: 86.802: [GC pause (young), 0.0478696 secs]
   [Parallel Time: 47.3 ms, GC Workers: 2]
      [GC Worker Start (ms): Min: 86802.1, Avg: 86802.1, Max: 86802.1, Diff: 0.0]
      [Ext Root Scanning (ms): Min: 0.9, Avg: 1.0, Max: 1.0, Diff: 0.0, Sum: 1.9]
      [Update RS (ms): Min: 0.4, Avg: 0.4, Max: 0.4, Diff: 0.0, Sum: 0.8]
         [Processed Buffers: Min: 1, Avg: 3.0, Max: 5, Diff: 4, Sum: 6]
      [Scan RS (ms): Min: 0.1, Avg: 0.1, Max: 0.1, Diff: 0.0, Sum: 0.2]
      [Code Root Scanning (ms): Min: 0.0, Avg: 0.0, Max: 0.1, Diff: 0.0, Sum: 0.1]
      [Object Copy (ms): Min: 45.7, Avg: 45.7, Max: 45.8, Diff: 0.0, Sum: 91.5]
      [Termination (ms): Min: 0.0, Avg: 0.0, Max: 0.0, Diff: 0.0, Sum: 0.0]
      [GC Worker Other (ms): Min: 0.0, Avg: 0.0, Max: 0.0, Diff: 0.0, Sum: 0.1]
      [GC Worker Total (ms): Min: 47.3, Avg: 47.3, Max: 47.3, Diff: 0.0, Sum: 94.6]
      [GC Worker End (ms): Min: 86849.4, Avg: 86849.4, Max: 86849.4, Diff: 0.0]
   [Code Root Fixup: 0.0 ms]
   [Code Root Migration: 0.0 ms]
   [Clear CT: 0.1 ms]
   [Other: 0.4 ms]
      [Choose CSet: 0.0 ms]
      [Ref Proc: 0.0 ms]
      [Ref Enq: 0.0 ms]
      [Free CSet: 0.2 ms]
   [Eden: 72.0M(72.0M)->0.0B(27.0M) Survivors: 2048.0K->10.0M Heap: 167.2M(256.0M)->174.5M(256.0M)]
 [Times: user=0.08 sys=0.00, real=0.05 secs] 
2014-07-10T16:13:55.909+0200: 86.892: [GC pause (young) (initial-mark), 0.0186297 secs]
   [Parallel Time: 18.3 ms, GC Workers: 2]
      [GC Worker Start (ms): Min: 86892.1, Avg: 86892.1, Max: 86892.1, Diff: 0.0]
      [Ext Root Scanning (ms): Min: 0.9, Avg: 1.0, Max: 1.0, Diff: 0.1, Sum: 1.9]
      [Code Root Marking (ms): Min: 0.0, Avg: 0.1, Max: 0.1, Diff: 0.0, Sum: 0.1]
      [Update RS (ms): Min: 1.0, Avg: 1.0, Max: 1.0, Diff: 0.1, Sum: 2.0]
         [Processed Buffers: Min: 5, Avg: 5.0, Max: 5, Diff: 0, Sum: 10]
      [Scan RS (ms): Min: 0.0, Avg: 0.0, Max: 0.1, Diff: 0.0, Sum: 0.1]
      [Code Root Scanning (ms): Min: 0.0, Avg: 0.0, Max: 0.0, Diff: 0.0, Sum: 0.0]
      [Object Copy (ms): Min: 16.1, Avg: 16.1, Max: 16.1, Diff: 0.0, Sum: 32.2]
      [Termination (ms): Min: 0.0, Avg: 0.0, Max: 0.0, Diff: 0.0, Sum: 0.0]
      [GC Worker Other (ms): Min: 0.0, Avg: 0.0, Max: 0.0, Diff: 0.0, Sum: 0.1]
      [GC Worker Total (ms): Min: 18.2, Avg: 18.2, Max: 18.2, Diff: 0.0, Sum: 36.5]
      [GC Worker End (ms): Min: 86910.3, Avg: 86910.3, Max: 86910.3, Diff: 0.0]
   [Code Root Fixup: 0.0 ms]
   [Code Root Migration: 0.0 ms]
   [Clear CT: 0.0 ms]
   [Other: 0.3 ms]
      [Choose CSet: 0.0 ms]
      [Ref Proc: 0.0 ms]
      [Ref Enq: 0.0 ms]
      [Free CSet: 0.1 ms]
   [Eden: 27.0M(27.0M)->0.0B(18.0M) Survivors: 10.0M->5120.0K Heap: 201.5M(256.0M)->192.5M(256.0M)]
 [Times: user=0.03 sys=0.00, real=0.02 secs] 
2014-07-10T16:13:55.928+0200: 86.911: [GC concurrent-root-region-scan-start]
2014-07-10T16:13:55.928+0200: 86.911: [GC concurrent-root-region-scan-end, 0.0000851 secs]
2014-07-10T16:13:55.928+0200: 86.911: [GC concurrent-mark-start]
2014-07-10T16:13:55.935+0200: 86.918: [GC concurrent-mark-end, 0.0029601 secs]
2014-07-10T16:13:55.937+0200: 86.920: [GC remark 2014-07-10T16:13:55.937+0200: 86.920: [GC ref-proc, 0.0000741 secs], 0.0010914 secs]
 [Times: user=0.00 sys=0.00, real=0.00 secs] 
2014-07-10T16:13:55.939+0200: 86.922: [GC cleanup 197M->85M(256M), 0.0008770 secs]
 [Times: user=0.00 sys=0.00, real=0.00 secs] 
2014-07-10T16:13:55.940+0200: 86.923: [GC concurrent-cleanup-start]
2014-07-10T16:13:55.940+0200: 86.923: [GC concurrent-cleanup-end, 0.0001741 secs]
2014-07-10T16:13:55.961+0200: 86.944: [GC pause (young), 0.0119524 secs]
   [Parallel Time: 11.5 ms, GC Workers: 2]
      [GC Worker Start (ms): Min: 86944.3, Avg: 86944.4, Max: 86944.5, Diff: 0.2]
      [Ext Root Scanning (ms): Min: 0.9, Avg: 0.9, Max: 1.0, Diff: 0.1, Sum: 1.9]
      [Update RS (ms): Min: 0.4, Avg: 0.4, Max: 0.5, Diff: 0.1, Sum: 0.8]
         [Processed Buffers: Min: 2, Avg: 3.5, Max: 5, Diff: 3, Sum: 7]
      [Scan RS (ms): Min: 0.0, Avg: 0.0, Max: 0.0, Diff: 0.0, Sum: 0.1]
      [Code Root Scanning (ms): Min: 0.0, Avg: 0.0, Max: 0.0, Diff: 0.0, Sum: 0.0]
      [Object Copy (ms): Min: 9.9, Avg: 10.0, Max: 10.0, Diff: 0.1, Sum: 19.9]
      [Termination (ms): Min: 0.0, Avg: 0.0, Max: 0.0, Diff: 0.0, Sum: 0.0]
      [GC Worker Other (ms): Min: 0.0, Avg: 0.0, Max: 0.0, Diff: 0.0, Sum: 0.1]
      [GC Worker Total (ms): Min: 11.3, Avg: 11.4, Max: 11.5, Diff: 0.2, Sum: 22.8]
      [GC Worker End (ms): Min: 86955.8, Avg: 86955.8, Max: 86955.8, Diff: 0.0]
   [Code Root Fixup: 0.0 ms]
   [Code Root Migration: 0.0 ms]
   [Clear CT: 0.1 ms]
   [Other: 0.3 ms]
      [Choose CSet: 0.0 ms]
      [Ref Proc: 0.1 ms]
      [Ref Enq: 0.0 ms]
      [Free CSet: 0.1 ms]
   [Eden: 18.0M(18.0M)->0.0B(9216.0K) Survivors: 5120.0K->3072.0K Heap: 98.5M(256.0M)->93.0M(256.0M)]
 [Times: user=0.03 sys=0.00, real=0.01 secs] 
2014-07-10T16:13:55.987+0200: 86.970: [GC pause (mixed), 0.0098091 secs]
   [Parallel Time: 9.4 ms, GC Workers: 2]
      [GC Worker Start (ms): Min: 86970.0, Avg: 86970.0, Max: 86970.0, Diff: 0.0]
      [Ext Root Scanning (ms): Min: 1.0, Avg: 1.0, Max: 1.0, Diff: 0.1, Sum: 2.0]
      [Update RS (ms): Min: 0.2, Avg: 0.3, Max: 0.3, Diff: 0.1, Sum: 0.6]
         [Processed Buffers: Min: 2, Avg: 3.0, Max: 4, Diff: 2, Sum: 6]
      [Scan RS (ms): Min: 0.1, Avg: 0.1, Max: 0.1, Diff: 0.0, Sum: 0.2]
      [Code Root Scanning (ms): Min: 0.0, Avg: 0.0, Max: 0.0, Diff: 0.0, Sum: 0.0]
      [Object Copy (ms): Min: 8.0, Avg: 8.0, Max: 8.0, Diff: 0.0, Sum: 16.0]
      [Termination (ms): Min: 0.0, Avg: 0.0, Max: 0.0, Diff: 0.0, Sum: 0.0]
      [GC Worker Other (ms): Min: 0.0, Avg: 0.0, Max: 0.0, Diff: 0.0, Sum: 0.1]
      [GC Worker Total (ms): Min: 9.4, Avg: 9.4, Max: 9.4, Diff: 0.0, Sum: 18.8]
      [GC Worker End (ms): Min: 86979.4, Avg: 86979.4, Max: 86979.4, Diff: 0.0]
   [Code Root Fixup: 0.0 ms]
   [Code Root Migration: 0.0 ms]
   [Clear CT: 0.1 ms]
   [Other: 0.3 ms]
      [Choose CSet: 0.0 ms]
      [Ref Proc: 0.0 ms]
      [Ref Enq: 0.0 ms]
      [Free CSet: 0.1 ms]
   [Eden: 9216.0K(9216.0K)->0.0B(77.0M) Survivors: 3072.0K->2048.0K Heap: 102.0M(256.0M)->95.0M(256.0M)]
 [Times: user=0.03 sys=0.00, real=0.01 secs] 
2014-07-10T16:13:56.125+0200: 87.108: [GC pause (young) (to-space exhausted), 0.0502013 secs]
   [Parallel Time: 49.0 ms, GC Workers: 2]
      [GC Worker Start (ms): Min: 87108.1, Avg: 87108.1, Max: 87108.1, Diff: 0.0]
      [Ext Root Scanning (ms): Min: 1.1, Avg: 1.1, Max: 1.1, Diff: 0.1, Sum: 2.2]
      [Update RS (ms): Min: 0.4, Avg: 0.5, Max: 0.6, Diff: 0.1, Sum: 1.0]
         [Processed Buffers: Min: 1, Avg: 2.5, Max: 4, Diff: 3, Sum: 5]
      [Scan RS (ms): Min: 0.1, Avg: 0.1, Max: 0.1, Diff: 0.0, Sum: 0.2]
      [Code Root Scanning (ms): Min: 0.0, Avg: 0.1, Max: 0.1, Diff: 0.0, Sum: 0.1]
      [Object Copy (ms): Min: 47.2, Avg: 47.2, Max: 47.2, Diff: 0.0, Sum: 94.3]
      [Termination (ms): Min: 0.0, Avg: 0.0, Max: 0.0, Diff: 0.0, Sum: 0.0]
      [GC Worker Other (ms): Min: 0.0, Avg: 0.0, Max: 0.0, Diff: 0.0, Sum: 0.1]
      [GC Worker Total (ms): Min: 49.0, Avg: 49.0, Max: 49.0, Diff: 0.0, Sum: 97.9]
      [GC Worker End (ms): Min: 87157.1, Avg: 87157.1, Max: 87157.1, Diff: 0.0]
   [Code Root Fixup: 0.0 ms]
   [Code Root Migration: 0.0 ms]
   [Clear CT: 0.1 ms]
   [Other: 1.1 ms]
      [Choose CSet: 0.0 ms]
      [Ref Proc: 0.1 ms]
      [Ref Enq: 0.0 ms]
      [Free CSet: 0.1 ms]
   [Eden: 77.0M(77.0M)->0.0B(2048.0K) Survivors: 2048.0K->10.0M Heap: 172.0M(256.0M)->228.5M(256.0M)]
 [Times: user=0.09 sys=0.00, real=0.05 secs] 
2014-07-10T16:13:56.177+0200: 87.160: [GC pause (young) (initial-mark), 0.0028982 secs]
   [Parallel Time: 2.7 ms, GC Workers: 2]
      [GC Worker Start (ms): Min: 87160.6, Avg: 87160.6, Max: 87160.6, Diff: 0.0]
      [Ext Root Scanning (ms): Min: 0.9, Avg: 0.9, Max: 0.9, Diff: 0.0, Sum: 1.9]
      [Code Root Marking (ms): Min: 0.0, Avg: 0.0, Max: 0.1, Diff: 0.0, Sum: 0.1]
      [Update RS (ms): Min: 0.9, Avg: 0.9, Max: 0.9, Diff: 0.0, Sum: 1.9]
         [Processed Buffers: Min: 6, Avg: 8.0, Max: 10, Diff: 4, Sum: 16]
      [Scan RS (ms): Min: 0.0, Avg: 0.0, Max: 0.0, Diff: 0.0, Sum: 0.0]
      [Code Root Scanning (ms): Min: 0.0, Avg: 0.0, Max: 0.0, Diff: 0.0, Sum: 0.0]
      [Object Copy (ms): Min: 0.7, Avg: 0.7, Max: 0.7, Diff: 0.0, Sum: 1.4]
      [Termination (ms): Min: 0.0, Avg: 0.0, Max: 0.0, Diff: 0.0, Sum: 0.0]
      [GC Worker Other (ms): Min: 0.0, Avg: 0.0, Max: 0.1, Diff: 0.0, Sum: 0.1]
      [GC Worker Total (ms): Min: 2.7, Avg: 2.7, Max: 2.7, Diff: 0.0, Sum: 5.3]
      [GC Worker End (ms): Min: 87163.2, Avg: 87163.2, Max: 87163.2, Diff: 0.0]
   [Code Root Fixup: 0.0 ms]
   [Code Root Migration: 0.0 ms]
   [Clear CT: 0.0 ms]
   [Other: 0.2 ms]
      [Choose CSet: 0.0 ms]
      [Ref Proc: 0.0 ms]
      [Ref Enq: 0.0 ms]
      [Free CSet: 0.0 ms]
   [Eden: 2048.0K(2048.0K)->0.0B(10.0M) Survivors: 10.0M->2048.0K Heap: 230.5M(256.0M)->220.5M(256.0M)]
 [Times: user=0.00 sys=0.00, real=0.00 secs] 
2014-07-10T16:13:56.180+0200: 87.164: [GC concurrent-root-region-scan-start]
2014-07-10T16:13:56.181+0200: 87.164: [GC concurrent-root-region-scan-end, 0.0001232 secs]
2014-07-10T16:13:56.181+0200: 87.164: [GC concurrent-mark-start]
2014-07-10T16:13:56.184+0200: 87.167: [GC concurrent-mark-end, 0.0032270 secs]
2014-07-10T16:13:56.184+0200: 87.167: [GC remark 2014-07-10T16:13:56.184+0200: 87.167: [GC ref-proc, 0.0000708 secs], 0.0010387 secs]
 [Times: user=0.00 sys=0.00, real=0.00 secs] 
2014-07-10T16:13:56.185+0200: 87.168: [GC cleanup 224M->64M(256M), 0.0009345 secs]
 [Times: user=0.00 sys=0.00, real=0.00 secs] 
2014-07-10T16:13:56.186+0200: 87.169: [GC concurrent-cleanup-start]
2014-07-10T16:13:56.187+0200: 87.170: [GC concurrent-cleanup-end, 0.0003336 secs]
2014-07-10T16:13:56.196+0200: 87.179: [GC pause (young), 0.0102091 secs]
   [Parallel Time: 8.6 ms, GC Workers: 2]
      [GC Worker Start (ms): Min: 87179.0, Avg: 87179.0, Max: 87179.0, Diff: 0.0]
      [Ext Root Scanning (ms): Min: 1.2, Avg: 1.2, Max: 1.3, Diff: 0.1, Sum: 2.5]
      [Update RS (ms): Min: 0.1, Avg: 0.1, Max: 0.1, Diff: 0.1, Sum: 0.2]
         [Processed Buffers: Min: 3, Avg: 3.5, Max: 4, Diff: 1, Sum: 7]
      [Scan RS (ms): Min: 0.0, Avg: 0.0, Max: 0.0, Diff: 0.0, Sum: 0.0]
      [Code Root Scanning (ms): Min: 0.0, Avg: 0.0, Max: 0.0, Diff: 0.0, Sum: 0.0]
      [Object Copy (ms): Min: 7.2, Avg: 7.2, Max: 7.2, Diff: 0.0, Sum: 14.3]
      [Termination (ms): Min: 0.0, Avg: 0.0, Max: 0.0, Diff: 0.0, Sum: 0.0]
      [GC Worker Other (ms): Min: 0.0, Avg: 0.0, Max: 0.0, Diff: 0.0, Sum: 0.0]
      [GC Worker Total (ms): Min: 8.6, Avg: 8.6, Max: 8.6, Diff: 0.0, Sum: 17.1]
      [GC Worker End (ms): Min: 87187.6, Avg: 87187.6, Max: 87187.6, Diff: 0.0]
   [Code Root Fixup: 0.0 ms]
   [Code Root Migration: 0.0 ms]
   [Clear CT: 0.0 ms]
   [Other: 1.5 ms]
      [Choose CSet: 0.0 ms]
      [Ref Proc: 1.4 ms]
      [Ref Enq: 0.0 ms]
      [Free CSet: 0.0 ms]
   [Eden: 10.0M(10.0M)->0.0B(10.0M) Survivors: 2048.0K->2048.0K Heap: 70.5M(256.0M)->75.0M(256.0M)]
 [Times: user=0.03 sys=0.00, real=0.01 secs] 
2014-07-10T16:13:56.221+0200: 87.204: [GC pause (mixed), 0.0096008 secs]
   [Parallel Time: 9.2 ms, GC Workers: 2]
      [GC Worker Start (ms): Min: 87204.0, Avg: 87204.0, Max: 87204.0, Diff: 0.0]
      [Ext Root Scanning (ms): Min: 1.1, Avg: 1.1, Max: 1.1, Diff: 0.1, Sum: 2.2]
      [Update RS (ms): Min: 0.2, Avg: 0.2, Max: 0.2, Diff: 0.0, Sum: 0.4]
         [Processed Buffers: Min: 1, Avg: 2.0, Max: 3, Diff: 2, Sum: 4]
      [Scan RS (ms): Min: 0.1, Avg: 0.1, Max: 0.1, Diff: 0.0, Sum: 0.2]
      [Code Root Scanning (ms): Min: 0.0, Avg: 0.0, Max: 0.0, Diff: 0.0, Sum: 0.0]
      [Object Copy (ms): Min: 7.8, Avg: 7.8, Max: 7.8, Diff: 0.0, Sum: 15.5]
      [Termination (ms): Min: 0.0, Avg: 0.0, Max: 0.0, Diff: 0.0, Sum: 0.0]
      [GC Worker Other (ms): Min: 0.0, Avg: 0.0, Max: 0.0, Diff: 0.0, Sum: 0.1]
      [GC Worker Total (ms): Min: 9.2, Avg: 9.2, Max: 9.2, Diff: 0.0, Sum: 18.4]
      [GC Worker End (ms): Min: 87213.2, Avg: 87213.2, Max: 87213.2, Diff: 0.0]
   [Code Root Fixup: 0.0 ms]
   [Code Root Migration: 0.0 ms]
   [Clear CT: 0.1 ms]
   [Other: 0.3 ms]
      [Choose CSet: 0.0 ms]
      [Ref Proc: 0.0 ms]
      [Ref Enq: 0.0 ms]
      [Free CSet: 0.1 ms]
   [Eden: 10.0M(10.0M)->0.0B(82.0M) Survivors: 2048.0K->2048.0K Heap: 85.0M(256.0M)->75.5M(256.0M)]
 [Times: user=0.03 sys=0.00, real=0.01 secs] 
2014-07-10T16:13:56.366+0200: 87.349: [GC pause (young), 0.0544450 secs]
   [Parallel Time: 53.7 ms, GC Workers: 2]
      [GC Worker Start (ms): Min: 87349.3, Avg: 87349.4, Max: 87349.4, Diff: 0.0]
      [Ext Root Scanning (ms): Min: 1.1, Avg: 1.2, Max: 1.2, Diff: 0.0, Sum: 2.3]
      [Update RS (ms): Min: 0.4, Avg: 0.5, Max: 0.5, Diff: 0.1, Sum: 1.0]
         [Processed Buffers: Min: 1, Avg: 2.5, Max: 4, Diff: 3, Sum: 5]
      [Scan RS (ms): Min: 0.2, Avg: 0.2, Max: 0.3, Diff: 0.1, Sum: 0.5]
      [Code Root Scanning (ms): Min: 0.0, Avg: 0.1, Max: 0.1, Diff: 0.1, Sum: 0.1]
      [Object Copy (ms): Min: 51.6, Avg: 51.6, Max: 51.7, Diff: 0.0, Sum: 103.3]
      [Termination (ms): Min: 0.0, Avg: 0.0, Max: 0.0, Diff: 0.0, Sum: 0.0]
      [GC Worker Other (ms): Min: 0.0, Avg: 0.0, Max: 0.0, Diff: 0.0, Sum: 0.1]
      [GC Worker Total (ms): Min: 53.6, Avg: 53.7, Max: 53.7, Diff: 0.0, Sum: 107.3]
      [GC Worker End (ms): Min: 87403.0, Avg: 87403.0, Max: 87403.0, Diff: 0.0]
   [Code Root Fixup: 0.0 ms]
   [Code Root Migration: 0.0 ms]
   [Clear CT: 0.1 ms]
   [Other: 0.7 ms]
      [Choose CSet: 0.0 ms]
      [Ref Proc: 0.3 ms]
      [Ref Enq: 0.0 ms]
      [Free CSet: 0.1 ms]
   [Eden: 82.0M(82.0M)->0.0B(33.0M) Survivors: 2048.0K->11.0M Heap: 157.5M(256.0M)->164.5M(256.0M)]
 [Times: user=0.13 sys=0.00, real=0.06 secs] 
2014-07-10T16:13:56.475+0200: 87.458: [GC pause (young) (initial-mark), 0.0225852 secs]
   [Parallel Time: 22.2 ms, GC Workers: 2]
      [GC Worker Start (ms): Min: 87458.1, Avg: 87458.1, Max: 87458.1, Diff: 0.0]
      [Ext Root Scanning (ms): Min: 1.1, Avg: 1.1, Max: 1.1, Diff: 0.0, Sum: 2.2]
      [Code Root Marking (ms): Min: 0.1, Avg: 0.1, Max: 0.1, Diff: 0.0, Sum: 0.1]
      [Update RS (ms): Min: 1.1, Avg: 1.1, Max: 1.1, Diff: 0.0, Sum: 2.2]
         [Processed Buffers: Min: 5, Avg: 6.0, Max: 7, Diff: 2, Sum: 12]
      [Scan RS (ms): Min: 0.0, Avg: 0.1, Max: 0.1, Diff: 0.0, Sum: 0.1]
      [Code Root Scanning (ms): Min: 0.0, Avg: 0.0, Max: 0.0, Diff: 0.0, Sum: 0.1]
      [Object Copy (ms): Min: 19.7, Avg: 19.7, Max: 19.7, Diff: 0.0, Sum: 39.4]
      [Termination (ms): Min: 0.0, Avg: 0.0, Max: 0.0, Diff: 0.0, Sum: 0.0]
      [GC Worker Other (ms): Min: 0.0, Avg: 0.0, Max: 0.0, Diff: 0.0, Sum: 0.1]
      [GC Worker Total (ms): Min: 22.1, Avg: 22.1, Max: 22.1, Diff: 0.0, Sum: 44.1]
      [GC Worker End (ms): Min: 87480.2, Avg: 87480.2, Max: 87480.2, Diff: 0.0]
   [Code Root Fixup: 0.0 ms]
   [Code Root Migration: 0.0 ms]
   [Clear CT: 0.0 ms]
   [Other: 0.4 ms]
      [Choose CSet: 0.0 ms]
      [Ref Proc: 0.1 ms]
      [Ref Enq: 0.0 ms]
      [Free CSet: 0.1 ms]
   [Eden: 33.0M(33.0M)->0.0B(21.0M) Survivors: 11.0M->6144.0K Heap: 197.5M(256.0M)->186.0M(256.0M)]
 [Times: user=0.06 sys=0.00, real=0.02 secs] 
2014-07-10T16:13:56.498+0200: 87.481: [GC concurrent-root-region-scan-start]
2014-07-10T16:13:56.498+0200: 87.481: [GC concurrent-root-region-scan-end, 0.0000990 secs]
2014-07-10T16:13:56.498+0200: 87.481: [GC concurrent-mark-start]
2014-07-10T16:13:56.502+0200: 87.485: [GC concurrent-mark-end, 0.0035500 secs]
2014-07-10T16:13:56.502+0200: 87.486: [GC remark 2014-07-10T16:13:56.502+0200: 87.486: [GC ref-proc, 0.0000851 secs], 0.0011145 secs]
 [Times: user=0.00 sys=0.00, real=0.00 secs] 
2014-07-10T16:13:56.504+0200: 87.487: [GC cleanup 189M->88M(256M), 0.0007633 secs]
 [Times: user=0.00 sys=0.00, real=0.00 secs] 
2014-07-10T16:13:56.504+0200: 87.488: [GC concurrent-cleanup-start]
2014-07-10T16:13:56.505+0200: 87.488: [GC concurrent-cleanup-end, 0.0002123 secs]
2014-07-10T16:13:56.531+0200: 87.514: [GC pause (young), 0.0144399 secs]
   [Parallel Time: 14.0 ms, GC Workers: 2]
      [GC Worker Start (ms): Min: 87514.0, Avg: 87514.0, Max: 87514.0, Diff: 0.0]
      [Ext Root Scanning (ms): Min: 1.0, Avg: 1.1, Max: 1.1, Diff: 0.1, Sum: 2.1]
      [Update RS (ms): Min: 0.5, Avg: 0.5, Max: 0.5, Diff: 0.0, Sum: 1.0]
         [Processed Buffers: Min: 2, Avg: 2.5, Max: 3, Diff: 1, Sum: 5]
      [Scan RS (ms): Min: 0.0, Avg: 0.0, Max: 0.1, Diff: 0.0, Sum: 0.1]
      [Code Root Scanning (ms): Min: 0.0, Avg: 0.0, Max: 0.0, Diff: 0.0, Sum: 0.0]
      [Object Copy (ms): Min: 12.3, Avg: 12.3, Max: 12.4, Diff: 0.0, Sum: 24.7]
      [Termination (ms): Min: 0.0, Avg: 0.0, Max: 0.0, Diff: 0.0, Sum: 0.0]
      [GC Worker Other (ms): Min: 0.0, Avg: 0.0, Max: 0.0, Diff: 0.0, Sum: 0.1]
      [GC Worker Total (ms): Min: 14.0, Avg: 14.0, Max: 14.0, Diff: 0.0, Sum: 28.0]
      [GC Worker End (ms): Min: 87528.0, Avg: 87528.0, Max: 87528.0, Diff: 0.0]
   [Code Root Fixup: 0.0 ms]
   [Code Root Migration: 0.0 ms]
   [Clear CT: 0.0 ms]
   [Other: 0.3 ms]
      [Choose CSet: 0.0 ms]
      [Ref Proc: 0.1 ms]
      [Ref Enq: 0.0 ms]
      [Free CSet: 0.1 ms]
   [Eden: 21.0M(21.0M)->0.0B(8192.0K) Survivors: 6144.0K->4096.0K Heap: 106.0M(256.0M)->99.5M(256.0M)]
 [Times: user=0.03 sys=0.00, real=0.01 secs] 
2014-07-10T16:13:56.557+0200: 87.540: [GC pause (mixed), 0.0084445 secs]
   [Parallel Time: 8.1 ms, GC Workers: 2]
      [GC Worker Start (ms): Min: 87540.1, Avg: 87540.1, Max: 87540.1, Diff: 0.0]
      [Ext Root Scanning (ms): Min: 1.2, Avg: 1.3, Max: 1.3, Diff: 0.2, Sum: 2.5]
      [Update RS (ms): Min: 0.3, Avg: 0.4, Max: 0.5, Diff: 0.1, Sum: 0.8]
         [Processed Buffers: Min: 1, Avg: 3.5, Max: 6, Diff: 5, Sum: 7]
      [Scan RS (ms): Min: 0.1, Avg: 0.1, Max: 0.1, Diff: 0.0, Sum: 0.2]
      [Code Root Scanning (ms): Min: 0.0, Avg: 0.0, Max: 0.0, Diff: 0.0, Sum: 0.0]
      [Object Copy (ms): Min: 6.2, Avg: 6.2, Max: 6.2, Diff: 0.0, Sum: 12.5]
      [Termination (ms): Min: 0.0, Avg: 0.0, Max: 0.0, Diff: 0.0, Sum: 0.0]
      [GC Worker Other (ms): Min: 0.0, Avg: 0.0, Max: 0.0, Diff: 0.0, Sum: 0.1]
      [GC Worker Total (ms): Min: 8.0, Avg: 8.0, Max: 8.0, Diff: 0.0, Sum: 16.1]
      [GC Worker End (ms): Min: 87548.1, Avg: 87548.1, Max: 87548.1, Diff: 0.0]
   [Code Root Fixup: 0.0 ms]
   [Code Root Migration: 0.0 ms]
   [Clear CT: 0.0 ms]
   [Other: 0.3 ms]
      [Choose CSet: 0.0 ms]
      [Ref Proc: 0.0 ms]
      [Ref Enq: 0.0 ms]
      [Free CSet: 0.1 ms]
   [Eden: 8192.0K(8192.0K)->0.0B(72.0M) Survivors: 4096.0K->2048.0K Heap: 107.5M(256.0M)->101.5M(256.0M)]
 [Times: user=0.00 sys=0.00, real=0.01 secs] 
2014-07-10T16:13:56.709+0200: 87.692: [GC pause (young), 0.0484499 secs]
   [Parallel Time: 47.9 ms, GC Workers: 2]
      [GC Worker Start (ms): Min: 87692.0, Avg: 87692.0, Max: 87692.0, Diff: 0.0]
      [Ext Root Scanning (ms): Min: 1.0, Avg: 1.0, Max: 1.0, Diff: 0.0, Sum: 2.0]
      [Update RS (ms): Min: 0.3, Avg: 0.4, Max: 0.5, Diff: 0.2, Sum: 0.8]
         [Processed Buffers: Min: 1, Avg: 2.5, Max: 4, Diff: 3, Sum: 5]
      [Scan RS (ms): Min: 0.0, Avg: 0.1, Max: 0.2, Diff: 0.1, Sum: 0.2]
      [Code Root Scanning (ms): Min: 0.0, Avg: 0.0, Max: 0.1, Diff: 0.1, Sum: 0.1]
      [Object Copy (ms): Min: 46.3, Avg: 46.3, Max: 46.3, Diff: 0.0, Sum: 92.6]
      [Termination (ms): Min: 0.0, Avg: 0.0, Max: 0.0, Diff: 0.0, Sum: 0.0]
      [GC Worker Other (ms): Min: 0.0, Avg: 0.0, Max: 0.0, Diff: 0.0, Sum: 0.1]
      [GC Worker Total (ms): Min: 47.9, Avg: 47.9, Max: 47.9, Diff: 0.0, Sum: 95.8]
      [GC Worker End (ms): Min: 87739.9, Avg: 87739.9, Max: 87739.9, Diff: 0.0]
   [Code Root Fixup: 0.0 ms]
   [Code Root Migration: 0.0 ms]
   [Clear CT: 0.1 ms]
   [Other: 0.4 ms]
      [Choose CSet: 0.0 ms]
      [Ref Proc: 0.0 ms]
      [Ref Enq: 0.0 ms]
      [Free CSet: 0.1 ms]
   [Eden: 72.0M(72.0M)->0.0B(25.0M) Survivors: 2048.0K->10.0M Heap: 173.5M(256.0M)->178.5M(256.0M)]
 [Times: user=0.09 sys=0.00, real=0.05 secs] 
2014-07-10T16:13:56.797+0200: 87.780: [GC pause (young) (initial-mark), 0.0174873 secs]
   [Parallel Time: 16.7 ms, GC Workers: 2]
      [GC Worker Start (ms): Min: 87780.3, Avg: 87780.3, Max: 87780.3, Diff: 0.0]
      [Ext Root Scanning (ms): Min: 1.1, Avg: 1.2, Max: 1.2, Diff: 0.0, Sum: 2.3]
      [Code Root Marking (ms): Min: 0.1, Avg: 0.1, Max: 0.1, Diff: 0.0, Sum: 0.1]
      [Update RS (ms): Min: 0.9, Avg: 0.9, Max: 0.9, Diff: 0.0, Sum: 1.9]
         [Processed Buffers: Min: 4, Avg: 5.5, Max: 7, Diff: 3, Sum: 11]
      [Scan RS (ms): Min: 0.0, Avg: 0.0, Max: 0.0, Diff: 0.0, Sum: 0.1]
      [Code Root Scanning (ms): Min: 0.0, Avg: 0.0, Max: 0.0, Diff: 0.0, Sum: 0.0]
      [Object Copy (ms): Min: 14.4, Avg: 14.4, Max: 14.5, Diff: 0.0, Sum: 28.9]
      [Termination (ms): Min: 0.0, Avg: 0.0, Max: 0.0, Diff: 0.0, Sum: 0.0]
      [GC Worker Other (ms): Min: 0.0, Avg: 0.0, Max: 0.0, Diff: 0.0, Sum: 0.1]
      [GC Worker Total (ms): Min: 16.7, Avg: 16.7, Max: 16.7, Diff: 0.0, Sum: 33.4]
      [GC Worker End (ms): Min: 87797.0, Avg: 87797.0, Max: 87797.0, Diff: 0.0]
   [Code Root Fixup: 0.0 ms]
   [Code Root Migration: 0.0 ms]
   [Clear CT: 0.4 ms]
   [Other: 0.3 ms]
      [Choose CSet: 0.0 ms]
      [Ref Proc: 0.1 ms]
      [Ref Enq: 0.0 ms]
      [Free CSet: 0.1 ms]
   [Eden: 25.0M(25.0M)->0.0B(18.0M) Survivors: 10.0M->5120.0K Heap: 203.5M(256.0M)->193.0M(256.0M)]
 [Times: user=0.03 sys=0.00, real=0.02 secs] 
2014-07-10T16:13:56.815+0200: 87.798: [GC concurrent-root-region-scan-start]
2014-07-10T16:13:56.815+0200: 87.798: [GC concurrent-root-region-scan-end, 0.0000818 secs]
2014-07-10T16:13:56.815+0200: 87.798: [GC concurrent-mark-start]
2014-07-10T16:13:56.819+0200: 87.803: [GC concurrent-mark-end, 0.0032380 secs]
2014-07-10T16:13:56.819+0200: 87.803: [GC remark 2014-07-10T16:13:56.819+0200: 87.803: [GC ref-proc, 0.0000873 secs], 0.0013287 secs]
 [Times: user=0.00 sys=0.00, real=0.00 secs] 
2014-07-10T16:13:56.821+0200: 87.804: [GC cleanup 195M->83M(256M), 0.0007978 secs]
 [Times: user=0.03 sys=0.00, real=0.00 secs] 
2014-07-10T16:13:56.822+0200: 87.805: [GC concurrent-cleanup-start]
2014-07-10T16:13:56.822+0200: 87.805: [GC concurrent-cleanup-end, 0.0002134 secs]
2014-07-10T16:13:56.846+0200: 87.829: [GC pause (young), 0.0142441 secs]
   [Parallel Time: 13.9 ms, GC Workers: 2]
      [GC Worker Start (ms): Min: 87829.2, Avg: 87829.2, Max: 87829.2, Diff: 0.0]
      [Ext Root Scanning (ms): Min: 1.2, Avg: 1.2, Max: 1.2, Diff: 0.0, Sum: 2.4]
      [Update RS (ms): Min: 0.4, Avg: 0.4, Max: 0.5, Diff: 0.1, Sum: 0.9]
         [Processed Buffers: Min: 2, Avg: 3.0, Max: 4, Diff: 2, Sum: 6]
      [Scan RS (ms): Min: 0.0, Avg: 0.0, Max: 0.1, Diff: 0.0, Sum: 0.1]
      [Code Root Scanning (ms): Min: 0.0, Avg: 0.0, Max: 0.0, Diff: 0.0, Sum: 0.0]
      [Object Copy (ms): Min: 12.1, Avg: 12.1, Max: 12.1, Diff: 0.0, Sum: 24.2]
      [Termination (ms): Min: 0.0, Avg: 0.0, Max: 0.0, Diff: 0.0, Sum: 0.0]
      [GC Worker Other (ms): Min: 0.0, Avg: 0.0, Max: 0.0, Diff: 0.0, Sum: 0.1]
      [GC Worker Total (ms): Min: 13.9, Avg: 13.9, Max: 13.9, Diff: 0.0, Sum: 27.7]
      [GC Worker End (ms): Min: 87843.0, Avg: 87843.0, Max: 87843.0, Diff: 0.0]
   [Code Root Fixup: 0.0 ms]
   [Code Root Migration: 0.0 ms]
   [Clear CT: 0.0 ms]
   [Other: 0.3 ms]
      [Choose CSet: 0.0 ms]
      [Ref Proc: 0.1 ms]
      [Ref Enq: 0.0 ms]
      [Free CSet: 0.1 ms]
   [Eden: 18.0M(18.0M)->0.0B(9216.0K) Survivors: 5120.0K->3072.0K Heap: 99.0M(256.0M)->97.0M(256.0M)]
 [Times: user=0.01 sys=0.00, real=0.01 secs] 
2014-07-10T16:13:56.874+0200: 87.857: [GC pause (mixed), 0.0079052 secs]
   [Parallel Time: 7.6 ms, GC Workers: 2]
      [GC Worker Start (ms): Min: 87857.0, Avg: 87857.0, Max: 87857.0, Diff: 0.0]
      [Ext Root Scanning (ms): Min: 0.9, Avg: 1.0, Max: 1.0, Diff: 0.1, Sum: 2.0]
      [Update RS (ms): Min: 0.3, Avg: 0.3, Max: 0.3, Diff: 0.0, Sum: 0.6]
         [Processed Buffers: Min: 1, Avg: 4.0, Max: 7, Diff: 6, Sum: 8]
      [Scan RS (ms): Min: 0.1, Avg: 0.1, Max: 0.1, Diff: 0.0, Sum: 0.1]
      [Code Root Scanning (ms): Min: 0.0, Avg: 0.0, Max: 0.0, Diff: 0.0, Sum: 0.0]
      [Object Copy (ms): Min: 6.1, Avg: 6.1, Max: 6.2, Diff: 0.0, Sum: 12.3]
      [Termination (ms): Min: 0.0, Avg: 0.0, Max: 0.0, Diff: 0.0, Sum: 0.0]
      [GC Worker Other (ms): Min: 0.0, Avg: 0.0, Max: 0.0, Diff: 0.0, Sum: 0.1]
      [GC Worker Total (ms): Min: 7.5, Avg: 7.5, Max: 7.5, Diff: 0.0, Sum: 15.1]
      [GC Worker End (ms): Min: 87864.6, Avg: 87864.6, Max: 87864.6, Diff: 0.0]
   [Code Root Fixup: 0.0 ms]
   [Code Root Migration: 0.0 ms]
   [Clear CT: 0.1 ms]
   [Other: 0.3 ms]
      [Choose CSet: 0.0 ms]
      [Ref Proc: 0.0 ms]
      [Ref Enq: 0.0 ms]
      [Free CSet: 0.1 ms]
   [Eden: 9216.0K(9216.0K)->0.0B(72.0M) Survivors: 3072.0K->2048.0K Heap: 106.0M(256.0M)->94.0M(256.0M)]
 [Times: user=0.00 sys=0.00, real=0.01 secs] 
2014-07-10T16:13:57.001+0200: 87.984: [GC pause (young), 0.0502680 secs]
   [Parallel Time: 49.6 ms, GC Workers: 2]
      [GC Worker Start (ms): Min: 87984.1, Avg: 87984.1, Max: 87984.1, Diff: 0.0]
      [Ext Root Scanning (ms): Min: 1.0, Avg: 1.1, Max: 1.2, Diff: 0.1, Sum: 2.2]
      [Update RS (ms): Min: 0.3, Avg: 0.4, Max: 0.5, Diff: 0.1, Sum: 0.8]
         [Processed Buffers: Min: 2, Avg: 2.5, Max: 3, Diff: 1, Sum: 5]
      [Scan RS (ms): Min: 0.1, Avg: 0.1, Max: 0.1, Diff: 0.0, Sum: 0.2]
      [Code Root Scanning (ms): Min: 0.0, Avg: 0.0, Max: 0.0, Diff: 0.0, Sum: 0.1]
      [Object Copy (ms): Min: 47.9, Avg: 47.9, Max: 47.9, Diff: 0.0, Sum: 95.8]
      [Termination (ms): Min: 0.0, Avg: 0.0, Max: 0.0, Diff: 0.0, Sum: 0.0]
      [GC Worker Other (ms): Min: 0.0, Avg: 0.0, Max: 0.0, Diff: 0.0, Sum: 0.1]
      [GC Worker Total (ms): Min: 49.6, Avg: 49.6, Max: 49.6, Diff: 0.0, Sum: 99.1]
      [GC Worker End (ms): Min: 88033.6, Avg: 88033.6, Max: 88033.6, Diff: 0.0]
   [Code Root Fixup: 0.0 ms]
   [Code Root Migration: 0.0 ms]
   [Clear CT: 0.1 ms]
   [Other: 0.6 ms]
      [Choose CSet: 0.0 ms]
      [Ref Proc: 0.0 ms]
      [Ref Enq: 0.0 ms]
      [Free CSet: 0.2 ms]
   [Eden: 72.0M(72.0M)->0.0B(27.0M) Survivors: 2048.0K->10.0M Heap: 166.0M(256.0M)->174.0M(256.0M)]
 [Times: user=0.08 sys=0.00, real=0.05 secs] 
2014-07-10T16:13:57.096+0200: 88.079: [GC pause (young) (initial-mark), 0.0190374 secs]
   [Parallel Time: 18.5 ms, GC Workers: 2]
      [GC Worker Start (ms): Min: 88079.0, Avg: 88079.0, Max: 88079.0, Diff: 0.0]
      [Ext Root Scanning (ms): Min: 1.0, Avg: 1.0, Max: 1.0, Diff: 0.0, Sum: 2.1]
      [Code Root Marking (ms): Min: 0.1, Avg: 0.1, Max: 0.1, Diff: 0.0, Sum: 0.1]
      [Update RS (ms): Min: 1.0, Avg: 1.0, Max: 1.1, Diff: 0.0, Sum: 2.1]
         [Processed Buffers: Min: 5, Avg: 5.0, Max: 5, Diff: 0, Sum: 10]
      [Scan RS (ms): Min: 0.0, Avg: 0.1, Max: 0.1, Diff: 0.0, Sum: 0.1]
      [Code Root Scanning (ms): Min: 0.0, Avg: 0.0, Max: 0.0, Diff: 0.0, Sum: 0.0]
      [Object Copy (ms): Min: 16.2, Avg: 16.3, Max: 16.3, Diff: 0.0, Sum: 32.5]
      [Termination (ms): Min: 0.0, Avg: 0.0, Max: 0.0, Diff: 0.0, Sum: 0.0]
      [GC Worker Other (ms): Min: 0.0, Avg: 0.0, Max: 0.0, Diff: 0.0, Sum: 0.1]
      [GC Worker Total (ms): Min: 18.5, Avg: 18.5, Max: 18.5, Diff: 0.0, Sum: 37.0]
      [GC Worker End (ms): Min: 88097.5, Avg: 88097.5, Max: 88097.5, Diff: 0.0]
   [Code Root Fixup: 0.0 ms]
   [Code Root Migration: 0.0 ms]
   [Clear CT: 0.1 ms]
   [Other: 0.4 ms]
      [Choose CSet: 0.0 ms]
      [Ref Proc: 0.1 ms]
      [Ref Enq: 0.0 ms]
      [Free CSet: 0.1 ms]
   [Eden: 27.0M(27.0M)->0.0B(19.0M) Survivors: 10.0M->5120.0K Heap: 201.0M(256.0M)->191.5M(256.0M)]
 [Times: user=0.03 sys=0.00, real=0.02 secs] 
2014-07-10T16:13:57.115+0200: 88.098: [GC concurrent-root-region-scan-start]
2014-07-10T16:13:57.115+0200: 88.098: [GC concurrent-root-region-scan-end, 0.0000880 secs]
2014-07-10T16:13:57.115+0200: 88.098: [GC concurrent-mark-start]
2014-07-10T16:13:57.119+0200: 88.102: [GC concurrent-mark-end, 0.0040703 secs]
2014-07-10T16:13:57.119+0200: 88.103: [GC remark 2014-07-10T16:13:57.119+0200: 88.103: [GC ref-proc, 0.0000847 secs], 0.0013554 secs]
 [Times: user=0.00 sys=0.00, real=0.00 secs] 
2014-07-10T16:13:57.121+0200: 88.104: [GC cleanup 193M->81M(256M), 0.0010024 secs]
 [Times: user=0.00 sys=0.00, real=0.00 secs] 
2014-07-10T16:13:57.122+0200: 88.105: [GC concurrent-cleanup-start]
2014-07-10T16:13:57.122+0200: 88.105: [GC concurrent-cleanup-end, 0.0001994 secs]
2014-07-10T16:13:57.153+0200: 88.136: [GC pause (young), 0.0144619 secs]
   [Parallel Time: 13.8 ms, GC Workers: 2]
      [GC Worker Start (ms): Min: 88136.3, Avg: 88136.3, Max: 88136.3, Diff: 0.0]
      [Ext Root Scanning (ms): Min: 1.0, Avg: 1.0, Max: 1.0, Diff: 0.1, Sum: 2.0]
      [Update RS (ms): Min: 0.4, Avg: 0.4, Max: 0.4, Diff: 0.0, Sum: 0.9]
         [Processed Buffers: Min: 2, Avg: 3.0, Max: 4, Diff: 2, Sum: 6]
      [Scan RS (ms): Min: 0.0, Avg: 0.0, Max: 0.1, Diff: 0.1, Sum: 0.1]
      [Code Root Scanning (ms): Min: 0.0, Avg: 0.1, Max: 0.1, Diff: 0.1, Sum: 0.2]
      [Object Copy (ms): Min: 12.1, Avg: 12.1, Max: 12.1, Diff: 0.0, Sum: 24.3]
      [Termination (ms): Min: 0.0, Avg: 0.0, Max: 0.0, Diff: 0.0, Sum: 0.0]
      [GC Worker Other (ms): Min: 0.0, Avg: 0.0, Max: 0.0, Diff: 0.0, Sum: 0.1]
      [GC Worker Total (ms): Min: 13.7, Avg: 13.7, Max: 13.7, Diff: 0.0, Sum: 27.5]
      [GC Worker End (ms): Min: 88150.1, Avg: 88150.1, Max: 88150.1, Diff: 0.0]
   [Code Root Fixup: 0.0 ms]
   [Code Root Migration: 0.0 ms]
   [Clear CT: 0.0 ms]
   [Other: 0.6 ms]
      [Choose CSet: 0.0 ms]
      [Ref Proc: 0.4 ms]
      [Ref Enq: 0.0 ms]
      [Free CSet: 0.1 ms]
   [Eden: 19.0M(19.0M)->0.0B(9216.0K) Survivors: 5120.0K->3072.0K Heap: 98.5M(256.0M)->98.0M(256.0M)]
 [Times: user=0.03 sys=0.00, real=0.01 secs] 
2014-07-10T16:13:57.184+0200: 88.167: [GC pause (mixed), 0.0083217 secs]
   [Parallel Time: 7.7 ms, GC Workers: 2]
      [GC Worker Start (ms): Min: 88167.0, Avg: 88167.0, Max: 88167.0, Diff: 0.0]
      [Ext Root Scanning (ms): Min: 1.1, Avg: 1.1, Max: 1.1, Diff: 0.0, Sum: 2.1]
      [Update RS (ms): Min: 0.4, Avg: 0.4, Max: 0.4, Diff: 0.0, Sum: 0.9]
         [Processed Buffers: Min: 2, Avg: 2.5, Max: 3, Diff: 1, Sum: 5]
      [Scan RS (ms): Min: 0.1, Avg: 0.1, Max: 0.1, Diff: 0.0, Sum: 0.2]
      [Code Root Scanning (ms): Min: 0.0, Avg: 0.0, Max: 0.0, Diff: 0.0, Sum: 0.0]
      [Object Copy (ms): Min: 6.0, Avg: 6.1, Max: 6.1, Diff: 0.0, Sum: 12.1]
      [Termination (ms): Min: 0.0, Avg: 0.0, Max: 0.0, Diff: 0.0, Sum: 0.0]
      [GC Worker Other (ms): Min: 0.0, Avg: 0.0, Max: 0.0, Diff: 0.0, Sum: 0.1]
      [GC Worker Total (ms): Min: 7.7, Avg: 7.7, Max: 7.7, Diff: 0.0, Sum: 15.4]
      [GC Worker End (ms): Min: 88174.7, Avg: 88174.7, Max: 88174.7, Diff: 0.0]
   [Code Root Fixup: 0.0 ms]
   [Code Root Migration: 0.0 ms]
   [Clear CT: 0.1 ms]
   [Other: 0.5 ms]
      [Choose CSet: 0.0 ms]
      [Ref Proc: 0.3 ms]
      [Ref Enq: 0.0 ms]
      [Free CSet: 0.1 ms]
   [Eden: 9216.0K(9216.0K)->0.0B(68.0M) Survivors: 3072.0K->2048.0K Heap: 107.0M(256.0M)->97.5M(256.0M)]
 [Times: user=0.00 sys=0.00, real=0.01 secs] 
2014-07-10T16:13:57.304+0200: 88.287: [GC pause (young), 0.0470571 secs]
   [Parallel Time: 45.8 ms, GC Workers: 2]
      [GC Worker Start (ms): Min: 88287.0, Avg: 88287.0, Max: 88287.0, Diff: 0.0]
      [Ext Root Scanning (ms): Min: 1.0, Avg: 1.1, Max: 1.1, Diff: 0.1, Sum: 2.1]
      [Update RS (ms): Min: 0.4, Avg: 0.4, Max: 0.4, Diff: 0.0, Sum: 0.8]
         [Processed Buffers: Min: 1, Avg: 2.5, Max: 4, Diff: 3, Sum: 5]
      [Scan RS (ms): Min: 0.1, Avg: 0.1, Max: 0.1, Diff: 0.0, Sum: 0.2]
      [Code Root Scanning (ms): Min: 0.0, Avg: 0.0, Max: 0.1, Diff: 0.0, Sum: 0.1]
      [Object Copy (ms): Min: 44.1, Avg: 44.1, Max: 44.1, Diff: 0.0, Sum: 88.2]
      [Termination (ms): Min: 0.0, Avg: 0.0, Max: 0.0, Diff: 0.0, Sum: 0.0]
      [GC Worker Other (ms): Min: 0.0, Avg: 0.0, Max: 0.1, Diff: 0.0, Sum: 0.1]
      [GC Worker Total (ms): Min: 45.8, Avg: 45.8, Max: 45.8, Diff: 0.0, Sum: 91.5]
      [GC Worker End (ms): Min: 88332.8, Avg: 88332.8, Max: 88332.8, Diff: 0.0]
   [Code Root Fixup: 0.0 ms]
   [Code Root Migration: 0.0 ms]
   [Clear CT: 0.5 ms]
   [Other: 0.7 ms]
      [Choose CSet: 0.0 ms]
      [Ref Proc: 0.4 ms]
      [Ref Enq: 0.0 ms]
      [Free CSet: 0.1 ms]
   [Eden: 68.0M(68.0M)->0.0B(27.0M) Survivors: 2048.0K->9216.0K Heap: 165.5M(256.0M)->175.0M(256.0M)]
 [Times: user=0.09 sys=0.00, real=0.05 secs] 
2014-07-10T16:13:57.394+0200: 88.377: [GC pause (young) (initial-mark), 0.0188460 secs]
   [Parallel Time: 18.3 ms, GC Workers: 2]
      [GC Worker Start (ms): Min: 88377.2, Avg: 88377.2, Max: 88377.2, Diff: 0.0]
      [Ext Root Scanning (ms): Min: 1.1, Avg: 1.2, Max: 1.3, Diff: 0.2, Sum: 2.4]
      [Code Root Marking (ms): Min: 0.0, Avg: 0.1, Max: 0.1, Diff: 0.1, Sum: 0.1]
      [Update RS (ms): Min: 1.0, Avg: 1.0, Max: 1.1, Diff: 0.1, Sum: 2.1]
         [Processed Buffers: Min: 4, Avg: 4.5, Max: 5, Diff: 1, Sum: 9]
      [Scan RS (ms): Min: 0.0, Avg: 0.0, Max: 0.1, Diff: 0.1, Sum: 0.1]
      [Code Root Scanning (ms): Min: 0.0, Avg: 0.0, Max: 0.0, Diff: 0.0, Sum: 0.0]
      [Object Copy (ms): Min: 15.8, Avg: 15.8, Max: 15.9, Diff: 0.1, Sum: 31.6]
      [Termination (ms): Min: 0.0, Avg: 0.0, Max: 0.0, Diff: 0.0, Sum: 0.0]
      [GC Worker Other (ms): Min: 0.0, Avg: 0.0, Max: 0.0, Diff: 0.0, Sum: 0.1]
      [GC Worker Total (ms): Min: 18.2, Avg: 18.2, Max: 18.2, Diff: 0.0, Sum: 36.5]
      [GC Worker End (ms): Min: 88395.5, Avg: 88395.5, Max: 88395.5, Diff: 0.0]
   [Code Root Fixup: 0.0 ms]
   [Code Root Migration: 0.0 ms]
   [Clear CT: 0.1 ms]
   [Other: 0.4 ms]
      [Choose CSet: 0.0 ms]
      [Ref Proc: 0.1 ms]
      [Ref Enq: 0.0 ms]
      [Free CSet: 0.1 ms]
   [Eden: 27.0M(27.0M)->0.0B(18.0M) Survivors: 9216.0K->5120.0K Heap: 202.0M(256.0M)->193.0M(256.0M)]
 [Times: user=0.03 sys=0.00, real=0.02 secs] 
2014-07-10T16:13:57.413+0200: 88.396: [GC concurrent-root-region-scan-start]
2014-07-10T16:13:57.413+0200: 88.396: [GC concurrent-root-region-scan-end, 0.0000851 secs]
2014-07-10T16:13:57.413+0200: 88.396: [GC concurrent-mark-start]
2014-07-10T16:13:57.417+0200: 88.401: [GC concurrent-mark-end, 0.0040802 secs]
2014-07-10T16:13:57.418+0200: 88.401: [GC remark 2014-07-10T16:13:57.418+0200: 88.401: [GC ref-proc, 0.0000730 secs], 0.0015956 secs]
 [Times: user=0.00 sys=0.00, real=0.00 secs] 
2014-07-10T16:13:57.420+0200: 88.403: [GC cleanup 195M->81M(256M), 0.0008436 secs]
 [Times: user=0.00 sys=0.00, real=0.00 secs] 
2014-07-10T16:13:57.421+0200: 88.404: [GC concurrent-cleanup-start]
2014-07-10T16:13:57.421+0200: 88.404: [GC concurrent-cleanup-end, 0.0002013 secs]
2014-07-10T16:13:57.446+0200: 88.429: [GC pause (young), 0.0141188 secs]
   [Parallel Time: 13.6 ms, GC Workers: 2]
      [GC Worker Start (ms): Min: 88429.0, Avg: 88429.1, Max: 88429.1, Diff: 0.0]
      [Ext Root Scanning (ms): Min: 1.1, Avg: 1.1, Max: 1.1, Diff: 0.0, Sum: 2.2]
      [Update RS (ms): Min: 0.4, Avg: 0.4, Max: 0.5, Diff: 0.0, Sum: 0.9]
         [Processed Buffers: Min: 2, Avg: 3.5, Max: 5, Diff: 3, Sum: 7]
      [Scan RS (ms): Min: 0.0, Avg: 0.0, Max: 0.0, Diff: 0.0, Sum: 0.1]
      [Code Root Scanning (ms): Min: 0.0, Avg: 0.0, Max: 0.0, Diff: 0.0, Sum: 0.0]
      [Object Copy (ms): Min: 11.9, Avg: 11.9, Max: 11.9, Diff: 0.0, Sum: 23.8]
      [Termination (ms): Min: 0.0, Avg: 0.0, Max: 0.0, Diff: 0.0, Sum: 0.0]
      [GC Worker Other (ms): Min: 0.0, Avg: 0.0, Max: 0.0, Diff: 0.0, Sum: 0.1]
      [GC Worker Total (ms): Min: 13.5, Avg: 13.5, Max: 13.5, Diff: 0.0, Sum: 27.0]
      [GC Worker End (ms): Min: 88442.6, Avg: 88442.6, Max: 88442.6, Diff: 0.0]
   [Code Root Fixup: 0.0 ms]
   [Code Root Migration: 0.0 ms]
   [Clear CT: 0.1 ms]
   [Other: 0.4 ms]
      [Choose CSet: 0.0 ms]
      [Ref Proc: 0.3 ms]
      [Ref Enq: 0.0 ms]
      [Free CSet: 0.1 ms]
   [Eden: 18.0M(18.0M)->0.0B(9216.0K) Survivors: 5120.0K->3072.0K Heap: 97.0M(256.0M)->94.0M(256.0M)]
 [Times: user=0.00 sys=0.00, real=0.01 secs] 
2014-07-10T16:13:57.473+0200: 88.456: [GC pause (mixed), 0.0083902 secs]
   [Parallel Time: 7.8 ms, GC Workers: 2]
      [GC Worker Start (ms): Min: 88456.2, Avg: 88456.2, Max: 88456.2, Diff: 0.0]
      [Ext Root Scanning (ms): Min: 1.1, Avg: 1.1, Max: 1.1, Diff: 0.0, Sum: 2.2]
      [Update RS (ms): Min: 0.3, Avg: 0.3, Max: 0.3, Diff: 0.0, Sum: 0.6]
         [Processed Buffers: Min: 1, Avg: 3.5, Max: 6, Diff: 5, Sum: 7]
      [Scan RS (ms): Min: 0.1, Avg: 0.1, Max: 0.1, Diff: 0.0, Sum: 0.1]
      [Code Root Scanning (ms): Min: 0.0, Avg: 0.0, Max: 0.0, Diff: 0.0, Sum: 0.0]
      [Object Copy (ms): Min: 6.2, Avg: 6.3, Max: 6.3, Diff: 0.0, Sum: 12.5]
      [Termination (ms): Min: 0.0, Avg: 0.0, Max: 0.0, Diff: 0.0, Sum: 0.0]
      [GC Worker Other (ms): Min: 0.0, Avg: 0.0, Max: 0.0, Diff: 0.0, Sum: 0.1]
      [GC Worker Total (ms): Min: 7.7, Avg: 7.7, Max: 7.7, Diff: 0.0, Sum: 15.5]
      [GC Worker End (ms): Min: 88463.9, Avg: 88463.9, Max: 88463.9, Diff: 0.0]
   [Code Root Fixup: 0.0 ms]
   [Code Root Migration: 0.0 ms]
   [Clear CT: 0.0 ms]
   [Other: 0.5 ms]
      [Choose CSet: 0.0 ms]
      [Ref Proc: 0.3 ms]
      [Ref Enq: 0.0 ms]
      [Free CSet: 0.1 ms]
   [Eden: 9216.0K(9216.0K)->0.0B(71.0M) Survivors: 3072.0K->2048.0K Heap: 103.0M(256.0M)->94.5M(256.0M)]
 [Times: user=0.03 sys=0.00, real=0.01 secs] 
2014-07-10T16:13:57.599+0200: 88.582: [GC pause (young), 0.0474098 secs]
   [Parallel Time: 46.7 ms, GC Workers: 2]
      [GC Worker Start (ms): Min: 88582.1, Avg: 88582.2, Max: 88582.2, Diff: 0.1]
      [Ext Root Scanning (ms): Min: 1.1, Avg: 1.1, Max: 1.1, Diff: 0.0, Sum: 2.2]
      [Update RS (ms): Min: 0.4, Avg: 0.4, Max: 0.4, Diff: 0.0, Sum: 0.7]
         [Processed Buffers: Min: 1, Avg: 2.5, Max: 4, Diff: 3, Sum: 5]
      [Scan RS (ms): Min: 0.1, Avg: 0.1, Max: 0.1, Diff: 0.1, Sum: 0.2]
      [Code Root Scanning (ms): Min: 0.0, Avg: 0.1, Max: 0.1, Diff: 0.0, Sum: 0.1]
      [Object Copy (ms): Min: 44.9, Avg: 45.0, Max: 45.0, Diff: 0.0, Sum: 89.9]
      [Termination (ms): Min: 0.0, Avg: 0.0, Max: 0.0, Diff: 0.0, Sum: 0.0]
      [GC Worker Other (ms): Min: 0.0, Avg: 0.0, Max: 0.0, Diff: 0.0, Sum: 0.1]
      [GC Worker Total (ms): Min: 46.6, Avg: 46.6, Max: 46.7, Diff: 0.1, Sum: 93.3]
      [GC Worker End (ms): Min: 88628.8, Avg: 88628.8, Max: 88628.8, Diff: 0.0]
   [Code Root Fixup: 0.1 ms]
   [Code Root Migration: 0.0 ms]
   [Clear CT: 0.1 ms]
   [Other: 0.6 ms]
      [Choose CSet: 0.0 ms]
      [Ref Proc: 0.2 ms]
      [Ref Enq: 0.0 ms]
      [Free CSet: 0.1 ms]
   [Eden: 71.0M(71.0M)->0.0B(27.0M) Survivors: 2048.0K->10.0M Heap: 165.5M(256.0M)->175.0M(256.0M)]
 [Times: user=0.09 sys=0.00, real=0.05 secs] 
2014-07-10T16:13:57.690+0200: 88.673: [GC pause (young) (initial-mark), 0.0185498 secs]
   [Parallel Time: 18.1 ms, GC Workers: 2]
      [GC Worker Start (ms): Min: 88673.2, Avg: 88673.2, Max: 88673.2, Diff: 0.0]
      [Ext Root Scanning (ms): Min: 1.1, Avg: 1.2, Max: 1.2, Diff: 0.0, Sum: 2.3]
      [Code Root Marking (ms): Min: 0.0, Avg: 0.1, Max: 0.1, Diff: 0.0, Sum: 0.1]
      [Update RS (ms): Min: 0.9, Avg: 1.0, Max: 1.0, Diff: 0.0, Sum: 1.9]
         [Processed Buffers: Min: 4, Avg: 5.0, Max: 6, Diff: 2, Sum: 10]
      [Scan RS (ms): Min: 0.0, Avg: 0.0, Max: 0.1, Diff: 0.0, Sum: 0.1]
      [Code Root Scanning (ms): Min: 0.0, Avg: 0.0, Max: 0.0, Diff: 0.0, Sum: 0.0]
      [Object Copy (ms): Min: 15.8, Avg: 15.8, Max: 15.9, Diff: 0.0, Sum: 31.7]
      [Termination (ms): Min: 0.0, Avg: 0.0, Max: 0.0, Diff: 0.0, Sum: 0.0]
      [GC Worker Other (ms): Min: 0.0, Avg: 0.0, Max: 0.0, Diff: 0.0, Sum: 0.1]
      [GC Worker Total (ms): Min: 18.1, Avg: 18.1, Max: 18.1, Diff: 0.0, Sum: 36.2]
      [GC Worker End (ms): Min: 88691.3, Avg: 88691.3, Max: 88691.3, Diff: 0.0]
   [Code Root Fixup: 0.0 ms]
   [Code Root Migration: 0.0 ms]
   [Clear CT: 0.0 ms]
   [Other: 0.3 ms]
      [Choose CSet: 0.0 ms]
      [Ref Proc: 0.0 ms]
      [Ref Enq: 0.0 ms]
      [Free CSet: 0.1 ms]
   [Eden: 27.0M(27.0M)->0.0B(18.0M) Survivors: 10.0M->5120.0K Heap: 202.0M(256.0M)->192.0M(256.0M)]
 [Times: user=0.03 sys=0.00, real=0.02 secs] 
2014-07-10T16:13:57.709+0200: 88.692: [GC concurrent-root-region-scan-start]
2014-07-10T16:13:57.709+0200: 88.692: [GC concurrent-root-region-scan-end, 0.0000865 secs]
2014-07-10T16:13:57.709+0200: 88.692: [GC concurrent-mark-start]
2014-07-10T16:13:57.713+0200: 88.696: [GC concurrent-mark-end, 0.0040846 secs]
2014-07-10T16:13:57.713+0200: 88.696: [GC remark 2014-07-10T16:13:57.713+0200: 88.696: [GC ref-proc, 0.0000752 secs], 0.0010676 secs]
 [Times: user=0.00 sys=0.00, real=0.00 secs] 
2014-07-10T16:13:57.715+0200: 88.698: [GC cleanup 195M->85M(256M), 0.0013375 secs]
 [Times: user=0.00 sys=0.00, real=0.00 secs] 
2014-07-10T16:13:57.716+0200: 88.699: [GC concurrent-cleanup-start]
2014-07-10T16:13:57.716+0200: 88.700: [GC concurrent-cleanup-end, 0.0002090 secs]
2014-07-10T16:13:57.743+0200: 88.726: [GC pause (young), 0.0134134 secs]
   [Parallel Time: 13.1 ms, GC Workers: 2]
      [GC Worker Start (ms): Min: 88726.1, Avg: 88726.1, Max: 88726.1, Diff: 0.0]
      [Ext Root Scanning (ms): Min: 1.0, Avg: 1.0, Max: 1.0, Diff: 0.0, Sum: 2.0]
      [Update RS (ms): Min: 0.4, Avg: 0.4, Max: 0.5, Diff: 0.0, Sum: 0.9]
         [Processed Buffers: Min: 2, Avg: 3.0, Max: 4, Diff: 2, Sum: 6]
      [Scan RS (ms): Min: 0.0, Avg: 0.0, Max: 0.0, Diff: 0.0, Sum: 0.1]
      [Code Root Scanning (ms): Min: 0.0, Avg: 0.0, Max: 0.0, Diff: 0.0, Sum: 0.0]
      [Object Copy (ms): Min: 11.5, Avg: 11.6, Max: 11.6, Diff: 0.0, Sum: 23.1]
      [Termination (ms): Min: 0.0, Avg: 0.0, Max: 0.0, Diff: 0.0, Sum: 0.0]
      [GC Worker Other (ms): Min: 0.0, Avg: 0.0, Max: 0.0, Diff: 0.0, Sum: 0.0]
      [GC Worker Total (ms): Min: 13.1, Avg: 13.1, Max: 13.1, Diff: 0.0, Sum: 26.1]
      [GC Worker End (ms): Min: 88739.1, Avg: 88739.1, Max: 88739.1, Diff: 0.0]
   [Code Root Fixup: 0.0 ms]
   [Code Root Migration: 0.0 ms]
   [Clear CT: 0.0 ms]
   [Other: 0.3 ms]
      [Choose CSet: 0.0 ms]
      [Ref Proc: 0.1 ms]
      [Ref Enq: 0.0 ms]
      [Free CSet: 0.1 ms]
   [Eden: 18.0M(18.0M)->0.0B(9216.0K) Survivors: 5120.0K->3072.0K Heap: 100.0M(256.0M)->97.5M(256.0M)]
 [Times: user=0.00 sys=0.00, real=0.01 secs] 
2014-07-10T16:13:57.771+0200: 88.754: [GC pause (mixed), 0.0084665 secs]
   [Parallel Time: 8.1 ms, GC Workers: 2]
      [GC Worker Start (ms): Min: 88754.0, Avg: 88754.0, Max: 88754.0, Diff: 0.0]
      [Ext Root Scanning (ms): Min: 1.0, Avg: 1.0, Max: 1.0, Diff: 0.0, Sum: 2.0]
      [Update RS (ms): Min: 0.3, Avg: 0.3, Max: 0.3, Diff: 0.0, Sum: 0.6]
         [Processed Buffers: Min: 2, Avg: 3.0, Max: 4, Diff: 2, Sum: 6]
      [Scan RS (ms): Min: 0.0, Avg: 0.1, Max: 0.1, Diff: 0.1, Sum: 0.1]
      [Code Root Scanning (ms): Min: 0.0, Avg: 0.0, Max: 0.0, Diff: 0.0, Sum: 0.0]
      [Object Copy (ms): Min: 6.6, Avg: 6.6, Max: 6.7, Diff: 0.0, Sum: 13.3]
      [Termination (ms): Min: 0.0, Avg: 0.0, Max: 0.0, Diff: 0.0, Sum: 0.0]
      [GC Worker Other (ms): Min: 0.0, Avg: 0.0, Max: 0.0, Diff: 0.0, Sum: 0.1]
      [GC Worker Total (ms): Min: 8.0, Avg: 8.0, Max: 8.0, Diff: 0.0, Sum: 16.1]
      [GC Worker End (ms): Min: 88762.1, Avg: 88762.1, Max: 88762.1, Diff: 0.0]
   [Code Root Fixup: 0.0 ms]
   [Code Root Migration: 0.0 ms]
   [Clear CT: 0.0 ms]
   [Other: 0.3 ms]
      [Choose CSet: 0.0 ms]
      [Ref Proc: 0.1 ms]
      [Ref Enq: 0.0 ms]
      [Free CSet: 0.1 ms]
   [Eden: 9216.0K(9216.0K)->0.0B(69.0M) Survivors: 3072.0K->2048.0K Heap: 106.5M(256.0M)->98.5M(256.0M)]
 [Times: user=0.03 sys=0.00, real=0.01 secs] 
2014-07-10T16:13:57.892+0200: 88.875: [GC pause (young), 0.0459466 secs]
   [Parallel Time: 45.5 ms, GC Workers: 2]
      [GC Worker Start (ms): Min: 88875.2, Avg: 88875.2, Max: 88875.2, Diff: 0.0]
      [Ext Root Scanning (ms): Min: 1.1, Avg: 1.1, Max: 1.2, Diff: 0.1, Sum: 2.3]
      [Update RS (ms): Min: 0.4, Avg: 0.4, Max: 0.4, Diff: 0.1, Sum: 0.8]
         [Processed Buffers: Min: 1, Avg: 2.5, Max: 4, Diff: 3, Sum: 5]
      [Scan RS (ms): Min: 0.1, Avg: 0.1, Max: 0.1, Diff: 0.0, Sum: 0.2]
      [Code Root Scanning (ms): Min: 0.0, Avg: 0.0, Max: 0.0, Diff: 0.0, Sum: 0.1]
      [Object Copy (ms): Min: 43.7, Avg: 43.7, Max: 43.7, Diff: 0.0, Sum: 87.5]
      [Termination (ms): Min: 0.0, Avg: 0.0, Max: 0.0, Diff: 0.0, Sum: 0.0]
      [GC Worker Other (ms): Min: 0.0, Avg: 0.0, Max: 0.0, Diff: 0.0, Sum: 0.1]
      [GC Worker Total (ms): Min: 45.5, Avg: 45.5, Max: 45.5, Diff: 0.0, Sum: 90.9]
      [GC Worker End (ms): Min: 88920.7, Avg: 88920.7, Max: 88920.7, Diff: 0.0]
   [Code Root Fixup: 0.0 ms]
   [Code Root Migration: 0.0 ms]
   [Clear CT: 0.1 ms]
   [Other: 0.4 ms]
      [Choose CSet: 0.0 ms]
      [Ref Proc: 0.0 ms]
      [Ref Enq: 0.0 ms]
      [Free CSet: 0.1 ms]
   [Eden: 69.0M(69.0M)->0.0B(27.0M) Survivors: 2048.0K->9216.0K Heap: 167.5M(256.0M)->175.0M(256.0M)]
 [Times: user=0.09 sys=0.00, real=0.05 secs] 
2014-07-10T16:13:57.981+0200: 88.964: [GC pause (young) (initial-mark), 0.0181623 secs]
   [Parallel Time: 17.7 ms, GC Workers: 2]
      [GC Worker Start (ms): Min: 88964.4, Avg: 88964.4, Max: 88964.4, Diff: 0.0]
      [Ext Root Scanning (ms): Min: 1.0, Avg: 1.0, Max: 1.0, Diff: 0.0, Sum: 2.0]
      [Code Root Marking (ms): Min: 0.0, Avg: 0.1, Max: 0.1, Diff: 0.0, Sum: 0.1]
      [Update RS (ms): Min: 0.9, Avg: 0.9, Max: 0.9, Diff: 0.0, Sum: 1.8]
         [Processed Buffers: Min: 5, Avg: 5.5, Max: 6, Diff: 1, Sum: 11]
      [Scan RS (ms): Min: 0.0, Avg: 0.0, Max: 0.0, Diff: 0.0, Sum: 0.1]
      [Code Root Scanning (ms): Min: 0.0, Avg: 0.0, Max: 0.0, Diff: 0.0, Sum: 0.1]
      [Object Copy (ms): Min: 15.6, Avg: 15.6, Max: 15.6, Diff: 0.0, Sum: 31.2]
      [Termination (ms): Min: 0.0, Avg: 0.0, Max: 0.0, Diff: 0.0, Sum: 0.0]
      [GC Worker Other (ms): Min: 0.0, Avg: 0.0, Max: 0.0, Diff: 0.0, Sum: 0.1]
      [GC Worker Total (ms): Min: 17.6, Avg: 17.6, Max: 17.6, Diff: 0.0, Sum: 35.3]
      [GC Worker End (ms): Min: 88982.1, Avg: 88982.1, Max: 88982.1, Diff: 0.0]
   [Code Root Fixup: 0.0 ms]
   [Code Root Migration: 0.0 ms]
   [Clear CT: 0.0 ms]
   [Other: 0.4 ms]
      [Choose CSet: 0.0 ms]
      [Ref Proc: 0.2 ms]
      [Ref Enq: 0.0 ms]
      [Free CSet: 0.1 ms]
   [Eden: 27.0M(27.0M)->0.0B(18.0M) Survivors: 9216.0K->5120.0K Heap: 202.0M(256.0M)->193.5M(256.0M)]
 [Times: user=0.03 sys=0.00, real=0.02 secs] 
2014-07-10T16:13:57.999+0200: 88.983: [GC concurrent-root-region-scan-start]
2014-07-10T16:13:58.000+0200: 88.983: [GC concurrent-root-region-scan-end, 0.0001060 secs]
2014-07-10T16:13:58.000+0200: 88.983: [GC concurrent-mark-start]
2014-07-10T16:13:58.004+0200: 88.987: [GC concurrent-mark-end, 0.0037403 secs]
2014-07-10T16:13:58.005+0200: 88.988: [GC remark 2014-07-10T16:13:58.005+0200: 88.988: [GC ref-proc, 0.0000763 secs], 0.0010680 secs]
 [Times: user=0.00 sys=0.00, real=0.00 secs] 
2014-07-10T16:13:58.006+0200: 88.990: [GC cleanup 196M->89M(256M), 0.0007882 secs]
 [Times: user=0.00 sys=0.00, real=0.00 secs] 
2014-07-10T16:13:58.007+0200: 88.991: [GC concurrent-cleanup-start]
2014-07-10T16:13:58.007+0200: 88.991: [GC concurrent-cleanup-end, 0.0001950 secs]
2014-07-10T16:13:58.034+0200: 89.017: [GC pause (young), 0.0135615 secs]
   [Parallel Time: 13.2 ms, GC Workers: 2]
      [GC Worker Start (ms): Min: 89017.5, Avg: 89018.3, Max: 89019.0, Diff: 1.4]
      [Ext Root Scanning (ms): Min: 0.6, Avg: 1.3, Max: 2.0, Diff: 1.4, Sum: 2.6]
      [Update RS (ms): Min: 0.4, Avg: 0.5, Max: 0.5, Diff: 0.0, Sum: 0.9]
         [Processed Buffers: Min: 2, Avg: 4.0, Max: 6, Diff: 4, Sum: 8]
      [Scan RS (ms): Min: 0.0, Avg: 0.0, Max: 0.0, Diff: 0.0, Sum: 0.1]
      [Code Root Scanning (ms): Min: 0.0, Avg: 0.0, Max: 0.0, Diff: 0.0, Sum: 0.0]
      [Object Copy (ms): Min: 10.5, Avg: 10.6, Max: 10.6, Diff: 0.0, Sum: 21.1]
      [Termination (ms): Min: 0.0, Avg: 0.0, Max: 0.0, Diff: 0.0, Sum: 0.0]
      [GC Worker Other (ms): Min: 0.0, Avg: 0.0, Max: 0.0, Diff: 0.0, Sum: 0.1]
      [GC Worker Total (ms): Min: 11.7, Avg: 12.4, Max: 13.1, Diff: 1.4, Sum: 24.9]
      [GC Worker End (ms): Min: 89030.7, Avg: 89030.7, Max: 89030.7, Diff: 0.0]
   [Code Root Fixup: 0.0 ms]
   [Code Root Migration: 0.0 ms]
   [Clear CT: 0.0 ms]
   [Other: 0.4 ms]
      [Choose CSet: 0.0 ms]
      [Ref Proc: 0.2 ms]
      [Ref Enq: 0.0 ms]
      [Free CSet: 0.1 ms]
   [Eden: 18.0M(18.0M)->0.0B(9216.0K) Survivors: 5120.0K->3072.0K Heap: 104.5M(256.0M)->100.0M(256.0M)]
 [Times: user=0.03 sys=0.00, real=0.01 secs] 
2014-07-10T16:13:58.063+0200: 89.046: [GC pause (mixed), 0.0104012 secs]
   [Parallel Time: 9.9 ms, GC Workers: 2]
      [GC Worker Start (ms): Min: 89046.1, Avg: 89046.1, Max: 89046.1, Diff: 0.0]
      [Ext Root Scanning (ms): Min: 1.1, Avg: 1.1, Max: 1.1, Diff: 0.1, Sum: 2.2]
      [Update RS (ms): Min: 0.3, Avg: 0.3, Max: 0.3, Diff: 0.0, Sum: 0.6]
         [Processed Buffers: Min: 1, Avg: 3.5, Max: 6, Diff: 5, Sum: 7]
      [Scan RS (ms): Min: 0.1, Avg: 0.1, Max: 0.1, Diff: 0.1, Sum: 0.2]
      [Code Root Scanning (ms): Min: 0.0, Avg: 0.0, Max: 0.0, Diff: 0.0, Sum: 0.0]
      [Object Copy (ms): Min: 8.3, Avg: 8.3, Max: 8.3, Diff: 0.0, Sum: 16.7]
      [Termination (ms): Min: 0.0, Avg: 0.0, Max: 0.0, Diff: 0.0, Sum: 0.0]
      [GC Worker Other (ms): Min: 0.0, Avg: 0.0, Max: 0.0, Diff: 0.0, Sum: 0.1]
      [GC Worker Total (ms): Min: 9.9, Avg: 9.9, Max: 9.9, Diff: 0.0, Sum: 19.8]
      [GC Worker End (ms): Min: 89056.0, Avg: 89056.0, Max: 89056.0, Diff: 0.0]
   [Code Root Fixup: 0.0 ms]
   [Code Root Migration: 0.0 ms]
   [Clear CT: 0.1 ms]
   [Other: 0.4 ms]
      [Choose CSet: 0.0 ms]
      [Ref Proc: 0.1 ms]
      [Ref Enq: 0.0 ms]
      [Free CSet: 0.1 ms]
   [Eden: 9216.0K(9216.0K)->0.0B(70.0M) Survivors: 3072.0K->2048.0K Heap: 109.0M(256.0M)->96.5M(256.0M)]
 [Times: user=0.02 sys=0.00, real=0.01 secs] 
2014-07-10T16:13:58.190+0200: 89.173: [GC pause (young), 0.0460856 secs]
   [Parallel Time: 45.4 ms, GC Workers: 2]
      [GC Worker Start (ms): Min: 89173.3, Avg: 89173.3, Max: 89173.3, Diff: 0.0]
      [Ext Root Scanning (ms): Min: 1.1, Avg: 1.1, Max: 1.2, Diff: 0.0, Sum: 2.3]
      [Update RS (ms): Min: 0.4, Avg: 0.5, Max: 0.5, Diff: 0.0, Sum: 0.9]
         [Processed Buffers: Min: 1, Avg: 3.0, Max: 5, Diff: 4, Sum: 6]
      [Scan RS (ms): Min: 0.1, Avg: 0.1, Max: 0.1, Diff: 0.0, Sum: 0.2]
      [Code Root Scanning (ms): Min: 0.0, Avg: 0.0, Max: 0.1, Diff: 0.0, Sum: 0.1]
      [Object Copy (ms): Min: 43.6, Avg: 43.6, Max: 43.6, Diff: 0.0, Sum: 87.2]
      [Termination (ms): Min: 0.0, Avg: 0.0, Max: 0.0, Diff: 0.0, Sum: 0.0]
      [GC Worker Other (ms): Min: 0.0, Avg: 0.0, Max: 0.0, Diff: 0.0, Sum: 0.1]
      [GC Worker Total (ms): Min: 45.4, Avg: 45.4, Max: 45.4, Diff: 0.0, Sum: 90.8]
      [GC Worker End (ms): Min: 89218.7, Avg: 89218.7, Max: 89218.7, Diff: 0.0]
   [Code Root Fixup: 0.0 ms]
   [Code Root Migration: 0.0 ms]
   [Clear CT: 0.3 ms]
   [Other: 0.4 ms]
      [Choose CSet: 0.0 ms]
      [Ref Proc: 0.0 ms]
      [Ref Enq: 0.0 ms]
      [Free CSet: 0.1 ms]
   [Eden: 70.0M(70.0M)->0.0B(30.0M) Survivors: 2048.0K->9216.0K Heap: 166.5M(256.0M)->169.0M(256.0M)]
 [Times: user=0.09 sys=0.00, real=0.05 secs] 
2014-07-10T16:13:58.285+0200: 89.268: [GC pause (young) (initial-mark), 0.0305077 secs]
   [Parallel Time: 30.1 ms, GC Workers: 2]
      [GC Worker Start (ms): Min: 89268.4, Avg: 89268.4, Max: 89268.4, Diff: 0.0]
      [Ext Root Scanning (ms): Min: 1.2, Avg: 1.3, Max: 1.4, Diff: 0.2, Sum: 2.6]
      [Code Root Marking (ms): Min: 0.0, Avg: 0.1, Max: 0.1, Diff: 0.0, Sum: 0.1]
      [Update RS (ms): Min: 1.5, Avg: 14.7, Max: 27.8, Diff: 26.3, Sum: 29.3]
         [Processed Buffers: Min: 2, Avg: 5.5, Max: 9, Diff: 7, Sum: 11]
      [Scan RS (ms): Min: 0.0, Avg: 0.1, Max: 0.1, Diff: 0.1, Sum: 0.1]
      [Code Root Scanning (ms): Min: 0.0, Avg: 0.0, Max: 0.0, Diff: 0.0, Sum: 0.0]
      [Object Copy (ms): Min: 0.6, Avg: 13.5, Max: 26.3, Diff: 25.7, Sum: 27.0]
      [Termination (ms): Min: 0.0, Avg: 0.4, Max: 0.8, Diff: 0.8, Sum: 0.8]
      [GC Worker Other (ms): Min: 0.0, Avg: 0.0, Max: 0.0, Diff: 0.0, Sum: 0.1]
      [GC Worker Total (ms): Min: 29.9, Avg: 30.0, Max: 30.1, Diff: 0.2, Sum: 60.0]
      [GC Worker End (ms): Min: 89298.3, Avg: 89298.4, Max: 89298.5, Diff: 0.2]
   [Code Root Fixup: 0.0 ms]
   [Code Root Migration: 0.0 ms]
   [Clear CT: 0.0 ms]
   [Other: 0.3 ms]
      [Choose CSet: 0.0 ms]
      [Ref Proc: 0.1 ms]
      [Ref Enq: 0.0 ms]
      [Free CSet: 0.1 ms]
   [Eden: 30.0M(30.0M)->0.0B(19.0M) Survivors: 9216.0K->5120.0K Heap: 199.0M(256.0M)->190.0M(256.0M)]
 [Times: user=0.03 sys=0.00, real=0.03 secs] 
2014-07-10T16:13:58.316+0200: 89.299: [GC concurrent-root-region-scan-start]
2014-07-10T16:13:58.316+0200: 89.299: [GC concurrent-root-region-scan-end, 0.0000840 secs]
2014-07-10T16:13:58.316+0200: 89.299: [GC concurrent-mark-start]
2014-07-10T16:13:58.319+0200: 89.303: [GC concurrent-mark-end, 0.0034375 secs]
2014-07-10T16:13:58.320+0200: 89.304: [GC remark 2014-07-10T16:13:58.321+0200: 89.304: [GC ref-proc, 0.0000741 secs], 0.0015831 secs]
 [Times: user=0.00 sys=0.00, real=0.00 secs] 
2014-07-10T16:13:58.322+0200: 89.306: [GC cleanup 192M->94M(256M), 0.0012715 secs]
 [Times: user=0.00 sys=0.00, real=0.00 secs] 
2014-07-10T16:13:58.324+0200: 89.307: [GC concurrent-cleanup-start]
2014-07-10T16:13:58.324+0200: 89.307: [GC concurrent-cleanup-end, 0.0001573 secs]
2014-07-10T16:13:58.353+0200: 89.336: [GC pause (young), 0.0131982 secs]
   [Parallel Time: 12.8 ms, GC Workers: 2]
      [GC Worker Start (ms): Min: 89336.3, Avg: 89336.3, Max: 89336.3, Diff: 0.0]
      [Ext Root Scanning (ms): Min: 1.1, Avg: 1.1, Max: 1.1, Diff: 0.1, Sum: 2.2]
      [Update RS (ms): Min: 0.4, Avg: 0.5, Max: 0.6, Diff: 0.2, Sum: 1.0]
         [Processed Buffers: Min: 2, Avg: 4.5, Max: 7, Diff: 5, Sum: 9]
      [Scan RS (ms): Min: 0.0, Avg: 0.0, Max: 0.1, Diff: 0.1, Sum: 0.1]
      [Code Root Scanning (ms): Min: 0.0, Avg: 0.0, Max: 0.0, Diff: 0.0, Sum: 0.0]
      [Object Copy (ms): Min: 11.1, Avg: 11.1, Max: 11.2, Diff: 0.1, Sum: 22.2]
      [Termination (ms): Min: 0.0, Avg: 0.0, Max: 0.0, Diff: 0.0, Sum: 0.0]
      [GC Worker Other (ms): Min: 0.0, Avg: 0.0, Max: 0.0, Diff: 0.0, Sum: 0.1]
      [GC Worker Total (ms): Min: 12.8, Avg: 12.8, Max: 12.8, Diff: 0.0, Sum: 25.6]
      [GC Worker End (ms): Min: 89349.1, Avg: 89349.1, Max: 89349.1, Diff: 0.0]
   [Code Root Fixup: 0.0 ms]
   [Code Root Migration: 0.0 ms]
   [Clear CT: 0.0 ms]
   [Other: 0.3 ms]
      [Choose CSet: 0.0 ms]
      [Ref Proc: 0.1 ms]
      [Ref Enq: 0.0 ms]
      [Free CSet: 0.1 ms]
   [Eden: 19.0M(19.0M)->0.0B(9216.0K) Survivors: 5120.0K->3072.0K Heap: 111.0M(256.0M)->107.5M(256.0M)]
 [Times: user=0.00 sys=0.00, real=0.01 secs] 
2014-07-10T16:13:58.380+0200: 89.363: [GC pause (mixed), 0.0093387 secs]
   [Parallel Time: 8.9 ms, GC Workers: 2]
      [GC Worker Start (ms): Min: 89363.1, Avg: 89363.1, Max: 89363.1, Diff: 0.0]
      [Ext Root Scanning (ms): Min: 1.1, Avg: 1.1, Max: 1.1, Diff: 0.0, Sum: 2.3]
      [Update RS (ms): Min: 0.3, Avg: 0.3, Max: 0.3, Diff: 0.0, Sum: 0.6]
         [Processed Buffers: Min: 2, Avg: 3.0, Max: 4, Diff: 2, Sum: 6]
      [Scan RS (ms): Min: 0.1, Avg: 0.1, Max: 0.1, Diff: 0.0, Sum: 0.2]
      [Code Root Scanning (ms): Min: 0.0, Avg: 0.0, Max: 0.0, Diff: 0.0, Sum: 0.0]
      [Object Copy (ms): Min: 7.3, Avg: 7.3, Max: 7.3, Diff: 0.0, Sum: 14.6]
      [Termination (ms): Min: 0.0, Avg: 0.0, Max: 0.0, Diff: 0.0, Sum: 0.0]
      [GC Worker Other (ms): Min: 0.0, Avg: 0.0, Max: 0.0, Diff: 0.0, Sum: 0.1]
      [GC Worker Total (ms): Min: 8.9, Avg: 8.9, Max: 8.9, Diff: 0.0, Sum: 17.7]
      [GC Worker End (ms): Min: 89372.0, Avg: 89372.0, Max: 89372.0, Diff: 0.0]
   [Code Root Fixup: 0.0 ms]
   [Code Root Migration: 0.0 ms]
   [Clear CT: 0.1 ms]
   [Other: 0.3 ms]
      [Choose CSet: 0.0 ms]
      [Ref Proc: 0.1 ms]
      [Ref Enq: 0.0 ms]
      [Free CSet: 0.1 ms]
   [Eden: 9216.0K(9216.0K)->0.0B(67.0M) Survivors: 3072.0K->2048.0K Heap: 116.5M(256.0M)->101.0M(256.0M)]
 [Times: user=0.03 sys=0.00, real=0.01 secs] 
2014-07-10T16:13:58.498+0200: 89.481: [GC pause (young), 0.0445047 secs]
   [Parallel Time: 43.9 ms, GC Workers: 2]
      [GC Worker Start (ms): Min: 89481.5, Avg: 89481.5, Max: 89481.5, Diff: 0.0]
      [Ext Root Scanning (ms): Min: 1.1, Avg: 1.1, Max: 1.2, Diff: 0.0, Sum: 2.3]
      [Update RS (ms): Min: 0.4, Avg: 0.4, Max: 0.4, Diff: 0.0, Sum: 0.8]
         [Processed Buffers: Min: 2, Avg: 3.0, Max: 4, Diff: 2, Sum: 6]
      [Scan RS (ms): Min: 0.1, Avg: 0.1, Max: 0.1, Diff: 0.0, Sum: 0.2]
      [Code Root Scanning (ms): Min: 0.0, Avg: 0.0, Max: 0.1, Diff: 0.0, Sum: 0.1]
      [Object Copy (ms): Min: 42.1, Avg: 42.1, Max: 42.1, Diff: 0.0, Sum: 84.2]
      [Termination (ms): Min: 0.0, Avg: 0.0, Max: 0.0, Diff: 0.0, Sum: 0.0]
      [GC Worker Other (ms): Min: 0.0, Avg: 0.0, Max: 0.0, Diff: 0.0, Sum: 0.1]
      [GC Worker Total (ms): Min: 43.8, Avg: 43.8, Max: 43.8, Diff: 0.0, Sum: 87.7]
      [GC Worker End (ms): Min: 89525.3, Avg: 89525.3, Max: 89525.3, Diff: 0.0]
   [Code Root Fixup: 0.0 ms]
   [Code Root Migration: 0.0 ms]
   [Clear CT: 0.1 ms]
   [Other: 0.5 ms]
      [Choose CSet: 0.0 ms]
      [Ref Proc: 0.2 ms]
      [Ref Enq: 0.0 ms]
      [Free CSet: 0.1 ms]
   [Eden: 67.0M(67.0M)->0.0B(28.0M) Survivors: 2048.0K->9216.0K Heap: 168.0M(256.0M)->173.0M(256.0M)]
 [Times: user=0.09 sys=0.00, real=0.05 secs] 
2014-07-10T16:13:58.588+0200: 89.571: [GC pause (young) (initial-mark), 0.0197395 secs]
   [Parallel Time: 19.3 ms, GC Workers: 2]
      [GC Worker Start (ms): Min: 89571.3, Avg: 89571.3, Max: 89571.3, Diff: 0.0]
      [Ext Root Scanning (ms): Min: 1.0, Avg: 1.1, Max: 1.1, Diff: 0.0, Sum: 2.1]
      [Code Root Marking (ms): Min: 0.0, Avg: 0.1, Max: 0.1, Diff: 0.0, Sum: 0.1]
      [Update RS (ms): Min: 0.9, Avg: 0.9, Max: 0.9, Diff: 0.0, Sum: 1.8]
         [Processed Buffers: Min: 4, Avg: 5.0, Max: 6, Diff: 2, Sum: 10]
      [Scan RS (ms): Min: 0.0, Avg: 0.0, Max: 0.0, Diff: 0.0, Sum: 0.1]
      [Code Root Scanning (ms): Min: 0.0, Avg: 0.0, Max: 0.0, Diff: 0.0, Sum: 0.0]
      [Object Copy (ms): Min: 17.1, Avg: 17.1, Max: 17.1, Diff: 0.0, Sum: 34.3]
      [Termination (ms): Min: 0.0, Avg: 0.0, Max: 0.0, Diff: 0.0, Sum: 0.0]
      [GC Worker Other (ms): Min: 0.0, Avg: 0.0, Max: 0.0, Diff: 0.0, Sum: 0.1]
      [GC Worker Total (ms): Min: 19.2, Avg: 19.2, Max: 19.2, Diff: 0.0, Sum: 38.5]
      [GC Worker End (ms): Min: 89590.5, Avg: 89590.5, Max: 89590.5, Diff: 0.0]
   [Code Root Fixup: 0.0 ms]
   [Code Root Migration: 0.0 ms]
   [Clear CT: 0.0 ms]
   [Other: 0.4 ms]
      [Choose CSet: 0.0 ms]
      [Ref Proc: 0.1 ms]
      [Ref Enq: 0.0 ms]
      [Free CSet: 0.1 ms]
   [Eden: 28.0M(28.0M)->0.0B(17.0M) Survivors: 9216.0K->5120.0K Heap: 201.0M(256.0M)->194.5M(256.0M)]
 [Times: user=0.03 sys=0.00, real=0.02 secs] 
2014-07-10T16:13:58.608+0200: 89.591: [GC concurrent-root-region-scan-start]
2014-07-10T16:13:58.608+0200: 89.591: [GC concurrent-root-region-scan-end, 0.0000862 secs]
2014-07-10T16:13:58.608+0200: 89.591: [GC concurrent-mark-start]
2014-07-10T16:13:58.611+0200: 89.595: [GC concurrent-mark-end, 0.0034734 secs]
2014-07-10T16:13:58.612+0200: 89.595: [GC remark 2014-07-10T16:13:58.612+0200: 89.595: [GC ref-proc, 0.0000737 secs], 0.0013891 secs]
 [Times: user=0.00 sys=0.00, real=0.00 secs] 
2014-07-10T16:13:58.613+0200: 89.597: [GC cleanup 197M->101M(256M), 0.0012088 secs]
 [Times: user=0.00 sys=0.00, real=0.00 secs] 
2014-07-10T16:13:58.615+0200: 89.598: [GC concurrent-cleanup-start]
2014-07-10T16:13:58.615+0200: 89.598: [GC concurrent-cleanup-end, 0.0001452 secs]
2014-07-10T16:13:58.639+0200: 89.622: [GC pause (young), 0.0120997 secs]
   [Parallel Time: 11.7 ms, GC Workers: 2]
      [GC Worker Start (ms): Min: 89622.1, Avg: 89622.1, Max: 89622.1, Diff: 0.0]
      [Ext Root Scanning (ms): Min: 1.0, Avg: 1.1, Max: 1.1, Diff: 0.1, Sum: 2.2]
      [Update RS (ms): Min: 0.4, Avg: 0.5, Max: 0.6, Diff: 0.2, Sum: 1.1]
         [Processed Buffers: Min: 3, Avg: 3.5, Max: 4, Diff: 1, Sum: 7]
      [Scan RS (ms): Min: 0.0, Avg: 0.0, Max: 0.1, Diff: 0.1, Sum: 0.1]
      [Code Root Scanning (ms): Min: 0.0, Avg: 0.0, Max: 0.0, Diff: 0.0, Sum: 0.0]
      [Object Copy (ms): Min: 10.0, Avg: 10.0, Max: 10.0, Diff: 0.0, Sum: 20.0]
      [Termination (ms): Min: 0.0, Avg: 0.0, Max: 0.0, Diff: 0.0, Sum: 0.0]
      [GC Worker Other (ms): Min: 0.0, Avg: 0.0, Max: 0.0, Diff: 0.0, Sum: 0.1]
      [GC Worker Total (ms): Min: 11.7, Avg: 11.7, Max: 11.7, Diff: 0.0, Sum: 23.4]
      [GC Worker End (ms): Min: 89633.8, Avg: 89633.8, Max: 89633.8, Diff: 0.0]
   [Code Root Fixup: 0.0 ms]
   [Code Root Migration: 0.0 ms]
   [Clear CT: 0.0 ms]
   [Other: 0.3 ms]
      [Choose CSet: 0.0 ms]
      [Ref Proc: 0.1 ms]
      [Ref Enq: 0.0 ms]
      [Free CSet: 0.1 ms]
   [Eden: 17.0M(17.0M)->0.0B(9216.0K) Survivors: 5120.0K->3072.0K Heap: 115.5M(256.0M)->111.0M(256.0M)]
 [Times: user=0.03 sys=0.00, real=0.01 secs] 
2014-07-10T16:13:58.664+0200: 89.647: [GC pause (mixed), 0.0118361 secs]
   [Parallel Time: 11.2 ms, GC Workers: 2]
      [GC Worker Start (ms): Min: 89647.3, Avg: 89647.3, Max: 89647.3, Diff: 0.0]
      [Ext Root Scanning (ms): Min: 1.1, Avg: 1.1, Max: 1.2, Diff: 0.0, Sum: 2.3]
      [Update RS (ms): Min: 0.3, Avg: 0.3, Max: 0.4, Diff: 0.1, Sum: 0.6]
         [Processed Buffers: Min: 1, Avg: 3.0, Max: 5, Diff: 4, Sum: 6]
      [Scan RS (ms): Min: 0.1, Avg: 0.2, Max: 0.2, Diff: 0.1, Sum: 0.3]
      [Code Root Scanning (ms): Min: 0.0, Avg: 0.0, Max: 0.0, Diff: 0.0, Sum: 0.1]
      [Object Copy (ms): Min: 9.5, Avg: 9.5, Max: 9.6, Diff: 0.0, Sum: 19.1]
      [Termination (ms): Min: 0.0, Avg: 0.0, Max: 0.0, Diff: 0.0, Sum: 0.0]
      [GC Worker Other (ms): Min: 0.0, Avg: 0.0, Max: 0.0, Diff: 0.0, Sum: 0.1]
      [GC Worker Total (ms): Min: 11.2, Avg: 11.2, Max: 11.2, Diff: 0.0, Sum: 22.4]
      [GC Worker End (ms): Min: 89658.5, Avg: 89658.5, Max: 89658.5, Diff: 0.0]
   [Code Root Fixup: 0.0 ms]
   [Code Root Migration: 0.0 ms]
   [Clear CT: 0.1 ms]
   [Other: 0.5 ms]
      [Choose CSet: 0.0 ms]
      [Ref Proc: 0.1 ms]
      [Ref Enq: 0.0 ms]
      [Free CSet: 0.2 ms]
   [Eden: 9216.0K(9216.0K)->0.0B(10.0M) Survivors: 3072.0K->2048.0K Heap: 120.0M(256.0M)->99.0M(256.0M)]
 [Times: user=0.00 sys=0.00, real=0.01 secs] 
2014-07-10T16:13:58.691+0200: 89.674: [GC pause (mixed), 0.0088078 secs]
   [Parallel Time: 8.4 ms, GC Workers: 2]
      [GC Worker Start (ms): Min: 89674.3, Avg: 89674.3, Max: 89674.3, Diff: 0.0]
      [Ext Root Scanning (ms): Min: 1.1, Avg: 1.1, Max: 1.1, Diff: 0.1, Sum: 2.2]
      [Update RS (ms): Min: 0.3, Avg: 0.3, Max: 0.4, Diff: 0.1, Sum: 0.6]
         [Processed Buffers: Min: 1, Avg: 3.0, Max: 5, Diff: 4, Sum: 6]
      [Scan RS (ms): Min: 0.0, Avg: 0.1, Max: 0.1, Diff: 0.1, Sum: 0.1]
      [Code Root Scanning (ms): Min: 0.0, Avg: 0.0, Max: 0.0, Diff: 0.0, Sum: 0.0]
      [Object Copy (ms): Min: 6.8, Avg: 6.8, Max: 6.8, Diff: 0.0, Sum: 13.6]
      [Termination (ms): Min: 0.0, Avg: 0.0, Max: 0.0, Diff: 0.0, Sum: 0.0]
      [GC Worker Other (ms): Min: 0.0, Avg: 0.0, Max: 0.0, Diff: 0.0, Sum: 0.0]
      [GC Worker Total (ms): Min: 8.3, Avg: 8.3, Max: 8.3, Diff: 0.0, Sum: 16.7]
      [GC Worker End (ms): Min: 89682.7, Avg: 89682.7, Max: 89682.7, Diff: 0.0]
   [Code Root Fixup: 0.0 ms]
   [Code Root Migration: 0.0 ms]
   [Clear CT: 0.1 ms]
   [Other: 0.3 ms]
      [Choose CSet: 0.0 ms]
      [Ref Proc: 0.0 ms]
      [Ref Enq: 0.0 ms]
      [Free CSet: 0.1 ms]
   [Eden: 10.0M(10.0M)->0.0B(64.0M) Survivors: 2048.0K->2048.0K Heap: 109.0M(256.0M)->107.5M(256.0M)]
 [Times: user=0.03 sys=0.00, real=0.01 secs] 
2014-07-10T16:13:58.805+0200: 89.788: [GC pause (young), 0.0428926 secs]
   [Parallel Time: 42.4 ms, GC Workers: 2]
      [GC Worker Start (ms): Min: 89788.2, Avg: 89788.2, Max: 89788.3, Diff: 0.0]
      [Ext Root Scanning (ms): Min: 1.1, Avg: 1.1, Max: 1.2, Diff: 0.1, Sum: 2.2]
      [Update RS (ms): Min: 0.4, Avg: 0.4, Max: 0.5, Diff: 0.1, Sum: 0.8]
         [Processed Buffers: Min: 3, Avg: 3.0, Max: 3, Diff: 0, Sum: 6]
      [Scan RS (ms): Min: 0.1, Avg: 0.1, Max: 0.1, Diff: 0.0, Sum: 0.2]
      [Code Root Scanning (ms): Min: 0.0, Avg: 0.0, Max: 0.1, Diff: 0.0, Sum: 0.1]
      [Object Copy (ms): Min: 40.7, Avg: 40.7, Max: 40.7, Diff: 0.0, Sum: 81.4]
      [Termination (ms): Min: 0.0, Avg: 0.0, Max: 0.0, Diff: 0.0, Sum: 0.0]
      [GC Worker Other (ms): Min: 0.0, Avg: 0.0, Max: 0.0, Diff: 0.0, Sum: 0.1]
      [GC Worker Total (ms): Min: 42.4, Avg: 42.4, Max: 42.4, Diff: 0.0, Sum: 84.8]
      [GC Worker End (ms): Min: 89830.6, Avg: 89830.6, Max: 89830.6, Diff: 0.0]
   [Code Root Fixup: 0.0 ms]
   [Code Root Migration: 0.0 ms]
   [Clear CT: 0.1 ms]
   [Other: 0.4 ms]
      [Choose CSet: 0.0 ms]
      [Ref Proc: 0.0 ms]
      [Ref Enq: 0.0 ms]
      [Free CSet: 0.1 ms]
   [Eden: 64.0M(64.0M)->0.0B(24.0M) Survivors: 2048.0K->9216.0K Heap: 171.5M(256.0M)->181.0M(256.0M)]
 [Times: user=0.06 sys=0.00, real=0.04 secs] 
2014-07-10T16:13:58.886+0200: 89.869: [GC pause (young) (initial-mark), 0.0173817 secs]
   [Parallel Time: 17.0 ms, GC Workers: 2]
      [GC Worker Start (ms): Min: 89869.4, Avg: 89869.4, Max: 89869.4, Diff: 0.0]
      [Ext Root Scanning (ms): Min: 1.1, Avg: 1.1, Max: 1.1, Diff: 0.0, Sum: 2.2]
      [Code Root Marking (ms): Min: 0.0, Avg: 0.1, Max: 0.1, Diff: 0.0, Sum: 0.1]
      [Update RS (ms): Min: 0.9, Avg: 0.9, Max: 0.9, Diff: 0.0, Sum: 1.7]
         [Processed Buffers: Min: 4, Avg: 5.0, Max: 6, Diff: 2, Sum: 10]
      [Scan RS (ms): Min: 0.0, Avg: 0.0, Max: 0.1, Diff: 0.0, Sum: 0.1]
      [Code Root Scanning (ms): Min: 0.0, Avg: 0.0, Max: 0.0, Diff: 0.0, Sum: 0.0]
      [Object Copy (ms): Min: 14.8, Avg: 14.8, Max: 14.8, Diff: 0.0, Sum: 29.7]
      [Termination (ms): Min: 0.0, Avg: 0.0, Max: 0.0, Diff: 0.0, Sum: 0.0]
      [GC Worker Other (ms): Min: 0.0, Avg: 0.0, Max: 0.0, Diff: 0.0, Sum: 0.1]
      [GC Worker Total (ms): Min: 16.9, Avg: 16.9, Max: 16.9, Diff: 0.0, Sum: 33.8]
      [GC Worker End (ms): Min: 89886.3, Avg: 89886.3, Max: 89886.3, Diff: 0.0]
   [Code Root Fixup: 0.0 ms]
   [Code Root Migration: 0.0 ms]
   [Clear CT: 0.0 ms]
   [Other: 0.3 ms]
      [Choose CSet: 0.0 ms]
      [Ref Proc: 0.0 ms]
      [Ref Enq: 0.0 ms]
      [Free CSet: 0.1 ms]
   [Eden: 24.0M(24.0M)->0.0B(16.0M) Survivors: 9216.0K->5120.0K Heap: 205.0M(256.0M)->197.5M(256.0M)]
 [Times: user=0.03 sys=0.00, real=0.02 secs] 
2014-07-10T16:13:58.904+0200: 89.887: [GC concurrent-root-region-scan-start]
2014-07-10T16:13:58.904+0200: 89.887: [GC concurrent-root-region-scan-end, 0.0000920 secs]
2014-07-10T16:13:58.904+0200: 89.887: [GC concurrent-mark-start]
2014-07-10T16:13:58.908+0200: 89.891: [GC concurrent-mark-end, 0.0037927 secs]
2014-07-10T16:13:58.908+0200: 89.891: [GC remark 2014-07-10T16:13:58.908+0200: 89.892: [GC ref-proc, 0.0000737 secs], 0.0014610 secs]
 [Times: user=0.00 sys=0.00, real=0.00 secs] 
2014-07-10T16:13:58.910+0200: 89.893: [GC cleanup 201M->98M(256M), 0.0012854 secs]
 [Times: user=0.00 sys=0.00, real=0.00 secs] 
2014-07-10T16:13:58.911+0200: 89.894: [GC concurrent-cleanup-start]
2014-07-10T16:13:58.911+0200: 89.895: [GC concurrent-cleanup-end, 0.0001617 secs]
2014-07-10T16:13:58.930+0200: 89.913: [GC pause (young), 0.0124543 secs]
   [Parallel Time: 12.2 ms, GC Workers: 2]
      [GC Worker Start (ms): Min: 89913.3, Avg: 89913.3, Max: 89913.3, Diff: 0.0]
      [Ext Root Scanning (ms): Min: 1.1, Avg: 1.1, Max: 1.1, Diff: 0.0, Sum: 2.2]
      [Update RS (ms): Min: 0.4, Avg: 0.4, Max: 0.5, Diff: 0.1, Sum: 0.8]
         [Processed Buffers: Min: 3, Avg: 3.0, Max: 3, Diff: 0, Sum: 6]
      [Scan RS (ms): Min: 0.0, Avg: 0.0, Max: 0.1, Diff: 0.0, Sum: 0.1]
      [Code Root Scanning (ms): Min: 0.0, Avg: 0.0, Max: 0.0, Diff: 0.0, Sum: 0.1]
      [Object Copy (ms): Min: 10.5, Avg: 10.5, Max: 10.5, Diff: 0.0, Sum: 21.0]
      [Termination (ms): Min: 0.0, Avg: 0.0, Max: 0.0, Diff: 0.0, Sum: 0.0]
      [GC Worker Other (ms): Min: 0.0, Avg: 0.0, Max: 0.0, Diff: 0.0, Sum: 0.1]
      [GC Worker Total (ms): Min: 12.1, Avg: 12.1, Max: 12.1, Diff: 0.0, Sum: 24.3]
      [GC Worker End (ms): Min: 89925.4, Avg: 89925.4, Max: 89925.4, Diff: 0.0]
   [Code Root Fixup: 0.0 ms]
   [Code Root Migration: 0.0 ms]
   [Clear CT: 0.0 ms]
   [Other: 0.2 ms]
      [Choose CSet: 0.0 ms]
      [Ref Proc: 0.0 ms]
      [Ref Enq: 0.0 ms]
      [Free CSet: 0.1 ms]
   [Eden: 16.0M(16.0M)->0.0B(9216.0K) Survivors: 5120.0K->3072.0K Heap: 110.5M(256.0M)->108.0M(256.0M)]
 [Times: user=0.00 sys=0.00, real=0.01 secs] 
2014-07-10T16:13:58.957+0200: 89.940: [GC pause (mixed), 0.0113830 secs]
   [Parallel Time: 10.8 ms, GC Workers: 2]
      [GC Worker Start (ms): Min: 89940.2, Avg: 89940.2, Max: 89940.2, Diff: 0.0]
      [Ext Root Scanning (ms): Min: 1.0, Avg: 1.1, Max: 1.1, Diff: 0.1, Sum: 2.1]
      [Update RS (ms): Min: 0.3, Avg: 0.3, Max: 0.3, Diff: 0.0, Sum: 0.6]
         [Processed Buffers: Min: 1, Avg: 3.0, Max: 5, Diff: 4, Sum: 6]
      [Scan RS (ms): Min: 0.1, Avg: 0.1, Max: 0.2, Diff: 0.1, Sum: 0.3]
      [Code Root Scanning (ms): Min: 0.0, Avg: 0.0, Max: 0.0, Diff: 0.0, Sum: 0.0]
      [Object Copy (ms): Min: 9.2, Avg: 9.2, Max: 9.2, Diff: 0.0, Sum: 18.5]
      [Termination (ms): Min: 0.0, Avg: 0.0, Max: 0.0, Diff: 0.0, Sum: 0.0]
      [GC Worker Other (ms): Min: 0.0, Avg: 0.0, Max: 0.0, Diff: 0.0, Sum: 0.1]
      [GC Worker Total (ms): Min: 10.8, Avg: 10.8, Max: 10.8, Diff: 0.0, Sum: 21.6]
      [GC Worker End (ms): Min: 89951.0, Avg: 89951.0, Max: 89951.0, Diff: 0.0]
   [Code Root Fixup: 0.0 ms]
   [Code Root Migration: 0.0 ms]
   [Clear CT: 0.1 ms]
   [Other: 0.4 ms]
      [Choose CSet: 0.0 ms]
      [Ref Proc: 0.1 ms]
      [Ref Enq: 0.0 ms]
      [Free CSet: 0.2 ms]
   [Eden: 9216.0K(9216.0K)->0.0B(68.0M) Survivors: 3072.0K->2048.0K Heap: 117.0M(256.0M)->97.0M(256.0M)]
 [Times: user=0.03 sys=0.00, real=0.01 secs] 
2014-07-10T16:13:59.079+0200: 90.062: [GC pause (young), 0.0521239 secs]
   [Parallel Time: 51.6 ms, GC Workers: 2]
      [GC Worker Start (ms): Min: 90062.2, Avg: 90062.2, Max: 90062.2, Diff: 0.0]
      [Ext Root Scanning (ms): Min: 0.9, Avg: 0.9, Max: 0.9, Diff: 0.1, Sum: 1.8]
      [Update RS (ms): Min: 0.4, Avg: 0.4, Max: 0.4, Diff: 0.0, Sum: 0.8]
         [Processed Buffers: Min: 1, Avg: 2.5, Max: 4, Diff: 3, Sum: 5]
      [Scan RS (ms): Min: 0.1, Avg: 0.1, Max: 0.1, Diff: 0.0, Sum: 0.2]
      [Code Root Scanning (ms): Min: 0.0, Avg: 0.0, Max: 0.1, Diff: 0.0, Sum: 0.1]
      [Object Copy (ms): Min: 45.0, Avg: 47.5, Max: 50.1, Diff: 5.1, Sum: 95.1]
      [Termination (ms): Min: 0.0, Avg: 2.5, Max: 5.1, Diff: 5.1, Sum: 5.1]
      [GC Worker Other (ms): Min: 0.0, Avg: 0.0, Max: 0.0, Diff: 0.0, Sum: 0.0]
      [GC Worker Total (ms): Min: 51.6, Avg: 51.6, Max: 51.6, Diff: 0.0, Sum: 103.1]
      [GC Worker End (ms): Min: 90113.8, Avg: 90113.8, Max: 90113.8, Diff: 0.0]
   [Code Root Fixup: 0.0 ms]
   [Code Root Migration: 0.0 ms]
   [Clear CT: 0.2 ms]
   [Other: 0.3 ms]
      [Choose CSet: 0.0 ms]
      [Ref Proc: 0.0 ms]
      [Ref Enq: 0.0 ms]
      [Free CSet: 0.1 ms]
   [Eden: 68.0M(68.0M)->0.0B(30.0M) Survivors: 2048.0K->9216.0K Heap: 165.0M(256.0M)->169.5M(256.0M)]
 [Times: user=0.09 sys=0.00, real=0.05 secs] 
2014-07-10T16:13:59.181+0200: 90.164: [GC pause (young) (initial-mark), 0.0212540 secs]
   [Parallel Time: 20.7 ms, GC Workers: 2]
      [GC Worker Start (ms): Min: 90164.3, Avg: 90164.3, Max: 90164.3, Diff: 0.0]
      [Ext Root Scanning (ms): Min: 1.0, Avg: 1.0, Max: 1.1, Diff: 0.0, Sum: 2.1]
      [Code Root Marking (ms): Min: 0.0, Avg: 0.1, Max: 0.1, Diff: 0.0, Sum: 0.1]
      [Update RS (ms): Min: 0.9, Avg: 0.9, Max: 0.9, Diff: 0.0, Sum: 1.7]
         [Processed Buffers: Min: 4, Avg: 4.5, Max: 5, Diff: 1, Sum: 9]
      [Scan RS (ms): Min: 0.0, Avg: 0.0, Max: 0.1, Diff: 0.0, Sum: 0.1]
      [Code Root Scanning (ms): Min: 0.0, Avg: 0.0, Max: 0.0, Diff: 0.0, Sum: 0.1]
      [Object Copy (ms): Min: 18.5, Avg: 18.5, Max: 18.5, Diff: 0.0, Sum: 37.0]
      [Termination (ms): Min: 0.0, Avg: 0.0, Max: 0.0, Diff: 0.0, Sum: 0.0]
      [GC Worker Other (ms): Min: 0.0, Avg: 0.0, Max: 0.0, Diff: 0.0, Sum: 0.1]
      [GC Worker Total (ms): Min: 20.6, Avg: 20.6, Max: 20.6, Diff: 0.0, Sum: 41.2]
      [GC Worker End (ms): Min: 90184.9, Avg: 90184.9, Max: 90184.9, Diff: 0.0]
   [Code Root Fixup: 0.1 ms]
   [Code Root Migration: 0.0 ms]
   [Clear CT: 0.1 ms]
   [Other: 0.4 ms]
      [Choose CSet: 0.0 ms]
      [Ref Proc: 0.1 ms]
      [Ref Enq: 0.0 ms]
      [Free CSet: 0.1 ms]
   [Eden: 30.0M(30.0M)->0.0B(19.0M) Survivors: 9216.0K->5120.0K Heap: 199.5M(256.0M)->190.5M(256.0M)]
 [Times: user=0.03 sys=0.00, real=0.02 secs] 
2014-07-10T16:13:59.202+0200: 90.186: [GC concurrent-root-region-scan-start]
2014-07-10T16:13:59.203+0200: 90.186: [GC concurrent-root-region-scan-end, 0.0005129 secs]
2014-07-10T16:13:59.203+0200: 90.186: [GC concurrent-mark-start]
2014-07-10T16:13:59.206+0200: 90.190: [GC concurrent-mark-end, 0.0032047 secs]
2014-07-10T16:13:59.209+0200: 90.193: [GC remark 2014-07-10T16:13:59.209+0200: 90.193: [GC ref-proc, 0.0000737 secs], 0.0014848 secs]
 [Times: user=0.00 sys=0.00, real=0.00 secs] 
2014-07-10T16:13:59.211+0200: 90.194: [GC cleanup 192M->85M(256M), 0.0012594 secs]
 [Times: user=0.00 sys=0.00, real=0.00 secs] 
2014-07-10T16:13:59.212+0200: 90.196: [GC concurrent-cleanup-start]
2014-07-10T16:13:59.213+0200: 90.196: [GC concurrent-cleanup-end, 0.0001730 secs]
2014-07-10T16:13:59.240+0200: 90.223: [GC pause (young), 0.0131021 secs]
   [Parallel Time: 12.6 ms, GC Workers: 2]
      [GC Worker Start (ms): Min: 90223.3, Avg: 90223.3, Max: 90223.3, Diff: 0.0]
      [Ext Root Scanning (ms): Min: 1.0, Avg: 1.0, Max: 1.1, Diff: 0.0, Sum: 2.1]
      [Update RS (ms): Min: 0.5, Avg: 0.5, Max: 0.5, Diff: 0.0, Sum: 1.0]
         [Processed Buffers: Min: 2, Avg: 3.5, Max: 5, Diff: 3, Sum: 7]
      [Scan RS (ms): Min: 0.0, Avg: 0.0, Max: 0.0, Diff: 0.0, Sum: 0.1]
      [Code Root Scanning (ms): Min: 0.0, Avg: 0.0, Max: 0.0, Diff: 0.0, Sum: 0.0]
      [Object Copy (ms): Min: 10.9, Avg: 10.9, Max: 10.9, Diff: 0.0, Sum: 21.8]
      [Termination (ms): Min: 0.0, Avg: 0.0, Max: 0.0, Diff: 0.0, Sum: 0.0]
      [GC Worker Other (ms): Min: 0.0, Avg: 0.0, Max: 0.0, Diff: 0.0, Sum: 0.1]
      [GC Worker Total (ms): Min: 12.5, Avg: 12.5, Max: 12.5, Diff: 0.0, Sum: 25.1]
      [GC Worker End (ms): Min: 90235.8, Avg: 90235.8, Max: 90235.8, Diff: 0.0]
   [Code Root Fixup: 0.0 ms]
   [Code Root Migration: 0.0 ms]
   [Clear CT: 0.3 ms]
   [Other: 0.2 ms]
      [Choose CSet: 0.0 ms]
      [Ref Proc: 0.0 ms]
      [Ref Enq: 0.0 ms]
      [Free CSet: 0.1 ms]
   [Eden: 19.0M(19.0M)->0.0B(9216.0K) Survivors: 5120.0K->3072.0K Heap: 102.5M(256.0M)->97.5M(256.0M)]
 [Times: user=0.00 sys=0.00, real=0.01 secs] 
2014-07-10T16:13:59.267+0200: 90.250: [GC pause (mixed), 0.0087081 secs]
   [Parallel Time: 8.3 ms, GC Workers: 2]
      [GC Worker Start (ms): Min: 90250.3, Avg: 90250.3, Max: 90250.3, Diff: 0.0]
      [Ext Root Scanning (ms): Min: 1.1, Avg: 1.1, Max: 1.1, Diff: 0.0, Sum: 2.2]
      [Update RS (ms): Min: 0.3, Avg: 0.3, Max: 0.3, Diff: 0.0, Sum: 0.6]
         [Processed Buffers: Min: 3, Avg: 4.0, Max: 5, Diff: 2, Sum: 8]
      [Scan RS (ms): Min: 0.1, Avg: 0.1, Max: 0.1, Diff: 0.0, Sum: 0.2]
      [Code Root Scanning (ms): Min: 0.0, Avg: 0.0, Max: 0.0, Diff: 0.0, Sum: 0.0]
      [Object Copy (ms): Min: 6.7, Avg: 6.7, Max: 6.7, Diff: 0.0, Sum: 13.5]
      [Termination (ms): Min: 0.0, Avg: 0.0, Max: 0.0, Diff: 0.0, Sum: 0.0]
      [GC Worker Other (ms): Min: 0.0, Avg: 0.0, Max: 0.0, Diff: 0.0, Sum: 0.1]
      [GC Worker Total (ms): Min: 8.2, Avg: 8.2, Max: 8.2, Diff: 0.0, Sum: 16.5]
      [GC Worker End (ms): Min: 90258.5, Avg: 90258.5, Max: 90258.5, Diff: 0.0]
   [Code Root Fixup: 0.0 ms]
   [Code Root Migration: 0.0 ms]
   [Clear CT: 0.1 ms]
   [Other: 0.3 ms]
      [Choose CSet: 0.0 ms]
      [Ref Proc: 0.0 ms]
      [Ref Enq: 0.0 ms]
      [Free CSet: 0.1 ms]
   [Eden: 9216.0K(9216.0K)->0.0B(70.0M) Survivors: 3072.0K->2048.0K Heap: 106.5M(256.0M)->96.5M(256.0M)]
 [Times: user=0.01 sys=0.00, real=0.01 secs] 
2014-07-10T16:13:59.392+0200: 90.375: [GC pause (young), 0.0468023 secs]
   [Parallel Time: 46.3 ms, GC Workers: 2]
      [GC Worker Start (ms): Min: 90375.2, Avg: 90375.2, Max: 90375.2, Diff: 0.0]
      [Ext Root Scanning (ms): Min: 1.1, Avg: 1.1, Max: 1.2, Diff: 0.1, Sum: 2.3]
      [Update RS (ms): Min: 0.4, Avg: 0.4, Max: 0.4, Diff: 0.0, Sum: 0.8]
         [Processed Buffers: Min: 1, Avg: 2.5, Max: 4, Diff: 3, Sum: 5]
      [Scan RS (ms): Min: 0.1, Avg: 0.1, Max: 0.1, Diff: 0.0, Sum: 0.2]
      [Code Root Scanning (ms): Min: 0.0, Avg: 0.0, Max: 0.1, Diff: 0.0, Sum: 0.1]
      [Object Copy (ms): Min: 44.6, Avg: 44.6, Max: 44.6, Diff: 0.0, Sum: 89.2]
      [Termination (ms): Min: 0.0, Avg: 0.0, Max: 0.0, Diff: 0.0, Sum: 0.0]
      [GC Worker Other (ms): Min: 0.0, Avg: 0.0, Max: 0.0, Diff: 0.0, Sum: 0.1]
      [GC Worker Total (ms): Min: 46.3, Avg: 46.3, Max: 46.3, Diff: 0.0, Sum: 92.6]
      [GC Worker End (ms): Min: 90421.5, Avg: 90421.5, Max: 90421.5, Diff: 0.0]
   [Code Root Fixup: 0.0 ms]
   [Code Root Migration: 0.0 ms]
   [Clear CT: 0.1 ms]
   [Other: 0.4 ms]
      [Choose CSet: 0.0 ms]
      [Ref Proc: 0.0 ms]
      [Ref Enq: 0.0 ms]
      [Free CSet: 0.1 ms]
   [Eden: 70.0M(70.0M)->0.0B(28.0M) Survivors: 2048.0K->9216.0K Heap: 166.5M(256.0M)->173.5M(256.0M)]
 [Times: user=0.09 sys=0.00, real=0.05 secs] 
2014-07-10T16:13:59.484+0200: 90.467: [GC pause (young) (initial-mark), 0.0208661 secs]
   [Parallel Time: 20.4 ms, GC Workers: 2]
      [GC Worker Start (ms): Min: 90467.4, Avg: 90467.4, Max: 90467.4, Diff: 0.0]
      [Ext Root Scanning (ms): Min: 1.1, Avg: 1.1, Max: 1.1, Diff: 0.0, Sum: 2.2]
      [Code Root Marking (ms): Min: 0.1, Avg: 0.1, Max: 0.1, Diff: 0.0, Sum: 0.1]
      [Update RS (ms): Min: 1.0, Avg: 1.1, Max: 1.1, Diff: 0.1, Sum: 2.2]
         [Processed Buffers: Min: 5, Avg: 5.0, Max: 5, Diff: 0, Sum: 10]
      [Scan RS (ms): Min: 0.0, Avg: 0.0, Max: 0.1, Diff: 0.1, Sum: 0.1]
      [Code Root Scanning (ms): Min: 0.0, Avg: 0.0, Max: 0.0, Diff: 0.0, Sum: 0.0]
      [Object Copy (ms): Min: 18.0, Avg: 18.0, Max: 18.0, Diff: 0.0, Sum: 36.0]
      [Termination (ms): Min: 0.0, Avg: 0.0, Max: 0.0, Diff: 0.0, Sum: 0.0]
      [GC Worker Other (ms): Min: 0.0, Avg: 0.0, Max: 0.0, Diff: 0.0, Sum: 0.1]
      [GC Worker Total (ms): Min: 20.4, Avg: 20.4, Max: 20.4, Diff: 0.0, Sum: 40.8]
      [GC Worker End (ms): Min: 90487.8, Avg: 90487.8, Max: 90487.8, Diff: 0.0]
   [Code Root Fixup: 0.0 ms]
   [Code Root Migration: 0.0 ms]
   [Clear CT: 0.1 ms]
   [Other: 0.4 ms]
      [Choose CSet: 0.0 ms]
      [Ref Proc: 0.1 ms]
      [Ref Enq: 0.0 ms]
      [Free CSet: 0.1 ms]
   [Eden: 28.0M(28.0M)->0.0B(17.0M) Survivors: 9216.0K->5120.0K Heap: 201.5M(256.0M)->194.8M(256.0M)]
 [Times: user=0.05 sys=0.00, real=0.02 secs] 
2014-07-10T16:13:59.505+0200: 90.488: [GC concurrent-root-region-scan-start]
2014-07-10T16:13:59.505+0200: 90.489: [GC concurrent-root-region-scan-end, 0.0000862 secs]
2014-07-10T16:13:59.505+0200: 90.489: [GC concurrent-mark-start]
2014-07-10T16:13:59.508+0200: 90.492: [GC concurrent-mark-end, 0.0032300 secs]
2014-07-10T16:13:59.510+0200: 90.493: [GC remark 2014-07-10T16:13:59.510+0200: 90.493: [GC ref-proc, 0.0000774 secs], 0.0013254 secs]
 [Times: user=0.00 sys=0.00, real=0.00 secs] 
2014-07-10T16:13:59.512+0200: 90.495: [GC cleanup 199M->91M(256M), 0.0008737 secs]
 [Times: user=0.00 sys=0.00, real=0.00 secs] 
2014-07-10T16:13:59.513+0200: 90.496: [GC concurrent-cleanup-start]
2014-07-10T16:13:59.513+0200: 90.496: [GC concurrent-cleanup-end, 0.0002390 secs]
2014-07-10T16:13:59.533+0200: 90.516: [GC pause (young), 0.0126530 secs]
   [Parallel Time: 12.2 ms, GC Workers: 2]
      [GC Worker Start (ms): Min: 90516.4, Avg: 90516.4, Max: 90516.4, Diff: 0.0]
      [Ext Root Scanning (ms): Min: 1.1, Avg: 1.2, Max: 1.2, Diff: 0.1, Sum: 2.4]
      [Update RS (ms): Min: 0.5, Avg: 0.5, Max: 0.5, Diff: 0.0, Sum: 1.0]
         [Processed Buffers: Min: 2, Avg: 3.0, Max: 4, Diff: 2, Sum: 6]
      [Scan RS (ms): Min: 0.0, Avg: 0.0, Max: 0.1, Diff: 0.0, Sum: 0.1]
      [Code Root Scanning (ms): Min: 0.0, Avg: 0.0, Max: 0.0, Diff: 0.0, Sum: 0.0]
      [Object Copy (ms): Min: 10.4, Avg: 10.4, Max: 10.5, Diff: 0.0, Sum: 20.9]
      [Termination (ms): Min: 0.0, Avg: 0.0, Max: 0.0, Diff: 0.0, Sum: 0.0]
      [GC Worker Other (ms): Min: 0.0, Avg: 0.0, Max: 0.0, Diff: 0.0, Sum: 0.1]
      [GC Worker Total (ms): Min: 12.2, Avg: 12.2, Max: 12.2, Diff: 0.0, Sum: 24.4]
      [GC Worker End (ms): Min: 90528.6, Avg: 90528.6, Max: 90528.6, Diff: 0.0]
   [Code Root Fixup: 0.0 ms]
   [Code Root Migration: 0.0 ms]
   [Clear CT: 0.0 ms]
   [Other: 0.4 ms]
      [Choose CSet: 0.0 ms]
      [Ref Proc: 0.0 ms]
      [Ref Enq: 0.0 ms]
      [Free CSet: 0.2 ms]
   [Eden: 17.0M(17.0M)->0.0B(9216.0K) Survivors: 5120.0K->3072.0K Heap: 103.8M(256.0M)->99.5M(256.0M)]
 [Times: user=0.02 sys=0.00, real=0.01 secs] 
2014-07-10T16:13:59.559+0200: 90.542: [GC pause (mixed), 0.0100738 secs]
   [Parallel Time: 9.7 ms, GC Workers: 2]
      [GC Worker Start (ms): Min: 90542.4, Avg: 90542.4, Max: 90542.4, Diff: 0.0]
      [Ext Root Scanning (ms): Min: 1.1, Avg: 1.1, Max: 1.2, Diff: 0.1, Sum: 2.3]
      [Update RS (ms): Min: 0.3, Avg: 0.3, Max: 0.3, Diff: 0.0, Sum: 0.6]
         [Processed Buffers: Min: 1, Avg: 3.5, Max: 6, Diff: 5, Sum: 7]
      [Scan RS (ms): Min: 0.0, Avg: 0.1, Max: 0.1, Diff: 0.1, Sum: 0.1]
      [Code Root Scanning (ms): Min: 0.0, Avg: 0.0, Max: 0.0, Diff: 0.0, Sum: 0.0]
      [Object Copy (ms): Min: 8.1, Avg: 8.1, Max: 8.1, Diff: 0.0, Sum: 16.1]
      [Termination (ms): Min: 0.0, Avg: 0.0, Max: 0.0, Diff: 0.0, Sum: 0.0]
      [GC Worker Other (ms): Min: 0.0, Avg: 0.0, Max: 0.0, Diff: 0.0, Sum: 0.1]
      [GC Worker Total (ms): Min: 9.6, Avg: 9.6, Max: 9.6, Diff: 0.0, Sum: 19.3]
      [GC Worker End (ms): Min: 90552.0, Avg: 90552.0, Max: 90552.0, Diff: 0.0]
   [Code Root Fixup: 0.0 ms]
   [Code Root Migration: 0.0 ms]
   [Clear CT: 0.0 ms]
   [Other: 0.3 ms]
      [Choose CSet: 0.0 ms]
      [Ref Proc: 0.0 ms]
      [Ref Enq: 0.0 ms]
      [Free CSet: 0.1 ms]
   [Eden: 9216.0K(9216.0K)->0.0B(67.0M) Survivors: 3072.0K->2048.0K Heap: 108.5M(256.0M)->99.5M(256.0M)]
 [Times: user=0.03 sys=0.00, real=0.01 secs] 
2014-07-10T16:13:59.680+0200: 90.663: [GC pause (young), 0.0448526 secs]
   [Parallel Time: 44.3 ms, GC Workers: 2]
      [GC Worker Start (ms): Min: 90663.3, Avg: 90663.3, Max: 90663.3, Diff: 0.0]
      [Ext Root Scanning (ms): Min: 1.1, Avg: 1.1, Max: 1.2, Diff: 0.1, Sum: 2.2]
      [Update RS (ms): Min: 0.4, Avg: 0.4, Max: 0.4, Diff: 0.1, Sum: 0.8]
         [Processed Buffers: Min: 1, Avg: 3.0, Max: 5, Diff: 4, Sum: 6]
      [Scan RS (ms): Min: 0.1, Avg: 0.1, Max: 0.1, Diff: 0.0, Sum: 0.3]
      [Code Root Scanning (ms): Min: 0.0, Avg: 0.0, Max: 0.1, Diff: 0.0, Sum: 0.1]
      [Object Copy (ms): Min: 42.6, Avg: 42.6, Max: 42.6, Diff: 0.0, Sum: 85.1]
      [Termination (ms): Min: 0.0, Avg: 0.0, Max: 0.0, Diff: 0.0, Sum: 0.0]
      [GC Worker Other (ms): Min: 0.0, Avg: 0.0, Max: 0.0, Diff: 0.0, Sum: 0.1]
      [GC Worker Total (ms): Min: 44.3, Avg: 44.3, Max: 44.3, Diff: 0.0, Sum: 88.6]
      [GC Worker End (ms): Min: 90707.6, Avg: 90707.6, Max: 90707.6, Diff: 0.0]
   [Code Root Fixup: 0.0 ms]
   [Code Root Migration: 0.0 ms]
   [Clear CT: 0.0 ms]
   [Other: 0.4 ms]
      [Choose CSet: 0.0 ms]
      [Ref Proc: 0.1 ms]
      [Ref Enq: 0.0 ms]
      [Free CSet: 0.1 ms]
   [Eden: 67.0M(67.0M)->0.0B(28.0M) Survivors: 2048.0K->9216.0K Heap: 166.5M(256.0M)->173.0M(256.0M)]
 [Times: user=0.09 sys=0.00, real=0.04 secs] 
2014-07-10T16:13:59.770+0200: 90.753: [GC pause (young) (initial-mark), 0.0202843 secs]
   [Parallel Time: 19.9 ms, GC Workers: 2]
      [GC Worker Start (ms): Min: 90753.2, Avg: 90753.2, Max: 90753.2, Diff: 0.0]
      [Ext Root Scanning (ms): Min: 1.0, Avg: 1.0, Max: 1.1, Diff: 0.1, Sum: 2.1]
      [Code Root Marking (ms): Min: 0.0, Avg: 0.1, Max: 0.1, Diff: 0.1, Sum: 0.1]
      [Update RS (ms): Min: 0.9, Avg: 0.9, Max: 0.9, Diff: 0.0, Sum: 1.9]
         [Processed Buffers: Min: 4, Avg: 4.5, Max: 5, Diff: 1, Sum: 9]
      [Scan RS (ms): Min: 0.0, Avg: 0.0, Max: 0.1, Diff: 0.0, Sum: 0.1]
      [Code Root Scanning (ms): Min: 0.0, Avg: 0.0, Max: 0.0, Diff: 0.0, Sum: 0.0]
      [Object Copy (ms): Min: 17.6, Avg: 17.6, Max: 17.7, Diff: 0.1, Sum: 35.3]
      [Termination (ms): Min: 0.0, Avg: 0.1, Max: 0.2, Diff: 0.2, Sum: 0.2]
      [GC Worker Other (ms): Min: 0.0, Avg: 0.0, Max: 0.0, Diff: 0.0, Sum: 0.1]
      [GC Worker Total (ms): Min: 19.8, Avg: 19.9, Max: 19.9, Diff: 0.1, Sum: 39.7]
      [GC Worker End (ms): Min: 90773.0, Avg: 90773.1, Max: 90773.2, Diff: 0.1]
   [Code Root Fixup: 0.0 ms]
   [Code Root Migration: 0.0 ms]
   [Clear CT: 0.0 ms]
   [Other: 0.3 ms]
      [Choose CSet: 0.0 ms]
      [Ref Proc: 0.0 ms]
      [Ref Enq: 0.0 ms]
      [Free CSet: 0.1 ms]
   [Eden: 28.0M(28.0M)->0.0B(18.0M) Survivors: 9216.0K->5120.0K Heap: 201.0M(256.0M)->192.5M(256.0M)]
 [Times: user=0.06 sys=0.00, real=0.02 secs] 
2014-07-10T16:13:59.790+0200: 90.774: [GC concurrent-root-region-scan-start]
2014-07-10T16:13:59.790+0200: 90.774: [GC concurrent-root-region-scan-end, 0.0000884 secs]
2014-07-10T16:13:59.790+0200: 90.774: [GC concurrent-mark-start]
2014-07-10T16:13:59.794+0200: 90.777: [GC concurrent-mark-end, 0.0033601 secs]
2014-07-10T16:13:59.794+0200: 90.777: [GC remark 2014-07-10T16:13:59.794+0200: 90.777: [GC ref-proc, 0.0000708 secs], 0.0011204 secs]
 [Times: user=0.00 sys=0.00, real=0.00 secs] 
2014-07-10T16:13:59.795+0200: 90.779: [GC cleanup 196M->96M(256M), 0.0008003 secs]
 [Times: user=0.00 sys=0.00, real=0.00 secs] 
2014-07-10T16:13:59.796+0200: 90.780: [GC concurrent-cleanup-start]
2014-07-10T16:13:59.796+0200: 90.780: [GC concurrent-cleanup-end, 0.0002152 secs]
2014-07-10T16:13:59.818+0200: 90.801: [GC pause (young), 0.0125082 secs]
   [Parallel Time: 12.2 ms, GC Workers: 2]
      [GC Worker Start (ms): Min: 90801.4, Avg: 90801.4, Max: 90801.4, Diff: 0.0]
      [Ext Root Scanning (ms): Min: 1.0, Avg: 1.0, Max: 1.1, Diff: 0.1, Sum: 2.1]
      [Update RS (ms): Min: 0.3, Avg: 0.5, Max: 0.7, Diff: 0.4, Sum: 1.0]
         [Processed Buffers: Min: 3, Avg: 3.0, Max: 3, Diff: 0, Sum: 6]
      [Scan RS (ms): Min: 0.0, Avg: 0.0, Max: 0.1, Diff: 0.1, Sum: 0.1]
      [Code Root Scanning (ms): Min: 0.0, Avg: 0.0, Max: 0.0, Diff: 0.0, Sum: 0.0]
      [Object Copy (ms): Min: 10.4, Avg: 10.6, Max: 10.7, Diff: 0.3, Sum: 21.1]
      [Termination (ms): Min: 0.0, Avg: 0.0, Max: 0.0, Diff: 0.0, Sum: 0.0]
      [GC Worker Other (ms): Min: 0.0, Avg: 0.0, Max: 0.0, Diff: 0.0, Sum: 0.1]
      [GC Worker Total (ms): Min: 12.2, Avg: 12.2, Max: 12.2, Diff: 0.0, Sum: 24.4]
      [GC Worker End (ms): Min: 90813.6, Avg: 90813.6, Max: 90813.6, Diff: 0.0]
   [Code Root Fixup: 0.0 ms]
   [Code Root Migration: 0.0 ms]
   [Clear CT: 0.0 ms]
   [Other: 0.2 ms]
      [Choose CSet: 0.0 ms]
      [Ref Proc: 0.0 ms]
      [Ref Enq: 0.0 ms]
      [Free CSet: 0.1 ms]
   [Eden: 18.0M(18.0M)->0.0B(9216.0K) Survivors: 5120.0K->3072.0K Heap: 110.5M(256.0M)->105.5M(256.0M)]
 [Times: user=0.00 sys=0.00, real=0.01 secs] 
2014-07-10T16:13:59.844+0200: 90.827: [GC pause (mixed), 0.0114065 secs]
   [Parallel Time: 11.0 ms, GC Workers: 2]
      [GC Worker Start (ms): Min: 90827.4, Avg: 90827.4, Max: 90827.4, Diff: 0.0]
      [Ext Root Scanning (ms): Min: 1.1, Avg: 1.1, Max: 1.1, Diff: 0.0, Sum: 2.2]
      [Update RS (ms): Min: 0.3, Avg: 0.3, Max: 0.4, Diff: 0.1, Sum: 0.7]
         [Processed Buffers: Min: 1, Avg: 2.5, Max: 4, Diff: 3, Sum: 5]
      [Scan RS (ms): Min: 0.1, Avg: 0.1, Max: 0.1, Diff: 0.1, Sum: 0.2]
      [Code Root Scanning (ms): Min: 0.0, Avg: 0.0, Max: 0.0, Diff: 0.0, Sum: 0.1]
      [Object Copy (ms): Min: 8.6, Avg: 8.7, Max: 8.7, Diff: 0.1, Sum: 17.3]
      [Termination (ms): Min: 0.0, Avg: 0.4, Max: 0.8, Diff: 0.8, Sum: 0.8]
      [GC Worker Other (ms): Min: 0.0, Avg: 0.0, Max: 0.0, Diff: 0.0, Sum: 0.1]
      [GC Worker Total (ms): Min: 10.3, Avg: 10.7, Max: 11.0, Diff: 0.7, Sum: 21.3]
      [GC Worker End (ms): Min: 90837.7, Avg: 90838.1, Max: 90838.4, Diff: 0.7]
   [Code Root Fixup: 0.0 ms]
   [Code Root Migration: 0.0 ms]
   [Clear CT: 0.0 ms]
   [Other: 0.3 ms]
      [Choose CSet: 0.0 ms]
      [Ref Proc: 0.0 ms]
      [Ref Enq: 0.0 ms]
      [Free CSet: 0.1 ms]
   [Eden: 9216.0K(9216.0K)->0.0B(72.0M) Survivors: 3072.0K->2048.0K Heap: 114.5M(256.0M)->97.5M(256.0M)]
 [Times: user=0.03 sys=0.00, real=0.01 secs] 
2014-07-10T16:13:59.977+0200: 90.960: [GC pause (young), 0.0474593 secs]
   [Parallel Time: 46.9 ms, GC Workers: 2]
      [GC Worker Start (ms): Min: 90960.3, Avg: 90960.3, Max: 90960.3, Diff: 0.0]
      [Ext Root Scanning (ms): Min: 1.0, Avg: 1.0, Max: 1.0, Diff: 0.1, Sum: 2.0]
      [Update RS (ms): Min: 0.4, Avg: 0.4, Max: 0.4, Diff: 0.1, Sum: 0.8]
         [Processed Buffers: Min: 1, Avg: 2.5, Max: 4, Diff: 3, Sum: 5]
      [Scan RS (ms): Min: 0.1, Avg: 0.1, Max: 0.1, Diff: 0.0, Sum: 0.2]
      [Code Root Scanning (ms): Min: 0.0, Avg: 0.0, Max: 0.0, Diff: 0.0, Sum: 0.1]
      [Object Copy (ms): Min: 45.3, Avg: 45.3, Max: 45.3, Diff: 0.0, Sum: 90.7]
      [Termination (ms): Min: 0.0, Avg: 0.0, Max: 0.0, Diff: 0.0, Sum: 0.0]
      [GC Worker Other (ms): Min: 0.0, Avg: 0.0, Max: 0.0, Diff: 0.0, Sum: 0.1]
      [GC Worker Total (ms): Min: 46.9, Avg: 46.9, Max: 46.9, Diff: 0.0, Sum: 93.8]
      [GC Worker End (ms): Min: 91007.2, Avg: 91007.2, Max: 91007.2, Diff: 0.0]
   [Code Root Fixup: 0.0 ms]
   [Code Root Migration: 0.0 ms]
   [Clear CT: 0.1 ms]
   [Other: 0.4 ms]
      [Choose CSet: 0.0 ms]
      [Ref Proc: 0.1 ms]
      [Ref Enq: 0.0 ms]
      [Free CSet: 0.2 ms]
   [Eden: 72.0M(72.0M)->0.0B(28.0M) Survivors: 2048.0K->10.0M Heap: 169.5M(256.0M)->173.0M(256.0M)]
 [Times: user=0.09 sys=0.00, real=0.05 secs] 
2014-07-10T16:14:00.070+0200: 91.053: [GC pause (young) (initial-mark), 0.0192295 secs]
   [Parallel Time: 18.9 ms, GC Workers: 2]
      [GC Worker Start (ms): Min: 91053.4, Avg: 91053.4, Max: 91053.4, Diff: 0.0]
      [Ext Root Scanning (ms): Min: 1.1, Avg: 1.1, Max: 1.1, Diff: 0.0, Sum: 2.2]
      [Code Root Marking (ms): Min: 0.0, Avg: 0.1, Max: 0.1, Diff: 0.0, Sum: 0.1]
      [Update RS (ms): Min: 1.0, Avg: 1.0, Max: 1.0, Diff: 0.0, Sum: 1.9]
         [Processed Buffers: Min: 4, Avg: 5.0, Max: 6, Diff: 2, Sum: 10]
      [Scan RS (ms): Min: 0.0, Avg: 0.0, Max: 0.0, Diff: 0.0, Sum: 0.1]
      [Code Root Scanning (ms): Min: 0.0, Avg: 0.0, Max: 0.0, Diff: 0.0, Sum: 0.1]
      [Object Copy (ms): Min: 16.6, Avg: 16.6, Max: 16.6, Diff: 0.0, Sum: 33.2]
      [Termination (ms): Min: 0.0, Avg: 0.0, Max: 0.0, Diff: 0.0, Sum: 0.0]
      [GC Worker Other (ms): Min: 0.0, Avg: 0.0, Max: 0.0, Diff: 0.0, Sum: 0.1]
      [GC Worker Total (ms): Min: 18.8, Avg: 18.8, Max: 18.8, Diff: 0.0, Sum: 37.6]
      [GC Worker End (ms): Min: 91072.2, Avg: 91072.2, Max: 91072.2, Diff: 0.0]
   [Code Root Fixup: 0.0 ms]
   [Code Root Migration: 0.0 ms]
   [Clear CT: 0.0 ms]
   [Other: 0.3 ms]
      [Choose CSet: 0.0 ms]
      [Ref Proc: 0.0 ms]
      [Ref Enq: 0.0 ms]
      [Free CSet: 0.1 ms]
   [Eden: 28.0M(28.0M)->0.0B(19.0M) Survivors: 10.0M->5120.0K Heap: 201.0M(256.0M)->190.0M(256.0M)]
 [Times: user=0.03 sys=0.00, real=0.02 secs] 
2014-07-10T16:14:00.089+0200: 91.073: [GC concurrent-root-region-scan-start]
2014-07-10T16:14:00.090+0200: 91.073: [GC concurrent-root-region-scan-end, 0.0002621 secs]
2014-07-10T16:14:00.090+0200: 91.073: [GC concurrent-mark-start]
2014-07-10T16:14:00.094+0200: 91.077: [GC concurrent-mark-end, 0.0029660 secs]
2014-07-10T16:14:00.094+0200: 91.077: [GC remark 2014-07-10T16:14:00.094+0200: 91.078: [GC ref-proc, 0.0000700 secs], 0.0013188 secs]
 [Times: user=0.00 sys=0.00, real=0.00 secs] 
2014-07-10T16:14:00.096+0200: 91.079: [GC cleanup 194M->91M(256M), 0.0012473 secs]
 [Times: user=0.00 sys=0.00, real=0.00 secs] 
2014-07-10T16:14:00.097+0200: 91.081: [GC concurrent-cleanup-start]
2014-07-10T16:14:00.097+0200: 91.081: [GC concurrent-cleanup-end, 0.0001958 secs]
2014-07-10T16:14:00.120+0200: 91.104: [GC pause (young), 0.0132264 secs]
   [Parallel Time: 12.9 ms, GC Workers: 2]
      [GC Worker Start (ms): Min: 91103.6, Avg: 91103.9, Max: 91104.1, Diff: 0.5]
      [Ext Root Scanning (ms): Min: 0.8, Avg: 1.1, Max: 1.4, Diff: 0.5, Sum: 2.2]
      [Update RS (ms): Min: 0.4, Avg: 0.4, Max: 0.5, Diff: 0.1, Sum: 0.9]
         [Processed Buffers: Min: 2, Avg: 3.0, Max: 4, Diff: 2, Sum: 6]
      [Scan RS (ms): Min: 0.0, Avg: 0.0, Max: 0.1, Diff: 0.1, Sum: 0.1]
      [Code Root Scanning (ms): Min: 0.0, Avg: 0.0, Max: 0.0, Diff: 0.0, Sum: 0.0]
      [Object Copy (ms): Min: 10.9, Avg: 10.9, Max: 11.0, Diff: 0.1, Sum: 21.9]
      [Termination (ms): Min: 0.0, Avg: 0.0, Max: 0.0, Diff: 0.0, Sum: 0.0]
      [GC Worker Other (ms): Min: 0.0, Avg: 0.0, Max: 0.0, Diff: 0.0, Sum: 0.1]
      [GC Worker Total (ms): Min: 12.3, Avg: 12.6, Max: 12.8, Diff: 0.5, Sum: 25.1]
      [GC Worker End (ms): Min: 91116.4, Avg: 91116.4, Max: 91116.4, Diff: 0.0]
   [Code Root Fixup: 0.0 ms]
   [Code Root Migration: 0.0 ms]
   [Clear CT: 0.0 ms]
   [Other: 0.3 ms]
      [Choose CSet: 0.0 ms]
      [Ref Proc: 0.0 ms]
      [Ref Enq: 0.0 ms]
      [Free CSet: 0.1 ms]
   [Eden: 19.0M(19.0M)->0.0B(9216.0K) Survivors: 5120.0K->3072.0K Heap: 106.0M(256.0M)->101.5M(256.0M)]
 [Times: user=0.03 sys=0.00, real=0.01 secs] 
2014-07-10T16:14:00.148+0200: 91.131: [GC pause (mixed), 0.0116547 secs]
   [Parallel Time: 11.1 ms, GC Workers: 2]
      [GC Worker Start (ms): Min: 91131.4, Avg: 91131.4, Max: 91131.4, Diff: 0.0]
      [Ext Root Scanning (ms): Min: 1.1, Avg: 1.2, Max: 1.2, Diff: 0.1, Sum: 2.3]
      [Update RS (ms): Min: 0.4, Avg: 0.4, Max: 0.5, Diff: 0.1, Sum: 0.9]
         [Processed Buffers: Min: 1, Avg: 4.0, Max: 7, Diff: 6, Sum: 8]
      [Scan RS (ms): Min: 0.0, Avg: 0.1, Max: 0.2, Diff: 0.2, Sum: 0.2]
      [Code Root Scanning (ms): Min: 0.0, Avg: 0.0, Max: 0.0, Diff: 0.0, Sum: 0.0]
      [Object Copy (ms): Min: 9.3, Avg: 9.3, Max: 9.3, Diff: 0.0, Sum: 18.6]
      [Termination (ms): Min: 0.0, Avg: 0.0, Max: 0.0, Diff: 0.0, Sum: 0.0]
      [GC Worker Other (ms): Min: 0.0, Avg: 0.0, Max: 0.0, Diff: 0.0, Sum: 0.1]
      [GC Worker Total (ms): Min: 11.1, Avg: 11.1, Max: 11.1, Diff: 0.0, Sum: 22.1]
      [GC Worker End (ms): Min: 91142.5, Avg: 91142.5, Max: 91142.5, Diff: 0.0]
   [Code Root Fixup: 0.0 ms]
   [Code Root Migration: 0.0 ms]
   [Clear CT: 0.2 ms]
   [Other: 0.3 ms]
      [Choose CSet: 0.0 ms]
      [Ref Proc: 0.1 ms]
      [Ref Enq: 0.0 ms]
      [Free CSet: 0.2 ms]
   [Eden: 9216.0K(9216.0K)->0.0B(72.0M) Survivors: 3072.0K->2048.0K Heap: 110.5M(256.0M)->100.0M(256.0M)]
 [Times: user=0.01 sys=0.00, real=0.01 secs] 
2014-07-10T16:14:00.280+0200: 91.263: [GC pause (young), 0.0490908 secs]
   [Parallel Time: 48.6 ms, GC Workers: 2]
      [GC Worker Start (ms): Min: 91263.3, Avg: 91263.3, Max: 91263.3, Diff: 0.0]
      [Ext Root Scanning (ms): Min: 1.2, Avg: 1.2, Max: 1.2, Diff: 0.1, Sum: 2.4]
      [Update RS (ms): Min: 0.4, Avg: 0.5, Max: 0.5, Diff: 0.1, Sum: 0.9]
         [Processed Buffers: Min: 1, Avg: 2.5, Max: 4, Diff: 3, Sum: 5]
      [Scan RS (ms): Min: 0.1, Avg: 0.1, Max: 0.1, Diff: 0.0, Sum: 0.2]
      [Code Root Scanning (ms): Min: 0.0, Avg: 0.0, Max: 0.0, Diff: 0.0, Sum: 0.1]
      [Object Copy (ms): Min: 46.7, Avg: 46.7, Max: 46.8, Diff: 0.0, Sum: 93.5]
      [Termination (ms): Min: 0.0, Avg: 0.0, Max: 0.0, Diff: 0.0, Sum: 0.0]
      [GC Worker Other (ms): Min: 0.0, Avg: 0.0, Max: 0.0, Diff: 0.0, Sum: 0.1]
      [GC Worker Total (ms): Min: 48.6, Avg: 48.6, Max: 48.6, Diff: 0.0, Sum: 97.2]
      [GC Worker End (ms): Min: 91311.9, Avg: 91311.9, Max: 91311.9, Diff: 0.0]
   [Code Root Fixup: 0.0 ms]
   [Code Root Migration: 0.0 ms]
   [Clear CT: 0.1 ms]
   [Other: 0.4 ms]
      [Choose CSet: 0.0 ms]
      [Ref Proc: 0.0 ms]
      [Ref Enq: 0.0 ms]
      [Free CSet: 0.1 ms]
   [Eden: 72.0M(72.0M)->0.0B(26.0M) Survivors: 2048.0K->10.0M Heap: 172.0M(256.0M)->176.0M(256.0M)]
 [Times: user=0.08 sys=0.00, real=0.05 secs] 
2014-07-10T16:14:00.370+0200: 91.353: [GC pause (young) (initial-mark), 0.0184369 secs]
   [Parallel Time: 17.8 ms, GC Workers: 2]
      [GC Worker Start (ms): Min: 91353.4, Avg: 91353.4, Max: 91353.4, Diff: 0.0]
      [Ext Root Scanning (ms): Min: 1.0, Avg: 1.0, Max: 1.0, Diff: 0.0, Sum: 2.0]
      [Code Root Marking (ms): Min: 0.0, Avg: 0.1, Max: 0.1, Diff: 0.0, Sum: 0.1]
      [Update RS (ms): Min: 0.9, Avg: 1.0, Max: 1.0, Diff: 0.0, Sum: 1.9]
         [Processed Buffers: Min: 5, Avg: 5.5, Max: 6, Diff: 1, Sum: 11]
      [Scan RS (ms): Min: 0.0, Avg: 0.0, Max: 0.1, Diff: 0.0, Sum: 0.1]
      [Code Root Scanning (ms): Min: 0.0, Avg: 0.0, Max: 0.0, Diff: 0.0, Sum: 0.0]
      [Object Copy (ms): Min: 15.5, Avg: 15.5, Max: 15.6, Diff: 0.0, Sum: 31.1]
      [Termination (ms): Min: 0.0, Avg: 0.0, Max: 0.0, Diff: 0.0, Sum: 0.0]
      [GC Worker Other (ms): Min: 0.0, Avg: 0.0, Max: 0.0, Diff: 0.0, Sum: 0.1]
      [GC Worker Total (ms): Min: 17.6, Avg: 17.7, Max: 17.7, Diff: 0.0, Sum: 35.3]
      [GC Worker End (ms): Min: 91371.1, Avg: 91371.1, Max: 91371.1, Diff: 0.0]
   [Code Root Fixup: 0.0 ms]
   [Code Root Migration: 0.0 ms]
   [Clear CT: 0.3 ms]
   [Other: 0.3 ms]
      [Choose CSet: 0.0 ms]
      [Ref Proc: 0.0 ms]
      [Ref Enq: 0.0 ms]
      [Free CSet: 0.1 ms]
   [Eden: 26.0M(26.0M)->0.0B(18.0M) Survivors: 10.0M->5120.0K Heap: 202.0M(256.0M)->193.5M(256.0M)]
 [Times: user=0.03 sys=0.00, real=0.02 secs] 
2014-07-10T16:14:00.389+0200: 91.372: [GC concurrent-root-region-scan-start]
2014-07-10T16:14:00.390+0200: 91.373: [GC concurrent-root-region-scan-end, 0.0010804 secs]
2014-07-10T16:14:00.390+0200: 91.373: [GC concurrent-mark-start]
2014-07-10T16:14:00.393+0200: 91.376: [GC concurrent-mark-end, 0.0031064 secs]
2014-07-10T16:14:00.393+0200: 91.376: [GC remark 2014-07-10T16:14:00.393+0200: 91.377: [GC ref-proc, 0.0000770 secs], 0.0010522 secs]
 [Times: user=0.03 sys=0.00, real=0.00 secs] 
2014-07-10T16:14:00.394+0200: 91.377: [GC cleanup 196M->83M(256M), 0.0007937 secs]
 [Times: user=0.00 sys=0.00, real=0.00 secs] 
2014-07-10T16:14:00.395+0200: 91.378: [GC concurrent-cleanup-start]
2014-07-10T16:14:00.395+0200: 91.379: [GC concurrent-cleanup-end, 0.0002354 secs]
2014-07-10T16:14:00.418+0200: 91.401: [GC pause (young), 0.0130244 secs]
   [Parallel Time: 12.7 ms, GC Workers: 2]
      [GC Worker Start (ms): Min: 91401.3, Avg: 91401.3, Max: 91401.3, Diff: 0.0]
      [Ext Root Scanning (ms): Min: 1.1, Avg: 1.1, Max: 1.1, Diff: 0.0, Sum: 2.2]
      [Update RS (ms): Min: 0.4, Avg: 0.4, Max: 0.5, Diff: 0.1, Sum: 0.9]
         [Processed Buffers: Min: 2, Avg: 3.5, Max: 5, Diff: 3, Sum: 7]
      [Scan RS (ms): Min: 0.0, Avg: 0.0, Max: 0.0, Diff: 0.0, Sum: 0.1]
      [Code Root Scanning (ms): Min: 0.0, Avg: 0.0, Max: 0.0, Diff: 0.0, Sum: 0.0]
      [Object Copy (ms): Min: 11.0, Avg: 11.0, Max: 11.0, Diff: 0.0, Sum: 22.0]
      [Termination (ms): Min: 0.0, Avg: 0.0, Max: 0.0, Diff: 0.0, Sum: 0.0]
      [GC Worker Other (ms): Min: 0.0, Avg: 0.0, Max: 0.0, Diff: 0.0, Sum: 0.1]
      [GC Worker Total (ms): Min: 12.6, Avg: 12.6, Max: 12.6, Diff: 0.0, Sum: 25.3]
      [GC Worker End (ms): Min: 91413.9, Avg: 91413.9, Max: 91413.9, Diff: 0.0]
   [Code Root Fixup: 0.0 ms]
   [Code Root Migration: 0.0 ms]
   [Clear CT: 0.0 ms]
   [Other: 0.3 ms]
      [Choose CSet: 0.0 ms]
      [Ref Proc: 0.1 ms]
      [Ref Enq: 0.0 ms]
      [Free CSet: 0.1 ms]
   [Eden: 18.0M(18.0M)->0.0B(9216.0K) Survivors: 5120.0K->3072.0K Heap: 98.5M(256.0M)->94.5M(256.0M)]
 [Times: user=0.03 sys=0.00, real=0.01 secs] 
2014-07-10T16:14:00.444+0200: 91.427: [GC pause (mixed), 0.0081241 secs]
   [Parallel Time: 7.8 ms, GC Workers: 2]
      [GC Worker Start (ms): Min: 91427.3, Avg: 91427.3, Max: 91427.3, Diff: 0.0]
      [Ext Root Scanning (ms): Min: 1.0, Avg: 1.0, Max: 1.0, Diff: 0.0, Sum: 2.0]
      [Update RS (ms): Min: 0.3, Avg: 0.3, Max: 0.3, Diff: 0.0, Sum: 0.6]
         [Processed Buffers: Min: 2, Avg: 4.0, Max: 6, Diff: 4, Sum: 8]
      [Scan RS (ms): Min: 0.1, Avg: 0.1, Max: 0.1, Diff: 0.0, Sum: 0.1]
      [Code Root Scanning (ms): Min: 0.0, Avg: 0.0, Max: 0.0, Diff: 0.0, Sum: 0.0]
      [Object Copy (ms): Min: 6.4, Avg: 6.4, Max: 6.4, Diff: 0.0, Sum: 12.7]
      [Termination (ms): Min: 0.0, Avg: 0.0, Max: 0.0, Diff: 0.0, Sum: 0.0]
      [GC Worker Other (ms): Min: 0.0, Avg: 0.0, Max: 0.0, Diff: 0.0, Sum: 0.1]
      [GC Worker Total (ms): Min: 7.8, Avg: 7.8, Max: 7.8, Diff: 0.0, Sum: 15.6]
      [GC Worker End (ms): Min: 91435.1, Avg: 91435.1, Max: 91435.1, Diff: 0.0]
   [Code Root Fixup: 0.0 ms]
   [Code Root Migration: 0.0 ms]
   [Clear CT: 0.0 ms]
   [Other: 0.3 ms]
      [Choose CSet: 0.0 ms]
      [Ref Proc: 0.0 ms]
      [Ref Enq: 0.0 ms]
      [Free CSet: 0.1 ms]
   [Eden: 9216.0K(9216.0K)->0.0B(70.0M) Survivors: 3072.0K->2048.0K Heap: 103.5M(256.0M)->96.5M(256.0M)]
 [Times: user=0.00 sys=0.00, real=0.01 secs] 
2014-07-10T16:14:00.568+0200: 91.552: [GC pause (young), 0.0462139 secs]
   [Parallel Time: 45.6 ms, GC Workers: 2]
      [GC Worker Start (ms): Min: 91551.9, Avg: 91551.9, Max: 91551.9, Diff: 0.0]
      [Ext Root Scanning (ms): Min: 0.9, Avg: 0.9, Max: 1.0, Diff: 0.1, Sum: 1.9]
      [Update RS (ms): Min: 0.4, Avg: 0.5, Max: 0.6, Diff: 0.1, Sum: 1.0]
         [Processed Buffers: Min: 2, Avg: 3.0, Max: 4, Diff: 2, Sum: 6]
      [Scan RS (ms): Min: 0.1, Avg: 0.1, Max: 0.1, Diff: 0.0, Sum: 0.2]
      [Code Root Scanning (ms): Min: 0.0, Avg: 0.0, Max: 0.1, Diff: 0.0, Sum: 0.1]
      [Object Copy (ms): Min: 44.0, Avg: 44.0, Max: 44.0, Diff: 0.0, Sum: 88.0]
      [Termination (ms): Min: 0.0, Avg: 0.0, Max: 0.0, Diff: 0.0, Sum: 0.0]
      [GC Worker Other (ms): Min: 0.0, Avg: 0.0, Max: 0.0, Diff: 0.0, Sum: 0.1]
      [GC Worker Total (ms): Min: 45.6, Avg: 45.6, Max: 45.6, Diff: 0.0, Sum: 91.2]
      [GC Worker End (ms): Min: 91597.5, Avg: 91597.5, Max: 91597.5, Diff: 0.0]
   [Code Root Fixup: 0.0 ms]
   [Code Root Migration: 0.0 ms]
   [Clear CT: 0.2 ms]
   [Other: 0.4 ms]
      [Choose CSet: 0.0 ms]
      [Ref Proc: 0.0 ms]
      [Ref Enq: 0.0 ms]
      [Free CSet: 0.2 ms]
   [Eden: 70.0M(70.0M)->0.0B(26.0M) Survivors: 2048.0K->9216.0K Heap: 166.5M(256.0M)->176.0M(256.0M)]
 [Times: user=0.09 sys=0.00, real=0.05 secs] 
2014-07-10T16:14:00.658+0200: 91.641: [GC pause (young) (initial-mark), 0.0179427 secs]
   [Parallel Time: 17.4 ms, GC Workers: 2]
      [GC Worker Start (ms): Min: 91641.3, Avg: 91641.3, Max: 91641.3, Diff: 0.0]
      [Ext Root Scanning (ms): Min: 1.1, Avg: 1.1, Max: 1.1, Diff: 0.0, Sum: 2.2]
      [Code Root Marking (ms): Min: 0.1, Avg: 0.1, Max: 0.1, Diff: 0.0, Sum: 0.1]
      [Update RS (ms): Min: 1.0, Avg: 1.0, Max: 1.0, Diff: 0.0, Sum: 2.0]
         [Processed Buffers: Min: 4, Avg: 5.0, Max: 6, Diff: 2, Sum: 10]
      [Scan RS (ms): Min: 0.0, Avg: 0.0, Max: 0.1, Diff: 0.0, Sum: 0.1]
      [Code Root Scanning (ms): Min: 0.0, Avg: 0.0, Max: 0.0, Diff: 0.0, Sum: 0.0]
      [Object Copy (ms): Min: 15.2, Avg: 15.2, Max: 15.2, Diff: 0.0, Sum: 30.3]
      [Termination (ms): Min: 0.0, Avg: 0.0, Max: 0.0, Diff: 0.0, Sum: 0.0]
      [GC Worker Other (ms): Min: 0.0, Avg: 0.0, Max: 0.0, Diff: 0.0, Sum: 0.1]
      [GC Worker Total (ms): Min: 17.4, Avg: 17.4, Max: 17.4, Diff: 0.0, Sum: 34.8]
      [GC Worker End (ms): Min: 91658.7, Avg: 91658.7, Max: 91658.7, Diff: 0.0]
   [Code Root Fixup: 0.0 ms]
   [Code Root Migration: 0.0 ms]
   [Clear CT: 0.0 ms]
   [Other: 0.4 ms]
      [Choose CSet: 0.0 ms]
      [Ref Proc: 0.0 ms]
      [Ref Enq: 0.0 ms]
      [Free CSet: 0.1 ms]
   [Eden: 26.0M(26.0M)->0.0B(18.0M) Survivors: 9216.0K->5120.0K Heap: 202.0M(256.0M)->192.5M(256.0M)]
 [Times: user=0.06 sys=0.00, real=0.02 secs] 
2014-07-10T16:14:00.676+0200: 91.659: [GC concurrent-root-region-scan-start]
2014-07-10T16:14:00.676+0200: 91.660: [GC concurrent-root-region-scan-end, 0.0000909 secs]
2014-07-10T16:14:00.676+0200: 91.660: [GC concurrent-mark-start]
2014-07-10T16:14:00.680+0200: 91.664: [GC concurrent-mark-end, 0.0035742 secs]
2014-07-10T16:14:00.681+0200: 91.664: [GC remark 2014-07-10T16:14:00.681+0200: 91.664: [GC ref-proc, 0.0000763 secs], 0.0010735 secs]
 [Times: user=0.00 sys=0.00, real=0.00 secs] 
2014-07-10T16:14:00.682+0200: 91.666: [GC cleanup 197M->92M(256M), 0.0007758 secs]
 [Times: user=0.00 sys=0.00, real=0.00 secs] 
2014-07-10T16:14:00.683+0200: 91.666: [GC concurrent-cleanup-start]
2014-07-10T16:14:00.683+0200: 91.667: [GC concurrent-cleanup-end, 0.0002247 secs]
2014-07-10T16:14:00.704+0200: 91.687: [GC pause (young), 0.0129859 secs]
   [Parallel Time: 12.6 ms, GC Workers: 2]
      [GC Worker Start (ms): Min: 91687.4, Avg: 91687.5, Max: 91687.7, Diff: 0.3]
      [Ext Root Scanning (ms): Min: 1.1, Avg: 1.2, Max: 1.3, Diff: 0.2, Sum: 2.4]
      [Update RS (ms): Min: 0.3, Avg: 0.4, Max: 0.5, Diff: 0.2, Sum: 0.8]
         [Processed Buffers: Min: 3, Avg: 3.5, Max: 4, Diff: 1, Sum: 7]
      [Scan RS (ms): Min: 0.0, Avg: 0.0, Max: 0.1, Diff: 0.1, Sum: 0.1]
      [Code Root Scanning (ms): Min: 0.0, Avg: 0.0, Max: 0.0, Diff: 0.0, Sum: 0.0]
      [Object Copy (ms): Min: 10.7, Avg: 10.7, Max: 10.7, Diff: 0.0, Sum: 21.4]
      [Termination (ms): Min: 0.0, Avg: 0.0, Max: 0.0, Diff: 0.0, Sum: 0.0]
      [GC Worker Other (ms): Min: 0.0, Avg: 0.0, Max: 0.0, Diff: 0.0, Sum: 0.1]
      [GC Worker Total (ms): Min: 12.2, Avg: 12.4, Max: 12.5, Diff: 0.3, Sum: 24.7]
      [GC Worker End (ms): Min: 91699.9, Avg: 91699.9, Max: 91699.9, Diff: 0.0]
   [Code Root Fixup: 0.0 ms]
   [Code Root Migration: 0.0 ms]
   [Clear CT: 0.1 ms]
   [Other: 0.2 ms]
      [Choose CSet: 0.0 ms]
      [Ref Proc: 0.1 ms]
      [Ref Enq: 0.0 ms]
      [Free CSet: 0.1 ms]
   [Eden: 18.0M(18.0M)->0.0B(9216.0K) Survivors: 5120.0K->3072.0K Heap: 105.5M(256.0M)->101.0M(256.0M)]
 [Times: user=0.03 sys=0.00, real=0.01 secs] 
2014-07-10T16:14:00.730+0200: 91.713: [GC pause (mixed), 0.0088170 secs]
   [Parallel Time: 8.4 ms, GC Workers: 2]
      [GC Worker Start (ms): Min: 91713.4, Avg: 91713.4, Max: 91713.4, Diff: 0.0]
      [Ext Root Scanning (ms): Min: 1.1, Avg: 1.1, Max: 1.1, Diff: 0.0, Sum: 2.2]
      [Update RS (ms): Min: 0.3, Avg: 0.3, Max: 0.3, Diff: 0.0, Sum: 0.6]
         [Processed Buffers: Min: 1, Avg: 2.5, Max: 4, Diff: 3, Sum: 5]
      [Scan RS (ms): Min: 0.1, Avg: 0.1, Max: 0.1, Diff: 0.0, Sum: 0.2]
      [Code Root Scanning (ms): Min: 0.0, Avg: 0.0, Max: 0.0, Diff: 0.0, Sum: 0.0]
      [Object Copy (ms): Min: 6.8, Avg: 6.8, Max: 6.8, Diff: 0.0, Sum: 13.5]
      [Termination (ms): Min: 0.0, Avg: 0.0, Max: 0.0, Diff: 0.0, Sum: 0.0]
      [GC Worker Other (ms): Min: 0.0, Avg: 0.0, Max: 0.0, Diff: 0.0, Sum: 0.1]
      [GC Worker Total (ms): Min: 8.4, Avg: 8.4, Max: 8.4, Diff: 0.0, Sum: 16.7]
      [GC Worker End (ms): Min: 91721.8, Avg: 91721.8, Max: 91721.8, Diff: 0.0]
   [Code Root Fixup: 0.0 ms]
   [Code Root Migration: 0.0 ms]
   [Clear CT: 0.1 ms]
   [Other: 0.3 ms]
      [Choose CSet: 0.0 ms]
      [Ref Proc: 0.0 ms]
      [Ref Enq: 0.0 ms]
      [Free CSet: 0.1 ms]
   [Eden: 9216.0K(9216.0K)->0.0B(76.0M) Survivors: 3072.0K->2048.0K Heap: 110.0M(256.0M)->94.5M(256.0M)]
 [Times: user=0.03 sys=0.00, real=0.01 secs] 
2014-07-10T16:14:00.865+0200: 91.848: [GC pause (young) (to-space exhausted), 0.0501438 secs]
   [Parallel Time: 48.9 ms, GC Workers: 2]
      [GC Worker Start (ms): Min: 91848.3, Avg: 91848.3, Max: 91848.3, Diff: 0.0]
      [Ext Root Scanning (ms): Min: 1.0, Avg: 1.0, Max: 1.0, Diff: 0.0, Sum: 2.1]
      [Update RS (ms): Min: 0.4, Avg: 0.4, Max: 0.4, Diff: 0.0, Sum: 0.8]
         [Processed Buffers: Min: 1, Avg: 2.5, Max: 4, Diff: 3, Sum: 5]
      [Scan RS (ms): Min: 0.1, Avg: 0.1, Max: 0.1, Diff: 0.0, Sum: 0.2]
      [Code Root Scanning (ms): Min: 0.0, Avg: 0.1, Max: 0.1, Diff: 0.0, Sum: 0.1]
      [Object Copy (ms): Min: 47.3, Avg: 47.3, Max: 47.3, Diff: 0.0, Sum: 94.5]
      [Termination (ms): Min: 0.0, Avg: 0.0, Max: 0.0, Diff: 0.0, Sum: 0.0]
      [GC Worker Other (ms): Min: 0.0, Avg: 0.0, Max: 0.0, Diff: 0.0, Sum: 0.0]
      [GC Worker Total (ms): Min: 48.9, Avg: 48.9, Max: 48.9, Diff: 0.0, Sum: 97.8]
      [GC Worker End (ms): Min: 91897.2, Avg: 91897.2, Max: 91897.2, Diff: 0.0]
   [Code Root Fixup: 0.0 ms]
   [Code Root Migration: 0.0 ms]
   [Clear CT: 0.1 ms]
   [Other: 1.1 ms]
      [Choose CSet: 0.0 ms]
      [Ref Proc: 0.2 ms]
      [Ref Enq: 0.0 ms]
      [Free CSet: 0.1 ms]
   [Eden: 76.0M(76.0M)->0.0B(10.0M) Survivors: 2048.0K->10.0M Heap: 170.5M(256.0M)->209.5M(256.0M)]
 [Times: user=0.09 sys=0.00, real=0.05 secs] 
2014-07-10T16:14:00.930+0200: 91.913: [GC pause (young) (initial-mark), 0.0075859 secs]
   [Parallel Time: 7.3 ms, GC Workers: 2]
      [GC Worker Start (ms): Min: 91913.4, Avg: 91913.4, Max: 91913.4, Diff: 0.0]
      [Ext Root Scanning (ms): Min: 1.1, Avg: 1.1, Max: 1.2, Diff: 0.0, Sum: 2.3]
      [Code Root Marking (ms): Min: 0.0, Avg: 0.1, Max: 0.1, Diff: 0.1, Sum: 0.1]
      [Update RS (ms): Min: 1.0, Avg: 1.0, Max: 1.0, Diff: 0.0, Sum: 2.0]
         [Processed Buffers: Min: 7, Avg: 7.5, Max: 8, Diff: 1, Sum: 15]
      [Scan RS (ms): Min: 0.0, Avg: 0.0, Max: 0.0, Diff: 0.0, Sum: 0.1]
      [Code Root Scanning (ms): Min: 0.0, Avg: 0.0, Max: 0.0, Diff: 0.0, Sum: 0.0]
      [Object Copy (ms): Min: 5.0, Avg: 5.0, Max: 5.0, Diff: 0.0, Sum: 10.0]
      [Termination (ms): Min: 0.0, Avg: 0.0, Max: 0.0, Diff: 0.0, Sum: 0.0]
      [GC Worker Other (ms): Min: 0.0, Avg: 0.0, Max: 0.0, Diff: 0.0, Sum: 0.1]
      [GC Worker Total (ms): Min: 7.2, Avg: 7.2, Max: 7.2, Diff: 0.0, Sum: 14.5]
      [GC Worker End (ms): Min: 91920.6, Avg: 91920.6, Max: 91920.6, Diff: 0.0]
   [Code Root Fixup: 0.0 ms]
   [Code Root Migration: 0.0 ms]
   [Clear CT: 0.0 ms]
   [Other: 0.3 ms]
      [Choose CSet: 0.0 ms]
      [Ref Proc: 0.0 ms]
      [Ref Enq: 0.0 ms]
      [Free CSet: 0.1 ms]
   [Eden: 10.0M(10.0M)->0.0B(10.0M) Survivors: 10.0M->3072.0K Heap: 219.5M(256.0M)->208.5M(256.0M)]
 [Times: user=0.00 sys=0.00, real=0.01 secs] 
2014-07-10T16:14:00.938+0200: 91.921: [GC concurrent-root-region-scan-start]
2014-07-10T16:14:00.938+0200: 91.921: [GC concurrent-root-region-scan-end, 0.0000667 secs]
2014-07-10T16:14:00.938+0200: 91.921: [GC concurrent-mark-start]
2014-07-10T16:14:00.941+0200: 91.924: [GC concurrent-mark-end, 0.0031467 secs]
2014-07-10T16:14:00.941+0200: 91.924: [GC remark 2014-07-10T16:14:00.941+0200: 91.925: [GC ref-proc, 0.0000693 secs], 0.0010790 secs]
 [Times: user=0.00 sys=0.00, real=0.00 secs] 
2014-07-10T16:14:00.942+0200: 91.926: [GC cleanup 211M->67M(256M), 0.0008205 secs]
 [Times: user=0.00 sys=0.00, real=0.00 secs] 
2014-07-10T16:14:00.943+0200: 91.927: [GC concurrent-cleanup-start]
2014-07-10T16:14:00.943+0200: 91.927: [GC concurrent-cleanup-end, 0.0002904 secs]
2014-07-10T16:14:00.953+0200: 91.936: [GC pause (young), 0.0092034 secs]
   [Parallel Time: 9.0 ms, GC Workers: 2]
      [GC Worker Start (ms): Min: 91936.3, Avg: 91936.3, Max: 91936.3, Diff: 0.0]
      [Ext Root Scanning (ms): Min: 1.0, Avg: 1.1, Max: 1.3, Diff: 0.3, Sum: 2.2]
      [Update RS (ms): Min: 0.0, Avg: 0.2, Max: 0.3, Diff: 0.3, Sum: 0.4]
         [Processed Buffers: Min: 2, Avg: 2.5, Max: 3, Diff: 1, Sum: 5]
      [Scan RS (ms): Min: 0.0, Avg: 0.0, Max: 0.0, Diff: 0.0, Sum: 0.0]
      [Code Root Scanning (ms): Min: 0.0, Avg: 0.0, Max: 0.0, Diff: 0.0, Sum: 0.0]
      [Object Copy (ms): Min: 7.6, Avg: 7.6, Max: 7.6, Diff: 0.0, Sum: 15.2]
      [Termination (ms): Min: 0.0, Avg: 0.0, Max: 0.0, Diff: 0.0, Sum: 0.0]
      [GC Worker Other (ms): Min: 0.0, Avg: 0.0, Max: 0.0, Diff: 0.0, Sum: 0.1]
      [GC Worker Total (ms): Min: 8.9, Avg: 8.9, Max: 8.9, Diff: 0.0, Sum: 17.9]
      [GC Worker End (ms): Min: 91945.3, Avg: 91945.3, Max: 91945.3, Diff: 0.0]
   [Code Root Fixup: 0.0 ms]
   [Code Root Migration: 0.0 ms]
   [Clear CT: 0.0 ms]
   [Other: 0.2 ms]
      [Choose CSet: 0.0 ms]
      [Ref Proc: 0.0 ms]
      [Ref Enq: 0.0 ms]
      [Free CSet: 0.0 ms]
   [Eden: 10.0M(10.0M)->0.0B(10.0M) Survivors: 3072.0K->2048.0K Heap: 74.5M(256.0M)->78.0M(256.0M)]
 [Times: user=0.03 sys=0.00, real=0.01 secs] 
2014-07-10T16:14:00.978+0200: 91.961: [GC pause (mixed), 0.0105251 secs]
   [Parallel Time: 10.1 ms, GC Workers: 2]
      [GC Worker Start (ms): Min: 91961.3, Avg: 91961.3, Max: 91961.3, Diff: 0.0]
      [Ext Root Scanning (ms): Min: 1.1, Avg: 1.1, Max: 1.2, Diff: 0.1, Sum: 2.3]
      [Update RS (ms): Min: 0.2, Avg: 0.3, Max: 0.3, Diff: 0.0, Sum: 0.5]
         [Processed Buffers: Min: 1, Avg: 2.5, Max: 4, Diff: 3, Sum: 5]
      [Scan RS (ms): Min: 0.1, Avg: 0.1, Max: 0.1, Diff: 0.0, Sum: 0.2]
      [Code Root Scanning (ms): Min: 0.0, Avg: 0.0, Max: 0.0, Diff: 0.0, Sum: 0.0]
      [Object Copy (ms): Min: 8.5, Avg: 8.5, Max: 8.6, Diff: 0.0, Sum: 17.1]
      [Termination (ms): Min: 0.0, Avg: 0.0, Max: 0.0, Diff: 0.0, Sum: 0.0]
      [GC Worker Other (ms): Min: 0.0, Avg: 0.0, Max: 0.0, Diff: 0.0, Sum: 0.1]
      [GC Worker Total (ms): Min: 10.1, Avg: 10.1, Max: 10.1, Diff: 0.0, Sum: 20.2]
      [GC Worker End (ms): Min: 91971.4, Avg: 91971.4, Max: 91971.4, Diff: 0.0]
   [Code Root Fixup: 0.0 ms]
   [Code Root Migration: 0.0 ms]
   [Clear CT: 0.1 ms]
   [Other: 0.3 ms]
      [Choose CSet: 0.0 ms]
      [Ref Proc: 0.1 ms]
      [Ref Enq: 0.0 ms]
      [Free CSet: 0.1 ms]
   [Eden: 10.0M(10.0M)->0.0B(79.0M) Survivors: 2048.0K->2048.0K Heap: 88.0M(256.0M)->83.0M(256.0M)]
 [Times: user=0.03 sys=0.00, real=0.01 secs] 
2014-07-10T16:14:01.119+0200: 92.102: [GC pause (young), 0.0523182 secs]
   [Parallel Time: 51.8 ms, GC Workers: 2]
      [GC Worker Start (ms): Min: 92102.5, Avg: 92102.5, Max: 92102.5, Diff: 0.0]
      [Ext Root Scanning (ms): Min: 1.1, Avg: 1.2, Max: 1.3, Diff: 0.2, Sum: 2.4]
      [Update RS (ms): Min: 0.6, Avg: 0.9, Max: 1.1, Diff: 0.5, Sum: 1.7]
         [Processed Buffers: Min: 1, Avg: 2.5, Max: 4, Diff: 3, Sum: 5]
      [Scan RS (ms): Min: 0.0, Avg: 0.1, Max: 0.2, Diff: 0.2, Sum: 0.2]
      [Code Root Scanning (ms): Min: 0.0, Avg: 0.0, Max: 0.1, Diff: 0.1, Sum: 0.1]
      [Object Copy (ms): Min: 49.6, Avg: 49.6, Max: 49.6, Diff: 0.0, Sum: 99.1]
      [Termination (ms): Min: 0.0, Avg: 0.0, Max: 0.0, Diff: 0.0, Sum: 0.0]
      [GC Worker Other (ms): Min: 0.0, Avg: 0.0, Max: 0.0, Diff: 0.0, Sum: 0.0]
      [GC Worker Total (ms): Min: 51.8, Avg: 51.8, Max: 51.8, Diff: 0.0, Sum: 103.6]
      [GC Worker End (ms): Min: 92154.3, Avg: 92154.3, Max: 92154.3, Diff: 0.0]
   [Code Root Fixup: 0.0 ms]
   [Code Root Migration: 0.0 ms]
   [Clear CT: 0.1 ms]
   [Other: 0.4 ms]
      [Choose CSet: 0.0 ms]
      [Ref Proc: 0.0 ms]
      [Ref Enq: 0.0 ms]
      [Free CSet: 0.2 ms]
   [Eden: 79.0M(79.0M)->0.0B(32.0M) Survivors: 2048.0K->11.0M Heap: 162.0M(256.0M)->165.0M(256.0M)]
 [Times: user=0.09 sys=0.00, real=0.05 secs] 
2014-07-10T16:14:01.224+0200: 92.207: [GC pause (young) (initial-mark), 0.0222248 secs]
   [Parallel Time: 21.6 ms, GC Workers: 2]
      [GC Worker Start (ms): Min: 92207.3, Avg: 92207.3, Max: 92207.3, Diff: 0.0]
      [Ext Root Scanning (ms): Min: 0.9, Avg: 0.9, Max: 0.9, Diff: 0.0, Sum: 1.8]
      [Code Root Marking (ms): Min: 0.0, Avg: 0.1, Max: 0.1, Diff: 0.0, Sum: 0.1]
      [Update RS (ms): Min: 1.0, Avg: 1.0, Max: 1.0, Diff: 0.0, Sum: 2.1]
         [Processed Buffers: Min: 5, Avg: 6.0, Max: 7, Diff: 2, Sum: 12]
      [Scan RS (ms): Min: 0.1, Avg: 0.1, Max: 0.1, Diff: 0.0, Sum: 0.1]
      [Code Root Scanning (ms): Min: 0.0, Avg: 0.0, Max: 0.0, Diff: 0.0, Sum: 0.1]
      [Object Copy (ms): Min: 19.4, Avg: 19.4, Max: 19.4, Diff: 0.0, Sum: 38.8]
      [Termination (ms): Min: 0.0, Avg: 0.0, Max: 0.0, Diff: 0.0, Sum: 0.0]
      [GC Worker Other (ms): Min: 0.0, Avg: 0.0, Max: 0.0, Diff: 0.0, Sum: 0.1]
